06-03 17:41:32.277 D/MSimSignalClusterView( 2940): wifi: VISIBLE sig=2130838352 act=2130838343
06-03 17:41:32.278 D/MSimSignalClusterView( 2940): mobile[1]: VISIBLE sig=2130838329 type=0
06-03 17:41:32.278 D/StatusBar.MSimNetworkController( 2940): refreshSignalCluster, mMSimPhoneSignalIconId[0]=com.android.systemui:drawable/stat_sys_signal_null mMSimDataSignalIconId[0]=com.android.systemui:drawable/stat_sys_signal_null mMSimDataTypeIconId[0]=(null) mMSimMobileActivityIconId[0]=(null) mNoMSimIconId[0]=com.android.systemui:drawable/ic_qs_no_sim
06-03 17:41:32.278 D/MSimSignalClusterView( 2940): wifi: VISIBLE sig=2130838352 act=2130838343
06-03 17:41:32.278 D/MSimSignalClusterView( 2940): mobile[0]: VISIBLE sig=2130838329 type=0
06-03 17:41:32.278 D/MSimSignalClusterView( 2940): wifi: VISIBLE sig=2130838352 act=2130838343
06-03 17:41:32.285 D/MSimSignalClusterView( 2940): mobile[1]: VISIBLE sig=2130838329 type=0
06-03 17:41:32.285 D/MSimSignalClusterView( 2940): wifi: VISIBLE sig=2130838352 act=2130838343
06-03 17:41:32.286 D/MSimSignalClusterView( 2940): mobile[0]: VISIBLE sig=2130838329 type=0
06-03 17:41:32.286 D/MSimSignalClusterView( 2940): wifi: VISIBLE sig=2130838352 act=2130838343
06-03 17:41:32.287 D/MSimSignalClusterView( 2940): mobile[0]: VISIBLE sig=2130838329 type=0
06-03 17:41:32.287 D/MSimSignalClusterView( 2940): wifi: VISIBLE sig=2130838352 act=2130838343
06-03 17:41:32.287 D/MSimSignalClusterView( 2940): mobile[0]: VISIBLE sig=2130838329 type=0
06-03 17:41:32.287 D/MSimSignalClusterView( 2940): wifi: VISIBLE sig=2130838352 act=2130838343
06-03 17:41:32.287 D/MSimSignalClusterView( 2940): mobile[1]: VISIBLE sig=2130838329 type=0
06-03 17:41:32.287 D/StatusBar.MSimNetworkController( 2940): refreshSignalCluster, mMSimPhoneSignalIconId[0]=com.android.systemui:drawable/stat_sys_signal_null mMSimDataSignalIconId[0]=com.android.systemui:drawable/stat_sys_signal_null mMSimDataTypeIconId[0]=(null) mMSimMobileActivityIconId[0]=(null) mNoMSimIconId[0]=com.android.systemui:drawable/ic_qs_no_sim
06-03 17:41:32.288 D/MSimSignalClusterView( 2940): wifi: VISIBLE sig=2130838352 act=2130838343
06-03 17:41:32.288 D/MSimSignalClusterView( 2940): mobile[0]: VISIBLE sig=2130838329 type=0
06-03 17:41:32.288 D/MSimSignalClusterView( 2940): wifi: VISIBLE sig=2130838352 act=2130838343
06-03 17:41:32.288 D/MSimSignalClusterView( 2940): mobile[1]: VISIBLE sig=2130838329 type=0
06-03 17:41:32.288 D/MSimSignalClusterView( 2940): wifi: VISIBLE sig=2130838352 act=2130838343
06-03 17:41:32.289 D/MSimSignalClusterView( 2940): mobile[0]: VISIBLE sig=2130838329 type=0
06-03 17:41:32.289 D/MSimSignalClusterView( 2940): wifi: VISIBLE sig=2130838352 act=2130838343
06-03 17:41:32.289 D/MSimSignalClusterView( 2940): mobile[0]: VISIBLE sig=2130838329 type=0
06-03 17:41:32.289 D/MSimSignalClusterView( 2940): wifi: VISIBLE sig=2130838352 act=2130838343
06-03 17:41:32.289 D/MSimSignalClusterView( 2940): mobile[0]: VISIBLE sig=2130838329 type=0
06-03 17:41:32.289 D/MSimSignalClusterView( 2940): wifi: VISIBLE sig=2130838352 act=2130838343
06-03 17:41:32.289 D/MSimSignalClusterView( 2940): mobile[1]: VISIBLE sig=2130838329 type=0
06-03 17:41:32.290 D/StatusBar.MSimNetworkController( 2940): refreshSignalCluster, mMSimPhoneSignalIconId[0]=com.android.systemui:drawable/stat_sys_signal_null mMSimDataSignalIconId[0]=com.android.systemui:drawable/stat_sys_signal_null mMSimDataTypeIconId[0]=(null) mMSimMobileActivityIconId[0]=(null) mNoMSimIconId[0]=com.android.systemui:drawable/ic_qs_no_sim
06-03 17:41:32.290 D/MSimSignalClusterView( 2940): wifi: VISIBLE sig=2130838352 act=2130838343
06-03 17:41:32.290 D/MSimSignalClusterView( 2940): mobile[0]: VISIBLE sig=2130838329 type=0
06-03 17:41:32.290 D/MSimSignalClusterView( 2940): wifi: VISIBLE sig=2130838352 act=2130838343
06-03 17:41:32.290 D/MSimSignalClusterView( 2940): mobile[1]: VISIBLE sig=2130838329 type=0
06-03 17:41:32.290 D/MSimSignalClusterView( 2940): wifi: VISIBLE sig=2130838352 act=2130838343
06-03 17:41:32.290 D/MSimSignalClusterView( 2940): mobile[0]: VISIBLE sig=2130838329 type=0
06-03 17:41:32.290 D/MSimSignalClusterView( 2940): wifi: VISIBLE sig=2130838352 act=2130838343
06-03 17:41:32.291 D/MSimSignalClusterView( 2940): mobile[0]: VISIBLE sig=2130838329 type=0
06-03 17:41:32.291 D/MSimSignalClusterView( 2940): wifi: VISIBLE sig=2130838352 act=2130838343
06-03 17:41:32.291 D/MSimSignalClusterView( 2940): mobile[0]: VISIBLE sig=2130838329 type=0
06-03 17:41:32.291 D/MSimSignalClusterView( 2940): wifi: VISIBLE sig=2130838352 act=2130838343
06-03 17:41:32.291 D/MSimSignalClusterView( 2940): mobile[1]: VISIBLE sig=2130838329 type=0
06-03 17:41:32.292 D/StatusBar.MSimNetworkController( 2940): refreshSignalCluster, mMSimPhoneSignalIconId[0]=com.android.systemui:drawable/stat_sys_signal_null mMSimDataSignalIconId[0]=com.android.systemui:drawable/stat_sys_signal_null mMSimDataTypeIconId[0]=(null) mMSimMobileActivityIconId[0]=(null) mNoMSimIconId[0]=com.android.systemui:drawable/ic_qs_no_sim
06-03 17:41:32.293 V/WLAN_PSA(  314): NL MSG, len[4026], NL type[0x1C] WNI type[0x5900] len[41487]
06-03 17:41:32.293 V/WLAN_PSA(  314): NL MSG, PID: 314
06-03 17:41:33.290 D/BatteryMeterView( 2940): not on charging...
06-03 17:41:33.294 D/BatteryMeterView( 2940): not on charging...
06-03 17:41:33.295 D/BatteryMeterView( 2940): not on charging...
06-03 17:41:33.301 D/BatteryMeterView( 2940): onDraw level = 10
06-03 17:41:33.317 D/BatteryMeterView( 2940): onDraw level = 10
06-03 17:41:33.337 I/SurfaceFlinger(  262): FPS: 4
06-03 17:41:33.497 E/WifiStateMachine(  775): WifiStateMachine CMD_START_SCAN source -2 txSuccessRate=57.58 rxSuccessRate=47.01 targetRoamBSSID=any RSSI=-58
06-03 17:41:35.284 D/wpa_supplicant(17726): wlan0: Control interface command 'SIGNAL_POLL'
06-03 17:41:35.306 D/StatusBar.MSimNetworkController( 2940): refreshViews phoneId =0mMSimDataConnected =false
06-03 17:41:35.306 D/StatusBar.MSimNetworkController( 2940): refreshViews mMSimDataActivity =0
06-03 17:41:35.310 D/StatusBar.MSimNetworkController( 2940): refreshViews: Data not connected!! Set no data type icon / Roaming for phoneId: 0
06-03 17:41:35.311 D/StatusBar.MSimNetworkController( 2940): refreshViews connected={ wifi } level=3 mMSimcombinedSignalIconId=0x7f020352/com.android.systemui:drawable/stat_sys_wifi_signal_4_fully mMSimcombinedActivityIconId=0x7f020347 mAirplaneMode=false mMSimDataActivity=0 mMSimPhoneSignalIconId=0x7f020339/com.android.systemui:drawable/stat_sys_signal_null mMSimDataDirectionIconId=0x0 mMSimDataSignalIconId=0x7f020339 mMSimDataTypeIconId=0x0/(null) mNoMSimIconId=0x7f02009a/com.android.systemui:drawable/ic_qs_no_sim mMSimMobileActivityIconId=0x0/(null) mWifiIconId=0x7f020352 mBluetoothTetherIconId=0x10806a2
06-03 17:41:35.312 D/MSimSignalClusterView( 2940): wifi: VISIBLE sig=2130838354 act=2130838343
06-03 17:41:35.312 D/MSimSignalClusterView( 2940): mobile[0]: VISIBLE sig=2130838329 type=0
06-03 17:41:35.312 D/MSimSignalClusterView( 2940): wifi: VISIBLE sig=2130838354 act=2130838343
06-03 17:41:35.313 D/MSimSignalClusterView( 2940): mobile[1]: VISIBLE sig=2130838329 type=0
06-03 17:41:35.313 D/MSimSignalClusterView( 2940): wifi: VISIBLE sig=2130838354 act=2130838343
06-03 17:41:35.313 D/MSimSignalClusterView( 2940): mobile[0]: VISIBLE sig=2130838329 type=0
06-03 17:41:35.313 D/MSimSignalClusterView( 2940): wifi: VISIBLE sig=2130838354 act=2130838343
06-03 17:41:35.313 D/MSimSignalClusterView( 2940): mobile[0]: VISIBLE sig=2130838329 type=0
06-03 17:41:35.313 D/MSimSignalClusterView( 2940): wifi: VISIBLE sig=2130838354 act=2130838343
06-03 17:41:35.314 D/MSimSignalClusterView( 2940): mobile[0]: VISIBLE sig=2130838329 type=0
06-03 17:41:35.314 D/MSimSignalClusterView( 2940): wifi: VISIBLE sig=2130838354 act=2130838343
06-03 17:41:35.314 D/MSimSignalClusterView( 2940): mobile[1]: VISIBLE sig=2130838329 type=0
06-03 17:41:35.314 D/StatusBar.MSimNetworkController( 2940): refreshSignalCluster, mMSimPhoneSignalIconId[0]=com.android.systemui:drawable/stat_sys_signal_null mMSimDataSignalIconId[0]=com.android.systemui:drawable/stat_sys_signal_null mMSimDataTypeIconId[0]=(null) mMSimMobileActivityIconId[0]=(null) mNoMSimIconId[0]=com.android.systemui:drawable/ic_qs_no_sim
06-03 17:41:35.314 D/MSimSignalClusterView( 2940): wifi: VISIBLE sig=2130838354 act=2130838343
06-03 17:41:35.315 D/MSimSignalClusterView( 2940): mobile[0]: VISIBLE sig=2130838329 type=0
06-03 17:41:35.315 D/MSimSignalClusterView( 2940): wifi: VISIBLE sig=2130838354 act=2130838343
06-03 17:41:35.315 D/MSimSignalClusterView( 2940): mobile[1]: VISIBLE sig=2130838329 type=0
06-03 17:41:35.315 D/MSimSignalClusterView( 2940): wifi: VISIBLE sig=2130838354 act=2130838343
06-03 17:41:35.315 D/MSimSignalClusterView( 2940): mobile[0]: VISIBLE sig=2130838329 type=0
06-03 17:41:35.315 D/MSimSignalClusterView( 2940): wifi: VISIBLE sig=2130838354 act=2130838343
06-03 17:41:35.323 D/MSimSignalClusterView( 2940): mobile[0]: VISIBLE sig=2130838329 type=0
06-03 17:41:35.323 D/MSimSignalClusterView( 2940): wifi: VISIBLE sig=2130838354 act=2130838343
06-03 17:41:35.324 D/MSimSignalClusterView( 2940): mobile[0]: VISIBLE sig=2130838329 type=0
06-03 17:41:35.324 D/MSimSignalClusterView( 2940): wifi: VISIBLE sig=2130838354 act=2130838343
06-03 17:41:35.324 D/MSimSignalClusterView( 2940): mobile[1]: VISIBLE sig=2130838329 type=0
06-03 17:41:35.324 D/StatusBar.MSimNetworkController( 2940): refreshSignalCluster, mMSimPhoneSignalIconId[0]=com.android.systemui:drawable/stat_sys_signal_null mMSimDataSignalIconId[0]=com.android.systemui:drawable/stat_sys_signal_null mMSimDataTypeIconId[0]=(null) mMSimMobileActivityIconId[0]=(null) mNoMSimIconId[0]=com.android.systemui:drawable/ic_qs_no_sim
06-03 17:41:35.324 D/MSimSignalClusterView( 2940): wifi: VISIBLE sig=2130838354 act=2130838343
06-03 17:41:35.324 D/MSimSignalClusterView( 2940): mobile[0]: VISIBLE sig=2130838329 type=0
06-03 17:41:35.324 D/MSimSignalClusterView( 2940): wifi: VISIBLE sig=2130838354 act=2130838343
06-03 17:41:35.325 D/MSimSignalClusterView( 2940): mobile[1]: VISIBLE sig=2130838329 type=0
06-03 17:41:35.325 D/MSimSignalClusterView( 2940): wifi: VISIBLE sig=2130838354 act=2130838343
06-03 17:41:35.325 D/MSimSignalClusterView( 2940): mobile[0]: VISIBLE sig=2130838329 type=0
06-03 17:41:35.325 D/MSimSignalClusterView( 2940): wifi: VISIBLE sig=2130838354 act=2130838343
06-03 17:41:35.325 D/MSimSignalClusterView( 2940): mobile[0]: VISIBLE sig=2130838329 type=0
06-03 17:41:35.325 D/MSimSignalClusterView( 2940): wifi: VISIBLE sig=2130838354 act=2130838343
06-03 17:41:35.325 D/MSimSignalClusterView( 2940): mobile[0]: VISIBLE sig=2130838329 type=0
06-03 17:41:35.326 D/MSimSignalClusterView( 2940): wifi: VISIBLE sig=2130838354 act=2130838343
06-03 17:41:35.326 D/MSimSignalClusterView( 2940): mobile[1]: VISIBLE sig=2130838329 type=0
06-03 17:41:35.327 D/StatusBar.MSimNetworkController( 2940): refreshSignalCluster, mMSimPhoneSignalIconId[0]=com.android.systemui:drawable/stat_sys_signal_null mMSimDataSignalIconId[0]=com.android.systemui:drawable/stat_sys_signal_null mMSimDataTypeIconId[0]=(null) mMSimMobileActivityIconId[0]=(null) mNoMSimIconId[0]=com.android.systemui:drawable/ic_qs_no_sim
06-03 17:41:35.328 D/MSimSignalClusterView( 2940): wifi: VISIBLE sig=2130838354 act=2130838343
06-03 17:41:35.328 D/MSimSignalClusterView( 2940): mobile[0]: VISIBLE sig=2130838329 type=0
06-03 17:41:35.328 D/MSimSignalClusterView( 2940): wifi: VISIBLE sig=2130838354 act=2130838343
06-03 17:41:35.328 D/MSimSignalClusterView( 2940): mobile[1]: VISIBLE sig=2130838329 type=0
06-03 17:41:35.328 D/MSimSignalClusterView( 2940): wifi: VISIBLE sig=2130838354 act=2130838343
06-03 17:41:35.328 D/MSimSignalClusterView( 2940): mobile[0]: VISIBLE sig=2130838329 type=0
06-03 17:41:35.329 D/MSimSignalClusterView( 2940): wifi: VISIBLE sig=2130838354 act=2130838343
06-03 17:41:35.329 D/MSimSignalClusterView( 2940): mobile[0]: VISIBLE sig=2130838329 type=0
06-03 17:41:35.329 D/MSimSignalClusterView( 2940): wifi: VISIBLE sig=2130838354 act=2130838343
06-03 17:41:35.329 D/MSimSignalClusterView( 2940): mobile[0]: VISIBLE sig=2130838329 type=0
06-03 17:41:35.329 D/MSimSignalClusterView( 2940): wifi: VISIBLE sig=2130838354 act=2130838343
06-03 17:41:35.330 D/MSimSignalClusterView( 2940): mobile[1]: VISIBLE sig=2130838329 type=0
06-03 17:41:35.330 D/StatusBar.MSimNetworkController( 2940): refreshSignalCluster, mMSimPhoneSignalIconId[0]=com.android.systemui:drawable/stat_sys_signal_null mMSimDataSignalIconId[0]=com.android.systemui:drawable/stat_sys_signal_null mMSimDataTypeIconId[0]=(null) mMSimMobileActivityIconId[0]=(null) mNoMSimIconId[0]=com.android.systemui:drawable/ic_qs_no_sim
06-03 17:41:35.357 I/SurfaceFlinger(  262): FPS: 3
06-03 17:41:35.461 D/BatteryMeterView( 2940): not on charging...
06-03 17:41:35.466 D/BatteryMeterView( 2940): not on charging...
06-03 17:41:35.466 D/BatteryMeterView( 2940): not on charging...
06-03 17:41:35.480 D/BatteryMeterView( 2940): onDraw level = 10
06-03 17:41:35.498 D/BatteryMeterView( 2940): onDraw level = 10
06-03 17:41:36.550 D/BatteryMeterView( 2940): not on charging...
06-03 17:41:36.561 D/BatteryMeterView( 2940): not on charging...
06-03 17:41:36.563 D/BatteryMeterView( 2940): not on charging...
06-03 17:41:36.565 D/BatteryMeterView( 2940): onDraw level = 10
06-03 17:41:36.580 D/BatteryMeterView( 2940): onDraw level = 10
06-03 17:41:36.600 I/SurfaceFlinger(  262): FPS: 4
06-03 17:41:37.640 D/BatteryMeterView( 2940): not on charging...
06-03 17:41:37.643 D/BatteryMeterView( 2940): not on charging...
06-03 17:41:37.644 D/BatteryMeterView( 2940): not on charging...
06-03 17:41:37.648 D/BatteryMeterView( 2940): onDraw level = 10
06-03 17:41:37.664 D/BatteryMeterView( 2940): onDraw level = 10
06-03 17:41:37.683 I/SurfaceFlinger(  262): FPS: 3
06-03 17:41:38.122 V/WLAN_PSA(  314): NL MSG, len[4060], NL type[0x1C] WNI type[0x5900] len[50191]
06-03 17:41:38.122 V/WLAN_PSA(  314): NL MSG, PID: 314
06-03 17:41:38.315 D/wpa_supplicant(17726): wlan0: Control interface command 'SIGNAL_POLL'
06-03 17:41:38.321 D/StatusBar.MSimNetworkController( 2940): refreshViews phoneId =0mMSimDataConnected =false
06-03 17:41:38.321 D/StatusBar.MSimNetworkController( 2940): refreshViews mMSimDataActivity =0
06-03 17:41:38.325 D/StatusBar.MSimNetworkController( 2940): refreshViews: Data not connected!! Set no data type icon / Roaming for phoneId: 0
06-03 17:41:38.325 D/StatusBar.MSimNetworkController( 2940): refreshViews connected={ wifi } level=3 mMSimcombinedSignalIconId=0x7f020350/com.android.systemui:drawable/stat_sys_wifi_signal_3_fully mMSimcombinedActivityIconId=0x7f020347 mAirplaneMode=false mMSimDataActivity=0 mMSimPhoneSignalIconId=0x7f020339/com.android.systemui:drawable/stat_sys_signal_null mMSimDataDirectionIconId=0x0 mMSimDataSignalIconId=0x7f020339 mMSimDataTypeIconId=0x0/(null) mNoMSimIconId=0x7f02009a/com.android.systemui:drawable/ic_qs_no_sim mMSimMobileActivityIconId=0x0/(null) mWifiIconId=0x7f020350 mBluetoothTetherIconId=0x10806a2
06-03 17:41:38.328 D/MSimSignalClusterView( 2940): wifi: VISIBLE sig=2130838352 act=2130838343
06-03 17:41:38.328 D/MSimSignalClusterView( 2940): mobile[0]: VISIBLE sig=2130838329 type=0
06-03 17:41:38.328 D/MSimSignalClusterView( 2940): wifi: VISIBLE sig=2130838352 act=2130838343
06-03 17:41:38.329 D/MSimSignalClusterView( 2940): mobile[1]: VISIBLE sig=2130838329 type=0
06-03 17:41:38.329 D/MSimSignalClusterView( 2940): wifi: VISIBLE sig=2130838352 act=2130838343
06-03 17:41:38.331 D/MSimSignalClusterView( 2940): mobile[0]: VISIBLE sig=2130838329 type=0
06-03 17:41:38.331 D/MSimSignalClusterView( 2940): wifi: VISIBLE sig=2130838352 act=2130838343
06-03 17:41:38.331 D/MSimSignalClusterView( 2940): mobile[0]: VISIBLE sig=2130838329 type=0
06-03 17:41:38.332 D/MSimSignalClusterView( 2940): wifi: VISIBLE sig=2130838352 act=2130838343
06-03 17:41:38.332 D/MSimSignalClusterView( 2940): mobile[0]: VISIBLE sig=2130838329 type=0
06-03 17:41:38.332 D/MSimSignalClusterView( 2940): wifi: VISIBLE sig=2130838352 act=2130838343
06-03 17:41:38.333 D/MSimSignalClusterView( 2940): mobile[1]: VISIBLE sig=2130838329 type=0
06-03 17:41:38.333 D/StatusBar.MSimNetworkController( 2940): refreshSignalCluster, mMSimPhoneSignalIconId[0]=com.android.systemui:drawable/stat_sys_signal_null mMSimDataSignalIconId[0]=com.android.systemui:drawable/stat_sys_signal_null mMSimDataTypeIconId[0]=(null) mMSimMobileActivityIconId[0]=(null) mNoMSimIconId[0]=com.android.systemui:drawable/ic_qs_no_sim
06-03 17:41:38.333 D/MSimSignalClusterView( 2940): wifi: VISIBLE sig=2130838352 act=2130838343
06-03 17:41:38.333 D/MSimSignalClusterView( 2940): mobile[0]: VISIBLE sig=2130838329 type=0
06-03 17:41:38.334 D/MSimSignalClusterView( 2940): wifi: VISIBLE sig=2130838352 act=2130838343
06-03 17:41:38.334 D/MSimSignalClusterView( 2940): mobile[1]: VISIBLE sig=2130838329 type=0
06-03 17:41:38.334 D/MSimSignalClusterView( 2940): wifi: VISIBLE sig=2130838352 act=2130838343
06-03 17:41:38.334 D/MSimSignalClusterView( 2940): mobile[0]: VISIBLE sig=2130838329 type=0
06-03 17:41:38.335 D/MSimSignalClusterView( 2940): wifi: VISIBLE sig=2130838352 act=2130838343
06-03 17:41:38.335 D/MSimSignalClusterView( 2940): mobile[0]: VISIBLE sig=2130838329 type=0
06-03 17:41:38.335 D/MSimSignalClusterView( 2940): wifi: VISIBLE sig=2130838352 act=2130838343
06-03 17:41:38.335 D/MSimSignalClusterView( 2940): mobile[0]: VISIBLE sig=2130838329 type=0
06-03 17:41:38.335 D/MSimSignalClusterView( 2940): wifi: VISIBLE sig=2130838352 act=2130838343
06-03 17:41:38.336 D/MSimSignalClusterView( 2940): mobile[1]: VISIBLE sig=2130838329 type=0
06-03 17:41:38.336 D/StatusBar.MSimNetworkController( 2940): refreshSignalCluster, mMSimPhoneSignalIconId[0]=com.android.systemui:drawable/stat_sys_signal_null mMSimDataSignalIconId[0]=com.android.systemui:drawable/stat_sys_signal_null mMSimDataTypeIconId[0]=(null) mMSimMobileActivityIconId[0]=(null) mNoMSimIconId[0]=com.android.systemui:drawable/ic_qs_no_sim
06-03 17:41:38.337 D/MSimSignalClusterView( 2940): wifi: VISIBLE sig=2130838352 act=2130838343
06-03 17:41:38.337 D/MSimSignalClusterView( 2940): mobile[0]: VISIBLE sig=2130838329 type=0
06-03 17:41:38.337 D/MSimSignalClusterView( 2940): wifi: VISIBLE sig=2130838352 act=2130838343
06-03 17:41:38.337 D/MSimSignalClusterView( 2940): mobile[1]: VISIBLE sig=2130838329 type=0
06-03 17:41:38.337 D/MSimSignalClusterView( 2940): wifi: VISIBLE sig=2130838352 act=2130838343
06-03 17:41:38.338 D/MSimSignalClusterView( 2940): mobile[0]: VISIBLE sig=2130838329 type=0
06-03 17:41:38.338 D/MSimSignalClusterView( 2940): wifi: VISIBLE sig=2130838352 act=2130838343
06-03 17:41:38.338 D/MSimSignalClusterView( 2940): mobile[0]: VISIBLE sig=2130838329 type=0
06-03 17:41:38.338 D/MSimSignalClusterView( 2940): wifi: VISIBLE sig=2130838352 act=2130838343
06-03 17:41:38.339 D/MSimSignalClusterView( 2940): mobile[0]: VISIBLE sig=2130838329 type=0
06-03 17:41:38.339 D/MSimSignalClusterView( 2940): wifi: VISIBLE sig=2130838352 act=2130838343
06-03 17:41:38.339 D/MSimSignalClusterView( 2940): mobile[1]: VISIBLE sig=2130838329 type=0
06-03 17:41:38.339 D/StatusBar.MSimNetworkController( 2940): refreshSignalCluster, mMSimPhoneSignalIconId[0]=com.android.systemui:drawable/stat_sys_signal_null mMSimDataSignalIconId[0]=com.android.systemui:drawable/stat_sys_signal_null mMSimDataTypeIconId[0]=(null) mMSimMobileActivityIconId[0]=(null) mNoMSimIconId[0]=com.android.systemui:drawable/ic_qs_no_sim
06-03 17:41:38.339 D/MSimSignalClusterView( 2940): wifi: VISIBLE sig=2130838352 act=2130838343
06-03 17:41:38.340 D/MSimSignalClusterView( 2940): mobile[0]: VISIBLE sig=2130838329 type=0
06-03 17:41:38.340 D/MSimSignalClusterView( 2940): wifi: VISIBLE sig=2130838352 act=2130838343
06-03 17:41:38.340 D/MSimSignalClusterView( 2940): mobile[1]: VISIBLE sig=2130838329 type=0
06-03 17:41:38.340 D/MSimSignalClusterView( 2940): wifi: VISIBLE sig=2130838352 act=2130838343
06-03 17:41:38.340 D/MSimSignalClusterView( 2940): mobile[0]: VISIBLE sig=2130838329 type=0
06-03 17:41:38.340 D/MSimSignalClusterView( 2940): wifi: VISIBLE sig=2130838352 act=2130838343
06-03 17:41:38.341 D/MSimSignalClusterView( 2940): mobile[0]: VISIBLE sig=2130838329 type=0
06-03 17:41:38.341 D/MSimSignalClusterView( 2940): wifi: VISIBLE sig=2130838352 act=2130838343
06-03 17:41:38.341 D/MSimSignalClusterView( 2940): mobile[0]: VISIBLE sig=2130838329 type=0
06-03 17:41:38.342 D/MSimSignalClusterView( 2940): wifi: VISIBLE sig=2130838352 act=2130838343
06-03 17:41:38.342 D/MSimSignalClusterView( 2940): mobile[1]: VISIBLE sig=2130838329 type=0
06-03 17:41:38.343 D/StatusBar.MSimNetworkController( 2940): refreshSignalCluster, mMSimPhoneSignalIconId[0]=com.android.systemui:drawable/stat_sys_signal_null mMSimDataSignalIconId[0]=com.android.systemui:drawable/stat_sys_signal_null mMSimDataTypeIconId[0]=(null) mMSimMobileActivityIconId[0]=(null) mNoMSimIconId[0]=com.android.systemui:drawable/ic_qs_no_sim
06-03 17:41:38.724 D/BatteryMeterView( 2940): not on charging...
06-03 17:41:38.725 D/BatteryMeterView( 2940): not on charging...
06-03 17:41:38.726 D/BatteryMeterView( 2940): not on charging...
06-03 17:41:38.730 D/BatteryMeterView( 2940): onDraw level = 10
06-03 17:41:38.747 D/BatteryMeterView( 2940): onDraw level = 10
06-03 17:41:38.753 I/SurfaceFlinger(  262): FPS: 5
06-03 17:41:39.820 D/BatteryMeterView( 2940): not on charging...
06-03 17:41:39.827 D/BatteryMeterView( 2940): not on charging...
06-03 17:41:39.828 D/BatteryMeterView( 2940): not on charging...
06-03 17:41:39.836 D/BatteryMeterView( 2940): onDraw level = 10
06-03 17:41:39.852 D/BatteryMeterView( 2940): onDraw level = 10
06-03 17:41:39.871 I/SurfaceFlinger(  262): FPS: 3
06-03 17:41:40.903 D/BatteryMeterView( 2940): not on charging...
06-03 17:41:40.920 D/BatteryMeterView( 2940): onDraw level = 10
06-03 17:41:40.922 D/BatteryMeterView( 2940): not on charging...
06-03 17:41:40.924 D/BatteryMeterView( 2940): not on charging...
06-03 17:41:40.934 D/BatteryMeterView( 2940): onDraw level = 10
06-03 17:41:40.953 I/SurfaceFlinger(  262): FPS: 3
06-03 17:41:41.327 D/wpa_supplicant(17726): wlan0: Control interface command 'SIGNAL_POLL'
06-03 17:41:41.330 V/WLAN_PSA(  314): NL MSG, len[4079], NL type[0x1C] WNI type[0x5900] len[55055]
06-03 17:41:41.330 V/WLAN_PSA(  314): NL MSG, PID: 314
06-03 17:41:41.334 D/StatusBar.MSimNetworkController( 2940): refreshViews phoneId =0mMSimDataConnected =false
06-03 17:41:41.334 D/StatusBar.MSimNetworkController( 2940): refreshViews mMSimDataActivity =0
06-03 17:41:41.338 D/StatusBar.MSimNetworkController( 2940): refreshViews: Data not connected!! Set no data type icon / Roaming for phoneId: 0
06-03 17:41:41.339 D/StatusBar.MSimNetworkController( 2940): refreshViews connected={ wifi } level=3 mMSimcombinedSignalIconId=0x7f02034e/com.android.systemui:drawable/stat_sys_wifi_signal_2_fully mMSimcombinedActivityIconId=0x7f020347 mAirplaneMode=false mMSimDataActivity=0 mMSimPhoneSignalIconId=0x7f020339/com.android.systemui:drawable/stat_sys_signal_null mMSimDataDirectionIconId=0x0 mMSimDataSignalIconId=0x7f020339 mMSimDataTypeIconId=0x0/(null) mNoMSimIconId=0x7f02009a/com.android.systemui:drawable/ic_qs_no_sim mMSimMobileActivityIconId=0x0/(null) mWifiIconId=0x7f02034e mBluetoothTetherIconId=0x10806a2
06-03 17:41:41.342 D/MSimSignalClusterView( 2940): wifi: VISIBLE sig=2130838350 act=2130838343
06-03 17:41:41.344 D/MSimSignalClusterView( 2940): mobile[0]: VISIBLE sig=2130838329 type=0
06-03 17:41:41.344 D/MSimSignalClusterView( 2940): wifi: VISIBLE sig=2130838350 act=2130838343
06-03 17:41:41.345 D/MSimSignalClusterView( 2940): mobile[1]: VISIBLE sig=2130838329 type=0
06-03 17:41:41.345 D/MSimSignalClusterView( 2940): wifi: VISIBLE sig=2130838350 act=2130838343
06-03 17:41:41.345 D/MSimSignalClusterView( 2940): mobile[0]: VISIBLE sig=2130838329 type=0
06-03 17:41:41.345 D/MSimSignalClusterView( 2940): wifi: VISIBLE sig=2130838350 act=2130838343
06-03 17:41:41.345 D/MSimSignalClusterView( 2940): mobile[0]: VISIBLE sig=2130838329 type=0
06-03 17:41:41.346 D/MSimSignalClusterView( 2940): wifi: VISIBLE sig=2130838350 act=2130838343
06-03 17:41:41.346 D/MSimSignalClusterView( 2940): mobile[0]: VISIBLE sig=2130838329 type=0
06-03 17:41:41.346 D/MSimSignalClusterView( 2940): wifi: VISIBLE sig=2130838350 act=2130838343
06-03 17:41:41.346 D/MSimSignalClusterView( 2940): mobile[1]: VISIBLE sig=2130838329 type=0
06-03 17:41:41.346 D/StatusBar.MSimNetworkController( 2940): refreshSignalCluster, mMSimPhoneSignalIconId[0]=com.android.systemui:drawable/stat_sys_signal_null mMSimDataSignalIconId[0]=com.android.systemui:drawable/stat_sys_signal_null mMSimDataTypeIconId[0]=(null) mMSimMobileActivityIconId[0]=(null) mNoMSimIconId[0]=com.android.systemui:drawable/ic_qs_no_sim
06-03 17:41:41.347 D/MSimSignalClusterView( 2940): wifi: VISIBLE sig=2130838350 act=2130838343
06-03 17:41:41.347 D/MSimSignalClusterView( 2940): mobile[0]: VISIBLE sig=2130838329 type=0
06-03 17:41:41.348 D/MSimSignalClusterView( 2940): wifi: VISIBLE sig=2130838350 act=2130838343
06-03 17:41:41.348 D/MSimSignalClusterView( 2940): mobile[1]: VISIBLE sig=2130838329 type=0
06-03 17:41:41.348 D/MSimSignalClusterView( 2940): wifi: VISIBLE sig=2130838350 act=2130838343
06-03 17:41:41.348 D/MSimSignalClusterView( 2940): mobile[0]: VISIBLE sig=2130838329 type=0
06-03 17:41:41.349 D/MSimSignalClusterView( 2940): wifi: VISIBLE sig=2130838350 act=2130838343
06-03 17:41:41.349 D/MSimSignalClusterView( 2940): mobile[0]: VISIBLE sig=2130838329 type=0
06-03 17:41:41.349 D/MSimSignalClusterView( 2940): wifi: VISIBLE sig=2130838350 act=2130838343
06-03 17:41:41.349 D/MSimSignalClusterView( 2940): mobile[0]: VISIBLE sig=2130838329 type=0
06-03 17:41:41.350 D/MSimSignalClusterView( 2940): wifi: VISIBLE sig=2130838350 act=2130838343
06-03 17:41:41.350 D/MSimSignalClusterView( 2940): mobile[1]: VISIBLE sig=2130838329 type=0
06-03 17:41:41.350 D/StatusBar.MSimNetworkController( 2940): refreshSignalCluster, mMSimPhoneSignalIconId[0]=com.android.systemui:drawable/stat_sys_signal_null mMSimDataSignalIconId[0]=com.android.systemui:drawable/stat_sys_signal_null mMSimDataTypeIconId[0]=(null) mMSimMobileActivityIconId[0]=(null) mNoMSimIconId[0]=com.android.systemui:drawable/ic_qs_no_sim
06-03 17:41:41.351 D/MSimSignalClusterView( 2940): wifi: VISIBLE sig=2130838350 act=2130838343
06-03 17:41:41.351 D/MSimSignalClusterView( 2940): mobile[0]: VISIBLE sig=2130838329 type=0
06-03 17:41:41.351 D/MSimSignalClusterView( 2940): wifi: VISIBLE sig=2130838350 act=2130838343
06-03 17:41:41.351 D/MSimSignalClusterView( 2940): mobile[1]: VISIBLE sig=2130838329 type=0
06-03 17:41:41.351 D/MSimSignalClusterView( 2940): wifi: VISIBLE sig=2130838350 act=2130838343
06-03 17:41:41.351 D/MSimSignalClusterView( 2940): mobile[0]: VISIBLE sig=2130838329 type=0
06-03 17:41:41.351 D/MSimSignalClusterView( 2940): wifi: VISIBLE sig=2130838350 act=2130838343
06-03 17:41:41.352 D/MSimSignalClusterView( 2940): mobile[0]: VISIBLE sig=2130838329 type=0
06-03 17:41:41.352 D/MSimSignalClusterView( 2940): wifi: VISIBLE sig=2130838350 act=2130838343
06-03 17:41:41.359 D/MSimSignalClusterView( 2940): mobile[0]: VISIBLE sig=2130838329 type=0
06-03 17:41:41.359 D/MSimSignalClusterView( 2940): wifi: VISIBLE sig=2130838350 act=2130838343
06-03 17:41:41.360 D/MSimSignalClusterView( 2940): mobile[1]: VISIBLE sig=2130838329 type=0
06-03 17:41:41.360 D/StatusBar.MSimNetworkController( 2940): refreshSignalCluster, mMSimPhoneSignalIconId[0]=com.android.systemui:drawable/stat_sys_signal_null mMSimDataSignalIconId[0]=com.android.systemui:drawable/stat_sys_signal_null mMSimDataTypeIconId[0]=(null) mMSimMobileActivityIconId[0]=(null) mNoMSimIconId[0]=com.android.systemui:drawable/ic_qs_no_sim
06-03 17:41:41.360 D/MSimSignalClusterView( 2940): wifi: VISIBLE sig=2130838350 act=2130838343
06-03 17:41:41.360 D/MSimSignalClusterView( 2940): mobile[0]: VISIBLE sig=2130838329 type=0
06-03 17:41:41.360 D/MSimSignalClusterView( 2940): wifi: VISIBLE sig=2130838350 act=2130838343
06-03 17:41:41.361 D/MSimSignalClusterView( 2940): mobile[1]: VISIBLE sig=2130838329 type=0
06-03 17:41:41.361 D/MSimSignalClusterView( 2940): wifi: VISIBLE sig=2130838350 act=2130838343
06-03 17:41:41.361 D/MSimSignalClusterView( 2940): mobile[0]: VISIBLE sig=2130838329 type=0
06-03 17:41:41.361 D/MSimSignalClusterView( 2940): wifi: VISIBLE sig=2130838350 act=2130838343
06-03 17:41:41.361 D/MSimSignalClusterView( 2940): mobile[0]: VISIBLE sig=2130838329 type=0
06-03 17:41:41.361 D/MSimSignalClusterView( 2940): wifi: VISIBLE sig=2130838350 act=2130838343
06-03 17:41:41.362 D/MSimSignalClusterView( 2940): mobile[0]: VISIBLE sig=2130838329 type=0
06-03 17:41:41.362 D/MSimSignalClusterView( 2940): wifi: VISIBLE sig=2130838350 act=2130838343
06-03 17:41:41.362 D/MSimSignalClusterView( 2940): mobile[1]: VISIBLE sig=2130838329 type=0
06-03 17:41:41.362 D/StatusBar.MSimNetworkController( 2940): refreshSignalCluster, mMSimPhoneSignalIconId[0]=com.android.systemui:drawable/stat_sys_signal_null mMSimDataSignalIconId[0]=com.android.systemui:drawable/stat_sys_signal_null mMSimDataTypeIconId[0]=(null) mMSimMobileActivityIconId[0]=(null) mNoMSimIconId[0]=com.android.systemui:drawable/ic_qs_no_sim
06-03 17:41:43.085 D/BatteryMeterView( 2940): not on charging...
06-03 17:41:43.087 D/BatteryMeterView( 2940): not on charging...
06-03 17:41:43.088 D/BatteryMeterView( 2940): not on charging...
06-03 17:41:43.104 D/BatteryMeterView( 2940): onDraw level = 10
06-03 17:41:43.121 D/BatteryMeterView( 2940): onDraw level = 10
06-03 17:41:43.123 I/SurfaceFlinger(  262): FPS: 5
06-03 17:41:44.174 D/BatteryMeterView( 2940): not on charging...
06-03 17:41:44.184 D/BatteryMeterView( 2940): not on charging...
06-03 17:41:44.185 D/BatteryMeterView( 2940): not on charging...
06-03 17:41:44.187 D/BatteryMeterView( 2940): onDraw level = 10
06-03 17:41:44.217 D/BatteryMeterView( 2940): onDraw level = 10
06-03 17:41:44.237 I/SurfaceFlinger(  262): FPS: 3
06-03 17:41:44.345 D/wpa_supplicant(17726): wlan0: Control interface command 'SIGNAL_POLL'
06-03 17:41:45.258 D/BatteryMeterView( 2940): not on charging...
06-03 17:41:45.265 D/BatteryMeterView( 2940): not on charging...
06-03 17:41:45.266 D/BatteryMeterView( 2940): not on charging...
06-03 17:41:45.269 D/BatteryMeterView( 2940): onDraw level = 10
06-03 17:41:45.285 D/BatteryMeterView( 2940): onDraw level = 10
06-03 17:41:45.307 I/SurfaceFlinger(  262): FPS: 3
06-03 17:41:46.144 V/WLAN_PSA(  314): NL MSG, len[4063], NL type[0x1C] WNI type[0x5900] len[50959]
06-03 17:41:46.145 V/WLAN_PSA(  314): NL MSG, PID: 314
06-03 17:41:46.343 D/BatteryMeterView( 2940): not on charging...
06-03 17:41:46.343 D/BatteryMeterView( 2940): not on charging...
06-03 17:41:46.344 D/BatteryMeterView( 2940): not on charging...
06-03 17:41:46.350 D/BatteryMeterView( 2940): onDraw level = 10
06-03 17:41:46.367 D/BatteryMeterView( 2940): onDraw level = 10
06-03 17:41:46.388 I/SurfaceFlinger(  262): FPS: 3
06-03 17:41:47.357 D/wpa_supplicant(17726): wlan0: Control interface command 'SIGNAL_POLL'
06-03 17:41:47.378 D/StatusBar.MSimNetworkController( 2940): refreshViews phoneId =0mMSimDataConnected =false
06-03 17:41:47.379 D/StatusBar.MSimNetworkController( 2940): refreshViews mMSimDataActivity =0
06-03 17:41:47.388 D/StatusBar.MSimNetworkController( 2940): refreshViews: Data not connected!! Set no data type icon / Roaming for phoneId: 0
06-03 17:41:47.388 D/StatusBar.MSimNetworkController( 2940): refreshViews connected={ wifi } level=3 mMSimcombinedSignalIconId=0x7f020350/com.android.systemui:drawable/stat_sys_wifi_signal_3_fully mMSimcombinedActivityIconId=0x7f020347 mAirplaneMode=false mMSimDataActivity=0 mMSimPhoneSignalIconId=0x7f020339/com.android.systemui:drawable/stat_sys_signal_null mMSimDataDirectionIconId=0x0 mMSimDataSignalIconId=0x7f020339 mMSimDataTypeIconId=0x0/(null) mNoMSimIconId=0x7f02009a/com.android.systemui:drawable/ic_qs_no_sim mMSimMobileActivityIconId=0x0/(null) mWifiIconId=0x7f020350 mBluetoothTetherIconId=0x10806a2
06-03 17:41:47.388 D/MSimSignalClusterView( 2940): wifi: VISIBLE sig=2130838352 act=2130838343
06-03 17:41:47.389 D/MSimSignalClusterView( 2940): mobile[0]: VISIBLE sig=2130838329 type=0
06-03 17:41:47.389 D/MSimSignalClusterView( 2940): wifi: VISIBLE sig=2130838352 act=2130838343
06-03 17:41:47.389 D/MSimSignalClusterView( 2940): mobile[1]: VISIBLE sig=2130838329 type=0
06-03 17:41:47.389 D/MSimSignalClusterView( 2940): wifi: VISIBLE sig=2130838352 act=2130838343
06-03 17:41:47.390 D/MSimSignalClusterView( 2940): mobile[0]: VISIBLE sig=2130838329 type=0
06-03 17:41:47.390 D/MSimSignalClusterView( 2940): wifi: VISIBLE sig=2130838352 act=2130838343
06-03 17:41:47.390 D/MSimSignalClusterView( 2940): mobile[0]: VISIBLE sig=2130838329 type=0
06-03 17:41:47.390 D/MSimSignalClusterView( 2940): wifi: VISIBLE sig=2130838352 act=2130838343
06-03 17:41:47.390 D/MSimSignalClusterView( 2940): mobile[0]: VISIBLE sig=2130838329 type=0
06-03 17:41:47.390 D/MSimSignalClusterView( 2940): wifi: VISIBLE sig=2130838352 act=2130838343
06-03 17:41:47.390 D/MSimSignalClusterView( 2940): mobile[1]: VISIBLE sig=2130838329 type=0
06-03 17:41:47.390 D/StatusBar.MSimNetworkController( 2940): refreshSignalCluster, mMSimPhoneSignalIconId[0]=com.android.systemui:drawable/stat_sys_signal_null mMSimDataSignalIconId[0]=com.android.systemui:drawable/stat_sys_signal_null mMSimDataTypeIconId[0]=(null) mMSimMobileActivityIconId[0]=(null) mNoMSimIconId[0]=com.android.systemui:drawable/ic_qs_no_sim
06-03 17:41:47.391 D/MSimSignalClusterView( 2940): wifi: VISIBLE sig=2130838352 act=2130838343
06-03 17:41:47.391 D/MSimSignalClusterView( 2940): mobile[0]: VISIBLE sig=2130838329 type=0
06-03 17:41:47.391 D/MSimSignalClusterView( 2940): wifi: VISIBLE sig=2130838352 act=2130838343
06-03 17:41:47.391 D/MSimSignalClusterView( 2940): mobile[1]: VISIBLE sig=2130838329 type=0
06-03 17:41:47.391 D/MSimSignalClusterView( 2940): wifi: VISIBLE sig=2130838352 act=2130838343
06-03 17:41:47.391 D/MSimSignalClusterView( 2940): mobile[0]: VISIBLE sig=2130838329 type=0
06-03 17:41:47.392 D/MSimSignalClusterView( 2940): wifi: VISIBLE sig=2130838352 act=2130838343
06-03 17:41:47.392 D/MSimSignalClusterView( 2940): mobile[0]: VISIBLE sig=2130838329 type=0
06-03 17:41:47.392 D/MSimSignalClusterView( 2940): wifi: VISIBLE sig=2130838352 act=2130838343
06-03 17:41:47.393 D/MSimSignalClusterView( 2940): mobile[0]: VISIBLE sig=2130838329 type=0
06-03 17:41:47.393 D/MSimSignalClusterView( 2940): wifi: VISIBLE sig=2130838352 act=2130838343
06-03 17:41:47.393 D/MSimSignalClusterView( 2940): mobile[1]: VISIBLE sig=2130838329 type=0
06-03 17:41:47.393 D/StatusBar.MSimNetworkController( 2940): refreshSignalCluster, mMSimPhoneSignalIconId[0]=com.android.systemui:drawable/stat_sys_signal_null mMSimDataSignalIconId[0]=com.android.systemui:drawable/stat_sys_signal_null mMSimDataTypeIconId[0]=(null) mMSimMobileActivityIconId[0]=(null) mNoMSimIconId[0]=com.android.systemui:drawable/ic_qs_no_sim
06-03 17:41:47.393 D/MSimSignalClusterView( 2940): wifi: VISIBLE sig=2130838352 act=2130838343
06-03 17:41:47.393 D/MSimSignalClusterView( 2940): mobile[0]: VISIBLE sig=2130838329 type=0
06-03 17:41:47.394 D/MSimSignalClusterView( 2940): wifi: VISIBLE sig=2130838352 act=2130838343
06-03 17:41:47.394 D/MSimSignalClusterView( 2940): mobile[1]: VISIBLE sig=2130838329 type=0
06-03 17:41:47.394 D/MSimSignalClusterView( 2940): wifi: VISIBLE sig=2130838352 act=2130838343
06-03 17:41:47.394 D/MSimSignalClusterView( 2940): mobile[0]: VISIBLE sig=2130838329 type=0
06-03 17:41:47.394 D/MSimSignalClusterView( 2940): wifi: VISIBLE sig=2130838352 act=2130838343
06-03 17:41:47.394 I/SurfaceFlinger(  262): FPS: 5
06-03 17:41:47.394 D/MSimSignalClusterView( 2940): mobile[0]: VISIBLE sig=2130838329 type=0
06-03 17:41:47.395 D/MSimSignalClusterView( 2940): wifi: VISIBLE sig=2130838352 act=2130838343
06-03 17:41:47.395 D/MSimSignalClusterView( 2940): mobile[0]: VISIBLE sig=2130838329 type=0
06-03 17:41:47.395 D/MSimSignalClusterView( 2940): wifi: VISIBLE sig=2130838352 act=2130838343
06-03 17:41:47.395 D/MSimSignalClusterView( 2940): mobile[1]: VISIBLE sig=2130838329 type=0
06-03 17:41:47.395 D/StatusBar.MSimNetworkController( 2940): refreshSignalCluster, mMSimPhoneSignalIconId[0]=com.android.systemui:drawable/stat_sys_signal_null mMSimDataSignalIconId[0]=com.android.systemui:drawable/stat_sys_signal_null mMSimDataTypeIconId[0]=(null) mMSimMobileActivityIconId[0]=(null) mNoMSimIconId[0]=com.android.systemui:drawable/ic_qs_no_sim
06-03 17:41:47.395 D/MSimSignalClusterView( 2940): wifi: VISIBLE sig=2130838352 act=2130838343
06-03 17:41:47.395 D/MSimSignalClusterView( 2940): mobile[0]: VISIBLE sig=2130838329 type=0
06-03 17:41:47.396 D/MSimSignalClusterView( 2940): wifi: VISIBLE sig=2130838352 act=2130838343
06-03 17:41:47.396 D/MSimSignalClusterView( 2940): mobile[1]: VISIBLE sig=2130838329 type=0
06-03 17:41:47.396 D/MSimSignalClusterView( 2940): wifi: VISIBLE sig=2130838352 act=2130838343
06-03 17:41:47.396 D/MSimSignalClusterView( 2940): mobile[0]: VISIBLE sig=2130838329 type=0
06-03 17:41:47.396 D/MSimSignalClusterView( 2940): wifi: VISIBLE sig=2130838352 act=2130838343
06-03 17:41:47.396 D/MSimSignalClusterView( 2940): mobile[0]: VISIBLE sig=2130838329 type=0
06-03 17:41:47.397 D/MSimSignalClusterView( 2940): wifi: VISIBLE sig=2130838352 act=2130838343
06-03 17:41:47.397 D/MSimSignalClusterView( 2940): mobile[0]: VISIBLE sig=2130838329 type=0
06-03 17:41:47.397 D/MSimSignalClusterView( 2940): wifi: VISIBLE sig=2130838352 act=2130838343
06-03 17:41:47.397 D/MSimSignalClusterView( 2940): mobile[1]: VISIBLE sig=2130838329 type=0
06-03 17:41:47.397 D/StatusBar.MSimNetworkController( 2940): refreshSignalCluster, mMSimPhoneSignalIconId[0]=com.android.systemui:drawable/stat_sys_signal_null mMSimDataSignalIconId[0]=com.android.systemui:drawable/stat_sys_signal_null mMSimDataTypeIconId[0]=(null) mMSimMobileActivityIconId[0]=(null) mNoMSimIconId[0]=com.android.systemui:drawable/ic_qs_no_sim
06-03 17:41:47.441 D/BatteryMeterView( 2940): not on charging...
06-03 17:41:47.442 D/BatteryMeterView( 2940): not on charging...
06-03 17:41:47.443 D/BatteryMeterView( 2940): not on charging...
06-03 17:41:47.443 D/BatteryMeterView( 2940): onDraw level = 10
06-03 17:41:47.460 D/BatteryMeterView( 2940): onDraw level = 10
06-03 17:41:48.541 D/BatteryMeterView( 2940): not on charging...
06-03 17:41:48.544 D/BatteryMeterView( 2940): not on charging...
06-03 17:41:48.546 D/BatteryMeterView( 2940): not on charging...
06-03 17:41:48.549 D/BatteryMeterView( 2940): onDraw level = 10
06-03 17:41:48.564 D/BatteryMeterView( 2940): onDraw level = 10
06-03 17:41:48.585 I/SurfaceFlinger(  262): FPS: 31
06-03 17:41:49.634 D/BatteryMeterView( 2940): not on charging...
06-03 17:41:49.636 D/BatteryMeterView( 2940): not on charging...
06-03 17:41:49.637 D/BatteryMeterView( 2940): not on charging...
06-03 17:41:49.649 D/BatteryMeterView( 2940): onDraw level = 10
06-03 17:41:49.665 D/BatteryMeterView( 2940): onDraw level = 10
06-03 17:41:49.684 I/SurfaceFlinger(  262): FPS: 2
06-03 17:41:50.257 D/VM_BMS  (  461): wake_lock acquired
06-03 17:41:50.257 D/VM_BMS  (  461): New BMS data - Size=56
06-03 17:41:50.257 D/VM_BMS  (  461): Start process_bms_data
06-03 17:41:50.258 D/VM_BMS  (  461): Battery charge_cycle=0 fcc_adjust=0 rbatt_adjust=0 cycle_changed=false
06-03 17:41:50.260 D/VM_BMS  (  461): For batt_temp=255 fcc_mah=2200
06-03 17:41:50.260 D/VM_BMS  (  461): Lookup fcc_mah=2200.000000  adjusted fcc_mah=2200.000000
06-03 17:41:50.260 D/VM_BMS  (  461): For ocv=3801569 batt_temp=255 soc=36
06-03 17:41:50.260 D/VM_BMS  (  461): fifo_count=2 acc_count=0
06-03 17:41:50.260 D/VM_BMS  (  461): INIT: ocv=3801569 last_ocv=3801569 batt_temp=255 soc=36
06-03 17:41:50.260 D/VM_BMS  (  461): For soc=36 batt_temp=255 slope=3000
06-03 17:41:50.260 D/VM_BMS  (  461): For soc=36 batt_temp=255 rbatt_sf=106
06-03 17:41:50.260 D/VM_BMS  (  461): rbatt_mohm_default=72, rbatt_mohm=76, sf=106 batt_temp=255
06-03 17:41:50.260 D/VM_BMS  (  461): Lookup rbatt=76.000000  adjusted rbatt=76.000000
06-03 17:41:50.260 D/VM_BMS  (  461): For ocv=3801562 batt_temp=255 soc=36
06-03 17:41:50.260 D/VM_BMS  (  461): FIFO=0 fifo_avg=3.798990 rbatt=0.126000 slope=0.300000 ibatt=0.020441 ocv=3.801562 soc=36 fcc_ah=2.200000 sample_count=128 sample_interval=70 seq_num=6849
06-03 17:41:50.261 D/VM_BMS  (  461): For soc=36 batt_temp=255 slope=3000
06-03 17:41:50.261 D/VM_BMS  (  461): For soc=36 batt_temp=255 rbatt_sf=106
06-03 17:41:50.261 D/VM_BMS  (  461): rbatt_mohm_default=72, rbatt_mohm=76, sf=106 batt_temp=255
06-03 17:41:50.261 D/VM_BMS  (  461): Lookup rbatt=76.000000  adjusted rbatt=76.000000
06-03 17:41:50.261 D/VM_BMS  (  461): For ocv=3801554 batt_temp=255 soc=36
06-03 17:41:50.261 D/VM_BMS  (  461): FIFO=1 fifo_avg=3.798685 rbatt=0.126000 slope=0.300000 ibatt=0.022803 ocv=3.801554 soc=36 fcc_ah=2.200000 sample_count=128 sample_interval=70 seq_num=6849
06-03 17:41:50.263 I/VM_BMS  (  461): power_supply_update: ocv_uv=3801554 ibatt=22802 soc=36 seq_num=6849
06-03 17:41:50.263 D/VM_BMS  (  461): End process_bms_data
06-03 17:41:50.263 D/VM_BMS  (  461): wake_lock released
06-03 17:41:50.335 V/WLAN_PSA(  314): NL MSG, len[4031], NL type[0x1C] WNI type[0x5900] len[42767]
06-03 17:41:50.336 V/WLAN_PSA(  314): NL MSG, PID: 314
06-03 17:41:50.380 D/wpa_supplicant(17726): wlan0: Control interface command 'SIGNAL_POLL'
06-03 17:41:50.396 D/BatteryMeterView( 2940): not on charging...
06-03 17:41:50.397 D/BatteryMeterView( 2940): not on charging...
06-03 17:41:50.397 D/BatteryMeterView( 2940): not on charging...
06-03 17:41:50.414 D/BatteryMeterView( 2940): onDraw level = 10
06-03 17:41:50.430 D/BatteryMeterView( 2940): onDraw level = 10
06-03 17:41:51.491 D/BatteryMeterView( 2940): not on charging...
06-03 17:41:51.495 D/BatteryMeterView( 2940): not on charging...
06-03 17:41:51.497 D/BatteryMeterView( 2940): not on charging...
06-03 17:41:51.499 D/BatteryMeterView( 2940): onDraw level = 10
06-03 17:41:51.514 D/BatteryMeterView( 2940): onDraw level = 10
06-03 17:41:51.534 I/SurfaceFlinger(  262): FPS: 6
06-03 17:41:52.578 D/BatteryMeterView( 2940): not on charging...
06-03 17:41:52.585 D/BatteryMeterView( 2940): onDraw level = 10
06-03 17:41:52.593 D/BatteryMeterView( 2940): not on charging...
06-03 17:41:52.607 D/BatteryMeterView( 2940): not on charging...
06-03 17:41:52.608 D/BatteryMeterView( 2940): onDraw level = 10
06-03 17:41:52.619 I/SurfaceFlinger(  262): FPS: 3
06-03 17:41:53.391 D/wpa_supplicant(17726): wlan0: Control interface command 'SIGNAL_POLL'
06-03 17:41:53.410 V/WLAN_PSA(  314): NL MSG, len[4015], NL type[0x1C] WNI type[0x5900] len[38671]
06-03 17:41:53.410 V/WLAN_PSA(  314): NL MSG, PID: 314
06-03 17:41:53.413 D/StatusBar.MSimNetworkController( 2940): refreshViews phoneId =0mMSimDataConnected =false
06-03 17:41:53.413 D/StatusBar.MSimNetworkController( 2940): refreshViews mMSimDataActivity =0
06-03 17:41:53.417 D/StatusBar.MSimNetworkController( 2940): refreshViews: Data not connected!! Set no data type icon / Roaming for phoneId: 0
06-03 17:41:53.418 D/StatusBar.MSimNetworkController( 2940): refreshViews connected={ wifi } level=3 mMSimcombinedSignalIconId=0x7f02034e/com.android.systemui:drawable/stat_sys_wifi_signal_2_fully mMSimcombinedActivityIconId=0x7f020347 mAirplaneMode=false mMSimDataActivity=0 mMSimPhoneSignalIconId=0x7f020339/com.android.systemui:drawable/stat_sys_signal_null mMSimDataDirectionIconId=0x0 mMSimDataSignalIconId=0x7f020339 mMSimDataTypeIconId=0x0/(null) mNoMSimIconId=0x7f02009a/com.android.systemui:drawable/ic_qs_no_sim mMSimMobileActivityIconId=0x0/(null) mWifiIconId=0x7f02034e mBluetoothTetherIconId=0x10806a2
06-03 17:41:53.419 D/MSimSignalClusterView( 2940): wifi: VISIBLE sig=2130838350 act=2130838343
06-03 17:41:53.419 D/MSimSignalClusterView( 2940): mobile[0]: VISIBLE sig=2130838329 type=0
06-03 17:41:53.419 D/MSimSignalClusterView( 2940): wifi: VISIBLE sig=2130838350 act=2130838343
06-03 17:41:53.420 D/MSimSignalClusterView( 2940): mobile[1]: VISIBLE sig=2130838329 type=0
06-03 17:41:53.420 D/MSimSignalClusterView( 2940): wifi: VISIBLE sig=2130838350 act=2130838343
06-03 17:41:53.420 D/MSimSignalClusterView( 2940): mobile[0]: VISIBLE sig=2130838329 type=0
06-03 17:41:53.420 D/MSimSignalClusterView( 2940): wifi: VISIBLE sig=2130838350 act=2130838343
06-03 17:41:53.420 D/MSimSignalClusterView( 2940): mobile[0]: VISIBLE sig=2130838329 type=0
06-03 17:41:53.421 D/MSimSignalClusterView( 2940): wifi: VISIBLE sig=2130838350 act=2130838343
06-03 17:41:53.421 D/MSimSignalClusterView( 2940): mobile[0]: VISIBLE sig=2130838329 type=0
06-03 17:41:53.421 D/MSimSignalClusterView( 2940): wifi: VISIBLE sig=2130838350 act=2130838343
06-03 17:41:53.421 D/MSimSignalClusterView( 2940): mobile[1]: VISIBLE sig=2130838329 type=0
06-03 17:41:53.421 D/StatusBar.MSimNetworkController( 2940): refreshSignalCluster, mMSimPhoneSignalIconId[0]=com.android.systemui:drawable/stat_sys_signal_null mMSimDataSignalIconId[0]=com.android.systemui:drawable/stat_sys_signal_null mMSimDataTypeIconId[0]=(null) mMSimMobileActivityIconId[0]=(null) mNoMSimIconId[0]=com.android.systemui:drawable/ic_qs_no_sim
06-03 17:41:53.422 D/MSimSignalClusterView( 2940): wifi: VISIBLE sig=2130838350 act=2130838343
06-03 17:41:53.423 D/MSimSignalClusterView( 2940): mobile[0]: VISIBLE sig=2130838329 type=0
06-03 17:41:53.424 D/MSimSignalClusterView( 2940): wifi: VISIBLE sig=2130838350 act=2130838343
06-03 17:41:53.424 D/MSimSignalClusterView( 2940): mobile[1]: VISIBLE sig=2130838329 type=0
06-03 17:41:53.424 D/MSimSignalClusterView( 2940): wifi: VISIBLE sig=2130838350 act=2130838343
06-03 17:41:53.424 D/MSimSignalClusterView( 2940): mobile[0]: VISIBLE sig=2130838329 type=0
06-03 17:41:53.424 D/MSimSignalClusterView( 2940): wifi: VISIBLE sig=2130838350 act=2130838343
06-03 17:41:53.425 D/MSimSignalClusterView( 2940): mobile[0]: VISIBLE sig=2130838329 type=0
06-03 17:41:53.425 D/MSimSignalClusterView( 2940): wifi: VISIBLE sig=2130838350 act=2130838343
06-03 17:41:53.425 D/MSimSignalClusterView( 2940): mobile[0]: VISIBLE sig=2130838329 type=0
06-03 17:41:53.425 D/MSimSignalClusterView( 2940): wifi: VISIBLE sig=2130838350 act=2130838343
06-03 17:41:53.425 D/MSimSignalClusterView( 2940): mobile[1]: VISIBLE sig=2130838329 type=0
06-03 17:41:53.426 D/StatusBar.MSimNetworkController( 2940): refreshSignalCluster, mMSimPhoneSignalIconId[0]=com.android.systemui:drawable/stat_sys_signal_null mMSimDataSignalIconId[0]=com.android.systemui:drawable/stat_sys_signal_null mMSimDataTypeIconId[0]=(null) mMSimMobileActivityIconId[0]=(null) mNoMSimIconId[0]=com.android.systemui:drawable/ic_qs_no_sim
06-03 17:41:53.426 D/MSimSignalClusterView( 2940): wifi: VISIBLE sig=2130838350 act=2130838343
06-03 17:41:53.426 D/MSimSignalClusterView( 2940): mobile[0]: VISIBLE sig=2130838329 type=0
06-03 17:41:53.426 D/MSimSignalClusterView( 2940): wifi: VISIBLE sig=2130838350 act=2130838343
06-03 17:41:53.427 D/MSimSignalClusterView( 2940): mobile[1]: VISIBLE sig=2130838329 type=0
06-03 17:41:53.427 D/MSimSignalClusterView( 2940): wifi: VISIBLE sig=2130838350 act=2130838343
06-03 17:41:53.427 D/MSimSignalClusterView( 2940): mobile[0]: VISIBLE sig=2130838329 type=0
06-03 17:41:53.427 D/MSimSignalClusterView( 2940): wifi: VISIBLE sig=2130838350 act=2130838343
06-03 17:41:53.432 D/MSimSignalClusterView( 2940): mobile[0]: VISIBLE sig=2130838329 type=0
06-03 17:41:53.433 D/MSimSignalClusterView( 2940): wifi: VISIBLE sig=2130838350 act=2130838343
06-03 17:41:53.433 D/MSimSignalClusterView( 2940): mobile[0]: VISIBLE sig=2130838329 type=0
06-03 17:41:53.433 D/MSimSignalClusterView( 2940): wifi: VISIBLE sig=2130838350 act=2130838343
06-03 17:41:53.434 D/MSimSignalClusterView( 2940): mobile[1]: VISIBLE sig=2130838329 type=0
06-03 17:41:53.434 D/StatusBar.MSimNetworkController( 2940): refreshSignalCluster, mMSimPhoneSignalIconId[0]=com.android.systemui:drawable/stat_sys_signal_null mMSimDataSignalIconId[0]=com.android.systemui:drawable/stat_sys_signal_null mMSimDataTypeIconId[0]=(null) mMSimMobileActivityIconId[0]=(null) mNoMSimIconId[0]=com.android.systemui:drawable/ic_qs_no_sim
06-03 17:41:53.434 D/MSimSignalClusterView( 2940): wifi: VISIBLE sig=2130838350 act=2130838343
06-03 17:41:53.434 D/MSimSignalClusterView( 2940): mobile[0]: VISIBLE sig=2130838329 type=0
06-03 17:41:53.434 D/MSimSignalClusterView( 2940): wifi: VISIBLE sig=2130838350 act=2130838343
06-03 17:41:53.434 D/MSimSignalClusterView( 2940): mobile[1]: VISIBLE sig=2130838329 type=0
06-03 17:41:53.435 D/MSimSignalClusterView( 2940): wifi: VISIBLE sig=2130838350 act=2130838343
06-03 17:41:53.435 D/MSimSignalClusterView( 2940): mobile[0]: VISIBLE sig=2130838329 type=0
06-03 17:41:53.435 D/MSimSignalClusterView( 2940): wifi: VISIBLE sig=2130838350 act=2130838343
06-03 17:41:53.435 D/MSimSignalClusterView( 2940): mobile[0]: VISIBLE sig=2130838329 type=0
06-03 17:41:53.435 D/MSimSignalClusterView( 2940): wifi: VISIBLE sig=2130838350 act=2130838343
06-03 17:41:53.435 D/MSimSignalClusterView( 2940): mobile[0]: VISIBLE sig=2130838329 type=0
06-03 17:41:53.435 D/MSimSignalClusterView( 2940): wifi: VISIBLE sig=2130838350 act=2130838343
06-03 17:41:53.436 D/MSimSignalClusterView( 2940): mobile[1]: VISIBLE sig=2130838329 type=0
