06-03 17:41:53.436 D/StatusBar.MSimNetworkController( 2940): refreshSignalCluster, mMSimPhoneSignalIconId[0]=com.android.systemui:drawable/stat_sys_signal_null mMSimDataSignalIconId[0]=com.android.systemui:drawable/stat_sys_signal_null mMSimDataTypeIconId[0]=(null) mMSimMobileActivityIconId[0]=(null) mNoMSimIconId[0]=com.android.systemui:drawable/ic_qs_no_sim
06-03 17:41:53.498 E/WifiStateMachine(  775): WifiStateMachine CMD_START_SCAN source -2 txSuccessRate=46.74 rxSuccessRate=41.48 targetRoamBSSID=any RSSI=-67
06-03 17:41:53.665 D/BatteryMeterView( 2940): not on charging...
06-03 17:41:53.667 D/BatteryMeterView( 2940): not on charging...
06-03 17:41:53.667 D/BatteryMeterView( 2940): not on charging...
06-03 17:41:53.682 D/BatteryMeterView( 2940): onDraw level = 10
06-03 17:41:53.698 D/BatteryMeterView( 2940): onDraw level = 10
06-03 17:41:53.703 I/SurfaceFlinger(  262): FPS: 5
06-03 17:41:53.952 I/PowerManagerService(  775): Going to sleep due to screen timeout (uid 1000)...
06-03 17:41:54.497 E/libnav  (  344): AbaSetOriginalBacklightLevel: bad input paramters
06-03 17:41:54.513 I/WindowManager(  775): Screen turned off...
06-03 17:41:54.519 I/DisplayManagerService(  775): Display device changed: DisplayDeviceInfo{"Built-in Screen": uniqueId="local:0", 720 x 1280, 60.0 fps, supportedRefreshRates [60.0], density 320, 160.421 x 160.157 dpi, appVsyncOff 0, presDeadline 17666667, touch INTERNAL, rotation 0, type BUILT_IN, state OFF, FLAG_DEFAULT_DISPLAY, FLAG_ROTATES_WITH_CONTENT, FLAG_SECURE, FLAG_SUPPORTS_PROTECTED_BUFFERS}
06-03 17:41:54.519 D/SurfaceFlinger(  262): Set power mode=0, type=0 flinger=0xb83255f8
06-03 17:41:54.519 D/qdhwcomposer(  262): hwc_setPowerMode: Setting mode 0 on display: 0
06-03 17:41:54.520 V/ActivityManager(  775): Display changed displayId=0
06-03 17:41:54.526 I/WindowManager(  775): Win Window{bff5d73 u0 android}: isVisibleOrBehindKeyguardLw=true
06-03 17:41:54.526 I/WindowManager(  775): Win Window{7989c4a u0 StatusBar}: isVisibleOrBehindKeyguardLw=true
06-03 17:41:54.526 I/WindowManager(  775): Win Window{2142f7eb u0 com.telpo.tpui/com.telpo.tpui.MainActivity}: isVisibleOrBehindKeyguardLw=true
06-03 17:41:54.526 V/WindowManager(  775): Fullscreen window: Window{2142f7eb u0 com.telpo.tpui/com.telpo.tpui.MainActivity}
06-03 17:41:54.526 I/WindowManager(  775): Win Window{1ea30909 u0 com.android.phasebeam.PhaseBeamWallpaper}: isVisibleOrBehindKeyguardLw=false
06-03 17:41:54.526 I/WindowManager(  775): force=false forcefkg=false top=Window{2142f7eb u0 com.telpo.tpui/com.telpo.tpui.MainActivity}
06-03 17:41:54.527 D/WindowManager(  775): frame: Rect(0, 0 - 720, 1280) shown frame: RectF(0.0, 0.0, 720.0, 1280.0)
06-03 17:41:54.527 D/WindowManager(  775): attr: WM.LayoutParams{(0,0)(fillxfill) sim=#110 ty=1 fl=#85810100 wanim=0x1030381 vsysui=0x700 surfaceInsets=Rect(0, 0 - 0, 0) needsMenuKey=2} lp.flags=0x85810100
06-03 17:41:54.527 V/WindowManager(  775): ** SHOWING status bar: top is not fullscreen
06-03 17:41:54.527 V/WindowManager(  775): finishPostLayoutPolicyLw: mHideKeyguard=false
06-03 17:41:54.531 E/qdutils (  262): int qdutils::getHDMINode(): Failed to open fb node 1
06-03 17:41:54.531 E/qdutils (  262): int qdutils::getHDMINode(): Failed to open fb node 2
06-03 17:41:54.531 E/qdutils (  262): int qdutils::getHDMINode(): Failed to find HDMI node
06-03 17:41:54.540 I/WindowManager(  775): Win Window{bff5d73 u0 android}: isVisibleOrBehindKeyguardLw=true
06-03 17:41:54.540 I/WindowManager(  775): Win Window{7989c4a u0 StatusBar}: isVisibleOrBehindKeyguardLw=true
06-03 17:41:54.540 I/WindowManager(  775): Win Window{2142f7eb u0 com.telpo.tpui/com.telpo.tpui.MainActivity}: isVisibleOrBehindKeyguardLw=true
06-03 17:41:54.540 V/WindowManager(  775): Fullscreen window: Window{2142f7eb u0 com.telpo.tpui/com.telpo.tpui.MainActivity}
06-03 17:41:54.540 I/WindowManager(  775): Win Window{1ea30909 u0 com.android.phasebeam.PhaseBeamWallpaper}: isVisibleOrBehindKeyguardLw=false
06-03 17:41:54.540 I/WindowManager(  775): force=false forcefkg=false top=Window{2142f7eb u0 com.telpo.tpui/com.telpo.tpui.MainActivity}
06-03 17:41:54.540 D/WindowManager(  775): frame: Rect(0, 0 - 720, 1280) shown frame: RectF(0.0, 0.0, 720.0, 1280.0)
06-03 17:41:54.540 D/WindowManager(  775): attr: WM.LayoutParams{(0,0)(fillxfill) sim=#110 ty=1 fl=#85810100 wanim=0x1030381 vsysui=0x700 surfaceInsets=Rect(0, 0 - 0, 0) needsMenuKey=2} lp.flags=0x85810100
06-03 17:41:54.540 V/WindowManager(  775): ** SHOWING status bar: top is not fullscreen
06-03 17:41:54.540 V/WindowManager(  775): finishPostLayoutPolicyLw: mHideKeyguard=false
06-03 17:41:54.747 D/BatteryMeterView( 2940): not on charging...
06-03 17:41:54.754 D/BatteryMeterView( 2940): not on charging...
06-03 17:41:54.770 D/BatteryMeterView( 2940): not on charging...
06-03 17:41:54.896 I/qdhwcomposer(  262): handle_blank_event: dpy:0 panel power state: 0
06-03 17:41:54.897 E/qdutils (  262): int qdutils::getHDMINode(): Failed to open fb node 1
06-03 17:41:54.897 E/qdutils (  262): int qdutils::getHDMINode(): Failed to open fb node 2
06-03 17:41:54.897 E/qdutils (  262): int qdutils::getHDMINode(): Failed to find HDMI node
06-03 17:41:54.897 D/qdhwcomposer(  262): hwc_setPowerMode: Done setting mode 0 on display 0
06-03 17:41:54.898 E/qdutils (  262): int qdutils::getHDMINode(): Failed to open fb node 1
06-03 17:41:54.898 E/qdutils (  262): int qdutils::getHDMINode(): Failed to open fb node 2
06-03 17:41:54.898 E/qdutils (  262): int qdutils::getHDMINode(): Failed to find HDMI node
06-03 17:41:54.899 I/SurfaceFlinger(  262): FPS: 34
06-03 17:41:54.899 D/SurfaceControl(  775): Excessive delay in setPowerMode(): 380ms
06-03 17:41:54.900 I/QCOM PowerHAL(  775): Got set_interactive hint
06-03 17:41:54.900 I/WindowManager(  775): Going to sleep...
06-03 17:41:54.902 I/DreamManagerService(  775): Entering dreamland.
06-03 17:41:54.903 I/PowerManagerService(  775): Dozing...
06-03 17:41:54.903 I/DreamController(  775): Starting dream: name=ComponentInfo{com.android.systemui/com.android.systemui.doze.DozeService}, isTest=false, canDoze=true, userId=0
06-03 17:41:54.939 E/WifiStateMachine(  775): cancelDelayedScan -> 310
06-03 17:41:54.940 V/SRS_Proc(  301): ParamSet string: screen_state=off
06-03 17:41:54.940 D/audio_hw_primary(  301): adev_set_parameters: enter: screen_state=off
06-03 17:41:54.940 D/audio_hw_extn(  301): audio_extn_set_anc_parameters: anc_enabled:0
06-03 17:41:54.940 E/audio_a2dp_hw(  301): adev_set_parameters: ERROR: set param called even when stream out is null
06-03 17:41:54.956 E/native  (  775): do suspend true
06-03 17:41:54.961 D/wpa_supplicant(17726): wlan0: Control interface command 'DRIVER SETSUSPENDMODE 1'
06-03 17:41:54.961 V/WLAN_PSA(  314): NL MSG, len[048], NL type[0x11] WNI type[0x5050] len[028]
06-03 17:41:54.961 V/WLAN_PSA(  314): NL MSG, PID: 314
06-03 17:41:54.962 V/WLAN_PSA(  314): NL MSG, len[048], NL type[0x11] WNI type[0x5050] len[028]
06-03 17:41:54.962 V/WLAN_PSA(  314): NL MSG, PID: 314
06-03 17:41:54.966 V/WLAN_PSA(  314): NL MSG, len[048], NL type[0x11] WNI type[0x5050] len[028]
06-03 17:41:54.966 V/WLAN_PSA(  314): NL MSG, PID: 314
06-03 17:41:54.966 V/WLAN_PSA(  314): NL MSG, len[048], NL type[0x11] WNI type[0x5050] len[028]
06-03 17:41:54.966 V/WLAN_PSA(  314): NL MSG, PID: 314
06-03 17:41:54.966 V/WLAN_PSA(  314): NL MSG, len[048], NL type[0x11] WNI type[0x5050] len[028]
06-03 17:41:54.966 V/WLAN_PSA(  314): NL MSG, PID: 314
06-03 17:41:54.966 V/WLAN_PSA(  314): NL MSG, len[4000], NL type[0x1C] WNI type[0x5900] len[34831]
06-03 17:41:54.966 V/WLAN_PSA(  314): NL MSG, PID: 314
06-03 17:41:54.979 V/WLAN_PSA(  314): NL MSG, len[048], NL type[0x11] WNI type[0x5050] len[028]
06-03 17:41:54.979 V/WLAN_PSA(  314): NL MSG, PID: 314
06-03 17:41:54.980 D/wpa_supplicant(17726): wpa_driver_nl80211_driver_cmd SETSUSPENDMODE 1 len = 0, 4096
06-03 17:41:54.980 V/WLAN_PSA(  314): NL MSG, len[4065], NL type[0x1C] WNI type[0x5900] len[51471]
06-03 17:41:54.980 V/WLAN_PSA(  314): NL MSG, PID: 314
06-03 17:41:55.045 D/StatusBar.MSimNetworkController( 2940): getPhoneId phoneId: 0
06-03 17:41:55.045 D/StatusBar.MSimNetworkController( 2940): onDataActivity received on phoneId :0direction=0
06-03 17:41:55.045 D/StatusBar.MSimNetworkController( 2940): updateDataIcon phoneId =0
06-03 17:41:55.047 D/StatusBar.MSimNetworkController( 2940): updateDataIcon dataSub =0
06-03 17:41:55.047 D/StatusBar.MSimNetworkController( 2940): updateDataIcon  when SimState =ABSENT
06-03 17:41:55.047 D/StatusBar.MSimNetworkController( 2940): updateDataIcon when mMSimDataConnected[0] =false mMSimMobileActivityIconId[0] = 0
06-03 17:41:55.047 D/StatusBar.MSimNetworkController( 2940): refreshViews phoneId =0mMSimDataConnected =false
06-03 17:41:55.047 D/StatusBar.MSimNetworkController( 2940): refreshViews mMSimDataActivity =0
06-03 17:41:55.054 D/StatusBar.MSimNetworkController( 2940): refreshViews: Data not connected!! Set no data type icon / Roaming for phoneId: 0
06-03 17:41:55.054 D/StatusBar.MSimNetworkController( 2940): refreshViews connected={ wifi } level=3 mMSimcombinedSignalIconId=0x7f02034e/com.android.systemui:drawable/stat_sys_wifi_signal_2_fully mMSimcombinedActivityIconId=0x7f020347 mAirplaneMode=false mMSimDataActivity=0 mMSimPhoneSignalIconId=0x7f020339/com.android.systemui:drawable/stat_sys_signal_null mMSimDataDirectionIconId=0x0 mMSimDataSignalIconId=0x7f020339 mMSimDataTypeIconId=0x0/(null) mNoMSimIconId=0x7f02009a/com.android.systemui:drawable/ic_qs_no_sim mMSimMobileActivityIconId=0x0/(null) mWifiIconId=0x7f02034e mBluetoothTetherIconId=0x10806a2
06-03 17:41:55.056 D/StatusBar.MSimNetworkController( 2940): getPhoneId phoneId: 1
06-03 17:41:55.056 D/StatusBar.MSimNetworkController( 2940): onDataActivity received on phoneId :1direction=0
06-03 17:41:55.056 D/StatusBar.MSimNetworkController( 2940): updateDataIcon phoneId =1
06-03 17:41:55.058 D/StatusBar.MSimNetworkController( 2940): updateDataIcon dataSub =0
06-03 17:41:55.058 D/StatusBar.MSimNetworkController( 2940): updateDataIconi: phoneId1 is not DDS.  Clear the mMSimDataConnected Flag and return
06-03 17:41:55.058 D/StatusBar.MSimNetworkController( 2940): refreshViews phoneId =1mMSimDataConnected =false
06-03 17:41:55.058 D/StatusBar.MSimNetworkController( 2940): refreshViews mMSimDataActivity =0
06-03 17:41:55.060 D/StatusBar.MSimNetworkController( 2940): refreshViews: Data not connected!! Set no data type icon / Roaming for phoneId: 1
06-03 17:41:55.060 D/StatusBar.MSimNetworkController( 2940): refreshViews connected={ wifi } level=0 mMSimcombinedSignalIconId=0x7f02034e/com.android.systemui:drawable/stat_sys_wifi_signal_2_fully mMSimcombinedActivityIconId=0x7f020347 mAirplaneMode=false mMSimDataActivity=0 mMSimPhoneSignalIconId=0x7f020339/com.android.systemui:drawable/stat_sys_signal_null mMSimDataDirectionIconId=0x0 mMSimDataSignalIconId=0x7f020339 mMSimDataTypeIconId=0x0/(null) mNoMSimIconId=0x7f02009a/com.android.systemui:drawable/ic_qs_no_sim mMSimMobileActivityIconId=0x0/(null) mWifiIconId=0x7f02034e mBluetoothTetherIconId=0x10806a2
06-03 17:41:55.062 D/StatusBar.MSimNetworkController( 2940): getPhoneId phoneId: 0
06-03 17:41:55.062 D/StatusBar.MSimNetworkController( 2940): onDataActivity received on phoneId :0direction=0
06-03 17:41:55.062 D/StatusBar.MSimNetworkController( 2940): updateDataIcon phoneId =0
06-03 17:41:55.064 D/StatusBar.MSimNetworkController( 2940): updateDataIcon dataSub =0
06-03 17:41:55.064 D/StatusBar.MSimNetworkController( 2940): updateDataIcon  when SimState =ABSENT
06-03 17:41:55.064 D/StatusBar.MSimNetworkController( 2940): updateDataIcon when mMSimDataConnected[0] =false mMSimMobileActivityIconId[0] = 0
06-03 17:41:55.064 D/StatusBar.MSimNetworkController( 2940): refreshViews phoneId =0mMSimDataConnected =false
06-03 17:41:55.064 D/StatusBar.MSimNetworkController( 2940): refreshViews mMSimDataActivity =0
06-03 17:41:55.067 D/StatusBar.MSimNetworkController( 2940): refreshViews: Data not connected!! Set no data type icon / Roaming for phoneId: 0
06-03 17:41:55.067 D/StatusBar.MSimNetworkController( 2940): refreshViews connected={ wifi } level=3 mMSimcombinedSignalIconId=0x7f02034e/com.android.systemui:drawable/stat_sys_wifi_signal_2_fully mMSimcombinedActivityIconId=0x7f020347 mAirplaneMode=false mMSimDataActivity=0 mMSimPhoneSignalIconId=0x7f020339/com.android.systemui:drawable/stat_sys_signal_null mMSimDataDirectionIconId=0x0 mMSimDataSignalIconId=0x7f020339 mMSimDataTypeIconId=0x0/(null) mNoMSimIconId=0x7f02009a/com.android.systemui:drawable/ic_qs_no_sim mMSimMobileActivityIconId=0x0/(null) mWifiIconId=0x7f02034e mBluetoothTetherIconId=0x10806a2
06-03 17:41:55.069 D/StatusBar.MSimNetworkController( 2940): getPhoneId phoneId: 1
06-03 17:41:55.069 D/StatusBar.MSimNetworkController( 2940): onDataActivity received on phoneId :1direction=0
06-03 17:41:55.069 D/StatusBar.MSimNetworkController( 2940): updateDataIcon phoneId =1
06-03 17:41:55.072 D/StatusBar.MSimNetworkController( 2940): updateDataIcon dataSub =0
06-03 17:41:55.073 D/StatusBar.MSimNetworkController( 2940): updateDataIconi: phoneId1 is not DDS.  Clear the mMSimDataConnected Flag and return
06-03 17:41:55.073 D/StatusBar.MSimNetworkController( 2940): refreshViews phoneId =1mMSimDataConnected =false
06-03 17:41:55.073 D/StatusBar.MSimNetworkController( 2940): refreshViews mMSimDataActivity =0
06-03 17:41:55.075 D/StatusBar.MSimNetworkController( 2940): refreshViews: Data not connected!! Set no data type icon / Roaming for phoneId: 1
06-03 17:41:55.075 D/StatusBar.MSimNetworkController( 2940): refreshViews connected={ wifi } level=0 mMSimcombinedSignalIconId=0x7f02034e/com.android.systemui:drawable/stat_sys_wifi_signal_2_fully mMSimcombinedActivityIconId=0x7f020347 mAirplaneMode=false mMSimDataActivity=0 mMSimPhoneSignalIconId=0x7f020339/com.android.systemui:drawable/stat_sys_signal_null mMSimDataDirectionIconId=0x0 mMSimDataSignalIconId=0x7f020339 mMSimDataTypeIconId=0x0/(null) mNoMSimIconId=0x7f02009a/com.android.systemui:drawable/ic_qs_no_sim mMSimMobileActivityIconId=0x0/(null) mWifiIconId=0x7f02034e mBluetoothTetherIconId=0x10806a2
06-03 17:41:55.076 D/StatusBar.MSimNetworkController( 2940): getPhoneId phoneId: 0
06-03 17:41:55.077 D/StatusBar.MSimNetworkController( 2940): onDataActivity received on phoneId :0direction=0
06-03 17:41:55.077 D/StatusBar.MSimNetworkController( 2940): updateDataIcon phoneId =0
06-03 17:41:55.080 D/StatusBar.MSimNetworkController( 2940): updateDataIcon dataSub =0
06-03 17:41:55.080 D/StatusBar.MSimNetworkController( 2940): updateDataIcon  when SimState =ABSENT
06-03 17:41:55.080 D/StatusBar.MSimNetworkController( 2940): updateDataIcon when mMSimDataConnected[0] =false mMSimMobileActivityIconId[0] = 0
06-03 17:41:55.080 D/StatusBar.MSimNetworkController( 2940): refreshViews phoneId =0mMSimDataConnected =false
06-03 17:41:55.080 D/StatusBar.MSimNetworkController( 2940): refreshViews mMSimDataActivity =0
06-03 17:41:55.083 D/StatusBar.MSimNetworkController( 2940): refreshViews: Data not connected!! Set no data type icon / Roaming for phoneId: 0
06-03 17:41:55.083 D/StatusBar.MSimNetworkController( 2940): refreshViews connected={ wifi } level=3 mMSimcombinedSignalIconId=0x7f02034e/com.android.systemui:drawable/stat_sys_wifi_signal_2_fully mMSimcombinedActivityIconId=0x7f020347 mAirplaneMode=false mMSimDataActivity=0 mMSimPhoneSignalIconId=0x7f020339/com.android.systemui:drawable/stat_sys_signal_null mMSimDataDirectionIconId=0x0 mMSimDataSignalIconId=0x7f020339 mMSimDataTypeIconId=0x0/(null) mNoMSimIconId=0x7f02009a/com.android.systemui:drawable/ic_qs_no_sim mMSimMobileActivityIconId=0x0/(null) mWifiIconId=0x7f02034e mBluetoothTetherIconId=0x10806a2
06-03 17:41:55.084 D/StatusBar.MSimNetworkController( 2940): getPhoneId phoneId: 1
06-03 17:41:55.084 D/StatusBar.MSimNetworkController( 2940): onDataActivity received on phoneId :1direction=0
06-03 17:41:55.085 D/StatusBar.MSimNetworkController( 2940): updateDataIcon phoneId =1
06-03 17:41:55.088 D/StatusBar.MSimNetworkController( 2940): updateDataIcon dataSub =0
06-03 17:41:55.088 D/StatusBar.MSimNetworkController( 2940): updateDataIconi: phoneId1 is not DDS.  Clear the mMSimDataConnected Flag and return
06-03 17:41:55.088 D/StatusBar.MSimNetworkController( 2940): refreshViews phoneId =1mMSimDataConnected =false
06-03 17:41:55.088 D/StatusBar.MSimNetworkController( 2940): refreshViews mMSimDataActivity =0
06-03 17:41:55.091 D/StatusBar.MSimNetworkController( 2940): refreshViews: Data not connected!! Set no data type icon / Roaming for phoneId: 1
06-03 17:41:55.091 D/StatusBar.MSimNetworkController( 2940): refreshViews connected={ wifi } level=0 mMSimcombinedSignalIconId=0x7f02034e/com.android.systemui:drawable/stat_sys_wifi_signal_2_fully mMSimcombinedActivityIconId=0x7f020347 mAirplaneMode=false mMSimDataActivity=0 mMSimPhoneSignalIconId=0x7f020339/com.android.systemui:drawable/stat_sys_signal_null mMSimDataDirectionIconId=0x0 mMSimDataSignalIconId=0x7f020339 mMSimDataTypeIconId=0x0/(null) mNoMSimIconId=0x7f02009a/com.android.systemui:drawable/ic_qs_no_sim mMSimMobileActivityIconId=0x0/(null) mWifiIconId=0x7f02034e mBluetoothTetherIconId=0x10806a2
06-03 17:41:55.093 D/StatusBar.MSimNetworkController( 2940): getPhoneId phoneId: 0
06-03 17:41:55.093 D/StatusBar.MSimNetworkController( 2940): onDataActivity received on phoneId :0direction=0
06-03 17:41:55.093 D/StatusBar.MSimNetworkController( 2940): updateDataIcon phoneId =0
06-03 17:41:55.096 D/StatusBar.MSimNetworkController( 2940): updateDataIcon dataSub =0
06-03 17:41:55.096 D/StatusBar.MSimNetworkController( 2940): updateDataIcon  when SimState =ABSENT
06-03 17:41:55.096 D/StatusBar.MSimNetworkController( 2940): updateDataIcon when mMSimDataConnected[0] =false mMSimMobileActivityIconId[0] = 0
06-03 17:41:55.096 D/StatusBar.MSimNetworkController( 2940): refreshViews phoneId =0mMSimDataConnected =false
06-03 17:41:55.096 D/StatusBar.MSimNetworkController( 2940): refreshViews mMSimDataActivity =0
06-03 17:41:55.102 D/StatusBar.MSimNetworkController( 2940): refreshViews: Data not connected!! Set no data type icon / Roaming for phoneId: 0
06-03 17:41:55.103 D/StatusBar.MSimNetworkController( 2940): refreshViews connected={ wifi } level=3 mMSimcombinedSignalIconId=0x7f02034e/com.android.systemui:drawable/stat_sys_wifi_signal_2_fully mMSimcombinedActivityIconId=0x7f020347 mAirplaneMode=false mMSimDataActivity=0 mMSimPhoneSignalIconId=0x7f020339/com.android.systemui:drawable/stat_sys_signal_null mMSimDataDirectionIconId=0x0 mMSimDataSignalIconId=0x7f020339 mMSimDataTypeIconId=0x0/(null) mNoMSimIconId=0x7f02009a/com.android.systemui:drawable/ic_qs_no_sim mMSimMobileActivityIconId=0x0/(null) mWifiIconId=0x7f02034e mBluetoothTetherIconId=0x10806a2
06-03 17:41:55.105 D/StatusBar.MSimNetworkController( 2940): getPhoneId phoneId: 1
06-03 17:41:55.106 D/StatusBar.MSimNetworkController( 2940): onDataActivity received on phoneId :1direction=0
06-03 17:41:55.106 D/StatusBar.MSimNetworkController( 2940): updateDataIcon phoneId =1
06-03 17:41:55.108 D/StatusBar.MSimNetworkController( 2940): updateDataIcon dataSub =0
06-03 17:41:55.108 D/StatusBar.MSimNetworkController( 2940): updateDataIconi: phoneId1 is not DDS.  Clear the mMSimDataConnected Flag and return
06-03 17:41:55.108 D/StatusBar.MSimNetworkController( 2940): refreshViews phoneId =1mMSimDataConnected =false
06-03 17:41:55.108 D/StatusBar.MSimNetworkController( 2940): refreshViews mMSimDataActivity =0
06-03 17:41:55.110 D/StatusBar.MSimNetworkController( 2940): refreshViews: Data not connected!! Set no data type icon / Roaming for phoneId: 1
06-03 17:41:55.110 D/StatusBar.MSimNetworkController( 2940): refreshViews connected={ wifi } level=0 mMSimcombinedSignalIconId=0x7f02034e/com.android.systemui:drawable/stat_sys_wifi_signal_2_fully mMSimcombinedActivityIconId=0x7f020347 mAirplaneMode=false mMSimDataActivity=0 mMSimPhoneSignalIconId=0x7f020339/com.android.systemui:drawable/stat_sys_signal_null mMSimDataDirectionIconId=0x0 mMSimDataSignalIconId=0x7f020339 mMSimDataTypeIconId=0x0/(null) mNoMSimIconId=0x7f02009a/com.android.systemui:drawable/ic_qs_no_sim mMSimMobileActivityIconId=0x0/(null) mWifiIconId=0x7f02034e mBluetoothTetherIconId=0x10806a2
06-03 17:41:55.117 D/StatusBar.MSimNetworkController( 2940): getPhoneId phoneId: 0
06-03 17:41:55.117 D/StatusBar.MSimNetworkController( 2940): onDataActivity received on phoneId :0direction=0
06-03 17:41:55.117 D/StatusBar.MSimNetworkController( 2940): updateDataIcon phoneId =0
06-03 17:41:55.123 D/StatusBar.MSimNetworkController( 2940): updateDataIcon dataSub =0
06-03 17:41:55.123 D/StatusBar.MSimNetworkController( 2940): updateDataIcon  when SimState =ABSENT
06-03 17:41:55.123 D/StatusBar.MSimNetworkController( 2940): updateDataIcon when mMSimDataConnected[0] =false mMSimMobileActivityIconId[0] = 0
06-03 17:41:55.123 D/StatusBar.MSimNetworkController( 2940): refreshViews phoneId =0mMSimDataConnected =false
06-03 17:41:55.123 D/StatusBar.MSimNetworkController( 2940): refreshViews mMSimDataActivity =0
06-03 17:41:55.126 D/StatusBar.MSimNetworkController( 2940): refreshViews: Data not connected!! Set no data type icon / Roaming for phoneId: 0
06-03 17:41:55.127 D/StatusBar.MSimNetworkController( 2940): refreshViews connected={ wifi } level=3 mMSimcombinedSignalIconId=0x7f02034e/com.android.systemui:drawable/stat_sys_wifi_signal_2_fully mMSimcombinedActivityIconId=0x7f020347 mAirplaneMode=false mMSimDataActivity=0 mMSimPhoneSignalIconId=0x7f020339/com.android.systemui:drawable/stat_sys_signal_null mMSimDataDirectionIconId=0x0 mMSimDataSignalIconId=0x7f020339 mMSimDataTypeIconId=0x0/(null) mNoMSimIconId=0x7f02009a/com.android.systemui:drawable/ic_qs_no_sim mMSimMobileActivityIconId=0x0/(null) mWifiIconId=0x7f02034e mBluetoothTetherIconId=0x10806a2
06-03 17:41:55.129 D/StatusBar.MSimNetworkController( 2940): getPhoneId phoneId: 1
06-03 17:41:55.129 D/StatusBar.MSimNetworkController( 2940): onDataActivity received on phoneId :1direction=0
06-03 17:41:55.129 D/StatusBar.MSimNetworkController( 2940): updateDataIcon phoneId =1
06-03 17:41:55.132 D/StatusBar.MSimNetworkController( 2940): updateDataIcon dataSub =0
06-03 17:41:55.132 D/StatusBar.MSimNetworkController( 2940): updateDataIconi: phoneId1 is not DDS.  Clear the mMSimDataConnected Flag and return
06-03 17:41:55.132 D/StatusBar.MSimNetworkController( 2940): refreshViews phoneId =1mMSimDataConnected =false
06-03 17:41:55.132 D/StatusBar.MSimNetworkController( 2940): refreshViews mMSimDataActivity =0
06-03 17:41:55.134 D/StatusBar.MSimNetworkController( 2940): refreshViews: Data not connected!! Set no data type icon / Roaming for phoneId: 1
06-03 17:41:55.135 D/StatusBar.MSimNetworkController( 2940): refreshViews connected={ wifi } level=0 mMSimcombinedSignalIconId=0x7f02034e/com.android.systemui:drawable/stat_sys_wifi_signal_2_fully mMSimcombinedActivityIconId=0x7f020347 mAirplaneMode=false mMSimDataActivity=0 mMSimPhoneSignalIconId=0x7f020339/com.android.systemui:drawable/stat_sys_signal_null mMSimDataDirectionIconId=0x0 mMSimDataSignalIconId=0x7f020339 mMSimDataTypeIconId=0x0/(null) mNoMSimIconId=0x7f02009a/com.android.systemui:drawable/ic_qs_no_sim mMSimMobileActivityIconId=0x0/(null) mWifiIconId=0x7f02034e mBluetoothTetherIconId=0x10806a2
06-03 17:41:55.137 D/StatusBar.MSimNetworkController( 2940): getPhoneId phoneId: 0
06-03 17:41:55.137 D/StatusBar.MSimNetworkController( 2940): onDataActivity received on phoneId :0direction=0
06-03 17:41:55.137 D/StatusBar.MSimNetworkController( 2940): updateDataIcon phoneId =0
06-03 17:41:55.139 D/StatusBar.MSimNetworkController( 2940): updateDataIcon dataSub =0
06-03 17:41:55.139 D/StatusBar.MSimNetworkController( 2940): updateDataIcon  when SimState =ABSENT
06-03 17:41:55.139 D/StatusBar.MSimNetworkController( 2940): updateDataIcon when mMSimDataConnected[0] =false mMSimMobileActivityIconId[0] = 0
06-03 17:41:55.139 D/StatusBar.MSimNetworkController( 2940): refreshViews phoneId =0mMSimDataConnected =false
06-03 17:41:55.139 D/StatusBar.MSimNetworkController( 2940): refreshViews mMSimDataActivity =0
06-03 17:41:55.142 D/StatusBar.MSimNetworkController( 2940): refreshViews: Data not connected!! Set no data type icon / Roaming for phoneId: 0
06-03 17:41:55.143 D/StatusBar.MSimNetworkController( 2940): refreshViews connected={ wifi } level=3 mMSimcombinedSignalIconId=0x7f02034e/com.android.systemui:drawable/stat_sys_wifi_signal_2_fully mMSimcombinedActivityIconId=0x7f020347 mAirplaneMode=false mMSimDataActivity=0 mMSimPhoneSignalIconId=0x7f020339/com.android.systemui:drawable/stat_sys_signal_null mMSimDataDirectionIconId=0x0 mMSimDataSignalIconId=0x7f020339 mMSimDataTypeIconId=0x0/(null) mNoMSimIconId=0x7f02009a/com.android.systemui:drawable/ic_qs_no_sim mMSimMobileActivityIconId=0x0/(null) mWifiIconId=0x7f02034e mBluetoothTetherIconId=0x10806a2
06-03 17:41:55.144 D/StatusBar.MSimNetworkController( 2940): getPhoneId phoneId: 1
06-03 17:41:55.144 D/StatusBar.MSimNetworkController( 2940): onDataActivity received on phoneId :1direction=0
06-03 17:41:55.144 D/StatusBar.MSimNetworkController( 2940): updateDataIcon phoneId =1
06-03 17:41:55.147 D/StatusBar.MSimNetworkController( 2940): updateDataIcon dataSub =0
06-03 17:41:55.147 D/StatusBar.MSimNetworkController( 2940): updateDataIconi: phoneId1 is not DDS.  Clear the mMSimDataConnected Flag and return
06-03 17:41:55.147 D/StatusBar.MSimNetworkController( 2940): refreshViews phoneId =1mMSimDataConnected =false
06-03 17:41:55.147 D/StatusBar.MSimNetworkController( 2940): refreshViews mMSimDataActivity =0
06-03 17:41:55.149 D/StatusBar.MSimNetworkController( 2940): refreshViews: Data not connected!! Set no data type icon / Roaming for phoneId: 1
06-03 17:41:55.149 D/StatusBar.MSimNetworkController( 2940): refreshViews connected={ wifi } level=0 mMSimcombinedSignalIconId=0x7f02034e/com.android.systemui:drawable/stat_sys_wifi_signal_2_fully mMSimcombinedActivityIconId=0x7f020347 mAirplaneMode=false mMSimDataActivity=0 mMSimPhoneSignalIconId=0x7f020339/com.android.systemui:drawable/stat_sys_signal_null mMSimDataDirectionIconId=0x0 mMSimDataSignalIconId=0x7f020339 mMSimDataTypeIconId=0x0/(null) mNoMSimIconId=0x7f02009a/com.android.systemui:drawable/ic_qs_no_sim mMSimMobileActivityIconId=0x0/(null) mWifiIconId=0x7f02034e mBluetoothTetherIconId=0x10806a2
06-03 17:41:55.151 D/StatusBar.MSimNetworkController( 2940): getPhoneId phoneId: 0
06-03 17:41:55.151 D/StatusBar.MSimNetworkController( 2940): onDataActivity received on phoneId :0direction=0
06-03 17:41:55.151 D/StatusBar.MSimNetworkController( 2940): updateDataIcon phoneId =0
06-03 17:41:55.154 D/StatusBar.MSimNetworkController( 2940): updateDataIcon dataSub =0
06-03 17:41:55.154 D/StatusBar.MSimNetworkController( 2940): updateDataIcon  when SimState =ABSENT
06-03 17:41:55.154 D/StatusBar.MSimNetworkController( 2940): updateDataIcon when mMSimDataConnected[0] =false mMSimMobileActivityIconId[0] = 0
06-03 17:41:55.154 D/StatusBar.MSimNetworkController( 2940): refreshViews phoneId =0mMSimDataConnected =false
06-03 17:41:55.154 D/StatusBar.MSimNetworkController( 2940): refreshViews mMSimDataActivity =0
06-03 17:41:55.156 D/StatusBar.MSimNetworkController( 2940): refreshViews: Data not connected!! Set no data type icon / Roaming for phoneId: 0
06-03 17:41:55.157 D/StatusBar.MSimNetworkController( 2940): refreshViews connected={ wifi } level=3 mMSimcombinedSignalIconId=0x7f02034e/com.android.systemui:drawable/stat_sys_wifi_signal_2_fully mMSimcombinedActivityIconId=0x7f020347 mAirplaneMode=false mMSimDataActivity=0 mMSimPhoneSignalIconId=0x7f020339/com.android.systemui:drawable/stat_sys_signal_null mMSimDataDirectionIconId=0x0 mMSimDataSignalIconId=0x7f020339 mMSimDataTypeIconId=0x0/(null) mNoMSimIconId=0x7f02009a/com.android.systemui:drawable/ic_qs_no_sim mMSimMobileActivityIconId=0x0/(null) mWifiIconId=0x7f02034e mBluetoothTetherIconId=0x10806a2
06-03 17:41:55.158 D/StatusBar.MSimNetworkController( 2940): getPhoneId phoneId: 1
06-03 17:41:55.158 D/StatusBar.MSimNetworkController( 2940): onDataActivity received on phoneId :1direction=0
06-03 17:41:55.158 D/StatusBar.MSimNetworkController( 2940): updateDataIcon phoneId =1
06-03 17:41:55.160 D/StatusBar.MSimNetworkController( 2940): updateDataIcon dataSub =0
06-03 17:41:55.161 D/StatusBar.MSimNetworkController( 2940): updateDataIconi: phoneId1 is not DDS.  Clear the mMSimDataConnected Flag and return
06-03 17:41:55.161 D/StatusBar.MSimNetworkController( 2940): refreshViews phoneId =1mMSimDataConnected =false
06-03 17:41:55.161 D/StatusBar.MSimNetworkController( 2940): refreshViews mMSimDataActivity =0
06-03 17:41:55.164 D/StatusBar.MSimNetworkController( 2940): refreshViews: Data not connected!! Set no data type icon / Roaming for phoneId: 1
06-03 17:41:55.164 D/StatusBar.MSimNetworkController( 2940): refreshViews connected={ wifi } level=0 mMSimcombinedSignalIconId=0x7f02034e/com.android.systemui:drawable/stat_sys_wifi_signal_2_fully mMSimcombinedActivityIconId=0x7f020347 mAirplaneMode=false mMSimDataActivity=0 mMSimPhoneSignalIconId=0x7f020339/com.android.systemui:drawable/stat_sys_signal_null mMSimDataDirectionIconId=0x0 mMSimDataSignalIconId=0x7f020339 mMSimDataTypeIconId=0x0/(null) mNoMSimIconId=0x7f02009a/com.android.systemui:drawable/ic_qs_no_sim mMSimMobileActivityIconId=0x0/(null) mWifiIconId=0x7f02034e mBluetoothTetherIconId=0x10806a2
06-03 17:41:55.166 D/StatusBar.MSimNetworkController( 2940): getPhoneId phoneId: 1
06-03 17:41:55.166 D/StatusBar.MSimNetworkController( 2940): onDataActivity received on phoneId :1direction=0
06-03 17:41:55.166 D/StatusBar.MSimNetworkController( 2940): updateDataIcon phoneId =1
06-03 17:41:55.168 D/StatusBar.MSimNetworkController( 2940): updateDataIcon dataSub =0
06-03 17:41:55.168 D/StatusBar.MSimNetworkController( 2940): updateDataIconi: phoneId1 is not DDS.  Clear the mMSimDataConnected Flag and return
06-03 17:41:55.168 D/StatusBar.MSimNetworkController( 2940): refreshViews phoneId =1mMSimDataConnected =false
06-03 17:41:55.168 D/StatusBar.MSimNetworkController( 2940): refreshViews mMSimDataActivity =0
06-03 17:41:55.170 D/StatusBar.MSimNetworkController( 2940): refreshViews: Data not connected!! Set no data type icon / Roaming for phoneId: 1
06-03 17:41:55.171 D/StatusBar.MSimNetworkController( 2940): refreshViews connected={ wifi } level=0 mMSimcombinedSignalIconId=0x7f02034e/com.android.systemui:drawable/stat_sys_wifi_signal_2_fully mMSimcombinedActivityIconId=0x7f020347 mAirplaneMode=false mMSimDataActivity=0 mMSimPhoneSignalIconId=0x7f020339/com.android.systemui:drawable/stat_sys_signal_null mMSimDataDirectionIconId=0x0 mMSimDataSignalIconId=0x7f020339 mMSimDataTypeIconId=0x0/(null) mNoMSimIconId=0x7f02009a/com.android.systemui:drawable/ic_qs_no_sim mMSimMobileActivityIconId=0x0/(null) mWifiIconId=0x7f02034e mBluetoothTetherIconId=0x10806a2
06-03 17:41:55.172 D/StatusBar.MSimNetworkController( 2940): getPhoneId phoneId: 0
06-03 17:41:55.172 D/StatusBar.MSimNetworkController( 2940): onDataActivity received on phoneId :0direction=0
06-03 17:41:55.173 D/StatusBar.MSimNetworkController( 2940): updateDataIcon phoneId =0
06-03 17:41:55.175 D/StatusBar.MSimNetworkController( 2940): updateDataIcon dataSub =0
06-03 17:41:55.175 D/StatusBar.MSimNetworkController( 2940): updateDataIcon  when SimState =ABSENT
06-03 17:41:55.175 D/StatusBar.MSimNetworkController( 2940): updateDataIcon when mMSimDataConnected[0] =false mMSimMobileActivityIconId[0] = 0
06-03 17:41:55.175 D/StatusBar.MSimNetworkController( 2940): refreshViews phoneId =0mMSimDataConnected =false
06-03 17:41:55.175 D/StatusBar.MSimNetworkController( 2940): refreshViews mMSimDataActivity =0
06-03 17:41:55.178 D/StatusBar.MSimNetworkController( 2940): refreshViews: Data not connected!! Set no data type icon / Roaming for phoneId: 0
06-03 17:41:55.178 D/StatusBar.MSimNetworkController( 2940): refreshViews connected={ wifi } level=3 mMSimcombinedSignalIconId=0x7f02034e/com.android.systemui:drawable/stat_sys_wifi_signal_2_fully mMSimcombinedActivityIconId=0x7f020347 mAirplaneMode=false mMSimDataActivity=0 mMSimPhoneSignalIconId=0x7f020339/com.android.systemui:drawable/stat_sys_signal_null mMSimDataDirectionIconId=0x0 mMSimDataSignalIconId=0x7f020339 mMSimDataTypeIconId=0x0/(null) mNoMSimIconId=0x7f02009a/com.android.systemui:drawable/ic_qs_no_sim mMSimMobileActivityIconId=0x0/(null) mWifiIconId=0x7f02034e mBluetoothTetherIconId=0x10806a2
06-03 17:41:55.252 E/libsuspend(  775): Error writing to /sys/power/state: Device or resource busy
06-03 17:41:55.352 E/libsuspend(  775): Error writing to /sys/power/state: Device or resource busy
06-03 17:41:55.453 E/libsuspend(  775): Error writing to /sys/power/state: Device or resource busy
06-03 17:41:55.554 E/libsuspend(  775): Error writing to /sys/power/state: Device or resource busy
06-03 17:41:55.655 E/libsuspend(  775): Error writing to /sys/power/state: Device or resource busy
06-03 17:41:55.829 E/libsuspend(  775): Error writing to /sys/power/state: Device or resource busy
06-03 17:41:55.837 D/BatteryMeterView( 2940): not on charging...
06-03 17:41:55.837 D/BatteryMeterView( 2940): not on charging...
06-03 17:41:55.838 D/BatteryMeterView( 2940): not on charging...
06-03 17:41:55.929 E/libsuspend(  775): Error writing to /sys/power/state: Device or resource busy
06-03 17:41:56.031 E/libsuspend(  775): Error writing to /sys/power/state: Device or resource busy
06-03 17:41:56.132 E/libsuspend(  775): Error writing to /sys/power/state: Device or resource busy
06-03 17:41:56.233 E/libsuspend(  775): Error writing to /sys/power/state: Device or resource busy
06-03 17:41:56.335 E/libsuspend(  775): Error writing to /sys/power/state: Device or resource busy
06-03 17:41:56.436 E/libsuspend(  775): Error writing to /sys/power/state: Device or resource busy
06-03 17:41:56.537 E/libsuspend(  775): Error writing to /sys/power/state: Device or resource busy
06-03 17:41:56.639 E/libsuspend(  775): Error writing to /sys/power/state: Device or resource busy
06-03 17:41:56.740 E/libsuspend(  775): Error writing to /sys/power/state: Device or resource busy
06-03 17:41:56.916 E/libsuspend(  775): Error writing to /sys/power/state: Device or resource busy
06-03 17:41:57.017 E/libsuspend(  775): Error writing to /sys/power/state: Device or resource busy
06-03 17:41:57.118 E/libsuspend(  775): Error writing to /sys/power/state: Device or resource busy
06-03 17:41:57.219 E/libsuspend(  775): Error writing to /sys/power/state: Device or resource busy
06-03 17:41:57.320 E/libsuspend(  775): Error writing to /sys/power/state: Device or resource busy
06-03 17:41:57.421 E/libsuspend(  775): Error writing to /sys/power/state: Device or resource busy
06-03 17:41:57.523 E/libsuspend(  775): Error writing to /sys/power/state: Device or resource busy
06-03 17:41:57.624 E/libsuspend(  775): Error writing to /sys/power/state: Device or resource busy
06-03 17:41:57.726 E/libsuspend(  775): Error writing to /sys/power/state: Device or resource busy
06-03 17:41:57.827 E/libsuspend(  775): Error writing to /sys/power/state: Device or resource busy
06-03 17:41:58.016 D/BatteryMeterView( 2940): not on charging...
06-03 17:41:58.017 D/BatteryMeterView( 2940): not on charging...
06-03 17:41:58.017 D/BatteryMeterView( 2940): not on charging...
06-03 17:41:58.020 E/libsuspend(  775): Error writing to /sys/power/state: Device or resource busy
06-03 17:41:58.121 E/libsuspend(  775): Error writing to /sys/power/state: Device or resource busy
06-03 17:41:58.223 E/libsuspend(  775): Error writing to /sys/power/state: Device or resource busy
06-03 17:41:58.324 E/libsuspend(  775): Error writing to /sys/power/state: Device or resource busy
06-03 17:41:58.425 E/libsuspend(  775): Error writing to /sys/power/state: Device or resource busy
06-03 17:41:58.526 E/libsuspend(  775): Error writing to /sys/power/state: Device or resource busy
06-03 17:41:58.627 E/libsuspend(  775): Error writing to /sys/power/state: Device or resource busy
06-03 17:41:58.727 E/libsuspend(  775): Error writing to /sys/power/state: Device or resource busy
06-03 17:41:58.829 E/libsuspend(  775): Error writing to /sys/power/state: Device or resource busy
06-03 17:41:58.930 E/libsuspend(  775): Error writing to /sys/power/state: Device or resource busy
06-03 17:41:59.088 E/libsuspend(  775): Error writing to /sys/power/state: Device or resource busy
06-03 17:41:59.096 D/BatteryMeterView( 2940): not on charging...
06-03 17:41:59.097 D/BatteryMeterView( 2940): not on charging...
06-03 17:41:59.097 D/BatteryMeterView( 2940): not on charging...
06-03 17:41:59.188 E/libsuspend(  775): Error writing to /sys/power/state: Device or resource busy
06-03 17:41:59.290 E/libsuspend(  775): Error writing to /sys/power/state: Device or resource busy
06-03 17:41:59.391 E/libsuspend(  775): Error writing to /sys/power/state: Device or resource busy
06-03 17:41:59.492 E/libsuspend(  775): Error writing to /sys/power/state: Device or resource busy
06-03 17:41:59.593 E/libsuspend(  775): Error writing to /sys/power/state: Device or resource busy
06-03 17:41:59.694 E/libsuspend(  775): Error writing to /sys/power/state: Device or resource busy
06-03 17:41:59.796 E/libsuspend(  775): Error writing to /sys/power/state: Device or resource busy
06-03 17:41:59.897 E/libsuspend(  775): Error writing to /sys/power/state: Device or resource busy
06-03 17:41:59.938 D/PhoneStatusBar( 2940): disable: < expand ICONS* alerts SYSTEM_INFO* back home recent clock search >
06-03 17:41:59.944 D/BluetoothAdapter( 2940): 409945778: getState() :  mService = null. Returning STATE_OFF
06-03 17:41:59.944 D/BluetoothAdapter( 2940): 409945778: getState() :  mService = null. Returning STATE_OFF
06-03 17:41:59.955 D/BluetoothAdapter( 2940): 409945778: getState() :  mService = null. Returning STATE_OFF
06-03 17:41:59.955 D/BluetoothAdapter( 2940): 409945778: getState() :  mService = null. Returning STATE_OFF
06-03 17:41:59.957 W/Settings( 2940): Setting airplane_mode_on has moved from android.provider.Settings.System to android.provider.Settings.Global, returning read-only value.
06-03 17:42:00.005 I/WindowManager(  775): mDock rect: (0,0 - 720,1280)
06-03 17:42:00.006 V/WindowManager(  775): Status bar: dock=[0,50][720,1280] content=[0,50][720,1280] cur=[0,50][720,1280]
06-03 17:42:00.006 V/WindowManager(  775): layoutWindowLw(): normal window
06-03 17:42:00.007 V/WindowManager(  775): Compute frame : sim=#20 attach=null type=2015 flags=0x01000018 pf=[0,50][720,1280] df=[0,50][720,1280] of=[0,50][720,1280] cf=[0,50][720,1280] vf=[0,50][720,1280] dcf=[0,0][720,1280] sf=[0,50][720,1280]
06-03 17:42:00.007 V/WindowManager(  775): Compute frame StatusBar: sim=#10 attach=null type=2000 flags=0x81960040 pf=[0,0][720,1280] df=[0,0][720,1280] of=[0,0][720,1280] cf=[0,50][720,1280] vf=[0,50][720,1280] dcf=[0,0][0,0] sf=[0,50][720,1280]
06-03 17:42:00.007 V/WindowManager(  775): layoutWindowLw(com.android.phasebeam.PhaseBeamWallpaper): IN_SCREEN
06-03 17:42:00.008 V/WindowManager(  775): Compute frame com.android.phasebeam.PhaseBeamWallpaper: sim=#0 attach=null type=2013 flags=0x00000308 pf=[0,0][720,1280] df=[-10000,-10000][10000,10000] of=[0,0][720,1280] cf=[0,0][720,1280] vf=[0,50][720,1280] dcf=[0,0][720,1280] sf=[0,50][720,1280]
06-03 17:42:00.008 V/WindowManager(  775): layoutWindowLw(com.telpo.tpui/com.telpo.tpui.MainActivity): IN_SCREEN, INSET_DECOR
06-03 17:42:00.008 V/WindowManager(  775): Compute frame com.telpo.tpui/com.telpo.tpui.MainActivity: sim=#110 attach=null type=1 flags=0x85810100 pf=[0,0][720,1280] df=[0,0][720,1280] of=[0,0][720,1280] cf=[0,50][720,1280] vf=[0,50][720,1280] dcf=[0,0][720,1280] sf=[0,50][720,1280]
06-03 17:42:00.008 I/WindowManager(  775): Win Window{bff5d73 u0 android}: isVisibleOrBehindKeyguardLw=true
06-03 17:42:00.008 I/WindowManager(  775): Win Window{7989c4a u0 StatusBar}: isVisibleOrBehindKeyguardLw=true
06-03 17:42:00.008 I/WindowManager(  775): Win Window{1ea30909 u0 com.android.phasebeam.PhaseBeamWallpaper}: isVisibleOrBehindKeyguardLw=true
06-03 17:42:00.008 I/WindowManager(  775): Win Window{2142f7eb u0 com.telpo.tpui/com.telpo.tpui.MainActivity}: isVisibleOrBehindKeyguardLw=true
06-03 17:42:00.008 V/WindowManager(  775): Fullscreen window: Window{2142f7eb u0 com.telpo.tpui/com.telpo.tpui.MainActivity}
06-03 17:42:00.008 I/WindowManager(  775): force=false forcefkg=true top=Window{2142f7eb u0 com.telpo.tpui/com.telpo.tpui.MainActivity}
06-03 17:42:00.008 V/WindowManager(  775): Showing status bar: forced
06-03 17:42:00.008 V/WindowManager(  775): finishPostLayoutPolicyLw: mHideKeyguard=false
06-03 17:42:00.017 E/qdutils (  262): int qdutils::getHDMINode(): Failed to open fb node 1
06-03 17:42:00.017 E/qdutils (  262): int qdutils::getHDMINode(): Failed to open fb node 2
06-03 17:42:00.017 E/qdutils (  262): int qdutils::getHDMINode(): Failed to find HDMI node
06-03 17:42:00.017 I/SurfaceFlinger(  262): FPS: 1
06-03 17:42:00.019 I/WindowManager(  775): mDock rect: (0,0 - 720,1280)
06-03 17:42:00.019 V/WindowManager(  775): Status bar: dock=[0,50][720,1280] content=[0,50][720,1280] cur=[0,50][720,1280]
06-03 17:42:00.019 V/WindowManager(  775): layoutWindowLw(): normal window
06-03 17:42:00.020 V/WindowManager(  775): Compute frame : sim=#20 attach=null type=2015 flags=0x01000018 pf=[0,50][720,1280] df=[0,50][720,1280] of=[0,50][720,1280] cf=[0,50][720,1280] vf=[0,50][720,1280] dcf=[0,0][720,1280] sf=[0,50][720,1280]
06-03 17:42:00.020 V/WindowManager(  775): Compute frame StatusBar: sim=#10 attach=null type=2000 flags=0x81960040 pf=[0,0][720,1280] df=[0,0][720,1280] of=[0,0][720,1280] cf=[0,50][720,1280] vf=[0,50][720,1280] dcf=[0,0][0,0] sf=[0,50][720,1280]
06-03 17:42:00.020 V/WindowManager(  775): layoutWindowLw(com.android.phasebeam.PhaseBeamWallpaper): IN_SCREEN
06-03 17:42:00.020 V/WindowManager(  775): Compute frame com.android.phasebeam.PhaseBeamWallpaper: sim=#0 attach=null type=2013 flags=0x00000308 pf=[0,0][720,1280] df=[-10000,-10000][10000,10000] of=[0,0][720,1280] cf=[0,0][720,1280] vf=[0,50][720,1280] dcf=[0,0][720,1280] sf=[0,50][720,1280]
06-03 17:42:00.020 V/WindowManager(  775): layoutWindowLw(com.telpo.tpui/com.telpo.tpui.MainActivity): IN_SCREEN, INSET_DECOR
06-03 17:42:00.020 V/WindowManager(  775): Compute frame com.telpo.tpui/com.telpo.tpui.MainActivity: sim=#110 attach=null type=1 flags=0x85810100 pf=[0,0][720,1280] df=[0,0][720,1280] of=[0,0][720,1280] cf=[0,50][720,1280] vf=[0,50][720,1280] dcf=[0,0][720,1280] sf=[0,50][720,1280]
06-03 17:42:00.020 I/WindowManager(  775): Win Window{bff5d73 u0 android}: isVisibleOrBehindKeyguardLw=true
06-03 17:42:00.020 I/WindowManager(  775): Win Window{7989c4a u0 StatusBar}: isVisibleOrBehindKeyguardLw=true
06-03 17:42:00.020 I/WindowManager(  775): Win Window{1ea30909 u0 com.android.phasebeam.PhaseBeamWallpaper}: isVisibleOrBehindKeyguardLw=true
06-03 17:42:00.020 I/WindowManager(  775): Win Window{2142f7eb u0 com.telpo.tpui/com.telpo.tpui.MainActivity}: isVisibleOrBehindKeyguardLw=true
06-03 17:42:00.020 V/WindowManager(  775): Fullscreen window: Window{2142f7eb u0 com.telpo.tpui/com.telpo.tpui.MainActivity}
06-03 17:42:00.020 I/WindowManager(  775): force=false forcefkg=true top=Window{2142f7eb u0 com.telpo.tpui/com.telpo.tpui.MainActivity}
06-03 17:42:00.020 V/WindowManager(  775): Showing status bar: forced
06-03 17:42:00.020 V/WindowManager(  775): finishPostLayoutPolicyLw: mHideKeyguard=false
06-03 17:42:00.047 I/WindowManager(  775): Win Window{bff5d73 u0 android}: isVisibleOrBehindKeyguardLw=true
06-03 17:42:00.047 I/WindowManager(  775): Win Window{7989c4a u0 StatusBar}: isVisibleOrBehindKeyguardLw=true
06-03 17:42:00.047 I/WindowManager(  775): Win Window{1ea30909 u0 com.android.phasebeam.PhaseBeamWallpaper}: isVisibleOrBehindKeyguardLw=true
06-03 17:42:00.047 I/WindowManager(  775): Win Window{2142f7eb u0 com.telpo.tpui/com.telpo.tpui.MainActivity}: isVisibleOrBehindKeyguardLw=true
06-03 17:42:00.047 V/WindowManager(  775): Fullscreen window: Window{2142f7eb u0 com.telpo.tpui/com.telpo.tpui.MainActivity}
06-03 17:42:00.047 I/WindowManager(  775): force=false forcefkg=true top=Window{2142f7eb u0 com.telpo.tpui/com.telpo.tpui.MainActivity}
06-03 17:42:00.047 V/WindowManager(  775): Showing status bar: forced
06-03 17:42:00.047 V/WindowManager(  775): finishPostLayoutPolicyLw: mHideKeyguard=false
06-03 17:42:00.058 E/qdutils (  262): int qdutils::getHDMINode(): Failed to open fb node 1
06-03 17:42:00.058 E/qdutils (  262): int qdutils::getHDMINode(): Failed to open fb node 2
06-03 17:42:00.058 E/qdutils (  262): int qdutils::getHDMINode(): Failed to find HDMI node
06-03 17:42:00.085 D/PhoneStatusBar( 2940): disable: < expand ICONS alerts SYSTEM_INFO back HOME* RECENT* clock SEARCH* >
06-03 17:42:00.124 I/WindowManager(  775): mDock rect: (0,0 - 720,1280)
06-03 17:42:00.124 V/WindowManager(  775): Status bar: dock=[0,50][720,1280] content=[0,50][720,1280] cur=[0,50][720,1280]
06-03 17:42:00.124 V/WindowManager(  775): layoutWindowLw(): normal window
06-03 17:42:00.124 V/WindowManager(  775): Compute frame : sim=#20 attach=null type=2015 flags=0x01000018 pf=[0,50][720,1280] df=[0,50][720,1280] of=[0,50][720,1280] cf=[0,50][720,1280] vf=[0,50][720,1280] dcf=[0,0][720,1280] sf=[0,50][720,1280]
06-03 17:42:00.124 V/WindowManager(  775): Compute frame StatusBar: sim=#10 attach=null type=2000 flags=0x81960040 pf=[0,0][720,1280] df=[0,0][720,1280] of=[0,0][720,1280] cf=[0,50][720,1280] vf=[0,50][720,1280] dcf=[0,0][0,0] sf=[0,50][720,1280]
06-03 17:42:00.124 V/WindowManager(  775): layoutWindowLw(com.android.phasebeam.PhaseBeamWallpaper): IN_SCREEN
06-03 17:42:00.125 V/WindowManager(  775): Compute frame com.android.phasebeam.PhaseBeamWallpaper: sim=#0 attach=null type=2013 flags=0x00000308 pf=[0,0][720,1280] df=[-10000,-10000][10000,10000] of=[0,0][720,1280] cf=[0,0][720,1280] vf=[0,50][720,1280] dcf=[0,0][720,1280] sf=[0,50][720,1280]
06-03 17:42:00.125 V/WindowManager(  775): layoutWindowLw(com.telpo.tpui/com.telpo.tpui.MainActivity): IN_SCREEN, INSET_DECOR
06-03 17:42:00.125 V/WindowManager(  775): Compute frame com.telpo.tpui/com.telpo.tpui.MainActivity: sim=#110 attach=null type=1 flags=0x85810100 pf=[0,0][720,1280] df=[0,0][720,1280] of=[0,0][720,1280] cf=[0,50][720,1280] vf=[0,50][720,1280] dcf=[0,0][720,1280] sf=[0,50][720,1280]
06-03 17:42:00.125 I/WindowManager(  775): Win Window{bff5d73 u0 android}: isVisibleOrBehindKeyguardLw=true
06-03 17:42:00.125 I/WindowManager(  775): Win Window{7989c4a u0 StatusBar}: isVisibleOrBehindKeyguardLw=true
06-03 17:42:00.125 I/WindowManager(  775): Win Window{1ea30909 u0 com.android.phasebeam.PhaseBeamWallpaper}: isVisibleOrBehindKeyguardLw=true
06-03 17:42:00.125 I/WindowManager(  775): Win Window{2142f7eb u0 com.telpo.tpui/com.telpo.tpui.MainActivity}: isVisibleOrBehindKeyguardLw=true
06-03 17:42:00.125 V/WindowManager(  775): Fullscreen window: Window{2142f7eb u0 com.telpo.tpui/com.telpo.tpui.MainActivity}
06-03 17:42:00.125 I/WindowManager(  775): force=false forcefkg=true top=Window{2142f7eb u0 com.telpo.tpui/com.telpo.tpui.MainActivity}
06-03 17:42:00.125 V/WindowManager(  775): Showing status bar: forced
06-03 17:42:00.125 V/WindowManager(  775): finishPostLayoutPolicyLw: mHideKeyguard=false
06-03 17:42:00.128 I/WindowManager(  775): mDock rect: (0,0 - 720,1280)
06-03 17:42:00.128 V/WindowManager(  775): Status bar: dock=[0,50][720,1280] content=[0,50][720,1280] cur=[0,50][720,1280]
06-03 17:42:00.128 V/WindowManager(  775): layoutWindowLw(): normal window
06-03 17:42:00.128 V/WindowManager(  775): Compute frame : sim=#20 attach=null type=2015 flags=0x01000018 pf=[0,50][720,1280] df=[0,50][720,1280] of=[0,50][720,1280] cf=[0,50][720,1280] vf=[0,50][720,1280] dcf=[0,0][720,1280] sf=[0,50][720,1280]
06-03 17:42:00.129 V/WindowManager(  775): Compute frame StatusBar: sim=#10 attach=null type=2000 flags=0x81960040 pf=[0,0][720,1280] df=[0,0][720,1280] of=[0,0][720,1280] cf=[0,50][720,1280] vf=[0,50][720,1280] dcf=[0,0][0,0] sf=[0,50][720,1280]
06-03 17:42:00.129 V/WindowManager(  775): layoutWindowLw(com.android.phasebeam.PhaseBeamWallpaper): IN_SCREEN
06-03 17:42:00.129 V/WindowManager(  775): Compute frame com.android.phasebeam.PhaseBeamWallpaper: sim=#0 attach=null type=2013 flags=0x00000308 pf=[0,0][720,1280] df=[-10000,-10000][10000,10000] of=[0,0][720,1280] cf=[0,0][720,1280] vf=[0,50][720,1280] dcf=[0,0][720,1280] sf=[0,50][720,1280]
06-03 17:42:00.129 V/WindowManager(  775): layoutWindowLw(com.telpo.tpui/com.telpo.tpui.MainActivity): IN_SCREEN, INSET_DECOR
06-03 17:42:00.129 V/WindowManager(  775): Compute frame com.telpo.tpui/com.telpo.tpui.MainActivity: sim=#110 attach=null type=1 flags=0x85810100 pf=[0,0][720,1280] df=[0,0][720,1280] of=[0,0][720,1280] cf=[0,50][720,1280] vf=[0,50][720,1280] dcf=[0,0][720,1280] sf=[0,50][720,1280]
06-03 17:42:00.129 I/WindowManager(  775): Win Window{bff5d73 u0 android}: isVisibleOrBehindKeyguardLw=true
06-03 17:42:00.129 I/WindowManager(  775): Win Window{7989c4a u0 StatusBar}: isVisibleOrBehindKeyguardLw=true
06-03 17:42:00.129 I/WindowManager(  775): Win Window{1ea30909 u0 com.android.phasebeam.PhaseBeamWallpaper}: isVisibleOrBehindKeyguardLw=true
06-03 17:42:00.129 I/WindowManager(  775): Win Window{2142f7eb u0 com.telpo.tpui/com.telpo.tpui.MainActivity}: isVisibleOrBehindKeyguardLw=true
06-03 17:42:00.129 V/WindowManager(  775): Fullscreen window: Window{2142f7eb u0 com.telpo.tpui/com.telpo.tpui.MainActivity}
06-03 17:42:00.129 I/WindowManager(  775): force=false forcefkg=true top=Window{2142f7eb u0 com.telpo.tpui/com.telpo.tpui.MainActivity}
06-03 17:42:00.129 V/WindowManager(  775): Showing status bar: forced
