06-03 17:38:13.051 E/libsuspend(  775): Error writing to /sys/power/state: Device or resource busy
06-03 17:38:13.164 D/BatteryMeterView( 2940): not on charging...
06-03 17:38:13.164 D/BatteryMeterView( 2940): not on charging...
06-03 17:38:13.165 D/BatteryMeterView( 2940): not on charging...
06-03 17:38:14.261 D/BatteryMeterView( 2940): not on charging...
06-03 17:38:14.262 D/BatteryMeterView( 2940): not on charging...
06-03 17:38:14.262 D/BatteryMeterView( 2940): not on charging...
06-03 17:38:14.567 I/Scheduler( 3183): Cleaning up unwanted schedulers, if there are any.
06-03 17:38:14.595 I/GoogleURLConnFactory( 3183): Using platform SSLCertificateSocketFactory
06-03 17:38:15.175 E/libsuspend(  775): Error writing to /sys/power/state: Device or resource busy
06-03 17:38:15.203 I/GCM-GMS (17955): Registering GMS 745476177629
06-03 17:38:15.229 E/GCM     ( 3183): Missing checkin config file
06-03 17:38:15.230 W/GCM     ( 3183): GCM FAILED TO INITIALIZE - missing checkin
06-03 17:38:15.234 W/GCM-GMS (17955): Failed to get registration: java.io.IOException: AUTHENTICATION_FAILED
06-03 17:38:15.352 D/BatteryMeterView( 2940): not on charging...
06-03 17:38:15.353 D/BatteryMeterView( 2940): not on charging...
06-03 17:38:15.353 D/BatteryMeterView( 2940): not on charging...
06-03 17:38:16.786 I/qdhwcomposer(  262): handle_blank_event: dpy:0 panel power state: 0
06-03 17:38:16.787 E/qdutils (  262): int qdutils::getHDMINode(): Failed to open fb node 1
06-03 17:38:16.787 E/qdutils (  262): int qdutils::getHDMINode(): Failed to open fb node 2
06-03 17:38:16.787 E/qdutils (  262): int qdutils::getHDMINode(): Failed to find HDMI node
06-03 17:38:16.791 V/WLAN_PSA(  314): NL MSG, len[4041], NL type[0x1C] WNI type[0x5900] len[45327]
06-03 17:38:16.791 V/WLAN_PSA(  314): NL MSG, PID: 314
06-03 17:38:16.793 D/VM_BMS  (  461): wake_lock acquired
06-03 17:38:16.793 D/VM_BMS  (  461): New BMS data - Size=56
06-03 17:38:16.793 D/VM_BMS  (  461): Start process_bms_data
06-03 17:38:16.793 D/VM_BMS  (  461): Battery charge_cycle=0 fcc_adjust=0 rbatt_adjust=0 cycle_changed=false
06-03 17:38:16.795 D/VM_BMS  (  461): For batt_temp=255 fcc_mah=2200
06-03 17:38:16.796 D/VM_BMS  (  461): Lookup fcc_mah=2200.000000  adjusted fcc_mah=2200.000000
06-03 17:38:16.796 D/VM_BMS  (  461): For ocv=3801645 batt_temp=255 soc=36
06-03 17:38:16.796 D/VM_BMS  (  461): fifo_count=0 acc_count=33
06-03 17:38:16.796 D/VM_BMS  (  461): INIT: ocv=3801645 last_ocv=3801645 batt_temp=255 soc=36
06-03 17:38:16.796 D/VM_BMS  (  461): For soc=36 batt_temp=255 slope=3000
06-03 17:38:16.796 D/VM_BMS  (  461): For soc=36 batt_temp=255 rbatt_sf=106
06-03 17:38:16.797 D/VM_BMS  (  461): rbatt_mohm_default=72, rbatt_mohm=76, sf=106 batt_temp=255
06-03 17:38:16.797 D/VM_BMS  (  461): Lookup rbatt=76.000000  adjusted rbatt=76.000000
06-03 17:38:16.797 D/VM_BMS  (  461): For ocv=3801644 batt_temp=255 soc=36
06-03 17:38:16.797 D/VM_BMS  (  461): FIFO=0 fifo_avg=3.800205 rbatt=0.126000 slope=0.300000 ibatt=0.011425 ocv=3.801644 soc=36 fcc_ah=2.200000 sample_count=33 sample_interval=70 seq_num=6770
06-03 17:38:16.798 I/VM_BMS  (  461): power_supply_update: ocv_uv=3801644 ibatt=11424 soc=36 seq_num=6770
06-03 17:38:16.798 D/VM_BMS  (  461): End process_bms_data
06-03 17:38:16.798 D/VM_BMS  (  461): wake_lock released
06-03 17:38:16.921 D/BatteryMeterView( 2940): not on charging...
06-03 17:38:16.921 D/BatteryMeterView( 2940): not on charging...
06-03 17:38:16.922 D/BatteryMeterView( 2940): not on charging...
06-03 17:38:18.119 I/qdhwcomposer(  262): handle_blank_event: dpy:0 panel power state: 0
06-03 17:38:18.120 E/qdutils (  262): int qdutils::getHDMINode(): Failed to open fb node 1
06-03 17:38:18.120 E/qdutils (  262): int qdutils::getHDMINode(): Failed to open fb node 2
06-03 17:38:18.120 E/qdutils (  262): int qdutils::getHDMINode(): Failed to find HDMI node
06-03 17:38:18.123 D/VM_BMS  (  461): wake_lock acquired
06-03 17:38:18.123 D/VM_BMS  (  461): New BMS data - Size=56
06-03 17:38:18.123 D/VM_BMS  (  461): Start process_bms_data
06-03 17:38:18.123 D/VM_BMS  (  461): Battery charge_cycle=0 fcc_adjust=0 rbatt_adjust=0 cycle_changed=false
06-03 17:38:18.127 D/WindowManager(  775): interceptKeyTq keycode=26 interactive=false keyguardActive=true policyFlags=2000000
06-03 17:38:18.134 D/VM_BMS  (  461): For batt_temp=255 fcc_mah=2200
06-03 17:38:18.134 D/VM_BMS  (  461): Lookup fcc_mah=2200.000000  adjusted fcc_mah=2200.000000
06-03 17:38:18.134 D/VM_BMS  (  461): For ocv=3801644 batt_temp=255 soc=36
06-03 17:38:18.134 D/VM_BMS  (  461): fifo_count=0 acc_count=9
06-03 17:38:18.134 D/VM_BMS  (  461): INIT: ocv=3801644 last_ocv=3801644 batt_temp=255 soc=36
06-03 17:38:18.134 D/VM_BMS  (  461): For soc=36 batt_temp=255 slope=3000
06-03 17:38:18.134 D/VM_BMS  (  461): For soc=36 batt_temp=255 rbatt_sf=106
06-03 17:38:18.134 D/VM_BMS  (  461): rbatt_mohm_default=72, rbatt_mohm=76, sf=106 batt_temp=255
06-03 17:38:18.134 D/VM_BMS  (  461): Lookup rbatt=76.000000  adjusted rbatt=76.000000
06-03 17:38:18.134 D/VM_BMS  (  461): For ocv=3801643 batt_temp=255 soc=36
06-03 17:38:18.134 W/ContextImpl(  775): Calling a method in the system process without a qualified user: android.app.ContextImpl.sendBroadcast:1441 com.android.internal.policy.impl.PhoneWindowManager.interceptKeyBeforeQueueing:5372 com.android.server.wm.InputMonitor.interceptKeyBeforeQueueing:370 com.android.server.input.InputManagerService.interceptKeyBeforeQueueing:1476 <bottom of call stack> 
06-03 17:38:18.134 D/VM_BMS  (  461): FIFO=0 fifo_avg=3.799728 rbatt=0.126000 slope=0.300000 ibatt=0.015206 ocv=3.801644 soc=36 fcc_ah=2.200000 sample_count=9 sample_interval=70 seq_num=6771
06-03 17:38:18.144 I/PowerManagerService(  775): Waking up from dozing (uid 1000)...
06-03 17:38:18.145 I/QCOM PowerHAL(  775): Got set_interactive hint
06-03 17:38:18.146 D/WindowManager(  775): interceptKeyTq keycode=26 interactive=true keyguardActive=true policyFlags=22000000
06-03 17:38:18.147 I/WindowManager(  775): Waking up...
06-03 17:38:18.147 V/KeyguardServiceDelegate(  775): onScreenTurnedOn(showListener = com.android.internal.policy.impl.PhoneWindowManager$2@19535049)
06-03 17:38:18.156 E/WifiStateMachine(  775): cancelDelayedScan -> 300
06-03 17:38:18.158 D/wpa_supplicant(17726): wlan0: Control interface command 'SIGNAL_POLL'
06-03 17:38:18.161 I/DisplayPowerController(  775): Blocking screen on until initial contents have been drawn.
06-03 17:38:18.161 I/WindowManager(  775): Screen turning on...
06-03 17:38:18.162 I/WindowManager(  775): Win Window{bff5d73 u0 android}: isVisibleOrBehindKeyguardLw=true
06-03 17:38:18.162 I/WindowManager(  775): Win Window{7989c4a u0 StatusBar}: isVisibleOrBehindKeyguardLw=true
06-03 17:38:18.162 I/WindowManager(  775): Win Window{1ea30909 u0 com.android.phasebeam.PhaseBeamWallpaper}: isVisibleOrBehindKeyguardLw=true
06-03 17:38:18.162 I/WindowManager(  775): Win Window{2142f7eb u0 com.telpo.tpui/com.telpo.tpui.MainActivity}: isVisibleOrBehindKeyguardLw=true
06-03 17:38:18.162 V/WindowManager(  775): Fullscreen window: Window{2142f7eb u0 com.telpo.tpui/com.telpo.tpui.MainActivity}
06-03 17:38:18.162 I/WindowManager(  775): force=false forcefkg=true top=Window{2142f7eb u0 com.telpo.tpui/com.telpo.tpui.MainActivity}
06-03 17:38:18.162 V/WindowManager(  775): Showing status bar: forced
06-03 17:38:18.162 V/WindowManager(  775): finishPostLayoutPolicyLw: mHideKeyguard=false
06-03 17:38:18.164 I/VM_BMS  (  461): power_supply_update: ocv_uv=3801643 ibatt=15206 soc=36 seq_num=6771
06-03 17:38:18.164 D/VM_BMS  (  461): End process_bms_data
06-03 17:38:18.165 D/VM_BMS  (  461): wake_lock released
06-03 17:38:18.166 I/DisplayManagerService(  775): Display device changed: DisplayDeviceInfo{"Built-in Screen": uniqueId="local:0", 720 x 1280, 60.0 fps, supportedRefreshRates [60.0], density 320, 160.421 x 160.157 dpi, appVsyncOff 0, presDeadline 17666667, touch INTERNAL, rotation 0, type BUILT_IN, state ON, FLAG_DEFAULT_DISPLAY, FLAG_ROTATES_WITH_CONTENT, FLAG_SECURE, FLAG_SUPPORTS_PROTECTED_BUFFERS}
06-03 17:38:18.167 D/SurfaceFlinger(  262): Set power mode=2, type=0 flinger=0xb83255f8
06-03 17:38:18.167 D/qdhwcomposer(  262): hwc_setPowerMode: Setting mode 2 on display: 0
06-03 17:38:18.167 E/qdutils (  262): int qdutils::getHDMINode(): Failed to open fb node 1
06-03 17:38:18.167 E/qdutils (  262): int qdutils::getHDMINode(): Failed to open fb node 2
06-03 17:38:18.167 E/qdutils (  262): int qdutils::getHDMINode(): Failed to find HDMI node
06-03 17:38:18.172 I/WindowManager(  775): Win Window{bff5d73 u0 android}: isVisibleOrBehindKeyguardLw=true
06-03 17:38:18.172 I/WindowManager(  775): Win Window{7989c4a u0 StatusBar}: isVisibleOrBehindKeyguardLw=true
06-03 17:38:18.172 I/WindowManager(  775): Win Window{1ea30909 u0 com.android.phasebeam.PhaseBeamWallpaper}: isVisibleOrBehindKeyguardLw=true
06-03 17:38:18.172 I/WindowManager(  775): Win Window{2142f7eb u0 com.telpo.tpui/com.telpo.tpui.MainActivity}: isVisibleOrBehindKeyguardLw=true
06-03 17:38:18.172 V/WindowManager(  775): Fullscreen window: Window{2142f7eb u0 com.telpo.tpui/com.telpo.tpui.MainActivity}
06-03 17:38:18.172 I/WindowManager(  775): force=false forcefkg=true top=Window{2142f7eb u0 com.telpo.tpui/com.telpo.tpui.MainActivity}
06-03 17:38:18.172 V/WindowManager(  775): Showing status bar: forced
06-03 17:38:18.172 V/WindowManager(  775): finishPostLayoutPolicyLw: mHideKeyguard=false
06-03 17:38:18.188 V/SRS_Proc(  301): ParamSet string: screen_state=on
06-03 17:38:18.188 D/audio_hw_primary(  301): adev_set_parameters: enter: screen_state=on
06-03 17:38:18.188 D/audio_hw_extn(  301): audio_extn_set_anc_parameters: anc_enabled:0
06-03 17:38:18.188 E/audio_a2dp_hw(  301): adev_set_parameters: ERROR: set param called even when stream out is null
06-03 17:38:18.192 V/ActivityManager(  775): Display changed displayId=0
06-03 17:38:18.193 E/native  (  775): do suspend false
06-03 17:38:18.196 D/wpa_supplicant(17726): wlan0: Control interface command 'DRIVER SETSUSPENDMODE 0'
06-03 17:38:18.196 V/WLAN_PSA(  314): NL MSG, len[3996], NL type[0x1C] WNI type[0x5900] len[33807]
06-03 17:38:18.197 V/WLAN_PSA(  314): NL MSG, PID: 314
06-03 17:38:18.197 V/WLAN_PSA(  314): NL MSG, len[048], NL type[0x11] WNI type[0x5050] len[028]
06-03 17:38:18.197 V/WLAN_PSA(  314): NL MSG, PID: 314
06-03 17:38:18.197 V/WLAN_PSA(  314): NL MSG, len[048], NL type[0x11] WNI type[0x5050] len[028]
06-03 17:38:18.197 V/WLAN_PSA(  314): NL MSG, PID: 314
06-03 17:38:18.198 I/WindowManager(  775): Win Window{bff5d73 u0 android}: isVisibleOrBehindKeyguardLw=true
06-03 17:38:18.198 I/WindowManager(  775): Win Window{7989c4a u0 StatusBar}: isVisibleOrBehindKeyguardLw=true
06-03 17:38:18.198 I/WindowManager(  775): Win Window{1ea30909 u0 com.android.phasebeam.PhaseBeamWallpaper}: isVisibleOrBehindKeyguardLw=true
06-03 17:38:18.198 I/WindowManager(  775): Win Window{2142f7eb u0 com.telpo.tpui/com.telpo.tpui.MainActivity}: isVisibleOrBehindKeyguardLw=true
06-03 17:38:18.198 V/WindowManager(  775): Fullscreen window: Window{2142f7eb u0 com.telpo.tpui/com.telpo.tpui.MainActivity}
06-03 17:38:18.198 D/VTCallReceiver( 4443): Receive calling org.codeaurora.PowerKeyDown.Mute
06-03 17:38:18.198 I/WindowManager(  775): force=false forcefkg=true top=Window{2142f7eb u0 com.telpo.tpui/com.telpo.tpui.MainActivity}
06-03 17:38:18.199 V/WindowManager(  775): Showing status bar: forced
06-03 17:38:18.199 V/WindowManager(  775): finishPostLayoutPolicyLw: mHideKeyguard=false
06-03 17:38:18.206 V/WLAN_PSA(  314): NL MSG, len[048], NL type[0x11] WNI type[0x5050] len[028]
06-03 17:38:18.206 V/WLAN_PSA(  314): NL MSG, PID: 314
06-03 17:38:18.206 V/WLAN_PSA(  314): NL MSG, len[048], NL type[0x11] WNI type[0x5050] len[028]
06-03 17:38:18.206 V/WLAN_PSA(  314): NL MSG, PID: 314
06-03 17:38:18.207 V/WLAN_PSA(  314): NL MSG, len[048], NL type[0x11] WNI type[0x5050] len[028]
06-03 17:38:18.207 V/WLAN_PSA(  314): NL MSG, PID: 314
06-03 17:38:18.216 D/wpa_supplicant(17726): wpa_driver_nl80211_driver_cmd SETSUSPENDMODE 0 len = 0, 4096
06-03 17:38:18.216 V/WLAN_PSA(  314): NL MSG, len[048], NL type[0x11] WNI type[0x5050] len[028]
06-03 17:38:18.216 V/WLAN_PSA(  314): NL MSG, PID: 314
06-03 17:38:18.216 V/WLAN_PSA(  314): NL MSG, len[4015], NL type[0x1C] WNI type[0x5900] len[38671]
06-03 17:38:18.216 V/WLAN_PSA(  314): NL MSG, PID: 314
06-03 17:38:18.218 D/wpa_supplicant(17726): wlan0: Control interface command 'BLACKLIST clear'
06-03 17:38:18.225 V/WLAN_PSA(  314): NL MSG, len[4062], NL type[0x1C] WNI type[0x5900] len[50703]
06-03 17:38:18.225 V/WLAN_PSA(  314): NL MSG, PID: 314
06-03 17:38:18.225 I/WifiHAL (  775): Poll result = 1
06-03 17:38:18.225 I/WifiHAL (  775): Found some events!!!
06-03 17:38:18.225 D/WifiHAL (  775): no_seq_check received
06-03 17:38:18.225 I/WifiHAL (  775): event received NL80211_CMD_SET_REKEY_OFFLOAD
06-03 17:38:18.225 I/WifiHAL (  775): event received NL80211_CMD_SET_REKEY_OFFLOAD, vendor_id = 0x0
06-03 17:38:18.225 I/WifiHAL (  775): event ignored!!
06-03 17:38:18.225 D/wpa_supplicant(17726): nl80211: Event message available
06-03 17:38:18.225 D/wpa_supplicant(17726): nl80211: Drv Event 79 (NL80211_CMD_SET_REKEY_OFFLOAD) received for wlan0
06-03 17:38:18.225 D/wpa_supplicant(17726): nl80211: Rekey offload event for BSSID fc:dd:55:70:0b:6b
06-03 17:38:18.225 D/wpa_supplicant(17726): nl80211: Rekey offload - Replay Counter - hexdump(len=8): 00 00 00 00 00 00 00 01
06-03 17:38:18.225 D/wpa_supplicant(17726): wlan0: Event DRIVER_GTK_REKEY (37) received
06-03 17:38:18.227 I/WindowManager(  775): Win Window{bff5d73 u0 android}: isVisibleOrBehindKeyguardLw=true
06-03 17:38:18.227 I/WindowManager(  775): Win Window{7989c4a u0 StatusBar}: isVisibleOrBehindKeyguardLw=true
06-03 17:38:18.227 I/WindowManager(  775): Win Window{1ea30909 u0 com.android.phasebeam.PhaseBeamWallpaper}: isVisibleOrBehindKeyguardLw=true
06-03 17:38:18.227 I/WindowManager(  775): Win Window{2142f7eb u0 com.telpo.tpui/com.telpo.tpui.MainActivity}: isVisibleOrBehindKeyguardLw=true
06-03 17:38:18.227 V/WindowManager(  775): Fullscreen window: Window{2142f7eb u0 com.telpo.tpui/com.telpo.tpui.MainActivity}
06-03 17:38:18.227 I/WindowManager(  775): force=false forcefkg=true top=Window{2142f7eb u0 com.telpo.tpui/com.telpo.tpui.MainActivity}
06-03 17:38:18.227 V/WindowManager(  775): Showing status bar: forced
06-03 17:38:18.227 V/WindowManager(  775): finishPostLayoutPolicyLw: mHideKeyguard=false
06-03 17:38:18.198 D/VTCallReceiver( 4443): received silence ringer intent, to silence the ringer
06-03 17:38:18.245 D/VT/VideoCallApp( 4443): HandleMessage : 5017
06-03 17:38:18.245 D/VT/VideoCallApp( 4443): App still in idle state, handle message: 5017
06-03 17:38:18.245 D/VT/VideoCallApp( 4443): Error Scenario Exit
06-03 17:38:18.245 D/VT/VideoCallApp( 4443): closeCallScreen()...
06-03 17:38:18.251 V/KeyguardServiceDelegate(  775): **** SHOWN CALLED ****
06-03 17:38:18.251 D/WindowManager(  775): mKeyguardDelegate.ShowListener.onShown.
06-03 17:38:18.252 W/WindowManager(  775): Setting mKeyguardDrawComplete
06-03 17:38:18.252 D/WindowManager(  775): finishScreenTurningOn: mAwake=true, mScreenOnEarly=true, mScreenOnFully=false, mKeyguardDrawComplete=true, mWindowManagerDrawComplete=false
06-03 17:38:18.270 D/GestureManagerService( 3271): echo 0 to /sys/class/gesture/gesture_ft5x06/pocket
06-03 17:38:18.270 W/GestureManagerService( 3271): failed to set node: java.io.FileNotFoundException: /sys/class/gesture/gesture_ft5x06/pocket: open failed: ENOENT (No such file or directory)
06-03 17:38:18.613 I/qdhwcomposer(  262): handle_blank_event: dpy:0 panel power state: 1
06-03 17:38:18.614 E/qdutils (  262): int qdutils::getHDMINode(): Failed to open fb node 1
06-03 17:38:18.614 E/qdutils (  262): int qdutils::getHDMINode(): Failed to open fb node 2
06-03 17:38:18.614 E/qdutils (  262): int qdutils::getHDMINode(): Failed to find HDMI node
06-03 17:38:18.615 D/WindowManager(  775): interceptKeyTq keycode=224 interactive=true keyguardActive=true policyFlags=22000000
06-03 17:38:18.615 D/WindowManager(  775): Wakeup key down!
06-03 17:38:18.615 W/ContextImpl(  775): Calling a method in the system process without a qualified user: android.app.ContextImpl.sendBroadcast:1441 com.android.internal.policy.impl.PhoneWindowManager.interceptKeyBeforeQueueing:5509 com.android.server.wm.InputMonitor.interceptKeyBeforeQueueing:370 com.android.server.input.InputManagerService.interceptKeyBeforeQueueing:1476 <bottom of call stack> 
06-03 17:38:18.616 D/WindowManager(  775): interceptKeyTq keycode=224 interactive=true keyguardActive=true policyFlags=22000000
06-03 17:38:18.616 D/WindowManager(  775): Wakeup key down!
06-03 17:38:18.617 W/ContextImpl(  775): Calling a method in the system process without a qualified user: android.app.ContextImpl.sendBroadcast:1441 com.android.internal.policy.impl.PhoneWindowManager.interceptKeyBeforeQueueing:5509 com.android.server.wm.InputMonitor.interceptKeyBeforeQueueing:370 com.android.server.input.InputManagerService.interceptKeyBeforeQueueing:1476 <bottom of call stack> 
06-03 17:38:18.618 D/qdhwcomposer(  262): hwc_setPowerMode: Done setting mode 2 on display 0
06-03 17:38:18.623 I/WindowManager(  775): mDock rect: (0,0 - 720,1280)
06-03 17:38:18.623 V/WindowManager(  775): Status bar: dock=[0,50][720,1280] content=[0,50][720,1280] cur=[0,50][720,1280]
06-03 17:38:18.623 V/WindowManager(  775): layoutWindowLw(): normal window
06-03 17:38:18.623 V/WindowManager(  775): Compute frame : sim=#20 attach=null type=2015 flags=0x01000018 pf=[0,50][720,1280] df=[0,50][720,1280] of=[0,50][720,1280] cf=[0,50][720,1280] vf=[0,50][720,1280] dcf=[0,0][720,1280] sf=[0,50][720,1280]
06-03 17:38:18.623 V/WindowManager(  775): Compute frame StatusBar: sim=#10 attach=null type=2000 flags=0x81960040 pf=[0,0][720,1280] df=[0,0][720,1280] of=[0,0][720,1280] cf=[0,50][720,1280] vf=[0,50][720,1280] dcf=[0,0][0,0] sf=[0,50][720,1280]
06-03 17:38:18.623 V/WindowManager(  775): layoutWindowLw(com.android.phasebeam.PhaseBeamWallpaper): IN_SCREEN
06-03 17:38:18.623 D/Max32555StateMachine(  775): Recevie action ACTION_SLEEP_OFF
06-03 17:38:18.624 D/Max32555StateMachine(  775): Recevie action ACTION_SLEEP_OFF
06-03 17:38:18.624 V/WindowManager(  775): Compute frame com.android.phasebeam.PhaseBeamWallpaper: sim=#0 attach=null type=2013 flags=0x00000308 pf=[0,0][720,1280] df=[-10000,-10000][10000,10000] of=[0,0][720,1280] cf=[0,0][720,1280] vf=[0,50][720,1280] dcf=[0,0][720,1280] sf=[0,50][720,1280]
06-03 17:38:18.624 V/WindowManager(  775): layoutWindowLw(com.telpo.tpui/com.telpo.tpui.MainActivity): IN_SCREEN, INSET_DECOR
06-03 17:38:18.624 V/WindowManager(  775): Compute frame com.telpo.tpui/com.telpo.tpui.MainActivity: sim=#110 attach=null type=1 flags=0x85810100 pf=[0,0][720,1280] df=[0,0][720,1280] of=[0,0][720,1280] cf=[0,50][720,1280] vf=[0,50][720,1280] dcf=[0,0][720,1280] sf=[0,50][720,1280]
06-03 17:38:18.624 I/WindowManager(  775): Win Window{bff5d73 u0 android}: isVisibleOrBehindKeyguardLw=true
06-03 17:38:18.624 I/WindowManager(  775): Win Window{7989c4a u0 StatusBar}: isVisibleOrBehindKeyguardLw=true
06-03 17:38:18.624 W/Max32555StateMachine(  775):  StateNormal 
06-03 17:38:18.624 I/WindowManager(  775): Win Window{1ea30909 u0 com.android.phasebeam.PhaseBeamWallpaper}: isVisibleOrBehindKeyguardLw=true
06-03 17:38:18.624 I/WindowManager(  775): Win Window{2142f7eb u0 com.telpo.tpui/com.telpo.tpui.MainActivity}: isVisibleOrBehindKeyguardLw=true
06-03 17:38:18.624 D/Max32555StateMachine(  775): Exit normal state!
06-03 17:38:18.624 V/WindowManager(  775): Fullscreen window: Window{2142f7eb u0 com.telpo.tpui/com.telpo.tpui.MainActivity}
06-03 17:38:18.625 I/WindowManager(  775): force=false forcefkg=true top=Window{2142f7eb u0 com.telpo.tpui/com.telpo.tpui.MainActivity}
06-03 17:38:18.625 V/WindowManager(  775): Showing status bar: forced
06-03 17:38:18.625 D/Max32555StateMachine(  775): Send status change msg!
06-03 17:38:18.625 V/WindowManager(  775): finishPostLayoutPolicyLw: mHideKeyguard=false
06-03 17:38:18.625 D/Max32555StateMachine(  775): Enter connecting state!
06-03 17:38:18.625 D/Max32555Service(  775): Max3255StatusHandler: Max3255 status change!!
06-03 17:38:18.625 D/Max32555Service(  775): Max3255StatusHandler: Max3255 status not normal!!
06-03 17:38:18.625 D/telpo_native(  775): opend device fd = 271
06-03 17:38:18.626 W/ContextImpl(  775): Calling a method in the system process without a qualified user: android.app.ContextImpl.sendBroadcast:1441 com.common.sdk.max3255.Max32555Service$Max3255StatusHandler.handleMessage:291 android.os.Handler.dispatchMessage:102 android.os.Looper.loop:135 com.android.server.SystemServer.run:290 
06-03 17:38:18.626 D/SurfaceControl(  775): Excessive delay in setPowerMode(): 459ms
06-03 17:38:18.626 D/UsbSession(  775): Thread sleep interrupt!!
06-03 17:38:18.626 W/System.err(  775): java.lang.InterruptedException
06-03 17:38:18.626 W/System.err(  775): 	at java.lang.Thread.sleep(Native Method)
06-03 17:38:18.626 W/System.err(  775): 	at java.lang.Thread.sleep(Thread.java:1031)
06-03 17:38:18.626 W/System.err(  775): 	at java.lang.Thread.sleep(Thread.java:985)
06-03 17:38:18.627 W/System.err(  775): 	at com.common.sdk.max3255.UsbSession$RootPermissionsCheck.run(UsbSession.java:372)
06-03 17:38:18.631 W/ThermalPrinterService(  775): ThermalPrinterService: 3255 disconnect!
06-03 17:38:18.636 D/StatusBar.MSimNetworkController( 2940): getPhoneId phoneId: 0
06-03 17:38:18.636 D/StatusBar.MSimNetworkController( 2940): onDataActivity received on phoneId :0direction=0
06-03 17:38:18.636 D/StatusBar.MSimNetworkController( 2940): updateDataIcon phoneId =0
06-03 17:38:18.637 I/WindowManager(  775): mDock rect: (0,0 - 720,1280)
06-03 17:38:18.637 V/WindowManager(  775): Status bar: dock=[0,50][720,1280] content=[0,50][720,1280] cur=[0,50][720,1280]
06-03 17:38:18.637 V/WindowManager(  775): layoutWindowLw(): normal window
06-03 17:38:18.637 V/WindowManager(  775): Compute frame : sim=#20 attach=null type=2015 flags=0x01000018 pf=[0,50][720,1280] df=[0,50][720,1280] of=[0,50][720,1280] cf=[0,50][720,1280] vf=[0,50][720,1280] dcf=[0,0][720,1280] sf=[0,50][720,1280]
06-03 17:38:18.638 D/telpo_native(  775): serial_init_jni: Called! iRet = 0
06-03 17:38:18.638 D/telpo_native(  775): transmit: Called!
06-03 17:38:18.638 V/WindowManager(  775): Compute frame StatusBar: sim=#10 attach=null type=2000 flags=0x81960040 pf=[0,0][720,1280] df=[0,0][720,1280] of=[0,0][720,1280] cf=[0,50][720,1280] vf=[0,50][720,1280] dcf=[0,0][0,0] sf=[0,50][720,1280]
06-03 17:38:18.641 D/telpo_native(  775): command = 04
06-03 17:38:18.641 D/telpo_native(  775): libusb_transmit cmd...
06-03 17:38:18.641 D/telpo_native(  775): usb_printer_write data start!
06-03 17:38:18.642 E/telpo_native(  775): ret = 17
06-03 17:38:18.642 I/telpo_native(  775): 69
06-03 17:38:18.642 I/telpo_native(  775): 96
06-03 17:38:18.642 I/telpo_native(  775): b0
06-03 17:38:18.642 I/telpo_native(  775): 0b
06-03 17:38:18.642 I/telpo_native(  775): 01
06-03 17:38:18.642 I/telpo_native(  775): 00
06-03 17:38:18.642 I/telpo_native(  775): 00
06-03 17:38:18.642 I/telpo_native(  775): 00
06-03 17:38:18.642 I/telpo_native(  775): 7a
06-03 17:38:18.642 I/telpo_native(  775): 00
06-03 17:38:18.642 I/telpo_native(  775): 00
06-03 17:38:18.642 I/telpo_native(  775): 01
06-03 17:38:18.642 I/telpo_native(  775): 00
06-03 17:38:18.642 I/telpo_native(  775): 00
06-03 17:38:18.642 I/telpo_native(  775): 00
06-03 17:38:18.642 I/telpo_native(  775): 00
06-03 17:38:18.642 I/telpo_native(  775): 04
06-03 17:38:18.642 I/telpo_native(  775): 
06-03 17:38:18.642 D/telpo_native(  775): handle_serial_read_write_cmd: usb write length = 17
06-03 17:38:18.646 V/WindowManager(  775): layoutWindowLw(com.android.phasebeam.PhaseBeamWallpaper): IN_SCREEN
06-03 17:38:18.646 V/WindowManager(  775): Compute frame com.android.phasebeam.PhaseBeamWallpaper: sim=#0 attach=null type=2013 flags=0x00000308 pf=[0,0][720,1280] df=[-10000,-10000][10000,10000] of=[0,0][720,1280] cf=[0,0][720,1280] vf=[0,50][720,1280] dcf=[0,0][720,1280] sf=[0,50][720,1280]
06-03 17:38:18.646 V/WindowManager(  775): layoutWindowLw(com.telpo.tpui/com.telpo.tpui.MainActivity): IN_SCREEN, INSET_DECOR
06-03 17:38:18.646 V/WindowManager(  775): Compute frame com.telpo.tpui/com.telpo.tpui.MainActivity: sim=#110 attach=null type=1 flags=0x85810100 pf=[0,0][720,1280] df=[0,0][720,1280] of=[0,0][720,1280] cf=[0,50][720,1280] vf=[0,50][720,1280] dcf=[0,0][720,1280] sf=[0,50][720,1280]
06-03 17:38:18.646 I/WindowManager(  775): Win Window{bff5d73 u0 android}: isVisibleOrBehindKeyguardLw=true
06-03 17:38:18.646 I/WindowManager(  775): Win Window{7989c4a u0 StatusBar}: isVisibleOrBehindKeyguardLw=true
06-03 17:38:18.646 I/WindowManager(  775): Win Window{1ea30909 u0 com.android.phasebeam.PhaseBeamWallpaper}: isVisibleOrBehindKeyguardLw=true
06-03 17:38:18.647 I/WindowManager(  775): Win Window{2142f7eb u0 com.telpo.tpui/com.telpo.tpui.MainActivity}: isVisibleOrBehindKeyguardLw=true
06-03 17:38:18.647 V/WindowManager(  775): Fullscreen window: Window{2142f7eb u0 com.telpo.tpui/com.telpo.tpui.MainActivity}
06-03 17:38:18.647 D/StatusBar.MSimNetworkController( 2940): updateDataIcon dataSub =0
06-03 17:38:18.647 I/WindowManager(  775): force=false forcefkg=true top=Window{2142f7eb u0 com.telpo.tpui/com.telpo.tpui.MainActivity}
06-03 17:38:18.647 D/StatusBar.MSimNetworkController( 2940): updateDataIcon  when SimState =ABSENT
06-03 17:38:18.647 V/WindowManager(  775): Showing status bar: forced
06-03 17:38:18.647 D/StatusBar.MSimNetworkController( 2940): updateDataIcon when mMSimDataConnected[0] =false mMSimMobileActivityIconId[0] = 0
06-03 17:38:18.647 V/WindowManager(  775): finishPostLayoutPolicyLw: mHideKeyguard=false
06-03 17:38:18.647 D/StatusBar.MSimNetworkController( 2940): refreshViews phoneId =0mMSimDataConnected =false
06-03 17:38:18.647 D/StatusBar.MSimNetworkController( 2940): refreshViews mMSimDataActivity =0
06-03 17:38:18.649 E/telpo_native(  775): serial_read:start read
06-03 17:38:18.649 E/telpo_native(  775): serial_read:serial_read read_size = 0
06-03 17:38:18.650 D/StatusBar.MSimNetworkController( 2940): refreshViews: Data not connected!! Set no data type icon / Roaming for phoneId: 0
06-03 17:38:18.650 D/StatusBar.MSimNetworkController( 2940): refreshViews connected={ wifi } level=3 mMSimcombinedSignalIconId=0x7f020352/com.android.systemui:drawable/stat_sys_wifi_signal_4_fully mMSimcombinedActivityIconId=0x7f020347 mAirplaneMode=false mMSimDataActivity=0 mMSimPhoneSignalIconId=0x7f020339/com.android.systemui:drawable/stat_sys_signal_null mMSimDataDirectionIconId=0x0 mMSimDataSignalIconId=0x7f020339 mMSimDataTypeIconId=0x0/(null) mNoMSimIconId=0x7f02009a/com.android.systemui:drawable/ic_qs_no_sim mMSimMobileActivityIconId=0x0/(null) mWifiIconId=0x7f020352 mBluetoothTetherIconId=0x10806a2
06-03 17:38:18.652 I/WindowManager(  775): All windows ready for display!
06-03 17:38:18.653 W/WindowManager(  775): Setting mWindowManagerDrawComplete
06-03 17:38:18.653 D/WindowManager(  775): finishScreenTurningOn: mAwake=true, mScreenOnEarly=true, mScreenOnFully=false, mKeyguardDrawComplete=true, mWindowManagerDrawComplete=true
06-03 17:38:18.653 I/WindowManager(  775): Finished screen turning on...
06-03 17:38:18.654 I/DisplayPowerController(  775): Unblocked screen on after 493 ms
06-03 17:38:18.655 I/SurfaceFlinger(  262): FPS: 4
06-03 17:38:18.657 I/WindowManager(  775): Win Window{bff5d73 u0 android}: isVisibleOrBehindKeyguardLw=true
06-03 17:38:18.657 I/WindowManager(  775): Win Window{7989c4a u0 StatusBar}: isVisibleOrBehindKeyguardLw=true
06-03 17:38:18.657 I/WindowManager(  775): Win Window{1ea30909 u0 com.android.phasebeam.PhaseBeamWallpaper}: isVisibleOrBehindKeyguardLw=true
06-03 17:38:18.657 I/WindowManager(  775): Win Window{2142f7eb u0 com.telpo.tpui/com.telpo.tpui.MainActivity}: isVisibleOrBehindKeyguardLw=true
06-03 17:38:18.657 V/WindowManager(  775): Fullscreen window: Window{2142f7eb u0 com.telpo.tpui/com.telpo.tpui.MainActivity}
06-03 17:38:18.657 I/WindowManager(  775): force=false forcefkg=true top=Window{2142f7eb u0 com.telpo.tpui/com.telpo.tpui.MainActivity}
06-03 17:38:18.657 V/WindowManager(  775): Showing status bar: forced
06-03 17:38:18.657 V/WindowManager(  775): finishPostLayoutPolicyLw: mHideKeyguard=false
06-03 17:38:18.658 E/WifiStateMachine(  775): WifiStateMachine CMD_START_SCAN source -2 txSuccessRate=866.00 rxSuccessRate=569.50 targetRoamBSSID=any RSSI=-49
06-03 17:38:18.660 D/telpo_native(  775): handle_serial_read_write_cmd: usb_printer_read length = 24
06-03 17:38:18.660 D/telpo_native(  775): rcvData = 0b
06-03 17:38:18.660 D/telpo_native(  775): rcvData = b0
06-03 17:38:18.660 D/telpo_native(  775): rcvData = 96
06-03 17:38:18.660 D/telpo_native(  775): rcvData = 69
06-03 17:38:18.660 D/telpo_native(  775): rcvData = 08
06-03 17:38:18.660 D/telpo_native(  775): rcvData = 00
06-03 17:38:18.660 D/telpo_native(  775): rcvData = 00
06-03 17:38:18.660 D/telpo_native(  775): rcvData = 00
06-03 17:38:18.660 D/telpo_native(  775): rcvData = 7a
06-03 17:38:18.660 D/telpo_native(  775): rcvData = 00
06-03 17:38:18.660 D/telpo_native(  775): rcvData = 00
06-03 17:38:18.660 D/telpo_native(  775): rcvData = 01
06-03 17:38:18.660 D/telpo_native(  775): rcvData = 00
06-03 17:38:18.660 D/telpo_native(  775): rcvData = 00
06-03 17:38:18.660 D/telpo_native(  775): rcvData = 00
06-03 17:38:18.660 D/telpo_native(  775): rcvData = 00
06-03 17:38:18.660 D/telpo_native(  775): rcvData = 00
06-03 17:38:18.660 D/telpo_native(  775): rcvData = 00
06-03 17:38:18.660 D/telpo_native(  775): rcvData = 00
06-03 17:38:18.660 D/telpo_native(  775): rcvData = 00
06-03 17:38:18.660 D/telpo_native(  775): rcvData = 01
06-03 17:38:18.660 D/telpo_native(  775): rcvData = 00
06-03 17:38:18.660 D/telpo_native(  775): rcvData = 00
06-03 17:38:18.660 D/telpo_native(  775): rcvData = 00
06-03 17:38:18.660 W/telpo_native(  775): response data len is 8
06-03 17:38:18.660 D/telpo_native(  775): handle_serial_read_write_cmd: parse successfully!
06-03 17:38:18.660 I/telpo_native(  775): handle_serial_read_write_cmd: receive data length is 8
06-03 17:38:18.660 I/telpo_native(  775): 00
06-03 17:38:18.660 I/telpo_native(  775): 00
06-03 17:38:18.660 I/telpo_native(  775): 00
06-03 17:38:18.660 I/telpo_native(  775): 00
06-03 17:38:18.660 I/telpo_native(  775): 01
06-03 17:38:18.660 I/telpo_native(  775): 00
06-03 17:38:18.660 I/telpo_native(  775): 00
06-03 17:38:18.660 I/telpo_native(  775): 00
06-03 17:38:18.660 I/telpo_native(  775): 
06-03 17:38:18.661 D/UsbSession(  775): this version is a mergeversion
06-03 17:38:18.661 D/telpo_native(  775): transmit: Called!
06-03 17:38:18.661 D/telpo_native(  775): command = 09
06-03 17:38:18.661 D/telpo_native(  775): libusb_transmit cmd...
06-03 17:38:18.661 D/telpo_native(  775): usb_printer_write data start!
06-03 17:38:18.661 E/telpo_native(  775): ret = 17
06-03 17:38:18.661 I/telpo_native(  775): 69
06-03 17:38:18.661 I/telpo_native(  775): 96
06-03 17:38:18.661 I/telpo_native(  775): b0
06-03 17:38:18.661 I/telpo_native(  775): 0b
06-03 17:38:18.661 I/telpo_native(  775): 01
06-03 17:38:18.661 I/telpo_native(  775): 00
06-03 17:38:18.661 I/telpo_native(  775): 00
06-03 17:38:18.661 I/telpo_native(  775): 00
06-03 17:38:18.661 I/telpo_native(  775): 7b
06-03 17:38:18.662 I/telpo_native(  775): 00
06-03 17:38:18.662 I/telpo_native(  775): 00
06-03 17:38:18.662 I/telpo_native(  775): 01
06-03 17:38:18.662 I/telpo_native(  775): 00
06-03 17:38:18.662 I/telpo_native(  775): 00
06-03 17:38:18.662 I/telpo_native(  775): 00
06-03 17:38:18.662 I/telpo_native(  775): 00
06-03 17:38:18.662 I/telpo_native(  775): 09
06-03 17:38:18.662 I/telpo_native(  775): 
06-03 17:38:18.662 D/telpo_native(  775): handle_serial_read_write_cmd: usb write length = 17
06-03 17:38:18.662 D/StatusBar.MSimNetworkController( 2940): getPhoneId phoneId: 1
06-03 17:38:18.662 D/StatusBar.MSimNetworkController( 2940): onDataActivity received on phoneId :1direction=0
06-03 17:38:18.662 D/StatusBar.MSimNetworkController( 2940): updateDataIcon phoneId =1
06-03 17:38:18.666 D/StatusBar.MSimNetworkController( 2940): updateDataIcon dataSub =0
06-03 17:38:18.666 D/StatusBar.MSimNetworkController( 2940): updateDataIconi: phoneId1 is not DDS.  Clear the mMSimDataConnected Flag and return
06-03 17:38:18.666 E/telpo_native(  775): serial_read:start read
06-03 17:38:18.666 D/StatusBar.MSimNetworkController( 2940): refreshViews phoneId =1mMSimDataConnected =false
06-03 17:38:18.666 E/telpo_native(  775): serial_read:serial_read read_size = 0
06-03 17:38:18.666 D/StatusBar.MSimNetworkController( 2940): refreshViews mMSimDataActivity =0
06-03 17:38:18.671 D/telpo_native(  775): handle_serial_read_write_cmd: usb_printer_read length = 24
06-03 17:38:18.671 D/telpo_native(  775): rcvData = 0b
06-03 17:38:18.671 D/telpo_native(  775): rcvData = b0
06-03 17:38:18.672 D/telpo_native(  775): rcvData = 96
06-03 17:38:18.672 D/telpo_native(  775): rcvData = 69
06-03 17:38:18.672 D/telpo_native(  775): rcvData = 08
06-03 17:38:18.672 D/telpo_native(  775): rcvData = 00
06-03 17:38:18.672 D/telpo_native(  775): rcvData = 00
06-03 17:38:18.672 D/telpo_native(  775): rcvData = 00
06-03 17:38:18.672 D/telpo_native(  775): rcvData = 7b
06-03 17:38:18.672 D/telpo_native(  775): rcvData = 00
06-03 17:38:18.672 D/telpo_native(  775): rcvData = 00
06-03 17:38:18.672 D/telpo_native(  775): rcvData = 01
06-03 17:38:18.672 D/telpo_native(  775): rcvData = 00
06-03 17:38:18.672 D/telpo_native(  775): rcvData = 00
06-03 17:38:18.672 D/telpo_native(  775): rcvData = 00
06-03 17:38:18.672 D/telpo_native(  775): rcvData = 00
06-03 17:38:18.672 D/telpo_native(  775): rcvData = 00
06-03 17:38:18.672 D/telpo_native(  775): rcvData = 00
06-03 17:38:18.672 D/telpo_native(  775): rcvData = 00
06-03 17:38:18.672 D/telpo_native(  775): rcvData = 00
06-03 17:38:18.672 D/telpo_native(  775): rcvData = 01
06-03 17:38:18.672 D/telpo_native(  775): rcvData = 00
06-03 17:38:18.672 D/telpo_native(  775): rcvData = 00
06-03 17:38:18.672 D/telpo_native(  775): rcvData = 00
06-03 17:38:18.672 W/telpo_native(  775): response data len is 8
06-03 17:38:18.672 D/telpo_native(  775): handle_serial_read_write_cmd: parse successfully!
06-03 17:38:18.672 I/telpo_native(  775): handle_serial_read_write_cmd: receive data length is 8
06-03 17:38:18.672 I/telpo_native(  775): 00
06-03 17:38:18.672 I/telpo_native(  775): 00
06-03 17:38:18.672 D/StatusBar.MSimNetworkController( 2940): refreshViews: Data not connected!! Set no data type icon / Roaming for phoneId: 1
06-03 17:38:18.673 D/StatusBar.MSimNetworkController( 2940): refreshViews connected={ wifi } level=0 mMSimcombinedSignalIconId=0x7f020352/com.android.systemui:drawable/stat_sys_wifi_signal_4_fully mMSimcombinedActivityIconId=0x7f020347 mAirplaneMode=false mMSimDataActivity=0 mMSimPhoneSignalIconId=0x7f020339/com.android.systemui:drawable/stat_sys_signal_null mMSimDataDirectionIconId=0x0 mMSimDataSignalIconId=0x7f020339 mMSimDataTypeIconId=0x0/(null) mNoMSimIconId=0x7f02009a/com.android.systemui:drawable/ic_qs_no_sim mMSimMobileActivityIconId=0x0/(null) mWifiIconId=0x7f020352 mBluetoothTetherIconId=0x10806a2
06-03 17:38:18.673 I/DreamManagerService(  775): Gently waking up from dream.
06-03 17:38:18.672 I/telpo_native(  775): 00
06-03 17:38:18.674 I/telpo_native(  775): 00
06-03 17:38:18.674 I/telpo_native(  775): 01
06-03 17:38:18.674 I/telpo_native(  775): 00
06-03 17:38:18.674 I/telpo_native(  775): 00
06-03 17:38:18.674 I/telpo_native(  775): 00
06-03 17:38:18.674 I/telpo_native(  775): 
06-03 17:38:18.674 D/UsbSession(  775): authorizationLevel = 1
06-03 17:38:18.674 D/UsbSession(  775):  firmware is financial
06-03 17:38:18.674 D/UsbSession(  775): checkBootloaderFlag match the product.type,no need to switch
06-03 17:38:18.674 D/telpo_native(  775): transmit: Called!
06-03 17:38:18.675 D/telpo_native(  775): command = 04
06-03 17:38:18.675 D/telpo_native(  775): libusb_transmit cmd...
06-03 17:38:18.675 D/telpo_native(  775): usb_printer_write data start!
06-03 17:38:18.675 E/telpo_native(  775): ret = 17
06-03 17:38:18.675 I/telpo_native(  775): 69
06-03 17:38:18.675 I/telpo_native(  775): 96
06-03 17:38:18.675 I/telpo_native(  775): b0
06-03 17:38:18.675 I/telpo_native(  775): 0b
06-03 17:38:18.675 I/telpo_native(  775): 01
06-03 17:38:18.675 I/telpo_native(  775): 00
06-03 17:38:18.675 I/telpo_native(  775): 00
06-03 17:38:18.675 I/telpo_native(  775): 00
06-03 17:38:18.675 I/telpo_native(  775): 7c
06-03 17:38:18.675 I/telpo_native(  775): 00
06-03 17:38:18.675 I/telpo_native(  775): 00
06-03 17:38:18.675 I/telpo_native(  775): 01
06-03 17:38:18.675 I/telpo_native(  775): 00
06-03 17:38:18.675 I/telpo_native(  775): 00
06-03 17:38:18.675 I/telpo_native(  775): 00
06-03 17:38:18.675 I/telpo_native(  775): 00
06-03 17:38:18.675 I/telpo_native(  775): 04
06-03 17:38:18.675 I/telpo_native(  775): 
06-03 17:38:18.675 D/telpo_native(  775): handle_serial_read_write_cmd: usb write length = 17
06-03 17:38:18.678 E/telpo_native(  775): serial_read:start read
06-03 17:38:18.678 E/telpo_native(  775): serial_read:serial_read read_size = 0
06-03 17:38:18.679 D/StatusBar.MSimNetworkController( 2940): getPhoneId phoneId: 0
06-03 17:38:18.679 D/StatusBar.MSimNetworkController( 2940): onDataActivity received on phoneId :0direction=0
06-03 17:38:18.679 D/StatusBar.MSimNetworkController( 2940): updateDataIcon phoneId =0
06-03 17:38:18.682 D/StatusBar.MSimNetworkController( 2940): updateDataIcon dataSub =0
06-03 17:38:18.683 D/StatusBar.MSimNetworkController( 2940): updateDataIcon  when SimState =ABSENT
06-03 17:38:18.683 D/StatusBar.MSimNetworkController( 2940): updateDataIcon when mMSimDataConnected[0] =false mMSimMobileActivityIconId[0] = 0
06-03 17:38:18.683 D/StatusBar.MSimNetworkController( 2940): refreshViews phoneId =0mMSimDataConnected =false
06-03 17:38:18.683 D/StatusBar.MSimNetworkController( 2940): refreshViews mMSimDataActivity =0
06-03 17:38:18.684 D/telpo_native(  775): handle_serial_read_write_cmd: usb_printer_read length = 24
06-03 17:38:18.684 D/telpo_native(  775): rcvData = 0b
06-03 17:38:18.684 D/telpo_native(  775): rcvData = b0
06-03 17:38:18.684 D/telpo_native(  775): rcvData = 96
06-03 17:38:18.684 D/telpo_native(  775): rcvData = 69
06-03 17:38:18.684 D/telpo_native(  775): rcvData = 08
06-03 17:38:18.685 D/telpo_native(  775): rcvData = 00
06-03 17:38:18.685 D/telpo_native(  775): rcvData = 00
06-03 17:38:18.685 D/telpo_native(  775): rcvData = 00
06-03 17:38:18.685 D/telpo_native(  775): rcvData = 7c
06-03 17:38:18.685 D/telpo_native(  775): rcvData = 00
06-03 17:38:18.685 D/telpo_native(  775): rcvData = 00
06-03 17:38:18.685 D/telpo_native(  775): rcvData = 01
06-03 17:38:18.685 D/telpo_native(  775): rcvData = 00
06-03 17:38:18.685 D/telpo_native(  775): rcvData = 00
06-03 17:38:18.685 D/telpo_native(  775): rcvData = 00
06-03 17:38:18.685 D/telpo_native(  775): rcvData = 00
06-03 17:38:18.685 D/telpo_native(  775): rcvData = 00
06-03 17:38:18.685 D/telpo_native(  775): rcvData = 00
06-03 17:38:18.685 D/telpo_native(  775): rcvData = 00
06-03 17:38:18.685 D/telpo_native(  775): rcvData = 00
06-03 17:38:18.685 D/telpo_native(  775): rcvData = 01
06-03 17:38:18.685 D/telpo_native(  775): rcvData = 00
06-03 17:38:18.685 D/StatusBar.MSimNetworkController( 2940): refreshViews: Data not connected!! Set no data type icon / Roaming for phoneId: 0
06-03 17:38:18.685 D/telpo_native(  775): rcvData = 00
06-03 17:38:18.685 D/telpo_native(  775): rcvData = 00
06-03 17:38:18.685 W/telpo_native(  775): response data len is 8
06-03 17:38:18.685 D/telpo_native(  775): handle_serial_read_write_cmd: parse successfully!
06-03 17:38:18.685 I/telpo_native(  775): handle_serial_read_write_cmd: receive data length is 8
06-03 17:38:18.685 I/telpo_native(  775): 00
06-03 17:38:18.685 I/telpo_native(  775): 00
06-03 17:38:18.685 I/telpo_native(  775): 00
06-03 17:38:18.685 I/telpo_native(  775): 00
06-03 17:38:18.685 I/telpo_native(  775): 01
06-03 17:38:18.685 I/telpo_native(  775): 00
06-03 17:38:18.685 I/telpo_native(  775): 00
06-03 17:38:18.685 I/telpo_native(  775): 00
06-03 17:38:18.685 I/telpo_native(  775): 
06-03 17:38:18.685 D/StatusBar.MSimNetworkController( 2940): refreshViews connected={ wifi } level=3 mMSimcombinedSignalIconId=0x7f020352/com.android.systemui:drawable/stat_sys_wifi_signal_4_fully mMSimcombinedActivityIconId=0x7f020347 mAirplaneMode=false mMSimDataActivity=0 mMSimPhoneSignalIconId=0x7f020339/com.android.systemui:drawable/stat_sys_signal_null mMSimDataDirectionIconId=0x0 mMSimDataSignalIconId=0x7f020339 mMSimDataTypeIconId=0x0/(null) mNoMSimIconId=0x7f02009a/com.android.systemui:drawable/ic_qs_no_sim mMSimMobileActivityIconId=0x0/(null) mWifiIconId=0x7f020352 mBluetoothTetherIconId=0x10806a2
06-03 17:38:18.685 D/UsbSession(  775): check MODE is work_mode
06-03 17:38:18.686 D/UsbSession(  775): use vendor's firmware
06-03 17:38:18.686 D/UsbSession(  775): the firmware exists
06-03 17:38:18.688 D/StatusBar.MSimNetworkController( 2940): getPhoneId phoneId: 1
06-03 17:38:18.688 D/StatusBar.MSimNetworkController( 2940): onDataActivity received on phoneId :1direction=0
06-03 17:38:18.688 D/StatusBar.MSimNetworkController( 2940): updateDataIcon phoneId =1
06-03 17:38:18.690 D/StatusBar.MSimNetworkController( 2940): updateDataIcon dataSub =0
06-03 17:38:18.690 D/StatusBar.MSimNetworkController( 2940): updateDataIconi: phoneId1 is not DDS.  Clear the mMSimDataConnected Flag and return
06-03 17:38:18.690 D/StatusBar.MSimNetworkController( 2940): refreshViews phoneId =1mMSimDataConnected =false
06-03 17:38:18.691 D/StatusBar.MSimNetworkController( 2940): refreshViews mMSimDataActivity =0
06-03 17:38:18.692 D/UsbSession(  775): updatVersion = FIRMWARE-V1.10-Build.20190725
06-03 17:38:18.692 D/telpo_native(  775): transmit: Called!
06-03 17:38:18.692 D/telpo_native(  775): command = 17
06-03 17:38:18.692 D/telpo_native(  775): libusb_transmit cmd...
06-03 17:38:18.692 D/telpo_native(  775): usb_printer_write data start!
06-03 17:38:18.692 E/telpo_native(  775): ret = 17
06-03 17:38:18.692 I/telpo_native(  775): 69
06-03 17:38:18.692 I/telpo_native(  775): 96
06-03 17:38:18.692 I/telpo_native(  775): b0
06-03 17:38:18.692 I/telpo_native(  775): 0b
06-03 17:38:18.692 I/telpo_native(  775): 01
06-03 17:38:18.692 I/telpo_native(  775): 00
06-03 17:38:18.692 I/telpo_native(  775): 00
06-03 17:38:18.692 I/telpo_native(  775): 00
06-03 17:38:18.692 I/telpo_native(  775): 7d
06-03 17:38:18.692 I/telpo_native(  775): 00
06-03 17:38:18.692 I/telpo_native(  775): 02
06-03 17:38:18.692 I/telpo_native(  775): 01
06-03 17:38:18.692 I/telpo_native(  775): 00
06-03 17:38:18.692 I/telpo_native(  775): 00
06-03 17:38:18.692 I/telpo_native(  775): 00
06-03 17:38:18.692 I/telpo_native(  775): 00
06-03 17:38:18.692 I/telpo_native(  775): 17
06-03 17:38:18.692 I/telpo_native(  775): 
06-03 17:38:18.693 D/telpo_native(  775): handle_serial_read_write_cmd: usb write length = 17
06-03 17:38:18.695 D/StatusBar.MSimNetworkController( 2940): refreshViews: Data not connected!! Set no data type icon / Roaming for phoneId: 1
06-03 17:38:18.695 D/StatusBar.MSimNetworkController( 2940): refreshViews connected={ wifi } level=0 mMSimcombinedSignalIconId=0x7f020352/com.android.systemui:drawable/stat_sys_wifi_signal_4_fully mMSimcombinedActivityIconId=0x7f020347 mAirplaneMode=false mMSimDataActivity=0 mMSimPhoneSignalIconId=0x7f020339/com.android.systemui:drawable/stat_sys_signal_null mMSimDataDirectionIconId=0x0 mMSimDataSignalIconId=0x7f020339 mMSimDataTypeIconId=0x0/(null) mNoMSimIconId=0x7f02009a/com.android.systemui:drawable/ic_qs_no_sim mMSimMobileActivityIconId=0x0/(null) mWifiIconId=0x7f020352 mBluetoothTetherIconId=0x10806a2
06-03 17:38:18.699 D/StatusBar.MSimNetworkController( 2940): getPhoneId phoneId: 0
06-03 17:38:18.699 D/StatusBar.MSimNetworkController( 2940): onDataActivity received on phoneId :0direction=0
06-03 17:38:18.699 D/StatusBar.MSimNetworkController( 2940): updateDataIcon phoneId =0
06-03 17:38:18.700 E/telpo_native(  775): serial_read:start read
06-03 17:38:18.701 E/telpo_native(  775): serial_read:serial_read read_size = 0
06-03 17:38:18.701 D/StatusBar.MSimNetworkController( 2940): updateDataIcon dataSub =0
06-03 17:38:18.701 D/StatusBar.MSimNetworkController( 2940): updateDataIcon  when SimState =ABSENT
06-03 17:38:18.701 D/StatusBar.MSimNetworkController( 2940): updateDataIcon when mMSimDataConnected[0] =false mMSimMobileActivityIconId[0] = 0
06-03 17:38:18.701 D/StatusBar.MSimNetworkController( 2940): refreshViews phoneId =0mMSimDataConnected =false
06-03 17:38:18.702 D/StatusBar.MSimNetworkController( 2940): refreshViews mMSimDataActivity =0
06-03 17:38:18.702 D/telpo_native(  775): handle_serial_read_write_cmd: usb_printer_read length = 51
06-03 17:38:18.702 D/telpo_native(  775): rcvData = 0b
06-03 17:38:18.702 D/telpo_native(  775): rcvData = b0
06-03 17:38:18.702 D/telpo_native(  775): rcvData = 96
06-03 17:38:18.703 D/telpo_native(  775): rcvData = 69
06-03 17:38:18.703 D/telpo_native(  775): rcvData = 23
06-03 17:38:18.703 D/telpo_native(  775): rcvData = 00
06-03 17:38:18.703 D/telpo_native(  775): rcvData = 00
06-03 17:38:18.703 D/telpo_native(  775): rcvData = 00
06-03 17:38:18.703 D/telpo_native(  775): rcvData = 7d
06-03 17:38:18.703 D/telpo_native(  775): rcvData = 00
06-03 17:38:18.703 D/telpo_native(  775): rcvData = 02
06-03 17:38:18.703 D/telpo_native(  775): rcvData = 01
06-03 17:38:18.703 D/telpo_native(  775): rcvData = 00
06-03 17:38:18.703 D/telpo_native(  775): rcvData