E/PPDaemon(  344): MSMFB_NOTIFY_UPDATE start ioctl failed
E/PPDaemon(  344): MSMFB_NOTIFY_UPDATE start ioctl failed
E/PPDaemon(  344): MSMFB_NOTIFY_UPDATE start ioctl failed
E/PPDaemon(  344): MSMFB_NOTIFY_UPDATE start ioctl failed
E/PPDaemon(  344): MSMFB_NOTIFY_UPDATE start ioctl failed
E/PPDaemon(  344): MSMFB_NOTIFY_UPDATE start ioctl failed
E/PPDaemon(  344): MSMFB_NOTIFY_UPDATE start ioctl failed
E/PPDaemon(  344): MSMFB_NOTIFY_UPDATE start ioctl failed
E/PPDaemon(  344): MSMFB_NOTIFY_UPDATE start ioctl failed
E/PPDaemon(  344): MSMFB_NOTIFY_UPDATE start ioctl failed
E/PPDaemon(  344): MSMFB_NOTIFY_UPDATE start ioctl failed
E/PPDaemon(  344): MSMFB_NOTIFY_UPDATE start ioctl failed
E/PPDaemon(  344): MSMFB_NOTIFY_UPDATE start ioctl failed
E/PPDaemon(  344): MSMFB_NOTIFY_UPDATE start ioctl failed
E/PPDaemon(  344): MSMFB_NOTIFY_UPDATE start ioctl failed
E/PPDaemon(  344): MSMFB_NOTIFY_UPDATE start ioctl failed
E/PPDaemon(  344): MSMFB_NOTIFY_UPDATE start ioctl failed
E/PPDaemon(  344): MSMFB_NOTIFY_UPDATE start ioctl failed
E/PPDaemon(  344): MSMFB_NOTIFY_UPDATE start ioctl failed
E/PPDaemon(  344): MSMFB_NOTIFY_UPDATE start ioctl failed
E/PPDaemon(  344): MSMFB_NOTIFY_UPDATE start ioctl failed
E/PPDaemon(  344): MSMFB_NOTIFY_UPDATE start ioctl failed
E/PPDaemon(  344): MSMFB_NOTIFY_UPDATE start ioctl failed
E/PPDaemon(  344): MSMFB_NOTIFY_UPDATE start ioctl failed
E/PPDaemon(  344): MSMFB_NOTIFY_UPDATE start ioctl failed
E/PPDaemon(  344): MSMFB_NOTIFY_UPDATE start ioctl failed
E/PPDaemon(  344): MSMFB_NOTIFY_UPDATE start ioctl failed
E/PPDaemon(  344): MSMFB_NOTIFY_UPDATE start ioctl failed
E/PPDaemon(  344): MSMFB_NOTIFY_UPDATE start ioctl failed
E/PPDaemon(  344): MSMFB_NOTIFY_UPDATE start ioctl failed
E/PPDaemon(  344): MSMFB_NOTIFY_UPDATE start ioctl failed
E/PPDaemon(  344): MSMFB_NOTIFY_UPDATE start ioctl failed
E/PPDaemon(  344): MSMFB_NOTIFY_UPDATE start ioctl failed
E/PPDaemon(  344): MSMFB_NOTIFY_UPDATE start ioctl failed
E/PPDaemon(  344): MSMFB_NOTIFY_UPDATE start ioctl failed
E/PPDaemon(  344): MSMFB_NOTIFY_UPDATE start ioctl failed
E/PPDaemon(  344): MSMFB_NOTIFY_UPDATE start ioctl failed
E/PPDaemon(  344): MSMFB_NOTIFY_UPDATE start ioctl failed
E/PPDaemon(  344): MSMFB_NOTIFY_UPDATE start ioctl failed
E/PPDaemon(  344): MSMFB_NOTIFY_UPDATE start ioctl failed
E/PPDaemon(  344): MSMFB_NOTIFY_UPDATE start ioctl failed
E/PPDaemon(  344): MSMFB_NOTIFY_UPDATE start ioctl failed
E/PPDaemon(  344): MSMFB_NOTIFY_UPDATE start ioctl failed
E/PPDaemon(  344): MSMFB_NOTIFY_UPDATE start ioctl failed
E/PPDaemon(  344): MSMFB_NOTIFY_UPDATE start ioctl failed
E/PPDaemon(  344): MSMFB_NOTIFY_UPDATE start ioctl failed
E/PPDaemon(  344): MSMFB_NOTIFY_UPDATE start ioctl failed
E/PPDaemon(  344): MSMFB_NOTIFY_UPDATE start ioctl failed
E/PPDaemon(  344): MSMFB_NOTIFY_UPDATE start ioctl failed
E/PPDaemon(  344): MSMFB_NOTIFY_UPDATE start ioctl failed
E/PPDaemon(  344): MSMFB_NOTIFY_UPDATE start ioctl failed
E/PPDaemon(  344): MSMFB_NOTIFY_UPDATE start ioctl failed
E/PPDaemon(  344): MSMFB_NOTIFY_UPDATE start ioctl failed
E/PPDaemon(  344): MSMFB_NOTIFY_UPDATE start ioctl failed
E/PPDaemon(  344): MSMFB_NOTIFY_UPDATE start ioctl failed
E/PPDaemon(  344): MSMFB_NOTIFY_UPDATE start ioctl failed
E/PPDaemon(  344): MSMFB_NOTIFY_UPDATE start ioctl failed
E/PPDaemon(  344): MSMFB_NOTIFY_UPDATE start ioctl failed
E/PPDaemon(  344): MSMFB_NOTIFY_UPDATE start ioctl failed
E/PPDaemon(  344): MSMFB_NOTIFY_UPDATE start ioctl failed
E/PPDaemon(  344): MSMFB_NOTIFY_UPDATE start ioctl failed
E/PPDaemon(  344): MSMFB_NOTIFY_UPDATE start ioctl failed
E/PPDaemon(  344): MSMFB_NOTIFY_UPDATE start ioctl failed
E/PPDaemon(  344): MSMFB_NOTIFY_UPDATE start ioctl failed
E/PPDaemon(  344): MSMFB_NOTIFY_UPDATE start ioctl failed
E/PPDaemon(  344): MSMFB_NOTIFY_UPDATE start ioctl failed
E/PPDaemon(  344): MSMFB_NOTIFY_UPDATE start ioctl failed
E/PPDaemon(  344): MSMFB_NOTIFY_UPDATE start ioctl failed
E/PPDaemon(  344): MSMFB_NOTIFY_UPDATE start ioctl failed
E/PPDaemon(  344): MSMFB_NOTIFY_UPDATE start ioctl failed
E/PPDaemon(  344): MSMFB_NOTIFY_UPDATE start ioctl failed
E/PPDaemon(  344): MSMFB_NOTIFY_UPDATE start ioctl failed
E/PPDaemon(  344): MSMFB_NOTIFY_UPDATE start ioctl failed
E/PPDaemon(  344): MSMFB_NOTIFY_UPDATE start ioctl failed
E/PPDaemon(  344): MSMFB_NOTIFY_UPDATE start ioctl failed
E/PPDaemon(  344): MSMFB_NOTIFY_UPDATE start ioctl failed
E/PPDaemon(  344): MSMFB_NOTIFY_UPDATE start ioctl failed
E/PPDaemon(  344): MSMFB_NOTIFY_UPDATE start ioctl failed
E/PPDaemon(  344): MSMFB_NOTIFY_UPDATE start ioctl failed
E/PPDaemon(  344): MSMFB_NOTIFY_UPDATE start ioctl failed
E/PPDaemon(  344): MSMFB_NOTIFY_UPDATE start ioctl failed
E/PPDaemon(  344): MSMFB_NOTIFY_UPDATE start ioctl failed
E/PPDaemon(  344): MSMFB_NOTIFY_UPDATE start ioctl failed
E/PPDaemon(  344): MSMFB_NOTIFY_UPDATE start ioctl failed
E/PPDaemon(  344): MSMFB_NOTIFY_UPDATE start ioctl failed
E/PPDaemon(  344): MSMFB_NOTIFY_UPDATE start ioctl failed
E/PPDaemon(  344): MSMFB_NOTIFY_UPDATE start ioctl failed
E/PPDaemon(  344): MSMFB_NOTIFY_UPDATE start ioctl failed
E/PPDaemon(  344): MSMFB_NOTIFY_UPDATE start ioctl failed
E/PPDaemon(  344): MSMFB_NOTIFY_UPDATE start ioctl failed
E/PPDaemon(  344): MSMFB_NOTIFY_UPDATE start ioctl failed
E/PPDaemon(  344): MSMFB_NOTIFY_UPDATE start ioctl failed
E/PPDaemon(  344): MSMFB_NOTIFY_UPDATE start ioctl failed
E/PPDaemon(  344): MSMFB_NOTIFY_UPDATE start ioctl failed
E/PPDaemon(  344): MSMFB_NOTIFY_UPDATE start ioctl failed
E/PPDaemon(  344): MSMFB_NOTIFY_UPDATE start ioctl failed
E/PPDaemon(  344): MSMFB_NOTIFY_UPDATE start ioctl failed
E/PPDaemon(  344): MSMFB_NOTIFY_UPDATE start ioctl failed
E/PPDaemon(  344): MSMFB_NOTIFY_UPDATE start ioctl failed
E/PPDaemon(  344): MSMFB_NOTIFY_UPDATE start ioctl failed
E/PPDaemon(  344): MSMFB_NOTIFY_UPDATE start ioctl failed
E/PPDaemon(  344): MSMFB_NOTIFY_UPDATE start ioctl failed
E/PPDaemon(  344): MSMFB_NOTIFY_UPDATE start ioctl failed
E/PPDaemon(  344): MSMFB_NOTIFY_UPDATE start ioctl failed
E/PPDaemon(  344): MSMFB_NOTIFY_UPDATE start ioctl failed
E/PPDaemon(  344): MSMFB_NOTIFY_UPDATE start ioctl failed
E/PPDaemon(  344): MSMFB_NOTIFY_UPDATE start ioctl failed
E/PPDaemon(  344): MSMFB_NOTIFY_UPDATE start ioctl failed
E/PPDaemon(  344): MSMFB_NOTIFY_UPDATE start ioctl failed
E/PPDaemon(  344): MSMFB_NOTIFY_UPDATE start ioctl failed
E/PPDaemon(  344): MSMFB_NOTIFY_UPDATE start ioctl failed
E/PPDaemon(  344): MSMFB_NOTIFY_UPDATE start ioctl failed
E/PPDaemon(  344): MSMFB_NOTIFY_UPDATE start ioctl failed
E/PPDaemon(  344): MSMFB_NOTIFY_UPDATE start ioctl failed
E/PPDaemon(  344): MSMFB_NOTIFY_UPDATE start ioctl failed
E/PPDaemon(  344): MSMFB_NOTIFY_UPDATE start ioctl failed
E/PPDaemon(  344): MSMFB_NOTIFY_UPDATE start ioctl failed
E/PPDaemon(  344): MSMFB_NOTIFY_UPDATE start ioctl failed
E/PPDaemon(  344): MSMFB_NOTIFY_UPDATE start ioctl failed
E/PPDaemon(  344): MSMFB_NOTIFY_UPDATE start ioctl failed
E/PPDaemon(  344): MSMFB_NOTIFY_UPDATE start ioctl failed
E/PPDaemon(  344): MSMFB_NOTIFY_UPDATE start ioctl failed
E/PPDaemon(  344): MSMFB_NOTIFY_UPDATE start ioctl failed
E/PPDaemon(  344): MSMFB_NOTIFY_UPDATE start ioctl failed
E/PPDaemon(  344): MSMFB_NOTIFY_UPDATE start ioctl failed
E/PPDaemon(  344): MSMFB_NOTIFY_UPDATE start ioctl failed
E/PPDaemon(  344): MSMFB_NOTIFY_UPDATE start ioctl failed
E/PPDaemon(  344): MSMFB_NOTIFY_UPDATE start ioctl failed
E/PPDaemon(  344): MSMFB_NOTIFY_UPDATE start ioctl failed
E/PPDaemon(  344): MSMFB_NOTIFY_UPDATE start ioctl failed
E/PPDaemon(  344): MSMFB_NOTIFY_UPDATE start ioctl failed
E/PPDaemon(  344): MSMFB_NOTIFY_UPDATE start ioctl failed
E/PPDaemon(  344): MSMFB_NOTIFY_UPDATE start ioctl failed
E/PPDaemon(  344): MSMFB_NOTIFY_UPDATE start ioctl failed
E/PPDaemon(  344): MSMFB_NOTIFY_UPDATE start ioctl failed
E/PPDaemon(  344): MSMFB_NOTIFY_UPDATE start ioctl failed
E/PPDaemon(  344): MSMFB_NOTIFY_UPDATE start ioctl failed
E/PPDaemon(  344): MSMFB_NOTIFY_UPDATE start ioctl failed
E/PPDaemon(  344): MSMFB_NOTIFY_UPDATE start ioctl failed
E/PPDaemon(  344): MSMFB_NOTIFY_UPDATE start ioctl failed
E/PPDaemon(  344): MSMFB_NOTIFY_UPDATE start ioctl failed
E/PPDaemon(  344): MSMFB_NOTIFY_UPDATE start ioctl failed
E/PPDaemon(  344): MSMFB_NOTIFY_UPDATE start ioctl failed
E/PPDaemon(  344): MSMFB_NOTIFY_UPDATE start ioctl failed
E/PPDaemon(  344): MSMFB_NOTIFY_UPDATE start ioctl failed
E/PPDaemon(  344): MSMFB_NOTIFY_UPDATE start ioctl failed
E/PPDaemon(  344): MSMFB_NOTIFY_UPDATE start ioctl failed
E/PPDaemon(  344): MSMFB_NOTIFY_UPDATE start ioctl failed
E/PPDaemon(  344): MSMFB_NOTIFY_UPDATE start ioctl failed
E/PPDaemon(  344): MSMFB_NOTIFY_UPDATE start ioctl failed
E/PPDaemon(  344): MSMFB_NOTIFY_UPDATE start ioctl failed
E/PPDaemon(  344): MSMFB_NOTIFY_UPDATE start ioctl failed
E/PPDaemon(  344): MSMFB_NOTIFY_UPDATE start ioctl failed
E/PPDaemon(  344): MSMFB_NOTIFY_UPDATE start ioctl failed
E/PPDaemon(  344): MSMFB_NOTIFY_UPDATE start ioctl failed
E/PPDaemon(  344): MSMFB_NOTIFY_UPDATE start ioctl failed
E/PPDaemon(  344): MSMFB_NOTIFY_UPDATE start ioctl failed
E/PPDaemon(  344): MSMFB_NOTIFY_UPDATE start ioctl failed
E/PPDaemon(  344): MSMFB_NOTIFY_UPDATE start ioctl failed
E/PPDaemon(  344): MSMFB_NOTIFY_UPDATE start ioctl failed
E/PPDaemon(  344): MSMFB_NOTIFY_UPDATE start ioctl failed
E/PPDaemon(  344): MSMFB_NOTIFY_UPDATE start ioctl failed
E/PPDaemon(  344): MSMFB_NOTIFY_UPDATE start ioctl failed
E/PPDaemon(  344): MSMFB_NOTIFY_UPDATE start ioctl failed
E/PPDaemon(  344): MSMFB_NOTIFY_UPDATE start ioctl failed
E/PPDaemon(  344): MSMFB_NOTIFY_UPDATE start ioctl failed
E/PPDaemon(  344): MSMFB_NOTIFY_UPDATE start ioctl failed
E/PPDaemon(  344): MSMFB_NOTIFY_UPDATE start ioctl failed
E/PPDaemon(  344): MSMFB_NOTIFY_UPDATE start ioctl failed
E/PPDaemon(  344): MSMFB_NOTIFY_UPDATE start ioctl failed
E/PPDaemon(  344): MSMFB_NOTIFY_UPDATE start ioctl failed
E/PPDaemon(  344): MSMFB_NOTIFY_UPDATE start ioctl failed
E/PPDaemon(  344): MSMFB_NOTIFY_UPDATE start ioctl failed
E/PPDaemon(  344): MSMFB_NOTIFY_UPDATE start ioctl failed
E/PPDaemon(  344): MSMFB_NOTIFY_UPDATE start ioctl failed
E/PPDaemon(  344): MSMFB_NOTIFY_UPDATE start ioctl failed
E/PPDaemon(  344): MSMFB_NOTIFY_UPDATE start ioctl failed
E/PPDaemon(  344): MSMFB_NOTIFY_UPDATE start ioctl failed
E/PPDaemon(  344): MSMFB_NOTIFY_UPDATE start ioctl failed
E/PPDaemon(  344): MSMFB_NOTIFY_UPDATE start ioctl failed
E/PPDaemon(  344): MSMFB_NOTIFY_UPDATE start ioctl failed
E/PPDaemon(  344): MSMFB_NOTIFY_UPDATE start ioctl failed
E/PPDaemon(  344): MSMFB_NOTIFY_UPDATE start ioctl failed
E/PPDaemon(  344): MSMFB_NOTIFY_UPDATE start ioctl failed
E/PPDaemon(  344): MSMFB_NOTIFY_UPDATE start ioctl failed
E/PPDaemon(  344): MSMFB_NOTIFY_UPDATE start ioctl failed
E/PPDaemon(  344): MSMFB_NOTIFY_UPDATE start ioctl failed
E/PPDaemon(  344): MSMFB_NOTIFY_UPDATE start ioctl failed
E/PPDaemon(  344): MSMFB_NOTIFY_UPDATE start ioctl failed
E/PPDaemon(  344): MSMFB_NOTIFY_UPDATE start ioctl failed
E/PPDaemon(  344): MSMFB_NOTIFY_UPDATE start ioctl failed
E/PPDaemon(  344): MSMFB_NOTIFY_UPDATE start ioctl failed
E/PPDaemon(  344): MSMFB_NOTIFY_UPDATE start ioctl failed
E/PPDaemon(  344): MSMFB_NOTIFY_UPDATE start ioctl failed
E/PPDaemon(  344): MSMFB_NOTIFY_UPDATE start ioctl failed
E/PPDaemon(  344): MSMFB_NOTIFY_UPDATE start ioctl failed
E/PPDaemon(  344): MSMFB_NOTIFY_UPDATE start ioctl failed
E/PPDaemon(  344): MSMFB_NOTIFY_UPDATE start ioctl failed
E/PPDaemon(  344): MSMFB_NOTIFY_UPDATE start ioctl failed
E/PPDaemon(  344): MSMFB_NOTIFY_UPDATE start ioctl failed
E/PPDaemon(  344): MSMFB_NOTIFY_UPDATE start ioctl failed
E/PPDaemon(  344): MSMFB_NOTIFY_UPDATE start ioctl failed
E/PPDaemon(  344): MSMFB_NOTIFY_UPDATE start ioctl failed
E/PPDaemon(  344): MSMFB_NOTIFY_UPDATE start ioctl failed
E/PPDaemon(  344): MSMFB_NOTIFY_UPDATE start ioctl failed
E/PPDaemon(  344): MSMFB_NOTIFY_UPDATE start ioctl failed
E/PPDaemon(  344): MSMFB_NOTIFY_UPDATE start ioctl failed
E/PPDaemon(  344): MSMFB_NOTIFY_UPDATE start ioctl failed
E/PPDaemon(  344): MSMFB_NOTIFY_UPDATE start ioctl failed
E/PPDaemon(  344): MSMFB_NOTIFY_UPDATE start ioctl failed
E/PPDaemon(  344): MSMFB_NOTIFY_UPDATE start ioctl failed
E/PPDaemon(  344): MSMFB_NOTIFY_UPDATE start ioctl failed
E/PPDaemon(  344): MSMFB_NOTIFY_UPDATE start ioctl failed
E/PPDaemon(  344): MSMFB_NOTIFY_UPDATE start ioctl failed
E/PPDaemon(  344): MSMFB_NOTIFY_UPDATE start ioctl failed
E/PPDaemon(  344): MSMFB_NOTIFY_UPDATE start ioctl failed
E/PPDaemon(  344): MSMFB_NOTIFY_UPDATE start ioctl failed
E/PPDaemon(  344): MSMFB_NOTIFY_UPDATE start ioctl failed
E/PPDaemon(  344): MSMFB_NOTIFY_UPDATE start ioctl failed
E/PPDaemon(  344): MSMFB_NOTIFY_UPDATE start ioctl failed
E/PPDaemon(  344): MSMFB_NOTIFY_UPDATE start ioctl failed
E/PPDaemon(  344): MSMFB_NOTIFY_UPDATE start ioctl failed
E/PPDaemon(  344): MSMFB_NOTIFY_UPDATE start ioctl failed
E/PPDaemon(  344): MSMFB_NOTIFY_UPDATE start ioctl failed
E/PPDaemon(  344): MSMFB_NOTIFY_UPDATE start ioctl failed
E/PPDaemon(  344): MSMFB_NOTIFY_UPDATE start ioctl failed
E/PPDaemon(  344): MSMFB_NOTIFY_UPDATE start ioctl failed
E/PPDaemon(  344): MSMFB_NOTIFY_UPDATE start ioctl failed
E/PPDaemon(  344): MSMFB_NOTIFY_UPDATE start ioctl failed
E/PPDaemon(  344): MSMFB_NOTIFY_UPDATE start ioctl failed
E/PPDaemon(  344): MSMFB_NOTIFY_UPDATE start ioctl failed
E/PPDaemon(  344): MSMFB_NOTIFY_UPDATE start ioctl failed
E/PPDaemon(  344): MSMFB_NOTIFY_UPDATE start ioctl failed
E/PPDaemon(  344): MSMFB_NOTIFY_UPDATE start ioctl failed
E/PPDaemon(  344): MSMFB_NOTIFY_UPDATE start ioctl failed
E/PPDaemon(  344): MSMFB_NOTIFY_UPDATE start ioctl failed
E/PPDaemon(  344): MSMFB_NOTIFY_UPDATE start ioctl failed
E/PPDaemon(  344): MSMFB_NOTIFY_UPDATE start ioctl failed
E/PPDaemon(  344): MSMFB_NOTIFY_UPDATE start ioctl failed
E/PPDaemon(  344): MSMFB_NOTIFY_UPDATE start ioctl failed
E/PPDaemon(  344): MSMFB_NOTIFY_UPDATE start ioctl failed
E/PPDaemon(  344): MSMFB_NOTIFY_UPDATE start ioctl failed
E/PPDaemon(  344): MSMFB_NOTIFY_UPDATE start ioctl failed
E/PPDaemon(  344): MSMFB_NOTIFY_UPDATE start ioctl failed
E/PPDaemon(  344): MSMFB_NOTIFY_UPDATE start ioctl failed
E/PPDaemon(  344): MSMFB_NOTIFY_UPDATE start ioctl failed
E/PPDaemon(  344): MSMFB_NOTIFY_UPDATE start ioctl failed
E/PPDaemon(  344): MSMFB_NOTIFY_UPDATE start ioctl failed
E/PPDaemon(  344): MSMFB_NOTIFY_UPDATE start ioctl failed
E/PPDaemon(  344): MSMFB_NOTIFY_UPDATE start ioctl failed
E/PPDaemon(  344): MSMFB_NOTIFY_UPDATE start ioctl failed
E/PPDaemon(  344): MSMFB_NOTIFY_UPDATE start ioctl failed
E/PPDaemon(  344): MSMFB_NOTIFY_UPDATE start ioctl failed
E/PPDaemon(  344): MSMFB_NOTIFY_UPDATE start ioctl failed
E/PPDaemon(  344): MSMFB_NOTIFY_UPDATE start ioctl failed
E/PPDaemon(  344): MSMFB_NOTIFY_UPDATE start ioctl failed
E/PPDaemon(  344): MSMFB_NOTIFY_UPDATE start ioctl failed
E/PPDaemon(  344): MSMFB_NOTIFY_UPDATE start ioctl failed
E/PPDaemon(  344): MSMFB_NOTIFY_UPDATE start ioctl failed
E/PPDaemon(  344): MSMFB_NOTIFY_UPDATE start ioctl failed
E/PPDaemon(  344): MSMFB_NOTIFY_UPDATE start ioctl failed
E/PPDaemon(  344): MSMFB_NOTIFY_UPDATE start ioctl failed
E/PPDaemon(  344): MSMFB_NOTIFY_UPDATE start ioctl failed
E/PPDaemon(  344): MSMFB_NOTIFY_UPDATE start ioctl failed
E/PPDaemon(  344): MSMFB_NOTIFY_UPDATE start ioctl failed
E/PPDaemon(  344): MSMFB_NOTIFY_UPDATE start ioctl failed
E/PPDaemon(  344): MSMFB_NOTIFY_UPDATE start ioctl failed
E/PPDaemon(  344): MSMFB_NOTIFY_UPDATE start ioctl failed
E/PPDaemon(  344): MSMFB_NOTIFY_UPDATE start ioctl failed
E/PPDaemon(  344): MSMFB_NOTIFY_UPDATE start ioctl failed
E/PPDaemon(  344): MSMFB_NOTIFY_UPDATE start ioctl failed
E/PPDaemon(  344): MSMFB_NOTIFY_UPDATE start ioctl failed
E/PPDaemon(  344): MSMFB_NOTIFY_UPDATE start ioctl failed
E/PPDaemon(  344): MSMFB_NOTIFY_UPDATE start ioctl failed
E/PPDaemon(  344): MSMFB_NOTIFY_UPDATE start ioctl failed
E/PPDaemon(  344): MSMFB_NOTIFY_UPDATE start ioctl failed
E/PPDaemon(  344): MSMFB_NOTIFY_UPDATE start ioctl failed
E/PPDaemon(  344): MSMFB_NOTIFY_UPDATE start ioctl failed
E/PPDaemon(  344): MSMFB_NOTIFY_UPDATE start ioctl failed
E/PPDaemon(  344): MSMFB_NOTIFY_UPDATE start ioctl failed
E/PPDaemon(  344): MSMFB_NOTIFY_UPDATE start ioctl failed
E/PPDaemon(  344): MSMFB_NOTIFY_UPDATE start ioctl failed
E/PPDaemon(  344): MSMFB_NOTIFY_UPDATE start ioctl failed
E/PPDaemon(  344): MSMFB_NOTIFY_UPDATE start ioctl failed
E/PPDaemon(  344): MSMFB_NOTIFY_UPDATE start ioctl failed
E/PPDaemon(  344): MSMFB_NOTIFY_UPDATE start ioctl failed
E/PPDaemon(  344): MSMFB_NOTIFY_UPDATE start ioctl failed
E/PPDaemon(  344): MSMFB_NOTIFY_UPDATE start ioctl failed
E/PPDaemon(  344): MSMFB_NOTIFY_UPDATE start ioctl failed
D/telpo_native(  775): usb_printer_write data start!
D/telpo_native(  775): usb_printer_write start!
E/telpo_native(  775): ret = 25
D/telpo_native(  775): handle_emv_serial_read_write_cmd: usb write length = 25
E/telpo_native(  775): serial_read:start read
E/telpo_native(  775): serial_read:serial_read read_size = 0
D/telpo_native(  775): handle_emv_serial_read_write_cmd: usb_printer_read length = 20
I/telpo_native(  775): 0b
I/telpo_native(  775): b0
I/telpo_native(  775): 96
I/telpo_native(  775): 69
I/telpo_native(  775): 04
I/telpo_native(  775): 00
I/telpo_native(  775): 00
I/telpo_native(  775): 00
I/telpo_native(  775): 91
D/wpa_supplicant(13327): wlan0: Control interface command 'SIGNAL_POLL'
D/VM_BMS  (  461): wake_lock acquired
D/VM_BMS  (  461): New BMS data - Size=56
D/VM_BMS  (  461): Start process_bms_data
D/VM_BMS  (  461): Battery charge_cycle=0 fcc_adjust=0 rbatt_adjust=0 cycle_changed=false
D/VM_BMS  (  461): For batt_temp=255 fcc_mah=2200
D/VM_BMS  (  461): Lookup fcc_mah=2200.000000  adjusted fcc_mah=2200.000000
D/VM_BMS  (  461): For ocv=3799540 batt_temp=255 soc=35
D/VM_BMS  (  461): fifo_count=5 acc_count=0
D/VM_BMS  (  461): INIT: ocv=3799540 last_ocv=3799540 batt_temp=255 soc=35
D/VM_BMS  (  461): For soc=35 batt_temp=255 slope=3000
D/VM_BMS  (  461): For soc=35 batt_temp=255 rbatt_sf=107
D/VM_BMS  (  461): rbatt_mohm_default=72, rbatt_mohm=77, sf=107 batt_temp=255
D/VM_BMS  (  461): Lookup rbatt=77.000000  adjusted rbatt=77.000000
D/VM_BMS  (  461): For ocv=3799531 batt_temp=255 soc=35
D/VM_BMS  (  461): FIFO=0 fifo_avg=3.796252 rbatt=0.127000 slope=0.300000 ibatt=0.025855 ocv=3.799531 soc=35 fcc_ah=2.200000 sample_count=128 sample_interval=70 seq_num=2639
D/VM_BMS  (  461): For soc=35 batt_temp=255 slope=3000
D/VM_BMS  (  461): For soc=35 batt_temp=255 rbatt_sf=107
D/VM_BMS  (  461): rbatt_mohm_default=72, rbatt_mohm=77, sf=107 batt_temp=255
D/VM_BMS  (  461): Lookup rbatt=77.000000  adjusted rbatt=77.000000
D/VM_BMS  (  461): For ocv=3799522 batt_temp=255 soc=35
D/VM_BMS  (  461): FIFO=1 fifo_avg=3.796245 rbatt=0.127000 slope=0.300000 ibatt=0.025839 ocv=3.799522 soc=35 fcc_ah=2.200000 sample_count=128 sample_interval=70 seq_num=2639
D/VM_BMS  (  461): For soc=35 batt_temp=255 slope=3000
D/VM_BMS  (  461): For soc=35 batt_temp=255 rbatt_sf=107
D/VM_BMS  (  461): rbatt_mohm_default=72, rbatt_mohm=77, sf=107 batt_temp=255
D/VM_BMS  (  461): Lookup rbatt=77.000000  adjusted rbatt=77.000000
D/VM_BMS  (  461): For ocv=3799497 batt_temp=255 soc=35
D/VM_BMS  (  461): FIFO=2 fifo_avg=3.790361 rbatt=0.127000 slope=0.300000 ibatt=0.072038 ocv=3.799497 soc=35 fcc_ah=2.200000 sample_count=128 sample_interval=70 seq_num=2639
D/VM_BMS  (  461): For soc=35 batt_temp=255 slope=3000
D/VM_BMS  (  461): For soc=35 batt_temp=255 rbatt_sf=107
D/VM_BMS  (  461): rbatt_mohm_default=72, rbatt_mohm=77, sf=107 batt_temp=255
D/VM_BMS  (  461): Lookup rbatt=77.000000  adjusted rbatt=77.000000
D/VM_BMS  (  461): For ocv=3799465 batt_temp=255 soc=35
D/VM_BMS  (  461): FIFO=3 fifo_avg=3.787719 rbatt=0.127000 slope=0.300000 ibatt=0.092615 ocv=3.799465 soc=35 fcc_ah=2.200000 sample_count=128 sample_interval=70 seq_num=2639
D/VM_BMS  (  461): For soc=35 batt_temp=255 slope=3000
D/VM_BMS  (  461): For soc=35 batt_temp=255 rbatt_sf=107
D/VM_BMS  (  461): rbatt_mohm_default=72, rbatt_mohm=77, sf=107 batt_temp=255
D/VM_BMS  (  461): Lookup rbatt=77.000000  adjusted rbatt=77.000000
D/VM_BMS  (  461): For ocv=3799432 batt_temp=255 soc=35
D/VM_BMS  (  461): FIFO=4 fifo_avg=3.787414 rbatt=0.127000 slope=0.300000 ibatt=0.094762 ocv=3.799433 soc=35 fcc_ah=2.200000 sample_count=128 sample_interval=70 seq_num=2639
I/VM_BMS  (  461): power_supply_update: ocv_uv=3799432 ibatt=94762 soc=35 seq_num=2639
D/VM_BMS  (  461): End process_bms_data
D/VM_BMS  (  461): wake_lock released
D/BatteryMeterView( 2940): not on charging...
D/BatteryMeterView( 2940): not on charging...
D/BatteryMeterView( 2940): not on charging...
W/EmvService( 9199): InputPin: 1
E/EMV_LIB ( 9199): Send APDU:13
E/EMV_LIB ( 9199): <<<   >>> [13]
E/EMV_LIB ( 9199): 00 20 00 80 08 24 42 51 FF FF FF FF FF 
D/telpo_native(  775): usb_printer_write data start!
D/telpo_native(  775): usb_printer_write start!
E/telpo_native(  775): ret = 38
D/telpo_native(  775): handle_emv_serial_read_write_cmd: usb write length = 38
E/telpo_native(  775): Cannot find response header
D/telpo_native(  775): handle_emv_serial_read_write_cmd: not enough data receive,continue
D/BatteryMeterView( 2940): onDraw level = 32
E/telpo_native(  775): Cannot find response header
D/telpo_native(  775): handle_emv_serial_read_write_cmd: not enough data receive,continue
D/BatteryMeterView( 2940): onDraw level = 32
E/telpo_native(  775): Cannot find response header
D/telpo_native(  775): handle_emv_serial_read_write_cmd: not enough data receive,continue
E/telpo_native(  775): Cannot find response header
D/telpo_native(  775): handle_emv_serial_read_write_cmd: not enough data receive,continue
E/telpo_native(  775): Cannot find response header
D/telpo_native(  775): handle_emv_serial_read_write_cmd: not enough data receive,continue
E/telpo_native(  775): Cannot find response header
D/telpo_native(  775): handle_emv_serial_read_write_cmd: not enough data receive,continue
E/telpo_native(  775): Cannot find response header
D/telpo_native(  775): handle_emv_serial_read_write_cmd: not enough data receive,continue
E/telpo_native(  775): Cannot find response header
D/telpo_native(  775): handle_emv_serial_read_write_cmd: not enough data receive,continue
E/telpo_native(  775): Cannot find response header
D/telpo_native(  775): handle_emv_serial_read_write_cmd: not enough data receive,continue
E/telpo_native(  775): serial_read:start read
E/telpo_native(  775): serial_read:serial_read read_size = 0
D/telpo_native(  775): handle_emv_serial_read_write_cmd: usb_printer_read length = 26
I/telpo_native(  775): 0b
I/telpo_native(  775): b0
I/telpo_native(  775): 96
I/telpo_native(  775): 69
I/telpo_native(  775): 0a
I/telpo_native(  775): 00
I/telpo_native(  775): 00
I/telpo_native(  775): 00
I/telpo_native(  775): 92
I/telpo_native(  775): 00
I/telpo_native(  775): 04
I/telpo_native(  775): 01
I/telpo_native(  775): 00
I/telpo_native(  775): 00
I/telpo_native(  775): 00
I/telpo_native(  775): 00
I/telpo_native(  775): 00
I/telpo_native(  775): 00
I/telpo_native(  775): 00
I/telpo_native(  775): 00
I/telpo_native(  775): 02
I/telpo_native(  775): 00
I/telpo_native(  775): 00
I/telpo_native(  775): 00
I/telpo_native(  775): 90
I/telpo_native(  775): 00
I/telpo_native(  775): 
D/telpo_native(  775): handle_emv_serial_read_write_cmd: parse successfully!
I/telpo_native(  775): handle_emv_serial_read_write_cmd: receive data length is 26
I/telpo_native(  775): 0b
I/telpo_native(  775): b0
I/telpo_native(  775): 96
I/telpo_native(  775): 69
I/telpo_native(  775): 0a
I/telpo_native(  775): 00
I/telpo_native(  775): 00
I/telpo_native(  775): 00
I/telpo_native(  775): 92
I/telpo_native(  775): 00
I/telpo_native(  775): 04
I/telpo_native(  775): 01
I/telpo_native(  775): 00
I/telpo_native(  775): 00
I/telpo_native(  775): 00
I/telpo_native(  775): 00
I/telpo_native(  775): 00
I/telpo_native(  775): 00
I/telpo_native(  775): 00
I/telpo_native(  775): 00
I/telpo_native(  775): 02
I/telpo_native(  775): 00
I/telpo_native(  775): 00
I/telpo_native(  775): 00
I/telpo_native(  775): 90
I/telpo_native(  775): 00
I/telpo_native(  775): 
D/telpo_native( 9199): CallIntMethod return ret = 0 length = 26
E/EMV_LIB ( 9199): Receive APDU:2
E/EMV_LIB ( 9199): <<< Receive APDU: >>> [2]
E/EMV_LIB ( 9199): 90 00 
E/EMV_LIB ( 9199): Cvm_Excute ret = 1
E/EMV_LIB ( 9199): CVM [2] Checked Successfully
E/EMV_LIB ( 9199): <<< emv tlv tag Get [0x95] >>> [5]
E/EMV_LIB ( 9199): 04 80 80 00 00 
E/EMV_LIB ( 9199): <<< emv tlv tag Set [0x95] >>> [5]
E/EMV_LIB ( 9199): 04 80 00 00 00 
E/EMV_LIB ( 9199): <<< emv tlv tag Get [0x9B] >>> [2]
E/EMV_LIB ( 9199): 80 00 
E/EMV_LIB ( 9199): <<< emv tlv tag Set [0x9B] >>> [2]
E/EMV_LIB ( 9199): C0 00 
E/EMV_LIB ( 9199): <<< emv tlv tag Set [0x9F34] >>> [3]
E/EMV_LIB ( 9199): 41 03 02 
E/EMV_LIB ( 9199): <<< emv tlv tag Get [0x5A] >>> [8]
E/EMV_LIB ( 9199): 51 99 11 07 54 30 94 55 
E/EMV_LIB ( 9199): CheckException methid :1952538336
W/EmvService( 9199): CheckExceptionPan: 0
E/EMV_LIB ( 9199): CheckException ret :0
E/EMV_LIB ( 9199): OnEmvCheckException ret = 0
E/EMV_LIB ( 9199): <<< emv tlv tag Get [0x9F1B] >>> [4]
E/EMV_LIB ( 9199): 7F FF FF FF 
E/EMV_LIB ( 9199): <<< emv tlv tag Get [0x9F02] >>> [6]
E/EMV_LIB ( 9199): 00 00 00 00 00 01 
E/EMV_LIB ( 9199): <<< emv tlv tag Get [0x9F02] >>> [6]
E/EMV_LIB ( 9199): 00 00 00 00 00 01 
E/EMV_LIB ( 9199): <<< emv tlv tag Get [0x9F1B] >>> [4]
E/EMV_LIB ( 9199): 7F FF FF FF 
E/EMV_LIB ( 9199): <<< emv tlv tag Get [0x9B] >>> [2]
E/EMV_LIB ( 9199): C0 00 
E/EMV_LIB ( 9199): <<< emv tlv tag Set [0x9B] >>> [2]
E/EMV_LIB ( 9199): C8 00 
E/EMV_LIB ( 9199): <<< emv tlv tag Get [0x8C] >>> [39]
E/EMV_LIB ( 9199): 9F 02 06 9F 03 06 9F 1A 02 95 05 5F 2A 02 9A 03 9C 01 9F 37 04 9F 35 01 9F 45 02 9F 4C 08 9F 34 03 9F 21 03 9F 7C 14 
E/EMV_LIB ( 9199): <<< emv tlv tag Get [0x95] >>> [5]
E/EMV_LIB ( 9199): 04 80 00 00 00 
E/EMV_LIB ( 9199): <<< emv tlv tag Get [0x9F0E] >>> [5]
E/EMV_LIB ( 9199): 00 00 00 00 00 
E/EMV_LIB ( 9199): <<< IAC >>> [5]
E/EMV_LIB ( 9199): 00 00 00 00 00 
E/EMV_LIB ( 9199): <<< TAC >>> [5]
E/EMV_LIB ( 9199): 00 10 00 00 00 
E/EMV_LIB ( 9199): <<< TVR >>> [5]
E/EMV_LIB ( 9199): 04 80 00 00 00 
E/EMV_LIB ( 9199): <<< emv tlv tag Get [0x95] >>> [5]
D/telpo_native(  775): usb_printer_write data start!
D/telpo_native(  775): usb_printer_write start!
E/EMV_LIB ( 9199): 04 80 00 00 00 
E/EMV_LIB ( 9199): <<< emv tlv tag Get [0x9F0F] >>> [5]
E/telpo_native(  775): ret = 25
E/EMV_LIB ( 9199): BC 70 BC 98 00 
D/telpo_native(  775): handle_emv_serial_read_write_cmd: usb write length = 25
E/EMV_LIB ( 9199): <<< IAC >>> [5]
E/EMV_LIB ( 9199): BC 70 BC 98 00 
E/EMV_LIB ( 9199): <<< TAC >>> [5]
E/EMV_LIB ( 9199): FC F8 E4 F8 80 
E/EMV_LIB ( 9199): <<< TVR >>> [5]
E/EMV_LIB ( 9199): 04 80 00 00 00 
E/EMV_LIB ( 9199): Check Online  
E/EMV_LIB ( 9199): Result: Generate ARQC
E/EMV_LIB ( 9199): 1st GenerateAC Command [80]
E/EMV_LIB ( 9199): <<< emv tlv tag Get [0x8C] >>> [39]
E/EMV_LIB ( 9199): 9F 02 06 9F 03 06 9F 1A 02 95 05 5F 2A 02 9A 03 9C 01 9F 37 04 9F 35 01 9F 45 02 9F 4C 08 9F 34 03 9F 21 03 9F 7C 14 
E/EMV_LIB ( 9199): <<< construct_dol >>> [39]
E/EMV_LIB ( 9199): 9F 02 06 9F 03 06 9F 1A 02 95 05 5F 2A 02 9A 03 9C 01 9F 37 04 9F 35 01 9F 45 02 9F 4C 08 9F 34 03 9F 21 03 9F 7C 14 
E/EMV_LIB ( 9199): DOL Request Tag:9F02
E/EMV_LIB ( 9199): <<< emv tlv tag Get [0x9F02] >>> [6]
E/EMV_LIB ( 9199): 00 00 00 00 00 01 
E/EMV_LIB ( 9199): <<< Value: >>> [6]
E/EMV_LIB ( 9199): 00 00 00 00 00 01 
E/EMV_LIB ( 9199): DOL Request Tag:9F03
E/EMV_LIB ( 9199): <<< emv tlv tag Get [0x9F03] >>> [6]
E/EMV_LIB ( 9199): 00 00 00 00 00 00 
E/EMV_LIB ( 9199): <<< Value: >>> [6]
E/EMV_LIB ( 9199): 00 00 00 00 00 00 
E/EMV_LIB ( 9199): DOL Request Tag:9F1A
E/EMV_LIB ( 9199): <<< emv tlv tag Get [0x9F1A] >>> [2]
E/EMV_LIB ( 9199): 05 66 
E/EMV_LIB ( 9199): <<< Value: >>> [2]
E/EMV_LIB ( 9199): 05 66 
E/EMV_LIB ( 9199): DOL Request Tag:95
E/EMV_LIB ( 9199): <<< emv tlv tag Get [0x95] >>> [5]
E/EMV_LIB ( 9199): 04 80 00 00 00 
E/EMV_LIB ( 9199): <<< Value: >>> [5]
E/EMV_LIB ( 9199): 04 80 00 00 00 
E/EMV_LIB ( 9199): DOL Request Tag:5F2A
E/EMV_LIB ( 9199): <<< emv tlv tag Get [0x5F2A] >>> [2]
E/EMV_LIB ( 9199): 05 66 
E/EMV_LIB ( 9199): <<< Value: >>> [2]
E/EMV_LIB ( 9199): 05 66 
E/EMV_LIB ( 9199): DOL Request Tag:9A
E/EMV_LIB ( 9199): <<< emv tlv tag Get [0x9A] >>> [3]
E/EMV_LIB ( 9199): 20 06 02 
E/EMV_LIB ( 9199): <<< Value: >>> [3]
E/EMV_LIB ( 9199): 20 06 02 
E/EMV_LIB ( 9199): DOL Request Tag:9C
E/EMV_LIB ( 9199): <<< emv tlv tag Get [0x9C] >>> [1]
E/EMV_LIB ( 9199): 00 
E/EMV_LIB ( 9199): <<< Value: >>> [1]
E/EMV_LIB ( 9199): 00 
E/EMV_LIB ( 9199): DOL Request Tag:9F37
E/EMV_LIB ( 9199): <<< emv tlv tag Get [0x9F37] >>> [4]
E/EMV_LIB ( 9199): EA 5B 2E D9 
E/EMV_LIB ( 9199): <<< Value: >>> [4]
E/EMV_LIB ( 9199): EA 5B 2E D9 
E/EMV_LIB ( 9199): DOL Request Tag:9F35
E/EMV_LIB ( 9199): <<< emv tlv tag Get [0x9F35] >>> [1]
E/EMV_LIB ( 9199): 22 
E/EMV_LIB ( 9199): <<< Value: >>> [1]
E/EMV_LIB ( 9199): 22 
E/EMV_LIB ( 9199): DOL Request Tag:9F45
E/EMV_LIB ( 9199): <<< Value: >>> [0]
E/EMV_LIB ( 9199): DOL Unknown Tag: 0x9F45, Len:2
E/EMV_LIB ( 9199): Require input Tag: 9F45
E/EMV_LIB ( 9199): jni_RequireTagValue, Tag:9F45
W/EmvService( 9199): RequireTagValue: 1
E/EMV_LIB ( 9199): <<< emv tlv tag Set [0x9F45] >>> [2]
E/EMV_LIB ( 9199): 00 00 
E/EMV_LIB ( 9199): DOL Request Tag:9F4C
E/EMV_LIB ( 9199): <<< Value: >>> [0]
E/EMV_LIB ( 9199): DOL Unknown Tag: 0x9F4C, Len:8
E/EMV_LIB ( 9199): Require input Tag: 9F4C
E/EMV_LIB ( 9199): jni_RequireTagValue, Tag:9F4C
W/EmvService( 9199): RequireTagValue: 1
E/EMV_LIB ( 9199): <<< emv tlv tag Set [0x9F4C] >>> [8]
E/EMV_LIB ( 9199): 00 00 00 00 00 00 00 00 
E/EMV_LIB ( 9199): DOL Request Tag:9F34
E/EMV_LIB ( 9199): <<< emv tlv tag Get [0x9F34] >>> [3]
E/EMV_LIB ( 9199): 41 03 02 
E/EMV_LIB ( 9199): <<< Value: >>> [3]
E/EMV_LIB ( 9199): 41 03 02 
E/EMV_LIB ( 9199): DOL Request Tag:9F21
E/EMV_LIB ( 9199): <<< emv tlv tag Get [0x9F21] >>> [3]
E/EMV_LIB ( 9199): 19 49 01 
E/EMV_LIB ( 9199): <<< Value: >>> [3]
E/EMV_LIB ( 9199): 19 49 01 
E/EMV_LIB ( 9199): DOL Request Tag:9F7C
E/EMV_LIB ( 9199): <<< Value: >>> [0]
E/EMV_LIB ( 9199): DOL Unknown Tag: 0x9F7C, Len:20
E/EMV_LIB ( 9199): Require input Tag: 9F7C
E/EMV_LIB ( 9199): jni_RequireTagValue, Tag:9F7C
W/EmvService( 9199): RequireTagValue: 1
E/EMV_LIB ( 9199): <<< emv tlv tag Set [0x9F7C] >>> [20]
E/EMV_LIB ( 9199): 00 00 00 00 00 00 00 00 00 00 00 00 00 00 00 00 00 00 00 00 
E/EMV_LIB ( 9199): Generate_AC Is CDA = 0
E/EMV_LIB ( 9199): Send APDU:72
E/EMV_LIB ( 9199): <<<   >>> [72]
E/EMV_LIB ( 9199): 80 AE 80 00 42 00 00 00 00 00 01 00 00 00 00 00 00 05 66 04 80 00 00 00 05 66 20 06 02 00 EA 5B 2E D9 22 00 00 00 00 00 00 00 00 00 00 41 03 02 19 49 01 00 00 00 00 00 00 00 00 00 00 00 00 00 00 00 00 00 00 00 00 00 
E/telpo_native(  775): serial_read:start read
E/telpo_native(  775): serial_read:serial_read read_size = 0
D/telpo_native(  775): handle_emv_serial_read_write_cmd: usb_printer_read length = 20
I/telpo_native(  775): 0b
I/telpo_native(  775): b0
I/telpo_native(  775): 96
I/telpo_native(  775): 69
I/telpo_native(  775): 04
I/telpo_native(  775): 00
I/telpo_native(  775): 00
I/telpo_native(  775): 00
I/telpo_native(  775): 93
I/telpo_native(  775): 00
I/telpo_native(  775): 04
I/telpo_native(  775): 01
I/telpo_native(  775): 00
I/telpo_native(  775): 00
I/telpo_native(  775): 00
I/telpo_native(  775): 00
I/telpo_native(  775): 00
I/telpo_native(  775): 00
I/telpo_native(  775): 00
I/telpo_native(  775): 00
I/telpo_native(  775): 
D/telpo_native(  775): handle_emv_serial_read_write_cmd: parse successfully!
I/telpo_native(  775): handle_emv_serial_read_write_cmd: receive data length is 20
I/telpo_native(  775): 0b
I/telpo_native(  775): b0
I/telpo_native(  775): 96
I/telpo_native(  775): 69
I/telpo_native(  775): 04
I/telpo_native(  775): 00
I/telpo_native(  775): 00
I/telpo_native(  775): 00
I/telpo_native(  775): 93
I/telpo_native(  775): 00
I/telpo_native(  775): 04
I/telpo_native(  775): 01
I/telpo_native(  775): 00
I/telpo_native(  775): 00
I/telpo_native(  775): 00
I/telpo_native(  775): 00
I/telpo_native(  775): 00
I/telpo_native(  775): 00
I/telpo_native(  775): 00
I/telpo_native(  775): 00
I/telpo_native(  775): 
D/telpo_native(  775): usb_printer_write data start!
D/telpo_native(  775): usb_printer_write start!
E/telpo_native(  775): ret = 97
D/telpo_native(  775): handle_emv_serial_read_write_cmd: usb write length = 97
D/telpo_native( 9199): CallIntMethod return ret = 0 length = 20
E/telpo_native(  775): Cannot find response header
D/telpo_native(  775): handle_emv_serial_read_write_cmd: not enough data receive,continue
E/telpo_native(  775): Cannot find response header
D/telpo_native(  775): handle_emv_serial_read_write_cmd: not enough data receive,continue
E/telpo_native(  775): Cannot find response header
D/telpo_native(  775): handle_emv_serial_read_write_cmd: not enough data receive,continue
E/telpo_native(  775): Cannot find response header
D/telpo_native(  775): handle_emv_serial_read_write_cmd: not enough data receive,continue
E/telpo_native(  775): Cannot find response header
D/telpo_native(  775): handle_emv_serial_read_write_cmd: not enough data receive,continue
E/telpo_native(  775): Cannot find response header
D/telpo_native(  775): handle_emv_serial_read_write_cmd: not enough data receive,continue
E/telpo_native(  775): Cannot find response header
D/telpo_native(  775): handle_emv_serial_read_write_cmd: not enough data receive,continue
E/telpo_native(  775): Cannot find response header
D/telpo_native(  775): handle_emv_serial_read_write_cmd: not enough data receive,continue
E/telpo_native(  775): Cannot find response header
D/telpo_native(  775): handle_emv_serial_read_write_cmd: not enough data receive,continue
E/telpo_native(  775): Cannot find response header
D/telpo_native(  775): handle_emv_serial_read_write_cmd: not enough data receive,continue
E/telpo_native(  775): Cannot find response header
D/telpo_native(  775): handle_emv_serial_read_write_cmd: not enough data receive,continue
E/telpo_native(  775): Cannot find response header
D/telpo_native(  775): handle_emv_serial_read_write_cmd: not enough data receive,continue
E/telpo_native(  775): Cannot find response header
D/telpo_native(  775): handle_emv_serial_read_write_cmd: not enough data receive,continue
E/telpo_native(  775): Cannot find response header
D/telpo_native(  775): handle_emv_serial_read_write_cmd: not enough data receive,continue
E/telpo_native(  775): Cannot find response header
D/telpo_native(  775): handle_emv_serial_read_write_cmd: not enough data receive,continue
E/telpo_native(  775): Cannot find response header
D/telpo_native(  775): handle_emv_serial_read_write_cmd: not enough data receive,continue
E/telpo_native(  775): Cannot find response header
D/telpo_native(  775): handle_emv_serial_read_write_cmd: not enough data receive,continue
E/telpo_native(  775): Cannot find response header
D/telpo_native(  775): handle_emv_serial_read_write_cmd: not enough data receive,continue
E/telpo_native(  775): Cannot find response header
D/telpo_native(  775): handle_emv_serial_read_write_cmd: not enough data receive,continue
E/telpo_native(  775): Cannot find response header
D/telpo_native(  775): handle_emv_serial_read_write_cmd: not enough data receive,continue
E/telpo_native(  775): Cannot find response header
D/telpo_native(  775): handle_emv_serial_read_write_cmd: not enough data receive,continue
E/telpo_native(  775): Cannot find response header
D/telpo_native(  775): handle_emv_serial_read_write_cmd: not enough data receive,continue
E/telpo_native(  775): Cannot find response header
D/telpo_native(  775): handle_emv_serial_read_write_cmd: not enough data receive,continue
E/telpo_native(  775): Cannot find response header
D/telpo_native(  775): handle_emv_serial_read_write_cmd: not enough data receive,continue
E/telpo_native(  775): Cannot find response header
D/telpo_native(  775): handle_emv_serial_read_write_cmd: not enough data receive,continue
E/telpo_native(  775): serial_read:start read
E/telpo_native(  775): serial_read:serial_read read_size = 0
D/telpo_native(  775): handle_emv_serial_read_write_cmd: usb_printer_read length = 69
I/telpo_native(  775): 0b
I/telpo_native(  775): b0
I/telpo_native(  775): 96
I/telpo_native(  775): 69
I/telpo_native(  775): 35
I/telpo_native(  775): 00
I/telpo_native(  775): 00
I/telpo_native(  775): 00
I/telpo_native(  775): 94
I/telpo_native(  775): 00
I/telpo_native(  775): 04
I/telpo_native(  775): 01
I/telpo_native(  775): 00
I/telpo_native(  775): 00
I/telpo_native(  775): 00
I/telpo_native(  775): 00
I/telpo_native(  775): 00
I/telpo_native(  775): 00
I/telpo_native(  775): 00
I/telpo_native(  775): 00
I/telpo_native(  775): 2d
I/telpo_native(  775): 00
I/telpo_native(  775): 00
I/telpo_native(  775): 00
I/telpo_native(  775): 77
I/telpo_native(  775): 29
I/telpo_native(  775): 9f
I/telpo_native(  775): 27
I/telpo_native(  775): 01
I/telpo_native(  775): 80
I/telpo_native(  775): 9f
I/telpo_native(  775): 36
I/telpo_native(  775): 02
I/telpo_native(  775): 06
I/telpo_native(  775): 91
I/telpo_native(  775): 9f
I/telpo_native(  775): 26
I/telpo_native(  775): 08
I/telpo_native(  775): 91
I/telpo_native(  775): f5
I/telpo_native(  775): 94
I/telpo_native(  775): 9d
I/telpo_native(  775): 01
I/telpo_native(  775): ba
I/telpo_native(  775): d6
I/telpo_native(  775): f7
I/telpo_native(  775): 9f
I/telpo_native(  775): 10
I/telpo_native(  775): 12
I/telpo_native(  775): 01
I/telpo_native(  775): 10
I/telpo_native(  775): a5
I/telpo_native(  775): 00
I/telpo_native(  775): 03
I/telpo_native(  775): 02
I/telpo_native(  775): 00
I/telpo_native(  775): 00
I/telpo_native(  775): 00
I/telpo_native(  775): 00
I/telpo_native(  775): 00
I/telpo_native(  775): 00
I/telpo_native(  775): 00
I/telpo_native(  775): 00
I/telpo_native(  775): 00
I/telpo_native(  775): 00
I/telpo_native(  775): 00
I/telpo_native(  775): ff
I/telpo_native(  775): 90
I/telpo_native(  775): 00
I/telpo_native(  775): 
D/telpo_native(  775): handle_emv_serial_read_write_cmd: parse successfully!
I/telpo_native(  775): handle_emv_serial_read_write_cmd: receive data length is 69
I/telpo_native(  775): 0b
I/telpo_native(  775): b0
I/telpo_native(  775): 96
I/telpo_native(  775): 69
I/telpo_native(  775): 35
I/telpo_native(  775): 00
I/telpo_native(  775): 00
I/telpo_native(  775): 00
I/telpo_native(  775): 94
I/telpo_native(  775): 00
I/telpo_native(  775): 04
I/telpo_native(  775): 01
I/telpo_native(  775): 00
I/telpo_native(  775): 00
I/telpo_native(  775): 00
I/telpo_native(  775): 00
I/telpo_native(  775): 00
I/telpo_native(  775): 00
I/telpo_native(  775): 00
I/telpo_native(  775): 00
I/telpo_native(  775): 2d
I/telpo_native(  775): 00
I/telpo_native(  775): 00
I/telpo_native(  775): 00
I/telpo_native(  775): 77
I/telpo_native(  775): 29
I/telpo_native(  775): 9f
I/telpo_native(  775): 27
I/telpo_native(  775): 01
I/telpo_native(  775): 80
I/telpo_native(  775): 9f
I/telpo_native(  775): 36
I/telpo_native(  775): 02
I/telpo_native(  775): 06
I/telpo_native(  775): 91
I/telpo_native(  775): 9f
I/telpo_native(  775): 26
I/telpo_native(  775): 08
I/telpo_native(  775): 91
I/telpo_native(  775): f5
I/telpo_native(  775): 94
I/telpo_native(  775): 9d
I/telpo_native(  775): 01
I/telpo_native(  775): ba
I/telpo_native(  775): d6
I/telpo_native(  775): f7
I/telpo_native(  775): 9f
I/telpo_native(  775): 10
I/telpo_native(  775): 12
I/telpo_native(  775): 01
I/telpo_native(  775): 10
I/telpo_native(  775): a5
I/telpo_native(  775): 00
I/telpo_native(  775): 03
I/telpo_native(  775): 02
I/telpo_native(  775): 00
I/telpo_native(  775): 00
I/telpo_native(  775): 00
I/telpo_native(  775): 00
I/telpo_native(  775): 00
I/telpo_native(  775): 00
I/telpo_native(  775): 00
I/telpo_native(  775): 00
I/telpo_native(  775): 00
I/telpo_native(  775): 00
I/telpo_native(  775): 00
I/telpo_native(  775): ff
I/telpo_native(  775): 90
I/telpo_native(  775): 00
I/telpo_native(  775): 
D/telpo_native( 9199): CallIntMethod return ret = 0 length = 69
E/EMV_LIB ( 9199): Receive APDU:45
E/EMV_LIB ( 9199): <<< Receive APDU: >>> [45]
E/EMV_LIB ( 9199): 77 29 9F 27 01 80 9F 36 02 06 91 9F 26 08 91 F5 94 9D 01 BA D6 F7 9F 10 12 01 10 A5 00 03 02 00 00 00 00 00 00 00 00 00 00 00 FF 90 00 
E/EMV_LIB ( 9199): Apdu_Generate_AC Res = 1
E/EMV_LIB ( 9199): CardAct_GenerateAC ret = 1
E/EMV_LIB ( 9199): Decode: 0x77,Primitive:0
E/EMV_LIB ( 9199): <<< emv tlv tag Set [0x9F27] >>> [1]
E/EMV_LIB ( 9199): 80 
E/EMV_LIB ( 9199): <<< emv tlv tag Set [0x9F36] >>> [2]
E/EMV_LIB ( 9199): 06 91 
E/EMV_LIB ( 9199): <<< emv tlv tag Set [0x9F26] >>> [8]
E/EMV_LIB ( 9199): 91 F5 94 9D 01 BA D6 F7 
E/EMV_LIB ( 9199): <<< emv tlv tag Set [0x9F10] >>> [18]
E/EMV_LIB ( 9199): 01 10 A5 00 03 02 00 00 00 00 00 00 00 00 00 00 00 FF 
E/EMV_LIB ( 9199): CardAct_DecodeData ret = 1
E/EMV_LIB ( 9199): <<< emv tlv tag Get [0x9F27] >>> [1]
E/EMV_LIB ( 9199): 80 
E/EMV_LIB ( 9199): 0x9F27 [80]
E/EMV_LIB ( 9199): <<< emv tlv tag Get [0x9F26] >>> [8]
E/EMV_LIB ( 9199): 91 F5 94 9D 01 BA D6 F7 
E/EMV_LIB ( 9199): <<< emv tlv tag Get [0x9F36] >>> [2]
E/EMV_LIB ( 9199): 06 91 
E/EMV_LIB ( 9199): ---- 1st Generate AC Result Start ----
E/EMV_LIB ( 9199): Result: ARQC
E/EMV_LIB ( 9199): IsAdvice [0]
E/EMV_LIB ( 9199): IsIssuerAuth_Fail [0]
E/EMV_LIB ( 9199): IsNoService [0]
E/EMV_LIB ( 9199): IsPinLimit [0]
E/EMV_LIB ( 9199): PaySys_CA [0]
E/EMV_LIB ( 9199): Other [1]
E/EMV_LIB ( 9199): ---- Generate AC Result End ----
E/EMV_LIB ( 9199): CardAct_CheckResult ret = 1
E/EMV_LIB ( 9199): <<< emv tlv tag Get [0x9B] >>> [2]
E/EMV_LIB ( 9199): C8 00 
E/EMV_LIB ( 9199): <<< emv tlv tag Set [0x9B] >>> [2]
E/EMV_LIB ( 9199): E8 00 
E/EMV_LIB ( 9199): <<< emv tlv tag Get [0x95] >>> [5]
E/EMV_LIB ( 9199): 04 80 00 00 00 
W/EmvService( 9199): OnlineProcess: 1
E/EMV_LIB ( 9199): OnEmvRequireOnline Result = 1
E/EMV_LIB ( 9199): <<< emv tlv tag Set [0x91] >>> [0]
E/EMV_LIB ( 9199): <<< emv tlv tag Set [0x8A] >>> [2]
E/EMV_LIB ( 9199): 00 00 
E/EMV_LIB ( 9199): <<< emv tlv tag Set [0x8A] >>> [2]
E/EMV_LIB ( 9199): 00 00 
E/EMV_LIB ( 9199): 2nd GenerateAC Command [40]
E/EMV_LIB ( 9199): <<< emv tlv tag Get [0x8D] >>> [12]
E/EMV_LIB ( 9199): 91 0A 8A 02 95 05 9F 37 04 9F 4C 08 
E/EMV_LIB ( 9199): <<< construct_dol >>> [12]
E/EMV_LIB ( 9199): 91 0A 8A 02 95 05 9F 37 04 9F 4C 08 
E/EMV_LIB ( 9199): DOL Request Tag:91
E/EMV_LIB ( 9199): <<< emv tlv tag Get [0x91] >>> [0]
E/EMV_LIB ( 9199): <<< Value: >>> [0]
E/EMV_LIB ( 9199): DOL Unknown Tag: 0x91, Len:10
E/EMV_LIB ( 9199): Require input Tag: 91
E/EMV_LIB ( 9199): jni_RequireTagValue, Tag:91
W/EmvService( 9199): RequireTagValue: 1
E/EMV_LIB ( 9199): <<< emv tlv tag Set [0x91] >>> [10]
E/EMV_LIB ( 9199): 00 00 00 00 00 00 00 00 00 00 
E/EMV_LIB ( 9199): DOL Request Tag:8A
E/EMV_LIB ( 9199): <<< emv tlv tag Get [0x8A] >>> [2]
E/EMV_LIB ( 9199): 00 00 
E/EMV_LIB ( 9199): <<< Value: >>> [2]
E/EMV_LIB ( 9199): 00 00 
E/EMV_LIB ( 9199): DOL Request Tag:95
E/EMV_LIB ( 9199): <<< emv tlv tag Get [0x95] >>> [5]
E/EMV_LIB ( 9199): 04 80 00 00 00 
E/EMV_LIB ( 9199): <<< Value: >>> [5]
E/EMV_LIB ( 9199): 04 80 00 00 00 
E/EMV_LIB ( 9199): DOL Request Tag:9F37
E/EMV_LIB ( 9199): <<< emv tlv tag Get [0x9F37] >>> [4]
E/EMV_LIB ( 9199): EA 5B 2E D9 
E/EMV_LIB ( 9199): <<< Value: >>> [4]
E/EMV_LIB ( 9199): EA 5B 2E D9 
E/EMV_LIB ( 9199): DOL Request Tag:9F4C
E/EMV_LIB ( 9199): <<< emv tlv tag Get [0x9F4C] >>> [8]
E/EMV_LIB ( 9199): 00 00 00 00 00 00 00 00 
E/EMV_LIB ( 9199): <<< Value: >>> [8]
E/EMV_LIB ( 9199): 00 00 00 00 00 00 00 00 
E/EMV_LIB ( 9199): Generate_AC Is CDA = 0
E/EMV_LIB ( 9199): Send APDU:35
E/EMV_LIB ( 9199): <<<   >>> [35]
E/EMV_LIB ( 9199): 80 AE 40 00 1D 00 00 00 00 00 00 00 00 00 00 00 00 04 80 00 00 00 EA 5B 2E D9 00 00 00 00 00 00 00 00 00 
D/telpo_native(  775): usb_printer_write data start!
D/telpo_native(  775): usb_printer_write start!
E/telpo_native(  775): ret = 60
D/telpo_native(  775): handle_emv_serial_read_write_cmd: usb write length = 60
E/telpo_native(  775): Cannot find response header
D/telpo_native(  775): handle_emv_serial_read_write_cmd: not enough data receive,continue
E/telpo_native(  775): Cannot find response header
D/telpo_native(  775): handle_emv_serial_read_write_cmd: not enough data receive,continue
E/telpo_native(  775): Cannot find response header
D/telpo_native(  775): handle_emv_serial_read_write_cmd: not enough data receive,continue
E/telpo_native(  775): Cannot find response header
D/telpo_native(  775): handle_emv_serial_read_write_cmd: not enough data receive,continue
E/telpo_native(  775): Cannot find response header
D/telpo_native(  775): handle_emv_serial_read_write_cmd: not enough data receive,continue
E/telpo_native(  775): Cannot find response header
D/telpo_native(  775): handle_emv_serial_read_write_cmd: not enough data receive,continue
E/telpo_native(  775): Cannot find response header
D/telpo_native(  775): handle_emv_serial_read_write_cmd: not enough data receive,continue
E/telpo_native(  775): Cannot find response header
D/telpo_native(  775): handle_emv_serial_read_write_cmd: not enough data receive,continue
E/telpo_native(  775): Cannot find response header
D/telpo_native(  775): handle_emv_serial_read_write_cmd: not enough data receive,continue
E/telpo_native(  775): Cannot find response header
D/telpo_native(  775): handle_emv_serial_read_write_cmd: not enough data receive,continue
E/telpo_native(  775): Cannot find response header
D/telpo_native(  775): handle_emv_serial_read_write_cmd: not enough data receive,continue
I/System.out( 9199): Called PIN OKAY
E/telpo_native(  775): Cannot find response header
D/telpo_native(  775): handle_emv_serial_read_write_cmd: not enough data receive,continue
I/ViewRootImpl( 9199): CPU Rendering VSync enable = true
E/telpo_native(  775): Cannot find response header
D/telpo_native(  775): handle_emv_serial_read_write_cmd: not enough data receive,continue
E/telpo_native(  775): Cannot find response header
D/telpo_native(  775): handle_emv_serial_read_write_cmd: not enough data receive,continue
I/WindowManager(  775): mDock rect: (0,0 - 720,1280)
V/WindowManager(  775): Status bar: dock=[0,50][720,1280] content=[0,50][720,1280] cur=[0,50][720,1280]
V/WindowManager(  775): layoutWindowLw(): normal window
V/WindowManager(  775): Compute frame : sim=#20 attach=null type=2015 flags=0x01000018 pf=[0,50][720,1280] df=[0,50][720,1280] of=[0,50][720,1280] cf=[0,50][720,1280] vf=[0,50][720,1280] dcf=[0,0][720,1280] sf=[0,50][720,1280]
V/WindowManager(  775): layoutWindowLw(Toast): normal window
V/WindowManager(  775): Compute frame Toast: sim=#20 attach=null type=2005 flags=0x01000098 pf=[0,50][720,1280] df=[0,50][720,1280] of=[0,50][720,1280] cf=[0,50][720,1280] vf=[0,50][720,1280] dcf=[0,0][720,1280] sf=[0,50][720,1280]
V/WindowManager(  775): layoutWindowLw(com.interswitchng.interswitchpossdkdemo.telpo.v2.debug/com.interswitchng.smartpos.modules.main.MainActivity): IN_SCREEN, INSET_DECOR
V/WindowManager(  775): Compute frame com.interswitchng.interswitchpossdkdemo.telpo.v2.debug/com.interswitchng.smartpos.modules.main.MainActivity: sim=#20 attach=null type=1 flags=0x81810100 pf=[0,0][720,1280] df=[0,0][720,1280] of=[0,0][720,1280] cf=[0,50][720,1280] vf=[0,50][720,1280] dcf=[0,0][720,1280] sf=[0,50][720,1280]
I/WindowManager(  775): Win Window{bff5d73 u0 android}: isVisibleOrBehindKeyguardLw=true
I/WindowManager(  775): Win Window{7989c4a u0 StatusBar}: isVisibleOrBehindKeyguardLw=true
I/WindowManager(  775): Win Window{1a0cb105 u0 Toast}: isVisibleOrBehindKeyguardLw=true
I/WindowManager(  775): Win Window{b0de3c7 u0 com.interswitchng.interswitchpossdkdemo.telpo.v2.debug/com.interswitchng.smartpos.modules.main.MainActivity}: isVisibleOrBehindKeyguardLw=true
V/WindowManager(  775): Fullscreen window: Window{b0de3c7 u0 com.interswitchng.interswitchpossdkdemo.telpo.v2.debug/com.interswitchng.smartpos.modules.main.MainActivity}
I/WindowManager(  775): Win Window{1ea30909 u0 com.android.phasebeam.PhaseBeamWallpaper}: isVisibleOrBehindKeyguardLw=false
I/WindowManager(  775): force=false forcefkg=false top=Window{b0de3c7 u0 com.interswitchng.interswitchpossdkdemo.telpo.v2.debug/com.interswitchng.smartpos.modules.main.MainActivity}
D/WindowManager(  775): frame: Rect(0, 0 - 720, 1280) shown frame: RectF(0.0, 0.0, 720.0, 1280.0)
D/WindowManager(  775): attr: WM.LayoutParams{(0,0)(fillxfill) sim=#20 ty=1 fl=#81810100 wanim=0x1030467 vsysui=0x600 surfaceInsets=Rect(0, 0 - 0, 0) needsMenuKey=2} lp.flags=0x81810100
V/WindowManager(  775): ** SHOWING status bar: top is not fullscreen
V/WindowManager(  775): finishPostLayoutPolicyLw: mHideKeyguard=false
E/telpo_native(  775): Cannot find response header
D/telpo_native(  775): handle_emv_serial_read_write_cmd: not enough data receive,continue
