D/telpo_native(  775): handle_emv_serial_read_write_cmd: usb write length = 25
E/telpo_native(  775): serial_read:start read
E/telpo_native(  775): serial_read:serial_read read_size = 0
D/telpo_native(  775): handle_emv_serial_read_write_cmd: usb_printer_read length = 20
I/telpo_native(  775): 0b
I/telpo_native(  775): b0
I/telpo_native(  775): 96
I/telpo_native(  775): 69
I/telpo_native(  775): 04
I/telpo_native(  775): 00
I/telpo_native(  775): 00
I/telpo_native(  775): 00
I/telpo_native(  775): 46
I/telpo_native(  775): 00
I/telpo_native(  775): 04
I/telpo_native(  775): 01
I/telpo_native(  775): 00
I/telpo_native(  775): 00
I/telpo_native(  775): 00
I/telpo_native(  775): 00
I/telpo_native(  775): 00
I/telpo_native(  775): 00
I/telpo_native(  775): 00
I/telpo_native(  775): 00
I/telpo_native(  775): 
D/telpo_native(  775): handle_emv_serial_read_write_cmd: parse successfully!
I/telpo_native(  775): handle_emv_serial_read_write_cmd: receive data length is 20
I/telpo_native(  775): 0b
I/telpo_native(  775): b0
I/telpo_native(  775): 96
I/telpo_native(  775): 69
I/telpo_native(  775): 04
I/telpo_native(  775): 00
I/telpo_native(  775): 00
I/telpo_native(  775): 00
I/telpo_native(  775): 46
I/telpo_native(  775): 00
I/telpo_native(  775): 04
I/telpo_native(  775): 01
I/telpo_native(  775): 00
I/telpo_native(  775): 00
I/telpo_native(  775): 00
I/telpo_native(  775): 00
I/telpo_native(  775): 00
I/telpo_native(  775): 00
I/telpo_native(  775): 00
I/telpo_native(  775): 00
I/telpo_native(  775): 
D/telpo_native(22293): CallIntMethod return ret = 0 length = 20
I/EventLogChimeraService(17955): Aggregate from 1591168979082 (log), 1591168979082 (data)
D/BatteryMeterView( 2940): onDraw level = 53
E/AudioPolicyManager(  301): unknown stream type 13
E/AudioPolicyManager(  301): unknown stream type 13
E/AudioPolicyManager(  301): unknown stream type 13
E/AudioPolicyManager(  301): unknown stream type 13
E/AudioPolicyManager(  301): unknown stream type 13
E/AudioPolicyManager(  301): unknown stream type 13
E/AudioPolicyManager(  301): unknown stream type 13
E/AudioPolicyManager(  301): unknown stream type 13
E/AudioPolicyManager(  301): unknown stream type 13
D/audio_hw_primary(  301): start_output_stream: enter: stream(0xb79f3180)usecase(1: low-latency-playback) devices(0x2)
D/audio_hw_primary(  301): select_devices: out_snd_device(2: speaker) in_snd_device(0: )
D/hardware_info(  301): hw_info_append_hw_type : device_name = speaker
I/soundtrigger(  301): audio_extn_sound_trigger_update_device_status: device 0x2 of type 0 for Event 1, with Raise=0
W/audio_hw_utils(  301): audio_extn_utils_update_stream_app_type_cfg: App type could not be selected. Falling back to default
I/audio_hw_primary(  301): select_devices Selected apptype: 69936
D/soundtrigger(  301): audio_extn_sound_trigger_update_stream_status: uc_id 1 of type 0 for Event 3, with Raise=0
D/ACDB-LOADER(  301): ACDB -> send_audio_cal, acdb_id = 14, path =  0
D/ACDB-LOADER(  301): ACDB -> send_asm_topology
D/ACDB-LOADER(  301): ACDB -> ACDB_CMD_GET_AUDPROC_STREAM_TOPOLOGY_ID
D/ACDB-LOADER(  301): ACDB -> send_adm_topology
D/ACDB-LOADER(  301): ACDB -> ACDB_CMD_GET_AUDPROC_COMMON_TOPOLOGY_ID
D/ACDB-LOADER(  301): ACDB -> send_audtable
D/ACDB-LOADER(  301): ACDB -> ACDB_CMD_GET_AUDPROC_COMMON_TABLE
D/ACDB-LOADER(  301): ACDB -> AUDIO_SET_AUDPROC_CAL
D/ACDB-LOADER(  301): ACDB -> send_audvoltable
D/ACDB-LOADER(  301): ACDB -> ACDB_CMD_GET_AUDPROC_GAIN_DEP_STEP_TABLE
D/ACDB-LOADER(  301): ACDB -> AUDIO_SET_AUDPROC_VOL_CAL
D/ACDB-LOADER(  301): ACDB -> send_afe_cal
D/ACDB-LOADER(  301): ACDB -> ACDB_CMD_GET_AFE_COMMON_TABLE
D/ACDB-LOADER(  301): ACDB -> AUDIO_SET_AFE_CAL
D/ACDB-LOADER(  301): ACDB -> send_hw_delay : acdb_id = 14 path = 0
D/ACDB-LOADER(  301): ACDB -> ACDB_AVSYNC_INFO: ACDB_CMD_GET_DEVICE_PROPERTY
I/audio_hw_utils(  301): audio_extn_utils_send_app_type_cfg app_type 69936, acdb_dev_id 14, sample_rate 48000
D/audio_hw_primary(  301): select_devices: done
E/AudioPolicyManager(  301): unknown stream type 13
E/AudioPolicyManager(  301): unknown stream type 13
E/AudioPolicyManager(  301): unknown stream type 13
E/AudioPolicyManager(  301): unknown stream type 13
E/AudioPolicyManager(  301): unknown stream type 13
E/AudioPolicyManager(  301): unknown stream type 13
E/AudioPolicyManager(  301): unknown stream type 13
E/AudioPolicyManager(  301): unknown stream type 13
E/AudioPolicyManager(  301): unknown stream type 13
E/AudioPolicyManager(  301): unknown stream type 13
E/AudioPolicyManager(  301): unknown stream type 13
E/AudioPolicyManager(  301): unknown stream type 13
E/AudioPolicyManager(  301): unknown stream type 13
E/AudioPolicyManager(  301): unknown stream type 13
E/AudioPolicyManager(  301): unknown stream type 13
E/AudioPolicyManager(  301): unknown stream type 13
E/AudioPolicyManager(  301): unknown stream type 13
D/BatteryMeterView( 2940): onDraw level = 63
I/SurfaceFlinger(  262): FPS: 6
D/BatteryMeterView( 2940): onDraw level = 73
D/wpa_supplicant(17726): wlan0: Control interface command 'SIGNAL_POLL'
I/WindowManager(  775): mDock rect: (0,0 - 720,1280)
V/WindowManager(  775): Status bar: dock=[0,50][720,1280] content=[0,50][720,1280] cur=[0,50][720,1280]
V/WindowManager(  775): layoutWindowLw(): normal window
V/WindowManager(  775): Compute frame : sim=#20 attach=null type=2015 flags=0x01000018 pf=[0,50][720,1280] df=[0,50][720,1280] of=[0,50][720,1280] cf=[0,50][720,1280] vf=[0,50][720,1280] dcf=[0,0][720,1280] sf=[0,50][720,1280]
V/WindowManager(  775): layoutWindowLw(Toast): normal window
V/WindowManager(  775): Compute frame Toast: sim=#20 attach=null type=2005 flags=0x01000098 pf=[0,50][720,1280] df=[0,50][720,1280] of=[0,50][720,1280] cf=[0,50][720,1280] vf=[0,50][720,1280] dcf=[0,0][720,1280] sf=[0,50][720,1280]
V/WindowManager(  775): layoutWindowLw(com.interswitchng.interswitchpossdkdemo.telpo.v2.debug/com.interswitchng.smartpos.modules.main.MainActivity): IN_SCREEN, INSET_DECOR
V/WindowManager(  775): Compute frame com.interswitchng.interswitchpossdkdemo.telpo.v2.debug/com.interswitchng.smartpos.modules.main.MainActivity: sim=#20 attach=null type=1 flags=0x81810100 pf=[0,0][720,1280] df=[0,0][720,1280] of=[0,0][720,1280] cf=[0,50][720,1280] vf=[0,50][720,1280] dcf=[0,0][720,1280] sf=[0,50][720,1280]
I/WindowManager(  775): Win Window{bff5d73 u0 android}: isVisibleOrBehindKeyguardLw=true
I/WindowManager(  775): Win Window{7989c4a u0 StatusBar}: isVisibleOrBehindKeyguardLw=true
I/WindowManager(  775): Win Window{77ffc04 u0 Toast EXITING}: isVisibleOrBehindKeyguardLw=false
I/WindowManager(  775): Win Window{313e19d6 u0 com.interswitchng.interswitchpossdkdemo.telpo.v2.debug/com.interswitchng.smartpos.modules.main.MainActivity}: isVisibleOrBehindKeyguardLw=true
V/WindowManager(  775): Fullscreen window: Window{313e19d6 u0 com.interswitchng.interswitchpossdkdemo.telpo.v2.debug/com.interswitchng.smartpos.modules.main.MainActivity}
I/WindowManager(  775): Win Window{1ea30909 u0 com.android.phasebeam.PhaseBeamWallpaper}: isVisibleOrBehindKeyguardLw=false
I/WindowManager(  775): force=false forcefkg=false top=Window{313e19d6 u0 com.interswitchng.interswitchpossdkdemo.telpo.v2.debug/com.interswitchng.smartpos.modules.main.MainActivity}
D/WindowManager(  775): frame: Rect(0, 0 - 720, 1280) shown frame: RectF(0.0, 0.0, 720.0, 1280.0)
D/WindowManager(  775): attr: WM.LayoutParams{(0,0)(fillxfill) sim=#20 ty=1 fl=#81810100 wanim=0x1030467 vsysui=0x600 surfaceInsets=Rect(0, 0 - 0, 0) needsMenuKey=2} lp.flags=0x81810100
V/WindowManager(  775): ** SHOWING status bar: top is not fullscreen
V/WindowManager(  775): finishPostLayoutPolicyLw: mHideKeyguard=false
D/BatteryMeterView( 2940): onDraw level = 83
I/SurfaceFlinger(  262): FPS: 5
I/WindowManager(  775): Win Window{bff5d73 u0 android}: isVisibleOrBehindKeyguardLw=true
I/WindowManager(  775): Win Window{7989c4a u0 StatusBar}: isVisibleOrBehindKeyguardLw=true
I/WindowManager(  775): Win Window{77ffc04 u0 Toast}: isVisibleOrBehindKeyguardLw=false
I/WindowManager(  775): Win Window{313e19d6 u0 com.interswitchng.interswitchpossdkdemo.telpo.v2.debug/com.interswitchng.smartpos.modules.main.MainActivity}: isVisibleOrBehindKeyguardLw=true
V/WindowManager(  775): Fullscreen window: Window{313e19d6 u0 com.interswitchng.interswitchpossdkdemo.telpo.v2.debug/com.interswitchng.smartpos.modules.main.MainActivity}
I/WindowManager(  775): Win Window{1ea30909 u0 com.android.phasebeam.PhaseBeamWallpaper}: isVisibleOrBehindKeyguardLw=false
I/WindowManager(  775): force=false forcefkg=false top=Window{313e19d6 u0 com.interswitchng.interswitchpossdkdemo.telpo.v2.debug/com.interswitchng.smartpos.modules.main.MainActivity}
D/WindowManager(  775): frame: Rect(0, 0 - 720, 1280) shown frame: RectF(0.0, 0.0, 720.0, 1280.0)
D/WindowManager(  775): attr: WM.LayoutParams{(0,0)(fillxfill) sim=#20 ty=1 fl=#81810100 wanim=0x1030467 vsysui=0x600 surfaceInsets=Rect(0, 0 - 0, 0) needsMenuKey=2} lp.flags=0x81810100
V/WindowManager(  775): ** SHOWING status bar: top is not fullscreen
V/WindowManager(  775): finishPostLayoutPolicyLw: mHideKeyguard=false
I/WindowManager(  775): mDock rect: (0,0 - 720,1280)
V/WindowManager(  775): Status bar: dock=[0,50][720,1280] content=[0,50][720,1280] cur=[0,50][720,1280]
V/WindowManager(  775): layoutWindowLw(): normal window
V/WindowManager(  775): Compute frame : sim=#20 attach=null type=2015 flags=0x01000018 pf=[0,50][720,1280] df=[0,50][720,1280] of=[0,50][720,1280] cf=[0,50][720,1280] vf=[0,50][720,1280] dcf=[0,0][720,1280] sf=[0,50][720,1280]
V/WindowManager(  775): layoutWindowLw(com.interswitchng.interswitchpossdkdemo.telpo.v2.debug/com.interswitchng.smartpos.modules.main.MainActivity): IN_SCREEN, INSET_DECOR
V/WindowManager(  775): Compute frame com.interswitchng.interswitchpossdkdemo.telpo.v2.debug/com.interswitchng.smartpos.modules.main.MainActivity: sim=#20 attach=null type=1 flags=0x81810100 pf=[0,0][720,1280] df=[0,0][720,1280] of=[0,0][720,1280] cf=[0,50][720,1280] vf=[0,50][720,1280] dcf=[0,0][720,1280] sf=[0,50][720,1280]
I/WindowManager(  775): Win Window{bff5d73 u0 android}: isVisibleOrBehindKeyguardLw=true
I/WindowManager(  775): Win Window{7989c4a u0 StatusBar}: isVisibleOrBehindKeyguardLw=true
I/WindowManager(  775): Win Window{313e19d6 u0 com.interswitchng.interswitchpossdkdemo.telpo.v2.debug/com.interswitchng.smartpos.modules.main.MainActivity}: isVisibleOrBehindKeyguardLw=true
V/WindowManager(  775): Fullscreen window: Window{313e19d6 u0 com.interswitchng.interswitchpossdkdemo.telpo.v2.debug/com.interswitchng.smartpos.modules.main.MainActivity}
I/WindowManager(  775): Win Window{1ea30909 u0 com.android.phasebeam.PhaseBeamWallpaper}: isVisibleOrBehindKeyguardLw=false
I/WindowManager(  775): force=false forcefkg=false top=Window{313e19d6 u0 com.interswitchng.interswitchpossdkdemo.telpo.v2.debug/com.interswitchng.smartpos.modules.main.MainActivity}
D/WindowManager(  775): frame: Rect(0, 0 - 720, 1280) shown frame: RectF(0.0, 0.0, 720.0, 1280.0)
D/WindowManager(  775): attr: WM.LayoutParams{(0,0)(fillxfill) sim=#20 ty=1 fl=#81810100 wanim=0x1030467 vsysui=0x600 surfaceInsets=Rect(0, 0 - 0, 0) needsMenuKey=2} lp.flags=0x81810100
V/WindowManager(  775): ** SHOWING status bar: top is not fullscreen
V/WindowManager(  775): finishPostLayoutPolicyLw: mHideKeyguard=false
D/BatteryMeterView( 2940): onDraw level = 93
D/BatteryMeterView( 2940): onDraw level = 100
I/SurfaceFlinger(  262): FPS: 31
D/BatteryMeterView( 2940): onDraw level = 13
D/audio_hw_primary(  301): out_standby: enter: stream (0xb79f3180) usecase(1: low-latency-playback)
D/soundtrigger(  301): audio_extn_sound_trigger_update_stream_status: uc_id 1 of type 0 for Event 2, with Raise=0
D/hardware_info(  301): hw_info_append_hw_type : device_name = speaker
I/soundtrigger(  301): audio_extn_sound_trigger_update_device_status: device 0x2 of type 0 for Event 0, with Raise=0
V/WLAN_PSA(  314): NL MSG, len[4095], NL type[0x1C] WNI type[0x5900] len[59151]
V/WLAN_PSA(  314): NL MSG, PID: 314
D/BatteryMeterView( 2940): onDraw level = 23
I/SurfaceFlinger(  262): FPS: 4
D/BatteryMeterView( 2940): onDraw level = 33
D/wpa_supplicant(17726): wlan0: Control interface command 'SIGNAL_POLL'
D/BatteryMeterView( 2940): onDraw level = 43
I/SurfaceFlinger(  262): FPS: 4
W/PlatformStatsUtil(17955): Could not retrieve Usage & Diagnostics setting. Giving up.
D/BatteryMeterView( 2940): onDraw level = 53
D/BatteryMeterView( 2940): onDraw level = 63
I/SurfaceFlinger(  262): FPS: 4
D/BatteryMeterView( 2940): onDraw level = 73
D/BatteryMeterView( 2940): onDraw level = 83
I/SurfaceFlinger(  262): FPS: 4
D/BatteryMeterView( 2940): onDraw level = 93
V/WLAN_PSA(  314): NL MSG, len[4033], NL type[0x1C] WNI type[0x5900] len[43279]
V/WLAN_PSA(  314): NL MSG, PID: 314
D/wpa_supplicant(17726): wlan0: Control interface command 'SIGNAL_POLL'
D/BatteryMeterView( 2940): onDraw level = 100
I/SurfaceFlinger(  262): FPS: 4
D/BatteryMeterView( 2940): onDraw level = 13
E/WifiStateMachine(  775): WifiStateMachine CMD_START_SCAN source -2 txSuccessRate=58.42 rxSuccessRate=35.84 targetRoamBSSID=any RSSI=-62
D/BatteryMeterView( 2940): onDraw level = 23
I/SurfaceFlinger(  262): FPS: 4
D/BatteryMeterView( 2940): onDraw level = 33
D/BatteryMeterView( 2940): onDraw level = 43
I/SurfaceFlinger(  262): FPS: 4
D/BatteryMeterView( 2940): onDraw level = 53
D/wpa_supplicant(17726): wlan0: Control interface command 'SIGNAL_POLL'
V/WLAN_PSA(  314): NL MSG, len[4082], NL type[0x1C] WNI type[0x5900] len[55823]
V/WLAN_PSA(  314): NL MSG, PID: 314
D/BatteryMeterView( 2940): onDraw level = 63
I/SurfaceFlinger(  262): FPS: 4
D/BatteryMeterView( 2940): onDraw level = 73
D/BatteryMeterView( 2940): onDraw level = 83
I/SurfaceFlinger(  262): FPS: 4
D/BatteryMeterView( 2940): onDraw level = 93
D/BatteryMeterView( 2940): onDraw level = 100
I/SurfaceFlinger(  262): FPS: 4
D/VM_BMS  (  461): wake_lock acquired
D/VM_BMS  (  461): New BMS data - Size=56
D/VM_BMS  (  461): Start process_bms_data
D/VM_BMS  (  461): Battery charge_cycle=0 fcc_adjust=0 rbatt_adjust=0 cycle_changed=false
D/VM_BMS  (  461): For batt_temp=255 fcc_mah=2200
D/VM_BMS  (  461): Lookup fcc_mah=2200.000000  adjusted fcc_mah=2200.000000
D/VM_BMS  (  461): For ocv=3801511 batt_temp=255 soc=36
D/VM_BMS  (  461): fifo_count=2 acc_count=0
D/VM_BMS  (  461): INIT: ocv=3801511 last_ocv=3801511 batt_temp=255 soc=36
D/VM_BMS  (  461): For soc=36 batt_temp=255 slope=3000
D/VM_BMS  (  461): For soc=36 batt_temp=255 rbatt_sf=106
D/VM_BMS  (  461): rbatt_mohm_default=72, rbatt_mohm=76, sf=106 batt_temp=255
D/VM_BMS  (  461): Lookup rbatt=76.000000  adjusted rbatt=76.000000
D/VM_BMS  (  461): For ocv=3801507 batt_temp=255 soc=36
D/VM_BMS  (  461): FIFO=0 fifo_avg=3.800253 rbatt=0.126000 slope=0.300000 ibatt=0.009972 ocv=3.801508 soc=36 fcc_ah=2.200000 sample_count=128 sample_interval=70 seq_num=6003
D/VM_BMS  (  461): For soc=36 batt_temp=255 slope=3000
D/VM_BMS  (  461): For soc=36 batt_temp=255 rbatt_sf=106
D/VM_BMS  (  461): rbatt_mohm_default=72, rbatt_mohm=76, sf=106 batt_temp=255
D/VM_BMS  (  461): Lookup rbatt=76.000000  adjusted rbatt=76.000000
D/VM_BMS  (  461): For ocv=3801511 batt_temp=255 soc=36
D/VM_BMS  (  461): FIFO=1 fifo_avg=3.803209 rbatt=0.126000 slope=0.300000 ibatt=-0.013490 ocv=3.801512 soc=36 fcc_ah=2.200000 sample_count=128 sample_interval=70 seq_num=6003
I/VM_BMS  (  461): power_supply_update: ocv_uv=3801511 ibatt=-13490 soc=36 seq_num=6003
D/VM_BMS  (  461): End process_bms_data
D/VM_BMS  (  461): wake_lock released
D/wpa_supplicant(17726): wlan0: Control interface command 'SIGNAL_POLL'
D/BatteryMeterView( 2940): onDraw level = 13
D/BatteryMeterView( 2940): onDraw level = 23
I/SurfaceFlinger(  262): FPS: 4
D/BatteryMeterView( 2940): onDraw level = 33
D/BatteryMeterView( 2940): onDraw level = 43
I/SurfaceFlinger(  262): FPS: 4
D/BatteryMeterView( 2940): onDraw level = 53
D/BatteryMeterView( 2940): onDraw level = 63
I/SurfaceFlinger(  262): FPS: 4
V/WLAN_PSA(  314): NL MSG, len[4077], NL type[0x1C] WNI type[0x5900] len[54543]
V/WLAN_PSA(  314): NL MSG, PID: 314
D/wpa_supplicant(17726): wlan0: Control interface command 'SIGNAL_POLL'
D/BatteryMeterView( 2940): onDraw level = 73
D/BatteryMeterView( 2940): onDraw level = 83
I/SurfaceFlinger(  262): FPS: 4
D/BatteryMeterView( 2940): onDraw level = 93
D/BatteryMeterView( 2940): onDraw level = 100
I/SurfaceFlinger(  262): FPS: 4
D/BatteryMeterView( 2940): onDraw level = 13
D/BatteryMeterView( 2940): onDraw level = 23
I/SurfaceFlinger(  262): FPS: 4
D/wpa_supplicant(17726): wlan0: Control interface command 'SIGNAL_POLL'
V/WLAN_PSA(  314): NL MSG, len[4075], NL type[0x1C] WNI type[0x5900] len[54031]
V/WLAN_PSA(  314): NL MSG, PID: 314
D/BatteryMeterView( 2940): onDraw level = 33
D/BatteryMeterView( 2940): onDraw level = 43
I/SurfaceFlinger(  262): FPS: 4
D/BatteryMeterView( 2940): onDraw level = 53
D/BatteryMeterView( 2940): onDraw level = 63
I/SurfaceFlinger(  262): FPS: 4
D/BatteryMeterView( 2940): onDraw level = 73
D/BatteryMeterView( 2940): onDraw level = 83
I/SurfaceFlinger(  262): FPS: 4
D/wpa_supplicant(17726): wlan0: Control interface command 'SIGNAL_POLL'
D/BatteryMeterView( 2940): onDraw level = 93
D/BatteryMeterView( 2940): onDraw level = 100
I/SurfaceFlinger(  262): FPS: 4
D/BatteryMeterView( 2940): onDraw level = 13
V/WLAN_PSA(  314): NL MSG, len[4067], NL type[0x1C] WNI type[0x5900] len[51983]
V/WLAN_PSA(  314): NL MSG, PID: 314
D/BatteryMeterView( 2940): onDraw level = 23
I/SurfaceFlinger(  262): FPS: 4
D/BatteryMeterView( 2940): onDraw level = 33
D/BatteryMeterView( 2940): onDraw level = 43
I/SurfaceFlinger(  262): FPS: 4
D/wpa_supplicant(17726): wlan0: Control interface command 'SIGNAL_POLL'
D/BatteryMeterView( 2940): onDraw level = 53
D/BatteryMeterView( 2940): onDraw level = 63
I/SurfaceFlinger(  262): FPS: 4
D/QcrilMsgTunnelSocket( 3972): readRilMessage: Buffer = [B@49eb6a5 HexData = [010000000404000011000000514f454d484f4f4bef0308000100000003]
D/QcrilMsgTunnelSocket( 3972): Rcvd UNSOL response with 28 bytes data for SUB0
D/QcrilMsgTunnelSocket( 3972): Response ID 525295 is not served in this process.
D/QcrilMsgTunnelSocket( 3972): To broadcast an Intent via the notifier to external apps
D/QcrilMsgTunnelIfaceManager( 3972): handleMessage what = 0
D/QC_RIL_OEM_HOOK( 3288): Received Broadcast Intent ACTION_UNSOL_RESPONSE_OEM_HOOK_RAW
D/QC_RIL_OEM_HOOK( 3288): Oem ID in QCRILHOOK UNSOL RESP is QOEMHOOK
D/BatteryMeterView( 2940): onDraw level = 73
D/BatteryMeterView( 2940): onDraw level = 83
I/SurfaceFlinger(  262): FPS: 4
D/BatteryMeterView( 2940): onDraw level = 93
D/BatteryMeterView( 2940): onDraw level = 100
I/SurfaceFlinger(  262): FPS: 4
V/WLAN_PSA(  314): NL MSG, len[4020], NL type[0x1C] WNI type[0x5900] len[39951]
V/WLAN_PSA(  314): NL MSG, PID: 314
D/wpa_supplicant(17726): wlan0: Control interface command 'SIGNAL_POLL'
E/WifiStateMachine(  775): WifiStateMachine CMD_START_SCAN source -2 txSuccessRate=21.75 rxSuccessRate=14.26 targetRoamBSSID=any RSSI=-58
E/WifiStateMachine(  775): WifiStateMachine starting scan for "Swift-LTE-0B6B"-WPA_PSK with 2442
D/wpa_supplicant(17726): wlan0: Control interface command 'SCAN TYPE=ONLY freq=2442'
D/wpa_supplicant(17726): wlan0: Setting scan request: 0.000000 sec
D/wpa_supplicant(17726): wlan0: Starting AP scan for wildcard SSID
D/wpa_supplicant(17726): wlan0: Limit manual scan to specified channels
D/wpa_supplicant(17726): wlan0: Add radio work 'scan'@0xb7a84d88
D/wpa_supplicant(17726): wlan0: First radio work item in the queue - schedule start immediately
D/wpa_supplicant(17726): wlan0: Starting radio work 'scan'@0xb7a84d88 after 0.000073 second wait
D/wpa_supplicant(17726): wlan0: nl80211: scan request
D/wpa_supplicant(17726): nl80211: Scan SSID - hexdump(len=0): [NULL]
D/wpa_supplicant(17726): nl80211: Scan frequency 2442 MHz
V/WLAN_PSA(  314): NL MSG, len[914], NL type[0x11] WNI type[0x5050] len[894]
V/WLAN_PSA(  314): NL MSG, PID: 314
V/WLAN_PSA(  314): NL MSG, len[048], NL type[0x11] WNI type[0x5050] len[028]
V/WLAN_PSA(  314): NL MSG, PID: 314
V/WLAN_PSA(  314): NL MSG, len[4026], NL type[0x1C] WNI type[0x5900] len[41487]
V/WLAN_PSA(  314): NL MSG, PID: 314
I/WifiHAL (  775): Poll result = 1
I/WifiHAL (  775): Found some events!!!
D/WifiHAL (  775): no_seq_check received
I/WifiHAL (  775): event received NL80211_CMD_TRIGGER_SCAN
I/WifiHAL (  775): event received NL80211_CMD_TRIGGER_SCAN, vendor_id = 0x0
I/WifiHAL (  775): event ignored!!
D/wpa_supplicant(17726): Scan requested (ret=0) - scan timeout 30 seconds
D/wpa_supplicant(17726): nl80211: Event message available
D/wpa_supplicant(17726): nl80211: Drv Event 33 (NL80211_CMD_TRIGGER_SCAN) received for wlan0
D/wpa_supplicant(17726): wlan0: nl80211: Scan trigger
D/wpa_supplicant(17726): wlan0: Event SCAN_STARTED (49) received
D/wpa_supplicant(17726): wlan0: Own scan request started a scan in 0.000268 seconds
D/wpa_supplicant(17726): CTRL_IFACE monitor sent successfully to /data/misc/wifi/sockets/wpa_ctrl_329-3\x00
D/wpa_supplicant(17726): CTRL_IFACE monitor sent successfully to /data/misc/wifi/sockets/wpa_ctrl_775-14\x00
V/WLAN_PSA(  314): NL MSG, len[4088], NL type[0x1C] WNI type[0x5900] len[57359]
V/WLAN_PSA(  314): NL MSG, PID: 314
V/WLAN_PSA(  314): NL MSG, len[914], NL type[0x11] WNI type[0x5050] len[894]
V/WLAN_PSA(  314): NL MSG, PID: 314
V/WLAN_PSA(  314): NL MSG, len[4031], NL type[0x1C] WNI type[0x5900] len[42767]
V/WLAN_PSA(  314): NL MSG, PID: 314
I/WifiHAL (  775): Poll result = 1
I/WifiHAL (  775): Found some events!!!
D/WifiHAL (  775): no_seq_check received
I/WifiHAL (  775): event received NL80211_CMD_NEW_SCAN_RESULTS
D/wpa_supplicant(17726): nl80211: Event message available
I/WifiHAL (  775): event received NL80211_CMD_NEW_SCAN_RESULTS, vendor_id = 0x0
I/WifiHAL (  775): event ignored!!
D/wpa_supplicant(17726): nl80211: Drv Event 34 (NL80211_CMD_NEW_SCAN_RESULTS) received for wlan0
D/wpa_supplicant(17726): wlan0: nl80211: New scan results available
D/wpa_supplicant(17726): nl80211: Scan included frequencies: 2442
D/wpa_supplicant(17726): wlan0: Event SCAN_RESULTS (3) received
D/wpa_supplicant(17726): wlan0: Scan completed in 0.069515 seconds
D/wpa_supplicant(17726): nl80211: Associated on 2442 MHz
D/wpa_supplicant(17726): nl80211: Associated with fc:dd:55:70:0b:6b
D/wpa_supplicant(17726): nl80211: Received scan results (1 BSSes)
D/wpa_supplicant(17726): nl80211: Scan results indicate BSS status with fc:dd:55:70:0b:6b as associated
D/wpa_supplicant(17726): wlan0: BSS: Start scan result update 54
D/wpa_supplicant(17726): BSS: last_scan_res_used=1/32
D/wpa_supplicant(17726): wlan0: Scan-only results received
D/wpa_supplicant(17726): CTRL_IFACE monitor sent successfully to /data/misc/wifi/sockets/wpa_ctrl_329-3\x00
D/wpa_supplicant(17726): CTRL_IFACE monitor sent successfully to /data/misc/wifi/sockets/wpa_ctrl_775-14\x00
D/wpa_supplicant(17726): wlan0: Radio work 'scan'@0xb7a84d88 done in 0.081461 seconds
D/wpa_supplicant(17726): wlan0: Control interface command 'BSS RANGE=0- MASK=0x21987'
D/wpa_supplicant(17726): wlan0: Control interface command 'STATUS-NO_EVENTS'
D/BatteryMeterView( 2940): onDraw level = 13
V/WLAN_PSA(  314): NL MSG, len[4080], NL type[0x1C] WNI type[0x5900] len[55311]
V/WLAN_PSA(  314): NL MSG, PID: 314
D/BatteryMeterView( 2940): onDraw level = 23
I/SurfaceFlinger(  262): FPS: 4
D/BatteryMeterView( 2940): onDraw level = 33
D/BatteryMeterView( 2940): onDraw level = 43
I/SurfaceFlinger(  262): FPS: 4
D/BatteryMeterView( 2940): onDraw level = 53
D/BatteryMeterView( 2940): onDraw level = 63
D/wpa_supplicant(17726): wlan0: Control interface command 'SIGNAL_POLL'
I/SurfaceFlinger(  262): FPS: 4
D/BatteryMeterView( 2940): onDraw level = 73
D/BatteryMeterView( 2940): onDraw level = 83
I/SurfaceFlinger(  262): FPS: 4
D/VM_BMS  (  461): wake_lock acquired
D/VM_BMS  (  461): New BMS data - Size=56
D/VM_BMS  (  461): Start process_bms_data
D/VM_BMS  (  461): Battery charge_cycle=0 fcc_adjust=0 rbatt_adjust=0 cycle_changed=false
D/VM_BMS  (  461): For batt_temp=255 fcc_mah=2200
D/VM_BMS  (  461): Lookup fcc_mah=2200.000000  adjusted fcc_mah=2200.000000
D/VM_BMS  (  461): For ocv=3801511 batt_temp=255 soc=36
D/VM_BMS  (  461): fifo_count=2 acc_count=0
D/VM_BMS  (  461): INIT: ocv=3801511 last_ocv=3801511 batt_temp=255 soc=36
D/VM_BMS  (  461): For soc=36 batt_temp=255 slope=3000
D/VM_BMS  (  461): For soc=36 batt_temp=255 rbatt_sf=106
D/VM_BMS  (  461): rbatt_mohm_default=72, rbatt_mohm=76, sf=106 batt_temp=255
D/VM_BMS  (  461): Lookup rbatt=76.000000  adjusted rbatt=76.000000
D/VM_BMS  (  461): For ocv=3801512 batt_temp=255 soc=36
D/VM_BMS  (  461): FIFO=0 fifo_avg=3.801842 rbatt=0.126000 slope=0.300000 ibatt=-0.002623 ocv=3.801512 soc=36 fcc_ah=2.200000 sample_count=128 sample_interval=70 seq_num=6004
D/VM_BMS  (  461): For soc=36 batt_temp=255 slope=3000
D/VM_BMS  (  461): For soc=36 batt_temp=255 rbatt_sf=106
D/VM_BMS  (  461): rbatt_mohm_default=72, rbatt_mohm=76, sf=106 batt_temp=255
D/VM_BMS  (  461): Lookup rbatt=76.000000  adjusted rbatt=76.000000
D/VM_BMS  (  461): For ocv=3801512 batt_temp=255 soc=36
D/VM_BMS  (  461): FIFO=1 fifo_avg=3.801526 rbatt=0.126000 slope=0.300000 ibatt=-0.000111 ocv=3.801512 soc=36 fcc_ah=2.200000 sample_count=128 sample_interval=70 seq_num=6004
I/VM_BMS  (  461): power_supply_update: ocv_uv=3801512 ibatt=-111 soc=36 seq_num=6004
D/VM_BMS  (  461): End process_bms_data
D/VM_BMS  (  461): wake_lock released
D/BatteryMeterView( 2940): onDraw level = 93
D/BatteryMeterView( 2940): onDraw level = 100
I/SurfaceFlinger(  262): FPS: 4
D/BatteryMeterView( 2940): onDraw level = 13
V/WLAN_PSA(  314): NL MSG, len[4033], NL type[0x1C] WNI type[0x5900] len[43279]
V/WLAN_PSA(  314): NL MSG, PID: 314
D/wpa_supplicant(17726): wlan0: Control interface command 'SIGNAL_POLL'
D/BatteryMeterView( 2940): onDraw level = 23
I/SurfaceFlinger(  262): FPS: 4
D/BatteryMeterView( 2940): onDraw level = 33
D/BatteryMeterView( 2940): onDraw level = 43
I/SurfaceFlinger(  262): FPS: 4
D/BatteryMeterView( 2940): onDraw level = 53
D/BatteryMeterView( 2940): onDraw level = 63
I/SurfaceFlinger(  262): FPS: 4
D/BatteryMeterView( 2940): onDraw level = 73
D/wpa_supplicant(17726): wlan0: Control interface command 'SIGNAL_POLL'
V/WLAN_PSA(  314): NL MSG, len[4067], NL type[0x1C] WNI type[0x5900] len[51983]
V/WLAN_PSA(  314): NL MSG, PID: 314
D/BatteryMeterView( 2940): onDraw level = 83
I/SurfaceFlinger(  262): FPS: 4
D/BatteryMeterView( 2940): onDraw level = 93
D/BatteryMeterView( 2940): onDraw level = 100
I/SurfaceFlinger(  262): FPS: 4
D/BatteryMeterView( 2940): onDraw level = 13
D/BatteryMeterView( 2940): onDraw level = 23
I/SurfaceFlinger(  262): FPS: 4
D/BatteryMeterView( 2940): onDraw level = 33
D/wpa_supplicant(17726): wlan0: Control interface command 'SIGNAL_POLL'
D/BatteryMeterView( 2940): onDraw level = 43
I/SurfaceFlinger(  262): FPS: 4
D/BatteryMeterView( 2940): onDraw level = 53
D/BatteryMeterView( 2940): onDraw level = 63
I/SurfaceFlinger(  262): FPS: 4
D/BatteryMeterView( 2940): onDraw level = 73
D/BatteryMeterView( 2940): onDraw level = 83
I/SurfaceFlinger(  262): FPS: 4
V/WLAN_PSA(  314): NL MSG, len[4075], NL type[0x1C] WNI type[0x5900] len[54031]
V/WLAN_PSA(  314): NL MSG, PID: 314
D/BatteryMeterView( 2940): onDraw level = 93
D/wpa_supplicant(17726): wlan0: Control interface command 'SIGNAL_POLL'
D/BatteryMeterView( 2940): onDraw level = 100
I/SurfaceFlinger(  262): FPS: 4
D/BatteryMeterView( 2940): onDraw level = 13
D/BatteryMeterView( 2940): onDraw level = 23
I/SurfaceFlinger(  262): FPS: 4
D/BatteryMeterView( 2940): onDraw level = 33
D/BatteryMeterView( 2940): onDraw level = 43
I/SurfaceFlinger(  262): FPS: 4
D/BatteryMeterView( 2940): onDraw level = 53
D/wpa_supplicant(17726): wlan0: Control interface command 'SIGNAL_POLL'
V/WLAN_PSA(  314): NL MSG, len[4079], NL type[0x1C] WNI type[0x5900] len[55055]
V/WLAN_PSA(  314): NL MSG, PID: 314
D/BatteryMeterView( 2940): onDraw level = 63
I/SurfaceFlinger(  262): FPS: 4
D/BatteryMeterView( 2940): onDraw level = 73
D/BatteryMeterView( 2940): onDraw level = 83
I/SurfaceFlinger(  262): FPS: 4
D/BatteryMeterView( 2940): onDraw level = 93
E/WifiStateMachine(  775): WifiStateMachine CMD_START_SCAN source -2 txSuccessRate=21.71 rxSuccessRate=13.64 targetRoamBSSID=any RSSI=-58
E/WifiStateMachine(  775): WifiStateMachine starting scan for "Swift-LTE-0B6B"-WPA_PSK with 2442
D/wpa_supplicant(17726): wlan0: Control interface command 'SCAN TYPE=ONLY freq=2442'
D/wpa_supplicant(17726): wlan0: Setting scan request: 0.000000 sec
D/wpa_supplicant(17726): wlan0: Starting AP scan for wildcard SSID
D/wpa_supplicant(17726): wlan0: Limit manual scan to specified channels
D/wpa_supplicant(17726): wlan0: Add radio work 'scan'@0xb7a84d88
D/wpa_supplicant(17726): wlan0: First radio work item in the queue - schedule start immediately
D/wpa_supplicant(17726): wlan0: Starting radio work 'scan'@0xb7a84d88 after 0.000071 second wait
D/wpa_supplicant(17726): wlan0: nl80211: scan request
D/wpa_supplicant(17726): nl80211: Scan SSID - hexdump(len=0): [NULL]
D/wpa_supplicant(17726): nl80211: Scan frequency 2442 MHz
V/WLAN_PSA(  314): NL MSG, len[4050], NL type[0x1C] WNI type[0x5900] len[47631]
V/WLAN_PSA(  314): NL MSG, PID: 314
V/WLAN_PSA(  314): NL MSG, len[914], NL type[0x11] WNI type[0x5050] len[894]
V/WLAN_PSA(  314): NL MSG, PID: 314
V/WLAN_PSA(  314): NL MSG, len[048], NL type[0x11] WNI type[0x5050] len[028]
V/WLAN_PSA(  314): NL MSG, PID: 314
I/WifiHAL (  775): Poll result = 1
I/WifiHAL (  775): Found some events!!!
D/WifiHAL (  775): no_seq_check received
I/WifiHAL (  775): event received NL80211_CMD_TRIGGER_SCAN
I/WifiHAL (  775): event received NL80211_CMD_TRIGGER_SCAN, vendor_id = 0x0
I/WifiHAL (  775): event ignored!!
D/wpa_supplicant(17726): Scan requested (ret=0) - scan timeout 30 seconds
D/wpa_supplicant(17726): nl80211: Event message available
D/wpa_supplicant(17726): nl80211: Drv Event 33 (NL80211_CMD_TRIGGER_SCAN) received for wlan0
D/wpa_supplicant(17726): wlan0: nl80211: Scan trigger
D/wpa_supplicant(17726): wlan0: Event SCAN_STARTED (49) received
D/wpa_supplicant(17726): wlan0: Own scan request started a scan in 0.000264 seconds
D/wpa_supplicant(17726): CTRL_IFACE monitor sent successfully to /data/misc/wifi/sockets/wpa_ctrl_329-3\x00
D/wpa_supplicant(17726): CTRL_IFACE monitor sent successfully to /data/misc/wifi/sockets/wpa_ctrl_775-14\x00
V/WLAN_PSA(  314): NL MSG, len[4058], NL type[0x1C] WNI type[0x5900] len[49679]
V/WLAN_PSA(  314): NL MSG, PID: 314
V/WLAN_PSA(  314): NL MSG, len[4000], NL type[0x1C] WNI type[0x5900] len[34831]
V/WLAN_PSA(  314): NL MSG, PID: 314
V/WLAN_PSA(  314): NL MSG, len[914], NL type[0x11] WNI type[0x5050] len[894]
V/WLAN_PSA(  314): NL MSG, PID: 314
D/wpa_supplicant(17726): nl80211: Event message available
D/wpa_supplicant(17726): nl80211: Drv Event 34 (NL80211_CMD_NEW_SCAN_RESULTS) received for wlan0
D/wpa_supplicant(17726): wlan0: nl80211: New scan results available
D/wpa_supplicant(17726): nl80211: Scan included frequencies: 2442
D/wpa_supplicant(17726): wlan0: Event SCAN_RESULTS (3) received
D/wpa_supplicant(17726): wlan0: Scan completed in 0.070606 seconds
D/wpa_supplicant(17726): nl80211: Associated on 2442 MHz
D/wpa_supplicant(17726): nl80211: Associated with fc:dd:55:70:0b:6b
D/wpa_supplicant(17726): nl80211: Received scan results (1 BSSes)
D/wpa_supplicant(17726): nl80211: Scan results indicate BSS status with fc:dd:55:70:0b:6b as associated
D/wpa_supplicant(17726): wlan0: BSS: Start scan result update 55
D/wpa_supplicant(17726): BSS: last_scan_res_used=1/32
D/wpa_supplicant(17726): wlan0: Scan-only results received
D/wpa_supplicant(17726): CTRL_IFACE monitor sent successfully to /data/misc/wifi/sockets/wpa_ctrl_329-3\x00
D/wpa_supplicant(17726): CTRL_IFACE monitor sent successfully to /data/misc/wifi/sockets/wpa_ctrl_775-14\x00
D/wpa_supplicant(17726): wlan0: Radio work 'scan'@0xb7a84d88 done in 0.075279 seconds
I/WifiHAL (  775): Poll result = 1
I/WifiHAL (  775): Found some events!!!
D/WifiHAL (  775): no_seq_check received
I/WifiHAL (  775): event received NL80211_CMD_NEW_SCAN_RESULTS
I/WifiHAL (  775): event received NL80211_CMD_NEW_SCAN_RESULTS, vendor_id = 0x0
I/WifiHAL (  775): event ignored!!
V/WLAN_PSA(  314): NL MSG, len[4069], NL type[0x1C] WNI type[0x5900] len[52495]
V/WLAN_PSA(  314): NL MSG, PID: 314
D/wpa_supplicant(17726): wlan0: Control interface command 'BSS RANGE=0- MASK=0x21987'
D/wpa_supplicant(17726): wlan0: Control interface command 'STATUS-NO_EVENTS'
D/QcrilMsgTunnelSocket( 3972): readRilMessage: Buffer = [B@49eb6a5 HexData = [010000000404000011000000514f454d484f4f4bef0308000100000003]
D/QcrilMsgTunnelSocket( 3972): Rcvd UNSOL response with 28 bytes data for SUB0
D/QcrilMsgTunnelSocket( 3972): Response ID 525295 is not served in this process.
D/QcrilMsgTunnelSocket( 3972): To broadcast an Intent via the notifier to external apps
D/QcrilMsgTunnelIfaceManager( 3972): handleMessage what = 0
D/QC_RIL_OEM_HOOK( 3288): Received Broadcast Intent ACTION_UNSOL_RESPONSE_OEM_HOOK_RAW
D/QC_RIL_OEM_HOOK( 3288): Oem ID in QCRILHOOK UNSOL RESP is QOEMHOOK
D/BatteryMeterView( 2940): onDraw level = 100
I/SurfaceFlinger(  262): FPS: 5
D/BatteryMeterView( 2940): onDraw level = 13
D/wpa_supplicant(17726): wlan0: Control interface command 'SIGNAL_POLL'
D/BatteryMeterView( 2940): onDraw level = 23
I/SurfaceFlinger(  262): FPS: 4
D/BatteryMeterView( 2940): onDraw level = 33
D/BatteryMeterView( 2940): onDraw level = 43
I/SurfaceFlinger(  262): FPS: 5
D/BatteryMeterView( 2940): onDraw level = 53
D/VM_BMS  (  461): wake_lock acquired
D/VM_BMS  (  461): New BMS data - Size=56
D/VM_BMS  (  461): Start process_bms_data
D/VM_BMS  (  461): Battery charge_cycle=0 fcc_adjust=0 rbatt_adjust=0 cycle_changed=false
D/VM_BMS  (  461): For batt_temp=255 fcc_mah=2200
D/VM_BMS  (  461): Lookup fcc_mah=2200.000000  adjusted fcc_mah=2200.000000
D/VM_BMS  (  461): For ocv=3801512 batt_temp=255 soc=36
D/VM_BMS  (  461): fifo_count=2 acc_count=0
D/VM_BMS  (  461): INIT: ocv=3801512 last_ocv=3801512 batt_temp=255 soc=36
D/VM_BMS  (  461): For soc=36 batt_temp=255 slope=3000
D/VM_BMS  (  461): For soc=36 batt_temp=255 rbatt_sf=106
D/VM_BMS  (  461): rbatt_mohm_default=72, rbatt_mohm=76, sf=106 batt_temp=255
D/VM_BMS  (  461): Lookup rbatt=76.000000  adjusted rbatt=76.000000
D/VM_BMS  (  461): For ocv=3801512 batt_temp=255 soc=36
D/VM_BMS  (  461): FIFO=0 fifo_avg=3.801659 rbatt=0.126000 slope=0.300000 ibatt=-0.001166 ocv=3.801512 soc=36 fcc_ah=2.200000 sample_count=128 sample_interval=70 seq_num=6005
D/VM_BMS  (  461): For soc=36 batt_temp=255 slope=3000
D/VM_BMS  (  461): For soc=36 batt_temp=255 rbatt_sf=106
D/VM_BMS  (  461): rbatt_mohm_default=72, rbatt_mohm=76, sf=106 batt_temp=255
D/VM_BMS  (  461): Lookup rbatt=76.000000  adjusted rbatt=76.000000
D/VM_BMS  (  461): For ocv=3801511 batt_temp=255 soc=36
D/VM_BMS  (  461): FIFO=1 fifo_avg=3.801362 rbatt=0.126000 slope=0.300000 ibatt=0.001189 ocv=3.801512 soc=36 fcc_ah=2.200000 sample_count=128 sample_interval=70 seq_num=6005
I/VM_BMS  (  461): power_supply_update: ocv_uv=3801511 ibatt=1188 soc=36 seq_num=6005
D/VM_BMS  (  461): End process_bms_data
D/VM_BMS  (  461): wake_lock released
D/BatteryMeterView( 2940): onDraw level = 63
D/wpa_supplicant(17726): wlan0: Control interface command 'SIGNAL_POLL'
V/WLAN_PSA(  314): NL MSG, len[4045], NL type[0x1C] WNI type[0x5900] len[46351]
V/WLAN_PSA(  314): NL MSG, PID: 314
D/BatteryMeterView( 2940): onDraw level = 73
I/SurfaceFlinger(  262): FPS: 5
D/BatteryMeterView( 2940): onDraw level = 83
D/BatteryMeterView( 2940): onDraw level = 93
I/SurfaceFlinger(  262): FPS: 4
D/BatteryMeterView( 2940): onDraw level = 100
D/wpa_supplicant(17726): wlan0: BSS: Remove id 2 BSSID ba:ab:be:34:00:00 SSID 'Andy' due to wpa_bss_flush_by_age
D/wpa_supplicant(17726): CTRL_IFACE monitor sent successfully to /data/misc/wifi/sockets/wpa_ctrl_329-3\x00
D/wpa_supplicant(17726): CTRL_IFACE monitor sent successfully to /data/misc/wifi/sockets/wpa_ctrl_775-14\x00
D/wpa_supplicant(17726): wlan0: BSS: Remove id 3 BSSID 5e:05:18:d0:8c:1f SSID 'Mi A3' due to wpa_bss_flush_by_age
D/wpa_supplicant(17726): CTRL_IFACE monitor sent successfully to /data/misc/wifi/sockets/wpa_ctrl_329-3\x00
D/wpa_supplicant(17726): CTRL_IFACE monitor sent successfully to /data/misc/wifi/sockets/wpa_ctrl_775-14\x00
I/ProcessStatsService(  775): Prepared write state in 4ms
I/art     ( 3183): Rejecting re-init on previously-failed class java.lang.Class<com.google.android.gms.org.conscrypt.NativeCrypto>
I/art     ( 3183): Rejecting re-init on previously-failed class java.lang.Class<com.google.android.gms.org.conscrypt.NativeCrypto>
D/ConnectivityService(  775): reportBadNetwork(NetworkAgentInfo [WIFI () - 102]) by 10005
D/NetworkMonitor/NetworkAgentInfo [WIFI () - 102](  775): ValidatedState{ when=-1ms what=532488 arg1=10005 target=com.android.internal.util.StateMachine$SmHandler }
D/NetworkMonitor/NetworkAgentInfo [WIFI () - 102](  775): DefaultState{ when=-1ms what=532488 arg1=10005 target=com.android.internal.util.StateMachine$SmHandler }
D/NetworkMonitor/NetworkAgentInfo [WIFI () - 102](  775): Forcing reevaluation
D/NetworkMonitor/NetworkAgentInfo [WIFI () - 102](  775): EvaluatingState{ when=0 what=532486 arg1=137 target=com.android.internal.util.StateMachine$SmHandler }
D/NetworkMonitor/NetworkAgentInfo [WIFI () - 102](  775): Validated
D/ConnectivityService(  775): setProvNotificationVisibleIntent: E visible=false networkType=0 extraInfo=null
D/ConnectivityService(  775): Validated NetworkAgentInfo [WIFI () - 102]
D/BatteryMeterView( 2940): onDraw level = 13
I/SurfaceFlinger(  262): FPS: 2
D/BatteryMeterView( 2940): onDraw level = 23
D/wpa_supplicant(17726): wlan0: Control interface command 'SIGNAL_POLL'
D/StatusBar.MSimNetworkController( 2940): refreshViews phoneId =0mMSimDataConnected =false
D/StatusBar.MSimNetworkController( 2940): refreshViews mMSimDataActivity =0
D/StatusBar.MSimNetworkController( 2940): refreshViews: Data not connected!! Set no data type icon / Roaming for phoneId: 0
D/StatusBar.MSimNetworkController( 2940): refreshViews connected={ wifi } level=3 mMSimcombinedSignalIconId=0x7f02034e/com.android.systemui:drawable/stat_sys_wifi_signal_2_fully mMSimcombinedActivityIconId=0x7f020347 mAirplaneMode=false mMSimDataActivity=0 mMSimPhoneSignalIconId=0x7f020339/com.android.systemui:drawable/stat_sys_signal_null mMSimDataDirectionIconId=0x0 mMSimDataSignalIconId=0x7f020339 mMSimDataTypeIconId=0x0/(null) mNoMSimIconId=0x7f02009a/com.android.systemui:drawable/ic_qs_no_sim mMSimMobileActivityIconId=0x0/(null) mWifiIconId=0x7f02034e mBluetoothTetherIconId=0x10806a2
D/MSimSignalClusterView( 2940): wifi: VISIBLE sig=2130838350 act=2130838343
D/MSimSignalClusterView( 2940): mobile[0]: VISIBLE sig=2130838329 type=0
D/MSimSignalClusterView( 2940): wifi: VISIBLE sig=2130838350 act=2130838343
D/MSimSignalClusterView( 2940): mobile[1]: VISIBLE sig=2130838329 type=0
D/MSimSignalClusterView( 2940): wifi: VISIBLE sig=2130838350 act=2130838343
D/MSimSignalClusterView( 2940): mobile[0]: VISIBLE sig=2130838329 type=0
D/MSimSignalClusterView( 2940): wifi: VISIBLE sig=2130838350 act=2130838343
D/MSimSignalClusterView( 2940): mobile[0]: VISIBLE sig=2130838329 type=0
D/MSimSignalClusterView( 2940): wifi: VISIBLE sig=2130838350 act=2130838343
D/MSimSignalClusterView( 2940): mobile[0]: VISIBLE sig=2130838329 type=0
D/MSimSignalClusterView( 2940): wifi: VISIBLE sig=2130838350 act=2130838343
D/MSimSignalClusterView( 2940): mobile[1]: VISIBLE sig=2130838329 type=0
D/StatusBar.MSimNetworkController( 2940): refreshSignalCluster, mMSimPhoneSignalIconId[0]=com.android.systemui:drawable/stat_sys_signal_null mMSimDataSignalIconId[0]=com.android.systemui:drawable/stat_sys_signal_null mMSimDataTypeIconId[0]=(null) mMSimMobileActivityIconId[0]=(null) mNoMSimIconId[0]=com.android.systemui:drawable/ic_qs_no_sim
D/MSimSignalClusterView( 2940): wifi: VISIBLE sig=2130838350 act=2130838343
D/MSimSignalClusterView( 2940): mobile[0]: VISIBLE sig=2130838329 type=0
D/MSimSignalClusterView( 2940): wifi: VISIBLE sig=2130838350 act=2130838343
D/MSimSignalClusterView( 2940): mobile[1]: VISIBLE sig=2130838329 type=0
D/MSimSignalClusterView( 2940): wifi: VISIBLE sig=2130838350 act=2130838343
D/MSimSignalClusterView( 2940): mobile[0]: VISIBLE sig=2130838329 type=0
D/MSimSignalClusterView( 2940): wifi: VISIBLE sig=2130838350 act=2130838343
D/MSimSignalClusterView( 2940): mobile[0]: VISIBLE sig=2130838329 type=0
D/MSimSignalClusterView( 2940): wifi: VISIBLE sig=2130838350 act=2130838343
D/MSimSignalClusterView( 2940): mobile[0]: VISIBLE sig=2130838329 type=0
D/MSimSignalClusterView( 2940): wifi: VISIBLE sig=2130838350 act=2130838343
D/MSimSignalClusterView( 2940): mobile[1]: VISIBLE sig=2130838329 type=0
D/StatusBar.MSimNetworkController( 2940): refreshSignalCluster, mMSimPhoneSignalIconId[0]=com.android.systemui:drawable/stat_sys_signal_null mMSimDataSignalIconId[0]=com.android.systemui:drawable/stat_sys_signal_null mMSimDataTypeIconId[0]=(null) mMSimMobileActivityIconId[0]=(null) mNoMSimIconId[0]=com.android.systemui:drawable/ic_qs_no_sim
D/MSimSignalClusterView( 2940): wifi: VISIBLE sig=2130838350 act=2130838343
D/MSimSignalClusterView( 2940): mobile[0]: VISIBLE sig=2130838329 type=0
D/MSimSignalClusterView( 2940): wifi: VISIBLE sig=2130838350 act=2130838343
D/MSimSignalClusterView( 2940): mobile[1]: VISIBLE sig=2130838329 type=0
D/MSimSignalClusterView( 2940): wifi: VISIBLE sig=2130838350 act=2130838343
D/MSimSignalClusterView( 2940): mobile[0]: VISIBLE sig=2130838329 type=0
D/MSimSignalClusterView( 2940): wifi: VISIBLE sig=2130838350 act=2130838343
D/MSimSignalClusterView( 2940): mobile[0]: VISIBLE sig=2130838329 type=0
D/MSimSignalClusterView( 2940): wifi: VISIBLE sig=2130838350 act=2130838343
D/MSimSignalClusterView( 2940): mobile[0]: VISIBLE sig=2130838329 type=0
D/MSimSignalClusterView( 2940): wifi: VISIBLE sig=2130838350 act=2130838343
D/MSimSignalClusterView( 2940): mobile[1]: VISIBLE sig=2130838329 type=0
D/StatusBar.MSimNetworkController( 2940): refreshSignalCluster, mMSimPhoneSignalIconId[0]=com.android.systemui:drawable/stat_sys_signal_null mMSimDataSignalIconId[0]=com.android.systemui:drawable/stat_sys_signal_null mMSimDataTypeIconId[0]=(null) mMSimMobileActivityIconId[0]=(null) mNoMSimIconId[0]=com.android.systemui:drawable/ic_qs_no_sim
D/MSimSignalClusterView( 2940): wifi: VISIBLE sig=2130838350 act=2130838343
D/MSimSignalClusterView( 2940): mobile[0]: VISIBLE sig=2130838329 type=0
D/MSimSignalClusterView( 2940): wifi: VISIBLE sig=2130838350 act=2130838343
D/MSimSignalClusterView( 2940): mobile[1]: VISIBLE sig=2130838329 type=0
D/MSimSignalClusterView( 2940): wifi: VISIBLE sig=2130838350 act=2130838343
D/MSimSignalClusterView( 2940): mobile[0]: VISIBLE sig=2130838329 type=0
D/MSimSignalClusterView( 2940): wifi: VISIBLE sig=2130838350 act=2130838343
D/MSimSignalClusterView( 2940): mobile[0]: VISIBLE sig=2130838329 type=0
D/MSimSignalClusterView( 2940): wifi: VISIBLE sig=2130838350 act=2130838343
D/MSimSignalClusterView( 2940): mobile[0]: VISIBLE sig=2130838329 type=0
D/MSimSignalClusterView( 2940): wifi: VISIBLE sig=2130838350 act=2130838343
D/MSimSignalClusterView( 2940): mobile[1]: VISIBLE sig=2130838329 type=0
D/StatusBar.MSimNetworkController( 2940): refreshSignalCluster, mMSimPhoneSignalIconId[0]=com.android.systemui:drawable/stat_sys_signal_null mMSimDataSignalIconId[0]=com.android.systemui:drawable/stat_sys_signal_null mMSimDataTypeIconId[0]=(null) mMSimMobileActivityIconId[0]=(null) mNoMSimIconId[0]=com.android.systemui:drawable/ic_qs_no_sim
D/BatteryMeterView( 2940): onDraw level = 33
I/SurfaceFlinger(  262): FPS: 6
D/BatteryMeterView( 2940): onDraw level = 43
V/WLAN_PSA(  314): NL MSG, len[4026], NL type[0x1C] WNI type[0x5900] len[41487]
V/WLAN_PSA(  314): NL MSG, PID: 314
D/BatteryMeterView( 2940): onDraw level = 53
I/SurfaceFlinger(  262): FPS: 3
D/BatteryMeterView( 2940): onDraw level = 63
D/BatteryMeterView( 2940): onDraw level = 73
I/SurfaceFlinger(  262): FPS: 4
D/BatteryMeterView( 2940): onDraw level = 83
D/wpa_supplicant(17726): wlan0: Control interface command 'SIGNAL_POLL'
D/StatusBar.MSimNetworkController( 2940): refreshViews phoneId =0mMSimDataConnected =false
D/StatusBar.MSimNetworkController( 2940): refreshViews mMSimDataActivity =0
D/StatusBar.MSimNetworkController( 2940): refreshViews: Data not connected!! Set no data type icon / Roaming for phoneId: 0
D/StatusBar.MSimNetworkController( 2940): refreshViews connected={ wifi } level=3 mMSimcombinedSignalIconId=0x7f020350/com.android.systemui:drawable/stat_sys_wifi_signal_3_fully mMSimcombinedActivityIconId=0x7f020347 mAirplaneMode=false mMSimDataActivity=0 mMSimPhoneSignalIconId=0x7f020339/com.android.systemui:drawable/stat_sys_signal_null mMSimDataDirectionIconId=0x0 mMSimDataSignalIconId=0x7f020339 mMSimDataTypeIconId=0x0/(null) mNoMSimIconId=0x7f02009a/com.android.systemui:drawable/ic_qs_no_sim mMSimMobileActivityIconId=0x0/(null) mWifiIconId=0x7f020350 mBluetoothTetherIconId=0x10806a2
D/MSimSignalClusterView( 2940): wifi: VISIBLE sig=2130838352 act=2130838343
D/MSimSignalClusterView( 2940): mobile[0]: VISIBLE sig=2130838329 type=0
D/MSimSignalClusterView( 2940): wifi: VISIBLE sig=2130838352 act=2130838343
D/MSimSignalClusterView( 2940): mobile[1]: VISIBLE sig=2130838329 type=0
D/MSimSignalClusterView( 2940): wifi: VISIBLE sig=2130838352 act=2130838343
D/MSimSignalClusterView( 2940): mobile[0]: VISIBLE sig=2130838329 type=0
D/MSimSignalClusterView( 2940): wifi: VISIBLE sig=2130838352 act=2130838343
D/MSimSignalClusterView( 2940): mobile[0]: VISIBLE sig=2130838329 type=0
D/MSimSignalClusterView( 2940): wifi: VISIBLE sig=2130838352 act=2130838343
D/MSimSignalClusterView( 2940): mobile[0]: VISIBLE sig=2130838329 type=0
D/MSimSignalClusterView( 2940): wifi: VISIBLE sig=2130838352 act=2130838343
D/MSimSignalClusterView( 2940): mobile[1]: VISIBLE sig=2130838329 type=0
D/StatusBar.MSimNetworkController( 2940): refreshSignalCluster, mMSimPhoneSignalIconId[0]=com.android.systemui:drawable/stat_sys_signal_null mMSimDataSignalIconId[0]=com.android.systemui:drawable/stat_sys_signal_null mMSimDataTypeIconId[0]=(null) mMSimMobileActivityIconId[0]=(null) mNoMSimIconId[0]=com.android.systemui:drawable/ic_qs_no_sim
D/MSimSignalClusterView( 2940): wifi: VISIBLE sig=2130838352 act=2130838343
D/MSimSignalClusterView( 2940): mobile[0]: VISIBLE sig=2130838329 type=0
D/MSimSignalClusterView( 2940): wifi: VISIBLE sig=2130838352 act=2130838343
D/MSimSignalClusterView( 2940): mobile[1]: VISIBLE sig=2130838329 type=0
D/MSimSignalClusterView( 2940): wifi: VISIBLE sig=2130838352 act=2130838343
D/MSimSignalClusterView( 2940): mobile[0]: VISIBLE sig=2130838329 type=0
D/MSimSignalClusterView( 2940): wifi: VISIBLE sig=2130838352 act=2130838343
D/MSimSignalClusterView( 2940): mobile[0]: VISIBLE sig=2130838329 type=0
D/MSimSignalClusterView( 2940): wifi: VISIBLE sig=2130838352 act=2130838343
D/MSimSignalClusterView( 2940): mobile[0]: VISIBLE sig=2130838329 type=0
D/MSimSignalClusterView( 2940): wifi: VISIBLE sig=2130838352 act=2130838343
D/MSimSignalClusterView( 2940): mobile[1]: VISIBLE sig=2130838329 type=0
D/StatusBar.MSimNetworkController( 2940): refreshSignalCluster, mMSimPhoneSignalIconId[0]=com.android.systemui:drawable/stat_sys_signal_null mMSimDataSignalIconId[0]=com.android.systemui:drawable/stat_sys_signal_null mMSimDataTypeIconId[0]=(null) mMSimMobileActivityIconId[0]=(null) mNoMSimIconId[0]=com.android.systemui:drawable/ic_qs_no_sim
D/MSimSignalClusterView( 2940): wifi: VISIBLE sig=2130838352 act=2130838343
D/MSimSignalClusterView( 2940): mobile[0]: VISIBLE sig=2130838329 type=0
D/MSimSignalClusterView( 2940): wifi: VISIBLE sig=2130838352 act=2130838343
D/MSimSignalClusterView( 2940): mobile[1]: VISIBLE sig=2130838329 type=0
D/MSimSignalClusterView( 2940): wifi: VISIBLE sig=2130838352 act=2130838343
D/MSimSignalClusterView( 2940): mobile[0]: VISIBLE sig=2130838329 type=0
D/MSimSignalClusterView( 2940): wifi: VISIBLE sig=2130838352 act=2130838343
D/MSimSignalClusterView( 2940): mobile[0]: VISIBLE sig=2130838329 type=0
D/MSimSignalClusterView( 2940): wifi: VISIBLE sig=2130838352 act=2130838343
D/MSimSignalClusterView( 2940): mobile[0]: VISIBLE sig=2130838329 type=0
D/MSimSignalClusterView( 2940): wifi: VISIBLE sig=2130838352 act=2130838343
D/MSimSignalClusterView( 2940): mobile[1]: VISIBLE sig=2130838329 type=0
D/StatusBar.MSimNetworkController( 2940): refreshSignalCluster, mMSimPhoneSignalIconId[0]=com.android.systemui:drawable/stat_sys_signal_null mMSimDataSignalIconId[0]=com.android.systemui:drawable/stat_sys_signal_null mMSimDataTypeIconId[0]=(null) mMSimMobileActivityIconId[0]=(null) mNoMSimIconId[0]=com.android.systemui:drawable/ic_qs_no_sim
D/MSimSignalClusterView( 2940): wifi: VISIBLE sig=2130838352 act=2130838343
D/MSimSignalClusterView( 2940): mobile[0]: VISIBLE sig=2130838329 type=0
D/MSimSignalClusterView( 2940): wifi: VISIBLE sig=2130838352 act=2130838343
D/MSimSignalClusterView( 2940): mobile[1]: VISIBLE sig=2130838329 type=0
D/MSimSignalClusterView( 2940): wifi: VISIBLE sig=2130838352 act=2130838343
D/MSimSignalClusterView( 2940): mobile[0]: VISIBLE sig=2130838329 type=0
D/MSimSignalClusterView( 2940): wifi: VISIBLE sig=2130838352 act=2130838343
D/MSimSignalClusterView( 2940): mobile[0]: VISIBLE sig=2130838329 type=0
