I/telpo_native(  775): c9
I/telpo_native(  775): 00
I/telpo_native(  775): 04
I/telpo_native(  775): 01
I/telpo_native(  775): 00
I/telpo_native(  775): 00
I/telpo_native(  775): 00
I/telpo_native(  775): 00
I/telpo_native(  775): 00
I/telpo_native(  775): 00
I/telpo_native(  775): 00
I/telpo_native(  775): 00
I/telpo_native(  775): 2d
I/telpo_native(  775): 00
I/telpo_native(  775): 00
I/telpo_native(  775): 00
I/telpo_native(  775): 77
I/telpo_native(  775): 29
I/telpo_native(  775): 9f
I/telpo_native(  775): 27
I/telpo_native(  775): 01
I/telpo_native(  775): 80
I/telpo_native(  775): 9f
I/telpo_native(  775): 36
I/telpo_native(  775): 02
I/telpo_native(  775): 06
I/telpo_native(  775): ad
I/telpo_native(  775): 9f
I/telpo_native(  775): 26
I/telpo_native(  775): 08
I/telpo_native(  775): 05
I/telpo_native(  775): 4c
I/telpo_native(  775): 9b
I/telpo_native(  775): 7c
I/telpo_native(  775): b7
I/telpo_native(  775): c3
I/telpo_native(  775): bc
I/telpo_native(  775): 28
I/telpo_native(  775): 9f
I/telpo_native(  775): 10
I/telpo_native(  775): 12
I/telpo_native(  775): 01
I/telpo_native(  775): 10
I/telpo_native(  775): a5
I/telpo_native(  775): 00
I/telpo_native(  775): 03
I/telpo_native(  775): 02
I/telpo_native(  775): 00
I/telpo_native(  775): 00
I/telpo_native(  775): 00
I/telpo_native(  775): 00
I/telpo_native(  775): 00
I/telpo_native(  775): 00
I/telpo_native(  775): 00
I/telpo_native(  775): 00
I/telpo_native(  775): 00
I/telpo_native(  775): 00
I/telpo_native(  775): 00
I/telpo_native(  775): ff
I/telpo_native(  775): 90
I/telpo_native(  775): 00
I/telpo_native(  775): 
D/telpo_native(  775): usb_printer_write data start!
D/telpo_native(  775): usb_printer_write start!
E/telpo_native(  775): ret = 25
D/telpo_native(  775): handle_emv_serial_read_write_cmd: usb write length = 25
D/telpo_native(22293): CallIntMethod return ret = 0 length = 69
E/EMV_LIB (22293): Receive APDU:45
E/EMV_LIB (22293): <<< Receive APDU: >>> [45]
E/EMV_LIB (22293): 77 29 9F 27 01 80 9F 36 02 06 AD 9F 26 08 05 4C 9B 7C B7 C3 BC 28 9F 10 12 01 10 A5 00 03 02 00 00 00 00 00 00 00 00 00 00 00 FF 90 00 
E/EMV_LIB (22293): Apdu_Generate_AC Res = 1
E/EMV_LIB (22293): CardAct_GenerateAC ret = 1
E/EMV_LIB (22293): Decode: 0x77,Primitive:0
E/EMV_LIB (22293): <<< emv tlv tag Set [0x9F27] >>> [1]
E/EMV_LIB (22293): 80 
E/EMV_LIB (22293): <<< emv tlv tag Set [0x9F36] >>> [2]
E/EMV_LIB (22293): 06 AD 
E/EMV_LIB (22293): <<< emv tlv tag Set [0x9F26] >>> [8]
E/EMV_LIB (22293): 05 4C 9B 7C B7 C3 BC 28 
E/EMV_LIB (22293): <<< emv tlv tag Set [0x9F10] >>> [18]
E/EMV_LIB (22293): 01 10 A5 00 03 02 00 00 00 00 00 00 00 00 00 00 00 FF 
E/EMV_LIB (22293): CardAct_DecodeData ret = 1
E/EMV_LIB (22293): <<< emv tlv tag Get [0x9F27] >>> [1]
E/EMV_LIB (22293): 80 
E/EMV_LIB (22293): 0x9F27 [80]
E/EMV_LIB (22293): <<< emv tlv tag Get [0x9F26] >>> [8]
E/EMV_LIB (22293): 05 4C 9B 7C B7 C3 BC 28 
E/EMV_LIB (22293): <<< emv tlv tag Get [0x9F36] >>> [2]
E/EMV_LIB (22293): 06 AD 
E/EMV_LIB (22293): ---- 1st Generate AC Result Start ----
E/EMV_LIB (22293): Result: ARQC
E/EMV_LIB (22293): IsAdvice [0]
E/EMV_LIB (22293): IsIssuerAuth_Fail [0]
E/EMV_LIB (22293): IsNoService [0]
E/EMV_LIB (22293): IsPinLimit [0]
E/EMV_LIB (22293): PaySys_CA [0]
E/EMV_LIB (22293): Other [1]
E/EMV_LIB (22293): ---- Generate AC Result End ----
E/EMV_LIB (22293): CardAct_CheckResult ret = 1
E/EMV_LIB (22293): <<< emv tlv tag Get [0x9B] >>> [2]
E/EMV_LIB (22293): C8 00 
E/EMV_LIB (22293): <<< emv tlv tag Set [0x9B] >>> [2]
E/EMV_LIB (22293): E8 00 
E/EMV_LIB (22293): <<< emv tlv tag Get [0x95] >>> [5]
E/EMV_LIB (22293): 04 80 00 00 00 
W/EmvService(22293): OnlineProcess: 1
E/EMV_LIB (22293): OnEmvRequireOnline Result = 1
E/EMV_LIB (22293): <<< emv tlv tag Set [0x91] >>> [0]
E/EMV_LIB (22293): <<< emv tlv tag Set [0x8A] >>> [2]
E/EMV_LIB (22293): 00 00 
E/EMV_LIB (22293): <<< emv tlv tag Set [0x8A] >>> [2]
E/EMV_LIB (22293): 00 00 
E/EMV_LIB (22293): 2nd GenerateAC Command [40]
E/EMV_LIB (22293): <<< emv tlv tag Get [0x8D] >>> [12]
E/EMV_LIB (22293): 91 0A 8A 02 95 05 9F 37 04 9F 4C 08 
E/EMV_LIB (22293): <<< construct_dol >>> [12]
E/EMV_LIB (22293): 91 0A 8A 02 95 05 9F 37 04 9F 4C 08 
E/EMV_LIB (22293): DOL Request Tag:91
E/EMV_LIB (22293): <<< emv tlv tag Get [0x91] >>> [0]
E/EMV_LIB (22293): <<< Value: >>> [0]
E/EMV_LIB (22293): DOL Unknown Tag: 0x91, Len:10
E/EMV_LIB (22293): Require input Tag: 91
E/EMV_LIB (22293): jni_RequireTagValue, Tag:91
W/EmvService(22293): RequireTagValue: 1
E/EMV_LIB (22293): <<< emv tlv tag Set [0x91] >>> [10]
E/EMV_LIB (22293): 00 00 00 00 00 00 00 00 00 00 
E/EMV_LIB (22293): DOL Request Tag:8A
E/EMV_LIB (22293): <<< emv tlv tag Get [0x8A] >>> [2]
E/EMV_LIB (22293): 00 00 
E/EMV_LIB (22293): <<< Value: >>> [2]
E/EMV_LIB (22293): 00 00 
E/EMV_LIB (22293): DOL Request Tag:95
E/EMV_LIB (22293): <<< emv tlv tag Get [0x95] >>> [5]
E/EMV_LIB (22293): 04 80 00 00 00 
E/EMV_LIB (22293): <<< Value: >>> [5]
E/EMV_LIB (22293): 04 80 00 00 00 
E/EMV_LIB (22293): DOL Request Tag:9F37
E/EMV_LIB (22293): <<< emv tlv tag Get [0x9F37] >>> [4]
E/EMV_LIB (22293): B1 98 6F 0C 
E/EMV_LIB (22293): <<< Value: >>> [4]
E/EMV_LIB (22293): B1 98 6F 0C 
E/EMV_LIB (22293): DOL Request Tag:9F4C
E/EMV_LIB (22293): <<< emv tlv tag Get [0x9F4C] >>> [8]
E/EMV_LIB (22293): 00 00 00 00 00 00 00 00 
E/EMV_LIB (22293): <<< Value: >>> [8]
E/EMV_LIB (22293): 00 00 00 00 00 00 00 00 
E/EMV_LIB (22293): Generate_AC Is CDA = 0
E/EMV_LIB (22293): Send APDU:35
E/EMV_LIB (22293): <<<   >>> [35]
E/EMV_LIB (22293): 80 AE 40 00 1D 00 00 00 00 00 00 00 00 00 00 00 00 04 80 00 00 00 B1 98 6F 0C 00 00 00 00 00 00 00 00 00 
E/telpo_native(  775): serial_read:start read
E/telpo_native(  775): serial_read:serial_read read_size = 0
D/telpo_native(  775): handle_emv_serial_read_write_cmd: usb_printer_read length = 20
I/telpo_native(  775): 0b
I/telpo_native(  775): b0
I/telpo_native(  775): 96
I/telpo_native(  775): 69
I/telpo_native(  775): 04
I/telpo_native(  775): 00
I/telpo_native(  775): 00
I/telpo_native(  775): 00
I/telpo_native(  775): ca
I/telpo_native(  775): 00
I/telpo_native(  775): 04
I/telpo_native(  775): 01
I/telpo_native(  775): 00
I/telpo_native(  775): 00
I/telpo_native(  775): 00
I/telpo_native(  775): 00
I/telpo_native(  775): 00
I/telpo_native(  775): 00
I/telpo_native(  775): 00
I/telpo_native(  775): 00
I/telpo_native(  775): 
D/telpo_native(  775): handle_emv_serial_read_write_cmd: parse successfully!
I/telpo_native(  775): handle_emv_serial_read_write_cmd: receive data length is 20
I/telpo_native(  775): 0b
I/telpo_native(  775): b0
I/telpo_native(  775): 96
I/telpo_native(  775): 69
I/telpo_native(  775): 04
I/telpo_native(  775): 00
I/telpo_native(  775): 00
I/telpo_native(  775): 00
I/telpo_native(  775): ca
I/telpo_native(  775): 00
I/telpo_native(  775): 04
I/telpo_native(  775): 01
I/telpo_native(  775): 00
I/telpo_native(  775): 00
I/telpo_native(  775): 00
I/telpo_native(  775): 00
I/telpo_native(  775): 00
I/telpo_native(  775): 00
I/telpo_native(  775): 00
I/telpo_native(  775): 00
I/telpo_native(  775): 
D/telpo_native(  775): usb_printer_write data start!
D/telpo_native(  775): usb_printer_write start!
E/telpo_native(  775): ret = 60
D/telpo_native(  775): handle_emv_serial_read_write_cmd: usb write length = 60
D/telpo_native(22293): CallIntMethod return ret = 0 length = 20
I/System.out(22293): Called PIN OKAY
E/telpo_native(  775): Cannot find response header
D/telpo_native(  775): handle_emv_serial_read_write_cmd: not enough data receive,continue
I/ViewRootImpl(22293): CPU Rendering VSync enable = true
E/telpo_native(  775): Cannot find response header
D/telpo_native(  775): handle_emv_serial_read_write_cmd: not enough data receive,continue
E/telpo_native(  775): Cannot find response header
D/telpo_native(  775): handle_emv_serial_read_write_cmd: not enough data receive,continue
I/WindowManager(  775): mDock rect: (0,0 - 720,1280)
V/WindowManager(  775): Status bar: dock=[0,50][720,1280] content=[0,50][720,1280] cur=[0,50][720,1280]
V/WindowManager(  775): layoutWindowLw(): normal window
V/WindowManager(  775): Compute frame : sim=#20 attach=null type=2015 flags=0x01000018 pf=[0,50][720,1280] df=[0,50][720,1280] of=[0,50][720,1280] cf=[0,50][720,1280] vf=[0,50][720,1280] dcf=[0,0][720,1280] sf=[0,50][720,1280]
V/WindowManager(  775): layoutWindowLw(Toast): normal window
V/WindowManager(  775): Compute frame Toast: sim=#20 attach=null type=2005 flags=0x01000098 pf=[0,50][720,1280] df=[0,50][720,1280] of=[0,50][720,1280] cf=[0,50][720,1280] vf=[0,50][720,1280] dcf=[0,0][720,1280] sf=[0,50][720,1280]
V/WindowManager(  775): layoutWindowLw(com.interswitchng.interswitchpossdkdemo.telpo.v2.debug/com.interswitchng.smartpos.modules.main.MainActivity): IN_SCREEN, INSET_DECOR
V/WindowManager(  775): Compute frame com.interswitchng.interswitchpossdkdemo.telpo.v2.debug/com.interswitchng.smartpos.modules.main.MainActivity: sim=#20 attach=null type=1 flags=0x81810100 pf=[0,0][720,1280] df=[0,0][720,1280] of=[0,0][720,1280] cf=[0,50][720,1280] vf=[0,50][720,1280] dcf=[0,0][720,1280] sf=[0,50][720,1280]
I/WindowManager(  775): Win Window{bff5d73 u0 android}: isVisibleOrBehindKeyguardLw=true
I/WindowManager(  775): Win Window{7989c4a u0 StatusBar}: isVisibleOrBehindKeyguardLw=true
I/WindowManager(  775): Win Window{2894a60e u0 Toast}: isVisibleOrBehindKeyguardLw=true
I/WindowManager(  775): Win Window{313e19d6 u0 com.interswitchng.interswitchpossdkdemo.telpo.v2.debug/com.interswitchng.smartpos.modules.main.MainActivity}: isVisibleOrBehindKeyguardLw=true
V/WindowManager(  775): Fullscreen window: Window{313e19d6 u0 com.interswitchng.interswitchpossdkdemo.telpo.v2.debug/com.interswitchng.smartpos.modules.main.MainActivity}
I/WindowManager(  775): Win Window{1ea30909 u0 com.android.phasebeam.PhaseBeamWallpaper}: isVisibleOrBehindKeyguardLw=false
I/WindowManager(  775): force=false forcefkg=false top=Window{313e19d6 u0 com.interswitchng.interswitchpossdkdemo.telpo.v2.debug/com.interswitchng.smartpos.modules.main.MainActivity}
D/WindowManager(  775): frame: Rect(0, 0 - 720, 1280) shown frame: RectF(0.0, 0.0, 720.0, 1280.0)
D/WindowManager(  775): attr: WM.LayoutParams{(0,0)(fillxfill) sim=#20 ty=1 fl=#81810100 wanim=0x1030467 vsysui=0x600 surfaceInsets=Rect(0, 0 - 0, 0) needsMenuKey=2} lp.flags=0x81810100
V/WindowManager(  775): ** SHOWING status bar: top is not fullscreen
V/WindowManager(  775): finishPostLayoutPolicyLw: mHideKeyguard=false
E/telpo_native(  775): Cannot find response header
D/telpo_native(  775): handle_emv_serial_read_write_cmd: not enough data receive,continue
E/telpo_native(  775): Cannot find response header
D/telpo_native(  775): handle_emv_serial_read_write_cmd: not enough data receive,continue
I/WindowManager(  775): mDock rect: (0,0 - 720,1280)
V/WindowManager(  775): Status bar: dock=[0,50][720,1280] content=[0,50][720,1280] cur=[0,50][720,1280]
V/WindowManager(  775): layoutWindowLw(): normal window
V/WindowManager(  775): Compute frame : sim=#20 attach=null type=2015 flags=0x01000018 pf=[0,50][720,1280] df=[0,50][720,1280] of=[0,50][720,1280] cf=[0,50][720,1280] vf=[0,50][720,1280] dcf=[0,0][720,1280] sf=[0,50][720,1280]
V/WindowManager(  775): layoutWindowLw(Toast): normal window
V/WindowManager(  775): Compute frame Toast: sim=#20 attach=null type=2005 flags=0x01000098 pf=[0,50][720,1280] df=[0,50][720,1280] of=[0,50][720,1280] cf=[0,50][720,1280] vf=[0,50][720,1280] dcf=[0,0][720,1280] sf=[0,50][720,1280]
V/WindowManager(  775): layoutWindowLw(com.interswitchng.interswitchpossdkdemo.telpo.v2.debug/com.interswitchng.smartpos.modules.main.MainActivity): IN_SCREEN, INSET_DECOR
V/WindowManager(  775): Compute frame com.interswitchng.interswitchpossdkdemo.telpo.v2.debug/com.interswitchng.smartpos.modules.main.MainActivity: sim=#20 attach=null type=1 flags=0x81810100 pf=[0,0][720,1280] df=[0,0][720,1280] of=[0,0][720,1280] cf=[0,50][720,1280] vf=[0,50][720,1280] dcf=[0,0][720,1280] sf=[0,50][720,1280]
I/WindowManager(  775): Win Window{bff5d73 u0 android}: isVisibleOrBehindKeyguardLw=true
I/WindowManager(  775): Win Window{7989c4a u0 StatusBar}: isVisibleOrBehindKeyguardLw=true
I/WindowManager(  775): Win Window{2894a60e u0 Toast}: isVisibleOrBehindKeyguardLw=true
I/WindowManager(  775): Win Window{313e19d6 u0 com.interswitchng.interswitchpossdkdemo.telpo.v2.debug/com.interswitchng.smartpos.modules.main.MainActivity}: isVisibleOrBehindKeyguardLw=true
V/WindowManager(  775): Fullscreen window: Window{313e19d6 u0 com.interswitchng.interswitchpossdkdemo.telpo.v2.debug/com.interswitchng.smartpos.modules.main.MainActivity}
I/WindowManager(  775): Win Window{1ea30909 u0 com.android.phasebeam.PhaseBeamWallpaper}: isVisibleOrBehindKeyguardLw=false
I/WindowManager(  775): force=false forcefkg=false top=Window{313e19d6 u0 com.interswitchng.interswitchpossdkdemo.telpo.v2.debug/com.interswitchng.smartpos.modules.main.MainActivity}
D/WindowManager(  775): frame: Rect(0, 0 - 720, 1280) shown frame: RectF(0.0, 0.0, 720.0, 1280.0)
D/WindowManager(  775): attr: WM.LayoutParams{(0,0)(fillxfill) sim=#20 ty=1 fl=#81810100 wanim=0x1030467 vsysui=0x600 surfaceInsets=Rect(0, 0 - 0, 0) needsMenuKey=2} lp.flags=0x81810100
V/WindowManager(  775): ** SHOWING status bar: top is not fullscreen
V/WindowManager(  775): finishPostLayoutPolicyLw: mHideKeyguard=false
E/telpo_native(  775): Cannot find response header
D/telpo_native(  775): handle_emv_serial_read_write_cmd: not enough data receive,continue
E/telpo_native(  775): Cannot find response header
D/telpo_native(  775): handle_emv_serial_read_write_cmd: not enough data receive,continue
E/telpo_native(  775): Cannot find response header
D/telpo_native(  775): handle_emv_serial_read_write_cmd: not enough data receive,continue
E/telpo_native(  775): Cannot find response header
D/telpo_native(  775): handle_emv_serial_read_write_cmd: not enough data receive,continue
I/WindowManager(  775): mDock rect: (0,0 - 720,1280)
V/WindowManager(  775): Status bar: dock=[0,50][720,1280] content=[0,50][720,1280] cur=[0,50][720,1280]
V/WindowManager(  775): layoutWindowLw(): normal window
V/WindowManager(  775): Compute frame : sim=#20 attach=null type=2015 flags=0x01000018 pf=[0,50][720,1280] df=[0,50][720,1280] of=[0,50][720,1280] cf=[0,50][720,1280] vf=[0,50][720,1280] dcf=[0,0][720,1280] sf=[0,50][720,1280]
V/WindowManager(  775): layoutWindowLw(Toast): normal window
V/WindowManager(  775): Compute frame Toast: sim=#20 attach=null type=2005 flags=0x01000098 pf=[0,50][720,1280] df=[0,50][720,1280] of=[0,50][720,1280] cf=[0,50][720,1280] vf=[0,50][720,1280] dcf=[0,0][720,1280] sf=[0,50][720,1280]
V/WindowManager(  775): layoutWindowLw(com.interswitchng.interswitchpossdkdemo.telpo.v2.debug/com.interswitchng.smartpos.modules.main.MainActivity): IN_SCREEN, INSET_DECOR
V/WindowManager(  775): Compute frame com.interswitchng.interswitchpossdkdemo.telpo.v2.debug/com.interswitchng.smartpos.modules.main.MainActivity: sim=#20 attach=null type=1 flags=0x81810100 pf=[0,0][720,1280] df=[0,0][720,1280] of=[0,0][720,1280] cf=[0,50][720,1280] vf=[0,50][720,1280] dcf=[0,0][720,1280] sf=[0,50][720,1280]
I/WindowManager(  775): Win Window{bff5d73 u0 android}: isVisibleOrBehindKeyguardLw=true
I/WindowManager(  775): Win Window{7989c4a u0 StatusBar}: isVisibleOrBehindKeyguardLw=true
I/WindowManager(  775): Win Window{2894a60e u0 Toast}: isVisibleOrBehindKeyguardLw=true
I/WindowManager(  775): Win Window{313e19d6 u0 com.interswitchng.interswitchpossdkdemo.telpo.v2.debug/com.interswitchng.smartpos.modules.main.MainActivity}: isVisibleOrBehindKeyguardLw=true
V/WindowManager(  775): Fullscreen window: Window{313e19d6 u0 com.interswitchng.interswitchpossdkdemo.telpo.v2.debug/com.interswitchng.smartpos.modules.main.MainActivity}
I/WindowManager(  775): Win Window{1ea30909 u0 com.android.phasebeam.PhaseBeamWallpaper}: isVisibleOrBehindKeyguardLw=false
I/WindowManager(  775): force=false forcefkg=false top=Window{313e19d6 u0 com.interswitchng.interswitchpossdkdemo.telpo.v2.debug/com.interswitchng.smartpos.modules.main.MainActivity}
D/WindowManager(  775): frame: Rect(0, 0 - 720, 1280) shown frame: RectF(0.0, 0.0, 720.0, 1280.0)
D/WindowManager(  775): attr: WM.LayoutParams{(0,0)(fillxfill) sim=#20 ty=1 fl=#81810100 wanim=0x1030467 vsysui=0x600 surfaceInsets=Rect(0, 0 - 0, 0) needsMenuKey=2} lp.flags=0x81810100
V/WindowManager(  775): ** SHOWING status bar: top is not fullscreen
V/WindowManager(  775): finishPostLayoutPolicyLw: mHideKeyguard=false
E/telpo_native(  775): Cannot find response header
D/telpo_native(  775): handle_emv_serial_read_write_cmd: not enough data receive,continue
I/WindowManager(  775): Win Window{bff5d73 u0 android}: isVisibleOrBehindKeyguardLw=true
I/WindowManager(  775): Win Window{7989c4a u0 StatusBar}: isVisibleOrBehindKeyguardLw=true
I/WindowManager(  775): Win Window{2894a60e u0 Toast}: isVisibleOrBehindKeyguardLw=true
I/WindowManager(  775): Win Window{313e19d6 u0 com.interswitchng.interswitchpossdkdemo.telpo.v2.debug/com.interswitchng.smartpos.modules.main.MainActivity}: isVisibleOrBehindKeyguardLw=true
V/WindowManager(  775): Fullscreen window: Window{313e19d6 u0 com.interswitchng.interswitchpossdkdemo.telpo.v2.debug/com.interswitchng.smartpos.modules.main.MainActivity}
I/WindowManager(  775): Win Window{1ea30909 u0 com.android.phasebeam.PhaseBeamWallpaper}: isVisibleOrBehindKeyguardLw=false
I/WindowManager(  775): force=false forcefkg=false top=Window{313e19d6 u0 com.interswitchng.interswitchpossdkdemo.telpo.v2.debug/com.interswitchng.smartpos.modules.main.MainActivity}
D/WindowManager(  775): frame: Rect(0, 0 - 720, 1280) shown frame: RectF(0.0, 0.0, 720.0, 1280.0)
D/WindowManager(  775): attr: WM.LayoutParams{(0,0)(fillxfill) sim=#20 ty=1 fl=#81810100 wanim=0x1030467 vsysui=0x600 surfaceInsets=Rect(0, 0 - 0, 0) needsMenuKey=2} lp.flags=0x81810100
V/WindowManager(  775): ** SHOWING status bar: top is not fullscreen
V/WindowManager(  775): finishPostLayoutPolicyLw: mHideKeyguard=false
E/telpo_native(  775): Cannot find response header
D/telpo_native(  775): handle_emv_serial_read_write_cmd: not enough data receive,continue
E/telpo_native(  775): Cannot find response header
D/telpo_native(  775): handle_emv_serial_read_write_cmd: not enough data receive,continue
E/telpo_native(  775): Cannot find response header
D/telpo_native(  775): handle_emv_serial_read_write_cmd: not enough data receive,continue
E/telpo_native(  775): Cannot find response header
D/telpo_native(  775): handle_emv_serial_read_write_cmd: not enough data receive,continue
E/telpo_native(  775): Cannot find response header
D/telpo_native(  775): handle_emv_serial_read_write_cmd: not enough data receive,continue
E/telpo_native(  775): Cannot find response header
D/telpo_native(  775): handle_emv_serial_read_write_cmd: not enough data receive,continue
E/telpo_native(  775): Cannot find response header
D/telpo_native(  775): handle_emv_serial_read_write_cmd: not enough data receive,continue
E/telpo_native(  775): Cannot find response header
D/telpo_native(  775): handle_emv_serial_read_write_cmd: not enough data receive,continue
E/telpo_native(  775): Cannot find response header
D/telpo_native(  775): handle_emv_serial_read_write_cmd: not enough data receive,continue
E/telpo_native(  775): Cannot find response header
D/telpo_native(  775): handle_emv_serial_read_write_cmd: not enough data receive,continue
I/SurfaceFlinger(  262): FPS: 14
E/telpo_native(  775): Cannot find response header
D/telpo_native(  775): handle_emv_serial_read_write_cmd: not enough data receive,continue
E/telpo_native(  775): serial_read:start read
E/telpo_native(  775): serial_read:serial_read read_size = 0
D/telpo_native(  775): handle_emv_serial_read_write_cmd: usb_printer_read length = 69
I/telpo_native(  775): 0b
I/telpo_native(  775): b0
I/telpo_native(  775): 96
I/telpo_native(  775): 69
I/telpo_native(  775): 35
I/telpo_native(  775): 00
I/telpo_native(  775): 00
I/telpo_native(  775): 00
I/telpo_native(  775): cb
I/telpo_native(  775): 00
I/telpo_native(  775): 04
I/telpo_native(  775): 01
I/telpo_native(  775): 00
I/telpo_native(  775): 00
I/telpo_native(  775): 00
I/telpo_native(  775): 00
I/telpo_native(  775): 00
I/telpo_native(  775): 00
I/telpo_native(  775): 00
I/telpo_native(  775): 00
I/telpo_native(  775): 2d
I/telpo_native(  775): 00
I/telpo_native(  775): 00
I/telpo_native(  775): 00
I/telpo_native(  775): 77
I/telpo_native(  775): 29
I/telpo_native(  775): 9f
I/telpo_native(  775): 27
I/telpo_native(  775): 01
I/telpo_native(  775): 40
I/telpo_native(  775): 9f
I/telpo_native(  775): 36
I/telpo_native(  775): 02
I/telpo_native(  775): 06
I/telpo_native(  775): ad
I/telpo_native(  775): 9f
I/telpo_native(  775): 26
I/telpo_native(  775): 08
I/telpo_native(  775): 1c
I/telpo_native(  775): 03
I/telpo_native(  775): b0
I/telpo_native(  775): 2f
I/telpo_native(  775): 8d
I/telpo_native(  775): a2
I/telpo_native(  775): 20
I/telpo_native(  775): bb
I/telpo_native(  775): 9f
I/telpo_native(  775): 10
I/telpo_native(  775): 12
I/telpo_native(  775): 01
I/telpo_native(  775): 10
I/telpo_native(  775): 65
I/telpo_native(  775): 00
I/telpo_native(  775): 03
I/telpo_native(  775): 02
I/telpo_native(  775): 00
I/telpo_native(  775): 00
I/telpo_native(  775): 00
I/telpo_native(  775): 00
I/telpo_native(  775): 00
I/telpo_native(  775): 00
I/telpo_native(  775): 00
I/telpo_native(  775): 00
I/telpo_native(  775): 00
I/telpo_native(  775): 00
I/telpo_native(  775): 00
I/telpo_native(  775): ff
I/telpo_native(  775): 90
I/telpo_native(  775): 00
I/telpo_native(  775): 
D/telpo_native(  775): handle_emv_serial_read_write_cmd: parse successfully!
I/telpo_native(  775): handle_emv_serial_read_write_cmd: receive data length is 69
I/telpo_native(  775): 0b
I/telpo_native(  775): b0
I/telpo_native(  775): 96
I/telpo_native(  775): 69
I/telpo_native(  775): 35
I/telpo_native(  775): 00
I/telpo_native(  775): 00
I/telpo_native(  775): 00
I/telpo_native(  775): cb
I/telpo_native(  775): 00
I/telpo_native(  775): 04
I/telpo_native(  775): 01
I/telpo_native(  775): 00
I/telpo_native(  775): 00
I/telpo_native(  775): 00
I/telpo_native(  775): 00
I/telpo_native(  775): 00
I/telpo_native(  775): 00
I/telpo_native(  775): 00
I/telpo_native(  775): 00
I/telpo_native(  775): 2d
I/telpo_native(  775): 00
I/telpo_native(  775): 00
I/telpo_native(  775): 00
I/telpo_native(  775): 77
I/telpo_native(  775): 29
I/telpo_native(  775): 9f
I/telpo_native(  775): 27
I/telpo_native(  775): 01
I/telpo_native(  775): 40
I/telpo_native(  775): 9f
I/telpo_native(  775): 36
I/telpo_native(  775): 02
I/telpo_native(  775): 06
I/telpo_native(  775): ad
I/telpo_native(  775): 9f
I/telpo_native(  775): 26
I/telpo_native(  775): 08
I/telpo_native(  775): 1c
I/telpo_native(  775): 03
I/telpo_native(  775): b0
I/telpo_native(  775): 2f
I/telpo_native(  775): 8d
I/telpo_native(  775): a2
I/telpo_native(  775): 20
I/telpo_native(  775): bb
I/telpo_native(  775): 9f
I/telpo_native(  775): 10
I/telpo_native(  775): 12
I/telpo_native(  775): 01
I/telpo_native(  775): 10
I/telpo_native(  775): 65
I/telpo_native(  775): 00
I/telpo_native(  775): 03
I/telpo_native(  775): 02
I/telpo_native(  775): 00
I/telpo_native(  775): 00
I/telpo_native(  775): 00
I/telpo_native(  775): 00
I/telpo_native(  775): 00
I/telpo_native(  775): 00
I/telpo_native(  775): 00
I/telpo_native(  775): 00
I/telpo_native(  775): 00
I/telpo_native(  775): 00
I/telpo_native(  775): 00
I/telpo_native(  775): ff
I/telpo_native(  775): 90
I/telpo_native(  775): 00
I/telpo_native(  775): 
D/telpo_native(22293): CallIntMethod return ret = 0 length = 69
E/EMV_LIB (22293): Receive APDU:45
E/EMV_LIB (22293): <<< Receive APDU: >>> [45]
E/EMV_LIB (22293): 77 29 9F 27 01 40 9F 36 02 06 AD 9F 26 08 1C 03 B0 2F 8D A2 20 BB 9F 10 12 01 10 65 00 03 02 00 00 00 00 00 00 00 00 00 00 00 FF 90 00 
E/EMV_LIB (22293): Apdu_Generate_AC Res = 1
E/EMV_LIB (22293): CardAct_GenerateAC ret = 1
E/EMV_LIB (22293): Del Tag:0x[9F27]
E/EMV_LIB (22293): Del Tag:0x[9F36]
E/EMV_LIB (22293): Del Tag:0x[9F26]
E/EMV_LIB (22293): Decode: 0x77,Primitive:0
E/EMV_LIB (22293): <<< emv tlv tag Set [0x9F27] >>> [1]
E/EMV_LIB (22293): 40 
E/EMV_LIB (22293): <<< emv tlv tag Set [0x9F36] >>> [2]
E/EMV_LIB (22293): 06 AD 
E/EMV_LIB (22293): <<< emv tlv tag Set [0x9F26] >>> [8]
E/EMV_LIB (22293): 1C 03 B0 2F 8D A2 20 BB 
E/EMV_LIB (22293): <<< emv tlv tag Set [0x9F10] >>> [18]
E/EMV_LIB (22293): 01 10 65 00 03 02 00 00 00 00 00 00 00 00 00 00 00 FF 
E/EMV_LIB (22293): CardAct_DecodeData ret = 1
E/EMV_LIB (22293): <<< emv tlv tag Get [0x9F27] >>> [1]
E/EMV_LIB (22293): 40 
E/EMV_LIB (22293): 0x9F27 [40]
E/EMV_LIB (22293): <<< emv tlv tag Get [0x9F26] >>> [8]
E/EMV_LIB (22293): 1C 03 B0 2F 8D A2 20 BB 
E/EMV_LIB (22293): <<< emv tlv tag Get [0x9F36] >>> [2]
E/EMV_LIB (22293): 06 AD 
E/EMV_LIB (22293): ---- 2nd Generate AC Result Start ----
E/EMV_LIB (22293): Result: TC
E/EMV_LIB (22293): IsAdvice [0]
E/EMV_LIB (22293): IsIssuerAuth_Fail [0]
E/EMV_LIB (22293): IsNoService [0]
E/EMV_LIB (22293): IsPinLimit [0]
E/EMV_LIB (22293): PaySys_CA [0]
E/EMV_LIB (22293): Other [1]
E/EMV_LIB (22293): ---- Generate AC Result End ----
E/EMV_LIB (22293): CardAct_CheckResult ret = 1
E/Telpo EMV Implementation(22293): Start App: RET CODE ==== 1
E/EMV_LIB (22293): remove /data/data/com.interswitchng.interswitchpossdkdemo.telpo.v2.debug/cache/TermCapks : 0
E/EMV_LIB (22293): <<< emv tlv tag Get [0x84] >>> [7]
E/EMV_LIB (22293): A0 00 00 00 04 10 10 
E/EMV_LIB (22293): <<< emv tlv tag Get [0x8F] >>> [1]
E/EMV_LIB (22293): 05 
D/Telpo EMV Implementation(22293): KeyID ===== 5
D/Telpo EMV Implementation(22293): Add CAPK result == 1
D/Telpo EMV Implementation(22293): Selected RID == A000000004
D/Telpo EMV Implementation(22293): Add CAPK result == 1
D/Telpo EMV Implementation(22293): Selected RID == A000000004
D/Telpo EMV Implementation(22293): Add CAPK result == 1
D/Telpo EMV Implementation(22293): Selected RID == A000000004
D/Telpo EMV Implementation(22293): Add CAPK result == 1
D/Telpo EMV Implementation(22293): Selected RID == A000000004
D/Telpo EMV Implementation(22293): Add CAPK result == 1
D/Telpo EMV Implementation(22293): Selected RID == A000000004
D/Telpo EMV Implementation(22293): Add CAPK result == 1
D/Telpo EMV Implementation(22293): Selected RID == A000000004
D/Telpo EMV Implementation(22293): Add CAPK result == 1
D/Telpo EMV Implementation(22293): Selected RID == A000000004
D/Telpo EMV Implementation(22293): Add CAPK result == 1
D/Telpo EMV Implementation(22293): Selected RID == A000000004
D/Telpo EMV Implementation(22293): Add CAPK result == 1
D/Telpo EMV Implementation(22293): Selected RID == A000000004
D/Telpo EMV Implementation(22293): Add CAPK result == 1
D/Telpo EMV Implementation(22293): Selected RID == A000000004
D/Telpo EMV Implementation(22293): Add CAPK result == 1
D/Telpo EMV Implementation(22293): Selected RID == A000000004
D/Telpo EMV Implementation(22293): Add CAPK result == 1
D/Telpo EMV Implementation(22293): Selected RID == A000000004
D/Telpo EMV Implementation(22293): Add CAPK result == 1
D/Telpo EMV Implementation(22293): Selected RID == A000000004
D/Telpo EMV Implementation(22293): Add CAPK result == 1
D/Telpo EMV Implementation(22293): Selected RID == A000000004
D/Telpo EMV Implementation(22293): Add CAPK result == 1
D/Telpo EMV Implementation(22293): Selected RID == A000000004
D/Telpo EMV Implementation(22293): Add CAPK result == 1
D/Telpo EMV Implementation(22293): Selected RID == A000000004
E/Telpo EMV Card Reader Implementation(22293): Result code: 1
D/BatteryMeterView( 2940): not on charging...
D/BatteryMeterView( 2940): onDraw level = 13
D/BatteryMeterView( 2940): not on charging...
D/BatteryMeterView( 2940): not on charging...
D/BatteryMeterView( 2940): onDraw level = 13
D/telpo_native(  775): usb_printer_write data start!
D/telpo_native(  775): usb_printer_write start!
E/telpo_native(  775): ret = 25
D/telpo_native(  775): handle_emv_serial_read_write_cmd: usb write length = 25
E/telpo_native(  775): serial_read:start read
E/telpo_native(  775): serial_read:serial_read read_size = 0
D/telpo_native(  775): handle_emv_serial_read_write_cmd: usb_printer_read length = 20
I/telpo_native(  775): 0b
I/telpo_native(  775): b0
I/telpo_native(  775): 96
I/telpo_native(  775): 69
I/telpo_native(  775): 04
I/telpo_native(  775): 00
I/telpo_native(  775): 00
I/telpo_native(  775): 00
I/telpo_native(  775): cc
I/telpo_native(  775): 00
I/telpo_native(  775): 04
I/telpo_native(  775): 01
I/telpo_native(  775): 00
I/telpo_native(  775): 00
I/telpo_native(  775): 00
I/telpo_native(  775): 00
I/telpo_native(  775): 00
I/telpo_native(  775): 00
I/telpo_native(  775): 00
I/telpo_native(  775): 00
I/telpo_native(  775): 
D/telpo_native(  775): handle_emv_serial_read_write_cmd: parse successfully!
I/telpo_native(  775): handle_emv_serial_read_write_cmd: receive data length is 20
I/telpo_native(  775): 0b
I/telpo_native(  775): b0
I/telpo_native(  775): 96
I/telpo_native(  775): 69
I/telpo_native(  775): 04
I/telpo_native(  775): 00
I/telpo_native(  775): 00
I/telpo_native(  775): 00
I/telpo_native(  775): cc
I/telpo_native(  775): 00
I/telpo_native(  775): 04
I/telpo_native(  775): 01
I/telpo_native(  775): 00
I/telpo_native(  775): 00
I/telpo_native(  775): 00
I/telpo_native(  775): 00
I/telpo_native(  775): 00
I/telpo_native(  775): 00
I/telpo_native(  775): 00
I/telpo_native(  775): 00
I/telpo_native(  775): 
D/telpo_native(22293): CallIntMethod return ret = 0 length = 20
I/WindowManager(  775): Win Window{bff5d73 u0 android}: isVisibleOrBehindKeyguardLw=true
I/WindowManager(  775): Win Window{7989c4a u0 StatusBar}: isVisibleOrBehindKeyguardLw=true
I/WindowManager(  775): Win Window{2894a60e u0 Toast}: isVisibleOrBehindKeyguardLw=true
I/WindowManager(  775): Win Window{313e19d6 u0 com.interswitchng.interswitchpossdkdemo.telpo.v2.debug/com.interswitchng.smartpos.modules.main.MainActivity}: isVisibleOrBehindKeyguardLw=true
V/WindowManager(  775): Fullscreen window: Window{313e19d6 u0 com.interswitchng.interswitchpossdkdemo.telpo.v2.debug/com.interswitchng.smartpos.modules.main.MainActivity}
I/WindowManager(  775): Win Window{1ea30909 u0 com.android.phasebeam.PhaseBeamWallpaper}: isVisibleOrBehindKeyguardLw=false
I/WindowManager(  775): force=false forcefkg=false top=Window{313e19d6 u0 com.interswitchng.interswitchpossdkdemo.telpo.v2.debug/com.interswitchng.smartpos.modules.main.MainActivity}
D/WindowManager(  775): frame: Rect(0, 0 - 720, 1280) shown frame: RectF(0.0, 0.0, 720.0, 1280.0)
D/WindowManager(  775): attr: WM.LayoutParams{(0,0)(fillxfill) sim=#20 ty=1 fl=#81810100 wanim=0x1030467 vsysui=0x600 surfaceInsets=Rect(0, 0 - 0, 0) needsMenuKey=2} lp.flags=0x81810100
V/WindowManager(  775): ** SHOWING status bar: top is not fullscreen
V/WindowManager(  775): finishPostLayoutPolicyLw: mHideKeyguard=false
D/telpo_native(  775): usb_printer_write data start!
D/telpo_native(  775): usb_printer_write start!
E/telpo_native(  775): ret = 25
D/telpo_native(  775): handle_emv_serial_read_write_cmd: usb write length = 25
E/telpo_native(  775): serial_read:start read
E/telpo_native(  775): serial_read:serial_read read_size = 0
D/telpo_native(  775): handle_emv_serial_read_write_cmd: usb_printer_read length = 20
I/telpo_native(  775): 0b
I/telpo_native(  775): b0
I/telpo_native(  775): 96
I/telpo_native(  775): 69
I/telpo_native(  775): 04
I/telpo_native(  775): 00
I/telpo_native(  775): 00
I/telpo_native(  775): 00
I/telpo_native(  775): cd
I/telpo_native(  775): 00
I/telpo_native(  775): 04
I/telpo_native(  775): 01
I/telpo_native(  775): 00
I/telpo_native(  775): 00
I/telpo_native(  775): 00
I/telpo_native(  775): 00
I/telpo_native(  775): 00
I/telpo_native(  775): 00
I/telpo_native(  775): 00
I/telpo_native(  775): 00
I/telpo_native(  775): 
D/telpo_native(  775): handle_emv_serial_read_write_cmd: parse successfully!
I/telpo_native(  775): handle_emv_serial_read_write_cmd: receive data length is 20
I/telpo_native(  775): 0b
I/telpo_native(  775): b0
I/telpo_native(  775): 96
I/telpo_native(  775): 69
I/telpo_native(  775): 04
I/telpo_native(  775): 00
I/telpo_native(  775): 00
I/telpo_native(  775): 00
I/telpo_native(  775): cd
I/telpo_native(  775): 00
I/telpo_native(  775): 04
I/telpo_native(  775): 01
I/telpo_native(  775): 00
I/telpo_native(  775): 00
I/telpo_native(  775): 00
I/telpo_native(  775): 00
I/telpo_native(  775): 00
I/telpo_native(  775): 00
I/telpo_native(  775): 00
I/telpo_native(  775): 00
I/telpo_native(  775): 
D/telpo_native(22293): CallIntMethod return ret = 0 length = 20
D/Telpo EMV Card Reader Implementation(22293): Offline approved
D/Telpo EMV Card Reader Implementation(22293): cardPin-pinData from getTransactionInfo outside the let null
E/EMV_LIB (22293): <<< emv tlv tag Get [0x57] >>> [17]
E/EMV_LIB (22293): 51 99 11 07 54 30 94 55 D2 21 12 21 00 01 97 86 8F 
D/Telpo EMV Card Reader Implementation(22293): cardPin from getTransactionInfo 
E/EMV_LIB (22293): <<< emv tlv tag Get [0x9F02] >>> [6]
E/EMV_LIB (22293): 00 00 00 00 00 01 
E/EMV_LIB (22293): <<< emv tlv tag Get [0x9F03] >>> [6]
E/EMV_LIB (22293): 00 00 00 00 00 00 
E/EMV_LIB (22293): <<< emv tlv tag Get [0x82] >>> [2]
E/EMV_LIB (22293): 39 00 
E/EMV_LIB (22293): <<< emv tlv tag Get [0x9F36] >>> [2]
E/EMV_LIB (22293): 06 AD 
E/EMV_LIB (22293): <<< emv tlv tag Get [0x9F27] >>> [1]
E/EMV_LIB (22293): 40 
E/EMV_LIB (22293): <<< emv tlv tag Get [0x9F26] >>> [8]
E/EMV_LIB (22293): 1C 03 B0 2F 8D A2 20 BB 
E/EMV_LIB (22293): <<< emv tlv tag Get [0x9F34] >>> [3]
E/EMV_LIB (22293): 41 03 02 
E/EMV_LIB (22293): <<< emv tlv tag Get [0x9F10] >>> [18]
E/EMV_LIB (22293): 01 10 65 00 03 02 00 00 00 00 00 00 00 00 00 00 00 FF 
E/EMV_LIB (22293): <<< emv tlv tag Get [0x95] >>> [5]
E/EMV_LIB (22293): 04 80 00 00 00 
E/EMV_LIB (22293): <<< emv tlv tag Get [0x5F2A] >>> [2]
E/EMV_LIB (22293): 05 66 
E/EMV_LIB (22293): <<< emv tlv tag Get [0x5F2A] >>> [2]
E/EMV_LIB (22293): 05 66 
E/EMV_LIB (22293): <<< emv tlv tag Get [0x9F35] >>> [1]
E/EMV_LIB (22293): 22 
E/EMV_LIB (22293): <<< emv tlv tag Get [0x9F33] >>> [3]
E/EMV_LIB (22293): E0 F0 C8 
E/EMV_LIB (22293): <<< emv tlv tag Get [0x9A] >>> [3]
E/EMV_LIB (22293): 20 06 03 
E/EMV_LIB (22293): <<< emv tlv tag Get [0x9C] >>> [1]
E/EMV_LIB (22293): 00 
E/EMV_LIB (22293): <<< emv tlv tag Get [0x9F37] >>> [4]
E/EMV_LIB (22293): B1 98 6F 0C 
E/EMV_LIB (22293): <<< emv tlv tag Get [0x9F26] >>> [8]
E/EMV_LIB (22293): 1C 03 B0 2F 8D A2 20 BB 
E/EMV_LIB (22293): <<< emv tlv tag Get [0x9F27] >>> [1]
E/EMV_LIB (22293): 40 
E/EMV_LIB (22293): <<< emv tlv tag Get [0x9F10] >>> [18]
E/EMV_LIB (22293): 01 10 65 00 03 02 00 00 00 00 00 00 00 00 00 00 00 FF 
E/EMV_LIB (22293): <<< emv tlv tag Get [0x9F37] >>> [4]
E/EMV_LIB (22293): B1 98 6F 0C 
E/EMV_LIB (22293): <<< emv tlv tag Get [0x9F36] >>> [2]
E/EMV_LIB (22293): 06 AD 
E/EMV_LIB (22293): <<< emv tlv tag Get [0x95] >>> [5]
E/EMV_LIB (22293): 04 80 00 00 00 
E/EMV_LIB (22293): <<< emv tlv tag Get [0x9A] >>> [3]
E/EMV_LIB (22293): 20 06 03 
E/EMV_LIB (22293): <<< emv tlv tag Get [0x9C] >>> [1]
E/EMV_LIB (22293): 00 
E/EMV_LIB (22293): <<< emv tlv tag Get [0x9F02] >>> [6]
E/EMV_LIB (22293): 00 00 00 00 00 01 
E/EMV_LIB (22293): <<< emv tlv tag Get [0x5F2A] >>> [2]
E/EMV_LIB (22293): 05 66 
E/EMV_LIB (22293): <<< emv tlv tag Get [0x82] >>> [2]
E/EMV_LIB (22293): 39 00 
E/EMV_LIB (22293): <<< emv tlv tag Get [0x9F1A] >>> [2]
E/EMV_LIB (22293): 05 66 
E/EMV_LIB (22293): <<< emv tlv tag Get [0x9F34] >>> [3]
E/EMV_LIB (22293): 41 03 02 
E/EMV_LIB (22293): <<< emv tlv tag Get [0x9F33] >>> [3]
E/EMV_LIB (22293): E0 F0 C8 
E/EMV_LIB (22293): <<< emv tlv tag Get [0x9F35] >>> [1]
E/EMV_LIB (22293): 22 
E/EMV_LIB (22293): <<< emv tlv tag Get [0x84] >>> [7]
E/EMV_LIB (22293): A0 00 00 00 04 10 10 
E/EMV_LIB (22293): <<< emv tlv tag Get [0x9F09] >>> [2]
E/EMV_LIB (22293): 00 20 
E/EMV_LIB (22293): <<< emv tlv tag Get [0x9F03] >>> [6]
E/EMV_LIB (22293): 00 00 00 00 00 00 
E/EMV_LIB (22293): <<< emv tlv tag Get [0x5F34] >>> [1]
E/EMV_LIB (22293): 00 
E/EMV_LIB (22293): <<< emv tlv tag Get [0x9F09] >>> [2]
E/EMV_LIB (22293): 00 20 
E/EMV_LIB (22293): <<< emv tlv tag Get [0x9F06] >>> [7]
E/EMV_LIB (22293): A0 00 00 00 04 10 10 
E/EMV_LIB (22293): <<< emv tlv tag Get [0x5F34] >>> [1]
E/EMV_LIB (22293): 00 
D/BatteryMeterView( 2940): not on charging...
D/BatteryMeterView( 2940): not on charging...
D/BatteryMeterView( 2940): not on charging...
I/SurfaceFlinger(  262): FPS: 25
D/BatteryMeterView( 2940): onDraw level = 13
D/BatteryMeterView( 2940): onDraw level = 13
D/amount kimono(22293): 1
E/purchaserequest(22293): 000000000001
D/OkHttp  (22293): --> POST https://kimono.interswitchng.com/kmw/kimonoservice http/1.1
D/OkHttp  (22293): Content-Type: text/xml
D/OkHttp  (22293): Content-Length: 1830
D/OkHttp  (22293): Accept: application/xml
D/OkHttp  (22293): Accept-Charset: utf-8
D/OkHttp  (22293): <?xml version="1.0" encoding="UTF-8" ?><purchaseRequest>
D/OkHttp  (22293):            <terminalInformation><batteryInformation>-1</batteryInformation> <currencyCode>566</currencyCode><languageInfo>EN</languageInfo><merchantId>2ISW1234567TEST</merchantId><merhcantLocation>1648C Oko-Awo Street,    Victoria Island</merhcantLocation> <posConditionCode>00</posConditionCode> <posDataCode>511101511344101</posDataCode> <posEntryMode>051</posEntryMode> <posGeoCode>00234000000000566</posGeoCode> <printerStatus>1</printerStatus><terminalId>2ISW0001</terminalId> <terminalType>TELPO</terminalType> <transmissionDate>2020-06-155T17:31:27</transmissionDate> <uniqueId></uniqueId></terminalInformation><cardData><cardSequenceNumber>000</cardSequenceNumber> <track2><pan>5199110754309455</pan> <expiryMonth>11</expiryMonth> <expiryYear>22</expiryYear> <track2>5199110754309455D2211221000197868F</track2></track2><emvData><AmountAuthorized>000000000001</AmountAuthorized> <AmountOther>000000000000</AmountOther> <ApplicationInterchangeProfile>3900</ApplicationInterchangeProfile> <atc>06AD</atc><Cryptogram>1C03B02F8DA220BB</Cryptogram> <CryptogramInformationData>40</CryptogramInformationData> <CvmResults>410302</CvmResults><iad>0110650003020000000000000000000000FF</iad> <TransactionCurrencyCode>566</TransactionCurrencyCode> <TerminalVerificationResult>0480000000</TerminalVerificationResult> <TerminalCountryCode>566</TerminalCountryCode> <TerminalType>22</TerminalType> <TerminalCapabilities>E0F0C8</TerminalCapabilities> <TransactionDate>200603</TransactionDate> <TransactionType>00</TransactionType> <UnpredictableNumber>B1986F0C</UnpredictableNumber> <DedicatedFileName></DedicatedFileName></emvData></cardData><fromAccount>Current</fromAccount> <stan>000008</stan> <minorAmount>1</minorAmount>  <keyLabel>000002</keyLabel></purchaseRequest>
D/OkHttp  (22293):         
D/OkHttp  (22293): --> END POST (1830-byte body)
D/telpo_native(  775): usb_printer_write data start!
D/telpo_native(  775): usb_printer_write start!
E/telpo_native(  775): ret = 25
D/telpo_native(  775): handle_emv_serial_read_write_cmd: usb write length = 25
E/telpo_native(  775): serial_read:start read
E/telpo_native(  775): serial_read:serial_read read_size = 0
D/telpo_native(  775): handle_emv_serial_read_write_cmd: usb_printer_read length = 20
I/telpo_native(  775): 0b
I/telpo_native(  775): b0
I/telpo_native(  775): 96
I/telpo_native(  775): 69
I/telpo_native(  775): 04
I/telpo_native(  775): 00
I/telpo_native(  775): 00
I/telpo_native(  775): 00
I/telpo_native(  775): ce
I/telpo_native(  775): 00
I/telpo_native(  775): 04
I/telpo_native(  775): 01
I/telpo_native(  775): 00
I/telpo_native(  775): 00
I/telpo_native(  775): 00
I/telpo_native(  775): 00
I/telpo_native(  775): 00
I/telpo_native(  775): 00
I/telpo_native(  775): 00
I/telpo_native(  775): 00
I/telpo_native(  775): 
D/telpo_native(  775): handle_emv_serial_read_write_cmd: parse successfully!
I/telpo_native(  775): handle_emv_serial_read_write_cmd: receive data length is 20
I/telpo_native(  775): 0b
I/telpo_native(  775): b0
I/telpo_native(  775): 96
I/telpo_native(  775): 69
I/telpo_native(  775): 04
I/telpo_native(  775): 00
I/telpo_native(  775): 00
I/telpo_native(  775): 00
I/telpo_native(  775): ce
I/telpo_native(  775): 00
I/telpo_native(  775): 04
I/telpo_native(  775): 01
I/telpo_native(  775): 00
I/telpo_native(  775): 00
I/telpo_native(  775): 00
I/telpo_native(  775): 00
I/telpo_native(  775): 00
I/telpo_native(  775): 00
I/telpo_native(  775): 00
I/telpo_native(  775): 00
I/telpo_native(  775): 
D/telpo_native(22293): CallIntMethod return ret = 0 length = 20
D/telpo_native(  775): usb_printer_write data start!
D/telpo_native(  775): usb_printer_write start!
E/telpo_native(  775): ret = 25
D/telpo_native(  775): handle_emv_serial_read_write_cmd: usb write length = 25
E/telpo_native(  775): serial_read:start read
E/telpo_native(  775): serial_read:serial_read read_size = 0
D/telpo_native(  775): handle_emv_serial_read_write_cmd: usb_printer_read length = 20
I/telpo_native(  775): 0b
I/telpo_native(  775): b0
I/telpo_native(  775): 96
I/telpo_native(  775): 69
I/telpo_native(  775): 04
I/telpo_native(  775): 00
I/telpo_native(  775): 00
I/telpo_native(  775): 00
I/telpo_native(  775): cf
I/telpo_native(  775): 00
I/telpo_native(  775): 04
I/telpo_native(  775): 01
I/telpo_native(  775): 00
I/telpo_native(  775): 00
I/telpo_native(  775): 00
I/telpo_native(  775): 00
I/telpo_native(  775): 00
I/telpo_native(  775): 00
I/telpo_native(  775): 00
I/telpo_native(  775): 00
I/telpo_native(  775): 
D/telpo_native(  775): handle_emv_serial_read_write_cmd: parse successfully!
I/telpo_native(  775): handle_emv_serial_read_write_cmd: receive data length is 20
I/telpo_native(  775): 0b
I/telpo_native(  775): b0
I/telpo_native(  775): 96
I/telpo_native(  775): 69
I/telpo_native(  775): 04
I/telpo_native(  775): 00
I/telpo_native(  775): 00
I/telpo_native(  775): 00
I/telpo_native(  775): cf
I/telpo_native(  775): 00
I/telpo_native(  775): 04
I/telpo_native(  775): 01
I/telpo_native(  775): 00
I/telpo_native(  775): 00
I/telpo_native(  775): 00
I/telpo_native(  775): 00
I/telpo_native(  775): 00
I/telpo_native(  775): 00
I/telpo_native(  775): 00
I/telpo_native(  775): 00
I/telpo_native(  775): 
D/telpo_native(22293): CallIntMethod return ret = 0 length = 20
D/wpa_supplicant(17726): wlan0: Control interface command 'SIGNAL_POLL'
D/BatteryMeterView( 2940): not on charging...
D/BatteryMeterView( 2940): not on charging...
D/BatteryMeterView( 2940): not on charging...
D/BatteryMeterView( 2940): onDraw level = 13
D/BatteryMeterView( 2940): onDraw level = 13
I/SurfaceFlinger(  262): FPS: 42
D/telpo_native(  775): usb_printer_write data start!
D/telpo_native(  775): usb_printer_write start!
E/telpo_native(  775): ret = 25
D/telpo_native(  775): handle_emv_serial_read_write_cmd: usb write length = 25
E/telpo_native(  775): serial_read:start read
E/telpo_native(  775): serial_read:serial_read read_size = 0
D/telpo_native(  775): handle_emv_serial_read_write_cmd: usb_printer_read length = 20
I/telpo_native(  775): 0b
I/telpo_native(  775): b0
I/telpo_native(  775): 96
I/telpo_native(  775): 69
I/telpo_native(  775): 04
I/telpo_native(  775): 00
I/telpo_native(  775): 00
I/telpo_native(  775): 00
I/telpo_native(  775): d0
I/telpo_native(  775): 00
I/telpo_native(  775): 04
I/telpo_native(  775): 01
I/telpo_native(  775): 00
I/telpo_native(  775): 00
I/telpo_native(  775): 00
I/telpo_native(  775): 00
I/telpo_native(  775): 00
I/telpo_native(  775): 00
I/telpo_native(  775): 00
I/telpo_native(  775): 00
I/telpo_native(  775): 
D/telpo_native(  775): handle_emv_serial_read_write_cmd: parse successfully!
I/telpo_native(  775): handle_emv_serial_read_write_cmd: receive data length is 20
I/telpo_native(  775): 0b
I/telpo_native(  775): b0
I/telpo_native(  775): 96
I/telpo_native(  775): 69
I/telpo_native(  775): 04
I/telpo_native(  775): 00
I/telpo_native(  775): 00
I/telpo_native(  775): 00
I/telpo_native(  775): d0
I/telpo_native(  775): 00
I/telpo_native(  775): 04
I/telpo_native(  775): 01
I/telpo_native(  775): 00
I/telpo_native(  775): 00
I/telpo_native(  775): 00
I/telpo_native(  775): 00
I/telpo_native(  775): 00
I/telpo_native(  775): 00
I/telpo_native(  775): 00
I/telpo_native(  775): 00
I/telpo_native(  775): 
D/telpo_native(22293): CallIntMethod return ret = 0 length = 20
D/telpo_native(  775): usb_printer_write data start!
D/telpo_native(  775): usb_printer_write start!
E/telpo_native(  775): ret = 25
D/telpo_native(  775): handle_emv_serial_read_write_cmd: usb write length = 25
E/telpo_native(  775): serial_read:start read
E/telpo_native(  775): serial_read:serial_read read_size = 0
D/telpo_native(  775): handle_emv_serial_read_write_cmd: usb_printer_read length = 20
I/telpo_native(  775): 0b
I/telpo_native(  775): b0
I/telpo_native(  775): 96
I/telpo_native(  775): 69
I/telpo_native(  775): 04
I/telpo_native(  775): 00
I/telpo_native(  775): 00
I/telpo_native(  775): 00
I/telpo_native(  775): d1
I/telpo_native(  775): 00
I/telpo_native(  775): 04
I/telpo_native(  775): 01
I/telpo_native(  775): 00
I/telpo_native(  775): 00
I/telpo_native(  775): 00
I/telpo_native(  775): 00
I/telpo_native(  775): 00
I/telpo_native(  775): 00
I/telpo_native(  775): 00
I/telpo_native(  775): 00
I/telpo_native(  775): 
D/telpo_native(  775): handle_emv_serial_read_write_cmd: parse successfully!
I/telpo_native(  775): handle_emv_serial_read_write_cmd: receive data length is 20
I/telpo_native(  775): 0b
I/telpo_native(  775): b0
I/telpo_native(  775): 96
I/telpo_native(  775): 69
I/telpo_native(  775): 04
I/telpo_native(  775): 00
I/telpo_native(  775): 00
I/telpo_native(  775): 00
I/telpo_native(  775): d1
I/telpo_native(  775): 00
I/telpo_native(  775): 04
I/telpo_native(  775): 01
I/telpo_native(  775): 00
I/telpo_native(  775): 00
I/telpo_native(  775): 00
I/telpo_native(  775): 00
I/telpo_native(  775): 00
I/telpo_native(  775): 00
I/telpo_native(  775): 00
I/telpo_native(  775): 00
I/telpo_native(  775): 
D/telpo_native(22293): CallIntMethod return ret = 0 length = 20
I/WindowManager(  775): mDock rect: (0,0 - 720,1280)
V/WindowManager(  775): Status bar: dock=[0,50][720,1280] content=[0,50][720,1280] cur=[0,50][720,1280]
V/WindowManager(  775): layoutWindowLw(): normal window
V/WindowManager(  775): Compute frame : sim=#20 attach=null type=2015 flags=0x01000018 pf=[0,50][720,1280] df=[0,50][720,1280] of=[0,50][720,1280] cf=[0,50][720,1280] vf=[0,50][720,1280] dcf=[0,0][720,1280] sf=[0,50][720,1280]
V/WindowManager(  775): layoutWindowLw(Toast): normal window
V/WindowManager(  775): Compute frame Toast: sim=#20 attach=null type=2005 flags=0x01000098 pf=[0,50][720,1280] df=[0,50][720,1280] of=[0,50][720,1280] cf=[0,50][720,1280] vf=[0,50][720,1280] dcf=[0,0][720,1280] sf=[0,50][720,1280]
V/WindowManager(  775): layoutWindowLw(com.interswitchng.interswitchpossdkdemo.telpo.v2.debug/com.interswitchng.smartpos.modules.main.MainActivity): IN_SCREEN, INSET_DECOR
V/WindowManager(  775): Compute frame com.interswitchng.interswitchpossdkdemo.telpo.v2.debug/com.interswitchng.smartpos.modules.main.MainActivity: sim=#20 attach=null type=1 flags=0x81810100 pf=[0,0][720,1280] df=[0,0][720,1280] of=[0,0][720,1280] cf=[0,50][720,1280] vf=[0,50][720,1280] dcf=[0,0][720,1280] sf=[0,50][720,1280]
I/WindowManager(  775): Win Window{bff5d73 u0 android}: isVisibleOrBehindKeyguardLw=true
I/WindowManager(  775): Win Window{7989c4a u0 StatusBar}: isVisibleOrBehindKeyguardLw=true
I/WindowManager(  775): Win Window{2894a60e u0 Toast EXITING}: isVisibleOrBehindKeyguardLw=false
I/WindowManager(  775): Win Window{313e19d6 u0 com.interswitchng.interswitchpossdkdemo.telpo.v2.debug/com.interswitchng.smartpos.modules.main.MainActivity}: isVisibleOrBehindKeyguardLw=true
V/WindowManager(  775): Fullscreen window: Window{313e19d6 u0 com.interswitchng.interswitchpossdkdemo.telpo.v2.debug/com.interswitchng.smartpos.modules.main.MainActivity}
I/WindowManager(  775): Win Window{1ea30909 u0 com.android.phasebeam.PhaseBeamWallpaper}: isVisibleOrBehindKeyguardLw=false
I/WindowManager(  775): force=false forcefkg=false top=Window{313e19d6 u0 com.interswitchng.interswitchpossdkdemo.telpo.v2.debug/com.interswitchng.smartpos.modules.main.MainActivity}
D/WindowManager(  775): frame: Rect(0, 0 - 720, 1280) shown frame: RectF(0.0, 0.0, 720.0, 1280.0)
D/WindowManager(  775): attr: WM.LayoutParams{(0,0)(fillxfill) sim=#20 ty=1 fl=#81810100 wanim=0x1030467 vsysui=0x600 surfaceInsets=Rect(0, 0 - 0, 0) needsMenuKey=2} lp.flags=0x81810100
V/WindowManager(  775): ** SHOWING status bar: top is not fullscreen
V/WindowManager(  775): finishPostLayoutPolicyLw: mHideKeyguard=false
I/SurfaceFlinger(  262): FPS: 3
D/telpo_native(  775): usb_printer_write data start!
D/telpo_native(  775): usb_printer_write start!
E/telpo_native(  775): ret = 25
D/telpo_native(  775): handle_emv_serial_read_write_cmd: usb write length = 25
D/BatteryMeterView( 2940): not on charging...
D/BatteryMeterView( 2940): not on charging...
