D/MSimSignalClusterView( 2940): mobile[0]: VISIBLE sig=2130838329 type=0
D/MSimSignalClusterView( 2940): wifi: VISIBLE sig=2130838352 act=2130838343
D/MSimSignalClusterView( 2940): mobile[0]: VISIBLE sig=2130838329 type=0
D/MSimSignalClusterView( 2940): wifi: VISIBLE sig=2130838352 act=2130838343
D/MSimSignalClusterView( 2940): mobile[0]: VISIBLE sig=2130838329 type=0
D/MSimSignalClusterView( 2940): wifi: VISIBLE sig=2130838352 act=2130838343
D/MSimSignalClusterView( 2940): mobile[1]: VISIBLE sig=2130838329 type=0
D/StatusBar.MSimNetworkController( 2940): refreshSignalCluster, mMSimPhoneSignalIconId[0]=com.android.systemui:drawable/stat_sys_signal_null mMSimDataSignalIconId[0]=com.android.systemui:drawable/stat_sys_signal_null mMSimDataTypeIconId[0]=(null) mMSimMobileActivityIconId[0]=(null) mNoMSimIconId[0]=com.android.systemui:drawable/ic_qs_no_sim
D/MSimSignalClusterView( 2940): wifi: VISIBLE sig=2130838352 act=2130838343
D/MSimSignalClusterView( 2940): mobile[0]: VISIBLE sig=2130838329 type=0
D/MSimSignalClusterView( 2940): wifi: VISIBLE sig=2130838352 act=2130838343
D/MSimSignalClusterView( 2940): mobile[1]: VISIBLE sig=2130838329 type=0
D/MSimSignalClusterView( 2940): wifi: VISIBLE sig=2130838352 act=2130838343
D/MSimSignalClusterView( 2940): mobile[0]: VISIBLE sig=2130838329 type=0
D/MSimSignalClusterView( 2940): wifi: VISIBLE sig=2130838352 act=2130838343
D/MSimSignalClusterView( 2940): mobile[0]: VISIBLE sig=2130838329 type=0
D/MSimSignalClusterView( 2940): wifi: VISIBLE sig=2130838352 act=2130838343
D/MSimSignalClusterView( 2940): mobile[0]: VISIBLE sig=2130838329 type=0
D/MSimSignalClusterView( 2940): wifi: VISIBLE sig=2130838352 act=2130838343
D/MSimSignalClusterView( 2940): mobile[1]: VISIBLE sig=2130838329 type=0
D/StatusBar.MSimNetworkController( 2940): refreshSignalCluster, mMSimPhoneSignalIconId[0]=com.android.systemui:drawable/stat_sys_signal_null mMSimDataSignalIconId[0]=com.android.systemui:drawable/stat_sys_signal_null mMSimDataTypeIconId[0]=(null) mMSimMobileActivityIconId[0]=(null) mNoMSimIconId[0]=com.android.systemui:drawable/ic_qs_no_sim
D/MSimSignalClusterView( 2940): wifi: VISIBLE sig=2130838352 act=2130838343
D/MSimSignalClusterView( 2940): mobile[0]: VISIBLE sig=2130838329 type=0
D/MSimSignalClusterView( 2940): wifi: VISIBLE sig=2130838352 act=2130838343
D/MSimSignalClusterView( 2940): mobile[1]: VISIBLE sig=2130838329 type=0
D/MSimSignalClusterView( 2940): wifi: VISIBLE sig=2130838352 act=2130838343
D/MSimSignalClusterView( 2940): mobile[0]: VISIBLE sig=2130838329 type=0
D/MSimSignalClusterView( 2940): wifi: VISIBLE sig=2130838352 act=2130838343
D/MSimSignalClusterView( 2940): mobile[0]: VISIBLE sig=2130838329 type=0
D/MSimSignalClusterView( 2940): wifi: VISIBLE sig=2130838352 act=2130838343
D/MSimSignalClusterView( 2940): mobile[0]: VISIBLE sig=2130838329 type=0
D/MSimSignalClusterView( 2940): wifi: VISIBLE sig=2130838352 act=2130838343
D/MSimSignalClusterView( 2940): mobile[1]: VISIBLE sig=2130838329 type=0
D/StatusBar.MSimNetworkController( 2940): refreshSignalCluster, mMSimPhoneSignalIconId[0]=com.android.systemui:drawable/stat_sys_signal_null mMSimDataSignalIconId[0]=com.android.systemui:drawable/stat_sys_signal_null mMSimDataTypeIconId[0]=(null) mMSimMobileActivityIconId[0]=(null) mNoMSimIconId[0]=com.android.systemui:drawable/ic_qs_no_sim
D/BatteryMeterView( 2940): onDraw level = 73
I/SurfaceFlinger(  262): FPS: 58
D/PhoneStatusBar( 2940): disable: < expand ICONS alerts SYSTEM_INFO back HOME RECENT clock SEARCH >
I/WindowManager(  775): Win Window{bff5d73 u0 android}: isVisibleOrBehindKeyguardLw=true
I/WindowManager(  775): Win Window{7989c4a u0 StatusBar}: isVisibleOrBehindKeyguardLw=true
I/WindowManager(  775): Win Window{1ea30909 u0 com.android.phasebeam.PhaseBeamWallpaper}: isVisibleOrBehindKeyguardLw=true
I/WindowManager(  775): Win Window{102a1dde u0 com.android.settings/com.android.settings.SubSettings$WifiSubSettings}: isVisibleOrBehindKeyguardLw=true
V/WindowManager(  775): Fullscreen window: Window{102a1dde u0 com.android.settings/com.android.settings.SubSettings$WifiSubSettings}
I/WindowManager(  775): force=false forcefkg=true top=Window{102a1dde u0 com.android.settings/com.android.settings.SubSettings$WifiSubSettings}
V/WindowManager(  775): Showing status bar: forced
V/WindowManager(  775): finishPostLayoutPolicyLw: mHideKeyguard=false
D/WindowManager(  775): PWM.startKeyguardExitAnimation
I/WindowManager(  775): mDock rect: (0,0 - 720,1280)
V/WindowManager(  775): Status bar: dock=[0,50][720,1280] content=[0,50][720,1280] cur=[0,50][720,1280]
V/WindowManager(  775): layoutWindowLw(): normal window
V/WindowManager(  775): Compute frame : sim=#20 attach=null type=2015 flags=0x01000018 pf=[0,50][720,1280] df=[0,50][720,1280] of=[0,50][720,1280] cf=[0,50][720,1280] vf=[0,50][720,1280] dcf=[0,0][720,1280] sf=[0,50][720,1280]
V/WindowManager(  775): Compute frame StatusBar: sim=#10 attach=null type=2000 flags=0x81960040 pf=[0,0][720,1280] df=[0,0][720,1280] of=[0,0][720,1280] cf=[0,50][720,1280] vf=[0,50][720,1280] dcf=[0,0][0,0] sf=[0,50][720,1280]
V/WindowManager(  775): layoutWindowLw(com.android.settings/com.android.settings.SubSettings$WifiSubSettings): IN_SCREEN, INSET_DECOR
V/WindowManager(  775): Compute frame com.android.settings/com.android.settings.SubSettings$WifiSubSettings: sim=#110 attach=null type=1 flags=0x81810100 pf=[0,0][720,1280] df=[0,0][720,1280] of=[0,0][720,1280] cf=[0,50][720,1280] vf=[0,50][720,1280] dcf=[0,0][720,1280] sf=[0,50][720,1280]
V/WindowManager(  775): layoutWindowLw(com.android.phasebeam.PhaseBeamWallpaper): IN_SCREEN
V/WindowManager(  775): Compute frame com.android.phasebeam.PhaseBeamWallpaper: sim=#0 attach=null type=2013 flags=0x00000308 pf=[0,0][720,1280] df=[-10000,-10000][10000,10000] of=[0,0][720,1280] cf=[0,0][720,1280] vf=[0,50][720,1280] dcf=[0,0][720,1280] sf=[0,50][720,1280]
I/WindowManager(  775): Win Window{bff5d73 u0 android}: isVisibleOrBehindKeyguardLw=true
I/WindowManager(  775): Win Window{7989c4a u0 StatusBar}: isVisibleOrBehindKeyguardLw=true
I/WindowManager(  775): Win Window{102a1dde u0 com.android.settings/com.android.settings.SubSettings$WifiSubSettings}: isVisibleOrBehindKeyguardLw=true
V/WindowManager(  775): Fullscreen window: Window{102a1dde u0 com.android.settings/com.android.settings.SubSettings$WifiSubSettings}
I/WindowManager(  775): Win Window{1ea30909 u0 com.android.phasebeam.PhaseBeamWallpaper}: isVisibleOrBehindKeyguardLw=true
I/WindowManager(  775): force=false forcefkg=true top=Window{102a1dde u0 com.android.settings/com.android.settings.SubSettings$WifiSubSettings}
V/WindowManager(  775): Showing status bar: forced
V/WindowManager(  775): finishPostLayoutPolicyLw: mHideKeyguard=false
I/WindowManager(  775): mDock rect: (0,0 - 720,1280)
V/WindowManager(  775): Status bar: dock=[0,50][720,1280] content=[0,50][720,1280] cur=[0,50][720,1280]
V/WindowManager(  775): layoutWindowLw(): normal window
V/WindowManager(  775): Compute frame : sim=#20 attach=null type=2015 flags=0x01000018 pf=[0,50][720,1280] df=[0,50][720,1280] of=[0,50][720,1280] cf=[0,50][720,1280] vf=[0,50][720,1280] dcf=[0,0][720,1280] sf=[0,50][720,1280]
V/WindowManager(  775): Compute frame StatusBar: sim=#10 attach=null type=2000 flags=0x81960040 pf=[0,0][720,1280] df=[0,0][720,1280] of=[0,0][720,1280] cf=[0,50][720,1280] vf=[0,50][720,1280] dcf=[0,0][0,0] sf=[0,50][720,1280]
V/WindowManager(  775): layoutWindowLw(com.android.settings/com.android.settings.SubSettings$WifiSubSettings): IN_SCREEN, INSET_DECOR
V/WindowManager(  775): Compute frame com.android.settings/com.android.settings.SubSettings$WifiSubSettings: sim=#110 attach=null type=1 flags=0x81810100 pf=[0,0][720,1280] df=[0,0][720,1280] of=[0,0][720,1280] cf=[0,50][720,1280] vf=[0,50][720,1280] dcf=[0,0][720,1280] sf=[0,50][720,1280]
V/WindowManager(  775): layoutWindowLw(com.android.phasebeam.PhaseBeamWallpaper): IN_SCREEN
V/WindowManager(  775): Compute frame com.android.phasebeam.PhaseBeamWallpaper: sim=#0 attach=null type=2013 flags=0x00000308 pf=[0,0][720,1280] df=[-10000,-10000][10000,10000] of=[0,0][720,1280] cf=[0,0][720,1280] vf=[0,50][720,1280] dcf=[0,0][720,1280] sf=[0,50][720,1280]
I/WindowManager(  775): Win Window{bff5d73 u0 android}: isVisibleOrBehindKeyguardLw=true
I/WindowManager(  775): Win Window{7989c4a u0 StatusBar}: isVisibleOrBehindKeyguardLw=true
I/WindowManager(  775): Win Window{102a1dde u0 com.android.settings/com.android.settings.SubSettings$WifiSubSettings}: isVisibleOrBehindKeyguardLw=true
V/WindowManager(  775): Fullscreen window: Window{102a1dde u0 com.android.settings/com.android.settings.SubSettings$WifiSubSettings}
I/WindowManager(  775): Win Window{1ea30909 u0 com.android.phasebeam.PhaseBeamWallpaper}: isVisibleOrBehindKeyguardLw=true
I/WindowManager(  775): force=false forcefkg=true top=Window{102a1dde u0 com.android.settings/com.android.settings.SubSettings$WifiSubSettings}
V/WindowManager(  775): Showing status bar: forced
V/WindowManager(  775): finishPostLayoutPolicyLw: mHideKeyguard=false
E/AudioPolicyManager(  301): unknown stream type 13
E/AudioPolicyManager(  301): unknown stream type 13
E/AudioPolicyManager(  301): unknown stream type 13
E/AudioPolicyManager(  301): unknown stream type 13
E/AudioPolicyManager(  301): unknown stream type 13
E/AudioPolicyManager(  301): unknown stream type 13
E/AudioPolicyManager(  301): unknown stream type 13
E/AudioPolicyManager(  301): unknown stream type 13
E/AudioPolicyManager(  301): unknown stream type 13
I/WindowManager(  775): mDock rect: (0,0 - 720,1280)
V/WindowManager(  775): Status bar: dock=[0,50][720,1280] content=[0,50][720,1280] cur=[0,50][720,1280]
V/WindowManager(  775): layoutWindowLw(): normal window
V/WindowManager(  775): Compute frame : sim=#20 attach=null type=2015 flags=0x01000018 pf=[0,50][720,1280] df=[0,50][720,1280] of=[0,50][720,1280] cf=[0,50][720,1280] vf=[0,50][720,1280] dcf=[0,0][720,1280] sf=[0,50][720,1280]
V/WindowManager(  775): Compute frame StatusBar: sim=#10 attach=null type=2000 flags=0x81960040 pf=[0,0][720,1280] df=[0,0][720,1280] of=[0,0][720,1280] cf=[0,50][720,1280] vf=[0,50][720,1280] dcf=[0,0][0,0] sf=[0,50][720,1280]
V/WindowManager(  775): layoutWindowLw(com.android.settings/com.android.settings.SubSettings$WifiSubSettings): IN_SCREEN, INSET_DECOR
V/WindowManager(  775): Compute frame com.android.settings/com.android.settings.SubSettings$WifiSubSettings: sim=#110 attach=null type=1 flags=0x81810100 pf=[0,0][720,1280] df=[0,0][720,1280] of=[0,0][720,1280] cf=[0,50][720,1280] vf=[0,50][720,1280] dcf=[0,0][720,1280] sf=[0,50][720,1280]
V/WindowManager(  775): layoutWindowLw(com.android.phasebeam.PhaseBeamWallpaper): IN_SCREEN
V/WindowManager(  775): Compute frame com.android.phasebeam.PhaseBeamWallpaper: sim=#0 attach=null type=2013 flags=0x00000308 pf=[0,0][720,1280] df=[-10000,-10000][10000,10000] of=[0,0][720,1280] cf=[0,0][720,1280] vf=[0,50][720,1280] dcf=[0,0][720,1280] sf=[0,50][720,1280]
I/WindowManager(  775): Win Window{bff5d73 u0 android}: isVisibleOrBehindKeyguardLw=true
I/WindowManager(  775): Win Window{7989c4a u0 StatusBar}: isVisibleOrBehindKeyguardLw=true
I/WindowManager(  775): Win Window{102a1dde u0 com.android.settings/com.android.settings.SubSettings$WifiSubSettings}: isVisibleOrBehindKeyguardLw=true
V/WindowManager(  775): Fullscreen window: Window{102a1dde u0 com.android.settings/com.android.settings.SubSettings$WifiSubSettings}
I/WindowManager(  775): Win Window{1ea30909 u0 com.android.phasebeam.PhaseBeamWallpaper}: isVisibleOrBehindKeyguardLw=true
D/audio_hw_primary(  301): start_output_stream: enter: stream(0xb79f3180)usecase(1: low-latency-playback) devices(0x2)
D/audio_hw_primary(  301): select_devices: out_snd_device(2: speaker) in_snd_device(0: )
D/hardware_info(  301): hw_info_append_hw_type : device_name = speaker
I/WindowManager(  775): force=false forcefkg=true top=Window{102a1dde u0 com.android.settings/com.android.settings.SubSettings$WifiSubSettings}
I/soundtrigger(  301): audio_extn_sound_trigger_update_device_status: device 0x2 of type 0 for Event 1, with Raise=0
V/WindowManager(  775): Showing status bar: forced
V/WindowManager(  775): finishPostLayoutPolicyLw: mHideKeyguard=false
D/PhoneStatusBar( 2940): disable: < expand icons* alerts system_info* back HOME RECENT clock SEARCH >
W/audio_hw_utils(  301): audio_extn_utils_update_stream_app_type_cfg: App type could not be selected. Falling back to default
I/audio_hw_primary(  301): select_devices Selected apptype: 69936
D/soundtrigger(  301): audio_extn_sound_trigger_update_stream_status: uc_id 1 of type 0 for Event 3, with Raise=0
D/ACDB-LOADER(  301): ACDB -> send_audio_cal, acdb_id = 14, path =  0
D/ACDB-LOADER(  301): ACDB -> send_asm_topology
D/ACDB-LOADER(  301): ACDB -> ACDB_CMD_GET_AUDPROC_STREAM_TOPOLOGY_ID
D/ACDB-LOADER(  301): ACDB -> send_adm_topology
D/ACDB-LOADER(  301): ACDB -> ACDB_CMD_GET_AUDPROC_COMMON_TOPOLOGY_ID
D/ACDB-LOADER(  301): ACDB -> send_audtable
D/ACDB-LOADER(  301): ACDB -> ACDB_CMD_GET_AUDPROC_COMMON_TABLE
D/ACDB-LOADER(  301): ACDB -> AUDIO_SET_AUDPROC_CAL
D/ACDB-LOADER(  301): ACDB -> send_audvoltable
D/ACDB-LOADER(  301): ACDB -> ACDB_CMD_GET_AUDPROC_GAIN_DEP_STEP_TABLE
D/ACDB-LOADER(  301): ACDB -> AUDIO_SET_AUDPROC_VOL_CAL
D/ACDB-LOADER(  301): ACDB -> send_afe_cal
D/ACDB-LOADER(  301): ACDB -> ACDB_CMD_GET_AFE_COMMON_TABLE
D/ACDB-LOADER(  301): ACDB -> AUDIO_SET_AFE_CAL
D/ACDB-LOADER(  301): ACDB -> send_hw_delay : acdb_id = 14 path = 0
D/ACDB-LOADER(  301): ACDB -> ACDB_AVSYNC_INFO: ACDB_CMD_GET_DEVICE_PROPERTY
I/audio_hw_utils(  301): audio_extn_utils_send_app_type_cfg app_type 69936, acdb_dev_id 14, sample_rate 48000
D/audio_hw_primary(  301): select_devices: done
I/WindowManager(  775): mDock rect: (0,0 - 720,1280)
V/WindowManager(  775): Status bar: dock=[0,50][720,1280] content=[0,50][720,1280] cur=[0,50][720,1280]
V/WindowManager(  775): layoutWindowLw(): normal window
V/WindowManager(  775): Compute frame : sim=#20 attach=null type=2015 flags=0x01000018 pf=[0,50][720,1280] df=[0,50][720,1280] of=[0,50][720,1280] cf=[0,50][720,1280] vf=[0,50][720,1280] dcf=[0,0][720,1280] sf=[0,50][720,1280]
V/WindowManager(  775): Compute frame StatusBar: sim=#10 attach=null type=2000 flags=0x81960040 pf=[0,0][720,1280] df=[0,0][720,1280] of=[0,0][720,1280] cf=[0,50][720,1280] vf=[0,50][720,1280] dcf=[0,0][0,0] sf=[0,50][720,1280]
V/WindowManager(  775): layoutWindowLw(com.android.settings/com.android.settings.SubSettings$WifiSubSettings): IN_SCREEN, INSET_DECOR
V/WindowManager(  775): Compute frame com.android.settings/com.android.settings.SubSettings$WifiSubSettings: sim=#110 attach=null type=1 flags=0x81810100 pf=[0,0][720,1280] df=[0,0][720,1280] of=[0,0][720,1280] cf=[0,50][720,1280] vf=[0,50][720,1280] dcf=[0,0][720,1280] sf=[0,50][720,1280]
V/WindowManager(  775): layoutWindowLw(com.android.phasebeam.PhaseBeamWallpaper): IN_SCREEN
V/WindowManager(  775): Compute frame com.android.phasebeam.PhaseBeamWallpaper: sim=#0 attach=null type=2013 flags=0x00000308 pf=[0,0][720,1280] df=[-10000,-10000][10000,10000] of=[0,0][720,1280] cf=[0,0][720,1280] vf=[0,50][720,1280] dcf=[0,0][720,1280] sf=[0,50][720,1280]
I/WindowManager(  775): Win Window{bff5d73 u0 android}: isVisibleOrBehindKeyguardLw=true
I/WindowManager(  775): Win Window{7989c4a u0 StatusBar}: isVisibleOrBehindKeyguardLw=true
I/WindowManager(  775): Win Window{102a1dde u0 com.android.settings/com.android.settings.SubSettings$WifiSubSettings}: isVisibleOrBehindKeyguardLw=true
V/WindowManager(  775): Fullscreen window: Window{102a1dde u0 com.android.settings/com.android.settings.SubSettings$WifiSubSettings}
I/WindowManager(  775): Win Window{1ea30909 u0 com.android.phasebeam.PhaseBeamWallpaper}: isVisibleOrBehindKeyguardLw=true
I/WindowManager(  775): force=false forcefkg=true top=Window{102a1dde u0 com.android.settings/com.android.settings.SubSettings$WifiSubSettings}
V/WindowManager(  775): Showing status bar: forced
V/WindowManager(  775): finishPostLayoutPolicyLw: mHideKeyguard=false
D/BluetoothAdapter( 2940): 409945778: getState() :  mService = null. Returning STATE_OFF
D/BluetoothAdapter( 2940): 409945778: getState() :  mService = null. Returning STATE_OFF
I/WindowManager(  775): Win Window{bff5d73 u0 android}: isVisibleOrBehindKeyguardLw=true
I/WindowManager(  775): Win Window{7989c4a u0 StatusBar}: isVisibleOrBehindKeyguardLw=true
I/WindowManager(  775): Win Window{102a1dde u0 com.android.settings/com.android.settings.SubSettings$WifiSubSettings}: isVisibleOrBehindKeyguardLw=true
V/WindowManager(  775): Fullscreen window: Window{102a1dde u0 com.android.settings/com.android.settings.SubSettings$WifiSubSettings}
I/WindowManager(  775): Win Window{1ea30909 u0 com.android.phasebeam.PhaseBeamWallpaper}: isVisibleOrBehindKeyguardLw=true
I/WindowManager(  775): force=false forcefkg=true top=Window{102a1dde u0 com.android.settings/com.android.settings.SubSettings$WifiSubSettings}
V/WindowManager(  775): Showing status bar: forced
V/WindowManager(  775): finishPostLayoutPolicyLw: mHideKeyguard=false
I/WindowManager(  775): mDock rect: (0,0 - 720,1280)
V/WindowManager(  775): Status bar: dock=[0,50][720,1280] content=[0,50][720,1280] cur=[0,50][720,1280]
V/WindowManager(  775): layoutWindowLw(): normal window
V/WindowManager(  775): Compute frame : sim=#20 attach=null type=2015 flags=0x01000018 pf=[0,50][720,1280] df=[0,50][720,1280] of=[0,50][720,1280] cf=[0,50][720,1280] vf=[0,50][720,1280] dcf=[0,0][720,1280] sf=[0,50][720,1280]
V/WindowManager(  775): Compute frame StatusBar: sim=#10 attach=null type=2000 flags=0x81960040 pf=[0,0][720,1280] df=[0,0][720,1280] of=[0,0][720,1280] cf=[0,50][720,1280] vf=[0,50][720,1280] dcf=[0,0][0,0] sf=[0,50][720,1280]
V/WindowManager(  775): layoutWindowLw(com.android.settings/com.android.settings.SubSettings$WifiSubSettings): IN_SCREEN, INSET_DECOR
V/WindowManager(  775): Compute frame com.android.settings/com.android.settings.SubSettings$WifiSubSettings: sim=#110 attach=null type=1 flags=0x81810100 pf=[0,0][720,1280] df=[0,0][720,1280] of=[0,0][720,1280] cf=[0,50][720,1280] vf=[0,50][720,1280] dcf=[0,0][720,1280] sf=[0,50][720,1280]
V/WindowManager(  775): layoutWindowLw(com.android.phasebeam.PhaseBeamWallpaper): IN_SCREEN
V/WindowManager(  775): Compute frame com.android.phasebeam.PhaseBeamWallpaper: sim=#0 attach=null type=2013 flags=0x00000308 pf=[0,0][720,1280] df=[-10000,-10000][10000,10000] of=[0,0][720,1280] cf=[0,0][720,1280] vf=[0,50][720,1280] dcf=[0,0][720,1280] sf=[0,50][720,1280]
I/WindowManager(  775): Win Window{bff5d73 u0 android}: isVisibleOrBehindKeyguardLw=true
I/WindowManager(  775): Win Window{7989c4a u0 StatusBar}: isVisibleOrBehindKeyguardLw=true
I/WindowManager(  775): Win Window{102a1dde u0 com.android.settings/com.android.settings.SubSettings$WifiSubSettings}: isVisibleOrBehindKeyguardLw=true
V/WindowManager(  775): Fullscreen window: Window{102a1dde u0 com.android.settings/com.android.settings.SubSettings$WifiSubSettings}
I/WindowManager(  775): Win Window{1ea30909 u0 com.android.phasebeam.PhaseBeamWallpaper}: isVisibleOrBehindKeyguardLw=true
I/WindowManager(  775): force=false forcefkg=true top=Window{102a1dde u0 com.android.settings/com.android.settings.SubSettings$WifiSubSettings}
V/WindowManager(  775): Showing status bar: forced
V/WindowManager(  775): finishPostLayoutPolicyLw: mHideKeyguard=false
I/WindowManager(  775): mDock rect: (0,0 - 720,1280)
V/WindowManager(  775): Status bar: dock=[0,50][720,1280] content=[0,50][720,1280] cur=[0,50][720,1280]
V/WindowManager(  775): layoutWindowLw(): normal window
V/WindowManager(  775): Compute frame : sim=#20 attach=null type=2015 flags=0x01000018 pf=[0,50][720,1280] df=[0,50][720,1280] of=[0,50][720,1280] cf=[0,50][720,1280] vf=[0,50][720,1280] dcf=[0,0][720,1280] sf=[0,50][720,1280]
V/WindowManager(  775): layoutWindowLw(com.android.settings/com.android.settings.SubSettings$WifiSubSettings): IN_SCREEN, INSET_DECOR
V/WindowManager(  775): Compute frame com.android.settings/com.android.settings.SubSettings$WifiSubSettings: sim=#110 attach=null type=1 flags=0x81810100 pf=[0,0][720,1280] df=[0,0][720,1280] of=[0,0][720,1280] cf=[0,50][720,1280] vf=[0,50][720,1280] dcf=[0,0][720,1280] sf=[0,50][720,1280]
V/WindowManager(  775): layoutWindowLw(com.android.phasebeam.PhaseBeamWallpaper): IN_SCREEN
V/WindowManager(  775): Compute frame com.android.phasebeam.PhaseBeamWallpaper: sim=#0 attach=null type=2013 flags=0x00000308 pf=[0,0][720,1280] df=[-10000,-10000][10000,10000] of=[0,0][720,1280] cf=[0,0][720,1280] vf=[0,50][720,1280] dcf=[0,0][720,1280] sf=[0,50][720,1280]
I/WindowManager(  775): Win Window{bff5d73 u0 android}: isVisibleOrBehindKeyguardLw=true
I/WindowManager(  775): Win Window{7989c4a u0 StatusBar}: isVisibleOrBehindKeyguardLw=true
I/WindowManager(  775): Win Window{102a1dde u0 com.android.settings/com.android.settings.SubSettings$WifiSubSettings}: isVisibleOrBehindKeyguardLw=true
V/WindowManager(  775): Fullscreen window: Window{102a1dde u0 com.android.settings/com.android.settings.SubSettings$WifiSubSettings}
I/WindowManager(  775): Win Window{1ea30909 u0 com.android.phasebeam.PhaseBeamWallpaper}: isVisibleOrBehindKeyguardLw=true
I/WindowManager(  775): force=false forcefkg=false top=Window{102a1dde u0 com.android.settings/com.android.settings.SubSettings$WifiSubSettings}
D/WindowManager(  775): frame: Rect(0, 0 - 720, 1280) shown frame: RectF(0.0, 1407.9688, 720.0, 2687.9688)
D/WindowManager(  775): attr: WM.LayoutParams{(0,0)(fillxfill) sim=#110 ty=1 fl=#81810100 wanim=0x1030467 vsysui=0x600 surfaceInsets=Rect(0, 0 - 0, 0) needsMenuKey=2} lp.flags=0x81810100
V/WindowManager(  775): ** SHOWING status bar: top is not fullscreen
V/WindowManager(  775): finishPostLayoutPolicyLw: mHideKeyguard=false
D/BatteryMeterView( 2940): onDraw level = 33
D/PhoneStatusBar( 2940): disable: < expand icons alerts system_info back home* recent* clock search* >
I/Authzen (17955): [DeviceStateSyncManager] The server is in sync with current state. Nothing to do
I/DeviceCache(17955): Unable to convert the the network interface's MAC Address to string. MAC address cannot be null.
I/DeviceCache(17955): Unable to convert the the network interface's MAC Address to string. MAC address cannot be null.
D/Index   ( 9713): Deleting data for locale 'en_US' took 20 millis
I/DeviceCache(17955): Unable to convert the the network interface's MAC Address to string. MAC address cannot be null.
I/DeviceCache(17955): Unable to convert the the network interface's MAC Address to string. MAC address cannot be null.
I/DeviceCache(17955): Unable to convert the the network interface's MAC Address to string. MAC address cannot be null.
I/WindowManager(  775): mDock rect: (0,0 - 720,1280)
V/WindowManager(  775): Status bar: dock=[0,50][720,1280] content=[0,50][720,1280] cur=[0,50][720,1280]
V/WindowManager(  775): layoutWindowLw(): normal window
V/WindowManager(  775): Compute frame : sim=#20 attach=null type=2015 flags=0x01000018 pf=[0,50][720,1280] df=[0,50][720,1280] of=[0,50][720,1280] cf=[0,50][720,1280] vf=[0,50][720,1280] dcf=[0,0][720,1280] sf=[0,50][720,1280]
V/WindowManager(  775): layoutWindowLw(com.android.settings/com.android.settings.SubSettings$WifiSubSettings): IN_SCREEN, INSET_DECOR
V/WindowManager(  775): Compute frame com.android.settings/com.android.settings.SubSettings$WifiSubSettings: sim=#110 attach=null type=1 flags=0x81810100 pf=[0,0][720,1280] df=[0,0][720,1280] of=[0,0][720,1280] cf=[0,50][720,1280] vf=[0,50][720,1280] dcf=[0,0][720,1280] sf=[0,50][720,1280]
V/WindowManager(  775): layoutWindowLw(com.android.phasebeam.PhaseBeamWallpaper): IN_SCREEN
I/DeviceCache(17955): Unable to convert the the network interface's MAC Address to string. MAC address cannot be null.
V/WindowManager(  775): Compute frame com.android.phasebeam.PhaseBeamWallpaper: sim=#0 attach=null type=2013 flags=0x00000308 pf=[0,0][720,1280] df=[-10000,-10000][10000,10000] of=[0,0][720,1280] cf=[0,0][720,1280] vf=[0,50][720,1280] dcf=[0,0][720,1280] sf=[0,50][720,1280]
I/WindowManager(  775): Win Window{bff5d73 u0 android}: isVisibleOrBehindKeyguardLw=true
I/WindowManager(  775): Win Window{7989c4a u0 StatusBar}: isVisibleOrBehindKeyguardLw=true
I/WindowManager(  775): Win Window{102a1dde u0 com.android.settings/com.android.settings.SubSettings$WifiSubSettings}: isVisibleOrBehindKeyguardLw=true
V/WindowManager(  775): Fullscreen window: Window{102a1dde u0 com.android.settings/com.android.settings.SubSettings$WifiSubSettings}
I/WindowManager(  775): Win Window{1ea30909 u0 com.android.phasebeam.PhaseBeamWallpaper}: isVisibleOrBehindKeyguardLw=true
I/WindowManager(  775): force=false forcefkg=false top=Window{102a1dde u0 com.android.settings/com.android.settings.SubSettings$WifiSubSettings}
D/WindowManager(  775): frame: Rect(0, 0 - 720, 1280) shown frame: RectF(0.0, 321.74097, 720.0, 1601.741)
D/WindowManager(  775): attr: WM.LayoutParams{(0,0)(fillxfill) sim=#110 ty=1 fl=#81810100 wanim=0x1030467 vsysui=0x600 surfaceInsets=Rect(0, 0 - 0, 0) needsMenuKey=2} lp.flags=0x81810100
V/WindowManager(  775): ** SHOWING status bar: top is not fullscreen
V/WindowManager(  775): finishPostLayoutPolicyLw: mHideKeyguard=false
I/DeviceCache(17955): Unable to convert the the network interface's MAC Address to string. MAC address cannot be null.
I/DeviceCache(17955): Unable to convert the the network interface's MAC Address to string. MAC address cannot be null.
I/DeviceCache(17955): Unable to convert the the network interface's MAC Address to string. MAC address cannot be null.
I/DeviceCache(17955): Unable to convert the the network interface's MAC Address to string. MAC address cannot be null.
I/DeviceCache(17955): Unable to convert the the network interface's MAC Address to string. MAC address cannot be null.
I/DeviceCache(17955): Unable to convert the the network interface's MAC Address to string. MAC address cannot be null.
I/DeviceCache(17955): Unable to convert the the network interface's MAC Address to string. MAC address cannot be null.
I/DeviceCache(17955): Unable to convert the the network interface's MAC Address to string. MAC address cannot be null.
I/DeviceCache(17955): Unable to convert the the network interface's MAC Address to string. MAC address cannot be null.
I/DeviceCache(17955): Unable to convert the the network interface's MAC Address to string. MAC address cannot be null.
I/DeviceCache(17955): Unable to convert the the network interface's MAC Address to string. MAC address cannot be null.
I/DeviceCache(17955): Unable to convert the the network interface's MAC Address to string. MAC address cannot be null.
I/DeviceCache(17955): Unable to convert the the network interface's MAC Address to string. MAC address cannot be null.
W/InputMethodManagerService(  775): Window already focused, ignoring focus gain of: com.android.internal.view.IInputMethodClient$Stub$Proxy@24f89189 attribute=android.view.inputmethod.EditorInfo@1323e58e, token = android.os.BinderProxy@3fee3919
I/DeviceCache(17955): Unable to convert the the network interface's MAC Address to string. MAC address cannot be null.
D/Index   ( 9713): Indexing locale 'en_US' took 85 millis
E/AudioPolicyManager(  301): unknown stream type 13
E/AudioPolicyManager(  301): unknown stream type 13
E/AudioPolicyManager(  301): unknown stream type 13
E/AudioPolicyManager(  301): unknown stream type 13
E/AudioPolicyManager(  301): unknown stream type 13
E/AudioPolicyManager(  301): unknown stream type 13
E/AudioPolicyManager(  301): unknown stream type 13
E/AudioPolicyManager(  301): unknown stream type 13
E/AudioPolicyManager(  301): unknown stream type 13
E/AudioPolicyManager(  301): unknown stream type 13
E/AudioPolicyManager(  301): unknown stream type 13
E/AudioPolicyManager(  301): unknown stream type 13
E/AudioPolicyManager(  301): unknown stream type 13
E/AudioPolicyManager(  301): unknown stream type 13
E/AudioPolicyManager(  301): unknown stream type 13
E/AudioPolicyManager(  301): unknown stream type 13
E/AudioPolicyManager(  301): unknown stream type 13
E/WifiStateMachine(  775): WifiStateMachine CMD_START_SCAN source 1000 txSuccessRate=2055.62 rxSuccessRate=2744.50 targetRoamBSSID=any RSSI=-56
D/wpa_supplicant(17726): wlan0: Control interface command 'SCAN TYPE=ONLY'
D/wpa_supplicant(17726): wlan0: Setting scan request: 0.000000 sec
D/wpa_supplicant(17726): wlan0: Starting AP scan for wildcard SSID
D/wpa_supplicant(17726): wlan0: Add radio work 'scan'@0xb7a84d88
D/wpa_supplicant(17726): wlan0: First radio work item in the queue - schedule start immediately
D/wpa_supplicant(17726): wlan0: Starting radio work 'scan'@0xb7a84d88 after 0.000075 second wait
D/wpa_supplicant(17726): wlan0: nl80211: scan request
D/wpa_supplicant(17726): nl80211: Scan SSID - hexdump(len=0): [NULL]
V/WLAN_PSA(  314): NL MSG, len[3987], NL type[0x1C] WNI type[0x5900] len[31503]
V/WLAN_PSA(  314): NL MSG, PID: 314
V/WLAN_PSA(  314): NL MSG, len[914], NL type[0x11] WNI type[0x5050] len[894]
V/WLAN_PSA(  314): NL MSG, PID: 314
D/wpa_supplicant(17726): Scan requested (ret=0) - scan timeout 30 seconds
V/WLAN_PSA(  314): NL MSG, len[048], NL type[0x11] WNI type[0x5050] len[028]
V/WLAN_PSA(  314): NL MSG, PID: 314
D/wpa_supplicant(17726): nl80211: Event message available
D/wpa_supplicant(17726): nl80211: Drv Event 33 (NL80211_CMD_TRIGGER_SCAN) received for wlan0
I/WifiHAL (  775): Poll result = 1
I/WifiHAL (  775): Found some events!!!
D/wpa_supplicant(17726): wlan0: nl80211: Scan trigger
D/WifiHAL (  775): no_seq_check received
D/wpa_supplicant(17726): wlan0: Event SCAN_STARTED (49) received
I/WifiHAL (  775): event received NL80211_CMD_TRIGGER_SCAN
I/WifiHAL (  775): event received NL80211_CMD_TRIGGER_SCAN, vendor_id = 0x0
D/wpa_supplicant(17726): wlan0: Own scan request started a scan in 0.000258 seconds
I/WifiHAL (  775): event ignored!!
D/wpa_supplicant(17726): CTRL_IFACE monitor sent successfully to /data/misc/wifi/sockets/wpa_ctrl_329-3\x00
V/WLAN_PSA(  314): NL MSG, len[4036], NL type[0x1C] WNI type[0x5900] len[44047]
V/WLAN_PSA(  314): NL MSG, PID: 314
D/wpa_supplicant(17726): CTRL_IFACE monitor sent successfully to /data/misc/wifi/sockets/wpa_ctrl_775-14\x00
I/Timeline( 9713): Timeline: Activity_idle id: android.os.BinderProxy@302db839 time:20031423
V/WLAN_PSA(  314): NL MSG, len[4077], NL type[0x1C] WNI type[0x5900] len[54543]
V/WLAN_PSA(  314): NL MSG, PID: 314
V/WLAN_PSA(  314): NL MSG, len[4020], NL type[0x1C] WNI type[0x5900] len[39951]
V/WLAN_PSA(  314): NL MSG, PID: 314
D/Index   ( 9713): Deleting data for locale 'en_US' took 6 millis
V/WLAN_PSA(  314): NL MSG, len[048], NL type[0x11] WNI type[0x5050] len[028]
V/WLAN_PSA(  314): NL MSG, PID: 314
V/WLAN_PSA(  314): NL MSG, len[914], NL type[0x11] WNI type[0x5050] len[894]
V/WLAN_PSA(  314): NL MSG, PID: 314
I/WindowManager(  775): Win Window{bff5d73 u0 android}: isVisibleOrBehindKeyguardLw=true
I/WindowManager(  775): Win Window{7989c4a u0 StatusBar}: isVisibleOrBehindKeyguardLw=true
I/WindowManager(  775): Win Window{102a1dde u0 com.android.settings/com.android.settings.SubSettings$WifiSubSettings}: isVisibleOrBehindKeyguardLw=true
V/WindowManager(  775): Fullscreen window: Window{102a1dde u0 com.android.settings/com.android.settings.SubSettings$WifiSubSettings}
I/WindowManager(  775): Win Window{1ea30909 u0 com.android.phasebeam.PhaseBeamWallpaper}: isVisibleOrBehindKeyguardLw=true
I/WindowManager(  775): force=false forcefkg=false top=Window{102a1dde u0 com.android.settings/com.android.settings.SubSettings$WifiSubSettings}
D/WindowManager(  775): frame: Rect(0, 0 - 720, 1280) shown frame: RectF(0.0, 0.0, 720.0, 1280.0)
D/WindowManager(  775): attr: WM.LayoutParams{(0,0)(fillxfill) sim=#110 ty=1 fl=#81810100 wanim=0x1030467 vsysui=0x600 surfaceInsets=Rect(0, 0 - 0, 0) needsMenuKey=2} lp.flags=0x81810100
V/WindowManager(  775): ** SHOWING status bar: top is not fullscreen
V/WindowManager(  775): finishPostLayoutPolicyLw: mHideKeyguard=false
I/WindowManager(  775): mDock rect: (0,0 - 720,1280)
V/WindowManager(  775): Status bar: dock=[0,50][720,1280] content=[0,50][720,1280] cur=[0,50][720,1280]
V/WindowManager(  775): layoutWindowLw(): normal window
V/WindowManager(  775): Compute frame : sim=#20 attach=null type=2015 flags=0x01000018 pf=[0,50][720,1280] df=[0,50][720,1280] of=[0,50][720,1280] cf=[0,50][720,1280] vf=[0,50][720,1280] dcf=[0,0][720,1280] sf=[0,50][720,1280]
V/WindowManager(  775): layoutWindowLw(com.android.settings/com.android.settings.SubSettings$WifiSubSettings): IN_SCREEN, INSET_DECOR
V/WindowManager(  775): Compute frame com.android.settings/com.android.settings.SubSettings$WifiSubSettings: sim=#110 attach=null type=1 flags=0x81810100 pf=[0,0][720,1280] df=[0,0][720,1280] of=[0,0][720,1280] cf=[0,50][720,1280] vf=[0,50][720,1280] dcf=[0,0][720,1280] sf=[0,50][720,1280]
V/WindowManager(  775): layoutWindowLw(com.android.phasebeam.PhaseBeamWallpaper): IN_SCREEN
V/WindowManager(  775): Compute frame com.android.phasebeam.PhaseBeamWallpaper: sim=#0 attach=null type=2013 flags=0x00000308 pf=[0,0][720,1280] df=[-10000,-10000][10000,10000] of=[0,0][720,1280] cf=[0,0][720,1280] vf=[0,50][720,1280] dcf=[0,0][720,1280] sf=[0,50][720,1280]
I/WindowManager(  775): Win Window{bff5d73 u0 android}: isVisibleOrBehindKeyguardLw=true
I/WindowManager(  775): Win Window{7989c4a u0 StatusBar}: isVisibleOrBehindKeyguardLw=true
I/WindowManager(  775): Win Window{102a1dde u0 com.android.settings/com.android.settings.SubSettings$WifiSubSettings}: isVisibleOrBehindKeyguardLw=true
V/WindowManager(  775): Fullscreen window: Window{102a1dde u0 com.android.settings/com.android.settings.SubSettings$WifiSubSettings}
I/WindowManager(  775): Win Window{1ea30909 u0 com.android.phasebeam.PhaseBeamWallpaper}: isVisibleOrBehindKeyguardLw=true
I/WindowManager(  775): force=false forcefkg=false top=Window{102a1dde u0 com.android.settings/com.android.settings.SubSettings$WifiSubSettings}
D/WindowManager(  775): frame: Rect(0, 0 - 720, 1280) shown frame: RectF(0.0, 0.0, 720.0, 1280.0)
D/WindowManager(  775): attr: WM.LayoutParams{(0,0)(fillxfill) sim=#110 ty=1 fl=#81810100 wanim=0x1030467 vsysui=0x600 surfaceInsets=Rect(0, 0 - 0, 0) needsMenuKey=2} lp.flags=0x81810100
V/WindowManager(  775): ** SHOWING status bar: top is not fullscreen
V/WindowManager(  775): finishPostLayoutPolicyLw: mHideKeyguard=false
D/Index   ( 9713): Indexing locale 'en_US' took 43 millis
I/WindowManager(  775): mDock rect: (0,0 - 720,1280)
V/WindowManager(  775): Status bar: dock=[0,50][720,1280] content=[0,50][720,1280] cur=[0,50][720,1280]
V/WindowManager(  775): layoutWindowLw(): normal window
V/WindowManager(  775): Compute frame : sim=#20 attach=null type=2015 flags=0x01000018 pf=[0,50][720,1280] df=[0,50][720,1280] of=[0,50][720,1280] cf=[0,50][720,1280] vf=[0,50][720,1280] dcf=[0,0][720,1280] sf=[0,50][720,1280]
V/WindowManager(  775): layoutWindowLw(com.android.settings/com.android.settings.SubSettings$WifiSubSettings): IN_SCREEN, INSET_DECOR
V/WindowManager(  775): Compute frame com.android.settings/com.android.settings.SubSettings$WifiSubSettings: sim=#110 attach=null type=1 flags=0x81810100 pf=[0,0][720,1280] df=[0,0][720,1280] of=[0,0][720,1280] cf=[0,50][720,1280] vf=[0,50][720,1280] dcf=[0,0][720,1280] sf=[0,50][720,1280]
I/WindowManager(  775): Win Window{bff5d73 u0 android}: isVisibleOrBehindKeyguardLw=true
I/WindowManager(  775): Win Window{7989c4a u0 StatusBar}: isVisibleOrBehindKeyguardLw=true
I/WindowManager(  775): Win Window{102a1dde u0 com.android.settings/com.android.settings.SubSettings$WifiSubSettings}: isVisibleOrBehindKeyguardLw=true
V/WindowManager(  775): Fullscreen window: Window{102a1dde u0 com.android.settings/com.android.settings.SubSettings$WifiSubSettings}
I/WindowManager(  775): Win Window{1ea30909 u0 com.android.phasebeam.PhaseBeamWallpaper}: isVisibleOrBehindKeyguardLw=false
I/WindowManager(  775): force=false forcefkg=false top=Window{102a1dde u0 com.android.settings/com.android.settings.SubSettings$WifiSubSettings}
D/WindowManager(  775): frame: Rect(0, 0 - 720, 1280) shown frame: RectF(0.0, 0.0, 720.0, 1280.0)
D/WindowManager(  775): attr: WM.LayoutParams{(0,0)(fillxfill) sim=#110 ty=1 fl=#81810100 wanim=0x1030467 vsysui=0x600 surfaceInsets=Rect(0, 0 - 0, 0) needsMenuKey=2} lp.flags=0x81810100
V/WindowManager(  775): ** SHOWING status bar: top is not fullscreen
V/WindowManager(  775): finishPostLayoutPolicyLw: mHideKeyguard=false
V/WLAN_PSA(  314): NL MSG, len[914], NL type[0x11] WNI type[0x5050] len[894]
V/WLAN_PSA(  314): NL MSG, PID: 314
V/WLAN_PSA(  314): NL MSG, len[048], NL type[0x11] WNI type[0x5050] len[028]
V/WLAN_PSA(  314): NL MSG, PID: 314
V/WLAN_PSA(  314): NL MSG, len[3981], NL type[0x1C] WNI type[0x5900] len[29967]
V/WLAN_PSA(  314): NL MSG, PID: 314
V/WLAN_PSA(  314): NL MSG, len[4075], NL type[0x1C] WNI type[0x5900] len[54031]
V/WLAN_PSA(  314): NL MSG, PID: 314
V/WLAN_PSA(  314): NL MSG, len[3958], NL type[0x1C] WNI type[0x5900] len[24079]
V/WLAN_PSA(  314): NL MSG, PID: 314
D/BatteryMeterView( 2940): onDraw level = 43
V/WLAN_PSA(  314): NL MSG, len[4029], NL type[0x1C] WNI type[0x5900] len[42255]
V/WLAN_PSA(  314): NL MSG, PID: 314
I/SurfaceFlinger(  262): FPS: 48
V/WLAN_PSA(  314): NL MSG, len[914], NL type[0x11] WNI type[0x5050] len[894]
V/WLAN_PSA(  314): NL MSG, PID: 314
V/WLAN_PSA(  314): NL MSG, len[4075], NL type[0x1C] WNI type[0x5900] len[54031]
V/WLAN_PSA(  314): NL MSG, PID: 314
V/WLAN_PSA(  314): NL MSG, len[914], NL type[0x11] WNI type[0x5050] len[894]
V/WLAN_PSA(  314): NL MSG, PID: 314
V/WLAN_PSA(  314): NL MSG, len[048], NL type[0x11] WNI type[0x5050] len[028]
V/WLAN_PSA(  314): NL MSG, PID: 314
V/WLAN_PSA(  314): NL MSG, len[4053], NL type[0x1C] WNI type[0x5900] len[48399]
V/WLAN_PSA(  314): NL MSG, PID: 314
V/WLAN_PSA(  314): NL MSG, len[3995], NL type[0x1C] WNI type[0x5900] len[33551]
V/WLAN_PSA(  314): NL MSG, PID: 314
V/WLAN_PSA(  314): NL MSG, len[3961], NL type[0x1C] WNI type[0x5900] len[24847]
V/WLAN_PSA(  314): NL MSG, PID: 314
V/WLAN_PSA(  314): NL MSG, len[914], NL type[0x11] WNI type[0x5050] len[894]
V/WLAN_PSA(  314): NL MSG, PID: 314
V/WLAN_PSA(  314): NL MSG, len[4045], NL type[0x1C] WNI type[0x5900] len[46351]
V/WLAN_PSA(  314): NL MSG, PID: 314
V/WLAN_PSA(  314): NL MSG, len[914], NL type[0x11] WNI type[0x5050] len[894]
V/WLAN_PSA(  314): NL MSG, PID: 314
V/WLAN_PSA(  314): NL MSG, len[048], NL type[0x11] WNI type[0x5050] len[028]
V/WLAN_PSA(  314): NL MSG, PID: 314
V/WLAN_PSA(  314): NL MSG, len[3974], NL type[0x1C] WNI type[0x5900] len[28175]
V/WLAN_PSA(  314): NL MSG, PID: 314
I/WindowManager(  775): mDock rect: (0,0 - 720,1280)
V/WindowManager(  775): Status bar: dock=[0,50][720,1280] content=[0,50][720,1280] cur=[0,50][720,1280]
V/WindowManager(  775): layoutWindowLw(): normal window
V/WindowManager(  775): Compute frame : sim=#20 attach=null type=2015 flags=0x01000018 pf=[0,50][720,1280] df=[0,50][720,1280] of=[0,50][720,1280] cf=[0,50][720,1280] vf=[0,50][720,1280] dcf=[0,0][720,1280] sf=[0,50][720,1280]
V/WindowManager(  775): layoutWindowLw(com.android.settings/com.android.settings.SubSettings$WifiSubSettings): IN_SCREEN, INSET_DECOR
V/WindowManager(  775): Compute frame com.android.settings/com.android.settings.SubSettings$WifiSubSettings: sim=#110 attach=null type=1 flags=0x81810100 pf=[0,0][720,1280] df=[0,0][720,1280] of=[0,0][720,1280] cf=[0,50][720,1280] vf=[0,50][720,1280] dcf=[0,0][720,1280] sf=[0,50][720,1280]
I/WindowManager(  775): Win Window{bff5d73 u0 android}: isVisibleOrBehindKeyguardLw=true
I/WindowManager(  775): Win Window{7989c4a u0 StatusBar}: isVisibleOrBehindKeyguardLw=true
I/WindowManager(  775): Win Window{102a1dde u0 com.android.settings/com.android.settings.SubSettings$WifiSubSettings}: isVisibleOrBehindKeyguardLw=true
V/WindowManager(  775): Fullscreen window: Window{102a1dde u0 com.android.settings/com.android.settings.SubSettings$WifiSubSettings}
I/WindowManager(  775): Win Window{1ea30909 u0 com.android.phasebeam.PhaseBeamWallpaper}: isVisibleOrBehindKeyguardLw=false
I/WindowManager(  775): force=false forcefkg=false top=Window{102a1dde u0 com.android.settings/com.android.settings.SubSettings$WifiSubSettings}
D/WindowManager(  775): frame: Rect(0, 0 - 720, 1280) shown frame: RectF(0.0, 0.0, 720.0, 1280.0)
D/WindowManager(  775): attr: WM.LayoutParams{(0,0)(fillxfill) sim=#110 ty=1 fl=#81810100 wanim=0x1030467 vsysui=0x600 surfaceInsets=Rect(0, 0 - 0, 0) needsMenuKey=2} lp.flags=0x81810100
V/WindowManager(  775): ** SHOWING status bar: top is not fullscreen
V/WindowManager(  775): finishPostLayoutPolicyLw: mHideKeyguard=false
I/WindowManager(  775): mDock rect: (0,0 - 720,1280)
V/WindowManager(  775): Status bar: dock=[0,50][720,1280] content=[0,50][720,1280] cur=[0,50][720,1280]
V/WindowManager(  775): layoutWindowLw(): normal window
V/WindowManager(  775): Compute frame : sim=#20 attach=null type=2015 flags=0x01000018 pf=[0,50][720,1280] df=[0,50][720,1280] of=[0,50][720,1280] cf=[0,50][720,1280] vf=[0,50][720,1280] dcf=[0,0][720,1280] sf=[0,50][720,1280]
V/WindowManager(  775): layoutWindowLw(com.android.settings/com.android.settings.SubSettings$WifiSubSettings): IN_SCREEN, INSET_DECOR
V/WindowManager(  775): Compute frame com.android.settings/com.android.settings.SubSettings$WifiSubSettings: sim=#110 attach=null type=1 flags=0x81810100 pf=[0,0][720,1280] df=[0,0][720,1280] of=[0,0][720,1280] cf=[0,50][720,1280] vf=[0,50][720,1280] dcf=[0,0][720,1280] sf=[0,50][720,1280]
I/WindowManager(  775): Win Window{bff5d73 u0 android}: isVisibleOrBehindKeyguardLw=true
I/WindowManager(  775): Win Window{7989c4a u0 StatusBar}: isVisibleOrBehindKeyguardLw=true
I/WindowManager(  775): Win Window{102a1dde u0 com.android.settings/com.android.settings.SubSettings$WifiSubSettings}: isVisibleOrBehindKeyguardLw=true
V/WindowManager(  775): Fullscreen window: Window{102a1dde u0 com.android.settings/com.android.settings.SubSettings$WifiSubSettings}
I/WindowManager(  775): Win Window{1ea30909 u0 com.android.phasebeam.PhaseBeamWallpaper}: isVisibleOrBehindKeyguardLw=false
I/WindowManager(  775): force=false forcefkg=false top=Window{102a1dde u0 com.android.settings/com.android.settings.SubSettings$WifiSubSettings}
D/WindowManager(  775): frame: Rect(0, 0 - 720, 1280) shown frame: RectF(0.0, 0.0, 720.0, 1280.0)
D/WindowManager(  775): attr: WM.LayoutParams{(0,0)(fillxfill) sim=#110 ty=1 fl=#81810100 wanim=0x1030467 vsysui=0x600 surfaceInsets=Rect(0, 0 - 0, 0) needsMenuKey=2} lp.flags=0x81810100
V/WindowManager(  775): ** SHOWING status bar: top is not fullscreen
V/WindowManager(  775): finishPostLayoutPolicyLw: mHideKeyguard=false
V/WLAN_PSA(  314): NL MSG, len[4079], NL type[0x1C] WNI type[0x5900] len[55055]
V/WLAN_PSA(  314): NL MSG, PID: 314
V/WLAN_PSA(  314): NL MSG, len[4016], NL type[0x1C] WNI type[0x5900] len[38927]
V/WLAN_PSA(  314): NL MSG, PID: 314
V/WLAN_PSA(  314): NL MSG, len[048], NL type[0x11] WNI type[0x5050] len[028]
V/WLAN_PSA(  314): NL MSG, PID: 314
V/WLAN_PSA(  314): NL MSG, len[914], NL type[0x11] WNI type[0x5050] len[894]
V/WLAN_PSA(  314): NL MSG, PID: 314
V/WLAN_PSA(  314): NL MSG, len[3994], NL type[0x1C] WNI type[0x5900] len[33295]
V/WLAN_PSA(  314): NL MSG, PID: 314
D/BatteryMeterView( 2940): onDraw level = 53
V/WLAN_PSA(  314): NL MSG, len[914], NL type[0x11] WNI type[0x5050] len[894]
V/WLAN_PSA(  314): NL MSG, PID: 314
V/WLAN_PSA(  314): NL MSG, len[048], NL type[0x11] WNI type[0x5050] len[028]
V/WLAN_PSA(  314): NL MSG, PID: 314
V/WLAN_PSA(  314): NL MSG, len[4009], NL type[0x1C] WNI type[0x5900] len[37135]
V/WLAN_PSA(  314): NL MSG, PID: 314
V/WLAN_PSA(  314): NL MSG, len[4059], NL type[0x1C] WNI type[0x5900] len[49935]
V/WLAN_PSA(  314): NL MSG, PID: 314
V/WLAN_PSA(  314): NL MSG, len[4053], NL type[0x1C] WNI type[0x5900] len[48399]
V/WLAN_PSA(  314): NL MSG, PID: 314
V/WLAN_PSA(  314): NL MSG, len[048], NL type[0x11] WNI type[0x5050] len[028]
V/WLAN_PSA(  314): NL MSG, PID: 314
V/WLAN_PSA(  314): NL MSG, len[914], NL type[0x11] WNI type[0x5050] len[894]
V/WLAN_PSA(  314): NL MSG, PID: 314
V/WLAN_PSA(  314): NL MSG, len[914], NL type[0x11] WNI type[0x5050] len[894]
V/WLAN_PSA(  314): NL MSG, PID: 314
V/WLAN_PSA(  314): NL MSG, len[4089], NL type[0x1C] WNI type[0x5900] len[57615]
V/WLAN_PSA(  314): NL MSG, PID: 314
V/WLAN_PSA(  314): NL MSG, len[048], NL type[0x11] WNI type[0x5050] len[028]
V/WLAN_PSA(  314): NL MSG, PID: 314
V/WLAN_PSA(  314): NL MSG, len[4060], NL type[0x1C] WNI type[0x5900] len[50191]
V/WLAN_PSA(  314): NL MSG, PID: 314
D/BatteryMeterView( 2940): onDraw level = 63
V/WLAN_PSA(  314): NL MSG, len[048], NL type[0x11] WNI type[0x5050] len[028]
V/WLAN_PSA(  314): NL MSG, PID: 314
V/WLAN_PSA(  314): NL MSG, len[914], NL type[0x11] WNI type[0x5050] len[894]
V/WLAN_PSA(  314): NL MSG, PID: 314
V/WLAN_PSA(  314): NL MSG, len[4071], NL type[0x1C] WNI type[0x5900] len[53007]
V/WLAN_PSA(  314): NL MSG, PID: 314
V/WLAN_PSA(  314): NL MSG, len[914], NL type[0x11] WNI type[0x5050] len[894]
V/WLAN_PSA(  314): NL MSG, PID: 314
V/WLAN_PSA(  314): NL MSG, len[048], NL type[0x11] WNI type[0x5050] len[028]
V/WLAN_PSA(  314): NL MSG, PID: 314
V/WLAN_PSA(  314): NL MSG, len[4084], NL type[0x1C] WNI type[0x5900] len[56335]
V/WLAN_PSA(  314): NL MSG, PID: 314
D/BatteryMeterView( 2940): onDraw level = 73
D/wpa_supplicant(17726): wlan0: Control interface command 'SIGNAL_POLL'
V/WLAN_PSA(  314): NL MSG, len[3969], NL type[0x1C] WNI type[0x5900] len[26895]
V/WLAN_PSA(  314): NL MSG, PID: 314
I/SurfaceFlinger(  262): FPS: 17
V/WLAN_PSA(  314): NL MSG, len[048], NL type[0x11] WNI type[0x5050] len[028]
V/WLAN_PSA(  314): NL MSG, PID: 314
V/WLAN_PSA(  314): NL MSG, len[914], NL type[0x11] WNI type[0x5050] len[894]
V/WLAN_PSA(  314): NL MSG, PID: 314
V/WLAN_PSA(  314): NL MSG, len[4017], NL type[0x1C] WNI type[0x5900] len[39183]
V/WLAN_PSA(  314): NL MSG, PID: 314
V/WLAN_PSA(  314): NL MSG, len[914], NL type[0x11] WNI type[0x5050] len[894]
V/WLAN_PSA(  314): NL MSG, PID: 314
V/WLAN_PSA(  314): NL MSG, len[048], NL type[0x11] WNI type[0x5050] len[028]
V/WLAN_PSA(  314): NL MSG, PID: 314
V/WLAN_PSA(  314): NL MSG, len[4070], NL type[0x1C] WNI type[0x5900] len[52751]
V/WLAN_PSA(  314): NL MSG, PID: 314
V/WLAN_PSA(  314): NL MSG, len[048], NL type[0x11] WNI type[0x5050] len[028]
V/WLAN_PSA(  314): NL MSG, PID: 314
V/WLAN_PSA(  314): NL MSG, len[914], NL type[0x11] WNI type[0x5050] len[894]
V/WLAN_PSA(  314): NL MSG, PID: 314
V/WLAN_PSA(  314): NL MSG, len[3964], NL type[0x1C] WNI type[0x5900] len[25615]
V/WLAN_PSA(  314): NL MSG, PID: 314
D/BatteryMeterView( 2940): onDraw level = 83
V/WLAN_PSA(  314): NL MSG, len[914], NL type[0x11] WNI type[0x5050] len[894]
V/WLAN_PSA(  314): NL MSG, PID: 314
V/WLAN_PSA(  314): NL MSG, len[048], NL type[0x11] WNI type[0x5050] len[028]
V/WLAN_PSA(  314): NL MSG, PID: 314
V/WLAN_PSA(  314): NL MSG, len[3994], NL type[0x1C] WNI type[0x5900] len[33295]
V/WLAN_PSA(  314): NL MSG, PID: 314
V/WLAN_PSA(  314): NL MSG, len[4085], NL type[0x1C] WNI type[0x5900] len[56591]
V/WLAN_PSA(  314): NL MSG, PID: 314
V/WLAN_PSA(  314): NL MSG, len[048], NL type[0x11] WNI type[0x5050] len[028]
V/WLAN_PSA(  314): NL MSG, PID: 314
V/WLAN_PSA(  314): NL MSG, len[914], NL type[0x11] WNI type[0x5050] len[894]
V/WLAN_PSA(  314): NL MSG, PID: 314
V/WLAN_PSA(  314): NL MSG, len[4025], NL type[0x1C] WNI type[0x5900] len[41231]
V/WLAN_PSA(  314): NL MSG, PID: 314
V/WLAN_PSA(  314): NL MSG, len[914], NL type[0x11] WNI type[0x5050] len[894]
V/WLAN_PSA(  314): NL MSG, PID: 314
V/WLAN_PSA(  314): NL MSG, len[048], NL type[0x11] WNI type[0x5050] len[028]
V/WLAN_PSA(  314): NL MSG, PID: 314
D/BatteryMeterView( 2940): onDraw level = 93
I/SurfaceFlinger(  262): FPS: 4
D/audio_hw_primary(  301): out_standby: enter: stream (0xb79f3180) usecase(1: low-latency-playback)
V/WLAN_PSA(  314): NL MSG, len[4090], NL type[0x1C] WNI type[0x5900] len[57871]
V/WLAN_PSA(  314): NL MSG, PID: 314
D/soundtrigger(  301): audio_extn_sound_trigger_update_stream_status: uc_id 1 of type 0 for Event 2, with Raise=0
D/hardware_info(  301): hw_info_append_hw_type : device_name = speaker
I/soundtrigger(  301): audio_extn_sound_trigger_update_device_status: device 0x2 of type 0 for Event 0, with Raise=0
V/WLAN_PSA(  314): NL MSG, len[048], NL type[0x11] WNI type[0x5050] len[028]
V/WLAN_PSA(  314): NL MSG, PID: 314
V/WLAN_PSA(  314): NL MSG, len[914], NL type[0x11] WNI type[0x5050] len[894]
V/WLAN_PSA(  314): NL MSG, PID: 314
V/WLAN_PSA(  314): NL MSG, len[4073], NL type[0x1C] WNI type[0x5900] len[53519]
V/WLAN_PSA(  314): NL MSG, PID: 314
V/WLAN_PSA(  314): NL MSG, len[914], NL type[0x11] WNI type[0x5050] len[894]
V/WLAN_PSA(  314): NL MSG, PID: 314
V/WLAN_PSA(  314): NL MSG, len[048], NL type[0x11] WNI type[0x5050] len[028]
V/WLAN_PSA(  314): NL MSG, PID: 314
V/WLAN_PSA(  314): NL MSG, len[4060], NL type[0x1C] WNI type[0x5900] len[50191]
V/WLAN_PSA(  314): NL MSG, PID: 314
D/BatteryMeterView( 2940): onDraw level = 100
V/WLAN_PSA(  314): NL MSG, len[4048], NL type[0x1C] WNI type[0x5900] len[47119]
V/WLAN_PSA(  314): NL MSG, PID: 314
V/WLAN_PSA(  314): NL MSG, len[048], NL type[0x11] WNI type[0x5050] len[028]
V/WLAN_PSA(  314): NL MSG, PID: 314
V/WLAN_PSA(  314): NL MSG, len[914], NL type[0x11] WNI type[0x5050] len[894]
V/WLAN_PSA(  314): NL MSG, PID: 314
V/WLAN_PSA(  314): NL MSG, len[3962], NL type[0x1C] WNI type[0x5900] len[25103]
V/WLAN_PSA(  314): NL MSG, PID: 314
V/WLAN_PSA(  314): NL MSG, len[914], NL type[0x11] WNI type[0x5050] len[894]
