E/PPDaemon(  344): MSMFB_NOTIFY_UPDATE start ioctl failed
E/PPDaemon(  344): MSMFB_NOTIFY_UPDATE start ioctl failed
E/PPDaemon(  344): MSMFB_NOTIFY_UPDATE start ioctl failed
E/PPDaemon(  344): MSMFB_NOTIFY_UPDATE start ioctl failed
E/PPDaemon(  344): MSMFB_NOTIFY_UPDATE start ioctl failed
E/PPDaemon(  344): MSMFB_NOTIFY_UPDATE start ioctl failed
E/PPDaemon(  344): MSMFB_NOTIFY_UPDATE start ioctl failed
E/PPDaemon(  344): MSMFB_NOTIFY_UPDATE start ioctl failed
E/PPDaemon(  344): MSMFB_NOTIFY_UPDATE start ioctl failed
E/PPDaemon(  344): MSMFB_NOTIFY_UPDATE start ioctl failed
E/PPDaemon(  344): MSMFB_NOTIFY_UPDATE start ioctl failed
E/PPDaemon(  344): MSMFB_NOTIFY_UPDATE start ioctl failed
E/PPDaemon(  344): MSMFB_NOTIFY_UPDATE start ioctl failed
E/PPDaemon(  344): MSMFB_NOTIFY_UPDATE start ioctl failed
E/PPDaemon(  344): MSMFB_NOTIFY_UPDATE start ioctl failed
E/PPDaemon(  344): MSMFB_NOTIFY_UPDATE start ioctl failed
E/PPDaemon(  344): MSMFB_NOTIFY_UPDATE start ioctl failed
E/PPDaemon(  344): MSMFB_NOTIFY_UPDATE start ioctl failed
E/PPDaemon(  344): MSMFB_NOTIFY_UPDATE start ioctl failed
E/PPDaemon(  344): MSMFB_NOTIFY_UPDATE start ioctl failed
E/PPDaemon(  344): MSMFB_NOTIFY_UPDATE start ioctl failed
E/PPDaemon(  344): MSMFB_NOTIFY_UPDATE start ioctl failed
E/PPDaemon(  344): MSMFB_NOTIFY_UPDATE start ioctl failed
E/PPDaemon(  344): MSMFB_NOTIFY_UPDATE start ioctl failed
E/PPDaemon(  344): MSMFB_NOTIFY_UPDATE start ioctl failed
E/PPDaemon(  344): MSMFB_NOTIFY_UPDATE start ioctl failed
E/PPDaemon(  344): MSMFB_NOTIFY_UPDATE start ioctl failed
E/PPDaemon(  344): MSMFB_NOTIFY_UPDATE start ioctl failed
E/qdoverlay(  262): Bad ov dump:  mdp_overlay z=0 alpha=255 mask=-1 flags=0x20000 id=-1
E/PPDaemon(  344): MSMFB_NOTIFY_UPDATE start ioctl failed
E/qdoverlay(  262): src_rect mdp_rect x=0 y=0 w=720 h=1280
E/PPDaemon(  344): MSMFB_NOTIFY_UPDATE start ioctl failed
E/PPDaemon(  344): MSMFB_NOTIFY_UPDATE start ioctl failed
E/PPDaemon(  344): MSMFB_NOTIFY_UPDATE start ioctl failed
E/PPDaemon(  344): MSMFB_NOTIFY_UPDATE start ioctl failed
E/PPDaemon(  344): MSMFB_NOTIFY_UPDATE start ioctl failed
E/PPDaemon(  344): MSMFB_NOTIFY_UPDATE start ioctl failed
E/PPDaemon(  344): MSMFB_NOTIFY_UPDATE start ioctl failed
E/PPDaemon(  344): MSMFB_NOTIFY_UPDATE start ioctl failed
E/PPDaemon(  344): MSMFB_NOTIFY_UPDATE start ioctl failed
E/PPDaemon(  344): MSMFB_NOTIFY_UPDATE start ioctl failed
E/PPDaemon(  344): MSMFB_NOTIFY_UPDATE start ioctl failed
E/PPDaemon(  344): MSMFB_NOTIFY_UPDATE start ioctl failed
E/PPDaemon(  344): MSMFB_NOTIFY_UPDATE start ioctl failed
E/PPDaemon(  344): MSMFB_NOTIFY_UPDATE start ioctl failed
E/PPDaemon(  344): MSMFB_NOTIFY_UPDATE start ioctl failed
E/PPDaemon(  344): MSMFB_NOTIFY_UPDATE start ioctl failed
E/PPDaemon(  344): MSMFB_NOTIFY_UPDATE start ioctl failed
E/PPDaemon(  344): MSMFB_NOTIFY_UPDATE start ioctl failed
E/PPDaemon(  344): MSMFB_NOTIFY_UPDATE start ioctl failed
E/PPDaemon(  344): MSMFB_NOTIFY_UPDATE start ioctl failed
E/PPDaemon(  344): MSMFB_NOTIFY_UPDATE start ioctl failed
E/PPDaemon(  344): MSMFB_NOTIFY_UPDATE start ioctl failed
E/PPDaemon(  344): MSMFB_NOTIFY_UPDATE start ioctl failed
E/PPDaemon(  344): MSMFB_NOTIFY_UPDATE start ioctl failed
E/PPDaemon(  344): MSMFB_NOTIFY_UPDATE start ioctl failed
E/PPDaemon(  344): MSMFB_NOTIFY_UPDATE start ioctl failed
E/PPDaemon(  344): MSMFB_NOTIFY_UPDATE start ioctl failed
E/PPDaemon(  344): MSMFB_NOTIFY_UPDATE start ioctl failed
E/PPDaemon(  344): MSMFB_NOTIFY_UPDATE start ioctl failed
E/PPDaemon(  344): MSMFB_NOTIFY_UPDATE start ioctl failed
E/PPDaemon(  344): MSMFB_NOTIFY_UPDATE start ioctl failed
E/PPDaemon(  344): MSMFB_NOTIFY_UPDATE start ioctl failed
E/PPDaemon(  344): MSMFB_NOTIFY_UPDATE start ioctl failed
E/PPDaemon(  344): MSMFB_NOTIFY_UPDATE start ioctl failed
E/PPDaemon(  344): MSMFB_NOTIFY_UPDATE start ioctl failed
E/PPDaemon(  344): MSMFB_NOTIFY_UPDATE start ioctl failed
E/PPDaemon(  344): MSMFB_NOTIFY_UPDATE start ioctl failed
E/PPDaemon(  344): MSMFB_NOTIFY_UPDATE start ioctl failed
E/PPDaemon(  344): MSMFB_NOTIFY_UPDATE start ioctl failed
E/PPDaemon(  344): MSMFB_NOTIFY_UPDATE start ioctl failed
E/PPDaemon(  344): MSMFB_NOTIFY_UPDATE start ioctl failed
E/PPDaemon(  344): MSMFB_NOTIFY_UPDATE start ioctl failed
E/PPDaemon(  344): MSMFB_NOTIFY_UPDATE start ioctl failed
E/PPDaemon(  344): MSMFB_NOTIFY_UPDATE start ioctl failed
E/PPDaemon(  344): MSMFB_NOTIFY_UPDATE start ioctl failed
E/PPDaemon(  344): MSMFB_NOTIFY_UPDATE start ioctl failed
E/PPDaemon(  344): MSMFB_NOTIFY_UPDATE start ioctl failed
E/PPDaemon(  344): MSMFB_NOTIFY_UPDATE start ioctl failed
E/PPDaemon(  344): MSMFB_NOTIFY_UPDATE start ioctl failed
E/PPDaemon(  344): MSMFB_NOTIFY_UPDATE start ioctl failed
E/PPDaemon(  344): MSMFB_NOTIFY_UPDATE start ioctl failed
E/PPDaemon(  344): MSMFB_NOTIFY_UPDATE start ioctl failed
E/PPDaemon(  344): MSMFB_NOTIFY_UPDATE start ioctl failed
E/PPDaemon(  344): MSMFB_NOTIFY_UPDATE start ioctl failed
E/PPDaemon(  344): MSMFB_NOTIFY_UPDATE start ioctl failed
E/PPDaemon(  344): MSMFB_NOTIFY_UPDATE start ioctl failed
E/PPDaemon(  344): MSMFB_NOTIFY_UPDATE start ioctl failed
E/PPDaemon(  344): MSMFB_NOTIFY_UPDATE start ioctl failed
E/PPDaemon(  344): MSMFB_NOTIFY_UPDATE start ioctl failed
E/PPDaemon(  344): MSMFB_NOTIFY_UPDATE start ioctl failed
E/PPDaemon(  344): MSMFB_NOTIFY_UPDATE start ioctl failed
E/PPDaemon(  344): MSMFB_NOTIFY_UPDATE start ioctl failed
E/PPDaemon(  344): MSMFB_NOTIFY_UPDATE start ioctl failed
E/PPDaemon(  344): MSMFB_NOTIFY_UPDATE start ioctl failed
E/PPDaemon(  344): MSMFB_NOTIFY_UPDATE start ioctl failed
E/PPDaemon(  344): MSMFB_NOTIFY_UPDATE start ioctl failed
E/PPDaemon(  344): MSMFB_NOTIFY_UPDATE start ioctl failed
E/PPDaemon(  344): MSMFB_NOTIFY_UPDATE start ioctl failed
E/PPDaemon(  344): MSMFB_NOTIFY_UPDATE start ioctl failed
E/PPDaemon(  344): MSMFB_NOTIFY_UPDATE start ioctl failed
E/PPDaemon(  344): MSMFB_NOTIFY_UPDATE start ioctl failed
E/PPDaemon(  344): MSMFB_NOTIFY_UPDATE start ioctl failed
E/PPDaemon(  344): MSMFB_NOTIFY_UPDATE start ioctl failed
E/PPDaemon(  344): MSMFB_NOTIFY_UPDATE start ioctl failed
E/PPDaemon(  344): MSMFB_NOTIFY_UPDATE start ioctl failed
E/PPDaemon(  344): MSMFB_NOTIFY_UPDATE start ioctl failed
E/PPDaemon(  344): MSMFB_NOTIFY_UPDATE start ioctl failed
E/PPDaemon(  344): MSMFB_NOTIFY_UPDATE start ioctl failed
E/PPDaemon(  344): MSMFB_NOTIFY_UPDATE start ioctl failed
E/PPDaemon(  344): MSMFB_NOTIFY_UPDATE start ioctl failed
E/PPDaemon(  344): MSMFB_NOTIFY_UPDATE start ioctl failed
E/PPDaemon(  344): MSMFB_NOTIFY_UPDATE start ioctl failed
E/PPDaemon(  344): MSMFB_NOTIFY_UPDATE start ioctl failed
E/PPDaemon(  344): MSMFB_NOTIFY_UPDATE start ioctl failed
E/PPDaemon(  344): MSMFB_NOTIFY_UPDATE start ioctl failed
E/PPDaemon(  344): MSMFB_NOTIFY_UPDATE start ioctl failed
E/PPDaemon(  344): MSMFB_NOTIFY_UPDATE start ioctl failed
E/PPDaemon(  344): MSMFB_NOTIFY_UPDATE start ioctl failed
E/PPDaemon(  344): MSMFB_NOTIFY_UPDATE start ioctl failed
E/PPDaemon(  344): MSMFB_NOTIFY_UPDATE start ioctl failed
E/PPDaemon(  344): MSMFB_NOTIFY_UPDATE start ioctl failed
E/PPDaemon(  344): MSMFB_NOTIFY_UPDATE start ioctl failed
E/PPDaemon(  344): MSMFB_NOTIFY_UPDATE start ioctl failed
E/PPDaemon(  344): MSMFB_NOTIFY_UPDATE start ioctl failed
E/PPDaemon(  344): MSMFB_NOTIFY_UPDATE start ioctl failed
E/PPDaemon(  344): MSMFB_NOTIFY_UPDATE start ioctl failed
E/PPDaemon(  344): MSMFB_NOTIFY_UPDATE start ioctl failed
E/PPDaemon(  344): MSMFB_NOTIFY_UPDATE start ioctl failed
E/PPDaemon(  344): MSMFB_NOTIFY_UPDATE start ioctl failed
E/PPDaemon(  344): MSMFB_NOTIFY_UPDATE start ioctl failed
E/PPDaemon(  344): MSMFB_NOTIFY_UPDATE start ioctl failed
E/PPDaemon(  344): MSMFB_NOTIFY_UPDATE start ioctl failed
E/PPDaemon(  344): MSMFB_NOTIFY_UPDATE start ioctl failed
E/PPDaemon(  344): MSMFB_NOTIFY_UPDATE start ioctl failed
E/PPDaemon(  344): MSMFB_NOTIFY_UPDATE start ioctl failed
E/PPDaemon(  344): MSMFB_NOTIFY_UPDATE start ioctl failed
E/PPDaemon(  344): MSMFB_NOTIFY_UPDATE start ioctl failed
E/PPDaemon(  344): MSMFB_NOTIFY_UPDATE start ioctl failed
E/PPDaemon(  344): MSMFB_NOTIFY_UPDATE start ioctl failed
E/PPDaemon(  344): MSMFB_NOTIFY_UPDATE start ioctl failed
E/PPDaemon(  344): MSMFB_NOTIFY_UPDATE start ioctl failed
E/PPDaemon(  344): MSMFB_NOTIFY_UPDATE start ioctl failed
E/PPDaemon(  344): MSMFB_NOTIFY_UPDATE start ioctl failed
E/PPDaemon(  344): MSMFB_NOTIFY_UPDATE start ioctl failed
E/PPDaemon(  344): MSMFB_NOTIFY_UPDATE start ioctl failed
E/PPDaemon(  344): MSMFB_NOTIFY_UPDATE start ioctl failed
E/PPDaemon(  344): MSMFB_NOTIFY_UPDATE start ioctl failed
E/PPDaemon(  344): MSMFB_NOTIFY_UPDATE start ioctl failed
E/PPDaemon(  344): MSMFB_NOTIFY_UPDATE start ioctl failed
E/PPDaemon(  344): MSMFB_NOTIFY_UPDATE start ioctl failed
E/PPDaemon(  344): MSMFB_NOTIFY_UPDATE start ioctl failed
E/PPDaemon(  344): MSMFB_NOTIFY_UPDATE start ioctl failed
E/PPDaemon(  344): MSMFB_NOTIFY_UPDATE start ioctl failed
E/PPDaemon(  344): MSMFB_NOTIFY_UPDATE start ioctl failed
E/PPDaemon(  344): MSMFB_NOTIFY_UPDATE start ioctl failed
E/PPDaemon(  344): MSMFB_NOTIFY_UPDATE start ioctl failed
E/PPDaemon(  344): MSMFB_NOTIFY_UPDATE start ioctl failed
E/PPDaemon(  344): MSMFB_NOTIFY_UPDATE start ioctl failed
E/PPDaemon(  344): MSMFB_NOTIFY_UPDATE start ioctl failed
E/PPDaemon(  344): MSMFB_NOTIFY_UPDATE start ioctl failed
E/PPDaemon(  344): MSMFB_NOTIFY_UPDATE start ioctl failed
E/PPDaemon(  344): MSMFB_NOTIFY_UPDATE start ioctl failed
E/PPDaemon(  344): MSMFB_NOTIFY_UPDATE start ioctl failed
E/PPDaemon(  344): MSMFB_NOTIFY_UPDATE start ioctl failed
E/PPDaemon(  344): MSMFB_NOTIFY_UPDATE start ioctl failed
E/PPDaemon(  344): MSMFB_NOTIFY_UPDATE start ioctl failed
E/PPDaemon(  344): MSMFB_NOTIFY_UPDATE start ioctl failed
E/PPDaemon(  344): MSMFB_NOTIFY_UPDATE start ioctl failed
E/PPDaemon(  344): MSMFB_NOTIFY_UPDATE start ioctl failed
E/PPDaemon(  344): MSMFB_NOTIFY_UPDATE start ioctl failed
E/PPDaemon(  344): MSMFB_NOTIFY_UPDATE start ioctl failed
E/PPDaemon(  344): MSMFB_NOTIFY_UPDATE start ioctl failed
E/PPDaemon(  344): MSMFB_NOTIFY_UPDATE start ioctl failed
E/PPDaemon(  344): MSMFB_NOTIFY_UPDATE start ioctl failed
E/PPDaemon(  344): MSMFB_NOTIFY_UPDATE start ioctl failed
E/PPDaemon(  344): MSMFB_NOTIFY_UPDATE start ioctl failed
E/PPDaemon(  344): MSMFB_NOTIFY_UPDATE start ioctl failed
E/PPDaemon(  344): MSMFB_NOTIFY_UPDATE start ioctl failed
E/PPDaemon(  344): MSMFB_NOTIFY_UPDATE start ioctl failed
E/PPDaemon(  344): MSMFB_NOTIFY_UPDATE start ioctl failed
E/PPDaemon(  344): MSMFB_NOTIFY_UPDATE start ioctl failed
E/PPDaemon(  344): MSMFB_NOTIFY_UPDATE start ioctl failed
E/PPDaemon(  344): MSMFB_NOTIFY_UPDATE start ioctl failed
E/PPDaemon(  344): MSMFB_NOTIFY_UPDATE start ioctl failed
E/PPDaemon(  344): MSMFB_NOTIFY_UPDATE start ioctl failed
E/PPDaemon(  344): MSMFB_NOTIFY_UPDATE start ioctl failed
E/PPDaemon(  344): MSMFB_NOTIFY_UPDATE start ioctl failed
E/PPDaemon(  344): MSMFB_NOTIFY_UPDATE start ioctl failed
E/PPDaemon(  344): MSMFB_NOTIFY_UPDATE start ioctl failed
E/PPDaemon(  344): MSMFB_NOTIFY_UPDATE start ioctl failed
E/PPDaemon(  344): MSMFB_NOTIFY_UPDATE start ioctl failed
E/PPDaemon(  344): MSMFB_NOTIFY_UPDATE start ioctl failed
E/PPDaemon(  344): MSMFB_NOTIFY_UPDATE start ioctl failed
E/PPDaemon(  344): MSMFB_NOTIFY_UPDATE start ioctl failed
E/PPDaemon(  344): MSMFB_NOTIFY_UPDATE start ioctl failed
E/PPDaemon(  344): MSMFB_NOTIFY_UPDATE start ioctl failed
E/PPDaemon(  344): MSMFB_NOTIFY_UPDATE start ioctl failed
E/PPDaemon(  344): MSMFB_NOTIFY_UPDATE start ioctl failed
E/PPDaemon(  344): MSMFB_NOTIFY_UPDATE start ioctl failed
E/PPDaemon(  344): MSMFB_NOTIFY_UPDATE start ioctl failed
E/PPDaemon(  344): MSMFB_NOTIFY_UPDATE start ioctl failed
E/PPDaemon(  344): MSMFB_NOTIFY_UPDATE start ioctl failed
E/PPDaemon(  344): MSMFB_NOTIFY_UPDATE start ioctl failed
E/PPDaemon(  344): MSMFB_NOTIFY_UPDATE start ioctl failed
E/PPDaemon(  344): MSMFB_NOTIFY_UPDATE start ioctl failed
E/PPDaemon(  344): MSMFB_NOTIFY_UPDATE start ioctl failed
E/PPDaemon(  344): MSMFB_NOTIFY_UPDATE start ioctl failed
E/PPDaemon(  344): MSMFB_NOTIFY_UPDATE start ioctl failed
E/PPDaemon(  344): MSMFB_NOTIFY_UPDATE start ioctl failed
E/PPDaemon(  344): MSMFB_NOTIFY_UPDATE start ioctl failed
E/PPDaemon(  344): MSMFB_NOTIFY_UPDATE start ioctl failed
E/PPDaemon(  344): MSMFB_NOTIFY_UPDATE start ioctl failed
E/PPDaemon(  344): MSMFB_NOTIFY_UPDATE start ioctl failed
E/PPDaemon(  344): MSMFB_NOTIFY_UPDATE start ioctl failed
E/PPDaemon(  344): MSMFB_NOTIFY_UPDATE start ioctl failed
E/PPDaemon(  344): MSMFB_NOTIFY_UPDATE start ioctl failed
E/PPDaemon(  344): MSMFB_NOTIFY_UPDATE start ioctl failed
E/PPDaemon(  344): MSMFB_NOTIFY_UPDATE start ioctl failed
E/PPDaemon(  344): MSMFB_NOTIFY_UPDATE start ioctl failed
E/PPDaemon(  344): MSMFB_NOTIFY_UPDATE start ioctl failed
E/PPDaemon(  344): MSMFB_NOTIFY_UPDATE start ioctl failed
E/PPDaemon(  344): MSMFB_NOTIFY_UPDATE start ioctl failed
E/PPDaemon(  344): MSMFB_NOTIFY_UPDATE start ioctl failed
E/PPDaemon(  344): MSMFB_NOTIFY_UPDATE start ioctl failed
E/PPDaemon(  344): MSMFB_NOTIFY_UPDATE start ioctl failed
E/PPDaemon(  344): MSMFB_NOTIFY_UPDATE start ioctl failed
E/PPDaemon(  344): MSMFB_NOTIFY_UPDATE start ioctl failed
E/PPDaemon(  344): MSMFB_NOTIFY_UPDATE start ioctl failed
E/PPDaemon(  344): MSMFB_NOTIFY_UPDATE start ioctl failed
E/PPDaemon(  344): MSMFB_NOTIFY_UPDATE start ioctl failed
E/PPDaemon(  344): MSMFB_NOTIFY_UPDATE start ioctl failed
E/PPDaemon(  344): MSMFB_NOTIFY_UPDATE start ioctl failed
E/PPDaemon(  344): MSMFB_NOTIFY_UPDATE start ioctl failed
E/PPDaemon(  344): MSMFB_NOTIFY_UPDATE start ioctl failed
E/PPDaemon(  344): MSMFB_NOTIFY_UPDATE start ioctl failed
E/PPDaemon(  344): MSMFB_NOTIFY_UPDATE start ioctl failed
E/PPDaemon(  344): MSMFB_NOTIFY_UPDATE start ioctl failed
E/PPDaemon(  344): MSMFB_NOTIFY_UPDATE start ioctl failed
E/PPDaemon(  344): MSMFB_NOTIFY_UPDATE start ioctl failed
E/PPDaemon(  344): MSMFB_NOTIFY_UPDATE start ioctl failed
E/PPDaemon(  344): MSMFB_NOTIFY_UPDATE start ioctl failed
E/PPDaemon(  344): MSMFB_NOTIFY_UPDATE start ioctl failed
E/PPDaemon(  344): MSMFB_NOTIFY_UPDATE start ioctl failed
E/PPDaemon(  344): MSMFB_NOTIFY_UPDATE start ioctl failed
E/PPDaemon(  344): MSMFB_NOTIFY_UPDATE start ioctl failed
E/PPDaemon(  344): MSMFB_NOTIFY_UPDATE start ioctl failed
E/PPDaemon(  344): MSMFB_NOTIFY_UPDATE start ioctl failed
E/PPDaemon(  344): MSMFB_NOTIFY_UPDATE start ioctl failed
E/PPDaemon(  344): MSMFB_NOTIFY_UPDATE start ioctl failed
E/PPDaemon(  344): MSMFB_NOTIFY_UPDATE start ioctl failed
E/PPDaemon(  344): MSMFB_NOTIFY_UPDATE start ioctl failed
E/PPDaemon(  344): MSMFB_NOTIFY_UPDATE start ioctl failed
E/PPDaemon(  344): MSMFB_NOTIFY_UPDATE start ioctl failed
E/PPDaemon(  344): MSMFB_NOTIFY_UPDATE start ioctl failed
E/PPDaemon(  344): MSMFB_NOTIFY_UPDATE start ioctl failed
E/PPDaemon(  344): MSMFB_NOTIFY_UPDATE start ioctl failed
E/PPDaemon(  344): MSMFB_NOTIFY_UPDATE start ioctl failed
E/PPDaemon(  344): MSMFB_NOTIFY_UPDATE start ioctl failed
E/PPDaemon(  344): MSMFB_NOTIFY_UPDATE start ioctl failed
E/PPDaemon(  344): MSMFB_NOTIFY_UPDATE start ioctl failed
E/PPDaemon(  344): MSMFB_NOTIFY_UPDATE start ioctl failed
E/PPDaemon(  344): MSMFB_NOTIFY_UPDATE start ioctl failed
E/PPDaemon(  344): MSMFB_NOTIFY_UPDATE start ioctl failed
E/PPDaemon(  344): MSMFB_NOTIFY_UPDATE start ioctl failed
E/PPDaemon(  344): MSMFB_NOTIFY_UPDATE start ioctl failed
E/PPDaemon(  344): MSMFB_NOTIFY_UPDATE start ioctl failed
E/PPDaemon(  344): MSMFB_NOTIFY_UPDATE start ioctl failed
E/PPDaemon(  344): MSMFB_NOTIFY_UPDATE start ioctl failed
E/PPDaemon(  344): MSMFB_NOTIFY_UPDATE start ioctl failed
E/PPDaemon(  344): MSMFB_NOTIFY_UPDATE start ioctl failed
E/PPDaemon(  344): MSMFB_NOTIFY_UPDATE start ioctl failed
E/PPDaemon(  344): MSMFB_NOTIFY_UPDATE start ioctl failed
E/PPDaemon(  344): MSMFB_NOTIFY_UPDATE start ioctl failed
E/PPDaemon(  344): MSMFB_NOTIFY_UPDATE start ioctl failed
E/PPDaemon(  344): MSMFB_NOTIFY_UPDATE start ioctl failed
E/PPDaemon(  344): MSMFB_NOTIFY_UPDATE start ioctl failed
E/PPDaemon(  344): MSMFB_NOTIFY_UPDATE start ioctl failed
E/PPDaemon(  344): MSMFB_NOTIFY_UPDATE start ioctl failed
E/PPDaemon(  344): MSMFB_NOTIFY_UPDATE start ioctl failed
E/PPDaemon(  344): MSMFB_NOTIFY_UPDATE start ioctl failed
E/PPDaemon(  344): MSMFB_NOTIFY_UPDATE start ioctl failed
E/PPDaemon(  344): MSMFB_NOTIFY_UPDATE start ioctl failed
E/PPDaemon(  344): MSMFB_NOTIFY_UPDATE start ioctl failed
E/PPDaemon(  344): MSMFB_NOTIFY_UPDATE start ioctl failed
E/PPDaemon(  344): MSMFB_NOTIFY_UPDATE start ioctl failed
E/PPDaemon(  344): MSMFB_NOTIFY_UPDATE start ioctl failed
E/PPDaemon(  344): MSMFB_NOTIFY_UPDATE start ioctl failed
E/PPDaemon(  344): MSMFB_NOTIFY_UPDATE start ioctl failed
E/PPDaemon(  344): MSMFB_NOTIFY_UPDATE start ioctl failed
E/PPDaemon(  344): MSMFB_NOTIFY_UPDATE start ioctl failed
E/PPDaemon(  344): MSMFB_NOTIFY_UPDATE start ioctl failed
E/PPDaemon(  344): MSMFB_NOTIFY_UPDATE start ioctl failed
E/PPDaemon(  344): MSMFB_NOTIFY_UPDATE start ioctl failed
E/qdhwcomposer(  262): hwc_sync: ioctl MSMFB_BUFFER_SYNC failed, err=Operation not permitted
E/qdhwcomposer(  262): hwc_sync: acq_fen_fd_cnt=1 flags=16 fd=13 dpy=0 numHwLayers=5
E/qdoverlay(  262): Failed to call ioctl MSMFB_DISPLAY_COMMIT err=Operation not permitted
E/qdoverlay(  262): static bool overlay::Overlay::displayCommit(const int&, const overlay::utils::Dim&, const overlay::utils::Dim&): commit failed
E/qdhwcomposer(  262): hwc_set_primary: display commit fail for 0 dpy!
E/PPDaemon(  344): MSMFB_NOTIFY_UPDATE start ioctl failed
E/PPDaemon(  344): MSMFB_NOTIFY_UPDATE start ioctl failed
E/PPDaemon(  344): MSMFB_NOTIFY_UPDATE start ioctl failed
E/PPDaemon(  344): MSMFB_NOTIFY_UPDATE start ioctl failed
E/PPDaemon(  344): MSMFB_NOTIFY_UPDATE start ioctl failed
E/PPDaemon(  344): MSMFB_NOTIFY_UPDATE start ioctl failed
E/PPDaemon(  344): MSMFB_NOTIFY_UPDATE start ioctl failed
E/PPDaemon(  344): MSMFB_NOTIFY_UPDATE start ioctl failed
E/PPDaemon(  344): MSMFB_NOTIFY_UPDATE start ioctl failed
E/PPDaemon(  344): MSMFB_NOTIFY_UPDATE start ioctl failed
E/PPDaemon(  344): MSMFB_NOTIFY_UPDATE start ioctl failed
E/PPDaemon(  344): MSMFB_NOTIFY_UPDATE start ioctl failed
E/PPDaemon(  344): MSMFB_NOTIFY_UPDATE start ioctl failed
E/PPDaemon(  344): MSMFB_NOTIFY_UPDATE start ioctl failed
E/PPDaemon(  344): MSMFB_NOTIFY_UPDATE start ioctl failed
E/PPDaemon(  344): MSMFB_NOTIFY_UPDATE start ioctl failed
E/PPDaemon(  344): MSMFB_NOTIFY_UPDATE start ioctl failed
E/PPDaemon(  344): MSMFB_NOTIFY_UPDATE start ioctl failed
E/PPDaemon(  344): MSMFB_NOTIFY_UPDATE start ioctl failed
E/PPDaemon(  344): MSMFB_NOTIFY_UPDATE start ioctl failed
E/PPDaemon(  344): MSMFB_NOTIFY_UPDATE start ioctl failed
E/PPDaemon(  344): MSMFB_NOTIFY_UPDATE start ioctl failed
E/PPDaemon(  344): MSMFB_NOTIFY_UPDATE start ioctl failed
E/PPDaemon(  344): MSMFB_NOTIFY_UPDATE start ioctl failed
E/PPDaemon(  344): MSMFB_NOTIFY_UPDATE start ioctl failed
E/PPDaemon(  344): MSMFB_NOTIFY_UPDATE start ioctl failed
E/PPDaemon(  344): MSMFB_NOTIFY_UPDATE start ioctl failed
E/PPDaemon(  344): MSMFB_NOTIFY_UPDATE start ioctl failed
E/PPDaemon(  344): MSMFB_NOTIFY_UPDATE start ioctl failed
E/PPDaemon(  344): MSMFB_NOTIFY_UPDATE start ioctl failed
E/PPDaemon(  344): MSMFB_NOTIFY_UPDATE start ioctl failed
E/PPDaemon(  344): MSMFB_NOTIFY_UPDATE start ioctl failed
E/PPDaemon(  344): MSMFB_NOTIFY_UPDATE start ioctl failed
E/PPDaemon(  344): MSMFB_NOTIFY_UPDATE start ioctl failed
E/PPDaemon(  344): MSMFB_NOTIFY_UPDATE start ioctl failed
E/PPDaemon(  344): MSMFB_NOTIFY_UPDATE start ioctl failed
E/PPDaemon(  344): MSMFB_NOTIFY_UPDATE start ioctl failed
E/PPDaemon(  344): MSMFB_NOTIFY_UPDATE start ioctl failed
E/PPDaemon(  344): MSMFB_NOTIFY_UPDATE start ioctl failed
E/PPDaemon(  344): MSMFB_NOTIFY_UPDATE start ioctl failed
E/PPDaemon(  344): MSMFB_NOTIFY_UPDATE start ioctl failed
E/PPDaemon(  344): MSMFB_NOTIFY_UPDATE start ioctl failed
E/PPDaemon(  344): MSMFB_NOTIFY_UPDATE start ioctl failed
E/PPDaemon(  344): MSMFB_NOTIFY_UPDATE start ioctl failed
E/PPDaemon(  344): MSMFB_NOTIFY_UPDATE start ioctl failed
E/PPDaemon(  344): MSMFB_NOTIFY_UPDATE start ioctl failed
E/PPDaemon(  344): MSMFB_NOTIFY_UPDATE start ioctl failed
E/PPDaemon(  344): MSMFB_NOTIFY_UPDATE start ioctl failed
E/PPDaemon(  344): MSMFB_NOTIFY_UPDATE start ioctl failed
E/PPDaemon(  344): MSMFB_NOTIFY_UPDATE start ioctl failed
E/PPDaemon(  344): MSMFB_NOTIFY_UPDATE start ioctl failed
E/PPDaemon(  344): MSMFB_NOTIFY_UPDATE start ioctl failed
E/PPDaemon(  344): MSMFB_NOTIFY_UPDATE start ioctl failed
E/PPDaemon(  344): MSMFB_NOTIFY_UPDATE start ioctl failed
E/PPDaemon(  344): MSMFB_NOTIFY_UPDATE start ioctl failed
E/PPDaemon(  344): MSMFB_NOTIFY_UPDATE start ioctl failed
E/PPDaemon(  344): MSMFB_NOTIFY_UPDATE start ioctl failed
E/PPDaemon(  344): MSMFB_NOTIFY_UPDATE start ioctl failed
E/PPDaemon(  344): MSMFB_NOTIFY_UPDATE start ioctl failed
E/PPDaemon(  344): MSMFB_NOTIFY_UPDATE start ioctl failed
E/PPDaemon(  344): MSMFB_NOTIFY_UPDATE start ioctl failed
E/PPDaemon(  344): MSMFB_NOTIFY_UPDATE start ioctl failed
E/PPDaemon(  344): MSMFB_NOTIFY_UPDATE start ioctl failed
E/PPDaemon(  344): MSMFB_NOTIFY_UPDATE start ioctl failed
E/PPDaemon(  344): MSMFB_NOTIFY_UPDATE start ioctl failed
E/PPDaemon(  344): MSMFB_NOTIFY_UPDATE start ioctl failed
E/PPDaemon(  344): MSMFB_NOTIFY_UPDATE start ioctl failed
E/PPDaemon(  344): MSMFB_NOTIFY_UPDATE start ioctl failed
E/PPDaemon(  344): MSMFB_NOTIFY_UPDATE start ioctl failed
E/PPDaemon(  344): MSMFB_NOTIFY_UPDATE start ioctl failed
E/PPDaemon(  344): MSMFB_NOTIFY_UPDATE start ioctl failed
E/PPDaemon(  344): MSMFB_NOTIFY_UPDATE start ioctl failed
E/PPDaemon(  344): MSMFB_NOTIFY_UPDATE start ioctl failed
E/PPDaemon(  344): MSMFB_NOTIFY_UPDATE start ioctl failed
E/PPDaemon(  344): MSMFB_NOTIFY_UPDATE start ioctl failed
E/PPDaemon(  344): MSMFB_NOTIFY_UPDATE start ioctl failed
E/PPDaemon(  344): MSMFB_NOTIFY_UPDATE start ioctl failed
E/PPDaemon(  344): MSMFB_NOTIFY_UPDATE start ioctl failed
E/PPDaemon(  344): MSMFB_NOTIFY_UPDATE start ioctl failed
E/PPDaemon(  344): MSMFB_NOTIFY_UPDATE start ioctl failed
E/PPDaemon(  344): MSMFB_NOTIFY_UPDATE start ioctl failed
E/PPDaemon(  344): MSMFB_NOTIFY_UPDATE start ioctl failed
E/PPDaemon(  344): MSMFB_NOTIFY_UPDATE start ioctl failed
E/PPDaemon(  344): MSMFB_NOTIFY_UPDATE start ioctl failed
E/PPDaemon(  344): MSMFB_NOTIFY_UPDATE start ioctl failed
E/PPDaemon(  344): MSMFB_NOTIFY_UPDATE start ioctl failed
E/PPDaemon(  344): MSMFB_NOTIFY_UPDATE start ioctl failed
E/PPDaemon(  344): MSMFB_NOTIFY_UPDATE start ioctl failed
E/PPDaemon(  344): MSMFB_NOTIFY_UPDATE start ioctl failed
E/PPDaemon(  344): MSMFB_NOTIFY_UPDATE start ioctl failed
E/PPDaemon(  344): MSMFB_NOTIFY_UPDATE start ioctl failed
E/PPDaemon(  344): MSMFB_NOTIFY_UPDATE start ioctl failed
E/PPDaemon(  344): MSMFB_NOTIFY_UPDATE start ioctl failed
E/PPDaemon(  344): MSMFB_NOTIFY_UPDATE start ioctl failed
E/PPDaemon(  344): MSMFB_NOTIFY_UPDATE start ioctl failed
E/PPDaemon(  344): MSMFB_NOTIFY_UPDATE start ioctl failed
E/PPDaemon(  344): MSMFB_NOTIFY_UPDATE start ioctl failed
E/PPDaemon(  344): MSMFB_NOTIFY_UPDATE start ioctl failed
E/PPDaemon(  344): MSMFB_NOTIFY_UPDATE start ioctl failed
E/PPDaemon(  344): MSMFB_NOTIFY_UPDATE start ioctl failed
E/PPDaemon(  344): MSMFB_NOTIFY_UPDATE start ioctl failed
E/PPDaemon(  344): MSMFB_NOTIFY_UPDATE start ioctl failed
E/PPDaemon(  344): MSMFB_NOTIFY_UPDATE start ioctl failed
E/PPDaemon(  344): MSMFB_NOTIFY_UPDATE start ioctl failed
E/AudioPolicyManager(  301): unknown stream type 13
E/AudioPolicyManager(  301): unknown stream type 13
E/AudioPolicyManager(  301): unknown stream type 13
E/AudioPolicyManager(  301): unknown stream type 13
E/AudioPolicyManager(  301): unknown stream type 13
E/AudioPolicyManager(  301): unknown stream type 13
E/AudioPolicyManager(  301): unknown stream type 13
E/AudioPolicyManager(  301): unknown stream type 13
E/AudioPolicyManager(  301): unknown stream type 13
E/AudioPolicyManager(  301): unknown stream type 13
E/AudioPolicyManager(  301): unknown stream type 13
E/AudioPolicyManager(  301): unknown stream type 13
E/AudioPolicyManager(  301): unknown stream type 13
E/AudioPolicyManager(  301): unknown stream type 13
E/AudioPolicyManager(  301): unknown stream type 13
E/AudioPolicyManager(  301): unknown stream type 13
E/AudioPolicyManager(  301): unknown stream type 13
E/PPDaemon(  344): MSMFB_NOTIFY_UPDATE start ioctl failed
E/PPDaemon(  344): MSMFB_NOTIFY_UPDATE start ioctl failed
E/PPDaemon(  344): MSMFB_NOTIFY_UPDATE start ioctl failed
E/PPDaemon(  344): MSMFB_NOTIFY_UPDATE start ioctl failed
E/PPDaemon(  344): MSMFB_NOTIFY_UPDATE start ioctl failed
E/PPDaemon(  344): MSMFB_NOTIFY_UPDATE start ioctl failed
E/PPDaemon(  344): MSMFB_NOTIFY_UPDATE start ioctl failed
E/PPDaemon(  344): MSMFB_NOTIFY_UPDATE start ioctl failed
E/PPDaemon(  344): MSMFB_NOTIFY_UPDATE start ioctl failed
E/PPDaemon(  344): MSMFB_NOTIFY_UPDATE start ioctl failed
E/PPDaemon(  344): MSMFB_NOTIFY_UPDATE start ioctl failed
E/PPDaemon(  344): MSMFB_NOTIFY_UPDATE start ioctl failed
E/PPDaemon(  344): MSMFB_NOTIFY_UPDATE start ioctl failed
E/PPDaemon(  344): MSMFB_NOTIFY_UPDATE start ioctl failed
E/PPDaemon(  344): MSMFB_NOTIFY_UPDATE start ioctl failed
E/PPDaemon(  344): MSMFB_NOTIFY_UPDATE start ioctl failed
E/PPDaemon(  344): MSMFB_NOTIFY_UPDATE start ioctl failed
E/PPDaemon(  344): MSMFB_NOTIFY_UPDATE start ioctl failed
E/PPDaemon(  344): MSMFB_NOTIFY_UPDATE start ioctl failed
E/PPDaemon(  344): MSMFB_NOTIFY_UPDATE start ioctl failed
E/PPDaemon(  344): MSMFB_NOTIFY_UPDATE start ioctl failed
E/PPDaemon(  344): MSMFB_NOTIFY_UPDATE start ioctl failed
E/PPDaemon(  344): MSMFB_NOTIFY_UPDATE start ioctl failed
E/PPDaemon(  344): MSMFB_NOTIFY_UPDATE start ioctl failed
E/PPDaemon(  344): MSMFB_NOTIFY_UPDATE start ioctl failed
E/PPDaemon(  344): MSMFB_NOTIFY_UPDATE start ioctl failed
E/PPDaemon(  344): MSMFB_NOTIFY_UPDATE start ioctl failed
E/PPDaemon(  344): MSMFB_NOTIFY_UPDATE start ioctl failed
E/PPDaemon(  344): MSMFB_NOTIFY_UPDATE start ioctl failed
E/PPDaemon(  344): MSMFB_NOTIFY_UPDATE start ioctl failed
E/PPDaemon(  344): MSMFB_NOTIFY_UPDATE start ioctl failed
E/PPDaemon(  344): MSMFB_NOTIFY_UPDATE start ioctl failed
E/PPDaemon(  344): MSMFB_NOTIFY_UPDATE start ioctl failed
E/PPDaemon(  344): MSMFB_NOTIFY_UPDATE start ioctl failed
E/PPDaemon(  344): MSMFB_NOTIFY_UPDATE start ioctl failed
E/PPDaemon(  344): MSMFB_NOTIFY_UPDATE start ioctl failed
E/PPDaemon(  344): MSMFB_NOTIFY_UPDATE start ioctl failed
E/PPDaemon(  344): MSMFB_NOTIFY_UPDATE start ioctl failed
D/wpa_supplicant(17726): wlan0: Control interface command 'SIGNAL_POLL'
V/WLAN_PSA(  314): NL MSG, len[4003], NL type[0x1C] WNI type[0x5900] len[35599]
V/WLAN_PSA(  314): NL MSG, PID: 314
I/SurfaceFlinger(  262): FPS: 29
I/WindowManager(  775): Win Window{bff5d73 u0 android}: isVisibleOrBehindKeyguardLw=true
I/WindowManager(  775): Win Window{7989c4a u0 StatusBar}: isVisibleOrBehindKeyguardLw=true
I/WindowManager(  775): Win Window{cc08110 u0 Toast}: isVisibleOrBehindKeyguardLw=false
I/WindowManager(  775): Win Window{313e19d6 u0 com.interswitchng.interswitchpossdkdemo.telpo.v2.debug/com.interswitchng.smartpos.modules.main.MainActivity}: isVisibleOrBehindKeyguardLw=true
V/WindowManager(  775): Fullscreen window: Window{313e19d6 u0 com.interswitchng.interswitchpossdkdemo.telpo.v2.debug/com.interswitchng.smartpos.modules.main.MainActivity}
I/WindowManager(  775): Win Window{1ea30909 u0 com.android.phasebeam.PhaseBeamWallpaper}: isVisibleOrBehindKeyguardLw=false
I/WindowManager(  775): force=false forcefkg=false top=Window{313e19d6 u0 com.interswitchng.interswitchpossdkdemo.telpo.v2.debug/com.interswitchng.smartpos.modules.main.MainActivity}
D/WindowManager(  775): frame: Rect(0, 0 - 720, 1280) shown frame: RectF(0.0, 0.0, 720.0, 1280.0)
D/WindowManager(  775): attr: WM.LayoutParams{(0,0)(fillxfill) sim=#20 ty=1 fl=#81810100 wanim=0x1030467 vsysui=0x600 surfaceInsets=Rect(0, 0 - 0, 0) needsMenuKey=2} lp.flags=0x81810100
V/WindowManager(  775): ** SHOWING status bar: top is not fullscreen
V/WindowManager(  775): finishPostLayoutPolicyLw: mHideKeyguard=false
I/WindowManager(  775): mDock rect: (0,0 - 720,1280)
V/WindowManager(  775): Status bar: dock=[0,50][720,1280] content=[0,50][720,1280] cur=[0,50][720,1280]
V/WindowManager(  775): layoutWindowLw(): normal window
V/WindowManager(  775): Compute frame : sim=#20 attach=null type=2015 flags=0x01000018 pf=[0,50][720,1280] df=[0,50][720,1280] of=[0,50][720,1280] cf=[0,50][720,1280] vf=[0,50][720,1280] dcf=[0,0][720,1280] sf=[0,50][720,1280]
V/WindowManager(  775): layoutWindowLw(com.interswitchng.interswitchpossdkdemo.telpo.v2.debug/com.interswitchng.smartpos.modules.main.MainActivity): IN_SCREEN, INSET_DECOR
V/WindowManager(  775): Compute frame com.interswitchng.interswitchpossdkdemo.telpo.v2.debug/com.interswitchng.smartpos.modules.main.MainActivity: sim=#20 attach=null type=1 flags=0x81810100 pf=[0,0][720,1280] df=[0,0][720,1280] of=[0,0][720,1280] cf=[0,50][720,1280] vf=[0,50][720,1280] dcf=[0,0][720,1280] sf=[0,50][720,1280]
I/WindowManager(  775): Win Window{bff5d73 u0 android}: isVisibleOrBehindKeyguardLw=true
I/WindowManager(  775): Win Window{7989c4a u0 StatusBar}: isVisibleOrBehindKeyguardLw=true
I/WindowManager(  775): Win Window{313e19d6 u0 com.interswitchng.interswitchpossdkdemo.telpo.v2.debug/com.interswitchng.smartpos.modules.main.MainActivity}: isVisibleOrBehindKeyguardLw=true
V/WindowManager(  775): Fullscreen window: Window{313e19d6 u0 com.interswitchng.interswitchpossdkdemo.telpo.v2.debug/com.interswitchng.smartpos.modules.main.MainActivity}
I/WindowManager(  775): Win Window{1ea30909 u0 com.android.phasebeam.PhaseBeamWallpaper}: isVisibleOrBehindKeyguardLw=false
I/WindowManager(  775): force=false forcefkg=false top=Window{313e19d6 u0 com.interswitchng.interswitchpossdkdemo.telpo.v2.debug/com.interswitchng.smartpos.modules.main.MainActivity}
D/WindowManager(  775): frame: Rect(0, 0 - 720, 1280) shown frame: RectF(0.0, 0.0, 720.0, 1280.0)
D/WindowManager(  775): attr: WM.LayoutParams{(0,0)(fillxfill) sim=#20 ty=1 fl=#81810100 wanim=0x1030467 vsysui=0x600 surfaceInsets=Rect(0, 0 - 0, 0) needsMenuKey=2} lp.flags=0x81810100
V/WindowManager(  775): ** SHOWING status bar: top is not fullscreen
V/WindowManager(  775): finishPostLayoutPolicyLw: mHideKeyguard=false
D/BatteryMeterView( 2940): not on charging...
D/BatteryMeterView( 2940): not on charging...
D/BatteryMeterView( 2940): onDraw level = 13
D/BatteryMeterView( 2940): not on charging...
D/BatteryMeterView( 2940): onDraw level = 13
D/telpo_native(  775): usb_printer_write data start!
D/telpo_native(  775): usb_printer_write start!
E/telpo_native(  775): ret = 25
D/telpo_native(  775): handle_emv_serial_read_write_cmd: usb write length = 25
E/telpo_native(  775): serial_read:start read
E/telpo_native(  775): serial_read:serial_read read_size = 0
D/telpo_native(  775): handle_emv_serial_read_write_cmd: usb_printer_read length = 20
I/telpo_native(  775): 0b
I/telpo_native(  775): b0
I/telpo_native(  775): 96
I/telpo_native(  775): 69
I/telpo_native(  775): 04
I/telpo_native(  775): 00
I/telpo_native(  775): 00
I/telpo_native(  775): 00
I/telpo_native(  775): c7
I/telpo_native(  775): 00
I/telpo_native(  775): 04
I/telpo_native(  775): 01
I/telpo_native(  775): 00
I/telpo_native(  775): 00
I/telpo_native(  775): 00
I/telpo_native(  775): 00
I/telpo_native(  775): 00
I/telpo_native(  775): 00
I/telpo_native(  775): 00
I/telpo_native(  775): 00
I/telpo_native(  775): 
D/telpo_native(  775): handle_emv_serial_read_write_cmd: parse successfully!
I/telpo_native(  775): handle_emv_serial_read_write_cmd: receive data length is 20
I/telpo_native(  775): 0b
I/telpo_native(  775): b0
I/telpo_native(  775): 96
I/telpo_native(  775): 69
I/telpo_native(  775): 04
I/telpo_native(  775): 00
I/telpo_native(  775): 00
I/telpo_native(  775): 00
I/telpo_native(  775): c7
I/telpo_native(  775): 00
I/telpo_native(  775): 04
I/telpo_native(  775): 01
I/telpo_native(  775): 00
I/telpo_native(  775): 00
I/telpo_native(  775): 00
I/telpo_native(  775): 00
I/telpo_native(  775): 00
I/telpo_native(  775): 00
I/telpo_native(  775): 00
I/telpo_native(  775): 00
I/telpo_native(  775): 
D/telpo_native(22293): CallIntMethod return ret = 0 length = 20
W/EmvService(22293): InputPin: 1
E/EMV_LIB (22293): Send APDU:13
E/EMV_LIB (22293): <<<   >>> [13]
E/EMV_LIB (22293): 00 20 00 80 08 24 42 51 FF FF FF FF FF 
D/telpo_native(  775): usb_printer_write data start!
D/telpo_native(  775): usb_printer_write start!
E/telpo_native(  775): ret = 38
D/telpo_native(  775): handle_emv_serial_read_write_cmd: usb write length = 38
E/telpo_native(  775): Cannot find response header
D/telpo_native(  775): handle_emv_serial_read_write_cmd: not enough data receive,continue
D/audio_hw_primary(  301): out_standby: enter: stream (0xb79ed5d8) usecase(0: deep-buffer-playback)
E/telpo_native(  775): Cannot find response header
D/telpo_native(  775): handle_emv_serial_read_write_cmd: not enough data receive,continue
E/telpo_native(  775): Cannot find response header
D/telpo_native(  775): handle_emv_serial_read_write_cmd: not enough data receive,continue
E/telpo_native(  775): Cannot find response header
D/telpo_native(  775): handle_emv_serial_read_write_cmd: not enough data receive,continue
E/telpo_native(  775): Cannot find response header
D/telpo_native(  775): handle_emv_serial_read_write_cmd: not enough data receive,continue
E/telpo_native(  775): Cannot find response header
D/telpo_native(  775): handle_emv_serial_read_write_cmd: not enough data receive,continue
E/telpo_native(  775): Cannot find response header
D/telpo_native(  775): handle_emv_serial_read_write_cmd: not enough data receive,continue
E/telpo_native(  775): Cannot find response header
D/telpo_native(  775): handle_emv_serial_read_write_cmd: not enough data receive,continue
E/telpo_native(  775): Cannot find response header
D/telpo_native(  775): handle_emv_serial_read_write_cmd: not enough data receive,continue
E/telpo_native(  775): serial_read:start read
E/telpo_native(  775): serial_read:serial_read read_size = 0
D/telpo_native(  775): handle_emv_serial_read_write_cmd: usb_printer_read length = 26
I/telpo_native(  775): 0b
I/telpo_native(  775): b0
I/telpo_native(  775): 96
I/telpo_native(  775): 69
I/telpo_native(  775): 0a
I/telpo_native(  775): 00
I/telpo_native(  775): 00
I/telpo_native(  775): 00
I/telpo_native(  775): c8
I/telpo_native(  775): 00
I/telpo_native(  775): 04
I/telpo_native(  775): 01
I/telpo_native(  775): 00
I/telpo_native(  775): 00
I/telpo_native(  775): 00
I/telpo_native(  775): 00
I/telpo_native(  775): 00
I/telpo_native(  775): 00
I/telpo_native(  775): 00
I/telpo_native(  775): 00
I/telpo_native(  775): 02
I/telpo_native(  775): 00
I/telpo_native(  775): 00
I/telpo_native(  775): 00
I/telpo_native(  775): 90
I/telpo_native(  775): 00
I/telpo_native(  775): 
D/telpo_native(  775): handle_emv_serial_read_write_cmd: parse successfully!
I/telpo_native(  775): handle_emv_serial_read_write_cmd: receive data length is 26
I/telpo_native(  775): 0b
I/telpo_native(  775): b0
I/telpo_native(  775): 96
I/telpo_native(  775): 69
I/telpo_native(  775): 0a
I/telpo_native(  775): 00
I/telpo_native(  775): 00
I/telpo_native(  775): 00
I/telpo_native(  775): c8
I/telpo_native(  775): 00
I/telpo_native(  775): 04
I/telpo_native(  775): 01
I/telpo_native(  775): 00
I/telpo_native(  775): 00
I/telpo_native(  775): 00
I/telpo_native(  775): 00
I/telpo_native(  775): 00
I/telpo_native(  775): 00
I/telpo_native(  775): 00
I/telpo_native(  775): 00
I/telpo_native(  775): 02
I/telpo_native(  775): 00
I/telpo_native(  775): 00
I/telpo_native(  775): 00
I/telpo_native(  775): 90
I/telpo_native(  775): 00
I/telpo_native(  775): 
D/telpo_native(22293): CallIntMethod return ret = 0 length = 26
E/EMV_LIB (22293): Receive APDU:2
E/EMV_LIB (22293): <<< Receive APDU: >>> [2]
E/EMV_LIB (22293): 90 00 
E/EMV_LIB (22293): Cvm_Excute ret = 1
E/EMV_LIB (22293): CVM [2] Checked Successfully
E/EMV_LIB (22293): <<< emv tlv tag Get [0x95] >>> [5]
E/EMV_LIB (22293): 04 80 80 00 00 
E/EMV_LIB (22293): <<< emv tlv tag Set [0x95] >>> [5]
E/EMV_LIB (22293): 04 80 00 00 00 
E/EMV_LIB (22293): <<< emv tlv tag Get [0x9B] >>> [2]
E/EMV_LIB (22293): 80 00 
E/EMV_LIB (22293): <<< emv tlv tag Set [0x9B] >>> [2]
E/EMV_LIB (22293): C0 00 
E/EMV_LIB (22293): <<< emv tlv tag Set [0x9F34] >>> [3]
E/EMV_LIB (22293): 41 03 02 
E/EMV_LIB (22293): <<< emv tlv tag Get [0x5A] >>> [8]
E/EMV_LIB (22293): 51 99 11 07 54 30 94 55 
E/EMV_LIB (22293): CheckException methid :1952539872
W/EmvService(22293): CheckExceptionPan: 0
E/EMV_LIB (22293): CheckException ret :0
E/EMV_LIB (22293): OnEmvCheckException ret = 0
E/EMV_LIB (22293): <<< emv tlv tag Get [0x9F1B] >>> [4]
E/EMV_LIB (22293): 7F FF FF FF 
E/EMV_LIB (22293): <<< emv tlv tag Get [0x9F02] >>> [6]
E/EMV_LIB (22293): 00 00 00 00 00 01 
E/EMV_LIB (22293): <<< emv tlv tag Get [0x9F02] >>> [6]
E/EMV_LIB (22293): 00 00 00 00 00 01 
E/EMV_LIB (22293): <<< emv tlv tag Get [0x9F1B] >>> [4]
E/EMV_LIB (22293): 7F FF FF FF 
E/EMV_LIB (22293): <<< emv tlv tag Get [0x9B] >>> [2]
E/EMV_LIB (22293): C0 00 
E/EMV_LIB (22293): <<< emv tlv tag Set [0x9B] >>> [2]
E/EMV_LIB (22293): C8 00 
E/EMV_LIB (22293): <<< emv tlv tag Get [0x8C] >>> [39]
E/EMV_LIB (22293): 9F 02 06 9F 03 06 9F 1A 02 95 05 5F 2A 02 9A 03 9C 01 9F 37 04 9F 35 01 9F 45 02 9F 4C 08 9F 34 03 9F 21 03 9F 7C 14 
E/EMV_LIB (22293): <<< emv tlv tag Get [0x95] >>> [5]
E/EMV_LIB (22293): 04 80 00 00 00 
E/EMV_LIB (22293): <<< emv tlv tag Get [0x9F0E] >>> [5]
E/EMV_LIB (22293): 00 00 00 00 00 
E/EMV_LIB (22293): <<< IAC >>> [5]
E/EMV_LIB (22293): 00 00 00 00 00 
E/EMV_LIB (22293): <<< TAC >>> [5]
E/EMV_LIB (22293): 00 10 00 00 00 
E/EMV_LIB (22293): <<< TVR >>> [5]
E/EMV_LIB (22293): 04 80 00 00 00 
E/EMV_LIB (22293): <<< emv tlv tag Get [0x95] >>> [5]
E/EMV_LIB (22293): 04 80 00 00 00 
E/EMV_LIB (22293): <<< emv tlv tag Get [0x9F0F] >>> [5]
E/EMV_LIB (22293): BC 70 BC 98 00 
E/EMV_LIB (22293): <<< IAC >>> [5]
E/EMV_LIB (22293): BC 70 BC 98 00 
E/EMV_LIB (22293): <<< TAC >>> [5]
E/EMV_LIB (22293): FC F8 E4 F8 80 
E/EMV_LIB (22293): <<< TVR >>> [5]
E/EMV_LIB (22293): 04 80 00 00 00 
E/EMV_LIB (22293): Check Online  
E/EMV_LIB (22293): Result: Generate ARQC
E/EMV_LIB (22293): 1st GenerateAC Command [80]
E/EMV_LIB (22293): <<< emv tlv tag Get [0x8C] >>> [39]
E/EMV_LIB (22293): 9F 02 06 9F 03 06 9F 1A 02 95 05 5F 2A 02 9A 03 9C 01 9F 37 04 9F 35 01 9F 45 02 9F 4C 08 9F 34 03 9F 21 03 9F 7C 14 
E/EMV_LIB (22293): <<< construct_dol >>> [39]
E/EMV_LIB (22293): 9F 02 06 9F 03 06 9F 1A 02 95 05 5F 2A 02 9A 03 9C 01 9F 37 04 9F 35 01 9F 45 02 9F 4C 08 9F 34 03 9F 21 03 9F 7C 14 
E/EMV_LIB (22293): DOL Request Tag:9F02
E/EMV_LIB (22293): <<< emv tlv tag Get [0x9F02] >>> [6]
E/EMV_LIB (22293): 00 00 00 00 00 01 
E/EMV_LIB (22293): <<< Value: >>> [6]
E/EMV_LIB (22293): 00 00 00 00 00 01 
E/EMV_LIB (22293): DOL Request Tag:9F03
E/EMV_LIB (22293): <<< emv tlv tag Get [0x9F03] >>> [6]
E/EMV_LIB (22293): 00 00 00 00 00 00 
E/EMV_LIB (22293): <<< Value: >>> [6]
E/EMV_LIB (22293): 00 00 00 00 00 00 
E/EMV_LIB (22293): DOL Request Tag:9F1A
E/EMV_LIB (22293): <<< emv tlv tag Get [0x9F1A] >>> [2]
E/EMV_LIB (22293): 05 66 
E/EMV_LIB (22293): <<< Value: >>> [2]
E/EMV_LIB (22293): 05 66 
E/EMV_LIB (22293): DOL Request Tag:95
E/EMV_LIB (22293): <<< emv tlv tag Get [0x95] >>> [5]
E/EMV_LIB (22293): 04 80 00 00 00 
E/EMV_LIB (22293): <<< Value: >>> [5]
E/EMV_LIB (22293): 04 80 00 00 00 
E/EMV_LIB (22293): DOL Request Tag:5F2A
E/EMV_LIB (22293): <<< emv tlv tag Get [0x5F2A] >>> [2]
E/EMV_LIB (22293): 05 66 
E/EMV_LIB (22293): <<< Value: >>> [2]
E/EMV_LIB (22293): 05 66 
E/EMV_LIB (22293): DOL Request Tag:9A
E/EMV_LIB (22293): <<< emv tlv tag Get [0x9A] >>> [3]
E/EMV_LIB (22293): 20 06 03 
E/EMV_LIB (22293): <<< Value: >>> [3]
E/EMV_LIB (22293): 20 06 03 
E/EMV_LIB (22293): DOL Request Tag:9C
E/EMV_LIB (22293): <<< emv tlv tag Get [0x9C] >>> [1]
E/EMV_LIB (22293): 00 
E/EMV_LIB (22293): <<< Value: >>> [1]
E/EMV_LIB (22293): 00 
E/EMV_LIB (22293): DOL Request Tag:9F37
E/EMV_LIB (22293): <<< emv tlv tag Get [0x9F37] >>> [4]
E/EMV_LIB (22293): B1 98 6F 0C 
E/EMV_LIB (22293): <<< Value: >>> [4]
E/EMV_LIB (22293): B1 98 6F 0C 
E/EMV_LIB (22293): DOL Request Tag:9F35
E/EMV_LIB (22293): <<< emv tlv tag Get [0x9F35] >>> [1]
E/EMV_LIB (22293): 22 
E/EMV_LIB (22293): <<< Value: >>> [1]
E/EMV_LIB (22293): 22 
E/EMV_LIB (22293): DOL Request Tag:9F45
E/EMV_LIB (22293): <<< Value: >>> [0]
E/EMV_LIB (22293): DOL Unknown Tag: 0x9F45, Len:2
E/EMV_LIB (22293): Require input Tag: 9F45
E/EMV_LIB (22293): jni_RequireTagValue, Tag:9F45
W/EmvService(22293): RequireTagValue: 1
E/EMV_LIB (22293): <<< emv tlv tag Set [0x9F45] >>> [2]
E/EMV_LIB (22293): 00 00 
E/EMV_LIB (22293): DOL Request Tag:9F4C
E/EMV_LIB (22293): <<< Value: >>> [0]
E/EMV_LIB (22293): DOL Unknown Tag: 0x9F4C, Len:8
E/EMV_LIB (22293): Require input Tag: 9F4C
E/EMV_LIB (22293): jni_RequireTagValue, Tag:9F4C
W/EmvService(22293): RequireTagValue: 1
E/EMV_LIB (22293): <<< emv tlv tag Set [0x9F4C] >>> [8]
E/EMV_LIB (22293): 00 00 00 00 00 00 00 00 
E/EMV_LIB (22293): DOL Request Tag:9F34
E/EMV_LIB (22293): <<< emv tlv tag Get [0x9F34] >>> [3]
E/EMV_LIB (22293): 41 03 02 
E/EMV_LIB (22293): <<< Value: >>> [3]
E/EMV_LIB (22293): 41 03 02 
E/EMV_LIB (22293): DOL Request Tag:9F21
E/EMV_LIB (22293): <<< emv tlv tag Get [0x9F21] >>> [3]
E/EMV_LIB (22293): 17 31 15 
E/EMV_LIB (22293): <<< Value: >>> [3]
E/EMV_LIB (22293): 17 31 15 
E/EMV_LIB (22293): DOL Request Tag:9F7C
E/EMV_LIB (22293): <<< Value: >>> [0]
E/EMV_LIB (22293): DOL Unknown Tag: 0x9F7C, Len:20
E/EMV_LIB (22293): Require input Tag: 9F7C
E/EMV_LIB (22293): jni_RequireTagValue, Tag:9F7C
W/EmvService(22293): RequireTagValue: 1
E/EMV_LIB (22293): <<< emv tlv tag Set [0x9F7C] >>> [20]
E/EMV_LIB (22293): 00 00 00 00 00 00 00 00 00 00 00 00 00 00 00 00 00 00 00 00 
E/EMV_LIB (22293): Generate_AC Is CDA = 0
E/EMV_LIB (22293): Send APDU:72
E/EMV_LIB (22293): <<<   >>> [72]
E/EMV_LIB (22293): 80 AE 80 00 42 00 00 00 00 00 01 00 00 00 00 00 00 05 66 04 80 00 00 00 05 66 20 06 03 00 B1 98 6F 0C 22 00 00 00 00 00 00 00 00 00 00 41 03 02 17 31 15 00 00 00 00 00 00 00 00 00 00 00 00 00 00 00 00 00 00 00 00 00 
D/telpo_native(  775): usb_printer_write data start!
D/telpo_native(  775): usb_printer_write start!
E/telpo_native(  775): ret = 97
D/telpo_native(  775): handle_emv_serial_read_write_cmd: usb write length = 97
E/telpo_native(  775): Cannot find response header
D/telpo_native(  775): handle_emv_serial_read_write_cmd: not enough data receive,continue
E/telpo_native(  775): Cannot find response header
D/telpo_native(  775): handle_emv_serial_read_write_cmd: not enough data receive,continue
E/telpo_native(  775): Cannot find response header
D/telpo_native(  775): handle_emv_serial_read_write_cmd: not enough data receive,continue
E/telpo_native(  775): Cannot find response header
D/telpo_native(  775): handle_emv_serial_read_write_cmd: not enough data receive,continue
E/telpo_native(  775): Cannot find response header
D/telpo_native(  775): handle_emv_serial_read_write_cmd: not enough data receive,continue
E/telpo_native(  775): Cannot find response header
D/telpo_native(  775): handle_emv_serial_read_write_cmd: not enough data receive,continue
E/telpo_native(  775): Cannot find response header
D/telpo_native(  775): handle_emv_serial_read_write_cmd: not enough data receive,continue
E/telpo_native(  775): Cannot find response header
D/telpo_native(  775): handle_emv_serial_read_write_cmd: not enough data receive,continue
E/telpo_native(  775): Cannot find response header
D/telpo_native(  775): handle_emv_serial_read_write_cmd: not enough data receive,continue
E/telpo_native(  775): Cannot find response header
D/telpo_native(  775): handle_emv_serial_read_write_cmd: not enough data receive,continue
E/telpo_native(  775): Cannot find response header
D/telpo_native(  775): handle_emv_serial_read_write_cmd: not enough data receive,continue
D/soundtrigger(  301): audio_extn_sound_trigger_update_stream_status: uc_id 0 of type 0 for Event 2, with Raise=1
V/sound_trigger_hw(  301): handle_audio_concurrency: Enter, event type = 2
D/sound_trigger_platform(  301): platform_stdev_check_and_update_concurrency: concurrency active 0, tx 0, rx 0, concurrency session_allowed 1
D/hardware_info(  301): hw_info_append_hw_type : device_name = speaker
I/soundtrigger(  301): audio_extn_sound_trigger_update_device_status: device 0x2 of type 0 for Event 0, with Raise=0
E/telpo_native(  775): Cannot find response header
D/telpo_native(  775): handle_emv_serial_read_write_cmd: not enough data receive,continue
E/telpo_native(  775): Cannot find response header
D/telpo_native(  775): handle_emv_serial_read_write_cmd: not enough data receive,continue
E/telpo_native(  775): Cannot find response header
D/telpo_native(  775): handle_emv_serial_read_write_cmd: not enough data receive,continue
E/telpo_native(  775): Cannot find response header
D/telpo_native(  775): handle_emv_serial_read_write_cmd: not enough data receive,continue
E/telpo_native(  775): Cannot find response header
D/telpo_native(  775): handle_emv_serial_read_write_cmd: not enough data receive,continue
E/telpo_native(  775): Cannot find response header
D/telpo_native(  775): handle_emv_serial_read_write_cmd: not enough data receive,continue
E/telpo_native(  775): Cannot find response header
D/telpo_native(  775): handle_emv_serial_read_write_cmd: not enough data receive,continue
E/telpo_native(  775): Cannot find response header
D/telpo_native(  775): handle_emv_serial_read_write_cmd: not enough data receive,continue
E/telpo_native(  775): Cannot find response header
D/telpo_native(  775): handle_emv_serial_read_write_cmd: not enough data receive,continue
E/telpo_native(  775): Cannot find response header
D/telpo_native(  775): handle_emv_serial_read_write_cmd: not enough data receive,continue
E/telpo_native(  775): Cannot find response header
D/telpo_native(  775): handle_emv_serial_read_write_cmd: not enough data receive,continue
E/telpo_native(  775): Cannot find response header
D/telpo_native(  775): handle_emv_serial_read_write_cmd: not enough data receive,continue
E/telpo_native(  775): Cannot find response header
D/telpo_native(  775): handle_emv_serial_read_write_cmd: not enough data receive,continue
E/telpo_native(  775): Cannot find response header
D/telpo_native(  775): handle_emv_serial_read_write_cmd: not enough data receive,continue
E/telpo_native(  775): serial_read:start read
E/telpo_native(  775): serial_read:serial_read read_size = 0
D/telpo_native(  775): handle_emv_serial_read_write_cmd: usb_printer_read length = 69
I/telpo_native(  775): 0b
I/telpo_native(  775): b0
I/telpo_native(  775): 96
I/telpo_native(  775): 69
I/telpo_native(  775): 35
I/telpo_native(  775): 00
I/telpo_native(  775): 00
I/telpo_native(  775): 00
I/telpo_native(  775): c9
I/telpo_native(  775): 00
I/telpo_native(  775): 04
I/telpo_native(  775): 01
I/telpo_native(  775): 00
I/telpo_native(  775): 00
I/telpo_native(  775): 00
I/telpo_native(  775): 00
I/telpo_native(  775): 00
I/telpo_native(  775): 00
I/telpo_native(  775): 00
I/telpo_native(  775): 00
I/telpo_native(  775): 2d
I/telpo_native(  775): 00
I/telpo_native(  775): 00
I/telpo_native(  775): 00
I/telpo_native(  775): 77
I/telpo_native(  775): 29
I/telpo_native(  775): 9f
I/telpo_native(  775): 27
I/telpo_native(  775): 01
I/telpo_native(  775): 80
I/telpo_native(  775): 9f
I/telpo_native(  775): 36
I/telpo_native(  775): 02
I/telpo_native(  775): 06
I/telpo_native(  775): ad
I/telpo_native(  775): 9f
I/telpo_native(  775): 26
I/telpo_native(  775): 08
I/telpo_native(  775): 05
I/telpo_native(  775): 4c
I/telpo_native(  775): 9b
I/telpo_native(  775): 7c
I/telpo_native(  775): b7
I/telpo_native(  775): c3
I/telpo_native(  775): bc
I/telpo_native(  775): 28
I/telpo_native(  775): 9f
I/telpo_native(  775): 10
I/telpo_native(  775): 12
I/telpo_native(  775): 01
I/telpo_native(  775): 10
I/telpo_native(  775): a5
I/telpo_native(  775): 00
I/telpo_native(  775): 03
I/telpo_native(  775): 02
I/telpo_native(  775): 00
I/telpo_native(  775): 00
I/telpo_native(  775): 00
I/telpo_native(  775): 00
I/telpo_native(  775): 00
I/telpo_native(  775): 00
I/telpo_native(  775): 00
I/telpo_native(  775): 00
I/telpo_native(  775): 00
I/telpo_native(  775): 00
I/telpo_native(  775): 00
I/telpo_native(  775): ff
I/telpo_native(  775): 90
I/telpo_native(  775): 00
I/telpo_native(  775): 
D/telpo_native(  775): handle_emv_serial_read_write_cmd: parse successfully!
I/telpo_native(  775): handle_emv_serial_read_write_cmd: receive data length is 69
I/telpo_native(  775): 0b
I/telpo_native(  775): b0
I/telpo_native(  775): 96
I/telpo_native(  775): 69
I/telpo_native(  775): 35
I/telpo_native(  775): 00
I/telpo_native(  775): 00
I/telpo_native(  775): 00
