06-03 17:37:35.617 D/VM_BMS  (  461): Battery charge_cycle=0 fcc_adjust=0 rbatt_adjust=0 cycle_changed=false
06-03 17:37:35.620 D/VM_BMS  (  461): For batt_temp=255 fcc_mah=2200
06-03 17:37:35.620 D/VM_BMS  (  461): Lookup fcc_mah=2200.000000  adjusted fcc_mah=2200.000000
06-03 17:37:35.620 D/VM_BMS  (  461): For ocv=3801657 batt_temp=255 soc=36
06-03 17:37:35.620 D/VM_BMS  (  461): fifo_count=0 acc_count=8
06-03 17:37:35.620 D/VM_BMS  (  461): INIT: ocv=3801657 last_ocv=3801657 batt_temp=255 soc=36
06-03 17:37:35.620 D/VM_BMS  (  461): For soc=36 batt_temp=255 slope=3000
06-03 17:37:35.620 D/VM_BMS  (  461): For soc=36 batt_temp=255 rbatt_sf=106
06-03 17:37:35.620 D/VM_BMS  (  461): rbatt_mohm_default=72, rbatt_mohm=76, sf=106 batt_temp=255
06-03 17:37:35.620 D/VM_BMS  (  461): Lookup rbatt=76.000000  adjusted rbatt=76.000000
06-03 17:37:35.621 D/VM_BMS  (  461): For ocv=3801656 batt_temp=255 soc=36
06-03 17:37:35.621 D/VM_BMS  (  461): FIFO=0 fifo_avg=3.800601 rbatt=0.126000 slope=0.300000 ibatt=0.008380 ocv=3.801657 soc=36 fcc_ah=2.200000 sample_count=8 sample_interval=70 seq_num=6746
06-03 17:37:35.623 I/VM_BMS  (  461): power_supply_update: ocv_uv=3801656 ibatt=8379 soc=36 seq_num=6746
06-03 17:37:35.623 D/VM_BMS  (  461): End process_bms_data
06-03 17:37:35.624 D/VM_BMS  (  461): wake_lock released
06-03 17:37:35.741 D/BatteryMeterView( 2940): not on charging...
06-03 17:37:35.741 D/BatteryMeterView( 2940): not on charging...
06-03 17:37:35.741 D/BatteryMeterView( 2940): not on charging...
06-03 17:37:37.461 I/qdhwcomposer(  262): handle_blank_event: dpy:0 panel power state: 0
06-03 17:37:37.462 E/qdutils (  262): int qdutils::getHDMINode(): Failed to open fb node 1
06-03 17:37:37.462 E/qdutils (  262): int qdutils::getHDMINode(): Failed to open fb node 2
06-03 17:37:37.462 E/qdutils (  262): int qdutils::getHDMINode(): Failed to find HDMI node
06-03 17:37:37.463 V/WLAN_PSA(  314): NL MSG, len[4009], NL type[0x1C] WNI type[0x5900] len[37135]
06-03 17:37:37.463 V/WLAN_PSA(  314): NL MSG, PID: 314
06-03 17:37:37.463 D/VM_BMS  (  461): wake_lock acquired
06-03 17:37:37.463 D/VM_BMS  (  461): New BMS data - Size=56
06-03 17:37:37.463 D/VM_BMS  (  461): Start process_bms_data
06-03 17:37:37.464 D/VM_BMS  (  461): Battery charge_cycle=0 fcc_adjust=0 rbatt_adjust=0 cycle_changed=false
06-03 17:37:37.467 D/VM_BMS  (  461): For batt_temp=255 fcc_mah=2200
06-03 17:37:37.467 D/VM_BMS  (  461): Lookup fcc_mah=2200.000000  adjusted fcc_mah=2200.000000
06-03 17:37:37.467 D/VM_BMS  (  461): For ocv=3801656 batt_temp=255 soc=36
06-03 17:37:37.467 D/VM_BMS  (  461): fifo_count=0 acc_count=8
06-03 17:37:37.467 D/VM_BMS  (  461): INIT: ocv=3801656 last_ocv=3801656 batt_temp=255 soc=36
06-03 17:37:37.467 D/VM_BMS  (  461): For soc=36 batt_temp=255 slope=3000
06-03 17:37:37.467 D/VM_BMS  (  461): For soc=36 batt_temp=255 rbatt_sf=106
06-03 17:37:37.467 D/VM_BMS  (  461): rbatt_mohm_default=72, rbatt_mohm=76, sf=106 batt_temp=255
06-03 17:37:37.467 D/VM_BMS  (  461): Lookup rbatt=76.000000  adjusted rbatt=76.000000
06-03 17:37:37.467 D/VM_BMS  (  461): For ocv=3801655 batt_temp=255 soc=36
06-03 17:37:37.467 D/VM_BMS  (  461): FIFO=0 fifo_avg=3.800876 rbatt=0.126000 slope=0.300000 ibatt=0.006191 ocv=3.801656 soc=36 fcc_ah=2.200000 sample_count=8 sample_interval=70 seq_num=6747
06-03 17:37:37.468 I/VM_BMS  (  461): power_supply_update: ocv_uv=3801655 ibatt=6190 soc=36 seq_num=6747
06-03 17:37:37.468 D/VM_BMS  (  461): End process_bms_data
06-03 17:37:37.469 D/VM_BMS  (  461): wake_lock released
06-03 17:37:37.597 D/BatteryMeterView( 2940): not on charging...
06-03 17:37:37.598 D/BatteryMeterView( 2940): not on charging...
06-03 17:37:37.598 D/BatteryMeterView( 2940): not on charging...
06-03 17:37:39.290 I/qdhwcomposer(  262): handle_blank_event: dpy:0 panel power state: 0
06-03 17:37:39.291 E/qdutils (  262): int qdutils::getHDMINode(): Failed to open fb node 1
06-03 17:37:39.291 E/qdutils (  262): int qdutils::getHDMINode(): Failed to open fb node 2
06-03 17:37:39.291 E/qdutils (  262): int qdutils::getHDMINode(): Failed to find HDMI node
06-03 17:37:39.292 D/VM_BMS  (  461): wake_lock acquired
06-03 17:37:39.292 D/VM_BMS  (  461): New BMS data - Size=56
06-03 17:37:39.292 D/VM_BMS  (  461): Start process_bms_data
06-03 17:37:39.292 D/VM_BMS  (  461): Battery charge_cycle=0 fcc_adjust=0 rbatt_adjust=0 cycle_changed=false
06-03 17:37:39.294 D/VM_BMS  (  461): For batt_temp=255 fcc_mah=2200
06-03 17:37:39.294 D/VM_BMS  (  461): Lookup fcc_mah=2200.000000  adjusted fcc_mah=2200.000000
06-03 17:37:39.294 D/VM_BMS  (  461): For ocv=3801655 batt_temp=255 soc=36
06-03 17:37:39.294 D/VM_BMS  (  461): fifo_count=0 acc_count=8
06-03 17:37:39.294 D/VM_BMS  (  461): INIT: ocv=3801655 last_ocv=3801655 batt_temp=255 soc=36
06-03 17:37:39.294 D/VM_BMS  (  461): For soc=36 batt_temp=255 slope=3000
06-03 17:37:39.295 D/VM_BMS  (  461): For soc=36 batt_temp=255 rbatt_sf=106
06-03 17:37:39.295 D/VM_BMS  (  461): rbatt_mohm_default=72, rbatt_mohm=76, sf=106 batt_temp=255
06-03 17:37:39.295 D/VM_BMS  (  461): Lookup rbatt=76.000000  adjusted rbatt=76.000000
06-03 17:37:39.295 D/VM_BMS  (  461): For ocv=3801655 batt_temp=255 soc=36
06-03 17:37:39.295 D/VM_BMS  (  461): FIFO=0 fifo_avg=3.801502 rbatt=0.126000 slope=0.300000 ibatt=0.001215 ocv=3.801655 soc=36 fcc_ah=2.200000 sample_count=8 sample_interval=70 seq_num=6748
06-03 17:37:39.296 I/VM_BMS  (  461): power_supply_update: ocv_uv=3801655 ibatt=1214 soc=36 seq_num=6748
06-03 17:37:39.296 D/VM_BMS  (  461): End process_bms_data
06-03 17:37:39.296 D/VM_BMS  (  461): wake_lock released
06-03 17:37:39.423 D/BatteryMeterView( 2940): not on charging...
06-03 17:37:39.423 D/BatteryMeterView( 2940): not on charging...
06-03 17:37:39.424 D/BatteryMeterView( 2940): not on charging...
06-03 17:37:40.841 D/VM_BMS  (  461): wake_lock acquired
06-03 17:37:40.842 D/VM_BMS  (  461): New BMS data - Size=56
06-03 17:37:40.842 D/VM_BMS  (  461): Start process_bms_data
06-03 17:37:40.842 D/VM_BMS  (  461): Battery charge_cycle=0 fcc_adjust=0 rbatt_adjust=0 cycle_changed=false
06-03 17:37:40.844 D/VM_BMS  (  461): For batt_temp=255 fcc_mah=2200
06-03 17:37:40.844 D/VM_BMS  (  461): Lookup fcc_mah=2200.000000  adjusted fcc_mah=2200.000000
06-03 17:37:40.844 D/VM_BMS  (  461): For ocv=3801655 batt_temp=255 soc=36
06-03 17:37:40.844 D/VM_BMS  (  461): fifo_count=0 acc_count=8
06-03 17:37:40.844 D/VM_BMS  (  461): INIT: ocv=3801655 last_ocv=3801655 batt_temp=255 soc=36
06-03 17:37:40.845 D/VM_BMS  (  461): For soc=36 batt_temp=255 slope=3000
06-03 17:37:40.845 D/VM_BMS  (  461): For soc=36 batt_temp=255 rbatt_sf=106
06-03 17:37:40.845 D/VM_BMS  (  461): rbatt_mohm_default=72, rbatt_mohm=76, sf=106 batt_temp=255
06-03 17:37:40.845 I/qdhwcomposer(  262): handle_blank_event: dpy:0 panel power state: 0
06-03 17:37:40.845 D/VM_BMS  (  461): Lookup rbatt=76.000000  adjusted rbatt=76.000000
06-03 17:37:40.845 D/VM_BMS  (  461): For ocv=3801655 batt_temp=255 soc=36
06-03 17:37:40.845 D/VM_BMS  (  461): FIFO=0 fifo_avg=3.801211 rbatt=0.126000 slope=0.300000 ibatt=0.003523 ocv=3.801655 soc=36 fcc_ah=2.200000 sample_count=8 sample_interval=70 seq_num=6749
06-03 17:37:40.845 E/qdutils (  262): int qdutils::getHDMINode(): Failed to open fb node 1
06-03 17:37:40.845 E/qdutils (  262): int qdutils::getHDMINode(): Failed to open fb node 2
06-03 17:37:40.845 E/qdutils (  262): int qdutils::getHDMINode(): Failed to find HDMI node
06-03 17:37:40.846 I/VM_BMS  (  461): power_supply_update: ocv_uv=3801655 ibatt=3523 soc=36 seq_num=6749
06-03 17:37:40.847 D/VM_BMS  (  461): End process_bms_data
06-03 17:37:40.847 D/VM_BMS  (  461): wake_lock released
06-03 17:37:40.976 V/WLAN_PSA(  314): NL MSG, len[4028], NL type[0x1C] WNI type[0x5900] len[41999]
06-03 17:37:40.976 V/WLAN_PSA(  314): NL MSG, PID: 314
06-03 17:37:40.987 D/BatteryMeterView( 2940): not on charging...
06-03 17:37:40.988 D/BatteryMeterView( 2940): not on charging...
06-03 17:37:40.988 D/BatteryMeterView( 2940): not on charging...
06-03 17:37:42.379 I/qdhwcomposer(  262): handle_blank_event: dpy:0 panel power state: 0
06-03 17:37:42.380 E/qdutils (  262): int qdutils::getHDMINode(): Failed to open fb node 1
06-03 17:37:42.380 E/qdutils (  262): int qdutils::getHDMINode(): Failed to open fb node 2
06-03 17:37:42.380 E/qdutils (  262): int qdutils::getHDMINode(): Failed to find HDMI node
06-03 17:37:42.381 D/VM_BMS  (  461): wake_lock acquired
06-03 17:37:42.381 D/VM_BMS  (  461): New BMS data - Size=56
06-03 17:37:42.381 D/VM_BMS  (  461): Start process_bms_data
06-03 17:37:42.382 D/VM_BMS  (  461): Battery charge_cycle=0 fcc_adjust=0 rbatt_adjust=0 cycle_changed=false
06-03 17:37:42.386 D/VM_BMS  (  461): For batt_temp=255 fcc_mah=2200
06-03 17:37:42.387 D/VM_BMS  (  461): Lookup fcc_mah=2200.000000  adjusted fcc_mah=2200.000000
06-03 17:37:42.387 D/VM_BMS  (  461): For ocv=3801655 batt_temp=255 soc=36
06-03 17:37:42.387 D/VM_BMS  (  461): fifo_count=0 acc_count=8
06-03 17:37:42.387 D/VM_BMS  (  461): INIT: ocv=3801655 last_ocv=3801655 batt_temp=255 soc=36
06-03 17:37:42.387 D/VM_BMS  (  461): For soc=36 batt_temp=255 slope=3000
06-03 17:37:42.387 D/VM_BMS  (  461): For soc=36 batt_temp=255 rbatt_sf=106
06-03 17:37:42.387 D/VM_BMS  (  461): rbatt_mohm_default=72, rbatt_mohm=76, sf=106 batt_temp=255
06-03 17:37:42.387 D/VM_BMS  (  461): Lookup rbatt=76.000000  adjusted rbatt=76.000000
06-03 17:37:42.387 D/VM_BMS  (  461): For ocv=3801655 batt_temp=255 soc=36
06-03 17:37:42.387 D/VM_BMS  (  461): FIFO=0 fifo_avg=3.801792 rbatt=0.126000 slope=0.300000 ibatt=-0.001086 ocv=3.801655 soc=36 fcc_ah=2.200000 sample_count=8 sample_interval=70 seq_num=6750
06-03 17:37:42.389 I/VM_BMS  (  461): power_supply_update: ocv_uv=3801655 ibatt=-1086 soc=36 seq_num=6750
06-03 17:37:42.389 D/VM_BMS  (  461): End process_bms_data
06-03 17:37:42.389 D/VM_BMS  (  461): wake_lock released
06-03 17:37:43.919 I/qdhwcomposer(  262): handle_blank_event: dpy:0 panel power state: 0
06-03 17:37:43.920 E/qdutils (  262): int qdutils::getHDMINode(): Failed to open fb node 1
06-03 17:37:43.920 E/qdutils (  262): int qdutils::getHDMINode(): Failed to open fb node 2
06-03 17:37:43.920 E/qdutils (  262): int qdutils::getHDMINode(): Failed to find HDMI node
06-03 17:37:43.925 D/VM_BMS  (  461): wake_lock acquired
06-03 17:37:43.925 D/VM_BMS  (  461): New BMS data - Size=56
06-03 17:37:43.925 D/VM_BMS  (  461): Start process_bms_data
06-03 17:37:43.925 D/VM_BMS  (  461): Battery charge_cycle=0 fcc_adjust=0 rbatt_adjust=0 cycle_changed=false
06-03 17:37:43.931 D/VM_BMS  (  461): For batt_temp=255 fcc_mah=2200
06-03 17:37:43.931 D/VM_BMS  (  461): Lookup fcc_mah=2200.000000  adjusted fcc_mah=2200.000000
06-03 17:37:43.931 D/VM_BMS  (  461): For ocv=3801655 batt_temp=255 soc=36
06-03 17:37:43.931 D/VM_BMS  (  461): fifo_count=0 acc_count=8
06-03 17:37:43.931 D/VM_BMS  (  461): INIT: ocv=3801655 last_ocv=3801655 batt_temp=255 soc=36
06-03 17:37:43.931 D/VM_BMS  (  461): For soc=36 batt_temp=255 slope=3000
06-03 17:37:43.931 D/VM_BMS  (  461): For soc=36 batt_temp=255 rbatt_sf=106
06-03 17:37:43.931 D/VM_BMS  (  461): rbatt_mohm_default=72, rbatt_mohm=76, sf=106 batt_temp=255
06-03 17:37:43.931 D/VM_BMS  (  461): Lookup rbatt=76.000000  adjusted rbatt=76.000000
06-03 17:37:43.931 D/VM_BMS  (  461): For ocv=3801655 batt_temp=255 soc=36
06-03 17:37:43.931 D/VM_BMS  (  461): FIFO=0 fifo_avg=3.803020 rbatt=0.126000 slope=0.300000 ibatt=-0.010832 ocv=3.801655 soc=36 fcc_ah=2.200000 sample_count=8 sample_interval=70 seq_num=6751
06-03 17:37:43.933 I/VM_BMS  (  461): power_supply_update: ocv_uv=3801655 ibatt=-10831 soc=36 seq_num=6751
06-03 17:37:43.933 D/VM_BMS  (  461): End process_bms_data
06-03 17:37:43.934 D/VM_BMS  (  461): wake_lock released
06-03 17:37:44.057 D/BatteryMeterView( 2940): not on charging...
06-03 17:37:44.057 D/BatteryMeterView( 2940): not on charging...
06-03 17:37:44.058 D/BatteryMeterView( 2940): not on charging...
06-03 17:37:45.757 I/qdhwcomposer(  262): handle_blank_event: dpy:0 panel power state: 0
06-03 17:37:45.757 E/qdutils (  262): int qdutils::getHDMINode(): Failed to open fb node 1
06-03 17:37:45.758 E/qdutils (  262): int qdutils::getHDMINode(): Failed to open fb node 2
06-03 17:37:45.758 E/qdutils (  262): int qdutils::getHDMINode(): Failed to find HDMI node
06-03 17:37:45.759 V/WLAN_PSA(  314): NL MSG, len[4088], NL type[0x1C] WNI type[0x5900] len[57359]
06-03 17:37:45.759 V/WLAN_PSA(  314): NL MSG, PID: 314
06-03 17:37:45.762 D/VM_BMS  (  461): wake_lock acquired
06-03 17:37:45.762 D/VM_BMS  (  461): New BMS data - Size=56
06-03 17:37:45.762 D/VM_BMS  (  461): Start process_bms_data
06-03 17:37:45.763 D/VM_BMS  (  461): Battery charge_cycle=0 fcc_adjust=0 rbatt_adjust=0 cycle_changed=false
06-03 17:37:45.765 D/VM_BMS  (  461): For batt_temp=255 fcc_mah=2200
06-03 17:37:45.765 D/VM_BMS  (  461): Lookup fcc_mah=2200.000000  adjusted fcc_mah=2200.000000
06-03 17:37:45.765 D/VM_BMS  (  461): For ocv=3801655 batt_temp=255 soc=36
06-03 17:37:45.765 D/VM_BMS  (  461): fifo_count=0 acc_count=8
06-03 17:37:45.765 D/VM_BMS  (  461): INIT: ocv=3801655 last_ocv=3801655 batt_temp=255 soc=36
06-03 17:37:45.765 D/VM_BMS  (  461): For soc=36 batt_temp=255 slope=3000
06-03 17:37:45.765 D/VM_BMS  (  461): For soc=36 batt_temp=255 rbatt_sf=106
06-03 17:37:45.765 D/VM_BMS  (  461): rbatt_mohm_default=72, rbatt_mohm=76, sf=106 batt_temp=255
06-03 17:37:45.765 D/VM_BMS  (  461): Lookup rbatt=76.000000  adjusted rbatt=76.000000
06-03 17:37:45.766 D/VM_BMS  (  461): For ocv=3801655 batt_temp=255 soc=36
06-03 17:37:45.766 D/VM_BMS  (  461): FIFO=0 fifo_avg=3.801495 rbatt=0.126000 slope=0.300000 ibatt=0.001270 ocv=3.801655 soc=36 fcc_ah=2.200000 sample_count=8 sample_interval=70 seq_num=6752
06-03 17:37:45.767 I/VM_BMS  (  461): power_supply_update: ocv_uv=3801655 ibatt=1269 soc=36 seq_num=6752
06-03 17:37:45.767 D/VM_BMS  (  461): End process_bms_data
06-03 17:37:45.768 D/VM_BMS  (  461): wake_lock released
06-03 17:37:47.290 I/qdhwcomposer(  262): handle_blank_event: dpy:0 panel power state: 0
06-03 17:37:47.291 E/qdutils (  262): int qdutils::getHDMINode(): Failed to open fb node 1
06-03 17:37:47.291 E/qdutils (  262): int qdutils::getHDMINode(): Failed to open fb node 2
06-03 17:37:47.291 E/qdutils (  262): int qdutils::getHDMINode(): Failed to find HDMI node
06-03 17:37:47.295 D/VM_BMS  (  461): wake_lock acquired
06-03 17:37:47.295 D/VM_BMS  (  461): New BMS data - Size=56
06-03 17:37:47.295 D/VM_BMS  (  461): Start process_bms_data
06-03 17:37:47.296 D/VM_BMS  (  461): Battery charge_cycle=0 fcc_adjust=0 rbatt_adjust=0 cycle_changed=false
06-03 17:37:47.305 D/VM_BMS  (  461): For batt_temp=255 fcc_mah=2200
06-03 17:37:47.305 D/VM_BMS  (  461): Lookup fcc_mah=2200.000000  adjusted fcc_mah=2200.000000
06-03 17:37:47.305 D/VM_BMS  (  461): For ocv=3801655 batt_temp=255 soc=36
06-03 17:37:47.305 D/VM_BMS  (  461): fifo_count=0 acc_count=9
06-03 17:37:47.305 D/VM_BMS  (  461): INIT: ocv=3801655 last_ocv=3801655 batt_temp=255 soc=36
06-03 17:37:47.305 D/VM_BMS  (  461): For soc=36 batt_temp=255 slope=3000
06-03 17:37:47.305 D/VM_BMS  (  461): For soc=36 batt_temp=255 rbatt_sf=106
06-03 17:37:47.305 D/VM_BMS  (  461): rbatt_mohm_default=72, rbatt_mohm=76, sf=106 batt_temp=255
06-03 17:37:47.306 D/VM_BMS  (  461): Lookup rbatt=76.000000  adjusted rbatt=76.000000
06-03 17:37:47.306 D/VM_BMS  (  461): For ocv=3801655 batt_temp=255 soc=36
06-03 17:37:47.306 D/VM_BMS  (  461): FIFO=0 fifo_avg=3.802734 rbatt=0.126000 slope=0.300000 ibatt=-0.008561 ocv=3.801655 soc=36 fcc_ah=2.200000 sample_count=9 sample_interval=70 seq_num=6753
06-03 17:37:47.307 I/VM_BMS  (  461): power_supply_update: ocv_uv=3801655 ibatt=-8561 soc=36 seq_num=6753
06-03 17:37:47.307 D/VM_BMS  (  461): End process_bms_data
06-03 17:37:47.309 D/VM_BMS  (  461): wake_lock released
06-03 17:37:47.431 D/BatteryMeterView( 2940): not on charging...
06-03 17:37:47.431 D/BatteryMeterView( 2940): not on charging...
06-03 17:37:47.432 D/BatteryMeterView( 2940): not on charging...
06-03 17:37:49.133 I/qdhwcomposer(  262): handle_blank_event: dpy:0 panel power state: 0
06-03 17:37:49.134 E/qdutils (  262): int qdutils::getHDMINode(): Failed to open fb node 1
06-03 17:37:49.134 E/qdutils (  262): int qdutils::getHDMINode(): Failed to open fb node 2
06-03 17:37:49.134 E/qdutils (  262): int qdutils::getHDMINode(): Failed to find HDMI node
06-03 17:37:49.135 V/WLAN_PSA(  314): NL MSG, len[4067], NL type[0x1C] WNI type[0x5900] len[51983]
06-03 17:37:49.135 V/WLAN_PSA(  314): NL MSG, PID: 314
06-03 17:37:49.139 D/VM_BMS  (  461): wake_lock acquired
06-03 17:37:49.139 D/VM_BMS  (  461): New BMS data - Size=56
06-03 17:37:49.139 D/VM_BMS  (  461): Start process_bms_data
06-03 17:37:49.140 D/VM_BMS  (  461): Battery charge_cycle=0 fcc_adjust=0 rbatt_adjust=0 cycle_changed=false
06-03 17:37:49.142 D/VM_BMS  (  461): For batt_temp=255 fcc_mah=2200
06-03 17:37:49.142 D/VM_BMS  (  461): Lookup fcc_mah=2200.000000  adjusted fcc_mah=2200.000000
06-03 17:37:49.142 D/VM_BMS  (  461): For ocv=3801655 batt_temp=255 soc=36
06-03 17:37:49.142 D/VM_BMS  (  461): fifo_count=0 acc_count=8
06-03 17:37:49.142 D/VM_BMS  (  461): INIT: ocv=3801655 last_ocv=3801655 batt_temp=255 soc=36
06-03 17:37:49.142 D/VM_BMS  (  461): For soc=36 batt_temp=255 slope=3000
06-03 17:37:49.142 D/VM_BMS  (  461): For soc=36 batt_temp=255 rbatt_sf=106
06-03 17:37:49.142 D/VM_BMS  (  461): rbatt_mohm_default=72, rbatt_mohm=76, sf=106 batt_temp=255
06-03 17:37:49.142 D/VM_BMS  (  461): Lookup rbatt=76.000000  adjusted rbatt=76.000000
06-03 17:37:49.142 D/VM_BMS  (  461): For ocv=3801655 batt_temp=255 soc=36
06-03 17:37:49.142 D/VM_BMS  (  461): FIFO=0 fifo_avg=3.802952 rbatt=0.126000 slope=0.300000 ibatt=-0.010293 ocv=3.801655 soc=36 fcc_ah=2.200000 sample_count=8 sample_interval=70 seq_num=6754
06-03 17:37:49.144 I/VM_BMS  (  461): power_supply_update: ocv_uv=3801655 ibatt=-10292 soc=36 seq_num=6754
06-03 17:37:49.144 D/VM_BMS  (  461): End process_bms_data
06-03 17:37:49.145 D/VM_BMS  (  461): wake_lock released
06-03 17:37:50.667 I/qdhwcomposer(  262): handle_blank_event: dpy:0 panel power state: 0
06-03 17:37:50.667 E/qdutils (  262): int qdutils::getHDMINode(): Failed to open fb node 1
06-03 17:37:50.668 E/qdutils (  262): int qdutils::getHDMINode(): Failed to open fb node 2
06-03 17:37:50.668 E/qdutils (  262): int qdutils::getHDMINode(): Failed to find HDMI node
06-03 17:37:50.669 D/VM_BMS  (  461): wake_lock acquired
06-03 17:37:50.669 D/VM_BMS  (  461): New BMS data - Size=56
06-03 17:37:50.669 D/VM_BMS  (  461): Start process_bms_data
06-03 17:37:50.670 D/VM_BMS  (  461): Battery charge_cycle=0 fcc_adjust=0 rbatt_adjust=0 cycle_changed=false
06-03 17:37:50.683 D/VM_BMS  (  461): For batt_temp=255 fcc_mah=2200
06-03 17:37:50.683 D/VM_BMS  (  461): Lookup fcc_mah=2200.000000  adjusted fcc_mah=2200.000000
06-03 17:37:50.683 D/VM_BMS  (  461): For ocv=3801655 batt_temp=255 soc=36
06-03 17:37:50.683 D/VM_BMS  (  461): fifo_count=0 acc_count=8
06-03 17:37:50.683 D/VM_BMS  (  461): INIT: ocv=3801655 last_ocv=3801655 batt_temp=255 soc=36
06-03 17:37:50.683 D/VM_BMS  (  461): For soc=36 batt_temp=255 slope=3000
06-03 17:37:50.683 D/VM_BMS  (  461): For soc=36 batt_temp=255 rbatt_sf=106
06-03 17:37:50.683 D/VM_BMS  (  461): rbatt_mohm_default=72, rbatt_mohm=76, sf=106 batt_temp=255
06-03 17:37:50.683 D/VM_BMS  (  461): Lookup rbatt=76.000000  adjusted rbatt=76.000000
06-03 17:37:50.683 D/VM_BMS  (  461): For ocv=3801655 batt_temp=255 soc=36
06-03 17:37:50.683 D/VM_BMS  (  461): FIFO=0 fifo_avg=3.802157 rbatt=0.126000 slope=0.300000 ibatt=-0.003983 ocv=3.801655 soc=36 fcc_ah=2.200000 sample_count=8 sample_interval=70 seq_num=6755
06-03 17:37:50.686 I/VM_BMS  (  461): power_supply_update: ocv_uv=3801655 ibatt=-3982 soc=36 seq_num=6755
06-03 17:37:50.686 D/VM_BMS  (  461): End process_bms_data
06-03 17:37:50.686 D/VM_BMS  (  461): wake_lock released
06-03 17:37:50.806 D/BatteryMeterView( 2940): not on charging...
06-03 17:37:50.807 D/BatteryMeterView( 2940): not on charging...
06-03 17:37:50.808 D/BatteryMeterView( 2940): not on charging...
06-03 17:37:52.819 I/qdhwcomposer(  262): handle_blank_event: dpy:0 panel power state: 0
06-03 17:37:52.820 E/qdutils (  262): int qdutils::getHDMINode(): Failed to open fb node 1
06-03 17:37:52.820 E/qdutils (  262): int qdutils::getHDMINode(): Failed to open fb node 2
06-03 17:37:52.820 E/qdutils (  262): int qdutils::getHDMINode(): Failed to find HDMI node
06-03 17:37:52.821 D/VM_BMS  (  461): wake_lock acquired
06-03 17:37:52.821 D/VM_BMS  (  461): New BMS data - Size=56
06-03 17:37:52.821 D/VM_BMS  (  461): Start process_bms_data
06-03 17:37:52.821 D/VM_BMS  (  461): Battery charge_cycle=0 fcc_adjust=0 rbatt_adjust=0 cycle_changed=false
06-03 17:37:52.823 V/WLAN_PSA(  314): NL MSG, len[4000], NL type[0x1C] WNI type[0x5900] len[34831]
06-03 17:37:52.823 V/WLAN_PSA(  314): NL MSG, PID: 314
06-03 17:37:52.823 D/VM_BMS  (  461): For batt_temp=255 fcc_mah=2200
06-03 17:37:52.823 D/VM_BMS  (  461): Lookup fcc_mah=2200.000000  adjusted fcc_mah=2200.000000
06-03 17:37:52.823 D/VM_BMS  (  461): For ocv=3801655 batt_temp=255 soc=36
06-03 17:37:52.823 D/VM_BMS  (  461): fifo_count=0 acc_count=8
06-03 17:37:52.823 D/VM_BMS  (  461): INIT: ocv=3801655 last_ocv=3801655 batt_temp=255 soc=36
06-03 17:37:52.824 D/VM_BMS  (  461): For soc=36 batt_temp=255 slope=3000
06-03 17:37:52.824 D/VM_BMS  (  461): For soc=36 batt_temp=255 rbatt_sf=106
06-03 17:37:52.824 D/VM_BMS  (  461): rbatt_mohm_default=72, rbatt_mohm=76, sf=106 batt_temp=255
06-03 17:37:52.824 D/VM_BMS  (  461): Lookup rbatt=76.000000  adjusted rbatt=76.000000
06-03 17:37:52.824 D/VM_BMS  (  461): For ocv=3801655 batt_temp=255 soc=36
06-03 17:37:52.831 D/VM_BMS  (  461): FIFO=0 fifo_avg=3.801445 rbatt=0.126000 slope=0.300000 ibatt=0.001667 ocv=3.801655 soc=36 fcc_ah=2.200000 sample_count=8 sample_interval=70 seq_num=6756
06-03 17:37:52.833 I/VM_BMS  (  461): power_supply_update: ocv_uv=3801655 ibatt=1666 soc=36 seq_num=6756
06-03 17:37:52.833 D/VM_BMS  (  461): End process_bms_data
06-03 17:37:52.833 D/VM_BMS  (  461): wake_lock released
06-03 17:37:52.959 D/BatteryMeterView( 2940): not on charging...
06-03 17:37:52.960 D/BatteryMeterView( 2940): not on charging...
06-03 17:37:52.960 D/BatteryMeterView( 2940): not on charging...
06-03 17:37:54.663 I/qdhwcomposer(  262): handle_blank_event: dpy:0 panel power state: 0
06-03 17:37:54.663 E/qdutils (  262): int qdutils::getHDMINode(): Failed to open fb node 1
06-03 17:37:54.663 E/qdutils (  262): int qdutils::getHDMINode(): Failed to open fb node 2
06-03 17:37:54.663 E/qdutils (  262): int qdutils::getHDMINode(): Failed to find HDMI node
06-03 17:37:54.664 D/VM_BMS  (  461): wake_lock acquired
06-03 17:37:54.664 D/VM_BMS  (  461): New BMS data - Size=56
06-03 17:37:54.664 D/VM_BMS  (  461): Start process_bms_data
06-03 17:37:54.665 D/VM_BMS  (  461): Battery charge_cycle=0 fcc_adjust=0 rbatt_adjust=0 cycle_changed=false
06-03 17:37:54.666 D/VM_BMS  (  461): For batt_temp=255 fcc_mah=2200
06-03 17:37:54.667 D/VM_BMS  (  461): Lookup fcc_mah=2200.000000  adjusted fcc_mah=2200.000000
06-03 17:37:54.667 D/VM_BMS  (  461): For ocv=3801655 batt_temp=255 soc=36
06-03 17:37:54.667 D/VM_BMS  (  461): fifo_count=0 acc_count=8
06-03 17:37:54.667 D/VM_BMS  (  461): INIT: ocv=3801655 last_ocv=3801655 batt_temp=255 soc=36
06-03 17:37:54.667 D/VM_BMS  (  461): For soc=36 batt_temp=255 slope=3000
06-03 17:37:54.667 D/VM_BMS  (  461): For soc=36 batt_temp=255 rbatt_sf=106
06-03 17:37:54.667 D/VM_BMS  (  461): rbatt_mohm_default=72, rbatt_mohm=76, sf=106 batt_temp=255
06-03 17:37:54.667 D/VM_BMS  (  461): Lookup rbatt=76.000000  adjusted rbatt=76.000000
06-03 17:37:54.667 D/VM_BMS  (  461): For ocv=3801654 batt_temp=255 soc=36
06-03 17:37:54.667 D/VM_BMS  (  461): FIFO=0 fifo_avg=3.800632 rbatt=0.126000 slope=0.300000 ibatt=0.008119 ocv=3.801655 soc=36 fcc_ah=2.200000 sample_count=8 sample_interval=70 seq_num=6757
06-03 17:37:54.668 I/VM_BMS  (  461): power_supply_update: ocv_uv=3801654 ibatt=8118 soc=36 seq_num=6757
06-03 17:37:54.668 D/VM_BMS  (  461): End process_bms_data
06-03 17:37:54.668 D/VM_BMS  (  461): wake_lock released
06-03 17:37:54.795 D/BatteryMeterView( 2940): not on charging...
06-03 17:37:54.796 D/BatteryMeterView( 2940): not on charging...
06-03 17:37:54.797 D/BatteryMeterView( 2940): not on charging...
06-03 17:37:56.205 I/qdhwcomposer(  262): handle_blank_event: dpy:0 panel power state: 0
06-03 17:37:56.206 E/qdutils (  262): int qdutils::getHDMINode(): Failed to open fb node 1
06-03 17:37:56.206 E/qdutils (  262): int qdutils::getHDMINode(): Failed to open fb node 2
06-03 17:37:56.206 E/qdutils (  262): int qdutils::getHDMINode(): Failed to find HDMI node
06-03 17:37:56.207 D/VM_BMS  (  461): wake_lock acquired
06-03 17:37:56.207 D/VM_BMS  (  461): New BMS data - Size=56
06-03 17:37:56.207 D/VM_BMS  (  461): Start process_bms_data
06-03 17:37:56.207 D/VM_BMS  (  461): Battery charge_cycle=0 fcc_adjust=0 rbatt_adjust=0 cycle_changed=false
06-03 17:37:56.209 D/VM_BMS  (  461): For batt_temp=255 fcc_mah=2200
06-03 17:37:56.210 D/VM_BMS  (  461): Lookup fcc_mah=2200.000000  adjusted fcc_mah=2200.000000
06-03 17:37:56.210 D/VM_BMS  (  461): For ocv=3801654 batt_temp=255 soc=36
06-03 17:37:56.210 D/VM_BMS  (  461): fifo_count=0 acc_count=8
06-03 17:37:56.210 D/VM_BMS  (  461): INIT: ocv=3801654 last_ocv=3801654 batt_temp=255 soc=36
06-03 17:37:56.210 D/VM_BMS  (  461): For soc=36 batt_temp=255 slope=3000
06-03 17:37:56.210 D/VM_BMS  (  461): For soc=36 batt_temp=255 rbatt_sf=106
06-03 17:37:56.210 D/VM_BMS  (  461): rbatt_mohm_default=72, rbatt_mohm=76, sf=106 batt_temp=255
06-03 17:37:56.210 D/VM_BMS  (  461): Lookup rbatt=76.000000  adjusted rbatt=76.000000
06-03 17:37:56.210 D/VM_BMS  (  461): For ocv=3801653 batt_temp=255 soc=36
06-03 17:37:56.210 D/VM_BMS  (  461): FIFO=0 fifo_avg=3.798824 rbatt=0.126000 slope=0.300000 ibatt=0.022459 ocv=3.801654 soc=36 fcc_ah=2.200000 sample_count=8 sample_interval=70 seq_num=6758
06-03 17:37:56.212 I/VM_BMS  (  461): power_supply_update: ocv_uv=3801653 ibatt=22458 soc=36 seq_num=6758
06-03 17:37:56.212 D/VM_BMS  (  461): End process_bms_data
06-03 17:37:56.212 D/VM_BMS  (  461): wake_lock released
06-03 17:37:56.336 D/BatteryMeterView( 2940): not on charging...
06-03 17:37:56.336 D/BatteryMeterView( 2940): not on charging...
06-03 17:37:56.337 D/BatteryMeterView( 2940): not on charging...
06-03 17:37:57.739 I/qdhwcomposer(  262): handle_blank_event: dpy:0 panel power state: 0
06-03 17:37:57.740 E/qdutils (  262): int qdutils::getHDMINode(): Failed to open fb node 1
06-03 17:37:57.740 E/qdutils (  262): int qdutils::getHDMINode(): Failed to open fb node 2
06-03 17:37:57.740 E/qdutils (  262): int qdutils::getHDMINode(): Failed to find HDMI node
06-03 17:37:57.741 V/WLAN_PSA(  314): NL MSG, len[4088], NL type[0x1C] WNI type[0x5900] len[57359]
06-03 17:37:57.741 V/WLAN_PSA(  314): NL MSG, PID: 314
06-03 17:37:57.741 D/VM_BMS  (  461): wake_lock acquired
06-03 17:37:57.742 D/VM_BMS  (  461): New BMS data - Size=56
06-03 17:37:57.742 D/VM_BMS  (  461): Start process_bms_data
06-03 17:37:57.742 D/VM_BMS  (  461): Battery charge_cycle=0 fcc_adjust=0 rbatt_adjust=0 cycle_changed=false
06-03 17:37:57.744 D/VM_BMS  (  461): For batt_temp=255 fcc_mah=2200
06-03 17:37:57.744 D/VM_BMS  (  461): Lookup fcc_mah=2200.000000  adjusted fcc_mah=2200.000000
06-03 17:37:57.744 D/VM_BMS  (  461): For ocv=3801653 batt_temp=255 soc=36
06-03 17:37:57.744 D/VM_BMS  (  461): fifo_count=0 acc_count=8
06-03 17:37:57.744 D/VM_BMS  (  461): INIT: ocv=3801653 last_ocv=3801653 batt_temp=255 soc=36
06-03 17:37:57.744 D/VM_BMS  (  461): For soc=36 batt_temp=255 slope=3000
06-03 17:37:57.744 D/VM_BMS  (  461): For soc=36 batt_temp=255 rbatt_sf=106
06-03 17:37:57.744 D/VM_BMS  (  461): rbatt_mohm_default=72, rbatt_mohm=76, sf=106 batt_temp=255
06-03 17:37:57.744 D/VM_BMS  (  461): Lookup rbatt=76.000000  adjusted rbatt=76.000000
06-03 17:37:57.744 D/VM_BMS  (  461): For ocv=3801652 batt_temp=255 soc=36
06-03 17:37:57.744 D/VM_BMS  (  461): FIFO=0 fifo_avg=3.800620 rbatt=0.126000 slope=0.300000 ibatt=0.008196 ocv=3.801653 soc=36 fcc_ah=2.200000 sample_count=8 sample_interval=70 seq_num=6759
06-03 17:37:57.746 I/VM_BMS  (  461): power_supply_update: ocv_uv=3801652 ibatt=8196 soc=36 seq_num=6759
06-03 17:37:57.746 D/VM_BMS  (  461): End process_bms_data
06-03 17:37:57.746 D/VM_BMS  (  461): wake_lock released
06-03 17:37:57.881 D/BatteryMeterView( 2940): not on charging...
06-03 17:37:57.882 D/BatteryMeterView( 2940): not on charging...
06-03 17:37:57.882 D/BatteryMeterView( 2940): not on charging...
06-03 17:37:59.272 I/qdhwcomposer(  262): handle_blank_event: dpy:0 panel power state: 0
06-03 17:37:59.273 E/qdutils (  262): int qdutils::getHDMINode(): Failed to open fb node 1
06-03 17:37:59.273 E/qdutils (  262): int qdutils::getHDMINode(): Failed to open fb node 2
06-03 17:37:59.273 E/qdutils (  262): int qdutils::getHDMINode(): Failed to find HDMI node
06-03 17:37:59.274 D/VM_BMS  (  461): wake_lock acquired
06-03 17:37:59.274 D/VM_BMS  (  461): New BMS data - Size=56
06-03 17:37:59.274 D/VM_BMS  (  461): Start process_bms_data
06-03 17:37:59.274 D/VM_BMS  (  461): Battery charge_cycle=0 fcc_adjust=0 rbatt_adjust=0 cycle_changed=false
06-03 17:37:59.276 D/VM_BMS  (  461): For batt_temp=255 fcc_mah=2200
06-03 17:37:59.276 D/VM_BMS  (  461): Lookup fcc_mah=2200.000000  adjusted fcc_mah=2200.000000
06-03 17:37:59.277 D/VM_BMS  (  461): For ocv=3801652 batt_temp=255 soc=36
06-03 17:37:59.277 D/VM_BMS  (  461): fifo_count=0 acc_count=8
06-03 17:37:59.277 D/VM_BMS  (  461): INIT: ocv=3801652 last_ocv=3801652 batt_temp=255 soc=36
06-03 17:37:59.277 D/VM_BMS  (  461): For soc=36 batt_temp=255 slope=3000
06-03 17:37:59.277 D/VM_BMS  (  461): For soc=36 batt_temp=255 rbatt_sf=106
06-03 17:37:59.277 D/VM_BMS  (  461): rbatt_mohm_default=72, rbatt_mohm=76, sf=106 batt_temp=255
06-03 17:37:59.277 D/VM_BMS  (  461): Lookup rbatt=76.000000  adjusted rbatt=76.000000
06-03 17:37:59.277 D/VM_BMS  (  461): For ocv=3801651 batt_temp=255 soc=36
06-03 17:37:59.277 D/VM_BMS  (  461): FIFO=0 fifo_avg=3.799736 rbatt=0.126000 slope=0.300000 ibatt=0.015205 ocv=3.801652 soc=36 fcc_ah=2.200000 sample_count=8 sample_interval=70 seq_num=6760
06-03 17:37:59.278 I/VM_BMS  (  461): power_supply_update: ocv_uv=3801651 ibatt=15204 soc=36 seq_num=6760
06-03 17:37:59.278 D/VM_BMS  (  461): End process_bms_data
06-03 17:37:59.279 D/VM_BMS  (  461): wake_lock released
06-03 17:37:59.406 D/BatteryMeterView( 2940): not on charging...
06-03 17:37:59.409 D/BatteryMeterView( 2940): not on charging...
06-03 17:37:59.410 D/BatteryMeterView( 2940): not on charging...
06-03 17:38:00.809 I/qdhwcomposer(  262): handle_blank_event: dpy:0 panel power state: 0
06-03 17:38:00.809 E/qdutils (  262): int qdutils::getHDMINode(): Failed to open fb node 1
06-03 17:38:00.810 E/qdutils (  262): int qdutils::getHDMINode(): Failed to open fb node 2
06-03 17:38:00.810 E/qdutils (  262): int qdutils::getHDMINode(): Failed to find HDMI node
06-03 17:38:00.810 V/WLAN_PSA(  314): NL MSG, len[4008], NL type[0x1C] WNI type[0x5900] len[36879]
06-03 17:38:00.810 V/WLAN_PSA(  314): NL MSG, PID: 314
06-03 17:38:00.811 D/VM_BMS  (  461): wake_lock acquired
06-03 17:38:00.811 D/VM_BMS  (  461): New BMS data - Size=56
06-03 17:38:00.811 D/VM_BMS  (  461): Start process_bms_data
06-03 17:38:00.812 D/VM_BMS  (  461): Battery charge_cycle=0 fcc_adjust=0 rbatt_adjust=0 cycle_changed=false
06-03 17:38:00.821 D/VM_BMS  (  461): For batt_temp=255 fcc_mah=2200
06-03 17:38:00.821 D/VM_BMS  (  461): Lookup fcc_mah=2200.000000  adjusted fcc_mah=2200.000000
06-03 17:38:00.821 D/VM_BMS  (  461): For ocv=3801651 batt_temp=255 soc=36
06-03 17:38:00.822 D/VM_BMS  (  461): fifo_count=0 acc_count=8
06-03 17:38:00.822 D/VM_BMS  (  461): INIT: ocv=3801651 last_ocv=3801651 batt_temp=255 soc=36
06-03 17:38:00.822 D/VM_BMS  (  461): For soc=36 batt_temp=255 slope=3000
06-03 17:38:00.822 D/VM_BMS  (  461): For soc=36 batt_temp=255 rbatt_sf=106
06-03 17:38:00.822 D/VM_BMS  (  461): rbatt_mohm_default=72, rbatt_mohm=76, sf=106 batt_temp=255
06-03 17:38:00.822 D/VM_BMS  (  461): Lookup rbatt=76.000000  adjusted rbatt=76.000000
06-03 17:38:00.822 D/VM_BMS  (  461): For ocv=3801650 batt_temp=255 soc=36
06-03 17:38:00.822 D/VM_BMS  (  461): FIFO=0 fifo_avg=3.800895 rbatt=0.126000 slope=0.300000 ibatt=0.006000 ocv=3.801651 soc=36 fcc_ah=2.200000 sample_count=8 sample_interval=70 seq_num=6761
06-03 17:38:00.823 I/VM_BMS  (  461): power_supply_update: ocv_uv=3801650 ibatt=5999 soc=36 seq_num=6761
06-03 17:38:00.823 D/VM_BMS  (  461): End process_bms_data
06-03 17:38:00.823 D/VM_BMS  (  461): wake_lock released
06-03 17:38:00.948 D/BatteryMeterView( 2940): not on charging...
06-03 17:38:00.949 D/BatteryMeterView( 2940): not on charging...
06-03 17:38:00.949 D/BatteryMeterView( 2940): not on charging...
06-03 17:38:02.651 D/VM_BMS  (  461): wake_lock acquired
06-03 17:38:02.651 D/VM_BMS  (  461): New BMS data - Size=56
06-03 17:38:02.651 D/VM_BMS  (  461): Start process_bms_data
06-03 17:38:02.652 D/VM_BMS  (  461): Battery charge_cycle=0 fcc_adjust=0 rbatt_adjust=0 cycle_changed=false
06-03 17:38:02.654 I/qdhwcomposer(  262): handle_blank_event: dpy:0 panel power state: 0
06-03 17:38:02.654 D/VM_BMS  (  461): For batt_temp=255 fcc_mah=2200
06-03 17:38:02.654 D/VM_BMS  (  461): Lookup fcc_mah=2200.000000  adjusted fcc_mah=2200.000000
06-03 17:38:02.654 D/VM_BMS  (  461): For ocv=3801650 batt_temp=255 soc=36
06-03 17:38:02.654 D/VM_BMS  (  461): fifo_count=0 acc_count=8
06-03 17:38:02.654 D/VM_BMS  (  461): INIT: ocv=3801650 last_ocv=3801650 batt_temp=255 soc=36
06-03 17:38:02.654 D/VM_BMS  (  461): For soc=36 batt_temp=255 slope=3000
06-03 17:38:02.654 D/VM_BMS  (  461): For soc=36 batt_temp=255 rbatt_sf=106
06-03 17:38:02.654 D/VM_BMS  (  461): rbatt_mohm_default=72, rbatt_mohm=76, sf=106 batt_temp=255
06-03 17:38:02.654 D/VM_BMS  (  461): Lookup rbatt=76.000000  adjusted rbatt=76.000000
06-03 17:38:02.654 D/VM_BMS  (  461): For ocv=3801649 batt_temp=255 soc=36
06-03 17:38:02.654 D/VM_BMS  (  461): FIFO=0 fifo_avg=3.800613 rbatt=0.126000 slope=0.300000 ibatt=0.008230 ocv=3.801650 soc=36 fcc_ah=2.200000 sample_count=8 sample_interval=70 seq_num=6762
06-03 17:38:02.654 E/qdutils (  262): int qdutils::getHDMINode(): Failed to open fb node 1
06-03 17:38:02.661 E/qdutils (  262): int qdutils::getHDMINode(): Failed to open fb node 2
06-03 17:38:02.661 E/qdutils (  262): int qdutils::getHDMINode(): Failed to find HDMI node
06-03 17:38:02.663 I/VM_BMS  (  461): power_supply_update: ocv_uv=3801649 ibatt=8230 soc=36 seq_num=6762
06-03 17:38:02.664 D/VM_BMS  (  461): End process_bms_data
06-03 17:38:02.675 D/VM_BMS  (  461): wake_lock released
06-03 17:38:02.790 D/BatteryMeterView( 2940): not on charging...
06-03 17:38:02.790 D/BatteryMeterView( 2940): not on charging...
06-03 17:38:02.795 D/BatteryMeterView( 2940): not on charging...
06-03 17:38:04.188 I/qdhwcomposer(  262): handle_blank_event: dpy:0 panel power state: 0
06-03 17:38:04.188 E/qdutils (  262): int qdutils::getHDMINode(): Failed to open fb node 1
06-03 17:38:04.188 E/qdutils (  262): int qdutils::getHDMINode(): Failed to open fb node 2
06-03 17:38:04.188 E/qdutils (  262): int qdutils::getHDMINode(): Failed to find HDMI node
06-03 17:38:04.189 D/VM_BMS  (  461): wake_lock acquired
06-03 17:38:04.189 D/VM_BMS  (  461): New BMS data - Size=56
06-03 17:38:04.189 D/VM_BMS  (  461): Start process_bms_data
06-03 17:38:04.190 D/VM_BMS  (  461): Battery charge_cycle=0 fcc_adjust=0 rbatt_adjust=0 cycle_changed=false
06-03 17:38:04.192 D/VM_BMS  (  461): For batt_temp=255 fcc_mah=2200
06-03 17:38:04.192 D/VM_BMS  (  461): Lookup fcc_mah=2200.000000  adjusted fcc_mah=2200.000000
06-03 17:38:04.192 D/VM_BMS  (  461): For ocv=3801649 batt_temp=255 soc=36
06-03 17:38:04.192 D/VM_BMS  (  461): fifo_count=0 acc_count=8
06-03 17:38:04.192 D/VM_BMS  (  461): INIT: ocv=3801649 last_ocv=3801649 batt_temp=255 soc=36
06-03 17:38:04.192 D/VM_BMS  (  461): For soc=36 batt_temp=255 slope=3000
06-03 17:38:04.192 D/VM_BMS  (  461): For soc=36 batt_temp=255 rbatt_sf=106
06-03 17:38:04.192 D/VM_BMS  (  461): rbatt_mohm_default=72, rbatt_mohm=76, sf=106 batt_temp=255
06-03 17:38:04.192 V/WLAN_PSA(  314): NL MSG, len[4084], NL type[0x1C] WNI type[0x5900] len[56335]
06-03 17:38:04.192 D/VM_BMS  (  461): Lookup rbatt=76.000000  adjusted rbatt=76.000000
06-03 17:38:04.192 V/WLAN_PSA(  314): NL MSG, PID: 314
06-03 17:38:04.192 D/VM_BMS  (  461): For ocv=3801648 batt_temp=255 soc=36
06-03 17:38:04.192 D/VM_BMS  (  461): FIFO=0 fifo_avg=3.800907 rbatt=0.126000 slope=0.300000 ibatt=0.005890 ocv=3.801649 soc=36 fcc_ah=2.200000 sample_count=8 sample_interval=70 seq_num=6763
06-03 17:38:04.201 I/VM_BMS  (  461): power_supply_update: ocv_uv=3801648 ibatt=5889 soc=36 seq_num=6763
06-03 17:38:04.201 D/VM_BMS  (  461): End process_bms_data
06-03 17:38:04.201 D/VM_BMS  (  461): wake_lock released
06-03 17:38:04.321 D/BatteryMeterView( 2940): not on charging...
06-03 17:38:04.322 D/BatteryMeterView( 2940): not on charging...
06-03 17:38:04.322 D/BatteryMeterView( 2940): not on charging...
06-03 17:38:05.723 I/qdhwcomposer(  262): handle_blank_event: dpy:0 panel power state: 0
06-03 17:38:05.724 E/qdutils (  262): int qdutils::getHDMINode(): Failed to open fb node 1
06-03 17:38:05.724 E/qdutils (  262): int qdutils::getHDMINode(): Failed to open fb node 2
06-03 17:38:05.724 E/qdutils (  262): int qdutils::getHDMINode(): Failed to find HDMI node
06-03 17:38:05.725 D/VM_BMS  (  461): wake_lock acquired
06-03 17:38:05.725 D/VM_BMS  (  461): New BMS data - Size=56
06-03 17:38:05.725 D/VM_BMS  (  461): Start process_bms_data
06-03 17:38:05.725 D/VM_BMS  (  461): Battery charge_cycle=0 fcc_adjust=0 rbatt_adjust=0 cycle_changed=false
06-03 17:38:05.727 D/VM_BMS  (  461): For batt_temp=255 fcc_mah=2200
06-03 17:38:05.727 D/VM_BMS  (  461): Lookup fcc_mah=2200.000000  adjusted fcc_mah=2200.000000
06-03 17:38:05.727 D/VM_BMS  (  461): For ocv=3801648 batt_temp=255 soc=36
06-03 17:38:05.727 D/VM_BMS  (  461): fifo_count=0 acc_count=8
06-03 17:38:05.727 D/VM_BMS  (  461): INIT: ocv=3801648 last_ocv=3801648 batt_temp=255 soc=36
06-03 17:38:05.727 D/VM_BMS  (  461): For soc=36 batt_temp=255 slope=3000
06-03 17:38:05.727 D/VM_BMS  (  461): For soc=36 batt_temp=255 rbatt_sf=106
06-03 17:38:05.728 D/VM_BMS  (  461): rbatt_mohm_default=72, rbatt_mohm=76, sf=106 batt_temp=255
06-03 17:38:05.728 D/VM_BMS  (  461): Lookup rbatt=76.000000  adjusted rbatt=76.000000
06-03 17:38:05.728 D/VM_BMS  (  461): For ocv=3801648 batt_temp=255 soc=36
06-03 17:38:05.728 D/VM_BMS  (  461): FIFO=0 fifo_avg=3.801223 rbatt=0.126000 slope=0.300000 ibatt=0.003372 ocv=3.801648 soc=36 fcc_ah=2.200000 sample_count=8 sample_interval=70 seq_num=6764
06-03 17:38:05.728 I/VM_BMS  (  461): power_supply_update: ocv_uv=3801648 ibatt=3371 soc=36 seq_num=6764
06-03 17:38:05.728 D/VM_BMS  (  461): End process_bms_data
06-03 17:38:05.729 D/VM_BMS  (  461): wake_lock released
06-03 17:38:05.856 D/BatteryMeterView( 2940): not on charging...
06-03 17:38:05.857 D/BatteryMeterView( 2940): not on charging...
06-03 17:38:05.857 D/BatteryMeterView( 2940): not on charging...
06-03 17:38:07.260 I/qdhwcomposer(  262): handle_blank_event: dpy:0 panel power state: 0
06-03 17:38:07.260 E/qdutils (  262): int qdutils::getHDMINode(): Failed to open fb node 1
06-03 17:38:07.260 E/qdutils (  262): int qdutils::getHDMINode(): Failed to open fb node 2
06-03 17:38:07.260 E/qdutils (  262): int qdutils::getHDMINode(): Failed to find HDMI node
06-03 17:38:07.262 D/VM_BMS  (  461): wake_lock acquired
06-03 17:38:07.262 D/VM_BMS  (  461): New BMS data - Size=56
06-03 17:38:07.262 D/VM_BMS  (  461): Start process_bms_data
06-03 17:38:07.262 D/VM_BMS  (  461): Battery charge_cycle=0 fcc_adjust=0 rbatt_adjust=0 cycle_changed=false
06-03 17:38:07.264 D/VM_BMS  (  461): For batt_temp=255 fcc_mah=2200
06-03 17:38:07.264 D/VM_BMS  (  461): Lookup fcc_mah=2200.000000  adjusted fcc_mah=2200.000000
06-03 17:38:07.264 D/VM_BMS  (  461): For ocv=3801648 batt_temp=255 soc=36
06-03 17:38:07.264 D/VM_BMS  (  461): fifo_count=0 acc_count=8
06-03 17:38:07.264 D/VM_BMS  (  461): INIT: ocv=3801648 last_ocv=3801648 batt_temp=255 soc=36
06-03 17:38:07.264 D/VM_BMS  (  461): For soc=36 batt_temp=255 slope=3000
06-03 17:38:07.264 D/VM_BMS  (  461): For soc=36 batt_temp=255 rbatt_sf=106
06-03 17:38:07.264 D/VM_BMS  (  461): rbatt_mohm_default=72, rbatt_mohm=76, sf=106 batt_temp=255
06-03 17:38:07.264 D/VM_BMS  (  461): Lookup rbatt=76.000000  adjusted rbatt=76.000000
06-03 17:38:07.264 D/VM_BMS  (  461): For ocv=3801647 batt_temp=255 soc=36
06-03 17:38:07.264 D/VM_BMS  (  461): FIFO=0 fifo_avg=3.800250 rbatt=0.126000 slope=0.300000 ibatt=0.011093 ocv=3.801648 soc=36 fcc_ah=2.200000 sample_count=8 sample_interval=70 seq_num=6765
06-03 17:38:07.265 I/VM_BMS  (  461): power_supply_update: ocv_uv=3801647 ibatt=11093 soc=36 seq_num=6765
06-03 17:38:07.265 D/VM_BMS  (  461): End process_bms_data
06-03 17:38:07.266 D/VM_BMS  (  461): wake_lock released
06-03 17:38:07.396 D/BatteryMeterView( 2940): not on charging...
06-03 17:38:07.397 D/BatteryMeterView( 2940): not on charging...
06-03 17:38:07.398 D/BatteryMeterView( 2940): not on charging...
06-03 17:38:08.795 I/qdhwcomposer(  262): handle_blank_event: dpy:0 panel power state: 0
06-03 17:38:08.796 E/qdutils (  262): int qdutils::getHDMINode(): Failed to open fb node 1
06-03 17:38:08.796 E/qdutils (  262): int qdutils::getHDMINode(): Failed to open fb node 2
06-03 17:38:08.796 E/qdutils (  262): int qdutils::getHDMINode(): Failed to find HDMI node
06-03 17:38:08.797 V/WLAN_PSA(  314): NL MSG, len[4033], NL type[0x1C] WNI type[0x5900] len[43279]
06-03 17:38:08.797 V/WLAN_PSA(  314): NL MSG, PID: 314
06-03 17:38:08.801 D/VM_BMS  (  461): wake_lock acquired
06-03 17:38:08.801 D/VM_BMS  (  461): New BMS data - Size=56
06-03 17:38:08.801 D/VM_BMS  (  461): Start process_bms_data
06-03 17:38:08.801 D/VM_BMS  (  461): Battery charge_cycle=0 fcc_adjust=0 rbatt_adjust=0 cycle_changed=false
06-03 17:38:08.809 D/VM_BMS  (  461): For batt_temp=255 fcc_mah=2200
06-03 17:38:08.809 D/VM_BMS  (  461): Lookup fcc_mah=2200.000000  adjusted fcc_mah=2200.000000
06-03 17:38:08.809 D/VM_BMS  (  461): For ocv=3801647 batt_temp=255 soc=36
06-03 17:38:08.809 D/VM_BMS  (  461): fifo_count=0 acc_count=8
06-03 17:38:08.809 D/VM_BMS  (  461): INIT: ocv=3801647 last_ocv=3801647 batt_temp=255 soc=36
06-03 17:38:08.809 D/VM_BMS  (  461): For soc=36 batt_temp=255 slope=3000
06-03 17:38:08.809 D/VM_BMS  (  461): For soc=36 batt_temp=255 rbatt_sf=106
06-03 17:38:08.809 D/VM_BMS  (  461): rbatt_mohm_default=72, rbatt_mohm=76, sf=106 batt_temp=255
06-03 17:38:08.809 D/VM_BMS  (  461): Lookup rbatt=76.000000  adjusted rbatt=76.000000
06-03 17:38:08.809 D/VM_BMS  (  461): For ocv=3801646 batt_temp=255 soc=36
06-03 17:38:08.809 D/VM_BMS  (  461): FIFO=0 fifo_avg=3.799728 rbatt=0.126000 slope=0.300000 ibatt=0.015229 ocv=3.801647 soc=36 fcc_ah=2.200000 sample_count=8 sample_interval=70 seq_num=6766
06-03 17:38:08.813 I/VM_BMS  (  461): power_supply_update: ocv_uv=3801646 ibatt=15229 soc=36 seq_num=6766
06-03 17:38:08.813 D/VM_BMS  (  461): End process_bms_data
06-03 17:38:08.813 D/VM_BMS  (  461): wake_lock released
06-03 17:38:10.331 I/qdhwcomposer(  262): handle_blank_event: dpy:0 panel power state: 0
06-03 17:38:10.332 E/qdutils (  262): int qdutils::getHDMINode(): Failed to open fb node 1
06-03 17:38:10.332 E/qdutils (  262): int qdutils::getHDMINode(): Failed to open fb node 2
06-03 17:38:10.332 E/qdutils (  262): int qdutils::getHDMINode(): Failed to find HDMI node
06-03 17:38:10.337 D/VM_BMS  (  461): wake_lock acquired
06-03 17:38:10.337 D/VM_BMS  (  461): New BMS data - Size=56
06-03 17:38:10.337 D/VM_BMS  (  461): Start process_bms_data
06-03 17:38:10.338 D/VM_BMS  (  461): Battery charge_cycle=0 fcc_adjust=0 rbatt_adjust=0 cycle_changed=false
06-03 17:38:10.340 D/VM_BMS  (  461): For batt_temp=255 fcc_mah=2200
06-03 17:38:10.340 D/VM_BMS  (  461): Lookup fcc_mah=2200.000000  adjusted fcc_mah=2200.000000
06-03 17:38:10.340 D/VM_BMS  (  461): For ocv=3801646 batt_temp=255 soc=36
06-03 17:38:10.340 D/VM_BMS  (  461): fifo_count=0 acc_count=8
06-03 17:38:10.340 D/VM_BMS  (  461): INIT: ocv=3801646 last_ocv=3801646 batt_temp=255 soc=36
06-03 17:38:10.340 D/VM_BMS  (  461): For soc=36 batt_temp=255 slope=3000
06-03 17:38:10.340 D/VM_BMS  (  461): For soc=36 batt_temp=255 rbatt_sf=106
06-03 17:38:10.340 D/VM_BMS  (  461): rbatt_mohm_default=72, rbatt_mohm=76, sf=106 batt_temp=255
06-03 17:38:10.340 D/VM_BMS  (  461): Lookup rbatt=76.000000  adjusted rbatt=76.000000
06-03 17:38:10.340 D/VM_BMS  (  461): For ocv=3801646 batt_temp=255 soc=36
06-03 17:38:10.341 D/VM_BMS  (  461): FIFO=0 fifo_avg=3.800964 rbatt=0.126000 slope=0.300000 ibatt=0.005411 ocv=3.801646 soc=36 fcc_ah=2.200000 sample_count=8 sample_interval=70 seq_num=6767
06-03 17:38:10.342 I/VM_BMS  (  461): power_supply_update: ocv_uv=3801646 ibatt=5411 soc=36 seq_num=6767
06-03 17:38:10.342 D/VM_BMS  (  461): End process_bms_data
06-03 17:38:10.342 D/VM_BMS  (  461): wake_lock released
06-03 17:38:10.469 D/BatteryMeterView( 2940): not on charging...
06-03 17:38:10.470 D/BatteryMeterView( 2940): not on charging...
06-03 17:38:10.470 D/BatteryMeterView( 2940): not on charging...
06-03 17:38:12.176 I/qdhwcomposer(  262): handle_blank_event: dpy:0 panel power state: 0
06-03 17:38:12.177 E/qdutils (  262): int qdutils::getHDMINode(): Failed to open fb node 1
06-03 17:38:12.177 E/qdutils (  262): int qdutils::getHDMINode(): Failed to open fb node 2
06-03 17:38:12.177 E/qdutils (  262): int qdutils::getHDMINode(): Failed to find HDMI node
06-03 17:38:12.179 D/VM_BMS  (  461): wake_lock acquired
06-03 17:38:12.179 D/VM_BMS  (  461): New BMS data - Size=56
06-03 17:38:12.179 D/VM_BMS  (  461): Start process_bms_data
06-03 17:38:12.179 D/VM_BMS  (  461): Battery charge_cycle=0 fcc_adjust=0 rbatt_adjust=0 cycle_changed=false
06-03 17:38:12.181 D/VM_BMS  (  461): For batt_temp=255 fcc_mah=2200
06-03 17:38:12.181 D/VM_BMS  (  461): Lookup fcc_mah=2200.000000  adjusted fcc_mah=2200.000000
06-03 17:38:12.181 D/VM_BMS  (  461): For ocv=3801646 batt_temp=255 soc=36
06-03 17:38:12.181 D/VM_BMS  (  461): fifo_count=0 acc_count=8
06-03 17:38:12.181 V/WLAN_PSA(  314): NL MSG, len[4008], NL type[0x1C] WNI type[0x5900] len[36879]
06-03 17:38:12.181 V/WLAN_PSA(  314): NL MSG, PID: 314
06-03 17:38:12.181 D/VM_BMS  (  461): INIT: ocv=3801646 last_ocv=3801646 batt_temp=255 soc=36
06-03 17:38:12.181 D/VM_BMS  (  461): For soc=36 batt_temp=255 slope=3000
06-03 17:38:12.181 D/VM_BMS  (  461): For soc=36 batt_temp=255 rbatt_sf=106
06-03 17:38:12.181 D/VM_BMS  (  461): rbatt_mohm_default=72, rbatt_mohm=76, sf=106 batt_temp=255
06-03 17:38:12.181 D/VM_BMS  (  461): Lookup rbatt=76.000000  adjusted rbatt=76.000000
06-03 17:38:12.181 D/VM_BMS  (  461): For ocv=3801645 batt_temp=255 soc=36
06-03 17:38:12.181 D/VM_BMS  (  461): FIFO=0 fifo_avg=3.800888 rbatt=0.126000 slope=0.300000 ibatt=0.006015 ocv=3.801646 soc=36 fcc_ah=2.200000 sample_count=8 sample_interval=70 seq_num=6768
06-03 17:38:12.182 I/VM_BMS  (  461): power_supply_update: ocv_uv=3801645 ibatt=6014 soc=36 seq_num=6768
06-03 17:38:12.182 D/VM_BMS  (  461): End process_bms_data
06-03 17:38:12.183 D/VM_BMS  (  461): wake_lock released
06-03 17:38:13.028 D/VM_BMS  (  461): wake_lock acquired
06-03 17:38:13.028 D/VM_BMS  (  461): New BMS data - Size=56
06-03 17:38:13.028 D/VM_BMS  (  461): Start process_bms_data
06-03 17:38:13.029 D/VM_BMS  (  461): Battery charge_cycle=0 fcc_adjust=0 rbatt_adjust=0 cycle_changed=false
06-03 17:38:13.033 I/qdhwcomposer(  262): handle_blank_event: dpy:0 panel power state: 0
06-03 17:38:13.034 E/qdutils (  262): int qdutils::getHDMINode(): Failed to open fb node 1
06-03 17:38:13.035 E/qdutils (  262): int qdutils::getHDMINode(): Failed to open fb node 2
06-03 17:38:13.035 E/qdutils (  262): int qdutils::getHDMINode(): Failed to find HDMI node
06-03 17:38:13.036 D/VM_BMS  (  461): For batt_temp=255 fcc_mah=2200
06-03 17:38:13.036 D/VM_BMS  (  461): Lookup fcc_mah=2200.000000  adjusted fcc_mah=2200.000000
06-03 17:38:13.036 D/VM_BMS  (  461): For ocv=3801645 batt_temp=255 soc=36
06-03 17:38:13.036 D/VM_BMS  (  461): fifo_count=0 acc_count=8
06-03 17:38:13.036 D/VM_BMS  (  461): INIT: ocv=3801645 last_ocv=3801645 batt_temp=255 soc=36
06-03 17:38:13.036 D/VM_BMS  (  461): For soc=36 batt_temp=255 slope=3000
06-03 17:38:13.036 D/VM_BMS  (  461): For soc=36 batt_temp=255 rbatt_sf=106
06-03 17:38:13.036 D/VM_BMS  (  461): rbatt_mohm_default=72, rbatt_mohm=76, sf=106 batt_temp=255
06-03 17:38:13.036 D/VM_BMS  (  461): Lookup rbatt=76.000000  adjusted rbatt=76.000000
06-03 17:38:13.036 D/VM_BMS  (  461): For ocv=3801645 batt_temp=255 soc=36
06-03 17:38:13.036 D/VM_BMS  (  461): FIFO=0 fifo_avg=3.801563 rbatt=0.126000 slope=0.300000 ibatt=0.000651 ocv=3.801645 soc=36 fcc_ah=2.200000 sample_count=8 sample_interval=70 seq_num=6769
06-03 17:38:13.038 I/VM_BMS  (  461): power_supply_update: ocv_uv=3801645 ibatt=650 soc=36 seq_num=6769
06-03 17:38:13.038 D/VM_BMS  (  461): End process_bms_data
06-03 17:38:13.039 D/VM_BMS  (  461): wake_lock released
