E/telpo_native(  775): Cannot find response header
D/telpo_native(  775): handle_emv_serial_read_write_cmd: not enough data receive,continue
I/WindowManager(  775): mDock rect: (0,0 - 720,1280)
I/SurfaceFlinger(  262): FPS: 9
V/WindowManager(  775): Status bar: dock=[0,50][720,1280] content=[0,50][720,1280] cur=[0,50][720,1280]
V/WindowManager(  775): layoutWindowLw(): normal window
V/WindowManager(  775): Compute frame : sim=#20 attach=null type=2015 flags=0x01000018 pf=[0,50][720,1280] df=[0,50][720,1280] of=[0,50][720,1280] cf=[0,50][720,1280] vf=[0,50][720,1280] dcf=[0,0][720,1280] sf=[0,50][720,1280]
V/WindowManager(  775): layoutWindowLw(Toast): normal window
V/WindowManager(  775): Compute frame Toast: sim=#20 attach=null type=2005 flags=0x01000098 pf=[0,50][720,1280] df=[0,50][720,1280] of=[0,50][720,1280] cf=[0,50][720,1280] vf=[0,50][720,1280] dcf=[0,0][720,1280] sf=[0,50][720,1280]
V/WindowManager(  775): layoutWindowLw(com.interswitchng.interswitchpossdkdemo.telpo.v2.debug/com.interswitchng.smartpos.modules.main.MainActivity): IN_SCREEN, INSET_DECOR
V/WindowManager(  775): Compute frame com.interswitchng.interswitchpossdkdemo.telpo.v2.debug/com.interswitchng.smartpos.modules.main.MainActivity: sim=#20 attach=null type=1 flags=0x81810100 pf=[0,0][720,1280] df=[0,0][720,1280] of=[0,0][720,1280] cf=[0,50][720,1280] vf=[0,50][720,1280] dcf=[0,0][720,1280] sf=[0,50][720,1280]
I/WindowManager(  775): Win Window{bff5d73 u0 android}: isVisibleOrBehindKeyguardLw=true
I/WindowManager(  775): Win Window{7989c4a u0 StatusBar}: isVisibleOrBehindKeyguardLw=true
I/WindowManager(  775): Win Window{1a0cb105 u0 Toast}: isVisibleOrBehindKeyguardLw=true
I/WindowManager(  775): Win Window{b0de3c7 u0 com.interswitchng.interswitchpossdkdemo.telpo.v2.debug/com.interswitchng.smartpos.modules.main.MainActivity}: isVisibleOrBehindKeyguardLw=true
V/WindowManager(  775): Fullscreen window: Window{b0de3c7 u0 com.interswitchng.interswitchpossdkdemo.telpo.v2.debug/com.interswitchng.smartpos.modules.main.MainActivity}
I/WindowManager(  775): Win Window{1ea30909 u0 com.android.phasebeam.PhaseBeamWallpaper}: isVisibleOrBehindKeyguardLw=false
I/WindowManager(  775): force=false forcefkg=false top=Window{b0de3c7 u0 com.interswitchng.interswitchpossdkdemo.telpo.v2.debug/com.interswitchng.smartpos.modules.main.MainActivity}
D/WindowManager(  775): frame: Rect(0, 0 - 720, 1280) shown frame: RectF(0.0, 0.0, 720.0, 1280.0)
D/WindowManager(  775): attr: WM.LayoutParams{(0,0)(fillxfill) sim=#20 ty=1 fl=#81810100 wanim=0x1030467 vsysui=0x600 surfaceInsets=Rect(0, 0 - 0, 0) needsMenuKey=2} lp.flags=0x81810100
V/WindowManager(  775): ** SHOWING status bar: top is not fullscreen
V/WindowManager(  775): finishPostLayoutPolicyLw: mHideKeyguard=false
I/WindowManager(  775): Win Window{bff5d73 u0 android}: isVisibleOrBehindKeyguardLw=true
I/WindowManager(  775): Win Window{7989c4a u0 StatusBar}: isVisibleOrBehindKeyguardLw=true
I/WindowManager(  775): Win Window{1a0cb105 u0 Toast}: isVisibleOrBehindKeyguardLw=true
I/WindowManager(  775): Win Window{b0de3c7 u0 com.interswitchng.interswitchpossdkdemo.telpo.v2.debug/com.interswitchng.smartpos.modules.main.MainActivity}: isVisibleOrBehindKeyguardLw=true
V/WindowManager(  775): Fullscreen window: Window{b0de3c7 u0 com.interswitchng.interswitchpossdkdemo.telpo.v2.debug/com.interswitchng.smartpos.modules.main.MainActivity}
I/WindowManager(  775): Win Window{1ea30909 u0 com.android.phasebeam.PhaseBeamWallpaper}: isVisibleOrBehindKeyguardLw=false
I/WindowManager(  775): force=false forcefkg=false top=Window{b0de3c7 u0 com.interswitchng.interswitchpossdkdemo.telpo.v2.debug/com.interswitchng.smartpos.modules.main.MainActivity}
D/WindowManager(  775): frame: Rect(0, 0 - 720, 1280) shown frame: RectF(0.0, 0.0, 720.0, 1280.0)
D/WindowManager(  775): attr: WM.LayoutParams{(0,0)(fillxfill) sim=#20 ty=1 fl=#81810100 wanim=0x1030467 vsysui=0x600 surfaceInsets=Rect(0, 0 - 0, 0) needsMenuKey=2} lp.flags=0x81810100
V/WindowManager(  775): ** SHOWING status bar: top is not fullscreen
V/WindowManager(  775): finishPostLayoutPolicyLw: mHideKeyguard=false
E/telpo_native(  775): Cannot find response header
D/telpo_native(  775): handle_emv_serial_read_write_cmd: not enough data receive,continue
E/telpo_native(  775): Cannot find response header
D/telpo_native(  775): handle_emv_serial_read_write_cmd: not enough data receive,continue
E/telpo_native(  775): Cannot find response header
D/telpo_native(  775): handle_emv_serial_read_write_cmd: not enough data receive,continue
E/telpo_native(  775): Cannot find response header
D/telpo_native(  775): handle_emv_serial_read_write_cmd: not enough data receive,continue
I/WindowManager(  775): mDock rect: (0,0 - 720,1280)
V/WindowManager(  775): Status bar: dock=[0,50][720,1280] content=[0,50][720,1280] cur=[0,50][720,1280]
V/WindowManager(  775): layoutWindowLw(): normal window
V/WindowManager(  775): Compute frame : sim=#20 attach=null type=2015 flags=0x01000018 pf=[0,50][720,1280] df=[0,50][720,1280] of=[0,50][720,1280] cf=[0,50][720,1280] vf=[0,50][720,1280] dcf=[0,0][720,1280] sf=[0,50][720,1280]
V/WindowManager(  775): layoutWindowLw(Toast): normal window
V/WindowManager(  775): Compute frame Toast: sim=#20 attach=null type=2005 flags=0x01000098 pf=[0,50][720,1280] df=[0,50][720,1280] of=[0,50][720,1280] cf=[0,50][720,1280] vf=[0,50][720,1280] dcf=[0,0][720,1280] sf=[0,50][720,1280]
V/WindowManager(  775): layoutWindowLw(com.interswitchng.interswitchpossdkdemo.telpo.v2.debug/com.interswitchng.smartpos.modules.main.MainActivity): IN_SCREEN, INSET_DECOR
V/WindowManager(  775): Compute frame com.interswitchng.interswitchpossdkdemo.telpo.v2.debug/com.interswitchng.smartpos.modules.main.MainActivity: sim=#20 attach=null type=1 flags=0x81810100 pf=[0,0][720,1280] df=[0,0][720,1280] of=[0,0][720,1280] cf=[0,50][720,1280] vf=[0,50][720,1280] dcf=[0,0][720,1280] sf=[0,50][720,1280]
I/WindowManager(  775): Win Window{bff5d73 u0 android}: isVisibleOrBehindKeyguardLw=true
I/WindowManager(  775): Win Window{7989c4a u0 StatusBar}: isVisibleOrBehindKeyguardLw=true
I/WindowManager(  775): Win Window{1a0cb105 u0 Toast}: isVisibleOrBehindKeyguardLw=true
I/WindowManager(  775): Win Window{b0de3c7 u0 com.interswitchng.interswitchpossdkdemo.telpo.v2.debug/com.interswitchng.smartpos.modules.main.MainActivity}: isVisibleOrBehindKeyguardLw=true
V/WindowManager(  775): Fullscreen window: Window{b0de3c7 u0 com.interswitchng.interswitchpossdkdemo.telpo.v2.debug/com.interswitchng.smartpos.modules.main.MainActivity}
I/WindowManager(  775): Win Window{1ea30909 u0 com.android.phasebeam.PhaseBeamWallpaper}: isVisibleOrBehindKeyguardLw=false
I/WindowManager(  775): force=false forcefkg=false top=Window{b0de3c7 u0 com.interswitchng.interswitchpossdkdemo.telpo.v2.debug/com.interswitchng.smartpos.modules.main.MainActivity}
D/WindowManager(  775): frame: Rect(0, 0 - 720, 1280) shown frame: RectF(0.0, 0.0, 720.0, 1280.0)
D/WindowManager(  775): attr: WM.LayoutParams{(0,0)(fillxfill) sim=#20 ty=1 fl=#81810100 wanim=0x1030467 vsysui=0x600 surfaceInsets=Rect(0, 0 - 0, 0) needsMenuKey=2} lp.flags=0x81810100
V/WindowManager(  775): ** SHOWING status bar: top is not fullscreen
V/WindowManager(  775): finishPostLayoutPolicyLw: mHideKeyguard=false
E/telpo_native(  775): Cannot find response header
D/telpo_native(  775): handle_emv_serial_read_write_cmd: not enough data receive,continue
I/WindowManager(  775): Win Window{bff5d73 u0 android}: isVisibleOrBehindKeyguardLw=true
I/WindowManager(  775): Win Window{7989c4a u0 StatusBar}: isVisibleOrBehindKeyguardLw=true
I/WindowManager(  775): Win Window{1a0cb105 u0 Toast}: isVisibleOrBehindKeyguardLw=true
I/WindowManager(  775): Win Window{b0de3c7 u0 com.interswitchng.interswitchpossdkdemo.telpo.v2.debug/com.interswitchng.smartpos.modules.main.MainActivity}: isVisibleOrBehindKeyguardLw=true
V/WindowManager(  775): Fullscreen window: Window{b0de3c7 u0 com.interswitchng.interswitchpossdkdemo.telpo.v2.debug/com.interswitchng.smartpos.modules.main.MainActivity}
I/WindowManager(  775): Win Window{1ea30909 u0 com.android.phasebeam.PhaseBeamWallpaper}: isVisibleOrBehindKeyguardLw=false
I/WindowManager(  775): force=false forcefkg=false top=Window{b0de3c7 u0 com.interswitchng.interswitchpossdkdemo.telpo.v2.debug/com.interswitchng.smartpos.modules.main.MainActivity}
D/WindowManager(  775): frame: Rect(0, 0 - 720, 1280) shown frame: RectF(0.0, 0.0, 720.0, 1280.0)
D/WindowManager(  775): attr: WM.LayoutParams{(0,0)(fillxfill) sim=#20 ty=1 fl=#81810100 wanim=0x1030467 vsysui=0x600 surfaceInsets=Rect(0, 0 - 0, 0) needsMenuKey=2} lp.flags=0x81810100
V/WindowManager(  775): ** SHOWING status bar: top is not fullscreen
V/WindowManager(  775): finishPostLayoutPolicyLw: mHideKeyguard=false
E/telpo_native(  775): Cannot find response header
D/telpo_native(  775): handle_emv_serial_read_write_cmd: not enough data receive,continue
E/telpo_native(  775): serial_read:start read
E/telpo_native(  775): serial_read:serial_read read_size = 0
D/telpo_native(  775): handle_emv_serial_read_write_cmd: usb_printer_read length = 69
I/telpo_native(  775): 0b
I/telpo_native(  775): b0
I/telpo_native(  775): 96
I/telpo_native(  775): 69
I/telpo_native(  775): 35
I/telpo_native(  775): 00
I/telpo_native(  775): 00
I/telpo_native(  775): 00
I/telpo_native(  775): 95
I/telpo_native(  775): 00
I/telpo_native(  775): 04
I/telpo_native(  775): 01
I/telpo_native(  775): 00
I/telpo_native(  775): 00
I/telpo_native(  775): 00
I/telpo_native(  775): 00
I/telpo_native(  775): 00
I/telpo_native(  775): 00
I/telpo_native(  775): 00
I/telpo_native(  775): 00
I/telpo_native(  775): 2d
I/telpo_native(  775): 00
I/telpo_native(  775): 00
I/telpo_native(  775): 00
I/telpo_native(  775): 77
I/telpo_native(  775): 29
I/telpo_native(  775): 9f
I/telpo_native(  775): 27
I/telpo_native(  775): 01
I/telpo_native(  775): 40
I/telpo_native(  775): 9f
I/telpo_native(  775): 36
I/telpo_native(  775): 02
I/telpo_native(  775): 06
I/telpo_native(  775): 91
I/telpo_native(  775): 9f
I/telpo_native(  775): 26
I/telpo_native(  775): 08
I/telpo_native(  775): c4
I/telpo_native(  775): 98
I/telpo_native(  775): 24
I/telpo_native(  775): a2
I/telpo_native(  775): c7
I/telpo_native(  775): e7
I/telpo_native(  775): 8f
I/telpo_native(  775): 32
I/telpo_native(  775): 9f
I/telpo_native(  775): 10
I/telpo_native(  775): 12
I/telpo_native(  775): 01
I/telpo_native(  775): 10
I/telpo_native(  775): 65
I/telpo_native(  775): 00
I/telpo_native(  775): 03
I/telpo_native(  775): 02
I/telpo_native(  775): 00
I/telpo_native(  775): 00
I/telpo_native(  775): 00
I/telpo_native(  775): 00
I/telpo_native(  775): 00
I/telpo_native(  775): 00
I/telpo_native(  775): 00
I/telpo_native(  775): 00
I/telpo_native(  775): 00
I/telpo_native(  775): 00
I/telpo_native(  775): 00
I/telpo_native(  775): ff
I/telpo_native(  775): 90
I/telpo_native(  775): 00
I/telpo_native(  775): 
D/telpo_native(  775): handle_emv_serial_read_write_cmd: parse successfully!
I/telpo_native(  775): handle_emv_serial_read_write_cmd: receive data length is 69
I/telpo_native(  775): 0b
I/telpo_native(  775): b0
I/telpo_native(  775): 96
I/telpo_native(  775): 69
I/telpo_native(  775): 35
I/telpo_native(  775): 00
I/telpo_native(  775): 00
I/telpo_native(  775): 00
I/telpo_native(  775): 95
I/telpo_native(  775): 00
I/telpo_native(  775): 04
I/telpo_native(  775): 01
I/telpo_native(  775): 00
I/telpo_native(  775): 00
I/telpo_native(  775): 00
I/telpo_native(  775): 00
I/telpo_native(  775): 00
I/telpo_native(  775): 00
I/telpo_native(  775): 00
I/telpo_native(  775): 00
I/telpo_native(  775): 2d
I/telpo_native(  775): 00
I/telpo_native(  775): 00
I/telpo_native(  775): 00
I/telpo_native(  775): 77
I/telpo_native(  775): 29
I/telpo_native(  775): 9f
I/telpo_native(  775): 27
I/telpo_native(  775): 01
I/telpo_native(  775): 40
I/telpo_native(  775): 9f
I/telpo_native(  775): 36
I/telpo_native(  775): 02
I/telpo_native(  775): 06
I/telpo_native(  775): 91
I/telpo_native(  775): 9f
I/telpo_native(  775): 26
I/telpo_native(  775): 08
I/telpo_native(  775): c4
I/telpo_native(  775): 98
I/telpo_native(  775): 24
I/telpo_native(  775): a2
I/telpo_native(  775): c7
I/telpo_native(  775): e7
I/telpo_native(  775): 8f
I/telpo_native(  775): 32
I/telpo_native(  775): 9f
I/telpo_native(  775): 10
I/telpo_native(  775): 12
I/telpo_native(  775): 01
I/telpo_native(  775): 10
I/telpo_native(  775): 65
I/telpo_native(  775): 00
I/telpo_native(  775): 03
I/telpo_native(  775): 02
I/telpo_native(  775): 00
I/telpo_native(  775): 00
I/telpo_native(  775): 00
I/telpo_native(  775): 00
I/telpo_native(  775): 00
I/telpo_native(  775): 00
I/telpo_native(  775): 00
I/telpo_native(  775): 00
I/telpo_native(  775): 00
I/telpo_native(  775): 00
I/telpo_native(  775): 00
I/telpo_native(  775): ff
I/telpo_native(  775): 90
I/telpo_native(  775): 00
I/telpo_native(  775): 
D/telpo_native( 9199): CallIntMethod return ret = 0 length = 69
E/EMV_LIB ( 9199): Receive APDU:45
E/EMV_LIB ( 9199): <<< Receive APDU: >>> [45]
E/EMV_LIB ( 9199): 77 29 9F 27 01 40 9F 36 02 06 91 9F 26 08 C4 98 24 A2 C7 E7 8F 32 9F 10 12 01 10 65 00 03 02 00 00 00 00 00 00 00 00 00 00 00 FF 90 00 
E/EMV_LIB ( 9199): Apdu_Generate_AC Res = 1
E/EMV_LIB ( 9199): CardAct_GenerateAC ret = 1
E/EMV_LIB ( 9199): Del Tag:0x[9F27]
E/EMV_LIB ( 9199): Del Tag:0x[9F36]
E/EMV_LIB ( 9199): Del Tag:0x[9F26]
E/EMV_LIB ( 9199): Decode: 0x77,Primitive:0
E/EMV_LIB ( 9199): <<< emv tlv tag Set [0x9F27] >>> [1]
E/EMV_LIB ( 9199): 40 
E/EMV_LIB ( 9199): <<< emv tlv tag Set [0x9F36] >>> [2]
E/EMV_LIB ( 9199): 06 91 
E/EMV_LIB ( 9199): <<< emv tlv tag Set [0x9F26] >>> [8]
E/EMV_LIB ( 9199): C4 98 24 A2 C7 E7 8F 32 
E/EMV_LIB ( 9199): <<< emv tlv tag Set [0x9F10] >>> [18]
E/EMV_LIB ( 9199): 01 10 65 00 03 02 00 00 00 00 00 00 00 00 00 00 00 FF 
E/EMV_LIB ( 9199): CardAct_DecodeData ret = 1
E/EMV_LIB ( 9199): <<< emv tlv tag Get [0x9F27] >>> [1]
E/EMV_LIB ( 9199): 40 
E/EMV_LIB ( 9199): 0x9F27 [40]
E/EMV_LIB ( 9199): <<< emv tlv tag Get [0x9F26] >>> [8]
E/EMV_LIB ( 9199): C4 98 24 A2 C7 E7 8F 32 
E/EMV_LIB ( 9199): <<< emv tlv tag Get [0x9F36] >>> [2]
E/EMV_LIB ( 9199): 06 91 
E/EMV_LIB ( 9199): ---- 2nd Generate AC Result Start ----
E/EMV_LIB ( 9199): Result: TC
E/EMV_LIB ( 9199): IsAdvice [0]
E/EMV_LIB ( 9199): IsIssuerAuth_Fail [0]
E/EMV_LIB ( 9199): IsNoService [0]
E/EMV_LIB ( 9199): IsPinLimit [0]
E/EMV_LIB ( 9199): PaySys_CA [0]
E/EMV_LIB ( 9199): Other [1]
E/EMV_LIB ( 9199): ---- Generate AC Result End ----
E/EMV_LIB ( 9199): CardAct_CheckResult ret = 1
E/Telpo EMV Implementation( 9199): Start App: RET CODE ==== 1
D/telpo_native(  775): usb_printer_write data start!
D/telpo_native(  775): usb_printer_write start!
E/telpo_native(  775): ret = 25
D/telpo_native(  775): handle_emv_serial_read_write_cmd: usb write length = 25
E/EMV_LIB ( 9199): remove /data/data/com.interswitchng.interswitchpossdkdemo.telpo.v2.debug/cache/TermCapks : 0
E/telpo_native(  775): serial_read:start read
E/telpo_native(  775): serial_read:serial_read read_size = 0
E/EMV_LIB ( 9199): <<< emv tlv tag Get [0x84] >>> [7]
E/EMV_LIB ( 9199): A0 00 00 00 04 10 10 
E/EMV_LIB ( 9199): <<< emv tlv tag Get [0x8F] >>> [1]
E/EMV_LIB ( 9199): 05 
D/Telpo EMV Implementation( 9199): KeyID ===== 5
D/Telpo EMV Implementation( 9199): Add CAPK result == 1
D/Telpo EMV Implementation( 9199): Selected RID == A000000004
D/Telpo EMV Implementation( 9199): Add CAPK result == 1
D/Telpo EMV Implementation( 9199): Selected RID == A000000004
D/Telpo EMV Implementation( 9199): Add CAPK result == 1
D/Telpo EMV Implementation( 9199): Selected RID == A000000004
D/telpo_native(  775): handle_emv_serial_read_write_cmd: usb_printer_read length = 20
I/telpo_native(  775): 0b
I/telpo_native(  775): b0
I/telpo_native(  775): 96
I/telpo_native(  775): 69
I/telpo_native(  775): 04
I/telpo_native(  775): 00
I/telpo_native(  775): 00
I/telpo_native(  775): 00
I/telpo_native(  775): 96
I/telpo_native(  775): 00
I/telpo_native(  775): 04
I/telpo_native(  775): 01
I/telpo_native(  775): 00
I/telpo_native(  775): 00
I/telpo_native(  775): 00
I/telpo_native(  775): 00
I/telpo_native(  775): 00
I/telpo_native(  775): 00
I/telpo_native(  775): 00
I/telpo_native(  775): 00
I/telpo_native(  775): 
D/telpo_native(  775): handle_emv_serial_read_write_cmd: parse successfully!
I/telpo_native(  775): handle_emv_serial_read_write_cmd: receive data length is 20
I/telpo_native(  775): 0b
I/telpo_native(  775): b0
I/telpo_native(  775): 96
I/telpo_native(  775): 69
I/telpo_native(  775): 04
I/telpo_native(  775): 00
I/telpo_native(  775): 00
I/telpo_native(  775): 00
I/telpo_native(  775): 96
I/telpo_native(  775): 00
I/telpo_native(  775): 04
I/telpo_native(  775): 01
I/telpo_native(  775): 00
I/telpo_native(  775): 00
I/telpo_native(  775): 00
I/telpo_native(  775): 00
I/telpo_native(  775): 00
I/telpo_native(  775): 00
I/telpo_native(  775): 00
I/telpo_native(  775): 00
I/telpo_native(  775): 
D/telpo_native( 9199): CallIntMethod return ret = 0 length = 20
D/Telpo EMV Implementation( 9199): Add CAPK result == 1
D/Telpo EMV Implementation( 9199): Selected RID == A000000004
D/Telpo EMV Implementation( 9199): Add CAPK result == 1
D/Telpo EMV Implementation( 9199): Selected RID == A000000004
D/Telpo EMV Implementation( 9199): Add CAPK result == 1
D/Telpo EMV Implementation( 9199): Selected RID == A000000004
D/Telpo EMV Implementation( 9199): Add CAPK result == 1
D/Telpo EMV Implementation( 9199): Selected RID == A000000004
D/Telpo EMV Implementation( 9199): Add CAPK result == 1
D/Telpo EMV Implementation( 9199): Selected RID == A000000004
D/Telpo EMV Implementation( 9199): Add CAPK result == 1
D/Telpo EMV Implementation( 9199): Selected RID == A000000004
D/Telpo EMV Implementation( 9199): Add CAPK result == 1
D/Telpo EMV Implementation( 9199): Selected RID == A000000004
D/Telpo EMV Implementation( 9199): Add CAPK result == 1
D/Telpo EMV Implementation( 9199): Selected RID == A000000004
D/Telpo EMV Implementation( 9199): Add CAPK result == 1
D/Telpo EMV Implementation( 9199): Selected RID == A000000004
D/Telpo EMV Implementation( 9199): Add CAPK result == 1
D/Telpo EMV Implementation( 9199): Selected RID == A000000004
D/Telpo EMV Implementation( 9199): Add CAPK result == 1
D/Telpo EMV Implementation( 9199): Selected RID == A000000004
D/Telpo EMV Implementation( 9199): Add CAPK result == 1
D/Telpo EMV Implementation( 9199): Selected RID == A000000004
D/Telpo EMV Implementation( 9199): Add CAPK result == 1
D/Telpo EMV Implementation( 9199): Selected RID == A000000004
E/Telpo EMV Card Reader Implementation( 9199): Result code: 1
D/audio_hw_primary(  301): out_standby: enter: stream (0xb79ed5d8) usecase(0: deep-buffer-playback)
D/BatteryMeterView( 2940): not on charging...
D/BatteryMeterView( 2940): not on charging...
D/BatteryMeterView( 2940): not on charging...
D/soundtrigger(  301): audio_extn_sound_trigger_update_stream_status: uc_id 0 of type 0 for Event 2, with Raise=1
V/sound_trigger_hw(  301): handle_audio_concurrency: Enter, event type = 2
D/sound_trigger_platform(  301): platform_stdev_check_and_update_concurrency: concurrency active 0, tx 0, rx 0, concurrency session_allowed 1
D/hardware_info(  301): hw_info_append_hw_type : device_name = speaker
D/BatteryMeterView( 2940): onDraw level = 32
I/WindowManager(  775): Win Window{bff5d73 u0 android}: isVisibleOrBehindKeyguardLw=true
I/WindowManager(  775): Win Window{7989c4a u0 StatusBar}: isVisibleOrBehindKeyguardLw=true
I/WindowManager(  775): Win Window{1a0cb105 u0 Toast}: isVisibleOrBehindKeyguardLw=true
I/WindowManager(  775): Win Window{b0de3c7 u0 com.interswitchng.interswitchpossdkdemo.telpo.v2.debug/com.interswitchng.smartpos.modules.main.MainActivity}: isVisibleOrBehindKeyguardLw=true
V/WindowManager(  775): Fullscreen window: Window{b0de3c7 u0 com.interswitchng.interswitchpossdkdemo.telpo.v2.debug/com.interswitchng.smartpos.modules.main.MainActivity}
I/WindowManager(  775): Win Window{1ea30909 u0 com.android.phasebeam.PhaseBeamWallpaper}: isVisibleOrBehindKeyguardLw=false
I/WindowManager(  775): force=false forcefkg=false top=Window{b0de3c7 u0 com.interswitchng.interswitchpossdkdemo.telpo.v2.debug/com.interswitchng.smartpos.modules.main.MainActivity}
D/WindowManager(  775): frame: Rect(0, 0 - 720, 1280) shown frame: RectF(0.0, 0.0, 720.0, 1280.0)
D/WindowManager(  775): attr: WM.LayoutParams{(0,0)(fillxfill) sim=#20 ty=1 fl=#81810100 wanim=0x1030467 vsysui=0x600 surfaceInsets=Rect(0, 0 - 0, 0) needsMenuKey=2} lp.flags=0x81810100
V/WindowManager(  775): ** SHOWING status bar: top is not fullscreen
V/WindowManager(  775): finishPostLayoutPolicyLw: mHideKeyguard=false
I/soundtrigger(  301): audio_extn_sound_trigger_update_device_status: device 0x2 of type 0 for Event 0, with Raise=0
D/BatteryMeterView( 2940): onDraw level = 32
D/telpo_native(  775): usb_printer_write data start!
D/telpo_native(  775): usb_printer_write start!
E/telpo_native(  775): ret = 25
D/telpo_native(  775): handle_emv_serial_read_write_cmd: usb write length = 25
E/telpo_native(  775): serial_read:start read
E/telpo_native(  775): serial_read:serial_read read_size = 0
D/telpo_native(  775): handle_emv_serial_read_write_cmd: usb_printer_read length = 20
I/telpo_native(  775): 0b
I/telpo_native(  775): b0
I/telpo_native(  775): 96
I/telpo_native(  775): 69
I/telpo_native(  775): 04
I/telpo_native(  775): 00
I/telpo_native(  775): 00
I/telpo_native(  775): 00
I/telpo_native(  775): 97
I/telpo_native(  775): 00
I/telpo_native(  775): 04
I/telpo_native(  775): 01
I/telpo_native(  775): 00
I/telpo_native(  775): 00
I/telpo_native(  775): 00
I/telpo_native(  775): 00
I/telpo_native(  775): 00
I/telpo_native(  775): 00
I/telpo_native(  775): 00
I/telpo_native(  775): 00
I/telpo_native(  775): 
D/telpo_native(  775): handle_emv_serial_read_write_cmd: parse successfully!
I/telpo_native(  775): handle_emv_serial_read_write_cmd: receive data length is 20
I/telpo_native(  775): 0b
I/telpo_native(  775): b0
I/telpo_native(  775): 96
I/telpo_native(  775): 69
I/telpo_native(  775): 04
I/telpo_native(  775): 00
I/telpo_native(  775): 00
I/telpo_native(  775): 00
I/telpo_native(  775): 97
I/telpo_native(  775): 00
I/telpo_native(  775): 04
I/telpo_native(  775): 01
I/telpo_native(  775): 00
I/telpo_native(  775): 00
I/telpo_native(  775): 00
I/telpo_native(  775): 00
I/telpo_native(  775): 00
I/telpo_native(  775): 00
I/telpo_native(  775): 00
I/telpo_native(  775): 00
I/telpo_native(  775): 
D/telpo_native( 9199): CallIntMethod return ret = 0 length = 20
V/WLAN_PSA(  314): NL MSG, len[4002], NL type[0x1C] WNI type[0x5900] len[35343]
V/WLAN_PSA(  314): NL MSG, PID: 314
D/telpo_native(  775): usb_printer_write data start!
D/telpo_native(  775): usb_printer_write start!
E/telpo_native(  775): ret = 25
D/telpo_native(  775): handle_emv_serial_read_write_cmd: usb write length = 25
E/telpo_native(  775): serial_read:start read
E/telpo_native(  775): serial_read:serial_read read_size = 0
D/Telpo EMV Card Reader Implementation( 9199): Offline approved
D/telpo_native(  775): handle_emv_serial_read_write_cmd: usb_printer_read length = 20
I/telpo_native(  775): 0b
I/telpo_native(  775): b0
I/telpo_native(  775): 96
I/telpo_native(  775): 69
I/telpo_native(  775): 04
I/telpo_native(  775): 00
I/telpo_native(  775): 00
I/telpo_native(  775): 00
I/telpo_native(  775): 98
I/telpo_native(  775): 00
I/telpo_native(  775): 04
I/telpo_native(  775): 01
I/telpo_native(  775): 00
I/telpo_native(  775): 00
I/telpo_native(  775): 00
I/telpo_native(  775): 00
I/telpo_native(  775): 00
I/telpo_native(  775): 00
I/telpo_native(  775): 00
I/telpo_native(  775): 00
I/telpo_native(  775): 
D/telpo_native(  775): handle_emv_serial_read_write_cmd: parse successfully!
I/telpo_native(  775): handle_emv_serial_read_write_cmd: receive data length is 20
I/telpo_native(  775): 0b
I/telpo_native(  775): b0
I/telpo_native(  775): 96
I/telpo_native(  775): 69
I/telpo_native(  775): 04
I/telpo_native(  775): 00
I/telpo_native(  775): 00
I/telpo_native(  775): 00
I/telpo_native(  775): 98
I/telpo_native(  775): 00
I/telpo_native(  775): 04
I/telpo_native(  775): 01
I/telpo_native(  775): 00
I/telpo_native(  775): 00
I/telpo_native(  775): 00
I/telpo_native(  775): 00
I/telpo_native(  775): 00
I/telpo_native(  775): 00
I/telpo_native(  775): 00
I/telpo_native(  775): 00
I/telpo_native(  775): 
D/telpo_native( 9199): CallIntMethod return ret = 0 length = 20
D/Telpo EMV Card Reader Implementation( 9199): cardPin-pinData from getTransactionInfo outside the let null
E/EMV_LIB ( 9199): <<< emv tlv tag Get [0x57] >>> [17]
E/EMV_LIB ( 9199): 51 99 11 07 54 30 94 55 D2 21 12 21 00 01 97 86 8F 
D/Telpo EMV Card Reader Implementation( 9199): cardPin from getTransactionInfo 
E/EMV_LIB ( 9199): <<< emv tlv tag Get [0x9F02] >>> [6]
E/EMV_LIB ( 9199): 00 00 00 00 00 01 
E/EMV_LIB ( 9199): <<< emv tlv tag Get [0x9F03] >>> [6]
E/EMV_LIB ( 9199): 00 00 00 00 00 00 
E/EMV_LIB ( 9199): <<< emv tlv tag Get [0x82] >>> [2]
E/EMV_LIB ( 9199): 39 00 
E/EMV_LIB ( 9199): <<< emv tlv tag Get [0x9F36] >>> [2]
E/EMV_LIB ( 9199): 06 91 
E/EMV_LIB ( 9199): <<< emv tlv tag Get [0x9F27] >>> [1]
E/EMV_LIB ( 9199): 40 
E/EMV_LIB ( 9199): <<< emv tlv tag Get [0x9F26] >>> [8]
E/EMV_LIB ( 9199): C4 98 24 A2 C7 E7 8F 32 
E/EMV_LIB ( 9199): <<< emv tlv tag Get [0x9F34] >>> [3]
E/EMV_LIB ( 9199): 41 03 02 
E/EMV_LIB ( 9199): <<< emv tlv tag Get [0x9F10] >>> [18]
E/EMV_LIB ( 9199): 01 10 65 00 03 02 00 00 00 00 00 00 00 00 00 00 00 FF 
E/EMV_LIB ( 9199): <<< emv tlv tag Get [0x95] >>> [5]
E/EMV_LIB ( 9199): 04 80 00 00 00 
E/EMV_LIB ( 9199): <<< emv tlv tag Get [0x5F2A] >>> [2]
E/EMV_LIB ( 9199): 05 66 
E/EMV_LIB ( 9199): <<< emv tlv tag Get [0x5F2A] >>> [2]
E/EMV_LIB ( 9199): 05 66 
E/EMV_LIB ( 9199): <<< emv tlv tag Get [0x9F35] >>> [1]
E/EMV_LIB ( 9199): 22 
E/EMV_LIB ( 9199): <<< emv tlv tag Get [0x9F33] >>> [3]
E/EMV_LIB ( 9199): E0 F0 C8 
E/EMV_LIB ( 9199): <<< emv tlv tag Get [0x9A] >>> [3]
E/EMV_LIB ( 9199): 20 06 02 
E/EMV_LIB ( 9199): <<< emv tlv tag Get [0x9C] >>> [1]
E/EMV_LIB ( 9199): 00 
E/EMV_LIB ( 9199): <<< emv tlv tag Get [0x9F37] >>> [4]
E/EMV_LIB ( 9199): EA 5B 2E D9 
E/EMV_LIB ( 9199): <<< emv tlv tag Get [0x9F26] >>> [8]
E/EMV_LIB ( 9199): C4 98 24 A2 C7 E7 8F 32 
E/EMV_LIB ( 9199): <<< emv tlv tag Get [0x9F27] >>> [1]
E/EMV_LIB ( 9199): 40 
E/EMV_LIB ( 9199): <<< emv tlv tag Get [0x9F10] >>> [18]
E/EMV_LIB ( 9199): 01 10 65 00 03 02 00 00 00 00 00 00 00 00 00 00 00 FF 
E/EMV_LIB ( 9199): <<< emv tlv tag Get [0x9F37] >>> [4]
E/EMV_LIB ( 9199): EA 5B 2E D9 
E/EMV_LIB ( 9199): <<< emv tlv tag Get [0x9F36] >>> [2]
E/EMV_LIB ( 9199): 06 91 
E/EMV_LIB ( 9199): <<< emv tlv tag Get [0x95] >>> [5]
E/EMV_LIB ( 9199): 04 80 00 00 00 
E/EMV_LIB ( 9199): <<< emv tlv tag Get [0x9A] >>> [3]
E/EMV_LIB ( 9199): 20 06 02 
E/EMV_LIB ( 9199): <<< emv tlv tag Get [0x9C] >>> [1]
E/EMV_LIB ( 9199): 00 
E/EMV_LIB ( 9199): <<< emv tlv tag Get [0x9F02] >>> [6]
E/EMV_LIB ( 9199): 00 00 00 00 00 01 
E/EMV_LIB ( 9199): <<< emv tlv tag Get [0x5F2A] >>> [2]
E/EMV_LIB ( 9199): 05 66 
E/EMV_LIB ( 9199): <<< emv tlv tag Get [0x82] >>> [2]
E/EMV_LIB ( 9199): 39 00 
E/EMV_LIB ( 9199): <<< emv tlv tag Get [0x9F1A] >>> [2]
E/EMV_LIB ( 9199): 05 66 
E/EMV_LIB ( 9199): <<< emv tlv tag Get [0x9F34] >>> [3]
E/EMV_LIB ( 9199): 41 03 02 
E/EMV_LIB ( 9199): <<< emv tlv tag Get [0x9F33] >>> [3]
E/EMV_LIB ( 9199): E0 F0 C8 
E/EMV_LIB ( 9199): <<< emv tlv tag Get [0x9F35] >>> [1]
E/EMV_LIB ( 9199): 22 
E/EMV_LIB ( 9199): <<< emv tlv tag Get [0x84] >>> [7]
E/EMV_LIB ( 9199): A0 00 00 00 04 10 10 
E/EMV_LIB ( 9199): <<< emv tlv tag Get [0x9F09] >>> [2]
E/EMV_LIB ( 9199): 00 20 
E/EMV_LIB ( 9199): <<< emv tlv tag Get [0x9F03] >>> [6]
E/EMV_LIB ( 9199): 00 00 00 00 00 00 
E/EMV_LIB ( 9199): <<< emv tlv tag Get [0x5F34] >>> [1]
E/EMV_LIB ( 9199): 00 
E/EMV_LIB ( 9199): <<< emv tlv tag Get [0x9F09] >>> [2]
E/EMV_LIB ( 9199): 00 20 
E/EMV_LIB ( 9199): <<< emv tlv tag Get [0x9F06] >>> [7]
E/EMV_LIB ( 9199): A0 00 00 00 04 10 10 
E/EMV_LIB ( 9199): <<< emv tlv tag Get [0x5F34] >>> [1]
E/EMV_LIB ( 9199): 00 
I/SurfaceFlinger(  262): FPS: 36
D/amount kimono( 9199): 1
E/purchaserequest( 9199): 000000000001
D/OkHttp  ( 9199): --> POST https://kimono.interswitchng.com/kmw/kimonoservice/ http/1.1
D/OkHttp  ( 9199): Content-Type: text/xml
D/OkHttp  ( 9199): Content-Length: 1830
D/OkHttp  ( 9199): Accept: application/xml
D/OkHttp  ( 9199): Accept-Charset: utf-8
D/OkHttp  ( 9199): <?xml version="1.0" encoding="UTF-8" ?><purchaseRequest>
D/OkHttp  ( 9199):            <terminalInformation><batteryInformation>-1</batteryInformation> <currencyCode>566</currencyCode><languageInfo>EN</languageInfo><merchantId>2ISW1234567TEST</merchantId><merhcantLocation>1648C Oko-Awo Street,    Victoria Island</merhcantLocation> <posConditionCode>00</posConditionCode> <posDataCode>511101511344101</posDataCode> <posEntryMode>051</posEntryMode> <posGeoCode>00234000000000566</posGeoCode> <printerStatus>1</printerStatus><terminalId>2ISW0001</terminalId> <terminalType>TELPO</terminalType> <transmissionDate>2020-06-154T19:49:26</transmissionDate> <uniqueId></uniqueId></terminalInformation><cardData><cardSequenceNumber>000</cardSequenceNumber> <track2><pan>5199110754309455</pan> <expiryMonth>11</expiryMonth> <expiryYear>22</expiryYear> <track2>5199110754309455D2211221000197868F</track2></track2><emvData><AmountAuthorized>000000000001</AmountAuthorized> <AmountOther>000000000000</AmountOther> <ApplicationInterchangeProfile>3900</ApplicationInterchangeProfile> <atc>0691</atc><Cryptogram>C49824A2C7E78F32</Cryptogram> <CryptogramInformationData>40</CryptogramInformationData> <CvmResults>410302</CvmResults><iad>0110650003020000000000000000000000FF</iad> <TransactionCurrencyCode>566</TransactionCurrencyCode> <TerminalVerificationResult>0480000000</TerminalVerificationResult> <TerminalCountryCode>566</TerminalCountryCode> <TerminalType>22</TerminalType> <TerminalCapabilities>E0F0C8</TerminalCapabilities> <TransactionDate>200602</TransactionDate> <TransactionType>00</TransactionType> <UnpredictableNumber>EA5B2ED9</UnpredictableNumber> <DedicatedFileName></DedicatedFileName></emvData></cardData><fromAccount>Savings</fromAccount> <stan>000386</stan> <minorAmount>1</minorAmount>  <keyLabel>000002</keyLabel></purchaseRequest>
D/OkHttp  ( 9199):         
D/OkHttp  ( 9199): --> END POST (1830-byte body)
D/telpo_native(  775): usb_printer_write data start!
D/telpo_native(  775): usb_printer_write start!
E/telpo_native(  775): ret = 25
D/telpo_native(  775): handle_emv_serial_read_write_cmd: usb write length = 25
E/telpo_native(  775): Cannot find response header
D/telpo_native(  775): handle_emv_serial_read_write_cmd: not enough data receive,continue
E/telpo_native(  775): serial_read:start read
E/telpo_native(  775): serial_read:serial_read read_size = 0
D/telpo_native(  775): handle_emv_serial_read_write_cmd: usb_printer_read length = 20
I/telpo_native(  775): 0b
I/telpo_native(  775): b0
I/telpo_native(  775): 96
I/telpo_native(  775): 69
I/telpo_native(  775): 04
I/telpo_native(  775): 00
I/telpo_native(  775): 00
I/telpo_native(  775): 00
I/telpo_native(  775): 99
I/telpo_native(  775): 00
I/telpo_native(  775): 04
I/telpo_native(  775): 01
I/telpo_native(  775): 00
I/telpo_native(  775): 00
I/telpo_native(  775): 00
I/telpo_native(  775): 00
I/telpo_native(  775): 00
I/telpo_native(  775): 00
I/telpo_native(  775): 00
I/telpo_native(  775): 00
I/telpo_native(  775): 
D/telpo_native(  775): handle_emv_serial_read_write_cmd: parse successfully!
I/telpo_native(  775): handle_emv_serial_read_write_cmd: receive data length is 20
I/telpo_native(  775): 0b
I/telpo_native(  775): b0
I/telpo_native(  775): 96
I/telpo_native(  775): 69
I/telpo_native(  775): 04
I/telpo_native(  775): 00
I/telpo_native(  775): 00
I/telpo_native(  775): 00
I/telpo_native(  775): 99
I/telpo_native(  775): 00
I/telpo_native(  775): 04
I/telpo_native(  775): 01
I/telpo_native(  775): 00
I/telpo_native(  775): 00
I/telpo_native(  775): 00
I/telpo_native(  775): 00
I/telpo_native(  775): 00
I/telpo_native(  775): 00
I/telpo_native(  775): 00
I/telpo_native(  775): 00
I/telpo_native(  775): 
D/telpo_native( 9199): CallIntMethod return ret = 0 length = 20
D/BatteryMeterView( 2940): not on charging...
D/BatteryMeterView( 2940): not on charging...
D/BatteryMeterView( 2940): not on charging...
D/BatteryMeterView( 2940): onDraw level = 32
D/BatteryMeterView( 2940): onDraw level = 32
D/wpa_supplicant(13327): wlan0: Control interface command 'SIGNAL_POLL'
D/telpo_native(  775): usb_printer_write data start!
D/telpo_native(  775): usb_printer_write start!
E/telpo_native(  775): ret = 25
D/telpo_native(  775): handle_emv_serial_read_write_cmd: usb write length = 25
E/telpo_native(  775): serial_read:start read
E/telpo_native(  775): serial_read:serial_read read_size = 0
D/telpo_native(  775): handle_emv_serial_read_write_cmd: usb_printer_read length = 20
I/telpo_native(  775): 0b
I/telpo_native(  775): b0
I/telpo_native(  775): 96
I/telpo_native(  775): 69
I/telpo_native(  775): 04
I/telpo_native(  775): 00
I/telpo_native(  775): 00
I/telpo_native(  775): 00
I/telpo_native(  775): 9a
I/telpo_native(  775): 00
I/telpo_native(  775): 04
I/telpo_native(  775): 01
I/telpo_native(  775): 00
I/telpo_native(  775): 00
I/telpo_native(  775): 00
I/telpo_native(  775): 00
I/telpo_native(  775): 00
I/telpo_native(  775): 00
I/telpo_native(  775): 00
I/telpo_native(  775): 00
I/telpo_native(  775): 
D/telpo_native(  775): handle_emv_serial_read_write_cmd: parse successfully!
I/telpo_native(  775): handle_emv_serial_read_write_cmd: receive data length is 20
I/telpo_native(  775): 0b
I/telpo_native(  775): b0
I/telpo_native(  775): 96
I/telpo_native(  775): 69
I/telpo_native(  775): 04
I/telpo_native(  775): 00
I/telpo_native(  775): 00
I/telpo_native(  775): 00
I/telpo_native(  775): 9a
I/telpo_native(  775): 00
I/telpo_native(  775): 04
I/telpo_native(  775): 01
I/telpo_native(  775): 00
I/telpo_native(  775): 00
I/telpo_native(  775): 00
I/telpo_native(  775): 00
I/telpo_native(  775): 00
I/telpo_native(  775): 00
I/telpo_native(  775): 00
I/telpo_native(  775): 00
I/telpo_native(  775): 
D/telpo_native( 9199): CallIntMethod return ret = 0 length = 20
D/telpo_native(  775): usb_printer_write data start!
D/telpo_native(  775): usb_printer_write start!
E/telpo_native(  775): ret = 25
D/telpo_native(  775): handle_emv_serial_read_write_cmd: usb write length = 25
E/telpo_native(  775): serial_read:start read
E/telpo_native(  775): serial_read:serial_read read_size = 0
D/telpo_native(  775): handle_emv_serial_read_write_cmd: usb_printer_read length = 20
I/telpo_native(  775): 0b
I/telpo_native(  775): b0
I/telpo_native(  775): 96
I/telpo_native(  775): 69
I/telpo_native(  775): 04
I/telpo_native(  775): 00
I/telpo_native(  775): 00
I/telpo_native(  775): 00
I/telpo_native(  775): 9b
I/telpo_native(  775): 00
I/telpo_native(  775): 04
I/telpo_native(  775): 01
I/telpo_native(  775): 00
I/telpo_native(  775): 00
I/telpo_native(  775): 00
I/telpo_native(  775): 00
I/telpo_native(  775): 00
I/telpo_native(  775): 00
I/telpo_native(  775): 00
I/telpo_native(  775): 00
I/telpo_native(  775): 
D/telpo_native(  775): handle_emv_serial_read_write_cmd: parse successfully!
I/telpo_native(  775): handle_emv_serial_read_write_cmd: receive data length is 20
I/telpo_native(  775): 0b
I/telpo_native(  775): b0
I/telpo_native(  775): 96
I/telpo_native(  775): 69
I/telpo_native(  775): 04
I/telpo_native(  775): 00
I/telpo_native(  775): 00
I/telpo_native(  775): 00
I/telpo_native(  775): 9b
I/telpo_native(  775): 00
I/telpo_native(  775): 04
I/telpo_native(  775): 01
I/telpo_native(  775): 00
I/telpo_native(  775): 00
I/telpo_native(  775): 00
I/telpo_native(  775): 00
I/telpo_native(  775): 00
I/telpo_native(  775): 00
I/telpo_native(  775): 00
I/telpo_native(  775): 00
I/telpo_native(  775): 
D/telpo_native( 9199): CallIntMethod return ret = 0 length = 20
D/BatteryMeterView( 2940): not on charging...
D/BatteryMeterView( 2940): not on charging...
D/BatteryMeterView( 2940): not on charging...
D/BatteryMeterView( 2940): onDraw level = 32
D/BatteryMeterView( 2940): onDraw level = 32
I/SurfaceFlinger(  262): FPS: 38
D/telpo_native(  775): usb_printer_write data start!
D/telpo_native(  775): usb_printer_write start!
E/telpo_native(  775): ret = 25
D/telpo_native(  775): handle_emv_serial_read_write_cmd: usb write length = 25
E/telpo_native(  775): serial_read:start read
E/telpo_native(  775): serial_read:serial_read read_size = 0
D/telpo_native(  775): handle_emv_serial_read_write_cmd: usb_printer_read length = 20
I/telpo_native(  775): 0b
I/telpo_native(  775): b0
I/telpo_native(  775): 96
I/telpo_native(  775): 69
I/telpo_native(  775): 04
I/telpo_native(  775): 00
I/telpo_native(  775): 00
I/telpo_native(  775): 00
I/telpo_native(  775): 9c
I/telpo_native(  775): 00
I/telpo_native(  775): 04
I/telpo_native(  775): 01
I/telpo_native(  775): 00
I/telpo_native(  775): 00
I/telpo_native(  775): 00
I/telpo_native(  775): 00
I/telpo_native(  775): 00
I/telpo_native(  775): 00
I/telpo_native(  775): 00
I/telpo_native(  775): 00
I/telpo_native(  775): 
D/telpo_native(  775): handle_emv_serial_read_write_cmd: parse successfully!
I/telpo_native(  775): handle_emv_serial_read_write_cmd: receive data length is 20
I/telpo_native(  775): 0b
I/telpo_native(  775): b0
I/telpo_native(  775): 96
I/telpo_native(  775): 69
I/telpo_native(  775): 04
I/telpo_native(  775): 00
I/telpo_native(  775): 00
I/telpo_native(  775): 00
I/telpo_native(  775): 9c
I/telpo_native(  775): 00
I/telpo_native(  775): 04
I/telpo_native(  775): 01
I/telpo_native(  775): 00
I/telpo_native(  775): 00
I/telpo_native(  775): 00
I/telpo_native(  775): 00
I/telpo_native(  775): 00
I/telpo_native(  775): 00
I/telpo_native(  775): 00
I/telpo_native(  775): 00
I/telpo_native(  775): 
D/telpo_native( 9199): CallIntMethod return ret = 0 length = 20
I/WindowManager(  775): mDock rect: (0,0 - 720,1280)
V/WindowManager(  775): Status bar: dock=[0,50][720,1280] content=[0,50][720,1280] cur=[0,50][720,1280]
V/WindowManager(  775): layoutWindowLw(): normal window
V/WindowManager(  775): Compute frame : sim=#20 attach=null type=2015 flags=0x01000018 pf=[0,50][720,1280] df=[0,50][720,1280] of=[0,50][720,1280] cf=[0,50][720,1280] vf=[0,50][720,1280] dcf=[0,0][720,1280] sf=[0,50][720,1280]
V/WindowManager(  775): layoutWindowLw(Toast): normal window
V/WindowManager(  775): Compute frame Toast: sim=#20 attach=null type=2005 flags=0x01000098 pf=[0,50][720,1280] df=[0,50][720,1280] of=[0,50][720,1280] cf=[0,50][720,1280] vf=[0,50][720,1280] dcf=[0,0][720,1280] sf=[0,50][720,1280]
V/WindowManager(  775): layoutWindowLw(com.interswitchng.interswitchpossdkdemo.telpo.v2.debug/com.interswitchng.smartpos.modules.main.MainActivity): IN_SCREEN, INSET_DECOR
V/WindowManager(  775): Compute frame com.interswitchng.interswitchpossdkdemo.telpo.v2.debug/com.interswitchng.smartpos.modules.main.MainActivity: sim=#20 attach=null type=1 flags=0x81810100 pf=[0,0][720,1280] df=[0,0][720,1280] of=[0,0][720,1280] cf=[0,50][720,1280] vf=[0,50][720,1280] dcf=[0,0][720,1280] sf=[0,50][720,1280]
I/WindowManager(  775): Win Window{bff5d73 u0 android}: isVisibleOrBehindKeyguardLw=true
I/WindowManager(  775): Win Window{7989c4a u0 StatusBar}: isVisibleOrBehindKeyguardLw=true
I/WindowManager(  775): Win Window{1a0cb105 u0 Toast EXITING}: isVisibleOrBehindKeyguardLw=false
I/WindowManager(  775): Win Window{b0de3c7 u0 com.interswitchng.interswitchpossdkdemo.telpo.v2.debug/com.interswitchng.smartpos.modules.main.MainActivity}: isVisibleOrBehindKeyguardLw=true
V/WindowManager(  775): Fullscreen window: Window{b0de3c7 u0 com.interswitchng.interswitchpossdkdemo.telpo.v2.debug/com.interswitchng.smartpos.modules.main.MainActivity}
I/WindowManager(  775): Win Window{1ea30909 u0 com.android.phasebeam.PhaseBeamWallpaper}: isVisibleOrBehindKeyguardLw=false
I/WindowManager(  775): force=false forcefkg=false top=Window{b0de3c7 u0 com.interswitchng.interswitchpossdkdemo.telpo.v2.debug/com.interswitchng.smartpos.modules.main.MainActivity}
D/WindowManager(  775): frame: Rect(0, 0 - 720, 1280) shown frame: RectF(0.0, 0.0, 720.0, 1280.0)
D/WindowManager(  775): attr: WM.LayoutParams{(0,0)(fillxfill) sim=#20 ty=1 fl=#81810100 wanim=0x1030467 vsysui=0x600 surfaceInsets=Rect(0, 0 - 0, 0) needsMenuKey=2} lp.flags=0x81810100
V/WindowManager(  775): ** SHOWING status bar: top is not fullscreen
V/WindowManager(  775): finishPostLayoutPolicyLw: mHideKeyguard=false
D/OkHttp  ( 9199): <-- 200  https://kimono.interswitchng.com/kmw/kimonoservice/ (2451ms)
D/OkHttp  ( 9199): X-Application-Context: application:7075
D/OkHttp  ( 9199): Content-Type: application/xml;charset=UTF-8
D/OkHttp  ( 9199): Content-Length: 614
D/OkHttp  ( 9199): Date: Tue, 02 Jun 2020 11:39:54 GMT
D/OkHttp  ( 9199): strict-transport-security: max-age=631138519
D/OkHttp  ( 9199): Vary: Accept-Encoding
D/OkHttp  ( 9199): <?xml version="1.0" encoding="UTF-8" standalone="yes"?><purchaseResponse xmlns:ns2="http://tempuri.org/ns.xsd" xmlns:ns4="http://interswitchng.com" xmlns:ns3="http://ws.waei.uba.com/"><description>Transaction Approved</description><field39>00</field39><authId>000386</authId><hostEmvData><AmountAuthorized>0</AmountAuthorized><AmountOther>0</AmountOther><atc>0691</atc><iad>08E56A9D369C70F50012</iad><rc>00</rc></hostEmvData><referenceNumber>002674219757</referenceNumber><stan>386</stan><transactionChannelName>ASPFEP</transactionChannelName><wasReceive>true</wasReceive><wasSend>true</wasSend></purchaseResponse>
D/OkHttp  ( 9199): <-- END HTTP (614-byte body)
E/EMV_LIB ( 9199): <<< emv tlv tag Set [0x2] >>> [2]
E/EMV_LIB ( 9199): 30 30 
D/telpo_native(  775): usb_printer_write data start!
D/telpo_native(  775): usb_printer_write start!
E/telpo_native(  775): ret = 25
D/telpo_native(  775): handle_emv_serial_read_write_cmd: usb write length = 25
E/telpo_native(  775): serial_read:start read
E/telpo_native(  775): serial_read:serial_read read_size = 0
D/telpo_native(  775): handle_emv_serial_read_write_cmd: usb_printer_read length = 20
I/telpo_native(  775): 0b
I/telpo_native(  775): b0
I/telpo_native(  775): 96
I/telpo_native(  775): 69
I/telpo_native(  775): 04
I/telpo_native(  775): 00
I/telpo_native(  775): 00
I/telpo_native(  775): 00
I/telpo_native(  775): 9d
I/telpo_native(  775): 00
I/telpo_native(  775): 04
I/telpo_native(  775): 01
I/telpo_native(  775): 00
I/telpo_native(  775): 00
I/telpo_native(  775): 00
I/telpo_native(  775): 00
I/telpo_native(  775): 00
I/telpo_native(  775): 00
I/telpo_native(  775): 00
I/telpo_native(  775): 00
I/telpo_native(  775): 
D/telpo_native(  775): handle_emv_serial_read_write_cmd: parse successfully!
I/telpo_native(  775): handle_emv_serial_read_write_cmd: receive data length is 20
I/telpo_native(  775): 0b
I/telpo_native(  775): b0
I/telpo_native(  775): 96
I/telpo_native(  775): 69
I/telpo_native(  775): 04
I/telpo_native(  775): 00
I/telpo_native(  775): 00
I/telpo_native(  775): 00
I/telpo_native(  775): 9d
I/telpo_native(  775): 00
I/telpo_native(  775): 04
I/telpo_native(  775): 01
I/telpo_native(  775): 00
I/telpo_native(  775): 00
I/telpo_native(  775): 00
I/telpo_native(  775): 00
I/telpo_native(  775): 00
I/telpo_native(  775): 00
I/telpo_native(  775): 00
I/telpo_native(  775): 00
I/telpo_native(  775): 
D/telpo_native( 9199): CallIntMethod return ret = 0 length = 20
I/SurfaceFlinger(  262): FPS: 21
D/BatteryMeterView( 2940): not on charging...
D/BatteryMeterView( 2940): not on charging...
D/BatteryMeterView( 2940): not on charging...
D/BatteryMeterView( 2940): onDraw level = 32
D/BatteryMeterView( 2940): onDraw level = 32
I/WindowManager(  775): Win Window{bff5d73 u0 android}: isVisibleOrBehindKeyguardLw=true
I/WindowMana