06-03 17:36:20.394 D/BatteryMeterView( 2940): not on charging...
06-03 17:36:21.790 I/qdhwcomposer(  262): handle_blank_event: dpy:0 panel power state: 0
06-03 17:36:21.791 E/qdutils (  262): int qdutils::getHDMINode(): Failed to open fb node 1
06-03 17:36:21.791 E/qdutils (  262): int qdutils::getHDMINode(): Failed to open fb node 2
06-03 17:36:21.791 E/qdutils (  262): int qdutils::getHDMINode(): Failed to find HDMI node
06-03 17:36:21.796 D/VM_BMS  (  461): wake_lock acquired
06-03 17:36:21.796 D/VM_BMS  (  461): New BMS data - Size=56
06-03 17:36:21.796 D/VM_BMS  (  461): Start process_bms_data
06-03 17:36:21.797 D/VM_BMS  (  461): Battery charge_cycle=0 fcc_adjust=0 rbatt_adjust=0 cycle_changed=false
06-03 17:36:21.803 D/VM_BMS  (  461): For batt_temp=255 fcc_mah=2200
06-03 17:36:21.803 D/VM_BMS  (  461): Lookup fcc_mah=2200.000000  adjusted fcc_mah=2200.000000
06-03 17:36:21.803 D/VM_BMS  (  461): For ocv=3801667 batt_temp=255 soc=36
06-03 17:36:21.803 D/VM_BMS  (  461): fifo_count=0 acc_count=7
06-03 17:36:21.803 D/VM_BMS  (  461): INIT: ocv=3801667 last_ocv=3801667 batt_temp=255 soc=36
06-03 17:36:21.803 D/VM_BMS  (  461): For soc=36 batt_temp=255 slope=3000
06-03 17:36:21.803 D/VM_BMS  (  461): For soc=36 batt_temp=255 rbatt_sf=106
06-03 17:36:21.803 D/VM_BMS  (  461): rbatt_mohm_default=72, rbatt_mohm=76, sf=106 batt_temp=255
06-03 17:36:21.803 D/VM_BMS  (  461): Lookup rbatt=76.000000  adjusted rbatt=76.000000
06-03 17:36:21.803 D/VM_BMS  (  461): For ocv=3801667 batt_temp=255 soc=36
06-03 17:36:21.803 D/VM_BMS  (  461): FIFO=0 fifo_avg=3.801476 rbatt=0.126000 slope=0.300000 ibatt=0.001516 ocv=3.801667 soc=36 fcc_ah=2.200000 sample_count=7 sample_interval=70 seq_num=6699
06-03 17:36:21.804 I/VM_BMS  (  461): power_supply_update: ocv_uv=3801667 ibatt=1515 soc=36 seq_num=6699
06-03 17:36:21.804 D/VM_BMS  (  461): End process_bms_data
06-03 17:36:21.806 D/VM_BMS  (  461): wake_lock released
06-03 17:36:21.925 D/BatteryMeterView( 2940): not on charging...
06-03 17:36:21.926 D/BatteryMeterView( 2940): not on charging...
06-03 17:36:21.926 D/BatteryMeterView( 2940): not on charging...
06-03 17:36:23.330 I/qdhwcomposer(  262): handle_blank_event: dpy:0 panel power state: 0
06-03 17:36:23.331 E/qdutils (  262): int qdutils::getHDMINode(): Failed to open fb node 1
06-03 17:36:23.331 E/qdutils (  262): int qdutils::getHDMINode(): Failed to open fb node 2
06-03 17:36:23.331 E/qdutils (  262): int qdutils::getHDMINode(): Failed to find HDMI node
06-03 17:36:23.332 V/WLAN_PSA(  314): NL MSG, len[4000], NL type[0x1C] WNI type[0x5900] len[34831]
06-03 17:36:23.332 V/WLAN_PSA(  314): NL MSG, PID: 314
06-03 17:36:23.334 D/VM_BMS  (  461): wake_lock acquired
06-03 17:36:23.334 D/VM_BMS  (  461): New BMS data - Size=56
06-03 17:36:23.334 D/VM_BMS  (  461): Start process_bms_data
06-03 17:36:23.334 D/VM_BMS  (  461): Battery charge_cycle=0 fcc_adjust=0 rbatt_adjust=0 cycle_changed=false
06-03 17:36:23.340 D/VM_BMS  (  461): For batt_temp=255 fcc_mah=2200
06-03 17:36:23.340 D/VM_BMS  (  461): Lookup fcc_mah=2200.000000  adjusted fcc_mah=2200.000000
06-03 17:36:23.340 D/VM_BMS  (  461): For ocv=3801667 batt_temp=255 soc=36
06-03 17:36:23.340 D/VM_BMS  (  461): fifo_count=0 acc_count=7
06-03 17:36:23.340 D/VM_BMS  (  461): INIT: ocv=3801667 last_ocv=3801667 batt_temp=255 soc=36
06-03 17:36:23.340 D/VM_BMS  (  461): For soc=36 batt_temp=255 slope=3000
06-03 17:36:23.340 D/VM_BMS  (  461): For soc=36 batt_temp=255 rbatt_sf=106
06-03 17:36:23.341 D/VM_BMS  (  461): rbatt_mohm_default=72, rbatt_mohm=76, sf=106 batt_temp=255
06-03 17:36:23.341 D/VM_BMS  (  461): Lookup rbatt=76.000000  adjusted rbatt=76.000000
06-03 17:36:23.341 D/VM_BMS  (  461): For ocv=3801667 batt_temp=255 soc=36
06-03 17:36:23.341 D/VM_BMS  (  461): FIFO=0 fifo_avg=3.801773 rbatt=0.126000 slope=0.300000 ibatt=-0.000842 ocv=3.801667 soc=36 fcc_ah=2.200000 sample_count=7 sample_interval=70 seq_num=6700
06-03 17:36:23.341 I/VM_BMS  (  461): power_supply_update: ocv_uv=3801667 ibatt=-841 soc=36 seq_num=6700
06-03 17:36:23.341 D/VM_BMS  (  461): End process_bms_data
06-03 17:36:23.342 D/VM_BMS  (  461): wake_lock released
06-03 17:36:24.867 I/qdhwcomposer(  262): handle_blank_event: dpy:0 panel power state: 0
06-03 17:36:24.868 E/qdutils (  262): int qdutils::getHDMINode(): Failed to open fb node 1
06-03 17:36:24.868 E/qdutils (  262): int qdutils::getHDMINode(): Failed to open fb node 2
06-03 17:36:24.868 E/qdutils (  262): int qdutils::getHDMINode(): Failed to find HDMI node
06-03 17:36:24.873 D/VM_BMS  (  461): wake_lock acquired
06-03 17:36:24.873 D/VM_BMS  (  461): New BMS data - Size=56
06-03 17:36:24.873 D/VM_BMS  (  461): Start process_bms_data
06-03 17:36:24.874 D/VM_BMS  (  461): Battery charge_cycle=0 fcc_adjust=0 rbatt_adjust=0 cycle_changed=false
06-03 17:36:24.879 D/VM_BMS  (  461): For batt_temp=255 fcc_mah=2200
06-03 17:36:24.879 D/VM_BMS  (  461): Lookup fcc_mah=2200.000000  adjusted fcc_mah=2200.000000
06-03 17:36:24.879 D/VM_BMS  (  461): For ocv=3801667 batt_temp=255 soc=36
06-03 17:36:24.879 D/VM_BMS  (  461): fifo_count=0 acc_count=7
06-03 17:36:24.879 D/VM_BMS  (  461): INIT: ocv=3801667 last_ocv=3801667 batt_temp=255 soc=36
06-03 17:36:24.879 D/VM_BMS  (  461): For soc=36 batt_temp=255 slope=3000
06-03 17:36:24.879 D/VM_BMS  (  461): For soc=36 batt_temp=255 rbatt_sf=106
06-03 17:36:24.879 D/VM_BMS  (  461): rbatt_mohm_default=72, rbatt_mohm=76, sf=106 batt_temp=255
06-03 17:36:24.879 D/VM_BMS  (  461): Lookup rbatt=76.000000  adjusted rbatt=76.000000
06-03 17:36:24.879 D/VM_BMS  (  461): For ocv=3801667 batt_temp=255 soc=36
06-03 17:36:24.880 D/VM_BMS  (  461): FIFO=0 fifo_avg=3.801204 rbatt=0.126000 slope=0.300000 ibatt=0.003674 ocv=3.801667 soc=36 fcc_ah=2.200000 sample_count=7 sample_interval=70 seq_num=6701
06-03 17:36:24.884 I/VM_BMS  (  461): power_supply_update: ocv_uv=3801667 ibatt=3674 soc=36 seq_num=6701
06-03 17:36:24.885 D/VM_BMS  (  461): End process_bms_data
06-03 17:36:24.893 D/VM_BMS  (  461): wake_lock released
06-03 17:36:25.015 D/BatteryMeterView( 2940): not on charging...
06-03 17:36:25.016 D/BatteryMeterView( 2940): not on charging...
06-03 17:36:25.016 D/BatteryMeterView( 2940): not on charging...
06-03 17:36:26.400 I/qdhwcomposer(  262): handle_blank_event: dpy:0 panel power state: 0
06-03 17:36:26.401 E/qdutils (  262): int qdutils::getHDMINode(): Failed to open fb node 1
06-03 17:36:26.401 E/qdutils (  262): int qdutils::getHDMINode(): Failed to open fb node 2
06-03 17:36:26.401 E/qdutils (  262): int qdutils::getHDMINode(): Failed to find HDMI node
06-03 17:36:26.405 D/VM_BMS  (  461): wake_lock acquired
06-03 17:36:26.405 D/VM_BMS  (  461): New BMS data - Size=56
06-03 17:36:26.405 D/VM_BMS  (  461): Start process_bms_data
06-03 17:36:26.406 D/VM_BMS  (  461): Battery charge_cycle=0 fcc_adjust=0 rbatt_adjust=0 cycle_changed=false
06-03 17:36:26.408 D/VM_BMS  (  461): For batt_temp=255 fcc_mah=2200
06-03 17:36:26.408 D/VM_BMS  (  461): Lookup fcc_mah=2200.000000  adjusted fcc_mah=2200.000000
06-03 17:36:26.408 D/VM_BMS  (  461): For ocv=3801667 batt_temp=255 soc=36
06-03 17:36:26.409 D/VM_BMS  (  461): fifo_count=0 acc_count=7
06-03 17:36:26.409 D/VM_BMS  (  461): INIT: ocv=3801667 last_ocv=3801667 batt_temp=255 soc=36
06-03 17:36:26.409 D/VM_BMS  (  461): For soc=36 batt_temp=255 slope=3000
06-03 17:36:26.409 D/VM_BMS  (  461): For soc=36 batt_temp=255 rbatt_sf=106
06-03 17:36:26.409 D/VM_BMS  (  461): rbatt_mohm_default=72, rbatt_mohm=76, sf=106 batt_temp=255
06-03 17:36:26.409 D/VM_BMS  (  461): Lookup rbatt=76.000000  adjusted rbatt=76.000000
06-03 17:36:26.409 D/VM_BMS  (  461): For ocv=3801666 batt_temp=255 soc=36
06-03 17:36:26.409 D/VM_BMS  (  461): FIFO=0 fifo_avg=3.800022 rbatt=0.126000 slope=0.300000 ibatt=0.013055 ocv=3.801667 soc=36 fcc_ah=2.200000 sample_count=7 sample_interval=70 seq_num=6702
06-03 17:36:26.410 I/VM_BMS  (  461): power_supply_update: ocv_uv=3801666 ibatt=13055 soc=36 seq_num=6702
06-03 17:36:26.410 D/VM_BMS  (  461): End process_bms_data
06-03 17:36:26.410 D/VM_BMS  (  461): wake_lock released
06-03 17:36:26.541 D/BatteryMeterView( 2940): not on charging...
06-03 17:36:26.541 D/BatteryMeterView( 2940): not on charging...
06-03 17:36:26.542 D/BatteryMeterView( 2940): not on charging...
06-03 17:36:27.937 I/qdhwcomposer(  262): handle_blank_event: dpy:0 panel power state: 0
06-03 17:36:27.938 E/qdutils (  262): int qdutils::getHDMINode(): Failed to open fb node 1
06-03 17:36:27.938 E/qdutils (  262): int qdutils::getHDMINode(): Failed to open fb node 2
06-03 17:36:27.938 E/qdutils (  262): int qdutils::getHDMINode(): Failed to find HDMI node
06-03 17:36:27.942 V/WLAN_PSA(  314): NL MSG, len[4048], NL type[0x1C] WNI type[0x5900] len[47119]
06-03 17:36:27.942 V/WLAN_PSA(  314): NL MSG, PID: 314
06-03 17:36:27.943 D/VM_BMS  (  461): wake_lock acquired
06-03 17:36:27.943 D/VM_BMS  (  461): New BMS data - Size=56
06-03 17:36:27.943 D/VM_BMS  (  461): Start process_bms_data
06-03 17:36:27.943 D/VM_BMS  (  461): Battery charge_cycle=0 fcc_adjust=0 rbatt_adjust=0 cycle_changed=false
06-03 17:36:27.950 D/VM_BMS  (  461): For batt_temp=255 fcc_mah=2200
06-03 17:36:27.950 D/VM_BMS  (  461): Lookup fcc_mah=2200.000000  adjusted fcc_mah=2200.000000
06-03 17:36:27.950 D/VM_BMS  (  461): For ocv=3801666 batt_temp=255 soc=36
06-03 17:36:27.950 D/VM_BMS  (  461): fifo_count=0 acc_count=7
06-03 17:36:27.950 D/VM_BMS  (  461): INIT: ocv=3801666 last_ocv=3801666 batt_temp=255 soc=36
06-03 17:36:27.950 D/VM_BMS  (  461): For soc=36 batt_temp=255 slope=3000
06-03 17:36:27.950 D/VM_BMS  (  461): For soc=36 batt_temp=255 rbatt_sf=106
06-03 17:36:27.950 D/VM_BMS  (  461): rbatt_mohm_default=72, rbatt_mohm=76, sf=106 batt_temp=255
06-03 17:36:27.950 D/VM_BMS  (  461): Lookup rbatt=76.000000  adjusted rbatt=76.000000
06-03 17:36:27.950 D/VM_BMS  (  461): For ocv=3801665 batt_temp=255 soc=36
06-03 17:36:27.950 D/VM_BMS  (  461): FIFO=0 fifo_avg=3.800307 rbatt=0.126000 slope=0.300000 ibatt=0.010785 ocv=3.801666 soc=36 fcc_ah=2.200000 sample_count=7 sample_interval=70 seq_num=6703
06-03 17:36:27.952 I/VM_BMS  (  461): power_supply_update: ocv_uv=3801665 ibatt=10784 soc=36 seq_num=6703
06-03 17:36:27.952 D/VM_BMS  (  461): End process_bms_data
06-03 17:36:27.952 D/VM_BMS  (  461): wake_lock released
06-03 17:36:28.075 D/BatteryMeterView( 2940): not on charging...
06-03 17:36:28.076 D/BatteryMeterView( 2940): not on charging...
06-03 17:36:28.081 D/BatteryMeterView( 2940): not on charging...
06-03 17:36:29.478 I/qdhwcomposer(  262): handle_blank_event: dpy:0 panel power state: 0
06-03 17:36:29.479 E/qdutils (  262): int qdutils::getHDMINode(): Failed to open fb node 1
06-03 17:36:29.479 E/qdutils (  262): int qdutils::getHDMINode(): Failed to open fb node 2
06-03 17:36:29.479 E/qdutils (  262): int qdutils::getHDMINode(): Failed to find HDMI node
06-03 17:36:29.484 D/VM_BMS  (  461): wake_lock acquired
06-03 17:36:29.484 D/VM_BMS  (  461): New BMS data - Size=56
06-03 17:36:29.484 D/VM_BMS  (  461): Start process_bms_data
06-03 17:36:29.484 D/VM_BMS  (  461): Battery charge_cycle=0 fcc_adjust=0 rbatt_adjust=0 cycle_changed=false
06-03 17:36:29.491 D/VM_BMS  (  461): For batt_temp=255 fcc_mah=2200
06-03 17:36:29.491 D/VM_BMS  (  461): Lookup fcc_mah=2200.000000  adjusted fcc_mah=2200.000000
06-03 17:36:29.491 D/VM_BMS  (  461): For ocv=3801665 batt_temp=255 soc=36
06-03 17:36:29.491 D/VM_BMS  (  461): fifo_count=0 acc_count=7
06-03 17:36:29.491 D/VM_BMS  (  461): INIT: ocv=3801665 last_ocv=3801665 batt_temp=255 soc=36
06-03 17:36:29.491 D/VM_BMS  (  461): For soc=36 batt_temp=255 slope=3000
06-03 17:36:29.491 D/VM_BMS  (  461): For soc=36 batt_temp=255 rbatt_sf=106
06-03 17:36:29.491 D/VM_BMS  (  461): rbatt_mohm_default=72, rbatt_mohm=76, sf=106 batt_temp=255
06-03 17:36:29.491 D/VM_BMS  (  461): Lookup rbatt=76.000000  adjusted rbatt=76.000000
06-03 17:36:29.491 D/VM_BMS  (  461): For ocv=3801664 batt_temp=255 soc=36
06-03 17:36:29.491 D/VM_BMS  (  461): FIFO=0 fifo_avg=3.800620 rbatt=0.126000 slope=0.300000 ibatt=0.008293 ocv=3.801665 soc=36 fcc_ah=2.200000 sample_count=7 sample_interval=70 seq_num=6704
06-03 17:36:29.493 I/VM_BMS  (  461): power_supply_update: ocv_uv=3801664 ibatt=8292 soc=36 seq_num=6704
06-03 17:36:29.493 D/VM_BMS  (  461): End process_bms_data
06-03 17:36:29.494 D/VM_BMS  (  461): wake_lock released
06-03 17:36:29.623 D/BatteryMeterView( 2940): not on charging...
06-03 17:36:29.624 D/BatteryMeterView( 2940): not on charging...
06-03 17:36:29.624 D/BatteryMeterView( 2940): not on charging...
06-03 17:36:31.014 I/qdhwcomposer(  262): handle_blank_event: dpy:0 panel power state: 0
06-03 17:36:31.014 E/qdutils (  262): int qdutils::getHDMINode(): Failed to open fb node 1
06-03 17:36:31.015 E/qdutils (  262): int qdutils::getHDMINode(): Failed to open fb node 2
06-03 17:36:31.015 E/qdutils (  262): int qdutils::getHDMINode(): Failed to find HDMI node
06-03 17:36:31.017 D/VM_BMS  (  461): wake_lock acquired
06-03 17:36:31.017 D/VM_BMS  (  461): New BMS data - Size=56
06-03 17:36:31.017 D/VM_BMS  (  461): Start process_bms_data
06-03 17:36:31.017 D/VM_BMS  (  461): Battery charge_cycle=0 fcc_adjust=0 rbatt_adjust=0 cycle_changed=false
06-03 17:36:31.019 V/WLAN_PSA(  314): NL MSG, len[4000], NL type[0x1C] WNI type[0x5900] len[34831]
06-03 17:36:31.019 V/WLAN_PSA(  314): NL MSG, PID: 314
06-03 17:36:31.027 D/VM_BMS  (  461): For batt_temp=255 fcc_mah=2200
06-03 17:36:31.027 D/VM_BMS  (  461): Lookup fcc_mah=2200.000000  adjusted fcc_mah=2200.000000
06-03 17:36:31.028 D/VM_BMS  (  461): For ocv=3801664 batt_temp=255 soc=36
06-03 17:36:31.029 D/VM_BMS  (  461): fifo_count=0 acc_count=7
06-03 17:36:31.029 D/VM_BMS  (  461): INIT: ocv=3801664 last_ocv=3801664 batt_temp=255 soc=36
06-03 17:36:31.029 D/VM_BMS  (  461): For soc=36 batt_temp=255 slope=3000
06-03 17:36:31.029 D/VM_BMS  (  461): For soc=36 batt_temp=255 rbatt_sf=106
06-03 17:36:31.029 D/VM_BMS  (  461): rbatt_mohm_default=72, rbatt_mohm=76, sf=106 batt_temp=255
06-03 17:36:31.029 D/VM_BMS  (  461): Lookup rbatt=76.000000  adjusted rbatt=76.000000
06-03 17:36:31.029 D/VM_BMS  (  461): For ocv=3801664 batt_temp=255 soc=36
06-03 17:36:31.033 D/VM_BMS  (  461): FIFO=0 fifo_avg=3.800914 rbatt=0.126000 slope=0.300000 ibatt=0.005952 ocv=3.801664 soc=36 fcc_ah=2.200000 sample_count=7 sample_interval=70 seq_num=6705
06-03 17:36:31.034 I/VM_BMS  (  461): power_supply_update: ocv_uv=3801664 ibatt=5952 soc=36 seq_num=6705
06-03 17:36:31.034 D/VM_BMS  (  461): End process_bms_data
06-03 17:36:31.034 D/VM_BMS  (  461): wake_lock released
06-03 17:36:32.552 I/qdhwcomposer(  262): handle_blank_event: dpy:0 panel power state: 0
06-03 17:36:32.552 E/qdutils (  262): int qdutils::getHDMINode(): Failed to open fb node 1
06-03 17:36:32.553 E/qdutils (  262): int qdutils::getHDMINode(): Failed to open fb node 2
06-03 17:36:32.553 E/qdutils (  262): int qdutils::getHDMINode(): Failed to find HDMI node
06-03 17:36:32.553 D/VM_BMS  (  461): wake_lock acquired
06-03 17:36:32.554 D/VM_BMS  (  461): New BMS data - Size=56
06-03 17:36:32.554 D/VM_BMS  (  461): Start process_bms_data
06-03 17:36:32.554 D/VM_BMS  (  461): Battery charge_cycle=0 fcc_adjust=0 rbatt_adjust=0 cycle_changed=false
06-03 17:36:32.559 D/VM_BMS  (  461): For batt_temp=255 fcc_mah=2200
06-03 17:36:32.559 D/VM_BMS  (  461): Lookup fcc_mah=2200.000000  adjusted fcc_mah=2200.000000
06-03 17:36:32.559 D/VM_BMS  (  461): For ocv=3801664 batt_temp=255 soc=36
06-03 17:36:32.559 D/VM_BMS  (  461): fifo_count=0 acc_count=7
06-03 17:36:32.559 D/VM_BMS  (  461): INIT: ocv=3801664 last_ocv=3801664 batt_temp=255 soc=36
06-03 17:36:32.559 D/VM_BMS  (  461): For soc=36 batt_temp=255 slope=3000
06-03 17:36:32.559 D/VM_BMS  (  461): For soc=36 batt_temp=255 rbatt_sf=106
06-03 17:36:32.560 D/VM_BMS  (  461): rbatt_mohm_default=72, rbatt_mohm=76, sf=106 batt_temp=255
06-03 17:36:32.560 D/VM_BMS  (  461): Lookup rbatt=76.000000  adjusted rbatt=76.000000
06-03 17:36:32.560 D/VM_BMS  (  461): For ocv=3801664 batt_temp=255 soc=36
06-03 17:36:32.560 D/VM_BMS  (  461): FIFO=0 fifo_avg=3.800937 rbatt=0.126000 slope=0.300000 ibatt=0.005771 ocv=3.801664 soc=36 fcc_ah=2.200000 sample_count=7 sample_interval=70 seq_num=6706
06-03 17:36:32.561 I/VM_BMS  (  461): power_supply_update: ocv_uv=3801664 ibatt=5770 soc=36 seq_num=6706
06-03 17:36:32.561 D/VM_BMS  (  461): End process_bms_data
06-03 17:36:32.561 D/VM_BMS  (  461): wake_lock released
06-03 17:36:32.691 D/BatteryMeterView( 2940): not on charging...
06-03 17:36:32.692 D/BatteryMeterView( 2940): not on charging...
06-03 17:36:32.692 D/BatteryMeterView( 2940): not on charging...
06-03 17:36:34.080 I/qdhwcomposer(  262): handle_blank_event: dpy:0 panel power state: 0
06-03 17:36:34.081 E/qdutils (  262): int qdutils::getHDMINode(): Failed to open fb node 1
06-03 17:36:34.081 E/qdutils (  262): int qdutils::getHDMINode(): Failed to open fb node 2
06-03 17:36:34.081 E/qdutils (  262): int qdutils::getHDMINode(): Failed to find HDMI node
06-03 17:36:34.086 D/VM_BMS  (  461): wake_lock acquired
06-03 17:36:34.086 D/VM_BMS  (  461): New BMS data - Size=56
06-03 17:36:34.086 D/VM_BMS  (  461): Start process_bms_data
06-03 17:36:34.087 D/VM_BMS  (  461): Battery charge_cycle=0 fcc_adjust=0 rbatt_adjust=0 cycle_changed=false
06-03 17:36:34.090 D/VM_BMS  (  461): For batt_temp=255 fcc_mah=2200
06-03 17:36:34.090 D/VM_BMS  (  461): Lookup fcc_mah=2200.000000  adjusted fcc_mah=2200.000000
06-03 17:36:34.090 D/VM_BMS  (  461): For ocv=3801664 batt_temp=255 soc=36
06-03 17:36:34.090 D/VM_BMS  (  461): fifo_count=0 acc_count=7
06-03 17:36:34.090 D/VM_BMS  (  461): INIT: ocv=3801664 last_ocv=3801664 batt_temp=255 soc=36
06-03 17:36:34.090 D/VM_BMS  (  461): For soc=36 batt_temp=255 slope=3000
06-03 17:36:34.090 D/VM_BMS  (  461): For soc=36 batt_temp=255 rbatt_sf=106
06-03 17:36:34.090 D/VM_BMS  (  461): rbatt_mohm_default=72, rbatt_mohm=76, sf=106 batt_temp=255
06-03 17:36:34.090 D/VM_BMS  (  461): Lookup rbatt=76.000000  adjusted rbatt=76.000000
06-03 17:36:34.090 D/VM_BMS  (  461): For ocv=3801664 batt_temp=255 soc=36
06-03 17:36:34.090 D/VM_BMS  (  461): FIFO=0 fifo_avg=3.803001 rbatt=0.126000 slope=0.300000 ibatt=-0.010609 ocv=3.801664 soc=36 fcc_ah=2.200000 sample_count=7 sample_interval=70 seq_num=6707
06-03 17:36:34.092 I/VM_BMS  (  461): power_supply_update: ocv_uv=3801664 ibatt=-10608 soc=36 seq_num=6707
06-03 17:36:34.092 D/VM_BMS  (  461): End process_bms_data
06-03 17:36:34.092 D/VM_BMS  (  461): wake_lock released
06-03 17:36:34.160 V/WLAN_PSA(  314): NL MSG, len[4095], NL type[0x1C] WNI type[0x5900] len[59151]
06-03 17:36:34.160 V/WLAN_PSA(  314): NL MSG, PID: 314
06-03 17:36:34.218 D/BatteryMeterView( 2940): not on charging...
06-03 17:36:34.219 D/BatteryMeterView( 2940): not on charging...
06-03 17:36:34.220 D/BatteryMeterView( 2940): not on charging...
06-03 17:36:35.714 I/qdhwcomposer(  262): handle_blank_event: dpy:0 panel power state: 0
06-03 17:36:35.714 E/qdutils (  262): int qdutils::getHDMINode(): Failed to open fb node 1
06-03 17:36:35.714 E/qdutils (  262): int qdutils::getHDMINode(): Failed to open fb node 2
06-03 17:36:35.714 E/qdutils (  262): int qdutils::getHDMINode(): Failed to find HDMI node
06-03 17:36:35.720 D/VM_BMS  (  461): wake_lock acquired
06-03 17:36:35.720 D/VM_BMS  (  461): New BMS data - Size=56
06-03 17:36:35.720 D/VM_BMS  (  461): Start process_bms_data
06-03 17:36:35.720 D/VM_BMS  (  461): Battery charge_cycle=0 fcc_adjust=0 rbatt_adjust=0 cycle_changed=false
06-03 17:36:35.722 D/VM_BMS  (  461): For batt_temp=255 fcc_mah=2200
06-03 17:36:35.722 D/VM_BMS  (  461): Lookup fcc_mah=2200.000000  adjusted fcc_mah=2200.000000
06-03 17:36:35.722 D/VM_BMS  (  461): For ocv=3801664 batt_temp=255 soc=36
06-03 17:36:35.722 D/VM_BMS  (  461): fifo_count=0 acc_count=8
06-03 17:36:35.723 D/VM_BMS  (  461): INIT: ocv=3801664 last_ocv=3801664 batt_temp=255 soc=36
06-03 17:36:35.723 D/VM_BMS  (  461): For soc=36 batt_temp=255 slope=3000
06-03 17:36:35.723 D/VM_BMS  (  461): For soc=36 batt_temp=255 rbatt_sf=106
06-03 17:36:35.723 D/VM_BMS  (  461): rbatt_mohm_default=72, rbatt_mohm=76, sf=106 batt_temp=255
06-03 17:36:35.723 D/VM_BMS  (  461): Lookup rbatt=76.000000  adjusted rbatt=76.000000
06-03 17:36:35.723 D/VM_BMS  (  461): For ocv=3801664 batt_temp=255 soc=36
06-03 17:36:35.723 D/VM_BMS  (  461): FIFO=0 fifo_avg=3.799972 rbatt=0.126000 slope=0.300000 ibatt=0.013428 ocv=3.801664 soc=36 fcc_ah=2.200000 sample_count=8 sample_interval=70 seq_num=6708
06-03 17:36:35.724 I/VM_BMS  (  461): power_supply_update: ocv_uv=3801664 ibatt=13427 soc=36 seq_num=6708
06-03 17:36:35.724 D/VM_BMS  (  461): End process_bms_data
06-03 17:36:35.724 D/VM_BMS  (  461): wake_lock released
06-03 17:36:35.845 D/BatteryMeterView( 2940): not on charging...
06-03 17:36:35.846 D/BatteryMeterView( 2940): not on charging...
06-03 17:36:35.846 D/BatteryMeterView( 2940): not on charging...
06-03 17:36:37.249 I/qdhwcomposer(  262): handle_blank_event: dpy:0 panel power state: 0
06-03 17:36:37.249 E/qdutils (  262): int qdutils::getHDMINode(): Failed to open fb node 1
06-03 17:36:37.250 E/qdutils (  262): int qdutils::getHDMINode(): Failed to open fb node 2
06-03 17:36:37.250 E/qdutils (  262): int qdutils::getHDMINode(): Failed to find HDMI node
06-03 17:36:37.251 D/VM_BMS  (  461): wake_lock acquired
06-03 17:36:37.251 D/VM_BMS  (  461): New BMS data - Size=56
06-03 17:36:37.251 D/VM_BMS  (  461): Start process_bms_data
06-03 17:36:37.252 D/VM_BMS  (  461): Battery charge_cycle=0 fcc_adjust=0 rbatt_adjust=0 cycle_changed=false
06-03 17:36:37.263 D/VM_BMS  (  461): For batt_temp=255 fcc_mah=2200
06-03 17:36:37.263 D/VM_BMS  (  461): Lookup fcc_mah=2200.000000  adjusted fcc_mah=2200.000000
06-03 17:36:37.264 D/VM_BMS  (  461): For ocv=3801664 batt_temp=255 soc=36
06-03 17:36:37.264 D/VM_BMS  (  461): fifo_count=0 acc_count=8
06-03 17:36:37.264 D/VM_BMS  (  461): INIT: ocv=3801664 last_ocv=3801664 batt_temp=255 soc=36
06-03 17:36:37.264 D/VM_BMS  (  461): For soc=36 batt_temp=255 slope=3000
06-03 17:36:37.264 D/VM_BMS  (  461): For soc=36 batt_temp=255 rbatt_sf=106
06-03 17:36:37.264 D/VM_BMS  (  461): rbatt_mohm_default=72, rbatt_mohm=76, sf=106 batt_temp=255
06-03 17:36:37.264 D/VM_BMS  (  461): Lookup rbatt=76.000000  adjusted rbatt=76.000000
06-03 17:36:37.264 D/VM_BMS  (  461): For ocv=3801664 batt_temp=255 soc=36
06-03 17:36:37.264 D/VM_BMS  (  461): FIFO=0 fifo_avg=3.801192 rbatt=0.126000 slope=0.300000 ibatt=0.003746 ocv=3.801664 soc=36 fcc_ah=2.200000 sample_count=8 sample_interval=70 seq_num=6709
06-03 17:36:37.267 I/VM_BMS  (  461): power_supply_update: ocv_uv=3801664 ibatt=3746 soc=36 seq_num=6709
06-03 17:36:37.267 D/VM_BMS  (  461): End process_bms_data
06-03 17:36:37.268 D/VM_BMS  (  461): wake_lock released
06-03 17:36:38.785 I/qdhwcomposer(  262): handle_blank_event: dpy:0 panel power state: 0
06-03 17:36:38.786 E/qdutils (  262): int qdutils::getHDMINode(): Failed to open fb node 1
06-03 17:36:38.786 E/qdutils (  262): int qdutils::getHDMINode(): Failed to open fb node 2
06-03 17:36:38.786 E/qdutils (  262): int qdutils::getHDMINode(): Failed to find HDMI node
06-03 17:36:38.789 V/WLAN_PSA(  314): NL MSG, len[4049], NL type[0x1C] WNI type[0x5900] len[47375]
06-03 17:36:38.789 V/WLAN_PSA(  314): NL MSG, PID: 314
06-03 17:36:38.790 D/VM_BMS  (  461): wake_lock acquired
06-03 17:36:38.791 D/VM_BMS  (  461): New BMS data - Size=56
06-03 17:36:38.791 D/VM_BMS  (  461): Start process_bms_data
06-03 17:36:38.791 D/VM_BMS  (  461): Battery charge_cycle=0 fcc_adjust=0 rbatt_adjust=0 cycle_changed=false
06-03 17:36:38.795 D/VM_BMS  (  461): For batt_temp=255 fcc_mah=2200
06-03 17:36:38.795 D/VM_BMS  (  461): Lookup fcc_mah=2200.000000  adjusted fcc_mah=2200.000000
06-03 17:36:38.795 D/VM_BMS  (  461): For ocv=3801664 batt_temp=255 soc=36
06-03 17:36:38.795 D/VM_BMS  (  461): fifo_count=0 acc_count=8
06-03 17:36:38.795 D/VM_BMS  (  461): INIT: ocv=3801664 last_ocv=3801664 batt_temp=255 soc=36
06-03 17:36:38.795 D/VM_BMS  (  461): For soc=36 batt_temp=255 slope=3000
06-03 17:36:38.795 D/VM_BMS  (  461): For soc=36 batt_temp=255 rbatt_sf=106
06-03 17:36:38.795 D/VM_BMS  (  461): rbatt_mohm_default=72, rbatt_mohm=76, sf=106 batt_temp=255
06-03 17:36:38.795 D/VM_BMS  (  461): Lookup rbatt=76.000000  adjusted rbatt=76.000000
06-03 17:36:38.795 D/VM_BMS  (  461): For ocv=3801664 batt_temp=255 soc=36
06-03 17:36:38.795 D/VM_BMS  (  461): FIFO=0 fifo_avg=3.801173 rbatt=0.126000 slope=0.300000 ibatt=0.003898 ocv=3.801664 soc=36 fcc_ah=2.200000 sample_count=8 sample_interval=70 seq_num=6710
06-03 17:36:38.797 I/VM_BMS  (  461): power_supply_update: ocv_uv=3801664 ibatt=3897 soc=36 seq_num=6710
06-03 17:36:38.797 D/VM_BMS  (  461): End process_bms_data
06-03 17:36:38.797 D/VM_BMS  (  461): wake_lock released
06-03 17:36:38.918 D/BatteryMeterView( 2940): not on charging...
06-03 17:36:38.918 D/BatteryMeterView( 2940): not on charging...
06-03 17:36:38.919 D/BatteryMeterView( 2940): not on charging...
06-03 17:36:40.320 I/qdhwcomposer(  262): handle_blank_event: dpy:0 panel power state: 0
06-03 17:36:40.321 E/qdutils (  262): int qdutils::getHDMINode(): Failed to open fb node 1
06-03 17:36:40.321 E/qdutils (  262): int qdutils::getHDMINode(): Failed to open fb node 2
06-03 17:36:40.321 E/qdutils (  262): int qdutils::getHDMINode(): Failed to find HDMI node
06-03 17:36:40.323 D/VM_BMS  (  461): wake_lock acquired
06-03 17:36:40.323 D/VM_BMS  (  461): New BMS data - Size=56
06-03 17:36:40.323 D/VM_BMS  (  461): Start process_bms_data
06-03 17:36:40.323 D/VM_BMS  (  461): Battery charge_cycle=0 fcc_adjust=0 rbatt_adjust=0 cycle_changed=false
06-03 17:36:40.330 D/VM_BMS  (  461): For batt_temp=255 fcc_mah=2200
06-03 17:36:40.330 D/VM_BMS  (  461): Lookup fcc_mah=2200.000000  adjusted fcc_mah=2200.000000
06-03 17:36:40.330 D/VM_BMS  (  461): For ocv=3801664 batt_temp=255 soc=36
06-03 17:36:40.330 D/VM_BMS  (  461): fifo_count=0 acc_count=8
06-03 17:36:40.330 D/VM_BMS  (  461): INIT: ocv=3801664 last_ocv=3801664 batt_temp=255 soc=36
06-03 17:36:40.330 D/VM_BMS  (  461): For soc=36 batt_temp=255 slope=3000
06-03 17:36:40.330 D/VM_BMS  (  461): For soc=36 batt_temp=255 rbatt_sf=106
06-03 17:36:40.330 D/VM_BMS  (  461): rbatt_mohm_default=72, rbatt_mohm=76, sf=106 batt_temp=255
06-03 17:36:40.330 D/VM_BMS  (  461): Lookup rbatt=76.000000  adjusted rbatt=76.000000
06-03 17:36:40.330 D/VM_BMS  (  461): For ocv=3801664 batt_temp=255 soc=36
06-03 17:36:40.330 D/VM_BMS  (  461): FIFO=0 fifo_avg=3.799984 rbatt=0.126000 slope=0.300000 ibatt=0.013333 ocv=3.801664 soc=36 fcc_ah=2.200000 sample_count=8 sample_interval=70 seq_num=6711
06-03 17:36:40.331 I/VM_BMS  (  461): power_supply_update: ocv_uv=3801664 ibatt=13333 soc=36 seq_num=6711
06-03 17:36:40.332 D/VM_BMS  (  461): End process_bms_data
06-03 17:36:40.332 D/VM_BMS  (  461): wake_lock released
06-03 17:36:40.456 D/BatteryMeterView( 2940): not on charging...
06-03 17:36:40.457 D/BatteryMeterView( 2940): not on charging...
06-03 17:36:40.457 D/BatteryMeterView( 2940): not on charging...
06-03 17:36:41.857 I/qdhwcomposer(  262): handle_blank_event: dpy:0 panel power state: 0
06-03 17:36:41.858 E/qdutils (  262): int qdutils::getHDMINode(): Failed to open fb node 1
06-03 17:36:41.858 E/qdutils (  262): int qdutils::getHDMINode(): Failed to open fb node 2
06-03 17:36:41.858 E/qdutils (  262): int qdutils::getHDMINode(): Failed to find HDMI node
06-03 17:36:41.859 V/WLAN_PSA(  314): NL MSG, len[4000], NL type[0x1C] WNI type[0x5900] len[34831]
06-03 17:36:41.859 V/WLAN_PSA(  314): NL MSG, PID: 314
06-03 17:36:41.860 D/VM_BMS  (  461): wake_lock acquired
06-03 17:36:41.860 D/VM_BMS  (  461): New BMS data - Size=56
06-03 17:36:41.860 D/VM_BMS  (  461): Start process_bms_data
06-03 17:36:41.860 D/VM_BMS  (  461): Battery charge_cycle=0 fcc_adjust=0 rbatt_adjust=0 cycle_changed=false
06-03 17:36:41.867 D/VM_BMS  (  461): For batt_temp=255 fcc_mah=2200
06-03 17:36:41.867 D/VM_BMS  (  461): Lookup fcc_mah=2200.000000  adjusted fcc_mah=2200.000000
06-03 17:36:41.867 D/VM_BMS  (  461): For ocv=3801664 batt_temp=255 soc=36
06-03 17:36:41.867 D/VM_BMS  (  461): fifo_count=0 acc_count=8
06-03 17:36:41.868 D/VM_BMS  (  461): INIT: ocv=3801664 last_ocv=3801664 batt_temp=255 soc=36
06-03 17:36:41.868 D/VM_BMS  (  461): For soc=36 batt_temp=255 slope=3000
06-03 17:36:41.868 D/VM_BMS  (  461): For soc=36 batt_temp=255 rbatt_sf=106
06-03 17:36:41.868 D/VM_BMS  (  461): rbatt_mohm_default=72, rbatt_mohm=76, sf=106 batt_temp=255
06-03 17:36:41.868 D/VM_BMS  (  461): Lookup rbatt=76.000000  adjusted rbatt=76.000000
06-03 17:36:41.868 D/VM_BMS  (  461): For ocv=3801664 batt_temp=255 soc=36
06-03 17:36:41.868 D/VM_BMS  (  461): FIFO=0 fifo_avg=3.801192 rbatt=0.126000 slope=0.300000 ibatt=0.003746 ocv=3.801664 soc=36 fcc_ah=2.200000 sample_count=8 sample_interval=70 seq_num=6712
06-03 17:36:41.869 I/VM_BMS  (  461): power_supply_update: ocv_uv=3801664 ibatt=3746 soc=36 seq_num=6712
06-03 17:36:41.869 D/VM_BMS  (  461): End process_bms_data
06-03 17:36:41.870 D/VM_BMS  (  461): wake_lock released
06-03 17:36:41.993 D/BatteryMeterView( 2940): not on charging...
06-03 17:36:41.993 D/BatteryMeterView( 2940): not on charging...
06-03 17:36:41.994 D/BatteryMeterView( 2940): not on charging...
06-03 17:36:43.395 D/VM_BMS  (  461): wake_lock acquired
06-03 17:36:43.395 D/VM_BMS  (  461): New BMS data - Size=56
06-03 17:36:43.395 D/VM_BMS  (  461): Start process_bms_data
06-03 17:36:43.396 D/VM_BMS  (  461): Battery charge_cycle=0 fcc_adjust=0 rbatt_adjust=0 cycle_changed=false
06-03 17:36:43.398 I/qdhwcomposer(  262): handle_blank_event: dpy:0 panel power state: 0
06-03 17:36:43.399 E/qdutils (  262): int qdutils::getHDMINode(): Failed to open fb node 1
06-03 17:36:43.399 E/qdutils (  262): int qdutils::getHDMINode(): Failed to open fb node 2
06-03 17:36:43.399 E/qdutils (  262): int qdutils::getHDMINode(): Failed to find HDMI node
06-03 17:36:43.399 D/VM_BMS  (  461): For batt_temp=255 fcc_mah=2200
06-03 17:36:43.399 D/VM_BMS  (  461): Lookup fcc_mah=2200.000000  adjusted fcc_mah=2200.000000
06-03 17:36:43.399 D/VM_BMS  (  461): For ocv=3801664 batt_temp=255 soc=36
06-03 17:36:43.399 D/VM_BMS  (  461): fifo_count=0 acc_count=8
06-03 17:36:43.399 D/VM_BMS  (  461): INIT: ocv=3801664 last_ocv=3801664 batt_temp=255 soc=36
06-03 17:36:43.399 D/VM_BMS  (  461): For soc=36 batt_temp=255 slope=3000
06-03 17:36:43.399 D/VM_BMS  (  461): For soc=36 batt_temp=255 rbatt_sf=106
06-03 17:36:43.399 D/VM_BMS  (  461): rbatt_mohm_default=72, rbatt_mohm=76, sf=106 batt_temp=255
06-03 17:36:43.399 D/VM_BMS  (  461): Lookup rbatt=76.000000  adjusted rbatt=76.000000
06-03 17:36:43.399 D/VM_BMS  (  461): For ocv=3801664 batt_temp=255 soc=36
06-03 17:36:43.399 D/VM_BMS  (  461): FIFO=0 fifo_avg=3.799671 rbatt=0.126000 slope=0.300000 ibatt=0.015818 ocv=3.801664 soc=36 fcc_ah=2.200000 sample_count=8 sample_interval=70 seq_num=6713
06-03 17:36:43.400 I/VM_BMS  (  461): power_supply_update: ocv_uv=3801664 ibatt=15817 soc=36 seq_num=6713
06-03 17:36:43.400 D/VM_BMS  (  461): End process_bms_data
06-03 17:36:43.401 D/VM_BMS  (  461): wake_lock released
06-03 17:36:43.523 D/BatteryMeterView( 2940): not on charging...
06-03 17:36:43.524 D/BatteryMeterView( 2940): not on charging...
06-03 17:36:43.524 D/BatteryMeterView( 2940): not on charging...
06-03 17:36:44.935 I/qdhwcomposer(  262): handle_blank_event: dpy:0 panel power state: 0
06-03 17:36:44.936 E/qdutils (  262): int qdutils::getHDMINode(): Failed to open fb node 1
06-03 17:36:44.936 E/qdutils (  262): int qdutils::getHDMINode(): Failed to open fb node 2
06-03 17:36:44.936 E/qdutils (  262): int qdutils::getHDMINode(): Failed to find HDMI node
06-03 17:36:44.937 V/WLAN_PSA(  314): NL MSG, len[4000], NL type[0x1C] WNI type[0x5900] len[34831]
06-03 17:36:44.937 V/WLAN_PSA(  314): NL MSG, PID: 314
06-03 17:36:44.938 D/VM_BMS  (  461): wake_lock acquired
06-03 17:36:44.938 D/VM_BMS  (  461): New BMS data - Size=56
06-03 17:36:44.938 D/VM_BMS  (  461): Start process_bms_data
06-03 17:36:44.938 D/VM_BMS  (  461): Battery charge_cycle=0 fcc_adjust=0 rbatt_adjust=0 cycle_changed=false
06-03 17:36:44.944 D/VM_BMS  (  461): For batt_temp=255 fcc_mah=2200
06-03 17:36:44.944 D/VM_BMS  (  461): Lookup fcc_mah=2200.000000  adjusted fcc_mah=2200.000000
06-03 17:36:44.944 D/VM_BMS  (  461): For ocv=3801664 batt_temp=255 soc=36
06-03 17:36:44.944 D/VM_BMS  (  461): fifo_count=0 acc_count=8
06-03 17:36:44.944 D/VM_BMS  (  461): INIT: ocv=3801664 last_ocv=3801664 batt_temp=255 soc=36
06-03 17:36:44.945 D/VM_BMS  (  461): For soc=36 batt_temp=255 slope=3000
06-03 17:36:44.945 D/VM_BMS  (  461): For soc=36 batt_temp=255 rbatt_sf=106
06-03 17:36:44.945 D/VM_BMS  (  461): rbatt_mohm_default=72, rbatt_mohm=76, sf=106 batt_temp=255
06-03 17:36:44.945 D/VM_BMS  (  461): Lookup rbatt=76.000000  adjusted rbatt=76.000000
06-03 17:36:44.945 D/VM_BMS  (  461): For ocv=3801664 batt_temp=255 soc=36
06-03 17:36:44.945 D/VM_BMS  (  461): FIFO=0 fifo_avg=3.801173 rbatt=0.126000 slope=0.300000 ibatt=0.003898 ocv=3.801664 soc=36 fcc_ah=2.200000 sample_count=8 sample_interval=70 seq_num=6714
06-03 17:36:44.946 I/VM_BMS  (  461): power_supply_update: ocv_uv=3801664 ibatt=3897 soc=36 seq_num=6714
06-03 17:36:44.946 D/VM_BMS  (  461): End process_bms_data
06-03 17:36:44.947 D/VM_BMS  (  461): wake_lock released
06-03 17:36:45.069 D/BatteryMeterView( 2940): not on charging...
06-03 17:36:45.070 D/BatteryMeterView( 2940): not on charging...
06-03 17:36:45.072 D/BatteryMeterView( 2940): not on charging...
06-03 17:36:46.470 I/qdhwcomposer(  262): handle_blank_event: dpy:0 panel power state: 0
06-03 17:36:46.470 E/qdutils (  262): int qdutils::getHDMINode(): Failed to open fb node 1
06-03 17:36:46.471 E/qdutils (  262): int qdutils::getHDMINode(): Failed to open fb node 2
06-03 17:36:46.471 E/qdutils (  262): int qdutils::getHDMINode(): Failed to find HDMI node
06-03 17:36:46.472 D/VM_BMS  (  461): wake_lock acquired
06-03 17:36:46.472 D/VM_BMS  (  461): New BMS data - Size=56
06-03 17:36:46.472 D/VM_BMS  (  461): Start process_bms_data
06-03 17:36:46.472 D/VM_BMS  (  461): Battery charge_cycle=0 fcc_adjust=0 rbatt_adjust=0 cycle_changed=false
06-03 17:36:46.476 D/VM_BMS  (  461): For batt_temp=255 fcc_mah=2200
06-03 17:36:46.476 D/VM_BMS  (  461): Lookup fcc_mah=2200.000000  adjusted fcc_mah=2200.000000
06-03 17:36:46.476 D/VM_BMS  (  461): For ocv=3801664 batt_temp=255 soc=36
06-03 17:36:46.476 D/VM_BMS  (  461): fifo_count=0 acc_count=8
06-03 17:36:46.476 D/VM_BMS  (  461): INIT: ocv=3801664 last_ocv=3801664 batt_temp=255 soc=36
06-03 17:36:46.476 D/VM_BMS  (  461): For soc=36 batt_temp=255 slope=3000
06-03 17:36:46.476 D/VM_BMS  (  461): For soc=36 batt_temp=255 rbatt_sf=106
06-03 17:36:46.476 D/VM_BMS  (  461): rbatt_mohm_default=72, rbatt_mohm=76, sf=106 batt_temp=255
06-03 17:36:46.476 D/VM_BMS  (  461): Lookup rbatt=76.000000  adjusted rbatt=76.000000
06-03 17:36:46.476 D/VM_BMS  (  461): For ocv=3801664 batt_temp=255 soc=36
06-03 17:36:46.476 D/VM_BMS  (  461): FIFO=0 fifo_avg=3.800250 rbatt=0.126000 slope=0.300000 ibatt=0.011222 ocv=3.801664 soc=36 fcc_ah=2.200000 sample_count=8 sample_interval=70 seq_num=6715
06-03 17:36:46.479 I/VM_BMS  (  461): power_supply_update: ocv_uv=3801664 ibatt=11221 soc=36 seq_num=6715
06-03 17:36:46.479 D/VM_BMS  (  461): End process_bms_data
06-03 17:36:46.479 D/VM_BMS  (  461): wake_lock released
06-03 17:36:46.606 D/BatteryMeterView( 2940): not on charging...
06-03 17:36:46.606 D/BatteryMeterView( 2940): not on charging...
06-03 17:36:46.607 D/BatteryMeterView( 2940): not on charging...
06-03 17:36:48.006 I/qdhwcomposer(  262): handle_blank_event: dpy:0 panel power state: 0
06-03 17:36:48.007 E/qdutils (  262): int qdutils::getHDMINode(): Failed to open fb node 1
06-03 17:36:48.007 E/qdutils (  262): int qdutils::getHDMINode(): Failed to open fb node 2
06-03 17:36:48.007 E/qdutils (  262): int qdutils::getHDMINode(): Failed to find HDMI node
06-03 17:36:48.008 D/VM_BMS  (  461): wake_lock acquired
06-03 17:36:48.008 D/VM_BMS  (  461): New BMS data - Size=56
06-03 17:36:48.008 D/VM_BMS  (  461): Start process_bms_data
06-03 17:36:48.008 D/VM_BMS  (  461): Battery charge_cycle=0 fcc_adjust=0 rbatt_adjust=0 cycle_changed=false
06-03 17:36:48.013 D/VM_BMS  (  461): For batt_temp=255 fcc_mah=2200
06-03 17:36:48.013 D/VM_BMS  (  461): Lookup fcc_mah=2200.000000  adjusted fcc_mah=2200.000000
06-03 17:36:48.013 D/VM_BMS  (  461): For ocv=3801664 batt_temp=255 soc=36
06-03 17:36:48.013 D/VM_BMS  (  461): fifo_count=0 acc_count=8
06-03 17:36:48.013 D/VM_BMS  (  461): INIT: ocv=3801664 last_ocv=3801664 batt_temp=255 soc=36
06-03 17:36:48.013 D/VM_BMS  (  461): For soc=36 batt_temp=255 slope=3000
06-03 17:36:48.013 D/VM_BMS  (  461): For soc=36 batt_temp=255 rbatt_sf=106
06-03 17:36:48.013 D/VM_BMS  (  461): rbatt_mohm_default=72, rbatt_mohm=76, sf=106 batt_temp=255
06-03 17:36:48.013 D/VM_BMS  (  461): Lookup rbatt=76.000000  adjusted rbatt=76.000000
06-03 17:36:48.013 D/VM_BMS  (  461): For ocv=3801664 batt_temp=255 soc=36
06-03 17:36:48.013 D/VM_BMS  (  461): FIFO=0 fifo_avg=3.800269 rbatt=0.126000 slope=0.300000 ibatt=0.011072 ocv=3.801664 soc=36 fcc_ah=2.200000 sample_count=8 sample_interval=70 seq_num=6716
06-03 17:36:48.016 I/VM_BMS  (  461): power_supply_update: ocv_uv=3801664 ibatt=11072 soc=36 seq_num=6716
06-03 17:36:48.016 D/VM_BMS  (  461): End process_bms_data
06-03 17:36:48.017 D/VM_BMS  (  461): wake_lock released
06-03 17:36:48.144 D/BatteryMeterView( 2940): not on charging...
06-03 17:36:48.148 D/BatteryMeterView( 2940): not on charging...
06-03 17:36:48.148 D/BatteryMeterView( 2940): not on charging...
06-03 17:36:49.545 I/qdhwcomposer(  262): handle_blank_event: dpy:0 panel power state: 0
06-03 17:36:49.545 E/qdutils (  262): int qdutils::getHDMINode(): Failed to open fb node 1
06-03 17:36:49.546 E/qdutils (  262): int qdutils::getHDMINode(): Failed to open fb node 2
06-03 17:36:49.546 E/qdutils (  262): int qdutils::getHDMINode(): Failed to find HDMI node
06-03 17:36:49.550 V/WLAN_PSA(  314): NL MSG, len[4033], NL type[0x1C] WNI type[0x5900] len[43279]
06-03 17:36:49.550 V/WLAN_PSA(  314): NL MSG, PID: 314
06-03 17:36:49.551 D/VM_BMS  (  461): wake_lock acquired
06-03 17:36:49.551 D/VM_BMS  (  461): New BMS data - Size=56
06-03 17:36:49.551 D/VM_BMS  (  461): Start process_bms_data
06-03 17:36:49.551 D/VM_BMS  (  461): Battery charge_cycle=0 fcc_adjust=0 rbatt_adjust=0 cycle_changed=false
06-03 17:36:49.558 D/VM_BMS  (  461): For batt_temp=255 fcc_mah=2200
06-03 17:36:49.558 D/VM_BMS  (  461): Lookup fcc_mah=2200.000000  adjusted fcc_mah=2200.000000
06-03 17:36:49.558 D/VM_BMS  (  461): For ocv=3801664 batt_temp=255 soc=36
06-03 17:36:49.559 D/VM_BMS  (  461): fifo_count=0 acc_count=8
06-03 17:36:49.559 D/VM_BMS  (  461): INIT: ocv=3801664 last_ocv=3801664 batt_temp=255 soc=36
06-03 17:36:49.559 D/VM_BMS  (  461): For soc=36 batt_temp=255 slope=3000
06-03 17:36:49.559 D/VM_BMS  (  461): For soc=36 batt_temp=255 rbatt_sf=106
06-03 17:36:49.559 D/VM_BMS  (  461): rbatt_mohm_default=72, rbatt_mohm=76, sf=106 batt_temp=255
06-03 17:36:49.559 D/VM_BMS  (  461): Lookup rbatt=76.000000  adjusted rbatt=76.000000
06-03 17:36:49.559 D/VM_BMS  (  461): For ocv=3801664 batt_temp=255 soc=36
06-03 17:36:49.559 D/VM_BMS  (  461): FIFO=0 fifo_avg=3.801476 rbatt=0.126000 slope=0.300000 ibatt=0.001493 ocv=3.801664 soc=36 fcc_ah=2.200000 sample_count=8 sample_interval=70 seq_num=6717
06-03 17:36:49.563 I/VM_BMS  (  461): power_supply_update: ocv_uv=3801664 ibatt=1492 soc=36 seq_num=6717
06-03 17:36:49.563 D/VM_BMS  (  461): End process_bms_data
06-03 17:36:49.563 D/VM_BMS  (  461): wake_lock released
06-03 17:36:49.685 D/BatteryMeterView( 2940): not on charging...
06-03 17:36:49.686 D/BatteryMeterView( 2940): not on charging...
06-03 17:36:49.687 D/BatteryMeterView( 2940): not on charging...
06-03 17:36:51.073 I/qdhwcomposer(  262): handle_blank_event: dpy:0 panel power state: 0
06-03 17:36:51.073 E/qdutils (  262): int qdutils::getHDMINode(): Failed to open fb node 1
06-03 17:36:51.073 E/qdutils (  262): int qdutils::getHDMINode(): Failed to open fb node 2
06-03 17:36:51.073 E/qdutils (  262): int qdutils::getHDMINode(): Failed to find HDMI node
06-03 17:36:51.079 D/VM_BMS  (  461): wake_lock acquired
06-03 17:36:51.079 D/VM_BMS  (  461): New BMS data - Size=56
06-03 17:36:51.079 D/VM_BMS  (  461): Start process_bms_data
06-03 17:36:51.079 D/VM_BMS  (  461): Battery charge_cycle=0 fcc_adjust=0 rbatt_adjust=0 cycle_changed=false
06-03 17:36:51.081 D/VM_BMS  (  461): For batt_temp=255 fcc_mah=2200
06-03 17:36:51.081 D/VM_BMS  (  461): Lookup fcc_mah=2200.000000  adjusted fcc_mah=2200.000000
06-03 17:36:51.082 D/VM_BMS  (  461): For ocv=3801664 batt_temp=255 soc=36
06-03 17:36:51.082 D/VM_BMS  (  461): fifo_count=0 acc_count=8
06-03 17:36:51.082 D/VM_BMS  (  461): INIT: ocv=3801664 last_ocv=3801664 batt_temp=255 soc=36
06-03 17:36:51.082 D/VM_BMS  (  461): For soc=36 batt_temp=255 slope=3000
06-03 17:36:51.082 D/VM_BMS  (  461): For soc=36 batt_temp=255 rbatt_sf=106
06-03 17:36:51.082 D/VM_BMS  (  461): rbatt_mohm_default=72, rbatt_mohm=76, sf=106 batt_temp=255
06-03 17:36:51.082 D/VM_BMS  (  461): Lookup rbatt=76.000000  adjusted rbatt=76.000000
06-03 17:36:51.082 D/VM_BMS  (  461): For ocv=3801664 batt_temp=255 soc=36
06-03 17:36:51.082 D/VM_BMS  (  461): FIFO=0 fifo_avg=3.799690 rbatt=0.126000 slope=0.300000 ibatt=0.015666 ocv=3.801664 soc=36 fcc_ah=2.200000 sample_count=8 sample_interval=70 seq_num=6718
06-03 17:36:51.083 I/VM_BMS  (  461): power_supply_update: ocv_uv=3801664 ibatt=15666 soc=36 seq_num=6718
06-03 17:36:51.085 D/VM_BMS  (  461): End process_bms_data
06-03 17:36:51.085 D/VM_BMS  (  461): wake_lock released
06-03 17:36:52.609 I/qdhwcomposer(  262): handle_blank_event: dpy:0 panel power state: 0
06-03 17:36:52.609 E/qdutils (  262): int qdutils::getHDMINode(): Failed to open fb node 1
06-03 17:36:52.609 E/qdutils (  262): int qdutils::getHDMINode(): Failed to open fb node 2
06-03 17:36:52.610 E/qdutils (  262): int qdutils::getHDMINode(): Failed to find HDMI node
06-03 17:36:52.610 V/WLAN_PSA(  314): NL MSG, len[4092], NL type[0x1C] WNI type[0x5900] len[58383]
06-03 17:36:52.610 V/WLAN_PSA(  314): NL MSG, PID: 314
06-03 17:36:52.614 D/VM_BMS  (  461): wake_lock acquired
06-03 17:36:52.614 D/VM_BMS  (  461): New BMS data - Size=56
06-03 17:36:52.614 D/VM_BMS  (  461): Start process_bms_data
06-03 17:36:52.615 D/VM_BMS  (  461): Battery charge_cycle=0 fcc_adjust=0 rbatt_adjust=0 cycle_changed=false
06-03 17:36:52.618 D/VM_BMS  (  461): For batt_temp=255 fcc_mah=2200
06-03 17:36:52.618 D/VM_BMS  (  461): Lookup fcc_mah=2200.000000  adjusted fcc_mah=2200.000000
06-03 17:36:52.618 D/VM_BMS  (  461): For ocv=3801664 batt_temp=255 soc=36
06-03 17:36:52.618 D/VM_BMS  (  461): fifo_count=0 acc_count=8
06-03 17:36:52.618 D/VM_BMS  (  461): INIT: ocv=3801664 last_ocv=3801664 batt_temp=255 soc=36
06-03 17:36:52.618 D/VM_BMS  (  461): For soc=36 batt_temp=255 slope=3000
06-03 17:36:52.618 D/VM_BMS  (  461): For soc=36 batt_temp=255 rbatt_sf=106
06-03 17:36:52.618 D/VM_BMS  (  461): rbatt_mohm_default=72, rbatt_mohm=76, sf=106 batt_temp=255
06-03 17:36:52.618 D/VM_BMS  (  461): Lookup rbatt=76.000000  adjusted rbatt=76.000000
06-03 17:36:52.618 D/VM_BMS  (  461): For ocv=3801664 batt_temp=255 soc=36
06-03 17:36:52.618 D/VM_BMS  (  461): FIFO=0 fifo_avg=3.802108 rbatt=0.126000 slope=0.300000 ibatt=-0.003523 ocv=3.801664 soc=36 fcc_ah=2.200000 sample_count=8 sample_interval=70 seq_num=6719
06-03 17:36:52.621 I/VM_BMS  (  461): power_supply_update: ocv_uv=3801664 ibatt=-3523 soc=36 seq_num=6719
06-03 17:36:52.621 D/VM_BMS  (  461): End process_bms_data
06-03 17:36:52.621 D/VM_BMS  (  461): wake_lock released
06-03 17:36:54.142 I/qdhwcomposer(  262): handle_blank_event: dpy:0 panel power state: 0
06-03 17:36:54.143 E/qdutils (  262): int qdutils::getHDMINode(): Failed to open fb node 1
06-03 17:36:54.143 E/qdutils (  262): int qdutils::getHDMINode(): Failed to open fb node 2
06-03 17:36:54.143 E/qdutils (  262): int qdutils::getHDMINode(): Failed to find HDMI node
06-03 17:36:54.148 D/VM_BMS  (  461): wake_lock acquired
06-03 17:36:54.148 D/VM_BMS  (  461): New BMS data - Size=56
06-03 17:36:54.148 D/VM_BMS  (  461): Start process_bms_data
06-03 17:36:54.148 D/VM_BMS  (  461): Battery charge_cycle=0 fcc_adjust=0 rbatt_adjust=0 cycle_changed=false
06-03 17:36:54.150 D/VM_BMS  (  461): For batt_temp=255 fcc_mah=2200
06-03 17:36:54.150 D/VM_BMS  (  461): Lookup fcc_mah=2200.000000  adjusted fcc_mah=2200.000000
06-03 17:36:54.150 D/VM_BMS  (  461): For ocv=3801664 batt_temp=255 soc=36
06-03 17:36:54.150 D/VM_BMS  (  461): fifo_count=0 acc_count=8
06-03 17:36:54.150 D/VM_BMS  (  461): INIT: ocv=3801664 last_ocv=3801664 batt_temp=255 soc=36
06-03 17:36:54.150 D/VM_BMS  (  461): For soc=36 batt_temp=255 slope=3000
06-03 17:36:54.150 D/VM_BMS  (  461): For soc=36 batt_temp=255 rbatt_sf=106
06-03 17:36:54.150 D/VM_BMS  (  461): rbatt_mohm_default=72, rbatt_mohm=76, sf=106 batt_temp=255
06-03 17:36:54.150 D/VM_BMS  (  461): Lookup rbatt=76.000000  adjusted rbatt=76.000000
06-03 17:36:54.151 D/VM_BMS  (  461): For ocv=3801664 batt_temp=255 soc=36
06-03 17:36:54.151 D/VM_BMS  (  461): FIFO=0 fifo_avg=3.801173 rbatt=0.126000 slope=0.300000 ibatt=0.003898 ocv=3.801664 soc=36 fcc_ah=2.200000 sample_count=8 sample_interval=70 seq_num=6720
06-03 17:36:54.152 I/VM_BMS  (  461): power_supply_update: ocv_uv=3801664 ibatt=3897 soc=36 seq_num=6720
06-03 17:36:54.153 D/VM_BMS  (  461): End process_bms_data
06-03 17:36:54.153 D/VM_BMS  (  461): wake_lock released
06-03 17:36:55.682 I/qdhwcomposer(  262): handle_blank_event: dpy:0 panel power state: 0
06-03 17:36:55.683 E/qdutils (  262): int qdutils::getHDMINode(): Failed to open fb node 1
06-03 17:36:55.683 E/qdutils (  262): int qdutils::getHDMINode(): Failed to open fb node 2
06-03 17:36:55.683 E/qdutils (  262): int qdutils::getHDMINode(): Failed to find HDMI node
06-03 17:36:55.688 V/WLAN_PSA(  314): NL MSG, len[4000], NL type[0x1C] WNI type[0x5900] len[34831]
06-03 17:36:55.688 V/WLAN_PSA(  314): NL MSG, PID: 314
06-03 17:36:55.689 D/VM_BMS  (  461): wake_lock acquired
06-03 17:36:55.689 D/VM_BMS  (  461): New BMS data - Size=56
06-03 17:36:55.689 D/VM_BMS  (  461): Start process_bms_data
06-03 17:36:55.689 D/VM_BMS  (  461): Battery charge_cycle=0 fcc_adjust=0 rbatt_adjust=0 cycle_changed=false
06-03 17:36:55.692 D/VM_BMS  (  461): For batt_temp=255 fcc_mah=2200
06-03 17:36:55.692 D/VM_BMS  (  461): Lookup fcc_mah=2200.000000  adjusted fcc_mah=2200.000000
06-03 17:36:55.692 D/VM_BMS  (  461): For ocv=3801664 batt_temp=255 soc=36
06-03 17:36:55.692 D/VM_BMS  (  461): fifo_count=0 acc_count=8
06-03 17:36:55.692 D/VM_BMS  (  461): INIT: ocv=3801664 last_ocv=3801664 batt_temp=255 soc=36
06-03 17:36:55.692 D/VM_BMS  (  461): For soc=36 batt_temp=255 slope=3000
06-03 17:36:55.692 D/VM_BMS  (  461): For soc=36 batt_temp=255 rbatt_sf=106
06-03 17:36:55.692 D/VM_BMS  (  461): rbatt_mohm_default=72, rbatt_mohm=76, sf=106 batt_temp=255
06-03 17:36:55.692 D/VM_BMS  (  461): Lookup rbatt=76.000000  adjusted rbatt=76.000000
06-03 17:36:55.692 D/VM_BMS  (  461): For ocv=3801664 batt_temp=255 soc=36
06-03 17:36:55.692 D/VM_BMS  (  461): FIFO=0 fifo_avg=3.802399 rbatt=0.126000 slope=0.300000 ibatt=-0.005831 ocv=3.801664 soc=36 fcc_ah=2.200000 sample_count=8 sample_interval=70 seq_num=6721
06-03 17:36:55.696 I/VM_BMS  (  461): power_supply_update: ocv_uv=3801664 ibatt=-5831 soc=36 seq_num=6721
06-03 17:36:55.696 D/VM_BMS  (  461): End process_bms_data
06-03 17:36:55.698 D/VM_BMS  (  461): wake_lock released
06-03 17:36:55.820 D/BatteryMeterView( 2940): not on charging...
06-03 17:36:55.821 D/BatteryMeterView( 2940): not on charging...
06-03 17:36:55.822 D/BatteryMeterView( 2940): not on charging...
06-03 17:36:57.206 I/qdhwcomposer(  262): handle_blank_event: dpy:0 panel power state: 0
06-03 17:36:57.207 E/qdutils (  262): int qdutils::getHDMINode(): Failed to open fb node 1
06-03 17:36:57.207 E/qdutils (  262): int qdutils::getHDMINode(): Failed to open fb node 2
06-03 17:36:57.207 E/qdutils (  262): int qdutils::getHDMINode(): Failed to find HDMI node
06-03 17:36:57.212 D/VM_BMS  (  461): wake_lock acquired
06-03 17:36:57.212 D/VM_BMS  (  461): New BMS data - Size=56
06-03 17:36:57.212 D/VM_BMS  (  461): Start process_bms_data
06-03 17:36:57.213 D/VM_BMS  (  461): Battery charge_cycle=0 fcc_adjust=0 rbatt_adjust=0 cycle_changed=false
06-03 17:36:57.215 D/VM_BMS  (  461): For batt_temp=255 fcc_mah=2200
06-03 17:36:57.215 D/VM_BMS  (  461): Lookup fcc_mah=2200.000000  adjusted fcc_mah=2200.000000
06-03 17:36:57.215 D/VM_BMS  (  461): For ocv=3801664 batt_temp=255 soc=36
06-03 17:36:57.215 D/VM_BMS  (  461): fifo_count=0 acc_count=8
06-03 17:36:57.216 D/VM_BMS  (  461): INIT: ocv=3801664 last_ocv=3801664 batt_temp=255 soc=36
06-03 17:36:57.216 D/VM_BMS  (  461): For soc=36 batt_temp=255 slope=3000
06-03 17:36:57.216 D/VM_BMS  (  461): For soc=36 batt_temp=255 rbatt_sf=106
06-03 17:36:57.216 D/VM_BMS  (  461): rbatt_mohm_default=72, rbatt_mohm=76, sf=106 batt_temp=255
06-03 17:36:57.216 D/VM_BMS  (  461): Lookup rbatt=76.000000  adjusted rbatt=76.000000
06-03 17:36:57.216 D/VM_BMS  (  461): For ocv=3801664 batt_temp=255 soc=36
