D/MSimSignalClusterView( 2940): wifi: VISIBLE sig=2130838352 act=2130838343
D/MSimSignalClusterView( 2940): mobile[0]: VISIBLE sig=2130838329 type=0
D/MSimSignalClusterView( 2940): wifi: VISIBLE sig=2130838352 act=2130838343
D/MSimSignalClusterView( 2940): mobile[1]: VISIBLE sig=2130838329 type=0
D/StatusBar.MSimNetworkController( 2940): refreshSignalCluster, mMSimPhoneSignalIconId[0]=com.android.systemui:drawable/stat_sys_signal_null mMSimDataSignalIconId[0]=com.android.systemui:drawable/stat_sys_signal_null mMSimDataTypeIconId[0]=(null) mMSimMobileActivityIconId[0]=(null) mNoMSimIconId[0]=com.android.systemui:drawable/ic_qs_no_sim
D/BatteryMeterView( 2940): onDraw level = 93
I/SurfaceFlinger(  262): FPS: 6
D/BatteryMeterView( 2940): onDraw level = 100
D/BatteryMeterView( 2940): onDraw level = 13
I/SurfaceFlinger(  262): FPS: 3
D/BatteryMeterView( 2940): onDraw level = 23
D/BatteryMeterView( 2940): onDraw level = 33
I/SurfaceFlinger(  262): FPS: 4
D/BatteryMeterView( 2940): onDraw level = 43
V/WLAN_PSA(  314): NL MSG, len[4023], NL type[0x1C] WNI type[0x5900] len[40719]
V/WLAN_PSA(  314): NL MSG, PID: 314
D/wpa_supplicant(17726): wlan0: Control interface command 'SIGNAL_POLL'
D/BatteryMeterView( 2940): onDraw level = 53
I/SurfaceFlinger(  262): FPS: 4
I/PowerManagerService(  775): Going to sleep due to screen timeout (uid 1000)...
D/BatteryMeterView( 2940): onDraw level = 63
E/libnav  (  344): AbaSetOriginalBacklightLevel: bad input paramters
I/WindowManager(  775): Screen turned off...
I/DisplayManagerService(  775): Display device changed: DisplayDeviceInfo{"Built-in Screen": uniqueId="local:0", 720 x 1280, 60.0 fps, supportedRefreshRates [60.0], density 320, 160.421 x 160.157 dpi, appVsyncOff 0, presDeadline 17666667, touch INTERNAL, rotation 0, type BUILT_IN, state OFF, FLAG_DEFAULT_DISPLAY, FLAG_ROTATES_WITH_CONTENT, FLAG_SECURE, FLAG_SUPPORTS_PROTECTED_BUFFERS}
V/ActivityManager(  775): Display changed displayId=0
D/SurfaceFlinger(  262): Set power mode=0, type=0 flinger=0xb83255f8
D/qdhwcomposer(  262): hwc_setPowerMode: Setting mode 0 on display: 0
E/qdutils (  262): int qdutils::getHDMINode(): Failed to open fb node 1
E/qdutils (  262): int qdutils::getHDMINode(): Failed to open fb node 2
E/qdutils (  262): int qdutils::getHDMINode(): Failed to find HDMI node
I/WindowManager(  775): Win Window{bff5d73 u0 android}: isVisibleOrBehindKeyguardLw=true
I/WindowManager(  775): Win Window{7989c4a u0 StatusBar}: isVisibleOrBehindKeyguardLw=true
I/WindowManager(  775): Win Window{313e19d6 u0 com.interswitchng.interswitchpossdkdemo.telpo.v2.debug/com.interswitchng.smartpos.modules.main.MainActivity}: isVisibleOrBehindKeyguardLw=true
V/WindowManager(  775): Fullscreen window: Window{313e19d6 u0 com.interswitchng.interswitchpossdkdemo.telpo.v2.debug/com.interswitchng.smartpos.modules.main.MainActivity}
I/WindowManager(  775): Win Window{1ea30909 u0 com.android.phasebeam.PhaseBeamWallpaper}: isVisibleOrBehindKeyguardLw=false
I/WindowManager(  775): force=false forcefkg=false top=Window{313e19d6 u0 com.interswitchng.interswitchpossdkdemo.telpo.v2.debug/com.interswitchng.smartpos.modules.main.MainActivity}
D/WindowManager(  775): frame: Rect(0, 0 - 720, 1280) shown frame: RectF(0.0, 0.0, 720.0, 1280.0)
D/WindowManager(  775): attr: WM.LayoutParams{(0,0)(fillxfill) sim=#20 ty=1 fl=#81810100 wanim=0x1030467 vsysui=0x600 surfaceInsets=Rect(0, 0 - 0, 0) needsMenuKey=2} lp.flags=0x81810100
V/WindowManager(  775): ** SHOWING status bar: top is not fullscreen
V/WindowManager(  775): finishPostLayoutPolicyLw: mHideKeyguard=false
I/WindowManager(  775): Win Window{bff5d73 u0 android}: isVisibleOrBehindKeyguardLw=true
I/WindowManager(  775): Win Window{7989c4a u0 StatusBar}: isVisibleOrBehindKeyguardLw=true
I/WindowManager(  775): Win Window{313e19d6 u0 com.interswitchng.interswitchpossdkdemo.telpo.v2.debug/com.interswitchng.smartpos.modules.main.MainActivity}: isVisibleOrBehindKeyguardLw=true
V/WindowManager(  775): Fullscreen window: Window{313e19d6 u0 com.interswitchng.interswitchpossdkdemo.telpo.v2.debug/com.interswitchng.smartpos.modules.main.MainActivity}
I/WindowManager(  775): Win Window{1ea30909 u0 com.android.phasebeam.PhaseBeamWallpaper}: isVisibleOrBehindKeyguardLw=false
I/WindowManager(  775): force=false forcefkg=false top=Window{313e19d6 u0 com.interswitchng.interswitchpossdkdemo.telpo.v2.debug/com.interswitchng.smartpos.modules.main.MainActivity}
D/WindowManager(  775): frame: Rect(0, 0 - 720, 1280) shown frame: RectF(0.0, 0.0, 720.0, 1280.0)
D/WindowManager(  775): attr: WM.LayoutParams{(0,0)(fillxfill) sim=#20 ty=1 fl=#81810100 wanim=0x1030467 vsysui=0x600 surfaceInsets=Rect(0, 0 - 0, 0) needsMenuKey=2} lp.flags=0x81810100
V/WindowManager(  775): ** SHOWING status bar: top is not fullscreen
V/WindowManager(  775): finishPostLayoutPolicyLw: mHideKeyguard=false
I/qdhwcomposer(  262): handle_blank_event: dpy:0 panel power state: 0
E/qdutils (  262): int qdutils::getHDMINode(): Failed to open fb node 1
E/qdutils (  262): int qdutils::getHDMINode(): Failed to open fb node 2
E/qdutils (  262): int qdutils::getHDMINode(): Failed to find HDMI node
D/qdhwcomposer(  262): hwc_setPowerMode: Done setting mode 0 on display 0
E/qdutils (  262): int qdutils::getHDMINode(): Failed to open fb node 1
E/qdutils (  262): int qdutils::getHDMINode(): Failed to open fb node 2
E/qdutils (  262): int qdutils::getHDMINode(): Failed to find HDMI node
I/SurfaceFlinger(  262): FPS: 30
D/SurfaceControl(  775): Excessive delay in setPowerMode(): 373ms
I/QCOM PowerHAL(  775): Got set_interactive hint
I/WindowManager(  775): Going to sleep...
I/DreamManagerService(  775): Entering dreamland.
I/PowerManagerService(  775): Dozing...
I/DreamController(  775): Starting dream: name=ComponentInfo{com.android.systemui/com.android.systemui.doze.DozeService}, isTest=false, canDoze=true, userId=0
E/WifiStateMachine(  775): cancelDelayedScan -> 263
V/SRS_Proc(  301): ParamSet string: screen_state=off
D/audio_hw_primary(  301): adev_set_parameters: enter: screen_state=off
D/audio_hw_extn(  301): audio_extn_set_anc_parameters: anc_enabled:0
E/audio_a2dp_hw(  301): adev_set_parameters: ERROR: set param called even when stream out is null
E/native  (  775): do suspend true
D/wpa_supplicant(17726): wlan0: Control interface command 'DRIVER SETSUSPENDMODE 1'
V/WLAN_PSA(  314): NL MSG, len[048], NL type[0x11] WNI type[0x5050] len[028]
V/WLAN_PSA(  314): NL MSG, PID: 314
V/WLAN_PSA(  314): NL MSG, len[048], NL type[0x11] WNI type[0x5050] len[028]
V/WLAN_PSA(  314): NL MSG, PID: 314
V/WLAN_PSA(  314): NL MSG, len[4079], NL type[0x1C] WNI type[0x5900] len[55055]
V/WLAN_PSA(  314): NL MSG, PID: 314
V/WLAN_PSA(  314): NL MSG, len[048], NL type[0x11] WNI type[0x5050] len[028]
V/WLAN_PSA(  314): NL MSG, PID: 314
V/WLAN_PSA(  314): NL MSG, len[048], NL type[0x11] WNI type[0x5050] len[028]
V/WLAN_PSA(  314): NL MSG, PID: 314
V/WLAN_PSA(  314): NL MSG, len[048], NL type[0x11] WNI type[0x5050] len[028]
V/WLAN_PSA(  314): NL MSG, PID: 314
V/WLAN_PSA(  314): NL MSG, len[048], NL type[0x11] WNI type[0x5050] len[028]
V/WLAN_PSA(  314): NL MSG, PID: 314
D/wpa_supplicant(17726): wpa_driver_nl80211_driver_cmd SETSUSPENDMODE 1 len = 0, 4096
V/WLAN_PSA(  314): NL MSG, len[4016], NL type[0x1C] WNI type[0x5900] len[38927]
V/WLAN_PSA(  314): NL MSG, PID: 314
D/StatusBar.MSimNetworkController( 2940): getPhoneId phoneId: 1
D/StatusBar.MSimNetworkController( 2940): onDataActivity received on phoneId :1direction=0
D/StatusBar.MSimNetworkController( 2940): updateDataIcon phoneId =1
D/StatusBar.MSimNetworkController( 2940): updateDataIcon dataSub =0
D/StatusBar.MSimNetworkController( 2940): updateDataIconi: phoneId1 is not DDS.  Clear the mMSimDataConnected Flag and return
D/StatusBar.MSimNetworkController( 2940): refreshViews phoneId =1mMSimDataConnected =false
D/StatusBar.MSimNetworkController( 2940): refreshViews mMSimDataActivity =0
D/StatusBar.MSimNetworkController( 2940): refreshViews: Data not connected!! Set no data type icon / Roaming for phoneId: 1
D/StatusBar.MSimNetworkController( 2940): refreshViews connected={ wifi } level=0 mMSimcombinedSignalIconId=0x7f020350/com.android.systemui:drawable/stat_sys_wifi_signal_3_fully mMSimcombinedActivityIconId=0x7f020347 mAirplaneMode=false mMSimDataActivity=0 mMSimPhoneSignalIconId=0x7f020339/com.android.systemui:drawable/stat_sys_signal_null mMSimDataDirectionIconId=0x0 mMSimDataSignalIconId=0x7f020339 mMSimDataTypeIconId=0x0/(null) mNoMSimIconId=0x7f02009a/com.android.systemui:drawable/ic_qs_no_sim mMSimMobileActivityIconId=0x0/(null) mWifiIconId=0x7f020350 mBluetoothTetherIconId=0x10806a2
D/StatusBar.MSimNetworkController( 2940): getPhoneId phoneId: 0
D/StatusBar.MSimNetworkController( 2940): onDataActivity received on phoneId :0direction=0
D/StatusBar.MSimNetworkController( 2940): updateDataIcon phoneId =0
D/StatusBar.MSimNetworkController( 2940): updateDataIcon dataSub =0
D/StatusBar.MSimNetworkController( 2940): updateDataIcon  when SimState =ABSENT
D/StatusBar.MSimNetworkController( 2940): updateDataIcon when mMSimDataConnected[0] =false mMSimMobileActivityIconId[0] = 0
D/StatusBar.MSimNetworkController( 2940): refreshViews phoneId =0mMSimDataConnected =false
D/StatusBar.MSimNetworkController( 2940): refreshViews mMSimDataActivity =0
D/StatusBar.MSimNetworkController( 2940): refreshViews: Data not connected!! Set no data type icon / Roaming for phoneId: 0
D/StatusBar.MSimNetworkController( 2940): refreshViews connected={ wifi } level=3 mMSimcombinedSignalIconId=0x7f020350/com.android.systemui:drawable/stat_sys_wifi_signal_3_fully mMSimcombinedActivityIconId=0x7f020347 mAirplaneMode=false mMSimDataActivity=0 mMSimPhoneSignalIconId=0x7f020339/com.android.systemui:drawable/stat_sys_signal_null mMSimDataDirectionIconId=0x0 mMSimDataSignalIconId=0x7f020339 mMSimDataTypeIconId=0x0/(null) mNoMSimIconId=0x7f02009a/com.android.systemui:drawable/ic_qs_no_sim mMSimMobileActivityIconId=0x0/(null) mWifiIconId=0x7f020350 mBluetoothTetherIconId=0x10806a2
D/StatusBar.MSimNetworkController( 2940): getPhoneId phoneId: 0
D/StatusBar.MSimNetworkController( 2940): onDataActivity received on phoneId :0direction=0
D/StatusBar.MSimNetworkController( 2940): updateDataIcon phoneId =0
D/StatusBar.MSimNetworkController( 2940): updateDataIcon dataSub =0
D/StatusBar.MSimNetworkController( 2940): updateDataIcon  when SimState =ABSENT
D/StatusBar.MSimNetworkController( 2940): updateDataIcon when mMSimDataConnected[0] =false mMSimMobileActivityIconId[0] = 0
D/StatusBar.MSimNetworkController( 2940): refreshViews phoneId =0mMSimDataConnected =false
D/StatusBar.MSimNetworkController( 2940): refreshViews mMSimDataActivity =0
D/StatusBar.MSimNetworkController( 2940): refreshViews: Data not connected!! Set no data type icon / Roaming for phoneId: 0
D/StatusBar.MSimNetworkController( 2940): refreshViews connected={ wifi } level=3 mMSimcombinedSignalIconId=0x7f020350/com.android.systemui:drawable/stat_sys_wifi_signal_3_fully mMSimcombinedActivityIconId=0x7f020347 mAirplaneMode=false mMSimDataActivity=0 mMSimPhoneSignalIconId=0x7f020339/com.android.systemui:drawable/stat_sys_signal_null mMSimDataDirectionIconId=0x0 mMSimDataSignalIconId=0x7f020339 mMSimDataTypeIconId=0x0/(null) mNoMSimIconId=0x7f02009a/com.android.systemui:drawable/ic_qs_no_sim mMSimMobileActivityIconId=0x0/(null) mWifiIconId=0x7f020350 mBluetoothTetherIconId=0x10806a2
D/StatusBar.MSimNetworkController( 2940): getPhoneId phoneId: 1
D/StatusBar.MSimNetworkController( 2940): onDataActivity received on phoneId :1direction=0
D/StatusBar.MSimNetworkController( 2940): updateDataIcon phoneId =1
D/StatusBar.MSimNetworkController( 2940): updateDataIcon dataSub =0
D/StatusBar.MSimNetworkController( 2940): updateDataIconi: phoneId1 is not DDS.  Clear the mMSimDataConnected Flag and return
D/StatusBar.MSimNetworkController( 2940): refreshViews phoneId =1mMSimDataConnected =false
D/StatusBar.MSimNetworkController( 2940): refreshViews mMSimDataActivity =0
D/StatusBar.MSimNetworkController( 2940): refreshViews: Data not connected!! Set no data type icon / Roaming for phoneId: 1
D/StatusBar.MSimNetworkController( 2940): refreshViews connected={ wifi } level=0 mMSimcombinedSignalIconId=0x7f020350/com.android.systemui:drawable/stat_sys_wifi_signal_3_fully mMSimcombinedActivityIconId=0x7f020347 mAirplaneMode=false mMSimDataActivity=0 mMSimPhoneSignalIconId=0x7f020339/com.android.systemui:drawable/stat_sys_signal_null mMSimDataDirectionIconId=0x0 mMSimDataSignalIconId=0x7f020339 mMSimDataTypeIconId=0x0/(null) mNoMSimIconId=0x7f02009a/com.android.systemui:drawable/ic_qs_no_sim mMSimMobileActivityIconId=0x0/(null) mWifiIconId=0x7f020350 mBluetoothTetherIconId=0x10806a2
D/StatusBar.MSimNetworkController( 2940): getPhoneId phoneId: 0
D/StatusBar.MSimNetworkController( 2940): onDataActivity received on phoneId :0direction=0
D/StatusBar.MSimNetworkController( 2940): updateDataIcon phoneId =0
D/StatusBar.MSimNetworkController( 2940): updateDataIcon dataSub =0
D/StatusBar.MSimNetworkController( 2940): updateDataIcon  when SimState =ABSENT
D/StatusBar.MSimNetworkController( 2940): updateDataIcon when mMSimDataConnected[0] =false mMSimMobileActivityIconId[0] = 0
D/StatusBar.MSimNetworkController( 2940): refreshViews phoneId =0mMSimDataConnected =false
D/StatusBar.MSimNetworkController( 2940): refreshViews mMSimDataActivity =0
D/StatusBar.MSimNetworkController( 2940): refreshViews: Data not connected!! Set no data type icon / Roaming for phoneId: 0
D/StatusBar.MSimNetworkController( 2940): refreshViews connected={ wifi } level=3 mMSimcombinedSignalIconId=0x7f020350/com.android.systemui:drawable/stat_sys_wifi_signal_3_fully mMSimcombinedActivityIconId=0x7f020347 mAirplaneMode=false mMSimDataActivity=0 mMSimPhoneSignalIconId=0x7f020339/com.android.systemui:drawable/stat_sys_signal_null mMSimDataDirectionIconId=0x0 mMSimDataSignalIconId=0x7f020339 mMSimDataTypeIconId=0x0/(null) mNoMSimIconId=0x7f02009a/com.android.systemui:drawable/ic_qs_no_sim mMSimMobileActivityIconId=0x0/(null) mWifiIconId=0x7f020350 mBluetoothTetherIconId=0x10806a2
D/StatusBar.MSimNetworkController( 2940): getPhoneId phoneId: 1
D/StatusBar.MSimNetworkController( 2940): onDataActivity received on phoneId :1direction=0
D/StatusBar.MSimNetworkController( 2940): updateDataIcon phoneId =1
D/StatusBar.MSimNetworkController( 2940): updateDataIcon dataSub =0
D/StatusBar.MSimNetworkController( 2940): updateDataIconi: phoneId1 is not DDS.  Clear the mMSimDataConnected Flag and return
D/StatusBar.MSimNetworkController( 2940): refreshViews phoneId =1mMSimDataConnected =false
D/StatusBar.MSimNetworkController( 2940): refreshViews mMSimDataActivity =0
D/StatusBar.MSimNetworkController( 2940): refreshViews: Data not connected!! Set no data type icon / Roaming for phoneId: 1
D/StatusBar.MSimNetworkController( 2940): refreshViews connected={ wifi } level=0 mMSimcombinedSignalIconId=0x7f020350/com.android.systemui:drawable/stat_sys_wifi_signal_3_fully mMSimcombinedActivityIconId=0x7f020347 mAirplaneMode=false mMSimDataActivity=0 mMSimPhoneSignalIconId=0x7f020339/com.android.systemui:drawable/stat_sys_signal_null mMSimDataDirectionIconId=0x0 mMSimDataSignalIconId=0x7f020339 mMSimDataTypeIconId=0x0/(null) mNoMSimIconId=0x7f02009a/com.android.systemui:drawable/ic_qs_no_sim mMSimMobileActivityIconId=0x0/(null) mWifiIconId=0x7f020350 mBluetoothTetherIconId=0x10806a2
D/StatusBar.MSimNetworkController( 2940): getPhoneId phoneId: 0
D/StatusBar.MSimNetworkController( 2940): onDataActivity received on phoneId :0direction=0
D/StatusBar.MSimNetworkController( 2940): updateDataIcon phoneId =0
D/StatusBar.MSimNetworkController( 2940): updateDataIcon dataSub =0
D/StatusBar.MSimNetworkController( 2940): updateDataIcon  when SimState =ABSENT
D/StatusBar.MSimNetworkController( 2940): updateDataIcon when mMSimDataConnected[0] =false mMSimMobileActivityIconId[0] = 0
D/StatusBar.MSimNetworkController( 2940): refreshViews phoneId =0mMSimDataConnected =false
D/StatusBar.MSimNetworkController( 2940): refreshViews mMSimDataActivity =0
D/StatusBar.MSimNetworkController( 2940): refreshViews: Data not connected!! Set no data type icon / Roaming for phoneId: 0
D/StatusBar.MSimNetworkController( 2940): refreshViews connected={ wifi } level=3 mMSimcombinedSignalIconId=0x7f020350/com.android.systemui:drawable/stat_sys_wifi_signal_3_fully mMSimcombinedActivityIconId=0x7f020347 mAirplaneMode=false mMSimDataActivity=0 mMSimPhoneSignalIconId=0x7f020339/com.android.systemui:drawable/stat_sys_signal_null mMSimDataDirectionIconId=0x0 mMSimDataSignalIconId=0x7f020339 mMSimDataTypeIconId=0x0/(null) mNoMSimIconId=0x7f02009a/com.android.systemui:drawable/ic_qs_no_sim mMSimMobileActivityIconId=0x0/(null) mWifiIconId=0x7f020350 mBluetoothTetherIconId=0x10806a2
D/StatusBar.MSimNetworkController( 2940): getPhoneId phoneId: 1
D/StatusBar.MSimNetworkController( 2940): onDataActivity received on phoneId :1direction=0
D/StatusBar.MSimNetworkController( 2940): updateDataIcon phoneId =1
D/StatusBar.MSimNetworkController( 2940): updateDataIcon dataSub =0
D/StatusBar.MSimNetworkController( 2940): updateDataIconi: phoneId1 is not DDS.  Clear the mMSimDataConnected Flag and return
D/StatusBar.MSimNetworkController( 2940): refreshViews phoneId =1mMSimDataConnected =false
D/StatusBar.MSimNetworkController( 2940): refreshViews mMSimDataActivity =0
D/StatusBar.MSimNetworkController( 2940): refreshViews: Data not connected!! Set no data type icon / Roaming for phoneId: 1
D/StatusBar.MSimNetworkController( 2940): refreshViews connected={ wifi } level=0 mMSimcombinedSignalIconId=0x7f020350/com.android.systemui:drawable/stat_sys_wifi_signal_3_fully mMSimcombinedActivityIconId=0x7f020347 mAirplaneMode=false mMSimDataActivity=0 mMSimPhoneSignalIconId=0x7f020339/com.android.systemui:drawable/stat_sys_signal_null mMSimDataDirectionIconId=0x0 mMSimDataSignalIconId=0x7f020339 mMSimDataTypeIconId=0x0/(null) mNoMSimIconId=0x7f02009a/com.android.systemui:drawable/ic_qs_no_sim mMSimMobileActivityIconId=0x0/(null) mWifiIconId=0x7f020350 mBluetoothTetherIconId=0x10806a2
D/StatusBar.MSimNetworkController( 2940): getPhoneId phoneId: 0
D/StatusBar.MSimNetworkController( 2940): onDataActivity received on phoneId :0direction=0
D/StatusBar.MSimNetworkController( 2940): updateDataIcon phoneId =0
D/StatusBar.MSimNetworkController( 2940): updateDataIcon dataSub =0
D/StatusBar.MSimNetworkController( 2940): updateDataIcon  when SimState =ABSENT
D/StatusBar.MSimNetworkController( 2940): updateDataIcon when mMSimDataConnected[0] =false mMSimMobileActivityIconId[0] = 0
D/StatusBar.MSimNetworkController( 2940): refreshViews phoneId =0mMSimDataConnected =false
D/StatusBar.MSimNetworkController( 2940): refreshViews mMSimDataActivity =0
D/StatusBar.MSimNetworkController( 2940): refreshViews: Data not connected!! Set no data type icon / Roaming for phoneId: 0
D/StatusBar.MSimNetworkController( 2940): refreshViews connected={ wifi } level=3 mMSimcombinedSignalIconId=0x7f020350/com.android.systemui:drawable/stat_sys_wifi_signal_3_fully mMSimcombinedActivityIconId=0x7f020347 mAirplaneMode=false mMSimDataActivity=0 mMSimPhoneSignalIconId=0x7f020339/com.android.systemui:drawable/stat_sys_signal_null mMSimDataDirectionIconId=0x0 mMSimDataSignalIconId=0x7f020339 mMSimDataTypeIconId=0x0/(null) mNoMSimIconId=0x7f02009a/com.android.systemui:drawable/ic_qs_no_sim mMSimMobileActivityIconId=0x0/(null) mWifiIconId=0x7f020350 mBluetoothTetherIconId=0x10806a2
D/StatusBar.MSimNetworkController( 2940): getPhoneId phoneId: 1
D/StatusBar.MSimNetworkController( 2940): onDataActivity received on phoneId :1direction=0
D/StatusBar.MSimNetworkController( 2940): updateDataIcon phoneId =1
D/StatusBar.MSimNetworkController( 2940): updateDataIcon dataSub =0
D/StatusBar.MSimNetworkController( 2940): updateDataIconi: phoneId1 is not DDS.  Clear the mMSimDataConnected Flag and return
D/StatusBar.MSimNetworkController( 2940): refreshViews phoneId =1mMSimDataConnected =false
D/StatusBar.MSimNetworkController( 2940): refreshViews mMSimDataActivity =0
D/StatusBar.MSimNetworkController( 2940): refreshViews: Data not connected!! Set no data type icon / Roaming for phoneId: 1
D/StatusBar.MSimNetworkController( 2940): refreshViews connected={ wifi } level=0 mMSimcombinedSignalIconId=0x7f020350/com.android.systemui:drawable/stat_sys_wifi_signal_3_fully mMSimcombinedActivityIconId=0x7f020347 mAirplaneMode=false mMSimDataActivity=0 mMSimPhoneSignalIconId=0x7f020339/com.android.systemui:drawable/stat_sys_signal_null mMSimDataDirectionIconId=0x0 mMSimDataSignalIconId=0x7f020339 mMSimDataTypeIconId=0x0/(null) mNoMSimIconId=0x7f02009a/com.android.systemui:drawable/ic_qs_no_sim mMSimMobileActivityIconId=0x0/(null) mWifiIconId=0x7f020350 mBluetoothTetherIconId=0x10806a2
D/StatusBar.MSimNetworkController( 2940): getPhoneId phoneId: 0
D/StatusBar.MSimNetworkController( 2940): onDataActivity received on phoneId :0direction=0
D/StatusBar.MSimNetworkController( 2940): updateDataIcon phoneId =0
D/StatusBar.MSimNetworkController( 2940): updateDataIcon dataSub =0
D/StatusBar.MSimNetworkController( 2940): updateDataIcon  when SimState =ABSENT
D/StatusBar.MSimNetworkController( 2940): updateDataIcon when mMSimDataConnected[0] =false mMSimMobileActivityIconId[0] = 0
D/StatusBar.MSimNetworkController( 2940): refreshViews phoneId =0mMSimDataConnected =false
D/StatusBar.MSimNetworkController( 2940): refreshViews mMSimDataActivity =0
D/StatusBar.MSimNetworkController( 2940): refreshViews: Data not connected!! Set no data type icon / Roaming for phoneId: 0
D/StatusBar.MSimNetworkController( 2940): refreshViews connected={ wifi } level=3 mMSimcombinedSignalIconId=0x7f020350/com.android.systemui:drawable/stat_sys_wifi_signal_3_fully mMSimcombinedActivityIconId=0x7f020347 mAirplaneMode=false mMSimDataActivity=0 mMSimPhoneSignalIconId=0x7f020339/com.android.systemui:drawable/stat_sys_signal_null mMSimDataDirectionIconId=0x0 mMSimDataSignalIconId=0x7f020339 mMSimDataTypeIconId=0x0/(null) mNoMSimIconId=0x7f02009a/com.android.systemui:drawable/ic_qs_no_sim mMSimMobileActivityIconId=0x0/(null) mWifiIconId=0x7f020350 mBluetoothTetherIconId=0x10806a2
D/StatusBar.MSimNetworkController( 2940): getPhoneId phoneId: 1
D/StatusBar.MSimNetworkController( 2940): onDataActivity received on phoneId :1direction=0
D/StatusBar.MSimNetworkController( 2940): updateDataIcon phoneId =1
D/StatusBar.MSimNetworkController( 2940): updateDataIcon dataSub =0
D/StatusBar.MSimNetworkController( 2940): updateDataIconi: phoneId1 is not DDS.  Clear the mMSimDataConnected Flag and return
D/StatusBar.MSimNetworkController( 2940): refreshViews phoneId =1mMSimDataConnected =false
D/StatusBar.MSimNetworkController( 2940): refreshViews mMSimDataActivity =0
D/StatusBar.MSimNetworkController( 2940): refreshViews: Data not connected!! Set no data type icon / Roaming for phoneId: 1
D/StatusBar.MSimNetworkController( 2940): refreshViews connected={ wifi } level=0 mMSimcombinedSignalIconId=0x7f020350/com.android.systemui:drawable/stat_sys_wifi_signal_3_fully mMSimcombinedActivityIconId=0x7f020347 mAirplaneMode=false mMSimDataActivity=0 mMSimPhoneSignalIconId=0x7f020339/com.android.systemui:drawable/stat_sys_signal_null mMSimDataDirectionIconId=0x0 mMSimDataSignalIconId=0x7f020339 mMSimDataTypeIconId=0x0/(null) mNoMSimIconId=0x7f02009a/com.android.systemui:drawable/ic_qs_no_sim mMSimMobileActivityIconId=0x0/(null) mWifiIconId=0x7f020350 mBluetoothTetherIconId=0x10806a2
D/StatusBar.MSimNetworkController( 2940): getPhoneId phoneId: 0
D/StatusBar.MSimNetworkController( 2940): onDataActivity received on phoneId :0direction=0
D/StatusBar.MSimNetworkController( 2940): updateDataIcon phoneId =0
D/StatusBar.MSimNetworkController( 2940): updateDataIcon dataSub =0
D/StatusBar.MSimNetworkController( 2940): updateDataIcon  when SimState =ABSENT
D/StatusBar.MSimNetworkController( 2940): updateDataIcon when mMSimDataConnected[0] =false mMSimMobileActivityIconId[0] = 0
D/StatusBar.MSimNetworkController( 2940): refreshViews phoneId =0mMSimDataConnected =false
D/StatusBar.MSimNetworkController( 2940): refreshViews mMSimDataActivity =0
D/StatusBar.MSimNetworkController( 2940): refreshViews: Data not connected!! Set no data type icon / Roaming for phoneId: 0
D/StatusBar.MSimNetworkController( 2940): refreshViews connected={ wifi } level=3 mMSimcombinedSignalIconId=0x7f020350/com.android.systemui:drawable/stat_sys_wifi_signal_3_fully mMSimcombinedActivityIconId=0x7f020347 mAirplaneMode=false mMSimDataActivity=0 mMSimPhoneSignalIconId=0x7f020339/com.android.systemui:drawable/stat_sys_signal_null mMSimDataDirectionIconId=0x0 mMSimDataSignalIconId=0x7f020339 mMSimDataTypeIconId=0x0/(null) mNoMSimIconId=0x7f02009a/com.android.systemui:drawable/ic_qs_no_sim mMSimMobileActivityIconId=0x0/(null) mWifiIconId=0x7f020350 mBluetoothTetherIconId=0x10806a2
D/StatusBar.MSimNetworkController( 2940): getPhoneId phoneId: 1
D/StatusBar.MSimNetworkController( 2940): onDataActivity received on phoneId :1direction=0
D/StatusBar.MSimNetworkController( 2940): updateDataIcon phoneId =1
D/StatusBar.MSimNetworkController( 2940): updateDataIcon dataSub =0
D/StatusBar.MSimNetworkController( 2940): updateDataIconi: phoneId1 is not DDS.  Clear the mMSimDataConnected Flag and return
D/StatusBar.MSimNetworkController( 2940): refreshViews phoneId =1mMSimDataConnected =false
D/StatusBar.MSimNetworkController( 2940): refreshViews mMSimDataActivity =0
D/StatusBar.MSimNetworkController( 2940): refreshViews: Data not connected!! Set no data type icon / Roaming for phoneId: 1
D/StatusBar.MSimNetworkController( 2940): refreshViews connected={ wifi } level=0 mMSimcombinedSignalIconId=0x7f020350/com.android.systemui:drawable/stat_sys_wifi_signal_3_fully mMSimcombinedActivityIconId=0x7f020347 mAirplaneMode=false mMSimDataActivity=0 mMSimPhoneSignalIconId=0x7f020339/com.android.systemui:drawable/stat_sys_signal_null mMSimDataDirectionIconId=0x0 mMSimDataSignalIconId=0x7f020339 mMSimDataTypeIconId=0x0/(null) mNoMSimIconId=0x7f02009a/com.android.systemui:drawable/ic_qs_no_sim mMSimMobileActivityIconId=0x0/(null) mWifiIconId=0x7f020350 mBluetoothTetherIconId=0x10806a2
D/StatusBar.MSimNetworkController( 2940): getPhoneId phoneId: 0
D/StatusBar.MSimNetworkController( 2940): onDataActivity received on phoneId :0direction=0
D/StatusBar.MSimNetworkController( 2940): updateDataIcon phoneId =0
D/StatusBar.MSimNetworkController( 2940): updateDataIcon dataSub =0
D/StatusBar.MSimNetworkController( 2940): updateDataIcon  when SimState =ABSENT
D/StatusBar.MSimNetworkController( 2940): updateDataIcon when mMSimDataConnected[0] =false mMSimMobileActivityIconId[0] = 0
D/StatusBar.MSimNetworkController( 2940): refreshViews phoneId =0mMSimDataConnected =false
D/StatusBar.MSimNetworkController( 2940): refreshViews mMSimDataActivity =0
D/StatusBar.MSimNetworkController( 2940): refreshViews: Data not connected!! Set no data type icon / Roaming for phoneId: 0
D/StatusBar.MSimNetworkController( 2940): refreshViews connected={ wifi } level=3 mMSimcombinedSignalIconId=0x7f020350/com.android.systemui:drawable/stat_sys_wifi_signal_3_fully mMSimcombinedActivityIconId=0x7f020347 mAirplaneMode=false mMSimDataActivity=0 mMSimPhoneSignalIconId=0x7f020339/com.android.systemui:drawable/stat_sys_signal_null mMSimDataDirectionIconId=0x0 mMSimDataSignalIconId=0x7f020339 mMSimDataTypeIconId=0x0/(null) mNoMSimIconId=0x7f02009a/com.android.systemui:drawable/ic_qs_no_sim mMSimMobileActivityIconId=0x0/(null) mWifiIconId=0x7f020350 mBluetoothTetherIconId=0x10806a2
D/StatusBar.MSimNetworkController( 2940): getPhoneId phoneId: 1
D/StatusBar.MSimNetworkController( 2940): onDataActivity received on phoneId :1direction=0
D/StatusBar.MSimNetworkController( 2940): updateDataIcon phoneId =1
D/StatusBar.MSimNetworkController( 2940): updateDataIcon dataSub =0
D/StatusBar.MSimNetworkController( 2940): updateDataIconi: phoneId1 is not DDS.  Clear the mMSimDataConnected Flag and return
D/StatusBar.MSimNetworkController( 2940): refreshViews phoneId =1mMSimDataConnected =false
D/StatusBar.MSimNetworkController( 2940): refreshViews mMSimDataActivity =0
D/StatusBar.MSimNetworkController( 2940): refreshViews: Data not connected!! Set no data type icon / Roaming for phoneId: 1
D/StatusBar.MSimNetworkController( 2940): refreshViews connected={ wifi } level=0 mMSimcombinedSignalIconId=0x7f020350/com.android.systemui:drawable/stat_sys_wifi_signal_3_fully mMSimcombinedActivityIconId=0x7f020347 mAirplaneMode=false mMSimDataActivity=0 mMSimPhoneSignalIconId=0x7f020339/com.android.systemui:drawable/stat_sys_signal_null mMSimDataDirectionIconId=0x0 mMSimDataSignalIconId=0x7f020339 mMSimDataTypeIconId=0x0/(null) mNoMSimIconId=0x7f02009a/com.android.systemui:drawable/ic_qs_no_sim mMSimMobileActivityIconId=0x0/(null) mWifiIconId=0x7f020350 mBluetoothTetherIconId=0x10806a2
V/WLAN_PSA(  314): NL MSG, len[4038], NL type[0x1C] WNI type[0x5900] len[44559]
V/WLAN_PSA(  314): NL MSG, PID: 314
D/PhoneStatusBar( 2940): disable: < expand ICONS* alerts SYSTEM_INFO* back home recent clock search >
D/BluetoothAdapter( 2940): 409945778: getState() :  mService = null. Returning STATE_OFF
D/BluetoothAdapter( 2940): 409945778: getState() :  mService = null. Returning STATE_OFF
D/BluetoothAdapter( 2940): 409945778: getState() :  mService = null. Returning STATE_OFF
D/BluetoothAdapter( 2940): 409945778: getState() :  mService = null. Returning STATE_OFF
W/Settings( 2940): Setting airplane_mode_on has moved from android.provider.Settings.System to android.provider.Settings.Global, returning read-only value.
I/WindowManager(  775): mDock rect: (0,0 - 720,1280)
V/WindowManager(  775): Status bar: dock=[0,50][720,1280] content=[0,50][720,1280] cur=[0,50][720,1280]
V/WindowManager(  775): layoutWindowLw(): normal window
V/WindowManager(  775): Compute frame : sim=#20 attach=null type=2015 flags=0x01000018 pf=[0,50][720,1280] df=[0,50][720,1280] of=[0,50][720,1280] cf=[0,50][720,1280] vf=[0,50][720,1280] dcf=[0,0][720,1280] sf=[0,50][720,1280]
V/WindowManager(  775): Compute frame StatusBar: sim=#10 attach=null type=2000 flags=0x81960040 pf=[0,0][720,1280] df=[0,0][720,1280] of=[0,0][720,1280] cf=[0,50][720,1280] vf=[0,50][720,1280] dcf=[0,0][0,0] sf=[0,50][720,1280]
V/WindowManager(  775): layoutWindowLw(com.android.phasebeam.PhaseBeamWallpaper): IN_SCREEN
V/WindowManager(  775): Compute frame com.android.phasebeam.PhaseBeamWallpaper: sim=#0 attach=null type=2013 flags=0x00000308 pf=[0,0][720,1280] df=[-10000,-10000][10000,10000] of=[0,0][720,1280] cf=[0,0][720,1280] vf=[0,50][720,1280] dcf=[0,0][720,1280] sf=[0,50][720,1280]
V/WindowManager(  775): layoutWindowLw(com.interswitchng.interswitchpossdkdemo.telpo.v2.debug/com.interswitchng.smartpos.modules.main.MainActivity): IN_SCREEN, INSET_DECOR
V/WindowManager(  775): Compute frame com.interswitchng.interswitchpossdkdemo.telpo.v2.debug/com.interswitchng.smartpos.modules.main.MainActivity: sim=#20 attach=null type=1 flags=0x81810100 pf=[0,0][720,1280] df=[0,0][720,1280] of=[0,0][720,1280] cf=[0,50][720,1280] vf=[0,50][720,1280] dcf=[0,0][720,1280] sf=[0,50][720,1280]
I/WindowManager(  775): Win Window{bff5d73 u0 android}: isVisibleOrBehindKeyguardLw=true
I/WindowManager(  775): Win Window{7989c4a u0 StatusBar}: isVisibleOrBehindKeyguardLw=true
I/WindowManager(  775): Win Window{1ea30909 u0 com.android.phasebeam.PhaseBeamWallpaper}: isVisibleOrBehindKeyguardLw=true
I/WindowManager(  775): Win Window{313e19d6 u0 com.interswitchng.interswitchpossdkdemo.telpo.v2.debug/com.interswitchng.smartpos.modules.main.MainActivity}: isVisibleOrBehindKeyguardLw=true
V/WindowManager(  775): Fullscreen window: Window{313e19d6 u0 com.interswitchng.interswitchpossdkdemo.telpo.v2.debug/com.interswitchng.smartpos.modules.main.MainActivity}
I/WindowManager(  775): force=false forcefkg=true top=Window{313e19d6 u0 com.interswitchng.interswitchpossdkdemo.telpo.v2.debug/com.interswitchng.smartpos.modules.main.MainActivity}
V/WindowManager(  775): Showing status bar: forced
V/WindowManager(  775): finishPostLayoutPolicyLw: mHideKeyguard=false
E/qdutils (  262): int qdutils::getHDMINode(): Failed to open fb node 1
E/qdutils (  262): int qdutils::getHDMINode(): Failed to open fb node 2
E/qdutils (  262): int qdutils::getHDMINode(): Failed to find HDMI node
I/SurfaceFlinger(  262): FPS: 1
I/WindowManager(  775): mDock rect: (0,0 - 720,1280)
V/WindowManager(  775): Status bar: dock=[0,50][720,1280] content=[0,50][720,1280] cur=[0,50][720,1280]
V/WindowManager(  775): layoutWindowLw(): normal window
V/WindowManager(  775): Compute frame : sim=#20 attach=null type=2015 flags=0x01000018 pf=[0,50][720,1280] df=[0,50][720,1280] of=[0,50][720,1280] cf=[0,50][720,1280] vf=[0,50][720,1280] dcf=[0,0][720,1280] sf=[0,50][720,1280]
V/WindowManager(  775): Compute frame StatusBar: sim=#10 attach=null type=2000 flags=0x81960040 pf=[0,0][720,1280] df=[0,0][720,1280] of=[0,0][720,1280] cf=[0,50][720,1280] vf=[0,50][720,1280] dcf=[0,0][0,0] sf=[0,50][720,1280]
V/WindowManager(  775): layoutWindowLw(com.android.phasebeam.PhaseBeamWallpaper): IN_SCREEN
V/WindowManager(  775): Compute frame com.android.phasebeam.PhaseBeamWallpaper: sim=#0 attach=null type=2013 flags=0x00000308 pf=[0,0][720,1280] df=[-10000,-10000][10000,10000] of=[0,0][720,1280] cf=[0,0][720,1280] vf=[0,50][720,1280] dcf=[0,0][720,1280] sf=[0,50][720,1280]
V/WindowManager(  775): layoutWindowLw(com.interswitchng.interswitchpossdkdemo.telpo.v2.debug/com.interswitchng.smartpos.modules.main.MainActivity): IN_SCREEN, INSET_DECOR
V/WindowManager(  775): Compute frame com.interswitchng.interswitchpossdkdemo.telpo.v2.debug/com.interswitchng.smartpos.modules.main.MainActivity: sim=#20 attach=null type=1 flags=0x81810100 pf=[0,0][720,1280] df=[0,0][720,1280] of=[0,0][720,1280] cf=[0,50][720,1280] vf=[0,50][720,1280] dcf=[0,0][720,1280] sf=[0,50][720,1280]
I/WindowManager(  775): Win Window{bff5d73 u0 android}: isVisibleOrBehindKeyguardLw=true
I/WindowManager(  775): Win Window{7989c4a u0 StatusBar}: isVisibleOrBehindKeyguardLw=true
I/WindowManager(  775): Win Window{1ea30909 u0 com.android.phasebeam.PhaseBeamWallpaper}: isVisibleOrBehindKeyguardLw=true
I/WindowManager(  775): Win Window{313e19d6 u0 com.interswitchng.interswitchpossdkdemo.telpo.v2.debug/com.interswitchng.smartpos.modules.main.MainActivity}: isVisibleOrBehindKeyguardLw=true
V/WindowManager(  775): Fullscreen window: Window{313e19d6 u0 com.interswitchng.interswitchpossdkdemo.telpo.v2.debug/com.interswitchng.smartpos.modules.main.MainActivity}
I/WindowManager(  775): force=false forcefkg=true top=Window{313e19d6 u0 com.interswitchng.interswitchpossdkdemo.telpo.v2.debug/com.interswitchng.smartpos.modules.main.MainActivity}
V/WindowManager(  775): Showing status bar: forced
V/WindowManager(  775): finishPostLayoutPolicyLw: mHideKeyguard=false
I/WindowManager(  775): Win Window{bff5d73 u0 android}: isVisibleOrBehindKeyguardLw=true
I/WindowManager(  775): Win Window{7989c4a u0 StatusBar}: isVisibleOrBehindKeyguardLw=true
I/WindowManager(  775): Win Window{1ea30909 u0 com.android.phasebeam.PhaseBeamWallpaper}: isVisibleOrBehindKeyguardLw=true
I/WindowManager(  775): Win Window{313e19d6 u0 com.interswitchng.interswitchpossdkdemo.telpo.v2.debug/com.interswitchng.smartpos.modules.main.MainActivity}: isVisibleOrBehindKeyguardLw=true
V/WindowManager(  775): Fullscreen window: Window{313e19d6 u0 com.interswitchng.interswitchpossdkdemo.telpo.v2.debug/com.interswitchng.smartpos.modules.main.MainActivity}
I/WindowManager(  775): force=false forcefkg=true top=Window{313e19d6 u0 com.interswitchng.interswitchpossdkdemo.telpo.v2.debug/com.interswitchng.smartpos.modules.main.MainActivity}
V/WindowManager(  775): Showing status bar: forced
V/WindowManager(  775): finishPostLayoutPolicyLw: mHideKeyguard=false
E/qdutils (  262): int qdutils::getHDMINode(): Failed to open fb node 1
E/qdutils (  262): int qdutils::getHDMINode(): Failed to open fb node 2
E/qdutils (  262): int qdutils::getHDMINode(): Failed to find HDMI node
D/PhoneStatusBar( 2940): disable: < expand ICONS alerts SYSTEM_INFO back HOME* RECENT* clock SEARCH* >
I/WindowManager(  775): mDock rect: (0,0 - 720,1280)
V/WindowManager(  775): Status bar: dock=[0,50][720,1280] content=[0,50][720,1280] cur=[0,50][720,1280]
V/WindowManager(  775): layoutWindowLw(): normal window
V/WindowManager(  775): Compute frame : sim=#20 attach=null type=2015 flags=0x01000018 pf=[0,50][720,1280] df=[0,50][720,1280] of=[0,50][720,1280] cf=[0,50][720,1280] vf=[0,50][720,1280] dcf=[0,0][720,1280] sf=[0,50][720,1280]
V/WindowManager(  775): Compute frame StatusBar: sim=#10 attach=null type=2000 flags=0x81960040 pf=[0,0][720,1280] df=[0,0][720,1280] of=[0,0][720,1280] cf=[0,50][720,1280] vf=[0,50][720,1280] dcf=[0,0][0,0] sf=[0,50][720,1280]
V/WindowManager(  775): layoutWindowLw(com.android.phasebeam.PhaseBeamWallpaper): IN_SCREEN
V/WindowManager(  775): Compute frame com.android.phasebeam.PhaseBeamWallpaper: sim=#0 attach=null type=2013 flags=0x00000308 pf=[0,0][720,1280] df=[-10000,-10000][10000,10000] of=[0,0][720,1280] cf=[0,0][720,1280] vf=[0,50][720,1280] dcf=[0,0][720,1280] sf=[0,50][720,1280]
V/WindowManager(  775): layoutWindowLw(com.interswitchng.interswitchpossdkdemo.telpo.v2.debug/com.interswitchng.smartpos.modules.main.MainActivity): IN_SCREEN, INSET_DECOR
V/WindowManager(  775): Compute frame com.interswitchng.interswitchpossdkdemo.telpo.v2.debug/com.interswitchng.smartpos.modules.main.MainActivity: sim=#20 attach=null type=1 flags=0x81810100 pf=[0,0][720,1280] df=[0,0][720,1280] of=[0,0][720,1280] cf=[0,50][720,1280] vf=[0,50][720,1280] dcf=[0,0][720,1280] sf=[0,50][720,1280]
I/WindowManager(  775): Win Window{bff5d73 u0 android}: isVisibleOrBehindKeyguardLw=true
I/WindowManager(  775): Win Window{7989c4a u0 StatusBar}: isVisibleOrBehindKeyguardLw=true
I/WindowManager(  775): Win Window{1ea30909 u0 com.android.phasebeam.PhaseBeamWallpaper}: isVisibleOrBehindKeyguardLw=true
I/WindowManager(  775): Win Window{313e19d6 u0 com.interswitchng.interswitchpossdkdemo.telpo.v2.debug/com.interswitchng.smartpos.modules.main.MainActivity}: isVisibleOrBehindKeyguardLw=true
V/WindowManager(  775): Fullscreen window: Window{313e19d6 u0 com.interswitchng.interswitchpossdkdemo.telpo.v2.debug/com.interswitchng.smartpos.modules.main.MainActivity}
I/WindowManager(  775): force=false forcefkg=true top=Window{313e19d6 u0 com.interswitchng.interswitchpossdkdemo.telpo.v2.debug/com.interswitchng.smartpos.modules.main.MainActivity}
V/WindowManager(  775): Showing status bar: forced
V/WindowManager(  775): finishPostLayoutPolicyLw: mHideKeyguard=false
I/WindowManager(  775): mDock rect: (0,0 - 720,1280)
V/WindowManager(  775): Status bar: dock=[0,50][720,1280] content=[0,50][720,1280] cur=[0,50][720,1280]
V/WindowManager(  775): layoutWindowLw(): normal window
E/qdutils (  262): int qdutils::getHDMINode(): Failed to open fb node 1
E/qdutils (  262): int qdutils::getHDMINode(): Failed to open fb node 2
E/qdutils (  262): int qdutils::getHDMINode(): Failed to find HDMI node
V/WindowManager(  775): Compute frame : sim=#20 attach=null type=2015 flags=0x01000018 pf=[0,50][720,1280] df=[0,50][720,1280] of=[0,50][720,1280] cf=[0,50][720,1280] vf=[0,50][720,1280] dcf=[0,0][720,1280] sf=[0,50][720,1280]
V/WindowManager(  775): Compute frame StatusBar: sim=#10 attach=null type=2000 flags=0x81960040 pf=[0,0][720,1280] df=[0,0][720,1280] of=[0,0][720,1280] cf=[0,50][720,1280] vf=[0,50][720,1280] dcf=[0,0][0,0] sf=[0,50][720,1280]
V/WindowManager(  775): layoutWindowLw(com.android.phasebeam.PhaseBeamWallpaper): IN_SCREEN
V/WindowManager(  775): Compute frame com.android.phasebeam.PhaseBeamWallpaper: sim=#0 attach=null type=2013 flags=0x00000308 pf=[0,0][720,1280] df=[-10000,-10000][10000,10000] of=[0,0][720,1280] cf=[0,0][720,1280] vf=[0,50][720,1280] dcf=[0,0][720,1280] sf=[0,50][720,1280]
V/WindowManager(  775): layoutWindowLw(com.interswitchng.interswitchpossdkdemo.telpo.v2.debug/com.interswitchng.smartpos.modules.main.MainActivity): IN_SCREEN, INSET_DECOR
V/WindowManager(  775): Compute frame com.interswitchng.interswitchpossdkdemo.telpo.v2.debug/com.interswitchng.smartpos.modules.main.MainActivity: sim=#20 attach=null type=1 flags=0x81810100 pf=[0,0][720,1280] df=[0,0][720,1280] of=[0,0][720,1280] cf=[0,50][720,1280] vf=[0,50][720,1280] dcf=[0,0][720,1280] sf=[0,50][720,1280]
I/WindowManager(  775): Win Window{bff5d73 u0 android}: isVisibleOrBehindKeyguardLw=true
I/WindowManager(  775): Win Window{7989c4a u0 StatusBar}: isVisibleOrBehindKeyguardLw=true
I/WindowManager(  775): Win Window{1ea30909 u0 com.android.phasebeam.PhaseBeamWallpaper}: isVisibleOrBehindKeyguardLw=true
I/WindowManager(  775): Win Window{313e19d6 u0 com.interswitchng.interswitchpossdkdemo.telpo.v2.debug/com.interswitchng.smartpos.modules.main.MainActivity}: isVisibleOrBehindKeyguardLw=true
V/WindowManager(  775): Fullscreen window: Window{313e19d6 u0 com.interswitchng.interswitchpossdkdemo.telpo.v2.debug/com.interswitchng.smartpos.modules.main.MainActivity}
I/WindowManager(  775): force=false forcefkg=true top=Window{313e19d6 u0 com.interswitchng.interswitchpossdkdemo.telpo.v2.debug/com.interswitchng.smartpos.modules.main.MainActivity}
V/WindowManager(  775): Showing status bar: forced
V/WindowManager(  775): finishPostLayoutPolicyLw: mHideKeyguard=false
I/WindowManager(  775): Win Window{bff5d73 u0 android}: isVisibleOrBehindKeyguardLw=true
I/WindowManager(  775): Win Window{7989c4a u0 StatusBar}: isVisibleOrBehindKeyguardLw=true
I/WindowManager(  775): Win Window{1ea30909 u0 com.android.phasebeam.PhaseBeamWallpaper}: isVisibleOrBehindKeyguardLw=true
I/WindowManager(  775): Win Window{313e19d6 u0 com.interswitchng.interswitchpossdkdemo.telpo.v2.debug/com.interswitchng.smartpos.modules.main.MainActivity}: isVisibleOrBehindKeyguardLw=true
V/WindowManager(  775): Fullscreen window: Window{313e19d6 u0 com.interswitchng.interswitchpossdkdemo.telpo.v2.debug/com.interswitchng.smartpos.modules.main.MainActivity}
I/WindowManager(  775): force=false forcefkg=true top=Window{313e19d6 u0 com.interswitchng.interswitchpossdkdemo.telpo.v2.debug/com.interswitchng.smartpos.modules.main.MainActivity}
V/WindowManager(  775): Showing status bar: forced
V/WindowManager(  775): finishPostLayoutPolicyLw: mHideKeyguard=false
E/qdutils (  262): int qdutils::getHDMINode(): Failed to open fb node 1
E/qdutils (  262): int qdutils::getHDMINode(): Failed to open fb node 2
E/qdutils (  262): int qdutils::getHDMINode(): Failed to find HDMI node
E/WifiStateMachine(  775): WifiStateMachine CMD_START_SCAN source -2 txSuccessRate=0.00 rxSuccessRate=0.00 targetRoamBSSID=any RSSI=-64
E/WifiStateMachine(  775): WifiStateMachine L2Connected CMD_START_SCAN source -2 262, 263 -> obsolete
D/VM_BMS  (  461): wake_lock acquired
D/VM_BMS  (  461): New BMS data - Size=56
D/VM_BMS  (  461): Start process_bms_data
D/VM_BMS  (  461): Battery charge_cycle=0 fcc_adjust=0 rbatt_adjust=0 cycle_changed=false
D/VM_BMS  (  461): For batt_temp=255 fcc_mah=2200
D/VM_BMS  (  461): Lookup fcc_mah=2200.000000  adjusted fcc_mah=2200.000000
D/VM_BMS  (  461): For ocv=3801511 batt_temp=255 soc=36
D/VM_BMS  (  461): fifo_count=2 acc_count=0
D/VM_BMS  (  461): INIT: ocv=3801511 last_ocv=3801511 batt_temp=255 soc=36
D/VM_BMS  (  461): For soc=36 batt_temp=255 slope=3000
D/VM_BMS  (  461): For soc=36 batt_temp=255 rbatt_sf=106
D/VM_BMS  (  461): rbatt_mohm_default=72, rbatt_mohm=76, sf=106 batt_temp=255
D/VM_BMS  (  461): Lookup rbatt=76.000000  adjusted rbatt=76.000000
D/VM_BMS  (  461): For ocv=3801512 batt_temp=255 soc=36
D/VM_BMS  (  461): FIFO=0 fifo_avg=3.801858 rbatt=0.126000 slope=0.300000 ibatt=-0.002749 ocv=3.801512 soc=36 fcc_ah=2.200000 sample_count=128 sample_interval=70 seq_num=6006
D/VM_BMS  (  461): For soc=36 batt_temp=255 slope=3000
D/VM_BMS  (  461): For soc=36 batt_temp=255 rbatt_sf=106
D/VM_BMS  (  461): rbatt_mohm_default=72, rbatt_mohm=76, sf=106 batt_temp=255
D/VM_BMS  (  461): Lookup rbatt=76.000000  adjusted rbatt=76.000000
D/VM_BMS  (  461): For ocv=3801521 batt_temp=255 soc=36
D/VM_BMS  (  461): FIFO=1 fifo_avg=3.805092 rbatt=0.126000 slope=0.300000 ibatt=-0.028375 ocv=3.801522 soc=36 fcc_ah=2.200000 sample_count=128 sample_interval=70 seq_num=6006
I/VM_BMS  (  461): power_supply_update: ocv_uv=3801521 ibatt=-28375 soc=36 seq_num=6006
D/VM_BMS  (  461): End process_bms_data
D/VM_BMS  (  461): wake_lock released
V/WLAN_PSA(  314): NL MSG, len[4090], NL type[0x1C] WNI type[0x5900] len[57871]
V/WLAN_PSA(  314): NL MSG, PID: 314
D/VM_BMS  (  461): wake_lock acquired
D/VM_BMS  (  461): New BMS data - Size=56
D/VM_BMS  (  461): Start process_bms_data
D/VM_BMS  (  461): Battery charge_cycle=0 fcc_adjust=0 rbatt_adjust=0 cycle_changed=false
D/VM_BMS  (  461): For batt_temp=255 fcc_mah=2200
D/VM_BMS  (  461): Lookup fcc_mah=2200.000000  adjusted fcc_mah=2200.000000
D/VM_BMS  (  461): For ocv=3801521 batt_temp=255 soc=36
D/VM_BMS  (  461): fifo_count=2 acc_count=0
D/VM_BMS  (  461): INIT: ocv=3801521 last_ocv=3801521 batt_temp=255 soc=36
D/VM_BMS  (  461): For soc=36 batt_temp=255 slope=3000
D/VM_BMS  (  461): For soc=36 batt_temp=255 rbatt_sf=106
D/VM_BMS  (  461): rbatt_mohm_default=72, rbatt_mohm=76, sf=106 batt_temp=255
D/VM_BMS  (  461): Lookup rbatt=76.000000  adjusted rbatt=76.000000
D/VM_BMS  (  461): For ocv=3801533 batt_temp=255 soc=36
D/VM_BMS  (  461): FIFO=0 fifo_avg=3.806043 rbatt=0.126000 slope=0.300000 ibatt=-0.035839 ocv=3.801533 soc=36 fcc_ah=2.200000 sample_count=128 sample_interval=70 seq_num=6007
D/VM_BMS  (  461): For soc=36 batt_temp=255 slope=3000
D/VM_BMS  (  461): For soc=36 batt_temp=255 rbatt_sf=106
D/VM_BMS  (  461): rbatt_mohm_default=72, rbatt_mohm=76, sf=106 batt_temp=255
D/VM_BMS  (  461): Lookup rbatt=76.000000  adjusted rbatt=76.000000
D/VM_BMS  (  461): For ocv=3801545 batt_temp=255 soc=36
D/VM_BMS  (  461): FIFO=1 fifo_avg=3.806043 rbatt=0.126000 slope=0.300000 ibatt=-0.035745 ocv=3.801545 soc=36 fcc_ah=2.200000 sample_count=128 sample_interval=70 seq_num=6007
I/VM_BMS  (  461): power_supply_update: ocv_uv=3801545 ibatt=-35744 soc=36 seq_num=6007
D/VM_BMS  (  461): End process_bms_data
D/VM_BMS  (  461): wake_lock released
V/WLAN_PSA(  314): NL MSG, len[4050], NL type[0x1C] WNI type[0x5900] len[47631]
V/WLAN_PSA(  314): NL MSG, PID: 314
D/VM_BMS  (  461): wake_lock acquired
D/VM_BMS  (  461): New BMS data - Size=56
D/VM_BMS  (  461): Start process_bms_data
D/VM_BMS  (  461): Battery charge_cycle=0 fcc_adjust=0 rbatt_adjust=0 cycle_changed=false
D/VM_BMS  (  461): For batt_temp=255 fcc_mah=2200
D/VM_BMS  (  461): Lookup fcc_mah=2200.000000  adjusted fcc_mah=2200.000000
D/VM_BMS  (  461): For ocv=3801545 batt_temp=255 soc=36
D/VM_BMS  (  461): fifo_count=2 acc_count=0
D/VM_BMS  (  461): INIT: ocv=3801545 last_ocv=3801545 batt_temp=255 soc=36
D/VM_BMS  (  461): For soc=36 batt_temp=255 slope=3000
D/VM_BMS  (  461): For soc=36 batt_temp=255 rbatt_sf=106
D/VM_BMS  (  461): rbatt_mohm_default=72, rbatt_mohm=76, sf=106 batt_temp=255
D/VM_BMS  (  461): Lookup rbatt=76.000000  adjusted rbatt=76.000000
D/VM_BMS  (  461): For ocv=3801559 batt_temp=255 soc=36
D/VM_BMS  (  461): FIFO=0 fifo_avg=3.806822 rbatt=0.126000 slope=0.300000 ibatt=-0.041826 ocv=3.801559 soc=36 fcc_ah=2.200000 sample_count=128 sample_interval=70 seq_num=6008
D/VM_BMS  (  461): For soc=36 batt_temp=255 slope=3000
D/VM_BMS  (  461): For soc=36 batt_temp=255 rbatt_sf=106
D/VM_BMS  (  461): rbatt_mohm_default=72, rbatt_mohm=76, sf=106 batt_temp=255
D/VM_BMS  (  461): Lookup rbatt=76.000000  adjusted rbatt=76.000000
D/VM_BMS  (  461): For ocv=3801573 batt_temp=255 soc=36
D/VM_BMS  (  461): FIFO=1 fifo_avg=3.807061 rbatt=0.126000 slope=0.300000 ibatt=-0.043608 ocv=3.801574 soc=36 fcc_ah=2.200000 sample_count=128 sample_interval=70 seq_num=6008
I/VM_BMS  (  461): power_supply_update: ocv_uv=3801573 ibatt=-43607 soc=36 seq_num=6008
D/VM_BMS  (  461): End process_bms_data
D/VM_BMS  (  461): wake_lock released
D/WindowManager(  775): interceptKeyTq keycode=26 interactive=false keyguardActive=true policyFlags=2000000
W/ContextImpl(  775): Calling a method in the system process without a qualified user: android.app.ContextImpl.sendBroadcast:1441 com.android.internal.policy.impl.PhoneWindowManager.interceptKeyBeforeQueueing:5372 com.android.server.wm.InputMonitor.interceptKeyBeforeQueueing:370 com.android.server.input.InputManagerService.interceptKeyBeforeQueueing:1476 <bottom of call stack> 
I/PowerManagerService(  775): Waking up from dozing (uid 1000)...
I/QCOM PowerHAL(  775): Got set_interactive hint
I/WindowManager(  775): Waking up...
V/KeyguardServiceDelegate(  775): onScreenTurnedOn(showListener = com.android.internal.policy.impl.PhoneWindowManager$2@19535049)
D/VTCallReceiver( 4443): Receive calling org.codeaurora.PowerKeyDown.Mute
D/VTCallReceiver( 4443): received silence ringer intent, to silence the ringer
D/VT/VideoCallApp( 4443): HandleMessage : 5017
I/DisplayPowerController(  775): Blocking screen on until initial contents have been drawn.
I/WindowManager(  775): Screen turning on...
I/WindowManager(  775): Win Window{bff5d73 u0 android}: isVisibleOrBehindKeyguardLw=true
I/WindowManager(  775): Win Window{7989c4a u0 StatusBar}: isVisibleOrBehindKeyguardLw=true
I/WindowManager(  775): Win Window{1ea30909 u0 com.android.phasebeam.PhaseBeamWallpaper}: isVisibleOrBehindKeyguardLw=true
I/WindowManager(  775): Win Window{313e19d6 u0 com.interswitchng.interswitchpossdkdemo.telpo.v2.debug/com.interswitchng.smartpos.modules.main.MainActivity}: isVisibleOrBehindKeyguardLw=true
