E/PPDaemon(  344): MSMFB_NOTIFY_UPDATE start ioctl failed
E/PPDaemon(  344): MSMFB_NOTIFY_UPDATE start ioctl failed
E/PPDaemon(  344): MSMFB_NOTIFY_UPDATE start ioctl failed
E/PPDaemon(  344): MSMFB_NOTIFY_UPDATE start ioctl failed
E/PPDaemon(  344): MSMFB_NOTIFY_UPDATE start ioctl failed
E/PPDaemon(  344): MSMFB_NOTIFY_UPDATE start ioctl failed
E/PPDaemon(  344): MSMFB_NOTIFY_UPDATE start ioctl failed
E/PPDaemon(  344): MSMFB_NOTIFY_UPDATE start ioctl failed
E/PPDaemon(  344): MSMFB_NOTIFY_UPDATE start ioctl failed
E/PPDaemon(  344): MSMFB_NOTIFY_UPDATE start ioctl failed
E/PPDaemon(  344): MSMFB_NOTIFY_UPDATE start ioctl failed
E/PPDaemon(  344): MSMFB_NOTIFY_UPDATE start ioctl failed
E/PPDaemon(  344): MSMFB_NOTIFY_UPDATE start ioctl failed
E/PPDaemon(  344): MSMFB_NOTIFY_UPDATE start ioctl failed
E/PPDaemon(  344): MSMFB_NOTIFY_UPDATE start ioctl failed
E/PPDaemon(  344): MSMFB_NOTIFY_UPDATE start ioctl failed
E/PPDaemon(  344): MSMFB_NOTIFY_UPDATE start ioctl failed
E/PPDaemon(  344): MSMFB_NOTIFY_UPDATE start ioctl failed
E/PPDaemon(  344): MSMFB_NOTIFY_UPDATE start ioctl failed
E/PPDaemon(  344): MSMFB_NOTIFY_UPDATE start ioctl failed
E/PPDaemon(  344): MSMFB_NOTIFY_UPDATE start ioctl failed
E/PPDaemon(  344): MSMFB_NOTIFY_UPDATE start ioctl failed
E/PPDaemon(  344): MSMFB_NOTIFY_UPDATE start ioctl failed
E/PPDaemon(  344): MSMFB_NOTIFY_UPDATE start ioctl failed
E/PPDaemon(  344): MSMFB_NOTIFY_UPDATE start ioctl failed
E/PPDaemon(  344): MSMFB_NOTIFY_UPDATE start ioctl failed
E/PPDaemon(  344): MSMFB_NOTIFY_UPDATE start ioctl failed
E/PPDaemon(  344): MSMFB_NOTIFY_UPDATE start ioctl failed
E/PPDaemon(  344): MSMFB_NOTIFY_UPDATE start ioctl failed
E/PPDaemon(  344): MSMFB_NOTIFY_UPDATE start ioctl failed
E/PPDaemon(  344): MSMFB_NOTIFY_UPDATE start ioctl failed
E/PPDaemon(  344): MSMFB_NOTIFY_UPDATE start ioctl failed
E/PPDaemon(  344): MSMFB_NOTIFY_UPDATE start ioctl failed
E/PPDaemon(  344): MSMFB_NOTIFY_UPDATE start ioctl failed
E/PPDaemon(  344): MSMFB_NOTIFY_UPDATE start ioctl failed
E/PPDaemon(  344): MSMFB_NOTIFY_UPDATE start ioctl failed
E/PPDaemon(  344): MSMFB_NOTIFY_UPDATE start ioctl failed
E/PPDaemon(  344): MSMFB_NOTIFY_UPDATE start ioctl failed
E/PPDaemon(  344): MSMFB_NOTIFY_UPDATE start ioctl failed
E/PPDaemon(  344): MSMFB_NOTIFY_UPDATE start ioctl failed
E/PPDaemon(  344): MSMFB_NOTIFY_UPDATE start ioctl failed
E/PPDaemon(  344): MSMFB_NOTIFY_UPDATE start ioctl failed
E/PPDaemon(  344): MSMFB_NOTIFY_UPDATE start ioctl failed
E/PPDaemon(  344): MSMFB_NOTIFY_UPDATE start ioctl failed
E/PPDaemon(  344): MSMFB_NOTIFY_UPDATE start ioctl failed
E/PPDaemon(  344): MSMFB_NOTIFY_UPDATE start ioctl failed
E/PPDaemon(  344): MSMFB_NOTIFY_UPDATE start ioctl failed
E/PPDaemon(  344): MSMFB_NOTIFY_UPDATE start ioctl failed
E/PPDaemon(  344): MSMFB_NOTIFY_UPDATE start ioctl failed
E/PPDaemon(  344): MSMFB_NOTIFY_UPDATE start ioctl failed
E/PPDaemon(  344): MSMFB_NOTIFY_UPDATE start ioctl failed
E/PPDaemon(  344): MSMFB_NOTIFY_UPDATE start ioctl failed
E/PPDaemon(  344): MSMFB_NOTIFY_UPDATE start ioctl failed
E/PPDaemon(  344): MSMFB_NOTIFY_UPDATE start ioctl failed
E/PPDaemon(  344): MSMFB_NOTIFY_UPDATE start ioctl failed
E/PPDaemon(  344): MSMFB_NOTIFY_UPDATE start ioctl failed
E/PPDaemon(  344): MSMFB_NOTIFY_UPDATE start ioctl failed
E/PPDaemon(  344): MSMFB_NOTIFY_UPDATE start ioctl failed
E/PPDaemon(  344): MSMFB_NOTIFY_UPDATE start ioctl failed
E/PPDaemon(  344): MSMFB_NOTIFY_UPDATE start ioctl failed
E/PPDaemon(  344): MSMFB_NOTIFY_UPDATE start ioctl failed
E/PPDaemon(  344): MSMFB_NOTIFY_UPDATE start ioctl failed
E/PPDaemon(  344): MSMFB_NOTIFY_UPDATE start ioctl failed
E/PPDaemon(  344): MSMFB_NOTIFY_UPDATE start ioctl failed
E/PPDaemon(  344): MSMFB_NOTIFY_UPDATE start ioctl failed
E/PPDaemon(  344): MSMFB_NOTIFY_UPDATE start ioctl failed
E/PPDaemon(  344): MSMFB_NOTIFY_UPDATE start ioctl failed
E/PPDaemon(  344): MSMFB_NOTIFY_UPDATE start ioctl failed
E/PPDaemon(  344): MSMFB_NOTIFY_UPDATE start ioctl failed
E/PPDaemon(  344): MSMFB_NOTIFY_UPDATE start ioctl failed
E/PPDaemon(  344): MSMFB_NOTIFY_UPDATE start ioctl failed
E/PPDaemon(  344): MSMFB_NOTIFY_UPDATE start ioctl failed
E/PPDaemon(  344): MSMFB_NOTIFY_UPDATE start ioctl failed
E/PPDaemon(  344): MSMFB_NOTIFY_UPDATE start ioctl failed
E/PPDaemon(  344): MSMFB_NOTIFY_UPDATE start ioctl failed
E/PPDaemon(  344): MSMFB_NOTIFY_UPDATE start ioctl failed
E/PPDaemon(  344): MSMFB_NOTIFY_UPDATE start ioctl failed
E/PPDaemon(  344): MSMFB_NOTIFY_UPDATE start ioctl failed
E/PPDaemon(  344): MSMFB_NOTIFY_UPDATE start ioctl failed
E/PPDaemon(  344): MSMFB_NOTIFY_UPDATE start ioctl failed
E/PPDaemon(  344): MSMFB_NOTIFY_UPDATE start ioctl failed
E/PPDaemon(  344): MSMFB_NOTIFY_UPDATE start ioctl failed
E/PPDaemon(  344): MSMFB_NOTIFY_UPDATE start ioctl failed
E/PPDaemon(  344): MSMFB_NOTIFY_UPDATE start ioctl failed
E/PPDaemon(  344): MSMFB_NOTIFY_UPDATE start ioctl failed
E/PPDaemon(  344): MSMFB_NOTIFY_UPDATE start ioctl failed
E/PPDaemon(  344): MSMFB_NOTIFY_UPDATE start ioctl failed
E/PPDaemon(  344): MSMFB_NOTIFY_UPDATE start ioctl failed
E/PPDaemon(  344): MSMFB_NOTIFY_UPDATE start ioctl failed
E/PPDaemon(  344): MSMFB_NOTIFY_UPDATE start ioctl failed
E/PPDaemon(  344): MSMFB_NOTIFY_UPDATE start ioctl failed
E/PPDaemon(  344): MSMFB_NOTIFY_UPDATE start ioctl failed
E/PPDaemon(  344): MSMFB_NOTIFY_UPDATE start ioctl failed
E/PPDaemon(  344): MSMFB_NOTIFY_UPDATE start ioctl failed
E/PPDaemon(  344): MSMFB_NOTIFY_UPDATE start ioctl failed
E/PPDaemon(  344): MSMFB_NOTIFY_UPDATE start ioctl failed
E/PPDaemon(  344): MSMFB_NOTIFY_UPDATE start ioctl failed
E/PPDaemon(  344): MSMFB_NOTIFY_UPDATE start ioctl failed
E/PPDaemon(  344): MSMFB_NOTIFY_UPDATE start ioctl failed
E/PPDaemon(  344): MSMFB_NOTIFY_UPDATE start ioctl failed
E/PPDaemon(  344): MSMFB_NOTIFY_UPDATE start ioctl failed
E/PPDaemon(  344): MSMFB_NOTIFY_UPDATE start ioctl failed
E/PPDaemon(  344): MSMFB_NOTIFY_UPDATE start ioctl failed
E/PPDaemon(  344): MSMFB_NOTIFY_UPDATE start ioctl failed
E/PPDaemon(  344): MSMFB_NOTIFY_UPDATE start ioctl failed
E/PPDaemon(  344): MSMFB_NOTIFY_UPDATE start ioctl failed
E/PPDaemon(  344): MSMFB_NOTIFY_UPDATE start ioctl failed
E/PPDaemon(  344): MSMFB_NOTIFY_UPDATE start ioctl failed
E/PPDaemon(  344): MSMFB_NOTIFY_UPDATE start ioctl failed
E/PPDaemon(  344): MSMFB_NOTIFY_UPDATE start ioctl failed
E/PPDaemon(  344): MSMFB_NOTIFY_UPDATE start ioctl failed
E/PPDaemon(  344): MSMFB_NOTIFY_UPDATE start ioctl failed
E/PPDaemon(  344): MSMFB_NOTIFY_UPDATE start ioctl failed
E/PPDaemon(  344): MSMFB_NOTIFY_UPDATE start ioctl failed
E/PPDaemon(  344): MSMFB_NOTIFY_UPDATE start ioctl failed
E/PPDaemon(  344): MSMFB_NOTIFY_UPDATE start ioctl failed
E/PPDaemon(  344): MSMFB_NOTIFY_UPDATE start ioctl failed
E/PPDaemon(  344): MSMFB_NOTIFY_UPDATE start ioctl failed
E/PPDaemon(  344): MSMFB_NOTIFY_UPDATE start ioctl failed
E/PPDaemon(  344): MSMFB_NOTIFY_UPDATE start ioctl failed
E/PPDaemon(  344): MSMFB_NOTIFY_UPDATE start ioctl failed
E/PPDaemon(  344): MSMFB_NOTIFY_UPDATE start ioctl failed
E/PPDaemon(  344): MSMFB_NOTIFY_UPDATE start ioctl failed
E/PPDaemon(  344): MSMFB_NOTIFY_UPDATE start ioctl failed
E/PPDaemon(  344): MSMFB_NOTIFY_UPDATE start ioctl failed
E/PPDaemon(  344): MSMFB_NOTIFY_UPDATE start ioctl failed
E/PPDaemon(  344): MSMFB_NOTIFY_UPDATE start ioctl failed
E/PPDaemon(  344): MSMFB_NOTIFY_UPDATE start ioctl failed
E/PPDaemon(  344): MSMFB_NOTIFY_UPDATE start ioctl failed
E/PPDaemon(  344): MSMFB_NOTIFY_UPDATE start ioctl failed
E/PPDaemon(  344): MSMFB_NOTIFY_UPDATE start ioctl failed
E/PPDaemon(  344): MSMFB_NOTIFY_UPDATE start ioctl failed
E/PPDaemon(  344): MSMFB_NOTIFY_UPDATE start ioctl failed
E/PPDaemon(  344): MSMFB_NOTIFY_UPDATE start ioctl failed
E/PPDaemon(  344): MSMFB_NOTIFY_UPDATE start ioctl failed
E/PPDaemon(  344): MSMFB_NOTIFY_UPDATE start ioctl failed
E/PPDaemon(  344): MSMFB_NOTIFY_UPDATE start ioctl failed
E/PPDaemon(  344): MSMFB_NOTIFY_UPDATE start ioctl failed
E/PPDaemon(  344): MSMFB_NOTIFY_UPDATE start ioctl failed
E/PPDaemon(  344): MSMFB_NOTIFY_UPDATE start ioctl failed
E/PPDaemon(  344): MSMFB_NOTIFY_UPDATE start ioctl failed
E/PPDaemon(  344): MSMFB_NOTIFY_UPDATE start ioctl failed
E/PPDaemon(  344): MSMFB_NOTIFY_UPDATE start ioctl failed
E/PPDaemon(  344): MSMFB_NOTIFY_UPDATE start ioctl failed
E/PPDaemon(  344): MSMFB_NOTIFY_UPDATE start ioctl failed
E/PPDaemon(  344): MSMFB_NOTIFY_UPDATE start ioctl failed
E/PPDaemon(  344): MSMFB_NOTIFY_UPDATE start ioctl failed
E/PPDaemon(  344): MSMFB_NOTIFY_UPDATE start ioctl failed
E/PPDaemon(  344): MSMFB_NOTIFY_UPDATE start ioctl failed
E/PPDaemon(  344): MSMFB_NOTIFY_UPDATE start ioctl failed
E/PPDaemon(  344): MSMFB_NOTIFY_UPDATE start ioctl failed
E/PPDaemon(  344): MSMFB_NOTIFY_UPDATE start ioctl failed
E/PPDaemon(  344): MSMFB_NOTIFY_UPDATE start ioctl failed
E/PPDaemon(  344): MSMFB_NOTIFY_UPDATE start ioctl failed
E/PPDaemon(  344): MSMFB_NOTIFY_UPDATE start ioctl failed
E/PPDaemon(  344): MSMFB_NOTIFY_UPDATE start ioctl failed
E/PPDaemon(  344): MSMFB_NOTIFY_UPDATE start ioctl failed
E/PPDaemon(  344): MSMFB_NOTIFY_UPDATE start ioctl failed
E/PPDaemon(  344): MSMFB_NOTIFY_UPDATE start ioctl failed
E/PPDaemon(  344): MSMFB_NOTIFY_UPDATE start ioctl failed
E/PPDaemon(  344): MSMFB_NOTIFY_UPDATE start ioctl failed
E/PPDaemon(  344): MSMFB_NOTIFY_UPDATE start ioctl failed
E/PPDaemon(  344): MSMFB_NOTIFY_UPDATE start ioctl failed
E/PPDaemon(  344): MSMFB_NOTIFY_UPDATE start ioctl failed
E/PPDaemon(  344): MSMFB_NOTIFY_UPDATE start ioctl failed
E/PPDaemon(  344): MSMFB_NOTIFY_UPDATE start ioctl failed
E/PPDaemon(  344): MSMFB_NOTIFY_UPDATE start ioctl failed
E/PPDaemon(  344): MSMFB_NOTIFY_UPDATE start ioctl failed
E/PPDaemon(  344): MSMFB_NOTIFY_UPDATE start ioctl failed
E/PPDaemon(  344): MSMFB_NOTIFY_UPDATE start ioctl failed
E/PPDaemon(  344): MSMFB_NOTIFY_UPDATE start ioctl failed
E/PPDaemon(  344): MSMFB_NOTIFY_UPDATE start ioctl failed
E/PPDaemon(  344): MSMFB_NOTIFY_UPDATE start ioctl failed
E/PPDaemon(  344): MSMFB_NOTIFY_UPDATE start ioctl failed
E/PPDaemon(  344): MSMFB_NOTIFY_UPDATE start ioctl failed
E/PPDaemon(  344): MSMFB_NOTIFY_UPDATE start ioctl failed
E/PPDaemon(  344): MSMFB_NOTIFY_UPDATE start ioctl failed
E/PPDaemon(  344): MSMFB_NOTIFY_UPDATE start ioctl failed
E/PPDaemon(  344): MSMFB_NOTIFY_UPDATE start ioctl failed
E/PPDaemon(  344): MSMFB_NOTIFY_UPDATE start ioctl failed
E/PPDaemon(  344): MSMFB_NOTIFY_UPDATE start ioctl failed
E/PPDaemon(  344): MSMFB_NOTIFY_UPDATE start ioctl failed
E/PPDaemon(  344): MSMFB_NOTIFY_UPDATE start ioctl failed
E/PPDaemon(  344): MSMFB_NOTIFY_UPDATE start ioctl failed
E/PPDaemon(  344): MSMFB_NOTIFY_UPDATE start ioctl failed
E/PPDaemon(  344): MSMFB_NOTIFY_UPDATE start ioctl failed
E/PPDaemon(  344): MSMFB_NOTIFY_UPDATE start ioctl failed
E/PPDaemon(  344): MSMFB_NOTIFY_UPDATE start ioctl failed
E/PPDaemon(  344): MSMFB_NOTIFY_UPDATE start ioctl failed
E/PPDaemon(  344): MSMFB_NOTIFY_UPDATE start ioctl failed
E/PPDaemon(  344): MSMFB_NOTIFY_UPDATE start ioctl failed
E/PPDaemon(  344): MSMFB_NOTIFY_UPDATE start ioctl failed
E/PPDaemon(  344): MSMFB_NOTIFY_UPDATE start ioctl failed
E/PPDaemon(  344): MSMFB_NOTIFY_UPDATE start ioctl failed
E/PPDaemon(  344): MSMFB_NOTIFY_UPDATE start ioctl failed
E/PPDaemon(  344): MSMFB_NOTIFY_UPDATE start ioctl failed
E/PPDaemon(  344): MSMFB_NOTIFY_UPDATE start ioctl failed
E/PPDaemon(  344): MSMFB_NOTIFY_UPDATE start ioctl failed
E/PPDaemon(  344): MSMFB_NOTIFY_UPDATE start ioctl failed
E/PPDaemon(  344): MSMFB_NOTIFY_UPDATE start ioctl failed
E/PPDaemon(  344): MSMFB_NOTIFY_UPDATE start ioctl failed
E/PPDaemon(  344): MSMFB_NOTIFY_UPDATE start ioctl failed
E/PPDaemon(  344): MSMFB_NOTIFY_UPDATE start ioctl failed
E/PPDaemon(  344): MSMFB_NOTIFY_UPDATE start ioctl failed
E/PPDaemon(  344): MSMFB_NOTIFY_UPDATE start ioctl failed
E/PPDaemon(  344): MSMFB_NOTIFY_UPDATE start ioctl failed
E/PPDaemon(  344): MSMFB_NOTIFY_UPDATE start ioctl failed
E/PPDaemon(  344): MSMFB_NOTIFY_UPDATE start ioctl failed
E/PPDaemon(  344): MSMFB_NOTIFY_UPDATE start ioctl failed
E/PPDaemon(  344): MSMFB_NOTIFY_UPDATE start ioctl failed
E/PPDaemon(  344): MSMFB_NOTIFY_UPDATE start ioctl failed
E/PPDaemon(  344): MSMFB_NOTIFY_UPDATE start ioctl failed
E/PPDaemon(  344): MSMFB_NOTIFY_UPDATE start ioctl failed
E/PPDaemon(  344): MSMFB_NOTIFY_UPDATE start ioctl failed
E/PPDaemon(  344): MSMFB_NOTIFY_UPDATE start ioctl failed
E/PPDaemon(  344): MSMFB_NOTIFY_UPDATE start ioctl failed
E/PPDaemon(  344): MSMFB_NOTIFY_UPDATE start ioctl failed
E/PPDaemon(  344): MSMFB_NOTIFY_UPDATE start ioctl failed
E/PPDaemon(  344): MSMFB_NOTIFY_UPDATE start ioctl failed
E/PPDaemon(  344): MSMFB_NOTIFY_UPDATE start ioctl failed
E/PPDaemon(  344): MSMFB_NOTIFY_UPDATE start ioctl failed
E/PPDaemon(  344): MSMFB_NOTIFY_UPDATE start ioctl failed
E/PPDaemon(  344): MSMFB_NOTIFY_UPDATE start ioctl failed
E/PPDaemon(  344): MSMFB_NOTIFY_UPDATE start ioctl failed
E/PPDaemon(  344): MSMFB_NOTIFY_UPDATE start ioctl failed
E/PPDaemon(  344): MSMFB_NOTIFY_UPDATE start ioctl failed
E/PPDaemon(  344): MSMFB_NOTIFY_UPDATE start ioctl failed
E/PPDaemon(  344): MSMFB_NOTIFY_UPDATE start ioctl failed
E/PPDaemon(  344): MSMFB_NOTIFY_UPDATE start ioctl failed
E/PPDaemon(  344): MSMFB_NOTIFY_UPDATE start ioctl failed
E/PPDaemon(  344): MSMFB_NOTIFY_UPDATE start ioctl failed
E/PPDaemon(  344): MSMFB_NOTIFY_UPDATE start ioctl failed
E/PPDaemon(  344): MSMFB_NOTIFY_UPDATE start ioctl failed
E/PPDaemon(  344): MSMFB_NOTIFY_UPDATE start ioctl failed
E/PPDaemon(  344): MSMFB_NOTIFY_UPDATE start ioctl failed
E/PPDaemon(  344): MSMFB_NOTIFY_UPDATE start ioctl failed
E/PPDaemon(  344): MSMFB_NOTIFY_UPDATE start ioctl failed
E/PPDaemon(  344): MSMFB_NOTIFY_UPDATE start ioctl failed
E/PPDaemon(  344): MSMFB_NOTIFY_UPDATE start ioctl failed
E/PPDaemon(  344): MSMFB_NOTIFY_UPDATE start ioctl failed
E/PPDaemon(  344): MSMFB_NOTIFY_UPDATE start ioctl failed
E/PPDaemon(  344): MSMFB_NOTIFY_UPDATE start ioctl failed
E/PPDaemon(  344): MSMFB_NOTIFY_UPDATE start ioctl failed
E/PPDaemon(  344): MSMFB_NOTIFY_UPDATE start ioctl failed
E/PPDaemon(  344): MSMFB_NOTIFY_UPDATE start ioctl failed
E/PPDaemon(  344): MSMFB_NOTIFY_UPDATE start ioctl failed
E/PPDaemon(  344): MSMFB_NOTIFY_UPDATE start ioctl failed
E/PPDaemon(  344): MSMFB_NOTIFY_UPDATE start ioctl failed
E/PPDaemon(  344): MSMFB_NOTIFY_UPDATE start ioctl failed
E/PPDaemon(  344): MSMFB_NOTIFY_UPDATE start ioctl failed
E/PPDaemon(  344): MSMFB_NOTIFY_UPDATE start ioctl failed
E/PPDaemon(  344): MSMFB_NOTIFY_UPDATE start ioctl failed
E/PPDaemon(  344): MSMFB_NOTIFY_UPDATE start ioctl failed
E/PPDaemon(  344): MSMFB_NOTIFY_UPDATE start ioctl failed
E/PPDaemon(  344): MSMFB_NOTIFY_UPDATE start ioctl failed
E/PPDaemon(  344): MSMFB_NOTIFY_UPDATE start ioctl failed
E/PPDaemon(  344): MSMFB_NOTIFY_UPDATE start ioctl failed
E/PPDaemon(  344): MSMFB_NOTIFY_UPDATE start ioctl failed
E/PPDaemon(  344): MSMFB_NOTIFY_UPDATE start ioctl failed
E/PPDaemon(  344): MSMFB_NOTIFY_UPDATE start ioctl failed
E/PPDaemon(  344): MSMFB_NOTIFY_UPDATE start ioctl failed
E/PPDaemon(  344): MSMFB_NOTIFY_UPDATE start ioctl failed
E/PPDaemon(  344): MSMFB_NOTIFY_UPDATE start ioctl failed
E/PPDaemon(  344): MSMFB_NOTIFY_UPDATE start ioctl failed
E/PPDaemon(  344): MSMFB_NOTIFY_UPDATE start ioctl failed
E/PPDaemon(  344): MSMFB_NOTIFY_UPDATE start ioctl failed
E/PPDaemon(  344): MSMFB_NOTIFY_UPDATE start ioctl failed
E/PPDaemon(  344): MSMFB_NOTIFY_UPDATE start ioctl failed
E/PPDaemon(  344): MSMFB_NOTIFY_UPDATE start ioctl failed
E/PPDaemon(  344): MSMFB_NOTIFY_UPDATE start ioctl failed
E/PPDaemon(  344): MSMFB_NOTIFY_UPDATE start ioctl failed
E/PPDaemon(  344): MSMFB_NOTIFY_UPDATE start ioctl failed
E/PPDaemon(  344): MSMFB_NOTIFY_UPDATE start ioctl failed
E/PPDaemon(  344): MSMFB_NOTIFY_UPDATE start ioctl failed
E/PPDaemon(  344): MSMFB_NOTIFY_UPDATE start ioctl failed
E/PPDaemon(  344): MSMFB_NOTIFY_UPDATE start ioctl failed
E/PPDaemon(  344): MSMFB_NOTIFY_UPDATE start ioctl failed
E/PPDaemon(  344): MSMFB_NOTIFY_UPDATE start ioctl failed
E/PPDaemon(  344): MSMFB_NOTIFY_UPDATE start ioctl failed
E/PPDaemon(  344): MSMFB_NOTIFY_UPDATE start ioctl failed
E/PPDaemon(  344): MSMFB_NOTIFY_UPDATE start ioctl failed
E/PPDaemon(  344): MSMFB_NOTIFY_UPDATE start ioctl failed
E/PPDaemon(  344): MSMFB_NOTIFY_UPDATE start ioctl failed
E/PPDaemon(  344): MSMFB_NOTIFY_UPDATE start ioctl failed
E/PPDaemon(  344): MSMFB_NOTIFY_UPDATE start ioctl failed
E/PPDaemon(  344): MSMFB_NOTIFY_UPDATE start ioctl failed
E/PPDaemon(  344): MSMFB_NOTIFY_UPDATE start ioctl failed
E/PPDaemon(  344): MSMFB_NOTIFY_UPDATE start ioctl failed
E/PPDaemon(  344): MSMFB_NOTIFY_UPDATE start ioctl failed
E/PPDaemon(  344): MSMFB_NOTIFY_UPDATE start ioctl failed
E/PPDaemon(  344): MSMFB_NOTIFY_UPDATE start ioctl failed
E/PPDaemon(  344): MSMFB_NOTIFY_UPDATE start ioctl failed
E/PPDaemon(  344): MSMFB_NOTIFY_UPDATE start ioctl failed
E/PPDaemon(  344): MSMFB_NOTIFY_UPDATE start ioctl failed
E/PPDaemon(  344): MSMFB_NOTIFY_UPDATE start ioctl failed
E/PPDaemon(  344): MSMFB_NOTIFY_UPDATE start ioctl failed
E/PPDaemon(  344): MSMFB_NOTIFY_UPDATE start ioctl failed
E/PPDaemon(  344): MSMFB_NOTIFY_UPDATE start ioctl failed
E/PPDaemon(  344): MSMFB_NOTIFY_UPDATE start ioctl failed
E/PPDaemon(  344): MSMFB_NOTIFY_UPDATE start ioctl failed
E/PPDaemon(  344): MSMFB_NOTIFY_UPDATE start ioctl failed
E/PPDaemon(  344): MSMFB_NOTIFY_UPDATE start ioctl failed
E/PPDaemon(  344): MSMFB_NOTIFY_UPDATE start ioctl failed
E/PPDaemon(  344): MSMFB_NOTIFY_UPDATE start ioctl failed
E/PPDaemon(  344): MSMFB_NOTIFY_UPDATE start ioctl failed
E/PPDaemon(  344): MSMFB_NOTIFY_UPDATE start ioctl failed
E/PPDaemon(  344): MSMFB_NOTIFY_UPDATE start ioctl failed
E/PPDaemon(  344): MSMFB_NOTIFY_UPDATE start ioctl failed
E/PPDaemon(  344): MSMFB_NOTIFY_UPDATE start ioctl failed
E/PPDaemon(  344): MSMFB_NOTIFY_UPDATE start ioctl failed
E/PPDaemon(  344): MSMFB_NOTIFY_UPDATE start ioctl failed
E/PPDaemon(  344): MSMFB_NOTIFY_UPDATE start ioctl failed
E/PPDaemon(  344): MSMFB_NOTIFY_UPDATE start ioctl failed
E/PPDaemon(  344): MSMFB_NOTIFY_UPDATE start ioctl failed
E/PPDaemon(  344): MSMFB_NOTIFY_UPDATE start ioctl failed
E/PPDaemon(  344): MSMFB_NOTIFY_UPDATE start ioctl failed
E/PPDaemon(  344): MSMFB_NOTIFY_UPDATE start ioctl failed
E/PPDaemon(  344): MSMFB_NOTIFY_UPDATE start ioctl failed
E/PPDaemon(  344): MSMFB_NOTIFY_UPDATE start ioctl failed
E/PPDaemon(  344): MSMFB_NOTIFY_UPDATE start ioctl failed
E/PPDaemon(  344): MSMFB_NOTIFY_UPDATE start ioctl failed
E/PPDaemon(  344): MSMFB_NOTIFY_UPDATE start ioctl failed
E/PPDaemon(  344): MSMFB_NOTIFY_UPDATE start ioctl failed
E/PPDaemon(  344): MSMFB_NOTIFY_UPDATE start ioctl failed
E/PPDaemon(  344): MSMFB_NOTIFY_UPDATE start ioctl failed
E/PPDaemon(  344): MSMFB_NOTIFY_UPDATE start ioctl failed
E/PPDaemon(  344): MSMFB_NOTIFY_UPDATE start ioctl failed
E/PPDaemon(  344): MSMFB_NOTIFY_UPDATE start ioctl failed
E/PPDaemon(  344): MSMFB_NOTIFY_UPDATE start ioctl failed
E/PPDaemon(  344): MSMFB_NOTIFY_UPDATE start ioctl failed
E/PPDaemon(  344): MSMFB_NOTIFY_UPDATE start ioctl failed
E/PPDaemon(  344): MSMFB_NOTIFY_UPDATE start ioctl failed
E/PPDaemon(  344): MSMFB_NOTIFY_UPDATE start ioctl failed
E/PPDaemon(  344): MSMFB_NOTIFY_UPDATE start ioctl failed
E/PPDaemon(  344): MSMFB_NOTIFY_UPDATE start ioctl failed
E/PPDaemon(  344): MSMFB_NOTIFY_UPDATE start ioctl failed
E/PPDaemon(  344): MSMFB_NOTIFY_UPDATE start ioctl failed
E/PPDaemon(  344): MSMFB_NOTIFY_UPDATE start ioctl failed
E/PPDaemon(  344): MSMFB_NOTIFY_UPDATE start ioctl failed
E/PPDaemon(  344): MSMFB_NOTIFY_UPDATE start ioctl failed
E/PPDaemon(  344): MSMFB_NOTIFY_UPDATE start ioctl failed
E/PPDaemon(  344): MSMFB_NOTIFY_UPDATE start ioctl failed
E/PPDaemon(  344): MSMFB_NOTIFY_UPDATE start ioctl failed
E/PPDaemon(  344): MSMFB_NOTIFY_UPDATE start ioctl failed
E/PPDaemon(  344): MSMFB_NOTIFY_UPDATE start ioctl failed
E/PPDaemon(  344): MSMFB_NOTIFY_UPDATE start ioctl failed
E/PPDaemon(  344): MSMFB_NOTIFY_UPDATE start ioctl failed
E/PPDaemon(  344): MSMFB_NOTIFY_UPDATE start ioctl failed
E/PPDaemon(  344): MSMFB_NOTIFY_UPDATE start ioctl failed
E/PPDaemon(  344): MSMFB_NOTIFY_UPDATE start ioctl failed
E/PPDaemon(  344): MSMFB_NOTIFY_UPDATE start ioctl failed
E/PPDaemon(  344): MSMFB_NOTIFY_UPDATE start ioctl failed
E/PPDaemon(  344): MSMFB_NOTIFY_UPDATE start ioctl failed
E/PPDaemon(  344): MSMFB_NOTIFY_UPDATE start ioctl failed
E/PPDaemon(  344): MSMFB_NOTIFY_UPDATE start ioctl failed
E/PPDaemon(  344): MSMFB_NOTIFY_UPDATE start ioctl failed
E/PPDaemon(  344): MSMFB_NOTIFY_UPDATE start ioctl failed
E/PPDaemon(  344): MSMFB_NOTIFY_UPDATE start ioctl failed
E/PPDaemon(  344): MSMFB_NOTIFY_UPDATE start ioctl failed
E/PPDaemon(  344): MSMFB_NOTIFY_UPDATE start ioctl failed
E/PPDaemon(  344): MSMFB_NOTIFY_UPDATE start ioctl failed
E/PPDaemon(  344): MSMFB_NOTIFY_UPDATE start ioctl failed
E/PPDaemon(  344): MSMFB_NOTIFY_UPDATE start ioctl failed
E/PPDaemon(  344): MSMFB_NOTIFY_UPDATE start ioctl failed
E/PPDaemon(  344): MSMFB_NOTIFY_UPDATE start ioctl failed
E/PPDaemon(  344): MSMFB_NOTIFY_UPDATE start ioctl failed
E/PPDaemon(  344): MSMFB_NOTIFY_UPDATE start ioctl failed
E/PPDaemon(  344): MSMFB_NOTIFY_UPDATE start ioctl failed
E/PPDaemon(  344): MSMFB_NOTIFY_UPDATE start ioctl failed
E/PPDaemon(  344): MSMFB_NOTIFY_UPDATE start ioctl failed
E/PPDaemon(  344): MSMFB_NOTIFY_UPDATE start ioctl failed
E/PPDaemon(  344): MSMFB_NOTIFY_UPDATE start ioctl failed
E/PPDaemon(  344): MSMFB_NOTIFY_UPDATE start ioctl failed
E/PPDaemon(  344): MSMFB_NOTIFY_UPDATE start ioctl failed
E/PPDaemon(  344): MSMFB_NOTIFY_UPDATE start ioctl failed
E/PPDaemon(  344): MSMFB_NOTIFY_UPDATE start ioctl failed
E/PPDaemon(  344): MSMFB_NOTIFY_UPDATE start ioctl failed
E/PPDaemon(  344): MSMFB_NOTIFY_UPDATE start ioctl failed
E/PPDaemon(  344): MSMFB_NOTIFY_UPDATE start ioctl failed
E/PPDaemon(  344): MSMFB_NOTIFY_UPDATE start ioctl failed
E/PPDaemon(  344): MSMFB_NOTIFY_UPDATE start ioctl failed
E/PPDaemon(  344): MSMFB_NOTIFY_UPDATE start ioctl failed
E/PPDaemon(  344): MSMFB_NOTIFY_UPDATE start ioctl failed
E/PPDaemon(  344): MSMFB_NOTIFY_UPDATE start ioctl failed
E/PPDaemon(  344): MSMFB_NOTIFY_UPDATE start ioctl failed
E/PPDaemon(  344): MSMFB_NOTIFY_UPDATE start ioctl failed
E/PPDaemon(  344): MSMFB_NOTIFY_UPDATE start ioctl failed
E/PPDaemon(  344): MSMFB_NOTIFY_UPDATE start ioctl failed
E/PPDaemon(  344): MSMFB_NOTIFY_UPDATE start ioctl failed
E/PPDaemon(  344): MSMFB_NOTIFY_UPDATE start ioctl failed
E/PPDaemon(  344): MSMFB_NOTIFY_UPDATE start ioctl failed
E/PPDaemon(  344): MSMFB_NOTIFY_UPDATE start ioctl failed
E/PPDaemon(  344): MSMFB_NOTIFY_UPDATE start ioctl failed
E/PPDaemon(  344): MSMFB_NOTIFY_UPDATE start ioctl failed
E/PPDaemon(  344): MSMFB_NOTIFY_UPDATE start ioctl failed
E/PPDaemon(  344): MSMFB_NOTIFY_UPDATE start ioctl failed
E/PPDaemon(  344): MSMFB_NOTIFY_UPDATE start ioctl failed
E/PPDaemon(  344): MSMFB_NOTIFY_UPDATE start ioctl failed
E/PPDaemon(  344): MSMFB_NOTIFY_UPDATE start ioctl failed
E/PPDaemon(  344): MSMFB_NOTIFY_UPDATE start ioctl failed
E/PPDaemon(  344): MSMFB_NOTIFY_UPDATE start ioctl failed
E/PPDaemon(  344): MSMFB_NOTIFY_UPDATE start ioctl failed
E/PPDaemon(  344): MSMFB_NOTIFY_UPDATE start ioctl failed
E/PPDaemon(  344): MSMFB_NOTIFY_UPDATE start ioctl failed
E/PPDaemon(  344): MSMFB_NOTIFY_UPDATE start ioctl failed
E/PPDaemon(  344): MSMFB_NOTIFY_UPDATE start ioctl failed
E/PPDaemon(  344): MSMFB_NOTIFY_UPDATE start ioctl failed
E/PPDaemon(  344): MSMFB_NOTIFY_UPDATE start ioctl failed
E/PPDaemon(  344): MSMFB_NOTIFY_UPDATE start ioctl failed
E/PPDaemon(  344): MSMFB_NOTIFY_UPDATE start ioctl failed
E/PPDaemon(  344): MSMFB_NOTIFY_UPDATE start ioctl failed
E/PPDaemon(  344): MSMFB_NOTIFY_UPDATE start ioctl failed
E/PPDaemon(  344): MSMFB_NOTIFY_UPDATE start ioctl failed
E/PPDaemon(  344): MSMFB_NOTIFY_UPDATE start ioctl failed
E/PPDaemon(  344): MSMFB_NOTIFY_UPDATE start ioctl failed
E/PPDaemon(  344): MSMFB_NOTIFY_UPDATE start ioctl failed
E/PPDaemon(  344): MSMFB_NOTIFY_UPDATE start ioctl failed
E/PPDaemon(  344): MSMFB_NOTIFY_UPDATE start ioctl failed
E/PPDaemon(  344): MSMFB_NOTIFY_UPDATE start ioctl failed
E/PPDaemon(  344): MSMFB_NOTIFY_UPDATE start ioctl failed
E/PPDaemon(  344): MSMFB_NOTIFY_UPDATE start ioctl failed
E/PPDaemon(  344): MSMFB_NOTIFY_UPDATE start ioctl failed
E/PPDaemon(  344): MSMFB_NOTIFY_UPDATE start ioctl failed
E/PPDaemon(  344): MSMFB_NOTIFY_UPDATE start ioctl failed
E/PPDaemon(  344): MSMFB_NOTIFY_UPDATE start ioctl failed
E/PPDaemon(  344): MSMFB_NOTIFY_UPDATE start ioctl failed
E/PPDaemon(  344): MSMFB_NOTIFY_UPDATE start ioctl failed
E/PPDaemon(  344): MSMFB_NOTIFY_UPDATE start ioctl failed
E/PPDaemon(  344): MSMFB_NOTIFY_UPDATE start ioctl failed
E/PPDaemon(  344): MSMFB_NOTIFY_UPDATE start ioctl failed
E/PPDaemon(  344): MSMFB_NOTIFY_UPDATE start ioctl failed
E/PPDaemon(  344): MSMFB_NOTIFY_UPDATE start ioctl failed
E/PPDaemon(  344): MSMFB_NOTIFY_UPDATE start ioctl failed
E/PPDaemon(  344): MSMFB_NOTIFY_UPDATE start ioctl failed
E/PPDaemon(  344): MSMFB_NOTIFY_UPDATE start ioctl failed
E/PPDaemon(  344): MSMFB_NOTIFY_UPDATE start ioctl failed
E/PPDaemon(  344): MSMFB_NOTIFY_UPDATE start ioctl failed
E/PPDaemon(  344): MSMFB_NOTIFY_UPDATE start ioctl failed
E/PPDaemon(  344): MSMFB_NOTIFY_UPDATE start ioctl failed
E/PPDaemon(  344): MSMFB_NOTIFY_UPDATE start ioctl failed
E/PPDaemon(  344): MSMFB_NOTIFY_UPDATE start ioctl failed
E/PPDaemon(  344): MSMFB_NOTIFY_UPDATE start ioctl failed
E/PPDaemon(  344): MSMFB_NOTIFY_UPDATE start ioctl failed
E/PPDaemon(  344): MSMFB_NOTIFY_UPDATE start ioctl failed
E/PPDaemon(  344): MSMFB_NOTIFY_UPDATE start ioctl failed
E/PPDaemon(  344): MSMFB_NOTIFY_UPDATE start ioctl failed
E/PPDaemon(  344): MSMFB_NOTIFY_UPDATE start ioctl failed
E/PPDaemon(  344): MSMFB_NOTIFY_UPDATE start ioctl failed
E/PPDaemon(  344): MSMFB_NOTIFY_UPDATE start ioctl failed
E/PPDaemon(  344): MSMFB_NOTIFY_UPDATE start ioctl failed
E/PPDaemon(  344): MSMFB_NOTIFY_UPDATE start ioctl failed
E/PPDaemon(  344): MSMFB_NOTIFY_UPDATE start ioctl failed
E/PPDaemon(  344): MSMFB_NOTIFY_UPDATE start ioctl failed
E/PPDaemon(  344): MSMFB_NOTIFY_UPDATE start ioctl failed
E/PPDaemon(  344): MSMFB_NOTIFY_UPDATE start ioctl failed
E/PPDaemon(  344): MSMFB_NOTIFY_UPDATE start ioctl failed
E/PPDaemon(  344): MSMFB_NOTIFY_UPDATE start ioctl failed
E/PPDaemon(  344): MSMFB_NOTIFY_UPDATE start ioctl failed
E/PPDaemon(  344): MSMFB_NOTIFY_UPDATE start ioctl failed
E/PPDaemon(  344): MSMFB_NOTIFY_UPDATE start ioctl failed
E/PPDaemon(  344): MSMFB_NOTIFY_UPDATE start ioctl failed
E/PPDaemon(  344): MSMFB_NOTIFY_UPDATE start ioctl failed
E/PPDaemon(  344): MSMFB_NOTIFY_UPDATE start ioctl failed
E/PPDaemon(  344): MSMFB_NOTIFY_UPDATE start ioctl failed
E/PPDaemon(  344): MSMFB_NOTIFY_UPDATE start ioctl failed
E/PPDaemon(  344): MSMFB_NOTIFY_UPDATE start ioctl failed
E/PPDaemon(  344): MSMFB_NOTIFY_UPDATE start ioctl failed
E/PPDaemon(  344): MSMFB_NOTIFY_UPDATE start ioctl failed
E/PPDaemon(  344): MSMFB_NOTIFY_UPDATE start ioctl failed
E/PPDaemon(  344): MSMFB_NOTIFY_UPDATE start ioctl failed
E/PPDaemon(  344): MSMFB_NOTIFY_UPDATE start ioctl failed
E/PPDaemon(  344): MSMFB_NOTIFY_UPDATE start ioctl failed
E/PPDaemon(  344): MSMFB_NOTIFY_UPDATE start ioctl failed
E/PPDaemon(  344): MSMFB_NOTIFY_UPDATE start ioctl failed
E/PPDaemon(  344): MSMFB_NOTIFY_UPDATE start ioctl failed
E/PPDaemon(  344): MSMFB_NOTIFY_UPDATE start ioctl failed
E/PPDaemon(  344): MSMFB_NOTIFY_UPDATE start ioctl failed
E/PPDaemon(  344): MSMFB_NOTIFY_UPDATE start ioctl failed
E/PPDaemon(  344): MSMFB_NOTIFY_UPDATE start ioctl failed
E/PPDaemon(  344): MSMFB_NOTIFY_UPDATE start ioctl failed
E/PPDaemon(  344): MSMFB_NOTIFY_UPDATE start ioctl failed
E/PPDaemon(  344): MSMFB_NOTIFY_UPDATE start ioctl failed
E/PPDaemon(  344): MSMFB_NOTIFY_UPDATE start ioctl failed
E/PPDaemon(  344): MSMFB_NOTIFY_UPDATE start ioctl failed
E/PPDaemon(  344): MSMFB_NOTIFY_UPDATE start ioctl failed
E/PPDaemon(  344): MSMFB_NOTIFY_UPDATE start ioctl failed
E/PPDaemon(  344): MSMFB_NOTIFY_UPDATE start ioctl failed
E/PPDaemon(  344): MSMFB_NOTIFY_UPDATE start ioctl failed
E/PPDaemon(  344): MSMFB_NOTIFY_UPDATE start ioctl failed
E/PPDaemon(  344): MSMFB_NOTIFY_UPDATE start ioctl failed
E/PPDaemon(  344): MSMFB_NOTIFY_UPDATE start ioctl failed
E/PPDaemon(  344): MSMFB_NOTIFY_UPDATE start ioctl failed
E/PPDaemon(  344): MSMFB_NOTIFY_UPDATE start ioctl failed
E/PPDaemon(  344): MSMFB_NOTIFY_UPDATE start ioctl failed
E/PPDaemon(  344): MSMFB_NOTIFY_UPDATE start ioctl failed
E/PPDaemon(  344): MSMFB_NOTIFY_UPDATE start ioctl failed
E/PPDaemon(  344): MSMFB_NOTIFY_UPDATE start ioctl failed
E/PPDaemon(  344): MSMFB_NOTIFY_UPDATE start ioctl failed
E/PPDaemon(  344): MSMFB_NOTIFY_UPDATE start ioctl failed
E/PPDaemon(  344): MSMFB_NOTIFY_UPDATE start ioctl failed
E/PPDaemon(  344): MSMFB_NOTIFY_UPDATE start ioctl failed
E/PPDaemon(  344): MSMFB_NOTIFY_UPDATE start ioctl failed
E/PPDaemon(  344): MSMFB_NOTIFY_UPDATE start ioctl failed
E/PPDaemon(  344): MSMFB_NOTIFY_UPDATE start ioctl failed
E/PPDaemon(  344): MSMFB_NOTIFY_UPDATE start ioctl failed
E/PPDaemon(  344): MSMFB_NOTIFY_UPDATE start ioctl failed
E/PPDaemon(  344): MSMFB_NOTIFY_UPDATE start ioctl failed
E/PPDaemon(  344): MSMFB_NOTIFY_UPDATE start ioctl failed
E/PPDaemon(  344): MSMFB_NOTIFY_UPDATE start ioctl failed
E/PPDaemon(  344): MSMFB_NOTIFY_UPDATE start ioctl failed
E/PPDaemon(  344): MSMFB_NOTIFY_UPDATE start ioctl failed
E/PPDaemon(  344): MSMFB_NOTIFY_UPDATE start ioctl failed
E/PPDaemon(  344): MSMFB_NOTIFY_UPDATE start ioctl failed
E/PPDaemon(  344): MSMFB_NOTIFY_UPDATE start ioctl failed
E/PPDaemon(  344): MSMFB_NOTIFY_UPDATE start ioctl failed
E/PPDaemon(  344): MSMFB_NOTIFY_UPDATE start ioctl failed
E/PPDaemon(  344): MSMFB_NOTIFY_UPDATE start ioctl failed
E/PPDaemon(  344): MSMFB_NOTIFY_UPDATE start ioctl failed
E/PPDaemon(  344): MSMFB_NOTIFY_UPDATE start ioctl failed
E/PPDaemon(  344): MSMFB_NOTIFY_UPDATE start ioctl failed
E/PPDaemon(  344): MSMFB_NOTIFY_UPDATE start ioctl failed
E/PPDaemon(  344): MSMFB_NOTIFY_UPDATE start ioctl failed
E/PPDaemon(  344): MSMFB_NOTIFY_UPDATE start ioctl failed
E/PPDaemon(  344): MSMFB_NOTIFY_UPDATE start ioctl failed
E/PPDaemon(  344): MSMFB_NOTIFY_UPDATE start ioctl failed
E/PPDaemon(  344): MSMFB_NOTIFY_UPDATE start ioctl failed
E/PPDaemon(  344): MSMFB_NOTIFY_UPDATE start ioctl failed
E/PPDaemon(  344): MSMFB_NOTIFY_UPDATE start ioctl failed
E/PPDaemon(  344): MSMFB_NOTIFY_UPDATE start ioctl failed
E/PPDaemon(  344): MSMFB_NOTIFY_UPDATE start ioctl failed
E/PPDaemon(  344): MSMFB_NOTIFY_UPDATE start ioctl failed
E/PPDaemon(  344): MSMFB_NOTIFY_UPDATE start ioctl failed
E/PPDaemon(  344): MSMFB_NOTIFY_UPDATE start ioctl failed
E/PPDaemon(  344): MSMFB_NOTIFY_UPDATE start ioctl failed
E/PPDaemon(  344): MSMFB_NOTIFY_UPDATE start ioctl failed
E/PPDaemon(  344): MSMFB_NOTIFY_UPDATE start ioctl failed
E/PPDaemon(  344): MSMFB_NOTIFY_UPDATE start ioctl failed
E/PPDaemon(  344): MSMFB_NOTIFY_UPDATE start ioctl failed
E/PPDaemon(  344): MSMFB_NOTIFY_UPDATE start ioctl failed
E/PPDaemon(  344): MSMFB_NOTIFY_UPDATE start ioctl failed
E/PPDaemon(  344): MSMFB_NOTIFY_UPDATE start ioctl failed
E/PPDaemon(  344): MSMFB_NOTIFY_UPDATE start ioctl failed
E/PPDaemon(  344): MSMFB_NOTIFY_UPDATE start ioctl failed
E/PPDaemon(  344): MSMFB_NOTIFY_UPDATE start ioctl failed
E/PPDaemon(  344): MSMFB_NOTIFY_UPDATE start ioctl failed
E/PPDaemon(  344): MSMFB_NOTIFY_UPDATE start ioctl failed
E/PPDaemon(  344): MSMFB_NOTIFY_UPDATE start ioctl failed
E/PPDaemon(  344): MSMFB_NOTIFY_UPDATE start ioctl failed
E/PPDaemon(  344): MSMFB_NOTIFY_UPDATE start ioctl failed
E/PPDaemon(  344): MSMFB_NOTIFY_UPDATE start ioctl failed
E/PPDaemon(  344): MSMFB_NOTIFY_UPDATE start ioctl failed
E/PPDaemon(  344): MSMFB_NOTIFY_UPDATE start ioctl failed
E/PPDaemon(  344): MSMFB_NOTIFY_UPDATE start ioctl failed
E/PPDaemon(  344): MSMFB_NOTIFY_UPDATE start ioctl failed
E/PPDaemon(  344): MSMFB_NOTIFY_UPDATE start ioctl failed
E/PPDaemon(  344): MSMFB_NOTIFY_UPDATE start ioctl failed
E/PPDaemon(  344): MSMFB_NOTIFY_UPDATE start ioctl failed
E/PPDaemon(  344): MSMFB_NOTIFY_UPDATE start ioctl failed
E/PPDaemon(  344): MSMFB_NOTIFY_UPDATE start ioctl failed
E/PPDaemon(  344): MSMFB_NOTIFY_UPDATE start ioctl failed
E/PPDaemon(  344): MSMFB_NOTIFY_UPDATE start ioctl failed
E/PPDaemon(  344): MSMFB_NOTIFY_UPDATE start ioctl failed
E/PPDaemon(  344): MSMFB_NOTIFY_UPDATE start ioctl failed
E/PPDaemon(  344): MSMFB_NOTIFY_UPDATE start ioctl failed
E/PPDaemon(  344): MSMFB_NOTIFY_UPDATE start ioctl failed
E/PPDaemon(  344): MSMFB_NOTIFY_UPDATE start ioctl failed
E/PPDaemon(  344): MSMFB_NOTIFY_UPDATE start ioctl failed
E/PPDaemon(  344): MSMFB_NOTIFY_UPDATE start ioctl failed
E/PPDaemon(  344): MSMFB_NOTIFY_UPDATE start ioctl failed
E/PPDaemon(  344): MSMFB_NOTIFY_UPDATE start ioctl failed
E/PPDaemon(  344): MSMFB_NOTIFY_UPDATE start ioctl failed
E/PPDaemon(  344): MSMFB_NOTIFY_UPDATE start ioctl failed
E/PPDaemon(  344): MSMFB_NOTIFY_UPDATE start ioctl failed
E/PPDaemon(  344): MSMFB_NOTIFY_UPDATE start ioctl failed
E/PPDaemon(  344): MSMFB_NOTIFY_UPDATE start ioctl failed
E/PPDaemon(  344): MSMFB_NOTIFY_UPDATE start ioctl failed
E/PPDaemon(  344): MSMFB_NOTIFY_UPDATE start ioctl failed
E/PPDaemon(  344): MSMFB_NOTIFY_UPDATE start ioctl failed
E/PPDaemon(  344): MSMFB_NOTIFY_UPDATE start ioctl failed
E/PPDaemon(  344): MSMFB_NOTIFY_UPDATE start ioctl failed
E/PPDaemon(  344): MSMFB_NOTIFY_UPDATE start ioctl failed
E/PPDaemon(  344): MSMFB_NOTIFY_UPDATE start ioctl failed
E/PPDaemon(  344): MSMFB_NOTIFY_UPDATE start ioctl failed
E/PPDaemon(  344): MSMFB_NOTIFY_UPDATE start ioctl failed
E/PPDaemon(  344): MSMFB_NOTIFY_UPDATE start ioctl failed
E/PPDaemon(  344): MSMFB_NOTIFY_UPDATE start ioctl failed
E/PPDaemon(  344): MSMFB_NOTIFY_UPDATE start ioctl failed
E/PPDaemon(  344): MSMFB_NOTIFY_UPDATE start ioctl failed
E/PPDaemon(  344): MSMFB_NOTIFY_UPDATE start ioctl failed
E/PPDaemon(  344): MSMFB_NOTIFY_UPDATE start ioctl failed
E/PPDaemon(  344): MSMFB_NOTIFY_UPDATE start ioctl failed
E/PPDaemon(  344): MSMFB_NOTIFY_UPDATE start ioctl failed
E/PPDaemon(  344): MSMFB_NOTIFY_UPDATE start ioctl failed
E/PPDaemon(  344): MSMFB_NOTIFY_UPDATE start ioctl failed
E/PPDaemon(  344): MSMFB_NOTIFY_UPDATE start ioctl failed
E/PPDaemon(  344): MSMFB_NOTIFY_UPDATE start ioctl failed
E/PPDaemon(  344): MSMFB_NOTIFY_UPDATE start ioctl failed
E/PPDaemon(  344): MSMFB_NOTIFY_UPDATE start ioctl failed
E/PPDaemon(  344): MSMFB_NOTIFY_UPDATE start ioctl failed
E/PPDaemon(  344): MSMFB_NOTIFY_UPDATE start ioctl failed
E/PPDaemon(  344): MSMFB_NOTIFY_UPDATE start ioctl failed
E/PPDaemon(  344): MSMFB_NOTIFY_UPDATE start ioctl failed
E/PPDaemon(  344): MSMFB_NOTIFY_UPDATE start ioctl failed
E/PPDaemon(  344): MSMFB_NOTIFY_UPDATE start ioctl failed
E/PPDaemon(  344): MSMFB_NOTIFY_UPDATE start ioctl failed
E/PPDaemon(  344): MSMFB_NOTIFY_UPDATE start ioctl failed
E/PPDaemon(  344): MSMFB_NOTIFY_UPDATE start ioctl failed
E/PPDaemon(  344): MSMFB_NOTIFY_UPDATE start ioctl failed
E/PPDaemon(  344): MSMFB_NOTIFY_UPDATE start ioctl failed
E/PPDaemon(  344): MSMFB_NOTIFY_UPDATE start ioctl failed
E/PPDaemon(  344): MSMFB_NOTIFY_UPDATE start ioctl failed
E/PPDaemon(  344): MSMFB_NOTIFY_UPDATE start ioctl failed
E/PPDaemon(  344): MSMFB_NOTIFY_UPDATE start ioctl failed
E/AudioPolicyManager(  301): unknown stream type 13
E/AudioPolicyManager(  301): unknown stream type 13
E/AudioPolicyManager(  301): unknown stream type 13
E/AudioPolicyManager(  301): unknown stream type 13
E/AudioPolicyManager(  301): unknown stream type 13
E/PPDaemon(  344): MSMFB_NOTIFY_UPDATE start ioctl failed
E/AudioPolicyManager(  301): unknown stream type 13
E/PPDaemon(  344): MSMFB_NOTIFY_UPDATE start ioctl failed
E/AudioPolicyManager(  301): unknown stream type 13
E/AudioPolicyManager(  301): unknown stream type 13
E/PPDaemon(  344): MSMFB_NOTIFY_UPDATE start ioctl failed
E/AudioPolicyManager(  301): unknown stream type 13
E/PPDaemon(  344): MSMFB_NOTIFY_UPDATE start ioctl failed
E/AudioPolicyManager(  301): unknown stream type 13
E/PPDaemon(  344): MSMFB_NOTIFY_UPDATE start ioctl failed
E/AudioPolicyManager(  301): unknown stream type 13
E/PPDaemon(  344): MSMFB_NOTIFY_UPDATE start ioctl failed
E/AudioPolicyManager(  301): unknown stream type 13
E/PPDaemon(  344): MSMFB_NOTIFY_UPDATE start ioctl failed
E/AudioPolicyManager(  301): unknown stream type 13
E/PPDaemon(  344): MSMFB_NOTIFY_UPDATE start ioctl failed
E/PPDaemon(  344): MSMFB_NOTIFY_UPDATE start ioctl failed
E/AudioPolicyManager(  301): unknown stream type 13
E/PPDaemon(  344): MSMFB_NOTIFY_UPDATE start ioctl failed
E/AudioPolicyManager(  301): unknown stream type 13
E/PPDaemon(  344): MSMFB_NOTIFY_UPDATE start ioctl failed
E/PPDaemon(  344): MSMFB_NOTIFY_UPDATE start ioctl failed
E/PPDaemon(  344): MSMFB_NOTIFY_UPDATE start ioctl failed
E/PPDaemon(  344): MSMFB_NOTIFY_UPDATE start ioctl failed
E/PPDaemon(  344): MSMFB_NOTIFY_UPDATE start ioctl failed
E/PPDaemon(  344): MSMFB_NOTIFY_UPDATE start ioctl failed
E/PPDaemon(  344): MSMFB_NOTIFY_UPDATE start ioctl failed
E/PPDaemon(  344): MSMFB_NOTIFY_UPDATE start ioctl failed
E/PPDaemon(  344): MSMFB_NOTIFY_UPDATE start ioctl failed
E/PPDaemon(  344): MSMFB_NOTIFY_UPDATE start ioctl failed
E/PPDaemon(  344): MSMFB_NOTIFY_UPDATE start ioctl failed
E/PPDaemon(  344): MSMFB_NOTIFY_UPDATE start ioctl failed
E/PPDaemon(  344): MSMFB_NOTIFY_UPDATE start ioctl failed
E/PPDaemon(  344): MSMFB_NOTIFY_UPDATE start ioctl failed
E/PPDaemon(  344): MSMFB_NOTIFY_UPDATE start ioctl failed
E/PPDaemon(  344): MSMFB_NOTIFY_UPDATE start ioctl failed
E/PPDaemon(  344): MSMFB_NOTIFY_UPDATE start ioctl failed
E/PPDaemon(  344): MSMFB_NOTIFY_UPDATE start ioctl failed
E/PPDaemon(  344): MSMFB_NOTIFY_UPDATE start ioctl failed
E/PPDaemon(  344): MSMFB_NOTIFY_UPDATE start ioctl failed
E/PPDaemon(  344): MSMFB_NOTIFY_UPDATE start ioctl failed
E/PPDaemon(  344): MSMFB_NOTIFY_UPDATE start ioctl failed
E/PPDaemon(  344): MSMFB_NOTIFY_UPDATE start ioctl failed
E/PPDaemon(  344): MSMFB_NOTIFY_UPDATE start ioctl failed
E/PPDaemon(  344): MSMFB_NOTIFY_UPDATE start ioctl failed
E/PPDaemon(  344): MSMFB_NOTIFY_UPDATE start ioctl failed
E/PPDaemon(  344): MSMFB_NOTIFY_UPDATE start ioctl failed
E/PPDaemon(  344): MSMFB_NOTIFY_UPDATE start ioctl failed
E/PPDaemon(  344): MSMFB_NOTIFY_UPDATE start ioctl failed
E/PPDaemon(  344): MSMFB_NOTIFY_UPDATE start ioctl failed
E/PPDaemon(  344): MSMFB_NOTIFY_UPDATE start ioctl failed
E/PPDaemon(  344): MSMFB_NOTIFY_UPDATE start ioctl failed
E/PPDaemon(  344): MSMFB_NOTIFY_UPDATE start ioctl failed
E/PPDaemon(  344): MSMFB_NOTIFY_UPDATE start ioctl failed
E/PPDaemon(  344): MSMFB_NOTIFY_UPDATE start ioctl failed
E/PPDaemon(  344): MSMFB_NOTIFY_UPDATE start ioctl failed
E/PPDaemon(  344): MSMFB_NOTIFY_UPDATE start ioctl failed
E/PPDaemon(  344): MSMFB_NOTIFY_UPDATE start ioctl failed
E/PPDaemon(  344): MSMFB_NOTIFY_UPDATE start ioctl failed
E/PPDaemon(  344): MSMFB_NOTIFY_UPDATE start ioctl failed
E/PPDaemon(  344): MSMFB_NOTIFY_UPDATE start ioctl failed
E/PPDaemon(  344): MSMFB_NOTIFY_UPDATE start ioctl failed
E/PPDaemon(  344): MSMFB_NOTIFY_UPDATE start ioctl failed
E/PPDaemon(  344): MSMFB_NOTIFY_UPDATE start ioctl failed
E/PPDaemon(  344): MSMFB_NOTIFY_UPDATE start ioctl failed
E/PPDaemon(  344): MSMFB_NOTIFY_UPDATE start ioctl failed
E/PPDaemon(  344): MSMFB_NOTIFY_UPDATE start ioctl failed
E/PPDaemon(  344): MSMFB_NOTIFY_UPDATE start ioctl failed
E/PPDaemon(  344): MSMFB_NOTIFY_UPDATE start ioctl failed
E/PPDaemon(  344): MSMFB_NOTIFY_UPDATE start ioctl failed
E/PPDaemon(  344): MSMFB_NOTIFY_UPDATE start ioctl failed
E/PPDaemon(  344): MSMFB_NOTIFY_UPDATE start ioctl failed
E/PPDaemon(  344): MSMFB_NOTIFY_UPDATE start ioctl failed
E/PPDaemon(  344): MSMFB_NOTIFY_UPDATE start ioctl failed
E/PPDaemon(  344): MSMFB_NOTIFY_UPDATE start ioctl failed
E/PPDaemon(  344): MSMFB_NOTIFY_UPDATE start ioctl failed
E/PPDaemon(  344): MSMFB_NOTIFY_UPDATE start ioctl failed
E/PPDaemon(  344): MSMFB_NOTIFY_UPDATE start ioctl failed
E/PPDaemon(  344): MSMFB_NOTIFY_UPDATE start ioctl failed
E/PPDaemon(  344): MSMFB_NOTIFY_UPDATE start ioctl failed
E/PPDaemon(  344): MSMFB_NOTIFY_UPDATE start ioctl failed
E/PPDaemon(  344): MSMFB_NOTIFY_UPDATE start ioctl failed
E/PPDaemon(  344): MSMFB_NOTIFY_UPDATE start ioctl failed
E/PPDaemon(  344): MSMFB_NOTIFY_UPDATE start ioctl failed
E/PPDaemon(  344): MSMFB_NOTIFY_UPDATE start ioctl failed
E/PPDaemon(  344): MSMFB_NOTIFY_UPDATE start ioctl failed
E/PPDaemon(  344): MSMFB_NOTIFY_UPDATE start ioctl failed
E/PPDaemon(  344): MSMFB_NOTIFY_UPDATE start ioctl failed
E/PPDaemon(  344): MSMFB_NOTIFY_UPDATE start ioctl failed
E/PPDaemon(  344): MSMFB_NOTIFY_UPDATE start ioctl failed
E/PPDaemon(  344): MSMFB_NOTIFY_UPDATE start ioctl failed
E/PPDaemon(  344): MSMFB_NOTIFY_UPDATE start ioctl failed
E/PPDaemon(  344): MSMFB_NOTIFY_UPDATE start ioctl failed
E/PPDaemon(  344): MSMFB_NOTIFY_UPDATE start ioctl failed
E/PPDaemon(  344): MSMFB_NOTIFY_UPDATE start ioctl failed
E/PPDaemon(  344): MSMFB_NOTIFY_UPDATE start ioctl failed
E/PPDaemon(  344): MSMFB_NOTIFY_UPDATE start ioctl failed
E/PPDaemon(  344): MSMFB_NOTIFY_UPDATE start ioctl failed
E/PPDaemon(  344): MSMFB_NOTIFY_UPDATE start ioctl failed
E/PPDaemon(  344): MSMFB_NOTIFY_UPDATE start ioctl failed
E/PPDaemon(  344): MSMFB_NOTIFY_UPDATE start ioctl failed
E/PPDaemon(  344): MSMFB_NOTIFY_UPDATE start ioctl failed
E/PPDaemon(  344): MSMFB_NOTIFY_UPDATE start ioctl failed
E/PPDaemon(  344): MSMFB_NOTIFY_UPDATE start ioctl failed
E/PPDaemon(  344): MSMFB_NOTIFY_UPDATE start ioctl failed
E/PPDaemon(  344): MSMFB_NOTIFY_UPDATE start ioctl failed
E/PPDaemon(  344): MSMFB_NOTIFY_UPDATE start ioctl failed
E/PPDaemon(  344): MSMFB_NOTIFY_UPDATE start ioctl failed
E/PPDaemon(  344): MSMFB_NOTIFY_UPDATE start ioctl failed
E/PPDaemon(  344): MSMFB_NOTIFY_UPDATE start ioctl failed
E/PPDaemon(  344): MSMFB_NOTIFY_UPDATE start ioctl failed
E/PPDaemon(  344): MSMFB_NOTIFY_UPDATE start ioctl failed
E/PPDaemon(  344): MSMFB_NOTIFY_UPDATE start ioctl failed
E/PPDaemon(  344): MSMFB_NOTIFY_UPDATE start ioctl failed
E/PPDaemon(  344): MSMFB_NOTIFY_UPDATE start ioctl failed
E/PPDaemon(  344): MSMFB_NOTIFY_UPDATE start ioctl failed
E/PPDaemon(  344): MSMFB_NOTIFY_UPDATE start ioctl failed
E/PPDaemon(  344): MSMFB_NOTIFY_UPDATE start ioctl failed
E/PPDaemon(  344): MSMFB_NOTIFY_UPDATE start ioctl failed
E/PPDaemon(  344): MSMFB_NOTIFY_UPDATE start ioctl failed
E/PPDaemon(  344): MSMFB_NOTIFY_UPDATE start ioctl failed
E/PPDaemon(  344): MSMFB_NOTIFY_UPDATE start ioctl failed
E/PPDaemon(  344): MSMFB_NOTIFY_UPDATE start ioctl failed
E/PPDaemon(  344): MSMFB_NOTIFY_UPDATE start ioctl failed
E/PPDaemon(  344): MSMFB_NOTIFY_UPDATE start ioctl failed
E/PPDaemon(  344): MSMFB_NOTIFY_UPDATE start ioctl failed
E/PPDaemon(  344): MSMFB_NOTIFY_UPDATE start ioctl failed
E/PPDaemon(  344): MSMFB_NOTIFY_UPDATE start ioctl failed
E/PPDaemon(  344): MSMFB_NOTIFY_UPDATE start ioctl failed
E/PPDaemon(  344): MSMFB_NOTIFY_UPDATE start ioctl failed
E/PPDaemon(  344): MSMFB_NOTIFY_UPDATE start ioctl failed
E/PPDaemon(  344): MSMFB_NOTIFY_UPDATE start ioctl failed
E/PPDaemon(  344): MSMFB_NOTIFY_UPDATE start ioctl failed
E/PPDaemon(  344): MSMFB_NOTIFY_UPDATE start ioctl failed
E/PPDaemon(  344): MSMFB_NOTIFY_UPDATE start ioctl failed
D/telpo_native(  775): usb_printer_write data start!
D/telpo_native(  775): usb_printer_write start!
E/telpo_native(  775): ret = 25
D/telpo_native(  775): handle_emv_serial_read_write_cmd: usb write length = 25
E/telpo_native(  775): serial_read:start read
E/telpo_native(  775): serial_read:serial_read read_size = 0
D/telpo_native(  775): handle_emv_serial_read_write_cmd: usb_printer_read length = 20
I/telpo_native(  775): 0b
I/telpo_native(  775): b0
I/telpo_native(  775): 96
I/telpo_native(  775): 69
I/telpo_native(  775): 04
I/telpo_native(  775): 00
I/telpo_native(  775): 00
I/telpo_native(  775): 00
I/telpo_native(  775): 34
I/telpo_native(  775): 00
I/telpo_native(  775): 04
I/telpo_native(  775): 01
I/telpo_native(  775): 00
I/telpo_native(  775): 00
I/telpo_native(  775): 00
I/telpo_native(  775): 00
I/telpo_native(  775): 00
I/telpo_native(  775): 00
I/telpo_native(  775): 00
I/telpo_native(  775): 00
I/telpo_native(  775): 
D/telpo_native(  775): handle_emv_serial_read_write_cmd: parse successfully!
I/telpo_native(  775): handle_emv_serial_read_write_cmd: receive data length is 20
I/telpo_native(  775): 0b
I/telpo_native(  775): b0
I/telpo_native(  775): 96
I/telpo_native(  775): 69
I/telpo_native(  775): 04
I/telpo_native(  775): 00
I/telpo_native(  775): 00
I/telpo_native(  775): 00
I/telpo_native(  775): 34
I/telpo_native(  775): 00
I/telpo_native(  775): 04
I/telpo_native(  775): 01
I/telpo_native(  775): 00
I/telpo_native(  775): 00
I/telpo_native(  775): 00
I/telpo_native(  775): 00
I/telpo_native(  775): 00
I/telpo_native(  775): 00
I/telpo_native(  775): 00
I/telpo_native(  775): 00
I/telpo_native(  775): 
D/telpo_native(22293): CallIntMethod return ret = 0 length = 20
I/WindowManager(  775): mDock rect: (0,0 - 720,1280)
V/WindowManager(  775): Status bar: dock=[0,50][720,1280] content=[0,50][720,1280] cur=[0,50][720,1280]
V/WindowManager(  775): layoutWindowLw(): normal window
V/WindowManager(  775): Compute frame : sim=#20 attach=null type=2015 flags=0x01000018 pf=[0,50][720,1280] df=[0,50][720,1280] of=[0,50][720,1280] cf=[0,50][720,1280] vf=[0,50][720,1280] dcf=[0,0][720,1280] sf=[0,50][720,1280]
V/WindowManager(  775): layoutWindowLw(Toast): normal window
V/WindowManager(  775): Compute frame Toast: sim=#20 attach=null type=2005 flags=0x01000098 pf=[0,50][720,1280] df=[0,50][720,1280] of=[0,50][720,1280] cf=[0,50][720,1280] vf=[0,50][720,1280] dcf=[0,0][720,1280] sf=[0,50][720,1280]
V/WindowManager(  775): layoutWindowLw(com.interswitchng.interswitchpossdkdemo.telpo.v2.debug/com.interswitchng.smartpos.modules.main.MainActivity): IN_SCREEN, INSET_DECOR
V/WindowManager(  775): Compute frame com.interswitchng.interswitchpossdkdemo.telpo.v2.debug/com.interswitchng.smartpos.modules.main.MainActivity: sim=#20 attach=null type=1 flags=0x81810100 pf=[0,0][720,1280] df=[0,0][720,1280] of=[0,0][720,1280] cf=[0,50][720,1280] vf=[0,50][720,1280] dcf=[0,0][720,1280] sf=[0,50][720,1280]
I/WindowManager(  775): Win Window{bff5d73 u0 android}: isVisibleOrBehindKeyguardLw=true
I/WindowManager(  775): Win Window{7989c4a u0 StatusBar}: isVisibleOrBehindKeyguardLw=true
I/WindowManager(  775): Win Window{2af01258 u0 Toast EXITING}: isVisibleOrBehindKeyguardLw=false
I/WindowManager(  775): Win Window{313e19d6 u0 com.interswitchng.interswitchpossdkdemo.telpo.v2.debug/com.interswitchng.smartpos.modules.main.MainActivity}: isVisibleOrBehindKeyguardLw=true
V/WindowManager(  775): Fullscreen window: Window{313e19d6 u0 com.interswitchng.interswitchpossdkdemo.telpo.v2.debug/com.interswitchng.smartpos.modules.main.MainActivity}
I/WindowManager(  775): Win Window{1ea30909 u0 com.android.phasebeam.PhaseBeamWallpaper}: isVisibleOrBehindKeyguardLw=false
I/WindowManager(  775): force=false forcefkg=false top=Window{313e19d6 u0 com.interswitchng.interswitchpossdkdemo.telpo.v2.debug/com.interswitchng.smartpos.modules.main.MainActivity}
D/WindowManager(  775): frame: Rect(0, 0 - 720, 1280) shown frame: RectF(0.0, 0.0, 720.0, 1280.0)
D/WindowManager(  775): attr: WM.LayoutParams{(0,0)(fillxfill) sim=#20 ty=1 fl=#81810100 wanim=0x1030467 vsysui=0x600 surfaceInsets=Rect(0, 0 - 0, 0) needsMenuKey=2} lp.flags=0x81810100
V/WindowManager(  775): ** SHOWING status bar: top is not fullscreen
V/WindowManager(  775): finishPostLayoutPolicyLw: mHideKeyguard=false
D/BatteryMeterView( 2940): onDraw level = 93
W/EmvService(22293): InputPin: 1
E/EMV_LIB (22293): Send APDU:13
E/EMV_LIB (22293): <<<   >>> [13]
E/EMV_LIB (22293): 00 20 00 80 08 24 42 51 FF FF FF FF FF 
D/telpo_native(  775): usb_printer_write data start!
D/telpo_native(  775): usb_printer_write start!
E/telpo_native(  775): ret = 38
D/telpo_native(  775): handle_emv_serial_read_write_cmd: usb write length = 38
E/telpo_native(  775): Cannot find response header
D/telpo_native(  775): handle_emv_serial_read_write_cmd: not enough data receive,continue
E/telpo_native(  775): Cannot find response header
D/telpo_native(  775): handle_emv_serial_read_write_cmd: not enough data receive,continue
E/telpo_native(  775): Cannot find response header
D/telpo_native(  775): handle_emv_serial_read_write_cmd: not enough data receive,continue
E/telpo_native(  775): Cannot find response header
D/telpo_native(  775): handle_emv_serial_read_write_cmd: not enough data receive,continue
E/telpo_native(  775): Cannot find response header
D/telpo_native(  775): handle_emv_serial_read_write_cmd: not enough data receive,continue
E/telpo_native(  775): Cannot find response header
