V/WindowManager(  775): Compute frame com.interswitchng.interswitchpossdkdemo.telpo.v2.debug/com.interswitchng.smartpos.modules.menu.settings.TerminalSettingsActivity: sim=#120 attach=null type=1 flags=0x81810100 pf=[0,0][720,1280] df=[0,0][720,1280] of=[0,0][720,1280] cf=[0,50][720,1280] vf=[0,50][720,1280] dcf=[0,0][720,1280] sf=[0,50][720,1280]
V/WindowManager(  775): layoutWindowLw(com.android.phasebeam.PhaseBeamWallpaper): IN_SCREEN
V/WindowManager(  775): Compute frame com.android.phasebeam.PhaseBeamWallpaper: sim=#0 attach=null type=2013 flags=0x00000308 pf=[0,0][720,1280] df=[-10000,-10000][10000,10000] of=[0,0][720,1280] cf=[0,0][720,1280] vf=[0,50][720,1280] dcf=[0,0][720,1280] sf=[0,50][720,1280]
I/WindowManager(  775): Win Window{bff5d73 u0 android}: isVisibleOrBehindKeyguardLw=true
I/WindowManager(  775): Win Window{7989c4a u0 StatusBar}: isVisibleOrBehindKeyguardLw=true
I/WindowManager(  775): Win Window{4293eee u0 com.interswitchng.interswitchpossdkdemo.telpo.v2.debug/com.interswitchng.smartpos.modules.menu.settings.TerminalSettingsActivity}: isVisibleOrBehindKeyguardLw=true
V/WindowManager(  775): Fullscreen window: Window{4293eee u0 com.interswitchng.interswitchpossdkdemo.telpo.v2.debug/com.interswitchng.smartpos.modules.menu.settings.TerminalSettingsActivity}
I/WindowManager(  775): Win Window{1ea30909 u0 com.android.phasebeam.PhaseBeamWallpaper}: isVisibleOrBehindKeyguardLw=true
I/WindowManager(  775): force=false forcefkg=true top=Window{4293eee u0 com.interswitchng.interswitchpossdkdemo.telpo.v2.debug/com.interswitchng.smartpos.modules.menu.settings.TerminalSettingsActivity}
V/WindowManager(  775): Showing status bar: forced
V/WindowManager(  775): finishPostLayoutPolicyLw: mHideKeyguard=false
I/WindowManager(  775): mDock rect: (0,0 - 720,1280)
V/WindowManager(  775): Status bar: dock=[0,50][720,1280] content=[0,50][720,1280] cur=[0,50][720,1280]
V/WindowManager(  775): layoutWindowLw(): normal window
V/WindowManager(  775): Compute frame : sim=#20 attach=null type=2015 flags=0x01000018 pf=[0,50][720,1280] df=[0,50][720,1280] of=[0,50][720,1280] cf=[0,50][720,1280] vf=[0,50][720,1280] dcf=[0,0][720,1280] sf=[0,50][720,1280]
V/WindowManager(  775): Compute frame StatusBar: sim=#10 attach=null type=2000 flags=0x81960040 pf=[0,0][720,1280] df=[0,0][720,1280] of=[0,0][720,1280] cf=[0,50][720,1280] vf=[0,50][720,1280] dcf=[0,0][0,0] sf=[0,50][720,1280]
V/WindowManager(  775): layoutWindowLw(com.interswitchng.interswitchpossdkdemo.telpo.v2.debug/com.interswitchng.smartpos.modules.menu.settings.TerminalSettingsActivity): IN_SCREEN, INSET_DECOR
V/WindowManager(  775): Compute frame com.interswitchng.interswitchpossdkdemo.telpo.v2.debug/com.interswitchng.smartpos.modules.menu.settings.TerminalSettingsActivity: sim=#120 attach=null type=1 flags=0x81810100 pf=[0,0][720,1280] df=[0,0][720,1280] of=[0,0][720,1280] cf=[0,50][720,1280] vf=[0,50][720,1280] dcf=[0,0][720,1280] sf=[0,50][720,1280]
V/WindowManager(  775): layoutWindowLw(com.android.phasebeam.PhaseBeamWallpaper): IN_SCREEN
V/WindowManager(  775): Compute frame com.android.phasebeam.PhaseBeamWallpaper: sim=#0 attach=null type=2013 flags=0x00000308 pf=[0,0][720,1280] df=[-10000,-10000][10000,10000] of=[0,0][720,1280] cf=[0,0][720,1280] vf=[0,50][720,1280] dcf=[0,0][720,1280] sf=[0,50][720,1280]
I/WindowManager(  775): Win Window{bff5d73 u0 android}: isVisibleOrBehindKeyguardLw=true
I/WindowManager(  775): Win Window{7989c4a u0 StatusBar}: isVisibleOrBehindKeyguardLw=true
I/WindowManager(  775): Win Window{4293eee u0 com.interswitchng.interswitchpossdkdemo.telpo.v2.debug/com.interswitchng.smartpos.modules.menu.settings.TerminalSettingsActivity}: isVisibleOrBehindKeyguardLw=true
V/WindowManager(  775): Fullscreen window: Window{4293eee u0 com.interswitchng.interswitchpossdkdemo.telpo.v2.debug/com.interswitchng.smartpos.modules.menu.settings.TerminalSettingsActivity}
I/WindowManager(  775): Win Window{1ea30909 u0 com.android.phasebeam.PhaseBeamWallpaper}: isVisibleOrBehindKeyguardLw=true
I/WindowManager(  775): force=false forcefkg=true top=Window{4293eee u0 com.interswitchng.interswitchpossdkdemo.telpo.v2.debug/com.interswitchng.smartpos.modules.menu.settings.TerminalSettingsActivity}
V/WindowManager(  775): Showing status bar: forced
V/WindowManager(  775): finishPostLayoutPolicyLw: mHideKeyguard=false
I/WindowManager(  775): Win Window{bff5d73 u0 android}: isVisibleOrBehindKeyguardLw=true
I/WindowManager(  775): Win Window{7989c4a u0 StatusBar}: isVisibleOrBehindKeyguardLw=true
I/WindowManager(  775): Win Window{4293eee u0 com.interswitchng.interswitchpossdkdemo.telpo.v2.debug/com.interswitchng.smartpos.modules.menu.settings.TerminalSettingsActivity}: isVisibleOrBehindKeyguardLw=true
V/WindowManager(  775): Fullscreen window: Window{4293eee u0 com.interswitchng.interswitchpossdkdemo.telpo.v2.debug/com.interswitchng.smartpos.modules.menu.settings.TerminalSettingsActivity}
I/WindowManager(  775): Win Window{1ea30909 u0 com.android.phasebeam.PhaseBeamWallpaper}: isVisibleOrBehindKeyguardLw=true
I/WindowManager(  775): force=false forcefkg=true top=Window{4293eee u0 com.interswitchng.interswitchpossdkdemo.telpo.v2.debug/com.interswitchng.smartpos.modules.menu.settings.TerminalSettingsActivity}
V/WindowManager(  775): Showing status bar: forced
V/WindowManager(  775): finishPostLayoutPolicyLw: mHideKeyguard=false
I/WindowManager(  775): mDock rect: (0,0 - 720,1280)
V/WindowManager(  775): Status bar: dock=[0,50][720,1280] content=[0,50][720,1280] cur=[0,50][720,1280]
V/WindowManager(  775): layoutWindowLw(): normal window
V/WindowManager(  775): Compute frame : sim=#20 attach=null type=2015 flags=0x01000018 pf=[0,50][720,1280] df=[0,50][720,1280] of=[0,50][720,1280] cf=[0,50][720,1280] vf=[0,50][720,1280] dcf=[0,0][720,1280] sf=[0,50][720,1280]
V/WindowManager(  775): Compute frame StatusBar: sim=#10 attach=null type=2000 flags=0x81960040 pf=[0,0][720,1280] df=[0,0][720,1280] of=[0,0][720,1280] cf=[0,50][720,1280] vf=[0,50][720,1280] dcf=[0,0][0,0] sf=[0,50][720,1280]
V/WindowManager(  775): layoutWindowLw(com.interswitchng.interswitchpossdkdemo.telpo.v2.debug/com.interswitchng.smartpos.modules.menu.settings.TerminalSettingsActivity): IN_SCREEN, INSET_DECOR
V/WindowManager(  775): Compute frame com.interswitchng.interswitchpossdkdemo.telpo.v2.debug/com.interswitchng.smartpos.modules.menu.settings.TerminalSettingsActivity: sim=#120 attach=null type=1 flags=0x81810100 pf=[0,0][720,1280] df=[0,0][720,1280] of=[0,0][720,1280] cf=[0,50][720,1280] vf=[0,50][720,1280] dcf=[0,0][720,1280] sf=[0,50][720,1280]
V/WindowManager(  775): layoutWindowLw(com.android.phasebeam.PhaseBeamWallpaper): IN_SCREEN
V/WindowManager(  775): Compute frame com.android.phasebeam.PhaseBeamWallpaper: sim=#0 attach=null type=2013 flags=0x00000308 pf=[0,0][720,1280] df=[-10000,-10000][10000,10000] of=[0,0][720,1280] cf=[0,0][720,1280] vf=[0,50][720,1280] dcf=[0,0][720,1280] sf=[0,50][720,1280]
I/WindowManager(  775): Win Window{bff5d73 u0 android}: isVisibleOrBehindKeyguardLw=true
I/WindowManager(  775): Win Window{7989c4a u0 StatusBar}: isVisibleOrBehindKeyguardLw=true
I/WindowManager(  775): Win Window{4293eee u0 com.interswitchng.interswitchpossdkdemo.telpo.v2.debug/com.interswitchng.smartpos.modules.menu.settings.TerminalSettingsActivity}: isVisibleOrBehindKeyguardLw=true
V/WindowManager(  775): Fullscreen window: Window{4293eee u0 com.interswitchng.interswitchpossdkdemo.telpo.v2.debug/com.interswitchng.smartpos.modules.menu.settings.TerminalSettingsActivity}
I/WindowManager(  775): Win Window{1ea30909 u0 com.android.phasebeam.PhaseBeamWallpaper}: isVisibleOrBehindKeyguardLw=true
I/WindowManager(  775): force=false forcefkg=true top=Window{4293eee u0 com.interswitchng.interswitchpossdkdemo.telpo.v2.debug/com.interswitchng.smartpos.modules.menu.settings.TerminalSettingsActivity}
V/WindowManager(  775): Showing status bar: forced
V/WindowManager(  775): finishPostLayoutPolicyLw: mHideKeyguard=false
I/WindowManager(  775): mDock rect: (0,0 - 720,1280)
V/WindowManager(  775): Status bar: dock=[0,50][720,1280] content=[0,50][720,1280] cur=[0,50][720,1280]
V/WindowManager(  775): layoutWindowLw(): normal window
V/WindowManager(  775): Compute frame : sim=#20 attach=null type=2015 flags=0x01000018 pf=[0,50][720,1280] df=[0,50][720,1280] of=[0,50][720,1280] cf=[0,50][720,1280] vf=[0,50][720,1280] dcf=[0,0][720,1280] sf=[0,50][720,1280]
V/WindowManager(  775): layoutWindowLw(com.interswitchng.interswitchpossdkdemo.telpo.v2.debug/com.interswitchng.smartpos.modules.menu.settings.TerminalSettingsActivity): IN_SCREEN, INSET_DECOR
V/WindowManager(  775): Compute frame com.interswitchng.interswitchpossdkdemo.telpo.v2.debug/com.interswitchng.smartpos.modules.menu.settings.TerminalSettingsActivity: sim=#120 attach=null type=1 flags=0x81810100 pf=[0,0][720,1280] df=[0,0][720,1280] of=[0,0][720,1280] cf=[0,50][720,1280] vf=[0,50][720,1280] dcf=[0,0][720,1280] sf=[0,50][720,1280]
V/WindowManager(  775): layoutWindowLw(com.android.phasebeam.PhaseBeamWallpaper): IN_SCREEN
V/WindowManager(  775): Compute frame com.android.phasebeam.PhaseBeamWallpaper: sim=#0 attach=null type=2013 flags=0x00000308 pf=[0,0][720,1280] df=[-10000,-10000][10000,10000] of=[0,0][720,1280] cf=[0,0][720,1280] vf=[0,50][720,1280] dcf=[0,0][720,1280] sf=[0,50][720,1280]
I/WindowManager(  775): Win Window{bff5d73 u0 android}: isVisibleOrBehindKeyguardLw=true
I/WindowManager(  775): Win Window{7989c4a u0 StatusBar}: isVisibleOrBehindKeyguardLw=true
I/WindowManager(  775): Win Window{4293eee u0 com.interswitchng.interswitchpossdkdemo.telpo.v2.debug/com.interswitchng.smartpos.modules.menu.settings.TerminalSettingsActivity}: isVisibleOrBehindKeyguardLw=true
V/WindowManager(  775): Fullscreen window: Window{4293eee u0 com.interswitchng.interswitchpossdkdemo.telpo.v2.debug/com.interswitchng.smartpos.modules.menu.settings.TerminalSettingsActivity}
I/WindowManager(  775): Win Window{1ea30909 u0 com.android.phasebeam.PhaseBeamWallpaper}: isVisibleOrBehindKeyguardLw=true
I/WindowManager(  775): force=false forcefkg=false top=Window{4293eee u0 com.interswitchng.interswitchpossdkdemo.telpo.v2.debug/com.interswitchng.smartpos.modules.menu.settings.TerminalSettingsActivity}
D/WindowManager(  775): frame: Rect(0, 0 - 720, 1280) shown frame: RectF(0.0, 1407.9688, 720.0, 2687.9688)
D/WindowManager(  775): attr: WM.LayoutParams{(0,0)(fillxfill) sim=#120 ty=1 fl=#81810100 wanim=0x1030467 vsysui=0x600 surfaceInsets=Rect(0, 0 - 0, 0) needsMenuKey=2} lp.flags=0x81810100
V/WindowManager(  775): ** SHOWING status bar: top is not fullscreen
V/WindowManager(  775): finishPostLayoutPolicyLw: mHideKeyguard=false
I/WindowManager(  775): mDock rect: (0,0 - 720,1280)
V/WindowManager(  775): Status bar: dock=[0,50][720,1280] content=[0,50][720,1280] cur=[0,50][720,1280]
V/WindowManager(  775): layoutWindowLw(): normal window
V/WindowManager(  775): Compute frame : sim=#20 attach=null type=2015 flags=0x01000018 pf=[0,50][720,1280] df=[0,50][720,1280] of=[0,50][720,1280] cf=[0,50][720,1280] vf=[0,50][720,1280] dcf=[0,0][720,1280] sf=[0,50][720,1280]
V/WindowManager(  775): layoutWindowLw(com.interswitchng.interswitchpossdkdemo.telpo.v2.debug/com.interswitchng.smartpos.modules.menu.settings.TerminalSettingsActivity): IN_SCREEN, INSET_DECOR
V/WindowManager(  775): Compute frame com.interswitchng.interswitchpossdkdemo.telpo.v2.debug/com.interswitchng.smartpos.modules.menu.settings.TerminalSettingsActivity: sim=#120 attach=null type=1 flags=0x81810100 pf=[0,0][720,1280] df=[0,0][720,1280] of=[0,0][720,1280] cf=[0,50][720,1280] vf=[0,50][720,1280] dcf=[0,0][720,1280] sf=[0,50][720,1280]
V/WindowManager(  775): layoutWindowLw(com.android.phasebeam.PhaseBeamWallpaper): IN_SCREEN
V/WindowManager(  775): Compute frame com.android.phasebeam.PhaseBeamWallpaper: sim=#0 attach=null type=2013 flags=0x00000308 pf=[0,0][720,1280] df=[-10000,-10000][10000,10000] of=[0,0][720,1280] cf=[0,0][720,1280] vf=[0,50][720,1280] dcf=[0,0][720,1280] sf=[0,50][720,1280]
I/WindowManager(  775): Win Window{bff5d73 u0 android}: isVisibleOrBehindKeyguardLw=true
I/WindowManager(  775): Win Window{7989c4a u0 StatusBar}: isVisibleOrBehindKeyguardLw=true
I/WindowManager(  775): Win Window{4293eee u0 com.interswitchng.interswitchpossdkdemo.telpo.v2.debug/com.interswitchng.smartpos.modules.menu.settings.TerminalSettingsActivity}: isVisibleOrBehindKeyguardLw=true
V/WindowManager(  775): Fullscreen window: Window{4293eee u0 com.interswitchng.interswitchpossdkdemo.telpo.v2.debug/com.interswitchng.smartpos.modules.menu.settings.TerminalSettingsActivity}
I/WindowManager(  775): Win Window{1ea30909 u0 com.android.phasebeam.PhaseBeamWallpaper}: isVisibleOrBehindKeyguardLw=true
I/WindowManager(  775): force=false forcefkg=false top=Window{4293eee u0 com.interswitchng.interswitchpossdkdemo.telpo.v2.debug/com.interswitchng.smartpos.modules.menu.settings.TerminalSettingsActivity}
D/WindowManager(  775): frame: Rect(0, 0 - 720, 1280) shown frame: RectF(0.0, 1407.9688, 720.0, 2687.9688)
D/WindowManager(  775): attr: WM.LayoutParams{(0,0)(fillxfill) sim=#120 ty=1 fl=#81810100 wanim=0x1030467 vsysui=0x600 surfaceInsets=Rect(0, 0 - 0, 0) needsMenuKey=2} lp.flags=0x81810100
V/WindowManager(  775): ** SHOWING status bar: top is not fullscreen
V/WindowManager(  775): finishPostLayoutPolicyLw: mHideKeyguard=false
D/BatteryMeterView( 2940): onDraw level = 36
D/PhoneStatusBar( 2940): disable: < expand icons alerts system_info back home* recent* clock search* >
D/BatteryMeterView( 2940): onDraw level = 36
I/Authzen (13536): [DeviceStateSyncManager] The server is in sync with current state. Nothing to do
I/DeviceCache(13536): Unable to convert the the network interface's MAC Address to string. MAC address cannot be null.
I/DeviceCache(13536): Unable to convert the the network interface's MAC Address to string. MAC address cannot be null.
I/DeviceCache(13536): Unable to convert the the network interface's MAC Address to string. MAC address cannot be null.
I/DeviceCache(13536): Unable to convert the the network interface's MAC Address to string. MAC address cannot be null.
I/DeviceCache(13536): Unable to convert the the network interface's MAC Address to string. MAC address cannot be null.
I/DeviceCache(13536): Unable to convert the the network interface's MAC Address to string. MAC address cannot be null.
I/DeviceCache(13536): Unable to convert the the network interface's MAC Address to string. MAC address cannot be null.
I/DeviceCache(13536): Unable to convert the the network interface's MAC Address to string. MAC address cannot be null.
I/DeviceCache(13536): Unable to convert the the network interface's MAC Address to string. MAC address cannot be null.
I/DeviceCache(13536): Unable to convert the the network interface's MAC Address to string. MAC address cannot be null.
I/DeviceCache(13536): Unable to convert the the network interface's MAC Address to string. MAC address cannot be null.
I/DeviceCache(13536): Unable to convert the the network interface's MAC Address to string. MAC address cannot be null.
I/DeviceCache(13536): Unable to convert the the network interface's MAC Address to string. MAC address cannot be null.
I/DeviceCache(13536): Unable to convert the the network interface's MAC Address to string. MAC address cannot be null.
I/DeviceCache(13536): Unable to convert the the network interface's MAC Address to string. MAC address cannot be null.
I/DeviceCache(13536): Unable to convert the the network interface's MAC Address to string. MAC address cannot be null.
I/DeviceCache(13536): Unable to convert the the network interface's MAC Address to string. MAC address cannot be null.
I/DeviceCache(13536): Unable to convert the the network interface's MAC Address to string. MAC address cannot be null.
I/DeviceCache(13536): Unable to convert the the network interface's MAC Address to string. MAC address cannot be null.
I/DeviceCache(13536): Unable to convert the the network interface's MAC Address to string. MAC address cannot be null.
W/InputMethodManagerService(  775): Window already focused, ignoring focus gain of: com.android.internal.view.IInputMethodClient$Stub$Proxy@2c4859d0 attribute=android.view.inputmethod.EditorInfo@2d0bcdc9, token = android.os.BinderProxy@3b7ff469
I/Timeline( 9199): Timeline: Activity_idle id: android.os.BinderProxy@14ace7bf time:13431655
E/AudioPolicyManager(  301): unknown stream type 13
E/AudioPolicyManager(  301): unknown stream type 13
E/AudioPolicyManager(  301): unknown stream type 13
E/AudioPolicyManager(  301): unknown stream type 13
E/AudioPolicyManager(  301): unknown stream type 13
E/AudioPolicyManager(  301): unknown stream type 13
E/AudioPolicyManager(  301): unknown stream type 13
E/AudioPolicyManager(  301): unknown stream type 13
E/AudioPolicyManager(  301): unknown stream type 13
E/AudioPolicyManager(  301): unknown stream type 13
E/AudioPolicyManager(  301): unknown stream type 13
E/AudioPolicyManager(  301): unknown stream type 13
E/AudioPolicyManager(  301): unknown stream type 13
E/AudioPolicyManager(  301): unknown stream type 13
E/AudioPolicyManager(  301): unknown stream type 13
E/AudioPolicyManager(  301): unknown stream type 13
E/AudioPolicyManager(  301): unknown stream type 13
I/SurfaceFlinger(  262): FPS: 50
I/WindowManager(  775): mDock rect: (0,0 - 720,1280)
V/WindowManager(  775): Status bar: dock=[0,50][720,1280] content=[0,50][720,1280] cur=[0,50][720,1280]
V/WindowManager(  775): layoutWindowLw(): normal window
V/WindowManager(  775): Compute frame : sim=#20 attach=null type=2015 flags=0x01000018 pf=[0,50][720,1280] df=[0,50][720,1280] of=[0,50][720,1280] cf=[0,50][720,1280] vf=[0,50][720,1280] dcf=[0,0][720,1280] sf=[0,50][720,1280]
V/WindowManager(  775): layoutWindowLw(com.interswitchng.interswitchpossdkdemo.telpo.v2.debug/com.interswitchng.smartpos.modules.menu.settings.TerminalSettingsActivity): IN_SCREEN, INSET_DECOR
V/WindowManager(  775): Compute frame com.interswitchng.interswitchpossdkdemo.telpo.v2.debug/com.interswitchng.smartpos.modules.menu.settings.TerminalSettingsActivity: sim=#120 attach=null type=1 flags=0x81810100 pf=[0,0][720,1280] df=[0,0][720,1280] of=[0,0][720,1280] cf=[0,50][720,1280] vf=[0,50][720,1280] dcf=[0,0][720,1280] sf=[0,50][720,1280]
V/WindowManager(  775): layoutWindowLw(com.android.phasebeam.PhaseBeamWallpaper): IN_SCREEN
V/WindowManager(  775): Compute frame com.android.phasebeam.PhaseBeamWallpaper: sim=#0 attach=null type=2013 flags=0x00000308 pf=[0,0][720,1280] df=[-10000,-10000][10000,10000] of=[0,0][720,1280] cf=[0,0][720,1280] vf=[0,50][720,1280] dcf=[0,0][720,1280] sf=[0,50][720,1280]
I/WindowManager(  775): Win Window{bff5d73 u0 android}: isVisibleOrBehindKeyguardLw=true
I/WindowManager(  775): Win Window{7989c4a u0 StatusBar}: isVisibleOrBehindKeyguardLw=true
I/WindowManager(  775): Win Window{4293eee u0 com.interswitchng.interswitchpossdkdemo.telpo.v2.debug/com.interswitchng.smartpos.modules.menu.settings.TerminalSettingsActivity}: isVisibleOrBehindKeyguardLw=true
V/WindowManager(  775): Fullscreen window: Window{4293eee u0 com.interswitchng.interswitchpossdkdemo.telpo.v2.debug/com.interswitchng.smartpos.modules.menu.settings.TerminalSettingsActivity}
I/WindowManager(  775): Win Window{1ea30909 u0 com.android.phasebeam.PhaseBeamWallpaper}: isVisibleOrBehindKeyguardLw=true
I/WindowManager(  775): force=false forcefkg=false top=Window{4293eee u0 com.interswitchng.interswitchpossdkdemo.telpo.v2.debug/com.interswitchng.smartpos.modules.menu.settings.TerminalSettingsActivity}
D/WindowManager(  775): frame: Rect(0, 0 - 720, 1280) shown frame: RectF(0.0, 1.2207031E-4, 720.0, 1280.0001)
D/WindowManager(  775): attr: WM.LayoutParams{(0,0)(fillxfill) sim=#120 ty=1 fl=#81810100 wanim=0x1030467 vsysui=0x600 surfaceInsets=Rect(0, 0 - 0, 0) needsMenuKey=2} lp.flags=0x81810100
V/WindowManager(  775): ** SHOWING status bar: top is not fullscreen
V/WindowManager(  775): finishPostLayoutPolicyLw: mHideKeyguard=false
I/WindowManager(  775): mDock rect: (0,0 - 720,1280)
V/WindowManager(  775): Status bar: dock=[0,50][720,1280] content=[0,50][720,1280] cur=[0,50][720,1280]
V/WindowManager(  775): layoutWindowLw(): normal window
V/WindowManager(  775): Compute frame : sim=#20 attach=null type=2015 flags=0x01000018 pf=[0,50][720,1280] df=[0,50][720,1280] of=[0,50][720,1280] cf=[0,50][720,1280] vf=[0,50][720,1280] dcf=[0,0][720,1280] sf=[0,50][720,1280]
V/WindowManager(  775): layoutWindowLw(com.interswitchng.interswitchpossdkdemo.telpo.v2.debug/com.interswitchng.smartpos.modules.menu.settings.TerminalSettingsActivity): IN_SCREEN, INSET_DECOR
V/WindowManager(  775): Compute frame com.interswitchng.interswitchpossdkdemo.telpo.v2.debug/com.interswitchng.smartpos.modules.menu.settings.TerminalSettingsActivity: sim=#120 attach=null type=1 flags=0x81810100 pf=[0,0][720,1280] df=[0,0][720,1280] of=[0,0][720,1280] cf=[0,50][720,1280] vf=[0,50][720,1280] dcf=[0,0][720,1280] sf=[0,50][720,1280]
V/WindowManager(  775): layoutWindowLw(com.android.phasebeam.PhaseBeamWallpaper): IN_SCREEN
V/WindowManager(  775): Compute frame com.android.phasebeam.PhaseBeamWallpaper: sim=#0 attach=null type=2013 flags=0x00000308 pf=[0,0][720,1280] df=[-10000,-10000][10000,10000] of=[0,0][720,1280] cf=[0,0][720,1280] vf=[0,50][720,1280] dcf=[0,0][720,1280] sf=[0,50][720,1280]
I/WindowManager(  775): Win Window{bff5d73 u0 android}: isVisibleOrBehindKeyguardLw=true
I/WindowManager(  775): Win Window{7989c4a u0 StatusBar}: isVisibleOrBehindKeyguardLw=true
I/WindowManager(  775): Win Window{4293eee u0 com.interswitchng.interswitchpossdkdemo.telpo.v2.debug/com.interswitchng.smartpos.modules.menu.settings.TerminalSettingsActivity}: isVisibleOrBehindKeyguardLw=true
V/WindowManager(  775): Fullscreen window: Window{4293eee u0 com.interswitchng.interswitchpossdkdemo.telpo.v2.debug/com.interswitchng.smartpos.modules.menu.settings.TerminalSettingsActivity}
I/WindowManager(  775): Win Window{1ea30909 u0 com.android.phasebeam.PhaseBeamWallpaper}: isVisibleOrBehindKeyguardLw=true
I/WindowManager(  775): force=false forcefkg=false top=Window{4293eee u0 com.interswitchng.interswitchpossdkdemo.telpo.v2.debug/com.interswitchng.smartpos.modules.menu.settings.TerminalSettingsActivity}
D/WindowManager(  775): frame: Rect(0, 0 - 720, 1280) shown frame: RectF(0.0, 1.2207031E-4, 720.0, 1280.0001)
D/WindowManager(  775): attr: WM.LayoutParams{(0,0)(fillxfill) sim=#120 ty=1 fl=#81810100 wanim=0x1030467 vsysui=0x600 surfaceInsets=Rect(0, 0 - 0, 0) needsMenuKey=2} lp.flags=0x81810100
V/WindowManager(  775): ** SHOWING status bar: top is not fullscreen
V/WindowManager(  775): finishPostLayoutPolicyLw: mHideKeyguard=false
I/WindowManager(  775): Win Window{bff5d73 u0 android}: isVisibleOrBehindKeyguardLw=true
I/WindowManager(  775): Win Window{7989c4a u0 StatusBar}: isVisibleOrBehindKeyguardLw=true
I/WindowManager(  775): Win Window{4293eee u0 com.interswitchng.interswitchpossdkdemo.telpo.v2.debug/com.interswitchng.smartpos.modules.menu.settings.TerminalSettingsActivity}: isVisibleOrBehindKeyguardLw=true
V/WindowManager(  775): Fullscreen window: Window{4293eee u0 com.interswitchng.interswitchpossdkdemo.telpo.v2.debug/com.interswitchng.smartpos.modules.menu.settings.TerminalSettingsActivity}
I/WindowManager(  775): Win Window{1ea30909 u0 com.android.phasebeam.PhaseBeamWallpaper}: isVisibleOrBehindKeyguardLw=true
I/WindowManager(  775): force=false forcefkg=false top=Window{4293eee u0 com.interswitchng.interswitchpossdkdemo.telpo.v2.debug/com.interswitchng.smartpos.modules.menu.settings.TerminalSettingsActivity}
D/WindowManager(  775): frame: Rect(0, 0 - 720, 1280) shown frame: RectF(0.0, 0.0, 720.0, 1280.0)
D/WindowManager(  775): attr: WM.LayoutParams{(0,0)(fillxfill) sim=#120 ty=1 fl=#81810100 wanim=0x1030467 vsysui=0x600 surfaceInsets=Rect(0, 0 - 0, 0) needsMenuKey=2} lp.flags=0x81810100
V/WindowManager(  775): ** SHOWING status bar: top is not fullscreen
V/WindowManager(  775): finishPostLayoutPolicyLw: mHideKeyguard=false
D/BatteryMeterView( 2940): not on charging...
D/BatteryMeterView( 2940): not on charging...
D/BatteryMeterView( 2940): onDraw level = 36
D/BatteryMeterView( 2940): not on charging...
D/BatteryMeterView( 2940): onDraw level = 36
I/WindowManager(  775): mDock rect: (0,0 - 720,1280)
V/WindowManager(  775): Status bar: dock=[0,50][720,1280] content=[0,50][720,1280] cur=[0,50][720,1280]
V/WindowManager(  775): layoutWindowLw(): normal window
V/WindowManager(  775): Compute frame : sim=#20 attach=null type=2015 flags=0x01000018 pf=[0,50][720,1280] df=[0,50][720,1280] of=[0,50][720,1280] cf=[0,50][720,1280] vf=[0,50][720,1280] dcf=[0,0][720,1280] sf=[0,50][720,1280]
V/WindowManager(  775): layoutWindowLw(com.interswitchng.interswitchpossdkdemo.telpo.v2.debug/com.interswitchng.smartpos.modules.menu.settings.TerminalSettingsActivity): IN_SCREEN, INSET_DECOR
V/WindowManager(  775): Compute frame com.interswitchng.interswitchpossdkdemo.telpo.v2.debug/com.interswitchng.smartpos.modules.menu.settings.TerminalSettingsActivity: sim=#120 attach=null type=1 flags=0x81810100 pf=[0,0][720,1280] df=[0,0][720,1280] of=[0,0][720,1280] cf=[0,50][720,1280] vf=[0,50][720,1280] dcf=[0,0][720,1280] sf=[0,50][720,1280]
I/WindowManager(  775): Win Window{bff5d73 u0 android}: isVisibleOrBehindKeyguardLw=true
I/WindowManager(  775): Win Window{7989c4a u0 StatusBar}: isVisibleOrBehindKeyguardLw=true
I/WindowManager(  775): Win Window{4293eee u0 com.interswitchng.interswitchpossdkdemo.telpo.v2.debug/com.interswitchng.smartpos.modules.menu.settings.TerminalSettingsActivity}: isVisibleOrBehindKeyguardLw=true
V/WindowManager(  775): Fullscreen window: Window{4293eee u0 com.interswitchng.interswitchpossdkdemo.telpo.v2.debug/com.interswitchng.smartpos.modules.menu.settings.TerminalSettingsActivity}
I/WindowManager(  775): Win Window{1ea30909 u0 com.android.phasebeam.PhaseBeamWallpaper}: isVisibleOrBehindKeyguardLw=false
I/WindowManager(  775): force=false forcefkg=false top=Window{4293eee u0 com.interswitchng.interswitchpossdkdemo.telpo.v2.debug/com.interswitchng.smartpos.modules.menu.settings.TerminalSettingsActivity}
D/WindowManager(  775): frame: Rect(0, 0 - 720, 1280) shown frame: RectF(0.0, 0.0, 720.0, 1280.0)
D/WindowManager(  775): attr: WM.LayoutParams{(0,0)(fillxfill) sim=#120 ty=1 fl=#81810100 wanim=0x1030467 vsysui=0x600 surfaceInsets=Rect(0, 0 - 0, 0) needsMenuKey=2} lp.flags=0x81810100
V/WindowManager(  775): ** SHOWING status bar: top is not fullscreen
V/WindowManager(  775): finishPostLayoutPolicyLw: mHideKeyguard=false
I/WindowManager(  775): mDock rect: (0,0 - 720,1280)
V/WindowManager(  775): Status bar: dock=[0,50][720,1280] content=[0,50][720,1280] cur=[0,50][720,1280]
V/WindowManager(  775): layoutWindowLw(): normal window
V/WindowManager(  775): Compute frame : sim=#20 attach=null type=2015 flags=0x01000018 pf=[0,50][720,1280] df=[0,50][720,1280] of=[0,50][720,1280] cf=[0,50][720,1280] vf=[0,50][720,1280] dcf=[0,0][720,1280] sf=[0,50][720,1280]
V/WindowManager(  775): layoutWindowLw(com.interswitchng.interswitchpossdkdemo.telpo.v2.debug/com.interswitchng.smartpos.modules.menu.settings.TerminalSettingsActivity): IN_SCREEN, INSET_DECOR
V/WindowManager(  775): Compute frame com.interswitchng.interswitchpossdkdemo.telpo.v2.debug/com.interswitchng.smartpos.modules.menu.settings.TerminalSettingsActivity: sim=#120 attach=null type=1 flags=0x81810100 pf=[0,0][720,1280] df=[0,0][720,1280] of=[0,0][720,1280] cf=[0,50][720,1280] vf=[0,50][720,1280] dcf=[0,0][720,1280] sf=[0,50][720,1280]
I/WindowManager(  775): Win Window{bff5d73 u0 android}: isVisibleOrBehindKeyguardLw=true
I/WindowManager(  775): Win Window{7989c4a u0 StatusBar}: isVisibleOrBehindKeyguardLw=true
I/WindowManager(  775): Win Window{4293eee u0 com.interswitchng.interswitchpossdkdemo.telpo.v2.debug/com.interswitchng.smartpos.modules.menu.settings.TerminalSettingsActivity}: isVisibleOrBehindKeyguardLw=true
V/WindowManager(  775): Fullscreen window: Window{4293eee u0 com.interswitchng.interswitchpossdkdemo.telpo.v2.debug/com.interswitchng.smartpos.modules.menu.settings.TerminalSettingsActivity}
I/WindowManager(  775): Win Window{1ea30909 u0 com.android.phasebeam.PhaseBeamWallpaper}: isVisibleOrBehindKeyguardLw=false
I/WindowManager(  775): force=false forcefkg=false top=Window{4293eee u0 com.interswitchng.interswitchpossdkdemo.telpo.v2.debug/com.interswitchng.smartpos.modules.menu.settings.TerminalSettingsActivity}
D/WindowManager(  775): frame: Rect(0, 0 - 720, 1280) shown frame: RectF(0.0, 0.0, 720.0, 1280.0)
D/WindowManager(  775): attr: WM.LayoutParams{(0,0)(fillxfill) sim=#120 ty=1 fl=#81810100 wanim=0x1030467 vsysui=0x600 surfaceInsets=Rect(0, 0 - 0, 0) needsMenuKey=2} lp.flags=0x81810100
V/WindowManager(  775): ** SHOWING status bar: top is not fullscreen
V/WindowManager(  775): finishPostLayoutPolicyLw: mHideKeyguard=false
I/SurfaceFlinger(  262): FPS: 27
D/BatteryMeterView( 2940): not on charging...
D/BatteryMeterView( 2940): not on charging...
D/BatteryMeterView( 2940): not on charging...
D/BatteryMeterView( 2940): onDraw level = 36
D/BatteryMeterView( 2940): onDraw level = 36
D/wpa_supplicant(13327): wlan0: Control interface command 'SIGNAL_POLL'
V/WLAN_PSA(  314): NL MSG, len[4028], NL type[0x1C] WNI type[0x5900] len[41999]
V/WLAN_PSA(  314): NL MSG, PID: 314
D/BatteryMeterView( 2940): not on charging...
D/BatteryMeterView( 2940): not on charging...
D/BatteryMeterView( 2940): not on charging...
D/BatteryMeterView( 2940): onDraw level = 36
D/BatteryMeterView( 2940): onDraw level = 36
I/SurfaceFlinger(  262): FPS: 53
D/audio_hw_primary(  301): out_standby: enter: stream (0xb79f3180) usecase(1: low-latency-playback)
D/soundtrigger(  301): audio_extn_sound_trigger_update_stream_status: uc_id 1 of type 0 for Event 2, with Raise=0
D/hardware_info(  301): hw_info_append_hw_type : device_name = speaker
I/soundtrigger(  301): audio_extn_sound_trigger_update_device_status: device 0x2 of type 0 for Event 0, with Raise=0
D/BatteryMeterView( 2940): not on charging...
D/BatteryMeterView( 2940): not on charging...
D/BatteryMeterView( 2940): not on charging...
D/BatteryMeterView( 2940): onDraw level = 36
D/BatteryMeterView( 2940): onDraw level = 36
I/SurfaceFlinger(  262): FPS: 3
D/wpa_supplicant(13327): wlan0: Control interface command 'SIGNAL_POLL'
D/BatteryMeterView( 2940): not on charging...
D/BatteryMeterView( 2940): not on charging...
D/BatteryMeterView( 2940): not on charging...
D/BatteryMeterView( 2940): onDraw level = 36
D/BatteryMeterView( 2940): onDraw level = 36
I/SurfaceFlinger(  262): FPS: 3
D/BatteryMeterView( 2940): not on charging...
D/BatteryMeterView( 2940): not on charging...
D/BatteryMeterView( 2940): not on charging...
D/BatteryMeterView( 2940): onDraw level = 36
D/BatteryMeterView( 2940): onDraw level = 36
I/SurfaceFlinger(  262): FPS: 3
D/BatteryMeterView( 2940): not on charging...
D/BatteryMeterView( 2940): not on charging...
D/BatteryMeterView( 2940): not on charging...
D/BatteryMeterView( 2940): onDraw level = 36
D/BatteryMeterView( 2940): onDraw level = 36
I/SurfaceFlinger(  262): FPS: 3
V/WLAN_PSA(  314): NL MSG, len[4060], NL type[0x1C] WNI type[0x5900] len[50191]
V/WLAN_PSA(  314): NL MSG, PID: 314
D/wpa_supplicant(13327): wlan0: Control interface command 'SIGNAL_POLL'
D/BatteryMeterView( 2940): not on charging...
D/BatteryMeterView( 2940): not on charging...
D/BatteryMeterView( 2940): not on charging...
D/BatteryMeterView( 2940): onDraw level = 36
D/BatteryMeterView( 2940): onDraw level = 36
I/SurfaceFlinger(  262): FPS: 3
D/BatteryMeterView( 2940): not on charging...
D/BatteryMeterView( 2940): not on charging...
D/BatteryMeterView( 2940): not on charging...
D/BatteryMeterView( 2940): onDraw level = 36
D/BatteryMeterView( 2940): onDraw level = 36
I/SurfaceFlinger(  262): FPS: 3
D/BatteryMeterView( 2940): not on charging...
D/BatteryMeterView( 2940): not on charging...
D/BatteryMeterView( 2940): not on charging...
D/BatteryMeterView( 2940): onDraw level = 36
D/BatteryMeterView( 2940): onDraw level = 36
I/SurfaceFlinger(  262): FPS: 3
D/wpa_supplicant(13327): wlan0: Control interface command 'SIGNAL_POLL'
V/WLAN_PSA(  314): NL MSG, len[4071], NL type[0x1C] WNI type[0x5900] len[53007]
V/WLAN_PSA(  314): NL MSG, PID: 314
D/BatteryMeterView( 2940): not on charging...
D/BatteryMeterView( 2940): not on charging...
D/BatteryMeterView( 2940): not on charging...
D/BatteryMeterView( 2940): onDraw level = 36
D/BatteryMeterView( 2940): onDraw level = 36
I/SurfaceFlinger(  262): FPS: 3
D/BatteryMeterView( 2940): not on charging...
D/BatteryMeterView( 2940): not on charging...
D/BatteryMeterView( 2940): not on charging...
D/BatteryMeterView( 2940): onDraw level = 36
D/BatteryMeterView( 2940): onDraw level = 36
I/SurfaceFlinger(  262): FPS: 3
D/BatteryMeterView( 2940): not on charging...
D/BatteryMeterView( 2940): not on charging...
D/BatteryMeterView( 2940): not on charging...
D/BatteryMeterView( 2940): onDraw level = 36
D/BatteryMeterView( 2940): onDraw level = 36
I/SurfaceFlinger(  262): FPS: 3
D/wpa_supplicant(13327): wlan0: Control interface command 'SIGNAL_POLL'
D/BatteryMeterView( 2940): not on charging...
D/BatteryMeterView( 2940): not on charging...
D/BatteryMeterView( 2940): not on charging...
D/BatteryMeterView( 2940): onDraw level = 36
D/BatteryMeterView( 2940): onDraw level = 36
I/SurfaceFlinger(  262): FPS: 3
V/WLAN_PSA(  314): NL MSG, len[4069], NL type[0x1C] WNI type[0x5900] len[52495]
V/WLAN_PSA(  314): NL MSG, PID: 314
D/BatteryMeterView( 2940): not on charging...
D/BatteryMeterView( 2940): not on charging...
D/BatteryMeterView( 2940): not on charging...
D/BatteryMeterView( 2940): onDraw level = 36
D/BatteryMeterView( 2940): onDraw level = 36
I/SurfaceFlinger(  262): FPS: 3
D/BatteryMeterView( 2940): not on charging...
D/BatteryMeterView( 2940): onDraw level = 36
D/BatteryMeterView( 2940): not on charging...
D/BatteryMeterView( 2940): not on charging...
D/BatteryMeterView( 2940): onDraw level = 36
I/SurfaceFlinger(  262): FPS: 3
D/wpa_supplicant(13327): wlan0: Control interface command 'SIGNAL_POLL'
D/BatteryMeterView( 2940): not on charging...
D/BatteryMeterView( 2940): not on charging...
D/BatteryMeterView( 2940): not on charging...
D/BatteryMeterView( 2940): onDraw level = 36
D/BatteryMeterView( 2940): onDraw level = 36
I/SurfaceFlinger(  262): FPS: 3
D/BatteryMeterView( 2940): not on charging...
D/BatteryMeterView( 2940): not on charging...
D/BatteryMeterView( 2940): not on charging...
D/BatteryMeterView( 2940): onDraw level = 36
D/BatteryMeterView( 2940): onDraw level = 36
I/SurfaceFlinger(  262): FPS: 3
E/WifiStateMachine(  775): WifiStateMachine CMD_START_SCAN source -2 txSuccessRate=43.48 rxSuccessRate=33.05 targetRoamBSSID=any RSSI=-20
V/WLAN_PSA(  314): NL MSG, len[4035], NL type[0x1C] WNI type[0x5900] len[43791]
V/WLAN_PSA(  314): NL MSG, PID: 314
D/wpa_supplicant(13327): wlan0: Control interface command 'SIGNAL_POLL'
D/BatteryMeterView( 2940): not on charging...
D/BatteryMeterView( 2940): not on charging...
D/BatteryMeterView( 2940): not on charging...
D/BatteryMeterView( 2940): onDraw level = 36
D/BatteryMeterView( 2940): onDraw level = 36
I/SurfaceFlinger(  262): FPS: 3
D/BatteryMeterView( 2940): not on charging...
D/BatteryMeterView( 2940): onDraw level = 36
D/BatteryMeterView( 2940): not on charging...
D/BatteryMeterView( 2940): not on charging...
D/BatteryMeterView( 2940): onDraw level = 36
I/SurfaceFlinger(  262): FPS: 3
D/wpa_supplicant(13327): wlan0: Control interface command 'SIGNAL_POLL'
V/WLAN_PSA(  314): NL MSG, len[4082], NL type[0x1C] WNI type[0x5900] len[55823]
V/WLAN_PSA(  314): NL MSG, PID: 314
D/BatteryMeterView( 2940): not on charging...
D/BatteryMeterView( 2940): not on charging...
D/BatteryMeterView( 2940): not on charging...
D/BatteryMeterView( 2940): onDraw level = 36
D/BatteryMeterView( 2940): onDraw level = 36
I/SurfaceFlinger(  262): FPS: 3
D/BatteryMeterView( 2940): not on charging...
D/BatteryMeterView( 2940): not on charging...
D/BatteryMeterView( 2940): not on charging...
D/BatteryMeterView( 2940): onDraw level = 36
I/SurfaceFlinger(  262): FPS: 3
D/BatteryMeterView( 2940): onDraw level = 36
D/BatteryMeterView( 2940): not on charging...
D/BatteryMeterView( 2940): not on charging...
D/BatteryMeterView( 2940): not on charging...
D/BatteryMeterView( 2940): onDraw level = 36
D/BatteryMeterView( 2940): onDraw level = 36
I/SurfaceFlinger(  262): FPS: 3
D/wpa_supplicant(13327): wlan0: Control interface command 'SIGNAL_POLL'
V/WLAN_PSA(  314): NL MSG, len[4077], NL type[0x1C] WNI type[0x5900] len[54543]
V/WLAN_PSA(  314): NL MSG, PID: 314
D/wpa_supplicant(13327): wlan0: Control interface command 'SIGNAL_POLL'
D/BatteryMeterView( 2940): not on charging...
D/BatteryMeterView( 2940): onDraw level = 36
D/BatteryMeterView( 2940): not on charging...
D/BatteryMeterView( 2940): not on charging...
D/BatteryMeterView( 2940): onDraw level = 36
I/SurfaceFlinger(  262): FPS: 3
D/BatteryMeterView( 2940): not on charging...
D/BatteryMeterView( 2940): not on charging...
D/BatteryMeterView( 2940): not on charging...
D/BatteryMeterView( 2940): onDraw level = 36
D/BatteryMeterView( 2940): onDraw level = 36
I/SurfaceFlinger(  262): FPS: 3
D/wpa_supplicant(13327): wlan0: Control interface command 'SIGNAL_POLL'
V/WLAN_PSA(  314): NL MSG, len[4079], NL type[0x1C] WNI type[0x5900] len[55055]
V/WLAN_PSA(  314): NL MSG, PID: 314
D/BatteryMeterView( 2940): not on charging...
D/BatteryMeterView( 2940): not on charging...
D/BatteryMeterView( 2940): not on charging...
D/BatteryMeterView( 2940): onDraw level = 36
I/SurfaceFlinger(  262): FPS: 3
D/BatteryMeterView( 2940): onDraw level = 36
D/BatteryMeterView( 2940): not on charging...
D/BatteryMeterView( 2940): not on charging...
D/BatteryMeterView( 2940): not on charging...
D/BatteryMeterView( 2940): onDraw level = 36
D/BatteryMeterView( 2940): onDraw level = 36
I/SurfaceFlinger(  262): FPS: 3
D/wpa_supplicant(13327): wlan0: Control interface command 'SIGNAL_POLL'
D/BatteryMeterView( 2940): not on charging...
D/BatteryMeterView( 2940): not on charging...
D/BatteryMeterView( 2940): not on charging...
D/BatteryMeterView( 2940): onDraw level = 36
D/BatteryMeterView( 2940): onDraw level = 36
I/SurfaceFlinger(  262): FPS: 3
V/WLAN_PSA(  314): NL MSG, len[4063], NL type[0x1C] WNI type[0x5900] len[50959]
V/WLAN_PSA(  314): NL MSG, PID: 314
D/BatteryMeterView( 2940): not on charging...
D/BatteryMeterView( 2940): not on charging...
D/BatteryMeterView( 2940): not on charging...
D/BatteryMeterView( 2940): onDraw level = 36
D/BatteryMeterView( 2940): onDraw level = 36
I/SurfaceFlinger(  262): FPS: 3
I/art     ( 3183): Rejecting re-init on previously-failed class java.lang.Class<com.google.android.gms.org.conscrypt.NativeCrypto>
I/art     ( 3183): Rejecting re-init on previously-failed class java.lang.Class<com.google.android.gms.org.conscrypt.NativeCrypto>
D/ConnectivityService(  775): reportBadNetwork(NetworkAgentInfo [WIFI () - 101]) by 10005
D/NetworkMonitor/NetworkAgentInfo [WIFI () - 101](  775): ValidatedState{ when=0 what=532488 arg1=10005 target=com.android.internal.util.StateMachine$SmHandler }
D/NetworkMonitor/NetworkAgentInfo [WIFI () - 101](  775): DefaultState{ when=0 what=532488 arg1=10005 target=com.android.internal.util.StateMachine$SmHandler }
D/NetworkMonitor/NetworkAgentInfo [WIFI () - 101](  775): Forcing reevaluation
D/NetworkMonitor/NetworkAgentInfo [WIFI () - 101](  775): EvaluatingState{ when=0 what=532486 arg1=9 target=com.android.internal.util.StateMachine$SmHandler }+++ LOG: write partial (158 of 159)
D/NetworkMonitor/NetworkAgentInfo [WIFI () - 101](  775): Validated
D/ConnectivityService(  775): setProvNotificationVisibleIntent: E visible=false networkType=0 extraInfo=null
D/ConnectivityService(  775): Validated NetworkAgentInfo [WIFI () - 101]
D/wpa_supplicant(13327): wlan0: Control interface command 'SIGNAL_POLL'
D/BatteryMeterView( 2940): not on charging...
D/BatteryMeterView( 2940): not on charging...
D/BatteryMeterView( 2940): not on charging...
D/BatteryMeterView( 2940): onDraw level = 36
I/SurfaceFlinger(  262): FPS: 3
D/BatteryMeterView( 2940): onDraw level = 36
E/WifiStateMachine(  775): WifiStateMachine CMD_START_SCAN source -2 txSuccessRate=19.78 rxSuccessRate=16.22 targetRoamBSSID=any RSSI=-20
E/WifiStateMachine(  775): WifiStateMachine starting scan for "Swift-LTE-0B6B"-WPA_PSK with 2442
D/wpa_supplicant(13327): wlan0: Control interface command 'SCAN TYPE=ONLY freq=2442'
D/wpa_supplicant(13327): wlan0: Setting scan request: 0.000000 sec
D/wpa_supplicant(13327): wlan0: Starting AP scan for wildcard SSID
D/wpa_supplicant(13327): wlan0: Limit manual scan to specified channels
D/wpa_supplicant(13327): wlan0: Add radio work 'scan'@0xb88a8cc8
D/wpa_supplicant(13327): wlan0: First radio work item in the queue - schedule start immediately
D/wpa_supplicant(13327): wlan0: Starting radio work 'scan'@0xb88a8cc8 after 0.000075 second wait
D/wpa_supplicant(13327): wlan0: nl80211: scan request
D/wpa_supplicant(13327): nl80211: Scan SSID - hexdump(len=0): [NULL]
D/wpa_supplicant(13327): nl80211: Scan frequency 2442 MHz
V/WLAN_PSA(  314): NL MSG, len[4078], NL type[0x1C] WNI type[0x5900] len[54799]
V/WLAN_PSA(  314): NL MSG, PID: 314
V/WLAN_PSA(  314): NL MSG, len[914], NL type[0x11] WNI type[0x5050] len[894]
V/WLAN_PSA(  314): NL MSG, PID: 314
V/WLAN_PSA(  314): NL MSG, len[048], NL type[0x11] WNI type[0x5050] len[028]
V/WLAN_PSA(  314): NL MSG, PID: 314
I/WifiHAL (  775): Poll result = 1
I/WifiHAL (  775): Found some events!!!
D/WifiHAL (  775): no_seq_check received
I/WifiHAL (  775): event received NL80211_CMD_TRIGGER_SCAN
I/WifiHAL (  775): event received NL80211_CMD_TRIGGER_SCAN, vendor_id = 0x0
I/WifiHAL (  775): event ignored!!
D/wpa_supplicant(13327): Scan requested (ret=0) - scan timeout 30 seconds
D/wpa_supplicant(13327): nl80211: Event message available
D/wpa_supplicant(13327): nl80211: Drv Event 33 (NL80211_CMD_TRIGGER_SCAN) received for wlan0
D/wpa_supplicant(13327): wlan0: nl80211: Scan trigger
D/wpa_supplicant(13327): wlan0: Event SCAN_STARTED (49) received
D/wpa_supplicant(13327): wlan0: Own scan request started a scan in 0.000366 seconds
D/wpa_supplicant(13327): CTRL_IFACE monitor sent successfully to /data/misc/wifi/sockets/wpa_ctrl_329-2\x00
D/wpa_supplicant(13327): CTRL_IFACE monitor sent successfully to /data/misc/wifi/sockets/wpa_ctrl_775-9\x00
V/WLAN_PSA(  314): NL MSG, len[4078], NL type[0x1C] WNI type[0x5900] len[54799]
V/WLAN_PSA(  314): NL MSG, PID: 314
V/WLAN_PSA(  314): NL MSG, len[4085], NL type[0x1C] WNI type[0x5900] len[56591]
V/WLAN_PSA(  314): NL MSG, PID: 314
V/WLAN_PSA(  314): NL MSG, len[914], NL type[0x11] WNI type[0x5050] len[894]
V/WLAN_PSA(  314): NL MSG, PID: 314
V/WLAN_PSA(  314): NL MSG, len[4009], NL type[0x1C] WNI type[0x5900] len[37135]
V/WLAN_PSA(  314): NL MSG, PID: 314
D/wpa_supplicant(13327): nl80211: Event message available
I/WifiHAL (  775): Poll result = 1
I/WifiHAL (  775): Found some events!!!
D/WifiHAL (  775): no_seq_check received
D/wpa_supplicant(13327): nl80211: Drv Event 34 (NL80211_CMD_NEW_SCAN_RESULTS) received for wlan0
I/WifiHAL (  775): event received NL80211_CMD_NEW_SCAN_RESULTS
D/wpa_supplicant(13327): wlan0: nl80211: New scan results available
I/WifiHAL (  775): event received NL80211_CMD_NEW_SCAN_RESULTS, vendor_id = 0x0
I/WifiHAL (  775): event ignored!!
D/wpa_supplicant(13327): nl80211: Scan included frequencies: 2442
D/wpa_supplicant(13327): wlan0: Event SCAN_RESULTS (3) received
D/wpa_supplicant(13327): wlan0: Scan completed in 0.081571 seconds
D/wpa_supplicant(13327): nl80211: Associated on 2442 MHz
D/wpa_supplicant(13327): nl80211: Associated with fc:dd:55:70:0b:6b
D/wpa_supplicant(13327): nl80211: Received scan results (1 BSSes)
D/wpa_supplicant(13327): nl80211: Scan results indicate BSS status with fc:dd:55:70:0b:6b as associated
D/wpa_supplicant(13327): wlan0: BSS: Start scan result update 11