06-03 17:40:53.497 D/telpo_native(  775): rcvData = 49
06-03 17:40:53.497 D/telpo_native(  775): rcvData = 52
06-03 17:40:53.497 D/telpo_native(  775): rcvData = 4d
06-03 17:40:53.497 D/telpo_native(  775): rcvData = 57
06-03 17:40:53.497 D/telpo_native(  775): rcvData = 41
06-03 17:40:53.497 D/telpo_native(  775): rcvData = 52
06-03 17:40:53.497 D/telpo_native(  775): rcvData = 45
06-03 17:40:53.497 D/telpo_native(  775): rcvData = 2d
06-03 17:40:53.497 D/telpo_native(  775): rcvData = 56
06-03 17:40:53.497 D/telpo_native(  775): rcvData = 31
06-03 17:40:53.497 D/telpo_native(  775): rcvData = 2e
06-03 17:40:53.497 D/telpo_native(  775): rcvData = 31
06-03 17:40:53.497 D/telpo_native(  775): rcvData = 30
06-03 17:40:53.497 D/telpo_native(  775): rcvData = 2d
06-03 17:40:53.497 D/telpo_native(  775): rcvData = 42
06-03 17:40:53.497 D/telpo_native(  775): rcvData = 75
06-03 17:40:53.497 D/telpo_native(  775): rcvData = 69
06-03 17:40:53.497 D/telpo_native(  775): rcvData = 6c
06-03 17:40:53.497 D/telpo_native(  775): rcvData = 64
06-03 17:40:53.497 D/telpo_native(  775): rcvData = 2e
06-03 17:40:53.497 D/telpo_native(  775): rcvData = 32
06-03 17:40:53.497 D/telpo_native(  775): rcvData = 30
06-03 17:40:53.497 D/telpo_native(  775): rcvData = 31
06-03 17:40:53.498 D/telpo_native(  775): rcvData = 39
06-03 17:40:53.498 D/telpo_native(  775): rcvData = 30
06-03 17:40:53.498 D/telpo_native(  775): rcvData = 37
06-03 17:40:53.498 D/telpo_native(  775): rcvData = 32
06-03 17:40:53.498 D/telpo_native(  775): rcvData = 35
06-03 17:40:53.498 D/telpo_native(  775): rcvData = 00
06-03 17:40:53.498 W/telpo_native(  775): response data len is 35
06-03 17:40:53.498 D/telpo_native(  775): handle_serial_read_write_cmd: parse successfully!
06-03 17:40:53.498 I/telpo_native(  775): handle_serial_read_write_cmd: receive data length is 35
06-03 17:40:53.498 I/telpo_native(  775): 00
06-03 17:40:53.498 I/telpo_native(  775): 00
06-03 17:40:53.498 I/telpo_native(  775): 00
06-03 17:40:53.498 I/telpo_native(  775): 00
06-03 17:40:53.498 I/telpo_native(  775): 1e
06-03 17:40:53.498 I/telpo_native(  775): 46
06-03 17:40:53.498 I/telpo_native(  775): 49
06-03 17:40:53.498 I/telpo_native(  775): 52
06-03 17:40:53.498 I/telpo_native(  775): 4d
06-03 17:40:53.498 I/telpo_native(  775): 57
06-03 17:40:53.498 I/telpo_native(  775): 41
06-03 17:40:53.498 I/telpo_native(  775): 52
06-03 17:40:53.498 I/telpo_native(  775): 45
06-03 17:40:53.498 I/telpo_native(  775): 2d
06-03 17:40:53.498 I/telpo_native(  775): 56
06-03 17:40:53.498 I/telpo_native(  775): 31
06-03 17:40:53.498 I/telpo_native(  775): 2e
06-03 17:40:53.498 I/telpo_native(  775): 31
06-03 17:40:53.498 I/telpo_native(  775): 30
06-03 17:40:53.498 I/telpo_native(  775): 2d
06-03 17:40:53.498 I/telpo_native(  775): 42
06-03 17:40:53.498 I/telpo_native(  775): 75
06-03 17:40:53.498 I/telpo_native(  775): 69
06-03 17:40:53.498 I/telpo_native(  775): 6c
06-03 17:40:53.498 I/telpo_native(  775): 64
06-03 17:40:53.498 I/telpo_native(  775): 2e
06-03 17:40:53.498 I/telpo_native(  775): 32
06-03 17:40:53.498 I/telpo_native(  775): 30
06-03 17:40:53.498 I/telpo_native(  775): 31
06-03 17:40:53.498 I/telpo_native(  775): 39
06-03 17:40:53.498 I/telpo_native(  775): 30
06-03 17:40:53.498 I/telpo_native(  775): 37
06-03 17:40:53.498 I/telpo_native(  775): 32
06-03 17:40:53.498 I/telpo_native(  775): 35
06-03 17:40:53.498 I/telpo_native(  775): 00
06-03 17:40:53.498 I/telpo_native(  775): 
06-03 17:40:53.499 D/UsbSession(  775): getVersion = FIRMWARE-V1.10-Build.20190725
06-03 17:40:53.499 D/telpo_native(  775): transmit: Called!
06-03 17:40:53.499 D/telpo_native(  775): command = 07
06-03 17:40:53.499 D/telpo_native(  775): libusb_transmit cmd...
06-03 17:40:53.499 D/telpo_native(  775): usb_printer_write data start!
06-03 17:40:53.499 E/telpo_native(  775): ret = 17
06-03 17:40:53.499 I/telpo_native(  775): 69
06-03 17:40:53.499 I/telpo_native(  775): 96
06-03 17:40:53.499 I/telpo_native(  775): b0
06-03 17:40:53.499 I/telpo_native(  775): 0b
06-03 17:40:53.499 I/telpo_native(  775): 01
06-03 17:40:53.499 I/telpo_native(  775): 00
06-03 17:40:53.499 I/telpo_native(  775): 00
06-03 17:40:53.499 I/telpo_native(  775): 00
06-03 17:40:53.499 I/telpo_native(  775): 87
06-03 17:40:53.499 I/telpo_native(  775): 00
06-03 17:40:53.499 I/telpo_native(  775): 00
06-03 17:40:53.499 I/telpo_native(  775): 01
06-03 17:40:53.499 I/telpo_native(  775): 00
06-03 17:40:53.499 I/telpo_native(  775): 00
06-03 17:40:53.499 I/telpo_native(  775): 00
06-03 17:40:53.499 I/telpo_native(  775): 00
06-03 17:40:53.499 I/telpo_native(  775): 07
06-03 17:40:53.499 I/telpo_native(  775): 
06-03 17:40:53.499 D/telpo_native(  775): handle_serial_read_write_cmd: usb write length = 17
06-03 17:40:53.501 D/StatusBar.MSimNetworkController( 2940): getPhoneId phoneId: 0
06-03 17:40:53.501 D/StatusBar.MSimNetworkController( 2940): onDataActivity received on phoneId :0direction=0
06-03 17:40:53.501 D/StatusBar.MSimNetworkController( 2940): updateDataIcon phoneId =0
06-03 17:40:53.510 D/StatusBar.MSimNetworkController( 2940): updateDataIcon dataSub =0
06-03 17:40:53.510 D/StatusBar.MSimNetworkController( 2940): updateDataIcon  when SimState =ABSENT
06-03 17:40:53.510 D/StatusBar.MSimNetworkController( 2940): updateDataIcon when mMSimDataConnected[0] =false mMSimMobileActivityIconId[0] = 0
06-03 17:40:53.510 D/StatusBar.MSimNetworkController( 2940): refreshViews phoneId =0mMSimDataConnected =false
06-03 17:40:53.511 D/telpo_native(  775): rcvData = 08
06-03 17:40:53.515 D/telpo_native(  775): rcvData = 00
06-03 17:40:53.516 D/telpo_native(  775): rcvData = 00
06-03 17:40:53.516 D/telpo_native(  775): rcvData = 00
06-03 17:40:53.516 D/telpo_native(  775): rcvData = 87
06-03 17:40:53.516 D/telpo_native(  775): rcvData = 00
06-03 17:40:53.516 D/telpo_native(  775): rcvData = 00
06-03 17:40:53.516 D/telpo_native(  775): rcvData = 01
06-03 17:40:53.516 D/telpo_native(  775): rcvData = 00
06-03 17:40:53.516 D/telpo_native(  775): rcvData = 00
06-03 17:40:53.516 D/telpo_native(  775): rcvData = 00
06-03 17:40:53.516 D/telpo_native(  775): rcvData = 00
06-03 17:40:53.516 D/telpo_native(  775): rcvData = 00
06-03 17:40:53.524 D/StatusBar.MSimNetworkController( 2940): refreshViews: Data not connected!! Set no data type icon / Roaming for phoneId: 0
06-03 17:40:53.542 D/StatusBar.MSimNetworkController( 2940): updateDataIcon dataSub =0
06-03 17:40:53.542 D/StatusBar.MSimNetworkController( 2940): updateDataIcon  when SimState =ABSENT
06-03 17:40:53.542 D/StatusBar.MSimNetworkController( 2940): updateDataIcon when mMSimDataConnected[0] =false mMSimMobileActivityIconId[0] = 0
06-03 17:40:53.542 D/StatusBar.MSimNetworkController( 2940): refreshViews phoneId =0mMSimDataConnected =false
06-03 17:40:53.542 D/StatusBar.MSimNetworkController( 2940): refreshViews mMSimDataActivity =0
06-03 17:40:53.549 D/StatusBar.MSimNetworkController( 2940): refreshViews: Data not connected!! Set no data type icon / Roaming for phoneId: 0
06-03 17:40:53.549 D/StatusBar.MSimNetworkController( 2940): refreshViews connected={ wifi } level=3 mMSimcombinedSignalIconId=0x7f020352/com.android.systemui:drawable/stat_sys_wifi_signal_4_fully mMSimcombinedActivityIconId=0x7f020347 mAirplaneMode=false mMSimDataActivity=0 mMSimPhoneSignalIconId=0x7f020339/com.android.systemui:drawable/stat_sys_signal_null mMSimDataDirectionIconId=0x0 mMSimDataSignalIconId=0x7f020339 mMSimDataTypeIconId=0x0/(null) mNoMSimIconId=0x7f02009a/com.android.systemui:drawable/ic_qs_no_sim mMSimMobileActivityIconId=0x0/(null) mWifiIconId=0x7f020352 mBluetoothTetherIconId=0x10806a2
06-03 17:40:53.550 D/StatusBar.MSimNetworkController( 2940): getPhoneId phoneId: 1
06-03 17:40:53.550 D/StatusBar.MSimNetworkController( 2940): onDataActivity received on phoneId :1direction=0
06-03 17:40:53.550 D/StatusBar.MSimNetworkController( 2940): updateDataIcon phoneId =1
06-03 17:40:53.552 D/StatusBar.MSimNetworkController( 2940): updateDataIcon dataSub =0
06-03 17:40:53.552 D/StatusBar.MSimNetworkController( 2940): updateDataIconi: phoneId1 is not DDS.  Clear the mMSimDataConnected Flag and return
06-03 17:40:53.553 D/StatusBar.MSimNetworkController( 2940): refreshViews phoneId =1mMSimDataConnected =false
06-03 17:40:53.553 D/StatusBar.MSimNetworkController( 2940): refreshViews mMSimDataActivity =0
06-03 17:40:53.556 D/StatusBar.MSimNetworkController( 2940): refreshViews: Data not connected!! Set no data type icon / Roaming for phoneId: 1
06-03 17:40:53.556 D/StatusBar.MSimNetworkController( 2940): refreshViews connected={ wifi } level=0 mMSimcombinedSignalIconId=0x7f020352/com.android.systemui:drawable/stat_sys_wifi_signal_4_fully mMSimcombinedActivityIconId=0x7f020347 mAirplaneMode=false mMSimDataActivity=0 mMSimPhoneSignalIconId=0x7f020339/com.android.systemui:drawable/stat_sys_signal_null mMSimDataDirectionIconId=0x0 mMSimDataSignalIconId=0x7f020339 mMSimDataTypeIconId=0x0/(null) mNoMSimIconId=0x7f02009a/com.android.systemui:drawable/ic_qs_no_sim mMSimMobileActivityIconId=0x0/(null) mWifiIconId=0x7f020352 mBluetoothTetherIconId=0x10806a2
06-03 17:40:53.590 D/StatusBar.MSimNetworkController( 2940): getPhoneId phoneId: 0
06-03 17:40:53.590 D/StatusBar.MSimNetworkController( 2940): onDataActivity received on phoneId :0direction=0
06-03 17:40:53.590 D/StatusBar.MSimNetworkController( 2940): updateDataIcon phoneId =0
06-03 17:40:53.596 D/StatusBar.MSimNetworkController( 2940): updateDataIcon dataSub =0
06-03 17:40:53.597 D/StatusBar.MSimNetworkController( 2940): updateDataIcon  when SimState =ABSENT
06-03 17:40:53.597 D/StatusBar.MSimNetworkController( 2940): updateDataIcon when mMSimDataConnected[0] =false mMSimMobileActivityIconId[0] = 0
06-03 17:40:53.597 D/StatusBar.MSimNetworkController( 2940): refreshViews phoneId =0mMSimDataConnected =false
06-03 17:40:53.597 D/StatusBar.MSimNetworkController( 2940): refreshViews mMSimDataActivity =0
06-03 17:40:53.600 D/StatusBar.MSimNetworkController( 2940): refreshViews: Data not connected!! Set no data type icon / Roaming for phoneId: 0
06-03 17:40:53.601 D/Ulp_jni (  775): JNI:system_update. Event-0
06-03 17:40:53.601 E/LocSvc_libulp(  775): I/===> int ulp_msg_process_system_update(UlpSystemEvent) line 1455 
06-03 17:40:53.601 E/LocSvc_libulp(  775): W/Loc HAL handshake did not happen yet...
06-03 17:40:53.601 D/StatusBar.MSimNetworkController( 2940): refreshViews connected={ wifi } level=3 mMSimcombinedSignalIconId=0x7f020352/com.android.systemui:drawable/stat_sys_wifi_signal_4_fully mMSimcombinedActivityIconId=0x7f020347 mAirplaneMode=false mMSimDataActivity=0 mMSimPhoneSignalIconId=0x7f020339/com.android.systemui:drawable/stat_sys_signal_null mMSimDataDirectionIconId=0x0 mMSimDataSignalIconId=0x7f020339 mMSimDataTypeIconId=0x0/(null) mNoMSimIconId=0x7f02009a/com.android.systemui:drawable/ic_qs_no_sim mMSimMobileActivityIconId=0x0/(null) mWifiIconId=0x7f020352 mBluetoothTetherIconId=0x10806a2
06-03 17:40:53.603 D/StatusBar.MSimNetworkController( 2940): getPhoneId phoneId: 1
06-03 17:40:53.603 D/StatusBar.MSimNetworkController( 2940): onDataActivity received on phoneId :1direction=0
06-03 17:40:53.603 D/StatusBar.MSimNetworkController( 2940): updateDataIcon phoneId =1
06-03 17:40:53.608 D/StatusBar.MSimNetworkController( 2940): updateDataIcon dataSub =0
06-03 17:40:53.608 D/StatusBar.MSimNetworkController( 2940): updateDataIconi: phoneId1 is not DDS.  Clear the mMSimDataConnected Flag and return
06-03 17:40:53.608 D/StatusBar.MSimNetworkController( 2940): refreshViews phoneId =1mMSimDataConnected =false
06-03 17:40:53.608 D/StatusBar.MSimNetworkController( 2940): refreshViews mMSimDataActivity =0
06-03 17:40:53.611 D/StatusBar.MSimNetworkController( 2940): refreshViews: Data not connected!! Set no data type icon / Roaming for phoneId: 1
06-03 17:40:53.611 D/StatusBar.MSimNetworkController( 2940): refreshViews connected={ wifi } level=0 mMSimcombinedSignalIconId=0x7f020352/com.android.systemui:drawable/stat_sys_wifi_signal_4_fully mMSimcombinedActivityIconId=0x7f020347 mAirplaneMode=false mMSimDataActivity=0 mMSimPhoneSignalIconId=0x7f020339/com.android.systemui:drawable/stat_sys_signal_null mMSimDataDirectionIconId=0x0 mMSimDataSignalIconId=0x7f020339 mMSimDataTypeIconId=0x0/(null) mNoMSimIconId=0x7f02009a/com.android.systemui:drawable/ic_qs_no_sim mMSimMobileActivityIconId=0x0/(null) mWifiIconId=0x7f020352 mBluetoothTetherIconId=0x10806a2
06-03 17:40:53.613 D/StatusBar.MSimNetworkController( 2940): getPhoneId phoneId: 0
06-03 17:40:53.613 D/StatusBar.MSimNetworkController( 2940): onDataActivity received on phoneId :0direction=0
06-03 17:40:53.613 D/StatusBar.MSimNetworkController( 2940): updateDataIcon phoneId =0
06-03 17:40:53.617 D/StatusBar.MSimNetworkController( 2940): updateDataIcon dataSub =0
06-03 17:40:53.617 D/StatusBar.MSimNetworkController( 2940): updateDataIcon  when SimState =ABSENT
06-03 17:40:53.617 D/StatusBar.MSimNetworkController( 2940): updateDataIcon when mMSimDataConnected[0] =false mMSimMobileActivityIconId[0] = 0
06-03 17:40:53.617 D/StatusBar.MSimNetworkController( 2940): refreshViews phoneId =0mMSimDataConnected =false
06-03 17:40:53.617 D/StatusBar.MSimNetworkController( 2940): refreshViews mMSimDataActivity =0
06-03 17:40:53.620 D/StatusBar.MSimNetworkController( 2940): refreshViews: Data not connected!! Set no data type icon / Roaming for phoneId: 0
06-03 17:40:53.621 D/StatusBar.MSimNetworkController( 2940): refreshViews connected={ wifi } level=3 mMSimcombinedSignalIconId=0x7f020352/com.android.systemui:drawable/stat_sys_wifi_signal_4_fully mMSimcombinedActivityIconId=0x7f020347 mAirplaneMode=false mMSimDataActivity=0 mMSimPhoneSignalIconId=0x7f020339/com.android.systemui:drawable/stat_sys_signal_null mMSimDataDirectionIconId=0x0 mMSimDataSignalIconId=0x7f020339 mMSimDataTypeIconId=0x0/(null) mNoMSimIconId=0x7f02009a/com.android.systemui:drawable/ic_qs_no_sim mMSimMobileActivityIconId=0x0/(null) mWifiIconId=0x7f020352 mBluetoothTetherIconId=0x10806a2
06-03 17:40:53.623 D/StatusBar.MSimNetworkController( 2940): getPhoneId phoneId: 1
06-03 17:40:53.624 D/StatusBar.MSimNetworkController( 2940): onDataActivity received on phoneId :1direction=0
06-03 17:40:53.624 D/StatusBar.MSimNetworkController( 2940): updateDataIcon phoneId =1
06-03 17:40:53.627 D/StatusBar.MSimNetworkController( 2940): updateDataIcon dataSub =0
06-03 17:40:53.627 D/StatusBar.MSimNetworkController( 2940): updateDataIconi: phoneId1 is not DDS.  Clear the mMSimDataConnected Flag and return
06-03 17:40:53.627 D/StatusBar.MSimNetworkController( 2940): refreshViews phoneId =1mMSimDataConnected =false
06-03 17:40:53.627 D/StatusBar.MSimNetworkController( 2940): refreshViews mMSimDataActivity =0
06-03 17:40:53.630 D/StatusBar.MSimNetworkController( 2940): refreshViews: Data not connected!! Set no data type icon / Roaming for phoneId: 1
06-03 17:40:53.630 D/StatusBar.MSimNetworkController( 2940): refreshViews connected={ wifi } level=0 mMSimcombinedSignalIconId=0x7f020352/com.android.systemui:drawable/stat_sys_wifi_signal_4_fully mMSimcombinedActivityIconId=0x7f020347 mAirplaneMode=false mMSimDataActivity=0 mMSimPhoneSignalIconId=0x7f020339/com.android.systemui:drawable/stat_sys_signal_null mMSimDataDirectionIconId=0x0 mMSimDataSignalIconId=0x7f020339 mMSimDataTypeIconId=0x0/(null) mNoMSimIconId=0x7f02009a/com.android.systemui:drawable/ic_qs_no_sim mMSimMobileActivityIconId=0x0/(null) mWifiIconId=0x7f020352 mBluetoothTetherIconId=0x10806a2
06-03 17:40:53.637 D/StatusBar.MSimNetworkController( 2940): getPhoneId phoneId: 0
06-03 17:40:53.637 D/StatusBar.MSimNetworkController( 2940): onDataActivity received on phoneId :0direction=0
06-03 17:40:53.637 D/StatusBar.MSimNetworkController( 2940): updateDataIcon phoneId =0
06-03 17:40:53.641 D/StatusBar.MSimNetworkController( 2940): updateDataIcon dataSub =0
06-03 17:40:53.641 D/StatusBar.MSimNetworkController( 2940): updateDataIcon  when SimState =ABSENT
06-03 17:40:53.641 D/StatusBar.MSimNetworkController( 2940): updateDataIcon when mMSimDataConnected[0] =false mMSimMobileActivityIconId[0] = 0
06-03 17:40:53.641 D/StatusBar.MSimNetworkController( 2940): refreshViews phoneId =0mMSimDataConnected =false
06-03 17:40:53.641 D/StatusBar.MSimNetworkController( 2940): refreshViews mMSimDataActivity =0
06-03 17:40:53.655 D/StatusBar.MSimNetworkController( 2940): refreshViews: Data not connected!! Set no data type icon / Roaming for phoneId: 0
06-03 17:40:53.655 D/StatusBar.MSimNetworkController( 2940): refreshViews connected={ wifi } level=3 mMSimcombinedSignalIconId=0x7f020352/com.android.systemui:drawable/stat_sys_wifi_signal_4_fully mMSimcombinedActivityIconId=0x7f020347 mAirplaneMode=false mMSimDataActivity=0 mMSimPhoneSignalIconId=0x7f020339/com.android.systemui:drawable/stat_sys_signal_null mMSimDataDirectionIconId=0x0 mMSimDataSignalIconId=0x7f020339 mMSimDataTypeIconId=0x0/(null) mNoMSimIconId=0x7f02009a/com.android.systemui:drawable/ic_qs_no_sim mMSimMobileActivityIconId=0x0/(null) mWifiIconId=0x7f020352 mBluetoothTetherIconId=0x10806a2
06-03 17:40:53.657 D/StatusBar.MSimNetworkController( 2940): getPhoneId phoneId: 1
06-03 17:40:53.657 D/StatusBar.MSimNetworkController( 2940): onDataActivity received on phoneId :1direction=0
06-03 17:40:53.657 D/StatusBar.MSimNetworkController( 2940): updateDataIcon phoneId =1
06-03 17:40:53.661 D/StatusBar.MSimNetworkController( 2940): updateDataIcon dataSub =0
06-03 17:40:53.661 D/StatusBar.MSimNetworkController( 2940): updateDataIconi: phoneId1 is not DDS.  Clear the mMSimDataConnected Flag and return
06-03 17:40:53.661 D/StatusBar.MSimNetworkController( 2940): refreshViews phoneId =1mMSimDataConnected =false
06-03 17:40:53.661 D/StatusBar.MSimNetworkController( 2940): refreshViews mMSimDataActivity =0
06-03 17:40:53.667 D/StatusBar.MSimNetworkController( 2940): refreshViews: Data not connected!! Set no data type icon / Roaming for phoneId: 1
06-03 17:40:53.667 D/StatusBar.MSimNetworkController( 2940): refreshViews connected={ wifi } level=0 mMSimcombinedSignalIconId=0x7f020352/com.android.systemui:drawable/stat_sys_wifi_signal_4_fully mMSimcombinedActivityIconId=0x7f020347 mAirplaneMode=false mMSimDataActivity=0 mMSimPhoneSignalIconId=0x7f020339/com.android.systemui:drawable/stat_sys_signal_null mMSimDataDirectionIconId=0x0 mMSimDataSignalIconId=0x7f020339 mMSimDataTypeIconId=0x0/(null) mNoMSimIconId=0x7f02009a/com.android.systemui:drawable/ic_qs_no_sim mMSimMobileActivityIconId=0x0/(null) mWifiIconId=0x7f020352 mBluetoothTetherIconId=0x10806a2
06-03 17:40:53.668 D/StatusBar.MSimNetworkController( 2940): getPhoneId phoneId: 0
06-03 17:40:53.668 D/StatusBar.MSimNetworkController( 2940): onDataActivity received on phoneId :0direction=0
06-03 17:40:53.669 D/StatusBar.MSimNetworkController( 2940): updateDataIcon phoneId =0
06-03 17:40:53.670 D/StatusBar.MSimNetworkController( 2940): updateDataIcon dataSub =0
06-03 17:40:53.670 D/StatusBar.MSimNetworkController( 2940): updateDataIcon  when SimState =ABSENT
06-03 17:40:53.670 D/StatusBar.MSimNetworkController( 2940): updateDataIcon when mMSimDataConnected[0] =false mMSimMobileActivityIconId[0] = 0
06-03 17:40:53.670 D/StatusBar.MSimNetworkController( 2940): refreshViews phoneId =0mMSimDataConnected =false
06-03 17:40:53.670 D/StatusBar.MSimNetworkController( 2940): refreshViews mMSimDataActivity =0
06-03 17:40:53.673 D/StatusBar.MSimNetworkController( 2940): refreshViews: Data not connected!! Set no data type icon / Roaming for phoneId: 0
06-03 17:40:53.673 D/StatusBar.MSimNetworkController( 2940): refreshViews connected={ wifi } level=3 mMSimcombinedSignalIconId=0x7f020352/com.android.systemui:drawable/stat_sys_wifi_signal_4_fully mMSimcombinedActivityIconId=0x7f020347 mAirplaneMode=false mMSimDataActivity=0 mMSimPhoneSignalIconId=0x7f020339/com.android.systemui:drawable/stat_sys_signal_null mMSimDataDirectionIconId=0x0 mMSimDataSignalIconId=0x7f020339 mMSimDataTypeIconId=0x0/(null) mNoMSimIconId=0x7f02009a/com.android.systemui:drawable/ic_qs_no_sim mMSimMobileActivityIconId=0x0/(null) mWifiIconId=0x7f020352 mBluetoothTetherIconId=0x10806a2
06-03 17:40:53.677 D/StatusBar.MSimNetworkController( 2940): getPhoneId phoneId: 1
06-03 17:40:53.677 D/StatusBar.MSimNetworkController( 2940): onDataActivity received on phoneId :1direction=0
06-03 17:40:53.677 D/StatusBar.MSimNetworkController( 2940): updateDataIcon phoneId =1
06-03 17:40:53.683 D/StatusBar.MSimNetworkController( 2940): updateDataIcon dataSub =0
06-03 17:40:53.683 D/StatusBar.MSimNetworkController( 2940): updateDataIconi: phoneId1 is not DDS.  Clear the mMSimDataConnected Flag and return
06-03 17:40:53.683 D/StatusBar.MSimNetworkController( 2940): refreshViews phoneId =1mMSimDataConnected =false
06-03 17:40:53.683 D/StatusBar.MSimNetworkController( 2940): refreshViews mMSimDataActivity =0
06-03 17:40:53.686 D/StatusBar.MSimNetworkController( 2940): refreshViews: Data not connected!! Set no data type icon / Roaming for phoneId: 1
06-03 17:40:53.686 D/StatusBar.MSimNetworkController( 2940): refreshViews connected={ wifi } level=0 mMSimcombinedSignalIconId=0x7f020352/com.android.systemui:drawable/stat_sys_wifi_signal_4_fully mMSimcombinedActivityIconId=0x7f020347 mAirplaneMode=false mMSimDataActivity=0 mMSimPhoneSignalIconId=0x7f020339/com.android.systemui:drawable/stat_sys_signal_null mMSimDataDirectionIconId=0x0 mMSimDataSignalIconId=0x7f020339 mMSimDataTypeIconId=0x0/(null) mNoMSimIconId=0x7f02009a/com.android.systemui:drawable/ic_qs_no_sim mMSimMobileActivityIconId=0x0/(null) mWifiIconId=0x7f020352 mBluetoothTetherIconId=0x10806a2
06-03 17:40:53.741 D/BatteryMeterView( 2940): not on charging...
06-03 17:40:53.741 D/BatteryMeterView( 2940): not on charging...
06-03 17:40:53.742 D/BatteryMeterView( 2940): not on charging...
06-03 17:40:53.745 D/BatteryMeterView( 2940): onDraw level = 10
06-03 17:40:53.776 D/BatteryMeterView( 2940): onDraw level = 10
06-03 17:40:54.139 D/PhoneStatusBar( 2940): disable: < expand ICONS alerts SYSTEM_INFO back HOME RECENT clock SEARCH >
06-03 17:40:54.143 I/WindowManager(  775): Win Window{bff5d73 u0 android}: isVisibleOrBehindKeyguardLw=true
06-03 17:40:54.144 I/WindowManager(  775): Win Window{7989c4a u0 StatusBar}: isVisibleOrBehindKeyguardLw=true
06-03 17:40:54.144 I/WindowManager(  775): Win Window{1ea30909 u0 com.android.phasebeam.PhaseBeamWallpaper}: isVisibleOrBehindKeyguardLw=true
06-03 17:40:54.144 I/WindowManager(  775): Win Window{2142f7eb u0 com.telpo.tpui/com.telpo.tpui.MainActivity}: isVisibleOrBehindKeyguardLw=true
06-03 17:40:54.144 V/WindowManager(  775): Fullscreen window: Window{2142f7eb u0 com.telpo.tpui/com.telpo.tpui.MainActivity}
06-03 17:40:54.144 I/WindowManager(  775): force=false forcefkg=true top=Window{2142f7eb u0 com.telpo.tpui/com.telpo.tpui.MainActivity}
06-03 17:40:54.144 V/WindowManager(  775): Showing status bar: forced
06-03 17:40:54.144 V/WindowManager(  775): finishPostLayoutPolicyLw: mHideKeyguard=false
06-03 17:40:54.163 D/WindowManager(  775): PWM.startKeyguardExitAnimation
06-03 17:40:54.167 I/WindowManager(  775): mDock rect: (0,0 - 720,1280)
06-03 17:40:54.167 V/WindowManager(  775): Status bar: dock=[0,50][720,1280] content=[0,50][720,1280] cur=[0,50][720,1280]
06-03 17:40:54.167 V/WindowManager(  775): layoutWindowLw(): normal window
06-03 17:40:54.168 V/WindowManager(  775): Compute frame : sim=#20 attach=null type=2015 flags=0x01000018 pf=[0,50][720,1280] df=[0,50][720,1280] of=[0,50][720,1280] cf=[0,50][720,1280] vf=[0,50][720,1280] dcf=[0,0][720,1280] sf=[0,50][720,1280]
06-03 17:40:54.168 V/WindowManager(  775): Compute frame StatusBar: sim=#10 attach=null type=2000 flags=0x81960040 pf=[0,0][720,1280] df=[0,0][720,1280] of=[0,0][720,1280] cf=[0,50][720,1280] vf=[0,50][720,1280] dcf=[0,0][0,0] sf=[0,50][720,1280]
06-03 17:40:54.168 V/WindowManager(  775): layoutWindowLw(com.telpo.tpui/com.telpo.tpui.MainActivity): IN_SCREEN, INSET_DECOR
06-03 17:40:54.168 V/WindowManager(  775): Compute frame com.telpo.tpui/com.telpo.tpui.MainActivity: sim=#110 attach=null type=1 flags=0x85810100 pf=[0,0][720,1280] df=[0,0][720,1280] of=[0,0][720,1280] cf=[0,50][720,1280] vf=[0,50][720,1280] dcf=[0,0][720,1280] sf=[0,50][720,1280]
06-03 17:40:54.168 V/WindowManager(  775): layoutWindowLw(com.android.phasebeam.PhaseBeamWallpaper): IN_SCREEN
06-03 17:40:54.168 V/WindowManager(  775): Compute frame com.android.phasebeam.PhaseBeamWallpaper: sim=#0 attach=null type=2013 flags=0x00000308 pf=[0,0][720,1280] df=[-10000,-10000][10000,10000] of=[0,0][720,1280] cf=[0,0][720,1280] vf=[0,50][720,1280] dcf=[0,0][720,1280] sf=[0,50][720,1280]
06-03 17:40:54.168 I/WindowManager(  775): Win Window{bff5d73 u0 android}: isVisibleOrBehindKeyguardLw=true
06-03 17:40:54.168 I/WindowManager(  775): Win Window{7989c4a u0 StatusBar}: isVisibleOrBehindKeyguardLw=true
06-03 17:40:54.168 I/WindowManager(  775): Win Window{2142f7eb u0 com.telpo.tpui/com.telpo.tpui.MainActivity}: isVisibleOrBehindKeyguardLw=true
06-03 17:40:54.168 V/WindowManager(  775): Fullscreen window: Window{2142f7eb u0 com.telpo.tpui/com.telpo.tpui.MainActivity}
06-03 17:40:54.168 I/WindowManager(  775): Win Window{1ea30909 u0 com.android.phasebeam.PhaseBeamWallpaper}: isVisibleOrBehindKeyguardLw=true
06-03 17:40:54.168 I/WindowManager(  775): force=false forcefkg=true top=Window{2142f7eb u0 com.telpo.tpui/com.telpo.tpui.MainActivity}
06-03 17:40:54.168 V/WindowManager(  775): Showing status bar: forced
06-03 17:40:54.168 V/WindowManager(  775): finishPostLayoutPolicyLw: mHideKeyguard=false
06-03 17:40:54.170 E/AudioPolicyManager(  301): unknown stream type 13
06-03 17:40:54.170 E/AudioPolicyManager(  301): unknown stream type 13
06-03 17:40:54.170 E/AudioPolicyManager(  301): unknown stream type 13
06-03 17:40:54.170 E/AudioPolicyManager(  301): unknown stream type 13
06-03 17:40:54.170 E/AudioPolicyManager(  301): unknown stream type 13
06-03 17:40:54.170 E/AudioPolicyManager(  301): unknown stream type 13
06-03 17:40:54.170 E/AudioPolicyManager(  301): unknown stream type 13
06-03 17:40:54.170 E/AudioPolicyManager(  301): unknown stream type 13
06-03 17:40:54.170 E/AudioPolicyManager(  301): unknown stream type 13
06-03 17:40:54.172 I/WindowManager(  775): mDock rect: (0,0 - 720,1280)
06-03 17:40:54.172 V/WindowManager(  775): Status bar: dock=[0,50][720,1280] content=[0,50][720,1280] cur=[0,50][720,1280]
06-03 17:40:54.172 V/WindowManager(  775): layoutWindowLw(): normal window
06-03 17:40:54.173 V/WindowManager(  775): Compute frame : sim=#20 attach=null type=2015 flags=0x01000018 pf=[0,50][720,1280] df=[0,50][720,1280] of=[0,50][720,1280] cf=[0,50][720,1280] vf=[0,50][720,1280] dcf=[0,0][720,1280] sf=[0,50][720,1280]
06-03 17:40:54.173 D/audio_hw_primary(  301): start_output_stream: enter: stream(0xb79f3180)usecase(1: low-latency-playback) devices(0x2)
06-03 17:40:54.173 D/audio_hw_primary(  301): select_devices: out_snd_device(2: speaker) in_snd_device(0: )
06-03 17:40:54.173 D/hardware_info(  301): hw_info_append_hw_type : device_name = speaker
06-03 17:40:54.173 I/soundtrigger(  301): audio_extn_sound_trigger_update_device_status: device 0x2 of type 0 for Event 1, with Raise=0
06-03 17:40:54.173 V/WindowManager(  775): Compute frame StatusBar: sim=#10 attach=null type=2000 flags=0x81960040 pf=[0,0][720,1280] df=[0,0][720,1280] of=[0,0][720,1280] cf=[0,50][720,1280] vf=[0,50][720,1280] dcf=[0,0][0,0] sf=[0,50][720,1280]
06-03 17:40:54.173 V/WindowManager(  775): layoutWindowLw(com.telpo.tpui/com.telpo.tpui.MainActivity): IN_SCREEN, INSET_DECOR
06-03 17:40:54.174 V/WindowManager(  775): Compute frame com.telpo.tpui/com.telpo.tpui.MainActivity: sim=#110 attach=null type=1 flags=0x85810100 pf=[0,0][720,1280] df=[0,0][720,1280] of=[0,0][720,1280] cf=[0,50][720,1280] vf=[0,50][720,1280] dcf=[0,0][720,1280] sf=[0,50][720,1280]
06-03 17:40:54.174 V/WindowManager(  775): layoutWindowLw(com.android.phasebeam.PhaseBeamWallpaper): IN_SCREEN
06-03 17:40:54.174 V/WindowManager(  775): Compute frame com.android.phasebeam.PhaseBeamWallpaper: sim=#0 attach=null type=2013 flags=0x00000308 pf=[0,0][720,1280] df=[-10000,-10000][10000,10000] of=[0,0][720,1280] cf=[0,0][720,1280] vf=[0,50][720,1280] dcf=[0,0][720,1280] sf=[0,50][720,1280]
06-03 17:40:54.174 I/WindowManager(  775): Win Window{bff5d73 u0 android}: isVisibleOrBehindKeyguardLw=true
06-03 17:40:54.174 I/WindowManager(  775): Win Window{7989c4a u0 StatusBar}: isVisibleOrBehindKeyguardLw=true
06-03 17:40:54.174 I/WindowManager(  775): Win Window{2142f7eb u0 com.telpo.tpui/com.telpo.tpui.MainActivity}: isVisibleOrBehindKeyguardLw=true
06-03 17:40:54.174 V/WindowManager(  775): Fullscreen window: Window{2142f7eb u0 com.telpo.tpui/com.telpo.tpui.MainActivity}
06-03 17:40:54.174 I/WindowManager(  775): Win Window{1ea30909 u0 com.android.phasebeam.PhaseBeamWallpaper}: isVisibleOrBehindKeyguardLw=true
06-03 17:40:54.174 I/WindowManager(  775): force=false forcefkg=true top=Window{2142f7eb u0 com.telpo.tpui/com.telpo.tpui.MainActivity}
06-03 17:40:54.174 V/WindowManager(  775): Showing status bar: forced
06-03 17:40:54.174 V/WindowManager(  775): finishPostLayoutPolicyLw: mHideKeyguard=false
06-03 17:40:54.177 D/PhoneStatusBar( 2940): disable: < expand icons* alerts system_info* back HOME RECENT clock SEARCH >
06-03 17:40:54.179 W/audio_hw_utils(  301): audio_extn_utils_update_stream_app_type_cfg: App type could not be selected. Falling back to default
06-03 17:40:54.179 I/audio_hw_primary(  301): select_devices Selected apptype: 69936
06-03 17:40:54.179 D/soundtrigger(  301): audio_extn_sound_trigger_update_stream_status: uc_id 1 of type 0 for Event 3, with Raise=0
06-03 17:40:54.179 D/ACDB-LOADER(  301): ACDB -> send_audio_cal, acdb_id = 14, path =  0
06-03 17:40:54.179 D/ACDB-LOADER(  301): ACDB -> send_asm_topology
06-03 17:40:54.179 D/ACDB-LOADER(  301): ACDB -> ACDB_CMD_GET_AUDPROC_STREAM_TOPOLOGY_ID
06-03 17:40:54.179 D/ACDB-LOADER(  301): ACDB -> send_adm_topology
06-03 17:40:54.179 D/ACDB-LOADER(  301): ACDB -> ACDB_CMD_GET_AUDPROC_COMMON_TOPOLOGY_ID
06-03 17:40:54.179 D/ACDB-LOADER(  301): ACDB -> send_audtable
06-03 17:40:54.179 D/ACDB-LOADER(  301): ACDB -> ACDB_CMD_GET_AUDPROC_COMMON_TABLE
06-03 17:40:54.179 D/ACDB-LOADER(  301): ACDB -> AUDIO_SET_AUDPROC_CAL
06-03 17:40:54.179 D/ACDB-LOADER(  301): ACDB -> send_audvoltable
06-03 17:40:54.179 D/ACDB-LOADER(  301): ACDB -> ACDB_CMD_GET_AUDPROC_GAIN_DEP_STEP_TABLE
06-03 17:40:54.179 D/ACDB-LOADER(  301): ACDB -> AUDIO_SET_AUDPROC_VOL_CAL
06-03 17:40:54.179 D/ACDB-LOADER(  301): ACDB -> send_afe_cal
06-03 17:40:54.179 D/ACDB-LOADER(  301): ACDB -> ACDB_CMD_GET_AFE_COMMON_TABLE
06-03 17:40:54.179 D/ACDB-LOADER(  301): ACDB -> AUDIO_SET_AFE_CAL
06-03 17:40:54.179 D/ACDB-LOADER(  301): ACDB -> send_hw_delay : acdb_id = 14 path = 0
06-03 17:40:54.179 D/ACDB-LOADER(  301): ACDB -> ACDB_AVSYNC_INFO: ACDB_CMD_GET_DEVICE_PROPERTY
06-03 17:40:54.179 I/audio_hw_utils(  301): audio_extn_utils_send_app_type_cfg app_type 69936, acdb_dev_id 14, sample_rate 48000
06-03 17:40:54.181 D/audio_hw_primary(  301): select_devices: done
06-03 17:40:54.203 I/WindowManager(  775): mDock rect: (0,0 - 720,1280)
06-03 17:40:54.203 V/WindowManager(  775): Status bar: dock=[0,50][720,1280] content=[0,50][720,1280] cur=[0,50][720,1280]
06-03 17:40:54.203 V/WindowManager(  775): layoutWindowLw(): normal window
06-03 17:40:54.203 V/WindowManager(  775): Compute frame : sim=#20 attach=null type=2015 flags=0x01000018 pf=[0,50][720,1280] df=[0,50][720,1280] of=[0,50][720,1280] cf=[0,50][720,1280] vf=[0,50][720,1280] dcf=[0,0][720,1280] sf=[0,50][720,1280]
06-03 17:40:54.203 V/WindowManager(  775): Compute frame StatusBar: sim=#10 attach=null type=2000 flags=0x81960040 pf=[0,0][720,1280] df=[0,0][720,1280] of=[0,0][720,1280] cf=[0,50][720,1280] vf=[0,50][720,1280] dcf=[0,0][0,0] sf=[0,50][720,1280]
06-03 17:40:54.203 V/WindowManager(  775): layoutWindowLw(com.telpo.tpui/com.telpo.tpui.MainActivity): IN_SCREEN, INSET_DECOR
06-03 17:40:54.203 V/WindowManager(  775): Compute frame com.telpo.tpui/com.telpo.tpui.MainActivity: sim=#110 attach=null type=1 flags=0x85810100 pf=[0,0][720,1280] df=[0,0][720,1280] of=[0,0][720,1280] cf=[0,50][720,1280] vf=[0,50][720,1280] dcf=[0,0][720,1280] sf=[0,50][720,1280]
06-03 17:40:54.204 V/WindowManager(  775): layoutWindowLw(com.android.phasebeam.PhaseBeamWallpaper): IN_SCREEN
06-03 17:40:54.204 V/WindowManager(  775): Compute frame com.android.phasebeam.PhaseBeamWallpaper: sim=#0 attach=null type=2013 flags=0x00000308 pf=[0,0][720,1280] df=[-10000,-10000][10000,10000] of=[0,0][720,1280] cf=[0,0][720,1280] vf=[0,50][720,1280] dcf=[0,0][720,1280] sf=[0,50][720,1280]
06-03 17:40:54.204 I/WindowManager(  775): Win Window{bff5d73 u0 android}: isVisibleOrBehindKeyguardLw=true
06-03 17:40:54.204 I/WindowManager(  775): Win Window{7989c4a u0 StatusBar}: isVisibleOrBehindKeyguardLw=true
06-03 17:40:54.204 I/WindowManager(  775): Win Window{2142f7eb u0 com.telpo.tpui/com.telpo.tpui.MainActivity}: isVisibleOrBehindKeyguardLw=true
06-03 17:40:54.204 V/WindowManager(  775): Fullscreen window: Window{2142f7eb u0 com.telpo.tpui/com.telpo.tpui.MainActivity}
06-03 17:40:54.205 I/WindowManager(  775): Win Window{1ea30909 u0 com.android.phasebeam.PhaseBeamWallpaper}: isVisibleOrBehindKeyguardLw=true
06-03 17:40:54.205 I/WindowManager(  775): force=false forcefkg=true top=Window{2142f7eb u0 com.telpo.tpui/com.telpo.tpui.MainActivity}
06-03 17:40:54.205 V/WindowManager(  775): Showing status bar: forced
06-03 17:40:54.205 V/WindowManager(  775): finishPostLayoutPolicyLw: mHideKeyguard=false
06-03 17:40:54.208 I/WindowManager(  775): mDock rect: (0,0 - 720,1280)
06-03 17:40:54.208 V/WindowManager(  775): Status bar: dock=[0,50][720,1280] content=[0,50][720,1280] cur=[0,50][720,1280]
06-03 17:40:54.208 V/WindowManager(  775): layoutWindowLw(): normal window
06-03 17:40:54.208 V/WindowManager(  775): Compute frame : sim=#20 attach=null type=2015 flags=0x01000018 pf=[0,50][720,1280] df=[0,50][720,1280] of=[0,50][720,1280] cf=[0,50][720,1280] vf=[0,50][720,1280] dcf=[0,0][720,1280] sf=[0,50][720,1280]
06-03 17:40:54.208 V/WindowManager(  775): Compute frame StatusBar: sim=#10 attach=null type=2000 flags=0x81960040 pf=[0,0][720,1280] df=[0,0][720,1280] of=[0,0][720,1280] cf=[0,50][720,1280] vf=[0,50][720,1280] dcf=[0,0][0,0] sf=[0,50][720,1280]
06-03 17:40:54.208 V/WindowManager(  775): layoutWindowLw(com.telpo.tpui/com.telpo.tpui.MainActivity): IN_SCREEN, INSET_DECOR
06-03 17:40:54.209 V/WindowManager(  775): Compute frame com.telpo.tpui/com.telpo.tpui.MainActivity: sim=#110 attach=null type=1 flags=0x85810100 pf=[0,0][720,1280] df=[0,0][720,1280] of=[0,0][720,1280] cf=[0,50][720,1280] vf=[0,50][720,1280] dcf=[0,0][720,1280] sf=[0,50][720,1280]
06-03 17:40:54.209 V/WindowManager(  775): layoutWindowLw(com.android.phasebeam.PhaseBeamWallpaper): IN_SCREEN
06-03 17:40:54.209 V/WindowManager(  775): Compute frame com.android.phasebeam.PhaseBeamWallpaper: sim=#0 attach=null type=2013 flags=0x00000308 pf=[0,0][720,1280] df=[-10000,-10000][10000,10000] of=[0,0][720,1280] cf=[0,0][720,1280] vf=[0,50][720,1280] dcf=[0,0][720,1280] sf=[0,50][720,1280]
06-03 17:40:54.209 I/WindowManager(  775): Win Window{bff5d73 u0 android}: isVisibleOrBehindKeyguardLw=true
06-03 17:40:54.209 I/WindowManager(  775): Win Window{7989c4a u0 StatusBar}: isVisibleOrBehindKeyguardLw=true
06-03 17:40:54.209 I/WindowManager(  775): Win Window{2142f7eb u0 com.telpo.tpui/com.telpo.tpui.MainActivity}: isVisibleOrBehindKeyguardLw=true
06-03 17:40:54.209 V/WindowManager(  775): Fullscreen window: Window{2142f7eb u0 com.telpo.tpui/com.telpo.tpui.MainActivity}
06-03 17:40:54.209 I/WindowManager(  775): Win Window{1ea30909 u0 com.android.phasebeam.PhaseBeamWallpaper}: isVisibleOrBehindKeyguardLw=true
06-03 17:40:54.209 I/WindowManager(  775): force=false forcefkg=true top=Window{2142f7eb u0 com.telpo.tpui/com.telpo.tpui.MainActivity}
06-03 17:40:54.209 V/WindowManager(  775): Showing status bar: forced
06-03 17:40:54.209 V/WindowManager(  775): finishPostLayoutPolicyLw: mHideKeyguard=false
06-03 17:40:54.210 D/BluetoothAdapter( 2940): 409945778: getState() :  mService = null. Returning STATE_OFF
06-03 17:40:54.210 D/BluetoothAdapter( 2940): 409945778: getState() :  mService = null. Returning STATE_OFF
06-03 17:40:54.220 V/ActivityManager(  775): Display changed displayId=0
06-03 17:40:54.221 I/WindowManager(  775): Win Window{bff5d73 u0 android}: isVisibleOrBehindKeyguardLw=true
06-03 17:40:54.221 I/WindowManager(  775): Win Window{7989c4a u0 StatusBar}: isVisibleOrBehindKeyguardLw=true
06-03 17:40:54.221 I/WindowManager(  775): Win Window{2142f7eb u0 com.telpo.tpui/com.telpo.tpui.MainActivity}: isVisibleOrBehindKeyguardLw=true
06-03 17:40:54.221 V/WindowManager(  775): Fullscreen window: Window{2142f7eb u0 com.telpo.tpui/com.telpo.tpui.MainActivity}
06-03 17:40:54.221 I/WindowManager(  775): Win Window{1ea30909 u0 com.android.phasebeam.PhaseBeamWallpaper}: isVisibleOrBehindKeyguardLw=true
06-03 17:40:54.221 I/WindowManager(  775): force=false forcefkg=true top=Window{2142f7eb u0 com.telpo.tpui/com.telpo.tpui.MainActivity}
06-03 17:40:54.221 V/WindowManager(  775): Showing status bar: forced
06-03 17:40:54.221 V/WindowManager(  775): finishPostLayoutPolicyLw: mHideKeyguard=false
06-03 17:40:54.232 I/WindowManager(  775): mDock rect: (0,0 - 720,1280)
06-03 17:40:54.232 V/WindowManager(  775): Status bar: dock=[0,50][720,1280] content=[0,50][720,1280] cur=[0,50][720,1280]
06-03 17:40:54.232 V/WindowManager(  775): layoutWindowLw(): normal window
06-03 17:40:54.233 V/WindowManager(  775): Compute frame : sim=#20 attach=null type=2015 flags=0x01000018 pf=[0,50][720,1280] df=[0,50][720,1280] of=[0,50][720,1280] cf=[0,50][720,1280] vf=[0,50][720,1280] dcf=[0,0][720,1280] sf=[0,50][720,1280]
06-03 17:40:54.233 V/WindowManager(  775): Compute frame StatusBar: sim=#10 attach=null type=2000 flags=0x81960040 pf=[0,0][720,1280] df=[0,0][720,1280] of=[0,0][720,1280] cf=[0,50][720,1280] vf=[0,50][720,1280] dcf=[0,0][0,0] sf=[0,50][720,1280]
06-03 17:40:54.233 V/WindowManager(  775): layoutWindowLw(com.telpo.tpui/com.telpo.tpui.MainActivity): IN_SCREEN, INSET_DECOR
06-03 17:40:54.233 V/WindowManager(  775): Compute frame com.telpo.tpui/com.telpo.tpui.MainActivity: sim=#110 attach=null type=1 flags=0x85810100 pf=[0,0][720,1280] df=[0,0][720,1280] of=[0,0][720,1280] cf=[0,50][720,1280] vf=[0,50][720,1280] dcf=[0,0][720,1280] sf=[0,50][720,1280]
06-03 17:40:54.233 V/WindowManager(  775): layoutWindowLw(com.android.phasebeam.PhaseBeamWallpaper): IN_SCREEN
06-03 17:40:54.233 V/WindowManager(  775): Compute frame com.android.phasebeam.PhaseBeamWallpaper: sim=#0 attach=null type=2013 flags=0x00000308 pf=[0,0][720,1280] df=[-10000,-10000][10000,10000] of=[0,0][720,1280] cf=[0,0][720,1280] vf=[0,50][720,1280] dcf=[0,0][720,1280] sf=[0,50][720,1280]
06-03 17:40:54.233 I/WindowManager(  775): Win Window{bff5d73 u0 android}: isVisibleOrBehindKeyguardLw=true
06-03 17:40:54.233 I/WindowManager(  775): Win Window{7989c4a u0 StatusBar}: isVisibleOrBehindKeyguardLw=true
06-03 17:40:54.234 I/WindowManager(  775): Win Window{2142f7eb u0 com.telpo.tpui/com.telpo.tpui.MainActivity}: isVisibleOrBehindKeyguardLw=true
06-03 17:40:54.234 V/WindowManager(  775): Fullscreen window: Window{2142f7eb u0 com.telpo.tpui/com.telpo.tpui.MainActivity}
06-03 17:40:54.234 I/WindowManager(  775): Win Window{1ea30909 u0 com.android.phasebeam.PhaseBeamWallpaper}: isVisibleOrBehindKeyguardLw=true
06-03 17:40:54.234 I/WindowManager(  775): force=false forcefkg=true top=Window{2142f7eb u0 com.telpo.tpui/com.telpo.tpui.MainActivity}
06-03 17:40:54.234 V/WindowManager(  775): Showing status bar: forced
06-03 17:40:54.234 V/WindowManager(  775): finishPostLayoutPolicyLw: mHideKeyguard=false
06-03 17:40:54.240 I/WindowManager(  775): Win Window{bff5d73 u0 android}: isVisibleOrBehindKeyguardLw=true
06-03 17:40:54.240 I/WindowManager(  775): Win Window{7989c4a u0 StatusBar}: isVisibleOrBehindKeyguardLw=true
06-03 17:40:54.240 I/WindowManager(  775): Win Window{2142f7eb u0 com.telpo.tpui/com.telpo.tpui.MainActivity}: isVisibleOrBehindKeyguardLw=true
06-03 17:40:54.240 V/WindowManager(  775): Fullscreen window: Window{2142f7eb u0 com.telpo.tpui/com.telpo.tpui.MainActivity}
06-03 17:40:54.240 I/WindowManager(  775): Win Window{1ea30909 u0 com.android.phasebeam.PhaseBeamWallpaper}: isVisibleOrBehindKeyguardLw=true
06-03 17:40:54.240 I/WindowManager(  775): force=false forcefkg=true top=Window{2142f7eb u0 com.telpo.tpui/com.telpo.tpui.MainActivity}
06-03 17:40:54.240 V/WindowManager(  775): Showing status bar: forced
06-03 17:40:54.240 V/WindowManager(  775): finishPostLayoutPolicyLw: mHideKeyguard=false
06-03 17:40:54.252 I/WindowManager(  775): mDock rect: (0,0 - 720,1280)
06-03 17:40:54.252 V/WindowManager(  775): Status bar: dock=[0,50][720,1280] content=[0,50][720,1280] cur=[0,50][720,1280]
06-03 17:40:54.253 V/WindowManager(  775): layoutWindowLw(): normal window
06-03 17:40:54.253 V/WindowManager(  775): Compute frame : sim=#20 attach=null type=2015 flags=0x01000018 pf=[0,50][720,1280] df=[0,50][720,1280] of=[0,50][720,1280] cf=[0,50][720,1280] vf=[0,50][720,1280] dcf=[0,0][720,1280] sf=[0,50][720,1280]
06-03 17:40:54.253 V/WindowManager(  775): layoutWindowLw(com.telpo.tpui/com.telpo.tpui.MainActivity): IN_SCREEN, INSET_DECOR
06-03 17:40:54.253 V/WindowManager(  775): Compute frame com.telpo.tpui/com.telpo.tpui.MainActivity: sim=#110 attach=null type=1 flags=0x85810100 pf=[0,0][720,1280] df=[0,0][720,1280] of=[0,0][720,1280] cf=[0,50][720,1280] vf=[0,50][720,1280] dcf=[0,0][720,1280] sf=[0,50][720,1280]
06-03 17:40:54.253 V/WindowManager(  775): layoutWindowLw(com.android.phasebeam.PhaseBeamWallpaper): IN_SCREEN
06-03 17:40:54.254 V/WindowManager(  775): Compute frame com.android.phasebeam.PhaseBeamWallpaper: sim=#0 attach=null type=2013 flags=0x00000308 pf=[0,0][720,1280] df=[-10000,-10000][10000,10000] of=[0,0][720,1280] cf=[0,0][720,1280] vf=[0,50][720,1280] dcf=[0,0][720,1280] sf=[0,50][720,1280]
06-03 17:40:54.254 I/WindowManager(  775): Win Window{bff5d73 u0 android}: isVisibleOrBehindKeyguardLw=true
06-03 17:40:54.254 I/WindowManager(  775): Win Window{7989c4a u0 StatusBar}: isVisibleOrBehindKeyguardLw=true
06-03 17:40:54.254 I/WindowManager(  775): Win Window{2142f7eb u0 com.telpo.tpui/com.telpo.tpui.MainActivity}: isVisibleOrBehindKeyguardLw=true
06-03 17:40:54.254 V/WindowManager(  775): Fullscreen window: Window{2142f7eb u0 com.telpo.tpui/com.telpo.tpui.MainActivity}
06-03 17:40:54.254 I/WindowManager(  775): Win Window{1ea30909 u0 com.android.phasebeam.PhaseBeamWallpaper}: isVisibleOrBehindKeyguardLw=true
06-03 17:40:54.254 I/WindowManager(  775): force=false forcefkg=false top=Window{2142f7eb u0 com.telpo.tpui/com.telpo.tpui.MainActivity}
06-03 17:40:54.254 D/WindowManager(  775): frame: Rect(0, 0 - 720, 1280) shown frame: RectF(0.0, 1407.9688, 720.0, 2687.9688)
06-03 17:40:54.254 D/WindowManager(  775): attr: WM.LayoutParams{(0,0)(fillxfill) sim=#110 ty=1 fl=#85810100 wanim=0x1030381 vsysui=0x700 surfaceInsets=Rect(0, 0 - 0, 0) needsMenuKey=2} lp.flags=0x85810100
06-03 17:40:54.254 V/WindowManager(  775): ** SHOWING status bar: top is not fullscreen
06-03 17:40:54.254 V/WindowManager(  775): finishPostLayoutPolicyLw: mHideKeyguard=false
06-03 17:40:54.266 W/ResourceType( 3675): No package identifier when getting value for resource number 0x00000000
06-03 17:40:54.266 W/PackageManager( 3675): Failure retrieving resources for com.interswitchng.interswitchpossdkdemo.telpo.v2.debug: Resource ID #0x0
06-03 17:40:54.267 D/BatteryMeterView( 2940): onDraw level = 10
06-03 17:40:54.278 I/WindowManager(  775): Win Window{bff5d73 u0 android}: isVisibleOrBehindKeyguardLw=true
06-03 17:40:54.278 I/WindowManager(  775): Win Window{7989c4a u0 StatusBar}: isVisibleOrBehindKeyguardLw=true
06-03 17:40:54.278 I/WindowManager(  775): Win Window{2142f7eb u0 com.telpo.tpui/com.telpo.tpui.MainActivity}: isVisibleOrBehindKeyguardLw=true
06-03 17:40:54.278 V/WindowManager(  775): Fullscreen window: Window{2142f7eb u0 com.telpo.tpui/com.telpo.tpui.MainActivity}
06-03 17:40:54.278 I/WindowManager(  775): Win Window{1ea30909 u0 com.android.phasebeam.PhaseBeamWallpaper}: isVisibleOrBehindKeyguardLw=true
06-03 17:40:54.279 I/WindowManager(  775): force=false forcefkg=false top=Window{2142f7eb u0 com.telpo.tpui/com.telpo.tpui.MainActivity}
06-03 17:40:54.279 D/WindowManager(  775): frame: Rect(0, 0 - 720, 1280) shown frame: RectF(0.0, 1407.9688, 720.0, 2687.9688)
06-03 17:40:54.279 D/WindowManager(  775): attr: WM.LayoutParams{(0,0)(fillxfill) sim=#110 ty=1 fl=#85810100 wanim=0x1030381 vsysui=0x700 surfaceInsets=Rect(0, 0 - 0, 0) needsMenuKey=2} lp.flags=0x85810100
06-03 17:40:54.279 V/WindowManager(  775): ** SHOWING status bar: top is not fullscreen
06-03 17:40:54.279 V/WindowManager(  775): finishPostLayoutPolicyLw: mHideKeyguard=false
06-03 17:40:54.293 W/ResourceType( 3675): No package identifier when getting value for resource number 0x00000000
06-03 17:40:54.293 W/PackageManager( 3675): Failure retrieving resources for com.telpo.tps900_demo: Resource ID #0x0
06-03 17:40:54.292 D/PhoneStatusBar( 2940): disable: < expand icons alerts system_info back home* recent* clock search* >
06-03 17:40:54.313 I/Authzen (17955): [DeviceStateSyncManager] The server is in sync with current state. Nothing to do
06-03 17:40:54.355 I/WindowManager(  775): mDock rect: (0,0 - 720,1280)
06-03 17:40:54.355 V/WindowManager(  775): Status bar: dock=[0,50][720,1280] content=[0,50][720,1280] cur=[0,50][720,1280]
06-03 17:40:54.355 V/WindowManager(  775): layoutWindowLw(): normal window
06-03 17:40:54.355 V/WindowManager(  775): Compute frame : sim=#20 attach=null type=2015 flags=0x01000018 pf=[0,50][720,1280] df=[0,50][720,1280] of=[0,50][720,1280] cf=[0,50][720,1280] vf=[0,50][720,1280] dcf=[0,0][720,1280] sf=[0,50][720,1280]
06-03 17:40:54.355 V/WindowManager(  775): layoutWindowLw(com.telpo.tpui/com.telpo.tpui.MainActivity): IN_SCREEN, INSET_DECOR
06-03 17:40:54.355 V/WindowManager(  775): Compute frame com.telpo.tpui/com.telpo.tpui.MainActivity: sim=#110 attach=null type=1 flags=0x85810100 pf=[0,0][720,1280] df=[0,0][720,1280] of=[0,0][720,1280] cf=[0,50][720,1280] vf=[0,50][720,1280] dcf=[0,0][720,1280] sf=[0,50][720,1280]
06-03 17:40:54.355 V/WindowManager(  775): layoutWindowLw(com.android.phasebeam.PhaseBeamWallpaper): IN_SCREEN
06-03 17:40:54.356 V/WindowManager(  775): Compute frame com.android.phasebeam.PhaseBeamWallpaper: sim=#0 attach=null type=2013 flags=0x00000308 pf=[0,0][720,1280] df=[-10000,-10000][10000,10000] of=[0,0][720,1280] cf=[0,0][720,1280] vf=[0,50][720,1280] dcf=[0,0][720,1280] sf=[0,50][720,1280]
06-03 17:40:54.356 I/WindowManager(  775): Win Window{bff5d73 u0 android}: isVisibleOrBehindKeyguardLw=true
06-03 17:40:54.356 I/WindowManager(  775): Win Window{7989c4a u0 StatusBar}: isVisibleOrBehindKeyguardLw=true
06-03 17:40:54.356 I/WindowManager(  775): Win Window{2142f7eb u0 com.telpo.tpui/com.telpo.tpui.MainActivity}: isVisibleOrBehindKeyguardLw=true
06-03 17:40:54.356 V/WindowManager(  775): Fullscreen window: Window{2142f7eb u0 com.telpo.tpui/com.telpo.tpui.MainActivity}
06-03 17:40:54.356 I/WindowManager(  775): Win Window{1ea30909 u0 com.android.phasebeam.PhaseBeamWallpaper}: isVisibleOrBehindKeyguardLw=true
06-03 17:40:54.356 I/WindowManager(  775): force=false forcefkg=false top=Window{2142f7eb u0 com.telpo.tpui/com.telpo.tpui.MainActivity}
06-03 17:40:54.356 D/WindowManager(  775): frame: Rect(0, 0 - 720, 1280) shown frame: RectF(0.0, 502.14435, 720.0, 1782.1443)
06-03 17:40:54.356 D/WindowManager(  775): attr: WM.LayoutParams{(0,0)(fillxfill) sim=#110 ty=1 fl=#85810100 wanim=0x1030381 vsysui=0x700 surfaceInsets=Rect(0, 0 - 0, 0) needsMenuKey=2} lp.flags=0x85810100
06-03 17:40:54.356 V/WindowManager(  775): ** SHOWING status bar: top is not fullscreen
06-03 17:40:54.356 V/WindowManager(  775): finishPostLayoutPolicyLw: mHideKeyguard=false
06-03 17:40:54.386 W/InputMethodManagerService(  775): Window already focused, ignoring focus gain of: com.android.internal.view.IInputMethodClient$Stub$Proxy@786afd6 attribute=android.view.inputmethod.EditorInfo@13704257, token = android.os.BinderProxy@384b2f3a
06-03 17:40:54.388 I/Timeline( 3675): Timeline: Activity_idle id: android.os.BinderProxy@185cd0de time:21842915
06-03 17:40:54.397 I/SurfaceFlinger(  262): FPS: 45
06-03 17:40:54.399 I/DeviceCache(17955): Unable to convert the the network interface's MAC Address to string. MAC address cannot be null.
06-03 17:40:54.399 I/DeviceCache(17955): Unable to convert the the network interface's MAC Address to string. MAC address cannot be null.
06-03 17:40:54.401 I/DeviceCache(17955): Unable to convert the the network interface's MAC Address to string. MAC address cannot be null.
06-03 17:40:54.402 I/DeviceCache(17955): Unable to convert the the network interface's MAC Address to string. MAC address cannot be null.
06-03 17:40:54.403 I/DeviceCache(17955): Unable to convert the the network interface's MAC Address to string. MAC address cannot be null.
06-03 17:40:54.404 I/DeviceCache(17955): Unable to convert the the network interface's MAC Address to string. MAC address cannot be null.
06-03 17:40:54.405 I/DeviceCache(17955): Unable to convert the the network interface's MAC Address to string. MAC address cannot be null.
06-03 17:40:54.405 I/DeviceCache(17955): Unable to convert the the network interface's MAC Address to string. MAC address cannot be null.
