--------- beginning of crash
E/AndroidRuntime( 3942): FATAL EXCEPTION: Thread-238
E/AndroidRuntime( 3942): Process: com.google.android.gms, PID: 3942
E/AndroidRuntime( 3942): java.lang.RuntimeException: An error occured while executing doInBackground()
E/AndroidRuntime( 3942): 	at android.os.AsyncTask$3.done(AsyncTask.java:304)
E/AndroidRuntime( 3942): 	at java.util.concurrent.FutureTask.finishCompletion(FutureTask.java:355)
E/AndroidRuntime( 3942): 	at java.util.concurrent.FutureTask.setException(FutureTask.java:222)
E/AndroidRuntime( 3942): 	at java.util.concurrent.FutureTask.run(FutureTask.java:242)
E/AndroidRuntime( 3942): 	at java.lang.Thread.run(Thread.java:818)
E/AndroidRuntime( 3942): Caused by: java.lang.UnsatisfiedLinkError: dalvik.system.PathClassLoader[DexPathList[[zip file "/system/framework/com.android.location.provider.jar", zip file "/system/framework/com.android.media.remotedisplay.jar", zip file "/system/priv-app/GmsCore/GmsCore.apk"],nativeLibraryDirectories=[/vendor/lib, /system/lib]]] couldn't find "libgmscore.so"
E/AndroidRuntime( 3942): 	at java.lang.Runtime.loadLibrary(Runtime.java:366)
E/AndroidRuntime( 3942): 	at java.lang.System.loadLibrary(System.java:988)
E/AndroidRuntime( 3942): 	at com.google.android.gms.org.conscrypt.NativeCrypto.<clinit>(:com.google.android.gms:1026)
E/AndroidRuntime( 3942): 	at com.google.android.gms.org.conscrypt.OpenSSLContextImpl$TLSv12.<init>(:com.google.android.gms:152)
E/AndroidRuntime( 3942): 	at com.google.android.gms.org.conscrypt.OpenSSLContextImpl.getPreferred(:com.google.android.gms:55)
E/AndroidRuntime( 3942): 	at com.google.android.gms.common.net.SocketFactoryCreatorImpl.a(:com.google.android.gms:65)
E/AndroidRuntime( 3942): 	at com.google.android.gms.common.net.SocketFactoryCreatorImpl.newSocketFactory(:com.google.android.gms:32)
E/AndroidRuntime( 3942): 	at lff.a(:com.google.android.gms:24)
E/AndroidRuntime( 3942): 	at com.google.android.gms.common.net.SSLCertificateSocketFactory.getDelegate(:com.google.android.gms:242)
E/AndroidRuntime( 3942): 	at com.google.android.gms.common.net.SSLCertificateSocketFactory.createSocket(:com.google.android.gms:498)
E/AndroidRuntime( 3942): 	at com.android.okhttp.Connection.upgradeToTls(Connection.java:175)
E/AndroidRuntime( 3942): 	at com.android.okhttp.Connection.connect(Connection.java:155)
E/AndroidRuntime( 3942): 	at com.android.okhttp.internal.http.HttpEngine.connect(HttpEngine.java:276)
E/AndroidRuntime( 3942): 	at com.android.okhttp.internal.http.HttpEngine.sendRequest(HttpEngine.java:211)
E/AndroidRuntime( 3942): 	at com.android.okhttp.internal.http.HttpURLConnectionImpl.execute(HttpURLConnectionImpl.java:382)
E/AndroidRuntime( 3942): 	at com.android.okhttp.internal.http.HttpURLConnectionImpl.connect(HttpURLConnectionImpl.java:106)
E/AndroidRuntime( 3942): 	at com.android.okhttp.internal.http.HttpURLConnectionImpl.getOutputStream(HttpURLConnectionImpl.java:217)
E/AndroidRuntime( 3942): 	at com.android.okhttp.internal.http.DelegatingHttpsURLConnection.getOutputStream(DelegatingHttpsURLConnection.java:218)
E/AndroidRuntime( 3942): 	at com.android.okhttp.internal.http.HttpsURLConnectionImpl.getOutputStream(HttpsURLConnectionImpl.java:25)
E/AndroidRuntime( 3942): 	at jgf.a(:com.google.android.gms:677)
E/AndroidRuntime( 3942): 	at jgf.a(:com.google.android.gms:332)
E/AndroidRuntime( 3942): 	at jfw.a(:com.google.android.gms:1213)
E/AndroidRuntime( 3942): 	at jfw.doInBackground(:com.google.android.gms:1154)
E/AndroidRuntime( 3942): 	at android.os.AsyncTask$2.call(AsyncTask.java:292)
E/AndroidRuntime( 3942): 	at java.util.concurrent.FutureTask.run(FutureTask.java:237)
E/AndroidRuntime( 3942): 	... 1 more
E/AndroidRuntime( 5539): FATAL EXCEPTION: Thread-245
E/AndroidRuntime( 5539): Process: com.google.android.gms, PID: 5539
E/AndroidRuntime( 5539): java.lang.RuntimeException: An error occured while executing doInBackground()
E/AndroidRuntime( 5539): 	at android.os.AsyncTask$3.done(AsyncTask.java:304)
E/AndroidRuntime( 5539): 	at java.util.concurrent.FutureTask.finishCompletion(FutureTask.java:355)
E/AndroidRuntime( 5539): 	at java.util.concurrent.FutureTask.setException(FutureTask.java:222)
E/AndroidRuntime( 5539): 	at java.util.concurrent.FutureTask.run(FutureTask.java:242)
E/AndroidRuntime( 5539): 	at java.lang.Thread.run(Thread.java:818)
E/AndroidRuntime( 5539): Caused by: java.lang.UnsatisfiedLinkError: dalvik.system.PathClassLoader[DexPathList[[zip file "/system/framework/com.android.location.provider.jar", zip file "/system/framework/com.android.media.remotedisplay.jar", zip file "/system/priv-app/GmsCore/GmsCore.apk"],nativeLibraryDirectories=[/vendor/lib, /system/lib]]] couldn't find "libgmscore.so"
E/AndroidRuntime( 5539): 	at java.lang.Runtime.loadLibrary(Runtime.java:366)
E/AndroidRuntime( 5539): 	at java.lang.System.loadLibrary(System.java:988)
E/AndroidRuntime( 5539): 	at com.google.android.gms.org.conscrypt.NativeCrypto.<clinit>(:com.google.android.gms:1026)
E/AndroidRuntime( 5539): 	at com.google.android.gms.org.conscrypt.OpenSSLContextImpl$TLSv12.<init>(:com.google.android.gms:152)
E/AndroidRuntime( 5539): 	at com.google.android.gms.org.conscrypt.OpenSSLContextImpl.getPreferred(:com.google.android.gms:55)
E/AndroidRuntime( 5539): 	at com.google.android.gms.common.net.SocketFactoryCreatorImpl.a(:com.google.android.gms:65)
E/AndroidRuntime( 5539): 	at com.google.android.gms.common.net.SocketFactoryCreatorImpl.newSocketFactory(:com.google.android.gms:32)
E/AndroidRuntime( 5539): 	at lff.a(:com.google.android.gms:24)
E/AndroidRuntime( 5539): 	at com.google.android.gms.common.net.SSLCertificateSocketFactory.getDelegate(:com.google.android.gms:242)
E/AndroidRuntime( 5539): 	at com.google.android.gms.common.net.SSLCertificateSocketFactory.createSocket(:com.google.android.gms:498)
E/AndroidRuntime( 5539): 	at com.android.okhttp.Connection.upgradeToTls(Connection.java:175)
E/AndroidRuntime( 5539): 	at com.android.okhttp.Connection.connect(Connection.java:155)
E/AndroidRuntime( 5539): 	at com.android.okhttp.internal.http.HttpEngine.connect(HttpEngine.java:276)
E/AndroidRuntime( 5539): 	at com.android.okhttp.internal.http.HttpEngine.sendRequest(HttpEngine.java:211)
E/AndroidRuntime( 5539): 	at com.android.okhttp.internal.http.HttpURLConnectionImpl.execute(HttpURLConnectionImpl.java:382)
E/AndroidRuntime( 5539): 	at com.android.okhttp.internal.http.HttpURLConnectionImpl.connect(HttpURLConnectionImpl.java:106)
E/AndroidRuntime( 5539): 	at com.android.okhttp.internal.http.HttpURLConnectionImpl.getOutputStream(HttpURLConnectionImpl.java:217)
E/AndroidRuntime( 5539): 	at com.android.okhttp.internal.http.DelegatingHttpsURLConnection.getOutputStream(DelegatingHttpsURLConnection.java:218)
E/AndroidRuntime( 5539): 	at com.android.okhttp.internal.http.HttpsURLConnectionImpl.getOutputStream(HttpsURLConnectionImpl.java:25)
E/AndroidRuntime( 5539): 	at jgf.a(:com.google.android.gms:677)
E/AndroidRuntime( 5539): 	at jgf.a(:com.google.android.gms:332)
E/AndroidRuntime( 5539): 	at jfw.a(:com.google.android.gms:1213)
E/AndroidRuntime( 5539): 	at jfw.doInBackground(:com.google.android.gms:1154)
E/AndroidRuntime( 5539): 	at android.os.AsyncTask$2.call(AsyncTask.java:292)
E/AndroidRuntime( 5539): 	at java.util.concurrent.FutureTask.run(FutureTask.java:237)
E/AndroidRuntime( 5539): 	... 1 more
E/AndroidRuntime( 5977): FATAL EXCEPTION: main
E/AndroidRuntime( 5977): Process: com.interswitchng.interswitchpossdkdemo.pax.v2.debug, PID: 5977
E/AndroidRuntime( 5977): java.lang.RuntimeException: Unable to create application com.interswitchng.interswitchpossdkdemo.POSApplication: java.lang.Exception: PLS INSTALL NEPTUNE
E/AndroidRuntime( 5977): 	at android.app.ActivityThread.handleBindApplication(ActivityThread.java:4556)
E/AndroidRuntime( 5977): 	at android.app.ActivityThread.access$1500(ActivityThread.java:151)
E/AndroidRuntime( 5977): 	at android.app.ActivityThread$H.handleMessage(ActivityThread.java:1364)
E/AndroidRuntime( 5977): 	at android.os.Handler.dispatchMessage(Handler.java:102)
E/AndroidRuntime( 5977): 	at android.os.Looper.loop(Looper.java:135)
E/AndroidRuntime( 5977): 	at android.app.ActivityThread.main(ActivityThread.java:5254)
E/AndroidRuntime( 5977): 	at java.lang.reflect.Method.invoke(Native Method)
E/AndroidRuntime( 5977): 	at java.lang.reflect.Method.invoke(Method.java:372)
E/AndroidRuntime( 5977): 	at com.android.internal.os.ZygoteInit$MethodAndArgsCaller.run(ZygoteInit.java:925)
E/AndroidRuntime( 5977): 	at com.android.internal.os.ZygoteInit.main(ZygoteInit.java:720)
E/AndroidRuntime( 5977): Caused by: java.lang.Exception: PLS INSTALL NEPTUNE
E/AndroidRuntime( 5977): 	at com.pax.neptunelite.api.Utils.checkNeptuneLiteService(Utils.java:44)
E/AndroidRuntime( 5977): 	at com.pax.neptunelite.api.NeptuneLiteUser.getDal(NeptuneLiteUser.java:33)
E/AndroidRuntime( 5977): 	at com.interswitchng.smartpos.emv.pax.services.POSDeviceImpl$Companion.setupDevice(POSDeviceImpl.kt:123)
E/AndroidRuntime( 5977): 	at com.interswitchng.smartpos.emv.pax.services.POSDeviceImpl$Companion.create$smart_pos_emv_pax_debug(POSDeviceImpl.kt:88)
E/AndroidRuntime( 5977): 	at com.interswitchng.smartpos.emv.pax.services.POSDeviceImpl$Companion.create(POSDeviceImpl.kt:111)
E/AndroidRuntime( 5977): 	at com.interswitchng.smartpos.emv.pax.services.POSDeviceImpl.create(POSDeviceImpl.kt)
E/AndroidRuntime( 5977): 	at com.interswitchng.interswitchpossdkdemo.POSApplication.configureTerminal(POSApplication.java:153)
E/AndroidRuntime( 5977): 	at com.interswitchng.interswitchpossdkdemo.POSApplication.onCreate(POSApplication.java:61)
E/AndroidRuntime( 5977): 	at android.app.Instrumentation.callApplicationOnCreate(Instrumentation.java:1012)
E/AndroidRuntime( 5977): 	at android.app.ActivityThread.handleBindApplication(ActivityThread.java:4553)
E/AndroidRuntime( 5977): 	... 9 more
E/AndroidRuntime( 5595): FATAL EXCEPTION: Thread-482
E/AndroidRuntime( 5595): Process: com.google.android.gms, PID: 5595
E/AndroidRuntime( 5595): java.lang.RuntimeException: An error occured while executing doInBackground()
E/AndroidRuntime( 5595): 	at android.os.AsyncTask$3.done(AsyncTask.java:304)
E/AndroidRuntime( 5595): 	at java.util.concurrent.FutureTask.finishCompletion(FutureTask.java:355)
E/AndroidRuntime( 5595): 	at java.util.concurrent.FutureTask.setException(FutureTask.java:222)
E/AndroidRuntime( 5595): 	at java.util.concurrent.FutureTask.run(FutureTask.java:242)
E/AndroidRuntime( 5595): 	at java.lang.Thread.run(Thread.java:818)
E/AndroidRuntime( 5595): Caused by: java.lang.UnsatisfiedLinkError: dalvik.system.PathClassLoader[DexPathList[[zip file "/system/framework/com.android.location.provider.jar", zip file "/system/framework/com.android.media.remotedisplay.jar", zip file "/system/priv-app/GmsCore/GmsCore.apk"],nativeLibraryDirectories=[/vendor/lib, /system/lib]]] couldn't find "libgmscore.so"
E/AndroidRuntime( 5595): 	at java.lang.Runtime.loadLibrary(Runtime.java:366)
E/AndroidRuntime( 5595): 	at java.lang.System.loadLibrary(System.java:988)
E/AndroidRuntime( 5595): 	at com.google.android.gms.org.conscrypt.NativeCrypto.<clinit>(:com.google.android.gms:1026)
E/AndroidRuntime( 5595): 	at com.google.android.gms.org.conscrypt.OpenSSLContextImpl$TLSv12.<init>(:com.google.android.gms:152)
E/AndroidRuntime( 5595): 	at com.google.android.gms.org.conscrypt.OpenSSLContextImpl.getPreferred(:com.google.android.gms:55)
E/AndroidRuntime( 5595): 	at com.google.android.gms.common.net.SocketFactoryCreatorImpl.a(:com.google.android.gms:65)
E/AndroidRuntime( 5595): 	at com.google.android.gms.common.net.SocketFactoryCreatorImpl.newSocketFactory(:com.google.android.gms:32)
E/AndroidRuntime( 5595): 	at lff.a(:com.google.android.gms:24)
E/AndroidRuntime( 5595): 	at com.google.android.gms.common.net.SSLCertificateSocketFactory.getDelegate(:com.google.android.gms:242)
E/AndroidRuntime( 5595): 	at com.google.android.gms.common.net.SSLCertificateSocketFactory.createSocket(:com.google.android.gms:498)
E/AndroidRuntime( 5595): 	at com.android.okhttp.Connection.upgradeToTls(Connection.java:175)
E/AndroidRuntime( 5595): 	at com.android.okhttp.Connection.connect(Connection.java:155)
E/AndroidRuntime( 5595): 	at com.android.okhttp.internal.http.HttpEngine.connect(HttpEngine.java:276)
E/AndroidRuntime( 5595): 	at com.android.okhttp.internal.http.HttpEngine.sendRequest(HttpEngine.java:211)
E/AndroidRuntime( 5595): 	at com.android.okhttp.internal.http.HttpURLConnectionImpl.execute(HttpURLConnectionImpl.java:382)
E/AndroidRuntime( 5595): 	at com.android.okhttp.internal.http.HttpURLConnectionImpl.connect(HttpURLConnectionImpl.java:106)
E/AndroidRuntime( 5595): 	at com.android.okhttp.internal.http.HttpURLConnectionImpl.getOutputStream(HttpURLConnectionImpl.java:217)
E/AndroidRuntime( 5595): 	at com.android.okhttp.internal.http.DelegatingHttpsURLConnection.getOutputStream(DelegatingHttpsURLConnection.java:218)
E/AndroidRuntime( 5595): 	at com.android.okhttp.internal.http.HttpsURLConnectionImpl.getOutputStream(HttpsURLConnectionImpl.java:25)
E/AndroidRuntime( 5595): 	at jgf.a(:com.google.android.gms:677)
E/AndroidRuntime( 5595): 	at jgf.a(:com.google.android.gms:332)
E/AndroidRuntime( 5595): 	at jfw.a(:com.google.android.gms:1213)
E/AndroidRuntime( 5595): 	at jfw.doInBackground(:com.google.android.gms:1154)
E/AndroidRuntime( 5595): 	at android.os.AsyncTask$2.call(AsyncTask.java:292)
E/AndroidRuntime( 5595): 	at java.util.concurrent.FutureTask.run(FutureTask.java:237)
E/AndroidRuntime( 5595): 	... 1 more
E/AndroidRuntime(13496): FATAL EXCEPTION: Thread-348
E/AndroidRuntime(13496): Process: com.google.android.gms, PID: 13496
E/AndroidRuntime(13496): java.lang.RuntimeException: An error occured while executing doInBackground()
E/AndroidRuntime(13496): 	at android.os.AsyncTask$3.done(AsyncTask.java:304)
E/AndroidRuntime(13496): 	at java.util.concurrent.FutureTask.finishCompletion(FutureTask.java:355)
E/AndroidRuntime(13496): 	at java.util.concurrent.FutureTask.setException(FutureTask.java:222)
E/AndroidRuntime(13496): 	at java.util.concurrent.FutureTask.run(FutureTask.java:242)
E/AndroidRuntime(13496): 	at java.lang.Thread.run(Thread.java:818)
E/AndroidRuntime(13496): Caused by: java.lang.UnsatisfiedLinkError: dalvik.system.PathClassLoader[DexPathList[[zip file "/system/framework/com.android.location.provider.jar", zip file "/system/framework/com.android.media.remotedisplay.jar", zip file "/system/priv-app/GmsCore/GmsCore.apk"],nativeLibraryDirectories=[/vendor/lib, /system/lib]]] couldn't find "libgmscore.so"
E/AndroidRuntime(13496): 	at java.lang.Runtime.loadLibrary(Runtime.java:366)
E/AndroidRuntime(13496): 	at java.lang.System.loadLibrary(System.java:988)
E/AndroidRuntime(13496): 	at com.google.android.gms.org.conscrypt.NativeCrypto.<clinit>(:com.google.android.gms:1026)
E/AndroidRuntime(13496): 	at com.google.android.gms.org.conscrypt.OpenSSLContextImpl$TLSv12.<init>(:com.google.android.gms:152)
E/AndroidRuntime(13496): 	at com.google.android.gms.org.conscrypt.OpenSSLContextImpl.getPreferred(:com.google.android.gms:55)
E/AndroidRuntime(13496): 	at com.google.android.gms.common.net.SocketFactoryCreatorImpl.a(:com.google.android.gms:65)
E/AndroidRuntime(13496): 	at com.google.android.gms.common.net.SocketFactoryCreatorImpl.newSocketFactory(:com.google.android.gms:32)
E/AndroidRuntime(13496): 	at lff.a(:com.google.android.gms:24)
E/AndroidRuntime(13496): 	at com.google.android.gms.common.net.SSLCertificateSocketFactory.getDelegate(:com.google.android.gms:242)
E/AndroidRuntime(13496): 	at com.google.android.gms.common.net.SSLCertificateSocketFactory.createSocket(:com.google.android.gms:498)
E/AndroidRuntime(13496): 	at com.android.okhttp.Connection.upgradeToTls(Connection.java:175)
E/AndroidRuntime(13496): 	at com.android.okhttp.Connection.connect(Connection.java:155)
E/AndroidRuntime(13496): 	at com.android.okhttp.internal.http.HttpEngine.connect(HttpEngine.java:276)
E/AndroidRuntime(13496): 	at com.android.okhttp.internal.http.HttpEngine.sendRequest(HttpEngine.java:211)
E/AndroidRuntime(13496): 	at com.android.okhttp.internal.http.HttpURLConnectionImpl.execute(HttpURLConnectionImpl.java:382)
E/AndroidRuntime(13496): 	at com.android.okhttp.internal.http.HttpURLConnectionImpl.connect(HttpURLConnectionImpl.java:106)
E/AndroidRuntime(13496): 	at com.android.okhttp.internal.http.HttpURLConnectionImpl.getOutputStream(HttpURLConnectionImpl.java:217)
E/AndroidRuntime(13496): 	at com.android.okhttp.internal.http.DelegatingHttpsURLConnection.getOutputStream(DelegatingHttpsURLConnection.java:218)
E/AndroidRuntime(13496): 	at com.android.okhttp.internal.http.HttpsURLConnectionImpl.getOutputStream(HttpsURLConnectionImpl.java:25)
E/AndroidRuntime(13496): 	at jgf.a(:com.google.android.gms:677)
E/AndroidRuntime(13496): 	at jgf.a(:com.google.android.gms:332)
E/AndroidRuntime(13496): 	at jfw.a(:com.google.android.gms:1213)
E/AndroidRuntime(13496): 	at jfw.doInBackground(:com.google.android.gms:1154)
E/AndroidRuntime(13496): 	at android.os.AsyncTask$2.call(AsyncTask.java:292)
E/AndroidRuntime(13496): 	at java.util.concurrent.FutureTask.run(FutureTask.java:237)
E/AndroidRuntime(13496): 	... 1 more
E/AndroidRuntime(13536): FATAL EXCEPTION: Thread-486
E/AndroidRuntime(13536): Process: com.google.android.gms, PID: 13536
E/AndroidRuntime(13536): java.lang.RuntimeException: An error occured while executing doInBackground()
E/AndroidRuntime(13536): 	at android.os.AsyncTask$3.done(AsyncTask.java:304)
E/AndroidRuntime(13536): 	at java.util.concurrent.FutureTask.finishCompletion(FutureTask.java:355)
E/AndroidRuntime(13536): 	at java.util.concurrent.FutureTask.setException(FutureTask.java:222)
E/AndroidRuntime(13536): 	at java.util.concurrent.FutureTask.run(FutureTask.java:242)
E/AndroidRuntime(13536): 	at java.lang.Thread.run(Thread.java:818)
E/AndroidRuntime(13536): Caused by: java.lang.UnsatisfiedLinkError: dalvik.system.PathClassLoader[DexPathList[[zip file "/system/framework/com.android.location.provider.jar", zip file "/system/framework/com.android.media.remotedisplay.jar", zip file "/system/priv-app/GmsCore/GmsCore.apk"],nativeLibraryDirectories=[/vendor/lib, /system/lib]]] couldn't find "libgmscore.so"
E/AndroidRuntime(13536): 	at java.lang.Runtime.loadLibrary(Runtime.java:366)
E/AndroidRuntime(13536): 	at java.lang.System.loadLibrary(System.java:988)
E/AndroidRuntime(13536): 	at com.google.android.gms.org.conscrypt.NativeCrypto.<clinit>(:com.google.android.gms:1026)
E/AndroidRuntime(13536): 	at com.google.android.gms.org.conscrypt.OpenSSLContextImpl$TLSv12.<init>(:com.google.android.gms:152)
E/AndroidRuntime(13536): 	at com.google.android.gms.org.conscrypt.OpenSSLContextImpl.getPreferred(:com.google.android.gms:55)
E/AndroidRuntime(13536): 	at com.google.android.gms.common.net.SocketFactoryCreatorImpl.a(:com.google.android.gms:65)
E/AndroidRuntime(13536): 	at com.google.android.gms.common.net.SocketFactoryCreatorImpl.newSocketFactory(:com.google.android.gms:32)
E/AndroidRuntime(13536): 	at lff.a(:com.google.android.gms:24)
E/AndroidRuntime(13536): 	at com.google.android.gms.common.net.SSLCertificateSocketFactory.getDelegate(:com.google.android.gms:242)
E/AndroidRuntime(13536): 	at com.google.android.gms.common.net.SSLCertificateSocketFactory.createSocket(:com.google.android.gms:498)
E/AndroidRuntime(13536): 	at com.android.okhttp.Connection.upgradeToTls(Connection.java:175)
E/AndroidRuntime(13536): 	at com.android.okhttp.Connection.connect(Connection.java:155)
E/AndroidRuntime(13536): 	at com.android.okhttp.internal.http.HttpEngine.connect(HttpEngine.java:276)
E/AndroidRuntime(13536): 	at com.android.okhttp.internal.http.HttpEngine.sendRequest(HttpEngine.java:211)
E/AndroidRuntime(13536): 	at com.android.okhttp.internal.http.HttpURLConnectionImpl.execute(HttpURLConnectionImpl.java:382)
E/AndroidRuntime(13536): 	at com.android.okhttp.internal.http.HttpURLConnectionImpl.connect(HttpURLConnectionImpl.java:106)
E/AndroidRuntime(13536): 	at com.android.okhttp.internal.http.HttpURLConnectionImpl.getOutputStream(HttpURLConnectionImpl.java:217)
E/AndroidRuntime(13536): 	at com.android.okhttp.internal.http.DelegatingHttpsURLConnection.getOutputStream(DelegatingHttpsURLConnection.java:218)
E/AndroidRuntime(13536): 	at com.android.okhttp.internal.http.HttpsURLConnectionImpl.getOutputStream(HttpsURLConnectionImpl.java:25)
E/AndroidRuntime(13536): 	at jgf.a(:com.google.android.gms:677)
E/AndroidRuntime(13536): 	at jgf.a(:com.google.android.gms:332)
E/AndroidRuntime(13536): 	at jfw.a(:com.google.android.gms:1213)
E/AndroidRuntime(13536): 	at jfw.doInBackground(:com.google.android.gms:1154)
E/AndroidRuntime(13536): 	at android.os.AsyncTask$2.call(AsyncTask.java:292)
E/AndroidRuntime(13536): 	at java.util.concurrent.FutureTask.run(FutureTask.java:237)
E/AndroidRuntime(13536): 	... 1 more
E/AndroidRuntime(17905): FATAL EXCEPTION: Thread-363
E/AndroidRuntime(17905): Process: com.google.android.gms, PID: 17905
E/AndroidRuntime(17905): java.lang.RuntimeException: An error occured while executing doInBackground()
E/AndroidRuntime(17905): 	at android.os.AsyncTask$3.done(AsyncTask.java:304)
E/AndroidRuntime(17905): 	at java.util.concurrent.FutureTask.finishCompletion(FutureTask.java:355)
E/AndroidRuntime(17905): 	at java.util.concurrent.FutureTask.setException(FutureTask.java:222)
E/AndroidRuntime(17905): 	at java.util.concurrent.FutureTask.run(FutureTask.java:242)
E/AndroidRuntime(17905): 	at java.lang.Thread.run(Thread.java:818)
E/AndroidRuntime(17905): Caused by: java.lang.UnsatisfiedLinkError: dalvik.system.PathClassLoader[DexPathList[[zip file "/system/framework/com.android.location.provider.jar", zip file "/system/framework/com.android.media.remotedisplay.jar", zip file "/system/priv-app/GmsCore/GmsCore.apk"],nativeLibraryDirectories=[/vendor/lib, /system/lib]]] couldn't find "libgmscore.so"
E/AndroidRuntime(17905): 	at java.lang.Runtime.loadLibrary(Runtime.java:366)
E/AndroidRuntime(17905): 	at java.lang.System.loadLibrary(System.java:988)
E/AndroidRuntime(17905): 	at com.google.android.gms.org.conscrypt.NativeCrypto.<clinit>(:com.google.android.gms:1026)
E/AndroidRuntime(17905): 	at com.google.android.gms.org.conscrypt.OpenSSLContextImpl$TLSv12.<init>(:com.google.android.gms:152)
E/AndroidRuntime(17905): 	at com.google.android.gms.org.conscrypt.OpenSSLContextImpl.getPreferred(:com.google.android.gms:55)
E/AndroidRuntime(17905): 	at com.google.android.gms.common.net.SocketFactoryCreatorImpl.a(:com.google.android.gms:65)
E/AndroidRuntime(17905): 	at com.google.android.gms.common.net.SocketFactoryCreatorImpl.newSocketFactory(:com.google.android.gms:32)
E/AndroidRuntime(17905): 	at lff.a(:com.google.android.gms:24)
E/AndroidRuntime(17905): 	at com.google.android.gms.common.net.SSLCertificateSocketFactory.getDelegate(:com.google.android.gms:242)
E/AndroidRuntime(17905): 	at com.google.android.gms.common.net.SSLCertificateSocketFactory.createSocket(:com.google.android.gms:498)
E/AndroidRuntime(17905): 	at com.android.okhttp.Connection.upgradeToTls(Connection.java:175)
E/AndroidRuntime(17905): 	at com.android.okhttp.Connection.connect(Connection.java:155)
E/AndroidRuntime(17905): 	at com.android.okhttp.internal.http.HttpEngine.connect(HttpEngine.java:276)
E/AndroidRuntime(17905): 	at com.android.okhttp.internal.http.HttpEngine.sendRequest(HttpEngine.java:211)
E/AndroidRuntime(17905): 	at com.android.okhttp.internal.http.HttpURLConnectionImpl.execute(HttpURLConnectionImpl.java:382)
E/AndroidRuntime(17905): 	at com.android.okhttp.internal.http.HttpURLConnectionImpl.connect(HttpURLConnectionImpl.java:106)
E/AndroidRuntime(17905): 	at com.android.okhttp.internal.http.HttpURLConnectionImpl.getOutputStream(HttpURLConnectionImpl.java:217)
E/AndroidRuntime(17905): 	at com.android.okhttp.internal.http.DelegatingHttpsURLConnection.getOutputStream(DelegatingHttpsURLConnection.java:218)
E/AndroidRuntime(17905): 	at com.android.okhttp.internal.http.HttpsURLConnectionImpl.getOutputStream(HttpsURLConnectionImpl.java:25)
E/AndroidRuntime(17905): 	at jgf.a(:com.google.android.gms:677)
E/AndroidRuntime(17905): 	at jgf.a(:com.google.android.gms:332)
E/AndroidRuntime(17905): 	at jfw.a(:com.google.android.gms:1213)
E/AndroidRuntime(17905): 	at jfw.doInBackground(:com.google.android.gms:1154)
E/AndroidRuntime(17905): 	at android.os.AsyncTask$2.call(AsyncTask.java:292)
E/AndroidRuntime(17905): 	at java.util.concurrent.FutureTask.run(FutureTask.java:237)
E/AndroidRuntime(17905): 	... 1 more
--------- beginning of main
V/WLAN_PSA(  314): NL MSG, PID: 314
D/BatteryMeterView( 2940): onDraw level = 82
I/SurfaceFlinger(  262): FPS: 57
D/BatteryMeterView( 2940): onDraw level = 92
D/BatteryMeterView( 2940): onDraw level = 100
D/SurfaceFlinger(  262): Set power mode=0, type=0 flinger=0xb83255f8
E/libnav  (  344): AbaSetOriginalBacklightLevel: bad input paramters
D/qdhwcomposer(  262): hwc_setPowerMode: Setting mode 0 on display: 0
E/qdutils (  262): int qdutils::getHDMINode(): Failed to open fb node 1
E/qdutils (  262): int qdutils::getHDMINode(): Failed to open fb node 2
E/qdutils (  262): int qdutils::getHDMINode(): Failed to find HDMI node
I/qdhwcomposer(  262): handle_blank_event: dpy:0 panel power state: 0
E/qdutils (  262): int qdutils::getHDMINode(): Failed to open fb node 1
E/qdutils (  262): int qdutils::getHDMINode(): Failed to open fb node 2
E/qdutils (  262): int qdutils::getHDMINode(): Failed to find HDMI node
D/qdhwcomposer(  262): hwc_setPowerMode: Done setting mode 0 on display 0
E/qdutils (  262): int qdutils::getHDMINode(): Failed to open fb node 1
E/qdutils (  262): int qdutils::getHDMINode(): Failed to open fb node 2
E/qdutils (  262): int qdutils::getHDMINode(): Failed to find HDMI node
I/SurfaceFlinger(  262): FPS: 54
D/SurfaceControl(  775): Excessive delay in setPowerMode(): 393ms
I/QCOM PowerHAL(  775): Got set_interactive hint
E/qdutils (  262): int qdutils::getHDMINode(): Failed to open fb node 1
E/qdutils (  262): int qdutils::getHDMINode(): Failed to open fb node 2
E/qdutils (  262): int qdutils::getHDMINode(): Failed to find HDMI node
E/WifiStateMachine(  775): cancelDelayedScan -> 240
E/native  (  775): do suspend true
D/wpa_supplicant(17726): wlan0: Control interface command 'DRIVER SETSUSPENDMODE 1'
V/WLAN_PSA(  314): NL MSG, len[048], NL type[0x11] WNI type[0x5050] len[028]
V/WLAN_PSA(  314): NL MSG, PID: 314
V/WLAN_PSA(  314): NL MSG, len[048], NL type[0x11] WNI type[0x5050] len[028]
V/WLAN_PSA(  314): NL MSG, PID: 314
V/SRS_Proc(  301): ParamSet string: screen_state=off
D/audio_hw_primary(  301): adev_set_parameters: enter: screen_state=off
D/audio_hw_extn(  301): audio_extn_set_anc_parameters: anc_enabled:0
E/audio_a2dp_hw(  301): adev_set_parameters: ERROR: set param called even when stream out is null
V/WLAN_PSA(  314): NL MSG, len[048], NL type[0x11] WNI type[0x5050] len[028]
V/WLAN_PSA(  314): NL MSG, PID: 314
V/WLAN_PSA(  314): NL MSG, len[048], NL type[0x11] WNI type[0x5050] len[028]
V/WLAN_PSA(  314): NL MSG, PID: 314
V/WLAN_PSA(  314): NL MSG, len[048], NL type[0x11] WNI type[0x5050] len[028]
V/WLAN_PSA(  314): NL MSG, PID: 314
V/WLAN_PSA(  314): NL MSG, len[4079], NL type[0x1C] WNI type[0x5900] len[55055]
V/WLAN_PSA(  314): NL MSG, PID: 314
D/PhoneStatusBar( 2940): disable: < expand ICONS alerts SYSTEM_INFO back HOME RECENT clock SEARCH >
V/WLAN_PSA(  314): NL MSG, len[048], NL type[0x11] WNI type[0x5050] len[028]
V/WLAN_PSA(  314): NL MSG, PID: 314
D/wpa_supplicant(17726): wpa_driver_nl80211_driver_cmd SETSUSPENDMODE 1 len = 0, 4096
V/WLAN_PSA(  314): NL MSG, len[4065], NL type[0x1C] WNI type[0x5900] len[51471]
V/WLAN_PSA(  314): NL MSG, PID: 314
I/PlayCommon( 3822): [109] com.google.android.play.a.g.e(220): Preparing logs for uploading
I/PlayCommon( 3822): [109] com.google.android.play.a.g.e(224): No file ready to send
E/WifiStateMachine(  775): WifiStateMachine CMD_START_SCAN source -2 txSuccessRate=0.00 rxSuccessRate=0.00 targetRoamBSSID=any RSSI=-56
E/WifiStateMachine(  775): WifiStateMachine L2Connected CMD_START_SCAN source -2 239, 240 -> obsolete
V/WLAN_PSA(  314): NL MSG, len[4026], NL type[0x1C] WNI type[0x5900] len[41487]
V/WLAN_PSA(  314): NL MSG, PID: 314
D/VM_BMS  (  461): wake_lock acquired
D/VM_BMS  (  461): New BMS data - Size=56
D/VM_BMS  (  461): Start process_bms_data
D/VM_BMS  (  461): Battery charge_cycle=0 fcc_adjust=0 rbatt_adjust=0 cycle_changed=false
D/VM_BMS  (  461): For batt_temp=255 fcc_mah=2200
D/VM_BMS  (  461): Lookup fcc_mah=2200.000000  adjusted fcc_mah=2200.000000
D/VM_BMS  (  461): For ocv=3801076 batt_temp=255 soc=36
D/VM_BMS  (  461): fifo_count=2 acc_count=0
D/VM_BMS  (  461): INIT: ocv=3801076 last_ocv=3801076 batt_temp=255 soc=36
D/VM_BMS  (  461): For soc=36 batt_temp=255 slope=3000
D/VM_BMS  (  461): For soc=36 batt_temp=255 rbatt_sf=106
D/VM_BMS  (  461): rbatt_mohm_default=72, rbatt_mohm=76, sf=106 batt_temp=255
D/VM_BMS  (  461): Lookup rbatt=76.000000  adjusted rbatt=76.000000
D/VM_BMS  (  461): For ocv=3801080 batt_temp=255 soc=36
D/VM_BMS  (  461): FIFO=0 fifo_avg=3.802580 rbatt=0.126000 slope=0.300000 ibatt=-0.011922 ocv=3.801080 soc=36 fcc_ah=2.200000 sample_count=128 sample_interval=70 seq_num=5969
D/VM_BMS  (  461): For soc=36 batt_temp=255 slope=3000
D/VM_BMS  (  461): For soc=36 batt_temp=255 rbatt_sf=106
D/VM_BMS  (  461): rbatt_mohm_default=72, rbatt_mohm=76, sf=106 batt_temp=255
D/VM_BMS  (  461): Lookup rbatt=76.000000  adjusted rbatt=76.000000
D/VM_BMS  (  461): For ocv=3801092 batt_temp=255 soc=36
D/VM_BMS  (  461): FIFO=1 fifo_avg=3.805842 rbatt=0.126000 slope=0.300000 ibatt=-0.037742 ocv=3.801093 soc=36 fcc_ah=2.200000 sample_count=128 sample_interval=70 seq_num=5969
I/VM_BMS  (  461): power_supply_update: ocv_uv=3801092 ibatt=-37742 soc=36 seq_num=5969
D/VM_BMS  (  461): End process_bms_data
D/VM_BMS  (  461): wake_lock released
V/WLAN_PSA(  314): NL MSG, len[4050], NL type[0x1C] WNI type[0x5900] len[47631]
V/WLAN_PSA(  314): NL MSG, PID: 314
E/OTA AppReceiver( 4302): 过期了，重新获取Token
D/OTA AppReceiver( 4302): getAccessToken begin
E/OTA AppReceiver( 4302): http://api.telpotms.com
E/params  ( 4302): grant_type=client_credentials&client_secret=bf579895ae4e5964bb4e78a09c01551b&client_id=shengyihuo
D/VM_BMS  (  461): wake_lock acquired
D/VM_BMS  (  461): New BMS data - Size=56
D/VM_BMS  (  461): Start process_bms_data
D/VM_BMS  (  461): Battery charge_cycle=0 fcc_adjust=0 rbatt_adjust=0 cycle_changed=false
D/VM_BMS  (  461): For batt_temp=255 fcc_mah=2200
D/VM_BMS  (  461): Lookup fcc_mah=2200.000000  adjusted fcc_mah=2200.000000
D/VM_BMS  (  461): For ocv=3801092 batt_temp=255 soc=36
D/VM_BMS  (  461): fifo_count=2 acc_count=0
D/VM_BMS  (  461): INIT: ocv=3801092 last_ocv=3801092 batt_temp=255 soc=36
D/VM_BMS  (  461): For soc=36 batt_temp=255 slope=3000
D/VM_BMS  (  461): For soc=36 batt_temp=255 rbatt_sf=106
D/VM_BMS  (  461): rbatt_mohm_default=72, rbatt_mohm=76, sf=106 batt_temp=255
D/VM_BMS  (  461): Lookup rbatt=76.000000  adjusted rbatt=76.000000
D/VM_BMS  (  461): For ocv=3801107 batt_temp=255 soc=36
D/VM_BMS  (  461): FIFO=0 fifo_avg=3.806736 rbatt=0.126000 slope=0.300000 ibatt=-0.044734 ocv=3.801107 soc=36 fcc_ah=2.200000 sample_count=128 sample_interval=70 seq_num=5970
D/VM_BMS  (  461): For soc=36 batt_temp=255 slope=3000
D/VM_BMS  (  461): For soc=36 batt_temp=255 rbatt_sf=106
D/VM_BMS  (  461): rbatt_mohm_default=72, rbatt_mohm=76, sf=106 batt_temp=255
D/VM_BMS  (  461): Lookup rbatt=76.000000  adjusted rbatt=76.000000
D/VM_BMS  (  461): For ocv=3801121 batt_temp=255 soc=36
D/VM_BMS  (  461): FIFO=1 fifo_avg=3.806439 rbatt=0.126000 slope=0.300000 ibatt=-0.042260 ocv=3.801121 soc=36 fcc_ah=2.200000 sample_count=128 sample_interval=70 seq_num=5970
I/VM_BMS  (  461): power_supply_update: ocv_uv=3801121 ibatt=-42260 soc=36 seq_num=5970
D/VM_BMS  (  461): End process_bms_data
D/VM_BMS  (  461): wake_lock released
I/CallBack( 4302): failure:response status error code:500;errorNo:500
D/OTA AppReceiver( 4302): getAccessToken failure retCode = 4AppException = com.common.pos.otaservices.app.AppException: java.lang.Exception
E/WifiStateMachine(  775): WifiStateMachine CMD_START_SCAN source 10031 txSuccessRate=0.00 rxSuccessRate=0.00 targetRoamBSSID=any RSSI=-56
D/wpa_supplicant(17726): wlan0: Control interface command 'SCAN TYPE=ONLY'
D/wpa_supplicant(17726): wlan0: Setting scan request: 0.000000 sec
D/wpa_supplicant(17726): wlan0: Starting AP scan for wildcard SSID
D/wpa_supplicant(17726): wlan0: Add radio work 'scan'@0xb7a84d88
D/wpa_supplicant(17726): wlan0: First radio work item in the queue - schedule start immediately
D/wpa_supplicant(17726): wlan0: Starting radio work 'scan'@0xb7a84d88 after 0.000078 second wait
D/wpa_supplicant(17726): wlan0: nl80211: scan request
D/wpa_supplicant(17726): nl80211: Scan SSID - hexdump(len=0): [NULL]
V/WLAN_PSA(  314): NL MSG, len[3964], NL type[0x1C] WNI type[0x5900] len[25615]
V/WLAN_PSA(  314): NL MSG, PID: 314
V/WLAN_PSA(  314): NL MSG, len[914], NL type[0x11] WNI type[0x5050] len[894]
V/WLAN_PSA(  314): NL MSG, PID: 314
V/WLAN_PSA(  314): NL MSG, len[048], NL type[0x11] WNI type[0x5050] len[028]
V/WLAN_PSA(  314): NL MSG, PID: 314
I/WifiHAL (  775): Poll result = 1
I/WifiHAL (  775): Found some events!!!
D/WifiHAL (  775): no_seq_check received
I/WifiHAL (  775): event received NL80211_CMD_TRIGGER_SCAN
I/WifiHAL (  775): event received NL80211_CMD_TRIGGER_SCAN, vendor_id = 0x0
I/WifiHAL (  775): event ignored!!
D/wpa_supplicant(17726): Scan requested (ret=0) - scan timeout 30 seconds
D/wpa_supplicant(17726): nl80211: Event message available
D/wpa_supplicant(17726): nl80211: Drv Event 33 (NL80211_CMD_TRIGGER_SCAN) received for wlan0
D/wpa_supplicant(17726): wlan0: nl80211: Scan trigger
D/wpa_supplicant(17726): wlan0: Event SCAN_STARTED (49) received
D/wpa_supplicant(17726): wlan0: Own scan request started a scan in 0.000271 seconds
D/wpa_supplicant(17726): CTRL_IFACE monitor sent successfully to /data/misc/wifi/sockets/wpa_ctrl_329-3\x00
D/wpa_supplicant(17726): CTRL_IFACE monitor sent successfully to /data/misc/wifi/sockets/wpa_ctrl_775-14\x00
V/WLAN_PSA(  314): NL MSG, len[4007], NL type[0x1C] WNI type[0x5900] len[36623]
V/WLAN_PSA(  314): NL MSG, PID: 314
V/WLAN_PSA(  314): NL MSG, len[3950], NL type[0x1C] WNI type[0x5900] len[22031]
V/WLAN_PSA(  314): NL MSG, PID: 314
V/WLAN_PSA(  314): NL MSG, len[4094], NL type[0x1C] WNI type[0x5900] len[58895]
V/WLAN_PSA(  314): NL MSG, PID: 314
V/WLAN_PSA(  314): NL MSG, len[4082], NL type[0x1C] WNI type[0x5900] len[55823]
V/WLAN_PSA(  314): NL MSG, PID: 314
V/WLAN_PSA(  314): NL MSG, len[4093], NL type[0x1C] WNI type[0x5900] len[58639]
V/WLAN_PSA(  314): NL MSG, PID: 314
V/WLAN_PSA(  314): NL MSG, len[3985], NL type[0x1C] WNI type[0x5900] len[30991]
V/WLAN_PSA(  314): NL MSG, PID: 314
V/WLAN_PSA(  314): NL MSG, len[4038], NL type[0x1C] WNI type[0x5900] len[44559]
V/WLAN_PSA(  314): NL MSG, PID: 314
V/WLAN_PSA(  314): NL MSG, len[3964], NL type[0x1C] WNI type[0x5900] len[25615]
V/WLAN_PSA(  314): NL MSG, PID: 314
V/WLAN_PSA(  314): NL MSG, len[4009], NL type[0x1C] WNI type[0x5900] len[37135]
V/WLAN_PSA(  314): NL MSG, PID: 314
V/WLAN_PSA(  314): NL MSG, len[4048], NL type[0x1C] WNI type[0x5900] len[47119]
V/WLAN_PSA(  314): NL MSG, PID: 314
V/WLAN_PSA(  314): NL MSG, len[4035], NL type[0x1C] WNI type[0x5900] len[43791]
V/WLAN_PSA(  314): NL MSG, PID: 314
V/WLAN_PSA(  314): NL MSG, len[4040], NL type[0x1C] WNI type[0x5900] len[45071]
V/WLAN_PSA(  314): NL MSG, PID: 314
V/WLAN_PSA(  314): NL MSG, len[4047], NL type[0x1C] WNI type[0x5900] len[46863]
V/WLAN_PSA(  314): NL MSG, PID: 314
V/WLAN_PSA(  314): NL MSG, len[4012], NL type[0x1C] WNI type[0x5900] len[37903]
V/WLAN_PSA(  314): NL MSG, PID: 314
V/WLAN_PSA(  314): NL MSG, len[4058], NL type[0x1C] WNI type[0x5900] len[49679]
V/WLAN_PSA(  314): NL MSG, PID: 314
V/WLAN_PSA(  314): NL MSG, len[4070], NL type[0x1C] WNI type[0x5900] len[52751]
V/WLAN_PSA(  314): NL MSG, PID: 314
V/WLAN_PSA(  314): NL MSG, len[4011], NL type[0x1C] WNI type[0x5900] len[37647]
V/WLAN_PSA(  314): NL MSG, PID: 314
V/WLAN_PSA(  314): NL MSG, len[3966], NL type[0x1C] WNI type[0x5900] len[26127]
V/WLAN_PSA(  314): NL MSG, PID: 314
V/WLAN_PSA(  314): NL MSG, len[4012], NL type[0x1C] WNI type[0x5900] len[37903]
V/WLAN_PSA(  314): NL MSG, PID: 314
V/WLAN_PSA(  314): NL MSG, len[4003], NL type[0x1C] WNI type[0x5900] len[35599]
V/WLAN_PSA(  314): NL MSG, PID: 314
V/WLAN_PSA(  314): NL MSG, len[914], NL type[0x11] WNI type[0x5050] len[894]
V/WLAN_PSA(  314): NL MSG, PID: 314
D/wpa_supplicant(17726): nl80211: Event message available
D/wpa_supplicant(17726): nl80211: Drv Event 34 (NL80211_CMD_NEW_SCAN_RESULTS) received for wlan0
D/wpa_supplicant(17726): wlan0: nl80211: New scan results available
D/wpa_supplicant(17726): nl80211: Scan included frequencies: 2412 2417 2422 2427 2432 2437 2442 2447 2452 2457 2462 5180 5200 5220 5240 5260 5280 5300 5320 5500 5520 5540 5560 5580 5600 5620 5640 5660 5680 5700 5720 5745 5765 5785 5805 5825
D/wpa_supplicant(17726): wlan0: Event SCAN_RESULTS (3) received
D/wpa_supplicant(17726): wlan0: Scan completed in 2.527072 seconds
D/wpa_supplicant(17726): nl80211: Associated on 2442 MHz
D/wpa_supplicant(17726): nl80211: Associated with fc:dd:55:70:0b:6b
D/wpa_supplicant(17726): nl80211: Received scan results (2 BSSes)
D/wpa_supplicant(17726): nl80211: Scan results indicate BSS status with fc:dd:55:70:0b:6b as associated
D/wpa_supplicant(17726): wlan0: BSS: Start scan result update 38
D/wpa_supplicant(17726): wlan0: BSS: Add new id 1 BSSID ba:ab:be:34:00:00 SSID 'Andy'
D/wpa_supplicant(17726): CTRL_IFACE monitor sent successfully to /data/misc/wifi/sockets/wpa_ctrl_329-3\x00
D/wpa_supplicant(17726): CTRL_IFACE monitor sent successfully to /data/misc/wifi/sockets/wpa_ctrl_775-14\x00
D/wpa_supplicant(17726): BSS: last_scan_res_used=2/32
D/wpa_supplicant(17726): wlan0: Scan-only results received
V/WLAN_PSA(  314): NL MSG, len[4011], NL type[0x1C] WNI type[0x5900] len[37647]
V/WLAN_PSA(  314): NL MSG, PID: 314
D/wpa_supplicant(17726): CTRL_IFACE monitor sent successfully to /data/misc/wifi/sockets/wpa_ctrl_329-3\x00
D/wpa_supplicant(17726): CTRL_IFACE monitor sent successfully to /data/misc/wifi/sockets/wpa_ctrl_775-14\x00
D/wpa_supplicant(17726): wlan0: Radio work 'scan'@0xb7a84d88 done in 2.534654 seconds
I/WifiHAL (  775): Poll result = 1
I/WifiHAL (  775): Found some events!!!
D/WifiHAL (  775): no_seq_check received
I/WifiHAL (  775): event received NL80211_CMD_NEW_SCAN_RESULTS
I/WifiHAL (  775): event received NL80211_CMD_NEW_SCAN_RESULTS, vendor_id = 0x0
I/WifiHAL (  775): event ignored!!
D/wpa_supplicant(17726): wlan0: Control interface command 'BSS RANGE=0- MASK=0x21987'
D/wpa_supplicant(17726): wlan0: Control interface command 'STATUS-NO_EVENTS'
D/LBSSystemMonitorService(  775): handleMessage what - 4
D/Wiper_jni(  775): Send Network Location.
E/LocSvc_api_v02(  775): I/---> locClientSendReq line 2065 QMI_LOC_INJECT_WIFI_POSITION_REQ_V02
E/LocSvc_ApiV02(  775): I/<--- void globalRespCb(locClientHandleType, uint32_t, locClientRespIndUnionType, void*) line 111 QMI_LOC_INJECT_WIFI_POSITION_REQ_V02
E/百度地图：( 4225): get location start!
E/百度地图：( 4225): (Longitude:3.240515,Latitude:6.450385)-3.240515,6.450385
E/百度地图：( 4225): get location start!
E/百度地图：( 4225): (Longitude:3.240515,Latitude:6.450385)-3.240515,6.450385
E/百度地图：( 4225): get location start!
E/百度地图：( 4225): (Longitude:3.240515,Latitude:6.450385)-3.240515,6.450385
E/百度地图：( 4225): get location start!
E/百度地图：( 4225): (Longitude:3.240515,Latitude:6.450385)-3.240515,6.450385
D/VM_BMS  (  461): wake_lock acquired
D/VM_BMS  (  461): New BMS data - Size=56
D/VM_BMS  (  461): Start process_bms_data
D/VM_BMS  (  461): Battery charge_cycle=0 fcc_adjust=0 rbatt_adjust=0 cycle_changed=false
D/VM_BMS  (  461): For batt_temp=255 fcc_mah=2200
D/VM_BMS  (  461): Lookup fcc_mah=2200.000000  adjusted fcc_mah=2200.000000
D/VM_BMS  (  461): For ocv=3801121 batt_temp=255 soc=36
D/VM_BMS  (  461): fifo_count=2 acc_count=0
D/VM_BMS  (  461): INIT: ocv=3801121 last_ocv=3801121 batt_temp=255 soc=36
D/VM_BMS  (  461): For soc=36 batt_temp=255 slope=3000
D/VM_BMS  (  461): For soc=36 batt_temp=255 rbatt_sf=106
D/VM_BMS  (  461): rbatt_mohm_default=72, rbatt_mohm=76, sf=106 batt_temp=255
D/VM_BMS  (  461): Lookup rbatt=76.000000  adjusted rbatt=76.000000
D/VM_BMS  (  461): For ocv=3801136 batt_temp=255 soc=36
D/VM_BMS  (  461): FIFO=0 fifo_avg=3.806776 rbatt=0.126000 slope=0.300000 ibatt=-0.044821 ocv=3.801136 soc=36 fcc_ah=2.200000 sample_count=128 sample_interval=70 seq_num=5971
D/VM_BMS  (  461): For soc=36 batt_temp=255 slope=3000
D/VM_BMS  (  461): For soc=36 batt_temp=255 rbatt_sf=106
D/VM_BMS  (  461): rbatt_mohm_default=72, rbatt_mohm=76, sf=106 batt_temp=255
D/VM_BMS  (  461): Lookup rbatt=76.000000  adjusted rbatt=76.000000
D/VM_BMS  (  461): For ocv=3801154 batt_temp=255 soc=36
D/VM_BMS  (  461): FIFO=1 fifo_avg=3.807963 rbatt=0.126000 slope=0.300000 ibatt=-0.054109 ocv=3.801154 soc=36 fcc_ah=2.200000 sample_count=128 sample_interval=70 seq_num=5971
I/VM_BMS  (  461): power_supply_update: ocv_uv=3801154 ibatt=-54108 soc=36 seq_num=5971
D/VM_BMS  (  461): End process_bms_data
D/VM_BMS  (  461): wake_lock released
D/baidu_location_service( 5384): NetworkCommunicationException!
V/WLAN_PSA(  314): NL MSG, len[4028], NL type[0x1C] WNI type[0x5900] len[41999]
V/WLAN_PSA(  314): NL MSG, PID: 314
D/baidu_location_service( 5384): NetworkCommunicationException!
D/VM_BMS  (  461): wake_lock acquired
D/VM_BMS  (  461): New BMS data - Size=56
D/VM_BMS  (  461): Start process_bms_data
D/VM_BMS  (  461): Battery charge_cycle=0 fcc_adjust=0 rbatt_adjust=0 cycle_changed=false
D/VM_BMS  (  461): For batt_temp=255 fcc_mah=2200
D/VM_BMS  (  461): Lookup fcc_mah=2200.000000  adjusted fcc_mah=2200.000000
D/VM_BMS  (  461): For ocv=3801154 batt_temp=255 soc=36
D/VM_BMS  (  461): fifo_count=2 acc_count=0
D/VM_BMS  (  461): INIT: ocv=3801154 last_ocv=3801154 batt_temp=255 soc=36
D/VM_BMS  (  461): For soc=36 batt_temp=255 slope=3000
D/VM_BMS  (  461): For soc=36 batt_temp=255 rbatt_sf=106
D/VM_BMS  (  461): rbatt_mohm_default=72, rbatt_mohm=76, sf=106 batt_temp=255
D/VM_BMS  (  461): Lookup rbatt=76.000000  adjusted rbatt=76.000000
D/VM_BMS  (  461): For ocv=3801169 batt_temp=255 soc=36
D/VM_BMS  (  461): FIFO=0 fifo_avg=3.807080 rbatt=0.126000 slope=0.300000 ibatt=-0.046970 ocv=3.801170 soc=36 fcc_ah=2.200000 sample_count=128 sample_interval=70 seq_num=5972
D/VM_BMS  (  461): For soc=36 batt_temp=255 slope=3000
D/VM_BMS  (  461): For soc=36 batt_temp=255 rbatt_sf=106
D/VM_BMS  (  461): rbatt_mohm_default=72, rbatt_mohm=76, sf=106 batt_temp=255
D/VM_BMS  (  461): Lookup rbatt=76.000000  adjusted rbatt=76.000000
D/VM_BMS  (  461): For ocv=3801184 batt_temp=255 soc=36
D/VM_BMS  (  461): FIFO=1 fifo_avg=3.806786 rbatt=0.126000 slope=0.300000 ibatt=-0.044521 ocv=3.801184 soc=36 fcc_ah=2.200000 sample_count=128 sample_interval=70 seq_num=5972
I/VM_BMS  (  461): power_supply_update: ocv_uv=3801184 ibatt=-44520 soc=36 seq_num=5972
D/VM_BMS  (  461): End process_bms_data
D/VM_BMS  (  461): wake_lock released
D/baidu_location_service( 5384): NetworkCommunicationException!
V/WLAN_PSA(  314): NL MSG, len[4050], NL type[0x1C] WNI type[0x5900] len[47631]
V/WLAN_PSA(  314): NL MSG, PID: 314
D/VM_BMS  (  461): wake_lock acquired
D/VM_BMS  (  461): New BMS data - Size=56
D/VM_BMS  (  461): Start process_bms_data
D/VM_BMS  (  461): Battery charge_cycle=0 fcc_adjust=0 rbatt_adjust=0 cycle_changed=false
D/VM_BMS  (  461): For batt_temp=255 fcc_mah=2200
D/VM_BMS  (  461): Lookup fcc_mah=2200.000000  adjusted fcc_mah=2200.000000
D/VM_BMS  (  461): For ocv=3801184 batt_temp=255 soc=36
D/VM_BMS  (  461): fifo_count=2 acc_count=0
D/VM_BMS  (  461): INIT: ocv=3801184 last_ocv=3801184 batt_temp=255 soc=36
D/VM_BMS  (  461): For soc=36 batt_temp=255 slope=3000
D/VM_BMS  (  461): For soc=36 batt_temp=255 rbatt_sf=106
D/VM_BMS  (  461): rbatt_mohm_default=72, rbatt_mohm=76, sf=106 batt_temp=255
D/VM_BMS  (  461): Lookup rbatt=76.000000  adjusted rbatt=76.000000
D/VM_BMS  (  461): For ocv=3801197 batt_temp=255 soc=36
D/VM_BMS  (  461): FIFO=0 fifo_avg=3.806229 rbatt=0.126000 slope=0.300000 ibatt=-0.039987 ocv=3.801198 soc=36 fcc_ah=2.200000 sample_count=128 sample_interval=70 seq_num=5973
D/VM_BMS  (  461): For soc=36 batt_temp=255 slope=3000
D/VM_BMS  (  461): For soc=36 batt_temp=255 rbatt_sf=106
D/VM_BMS  (  461): rbatt_mohm_default=72, rbatt_mohm=76, sf=106 batt_temp=255
D/VM_BMS  (  461): Lookup rbatt=76.000000  adjusted rbatt=76.000000
D/VM_BMS  (  461): For ocv=3801209 batt_temp=255 soc=36
D/VM_BMS  (  461): FIFO=1 fifo_avg=3.805937 rbatt=0.126000 slope=0.300000 ibatt=-0.037568 ocv=3.801210 soc=36 fcc_ah=2.200000 sample_count=128 sample_interval=70 seq_num=5973
I/VM_BMS  (  461): power_supply_update: ocv_uv=3801209 ibatt=-37568 soc=36 seq_num=5973
D/VM_BMS  (  461): End process_bms_data
D/VM_BMS  (  461): wake_lock released
V/WLAN_PSA(  314): NL MSG, len[4050], NL type[0x1C] WNI type[0x5900] len[47631]
V/WLAN_PSA(  314): NL MSG, PID: 314
D/VM_BMS  (  461): wake_lock acquired
D/VM_BMS  (  461): New BMS data - Size=56
D/VM_BMS  (  461): Start process_bms_data
D/VM_BMS  (  461): Battery charge_cycle=0 fcc_adjust=0 rbatt_adjust=0 cycle_changed=false
I/art     ( 3183): Rejecting re-init on previously-failed class java.lang.Class<com.google.android.gms.org.conscrypt.NativeCrypto>
D/VM_BMS  (  461): For batt_temp=255 fcc_mah=2200
D/VM_BMS  (  461): Lookup fcc_mah=2200.000000  adjusted fcc_mah=2200.000000
D/VM_BMS  (  461): For ocv=3801209 batt_temp=255 soc=36
D/VM_BMS  (  461): fifo_count=2 acc_count=0
D/VM_BMS  (  461): INIT: ocv=3801209 last_ocv=3801209 batt_temp=255 soc=36
D/VM_BMS  (  461): For soc=36 batt_temp=255 slope=3000
D/VM_BMS  (  461): For soc=36 batt_temp=255 rbatt_sf=106
D/VM_BMS  (  461): rbatt_mohm_default=72, rbatt_mohm=76, sf=106 batt_temp=255
D/VM_BMS  (  461): Lookup rbatt=76.000000  adjusted rbatt=76.000000
D/VM_BMS  (  461): For ocv=3801220 batt_temp=255 soc=36
D/VM_BMS  (  461): FIFO=0 fifo_avg=3.805396 rbatt=0.126000 slope=0.300000 ibatt=-0.033186 ocv=3.801220 soc=36 fcc_ah=2.200000 sample_count=128 sample_interval=70 seq_num=5974
D/VM_BMS  (  461): For soc=36 batt_temp=255 slope=3000
D/VM_BMS  (  461): For soc=36 batt_temp=255 rbatt_sf=106
D/VM_BMS  (  461): rbatt_mohm_default=72, rbatt_mohm=76, sf=106 batt_temp=255
D/VM_BMS  (  461): Lookup rbatt=76.000000  adjusted rbatt=76.000000
D/VM_BMS  (  461): For ocv=3801233 batt_temp=255 soc=36
D/VM_BMS  (  461): FIFO=1 fifo_avg=3.806279 rbatt=0.126000 slope=0.300000 ibatt=-0.040097 ocv=3.801234 soc=36 fcc_ah=2.200000 sample_count=128 sample_interval=70 seq_num=5974
I/VM_BMS  (  461): power_supply_update: ocv_uv=3801233 ibatt=-40096 soc=36 seq_num=5974
D/VM_BMS  (  461): End process_bms_data
D/VM_BMS  (  461): wake_lock released
I/art     ( 3183): Rejecting re-init on previously-failed class java.lang.Class<com.google.android.gms.org.conscrypt.NativeCrypto>
D/NetworkMonitor/NetworkAgentInfo [WIFI () - 102](  775): ValidatedState{ when=0 what=532488 arg1=10005 target=com.android.internal.util.StateMachine$SmHandler }
D/NetworkMonitor/NetworkAgentInfo [WIFI () - 102](  775): DefaultState{ when=-1ms what=532488 arg1=10005 target=com.android.internal.util.StateMachine$SmHandler }
D/NetworkMonitor/NetworkAgentInfo [WIFI () - 102](  775): Forcing reevaluation
D/NetworkMonitor/NetworkAgentInfo [WIFI () - 102](  775): EvaluatingState{ when=0 what=532486 arg1=135 target=com.android.internal.util.StateMachine$SmHandler }
D/NetworkMonitor/NetworkAgentInfo [WIFI () - 102](  775): Validated
V/WLAN_PSA(  314): NL MSG, len[4050], NL type[0x1C] WNI type[0x5900] len[47631]
V/WLAN_PSA(  314): NL MSG, PID: 314
D/VM_BMS  (  461): wake_lock acquired
D/VM_BMS  (  461): New BMS data - Size=56
D/VM_BMS  (  461): Start process_bms_data
D/VM_BMS  (  461): Battery charge_cycle=0 fcc_adjust=0 rbatt_adjust=0 cycle_changed=false
D/VM_BMS  (  461): For batt_temp=255 fcc_mah=2200
D/VM_BMS  (  461): Lookup fcc_mah=2200.000000  adjusted fcc_mah=2200.000000
D/VM_BMS  (  461): For ocv=3801233 batt_temp=255 soc=36
D/VM_BMS  (  461): fifo_count=2 acc_count=0
D/VM_BMS  (  461): INIT: ocv=3801233 last_ocv=3801233 batt_temp=255 soc=36
D/VM_BMS  (  461): For soc=36 batt_temp=255 slope=3000
D/VM_BMS  (  461): For soc=36 batt_temp=255 rbatt_sf=106
D/VM_BMS  (  461): rbatt_mohm_default=72, rbatt_mohm=76, sf=106 batt_temp=255
D/VM_BMS  (  461): Lookup rbatt=76.000000  adjusted rbatt=76.000000
D/VM_BMS  (  461): For ocv=3801246 batt_temp=255 soc=36
D/VM_BMS  (  461): FIFO=0 fifo_avg=3.805996 rbatt=0.126000 slope=0.300000 ibatt=-0.037750 ocv=3.801246 soc=36 fcc_ah=2.200000 sample_count=128 sample_interval=70 seq_num=5975
D/VM_BMS  (  461): For soc=36 batt_temp=255 slope=3000
D/VM_BMS  (  461): For soc=36 batt_temp=255 rbatt_sf=106
D/VM_BMS  (  461): rbatt_mohm_default=72, rbatt_mohm=76, sf=106 batt_temp=255
D/VM_BMS  (  461): Lookup rbatt=76.000000  adjusted rbatt=76.000000
D/VM_BMS  (  461): For ocv=3801259 batt_temp=255 soc=36
D/VM_BMS  (  461): FIFO=1 fifo_avg=3.806290 rbatt=0.126000 slope=0.300000 ibatt=-0.039978 ocv=3.801260 soc=36 fcc_ah=2.200000 sample_count=128 sample_interval=70 seq_num=5975
I/VM_BMS  (  461): power_supply_update: ocv_uv=3801259 ibatt=-39977 soc=36 seq_num=5975
D/VM_BMS  (  461): End process_bms_data
D/VM_BMS  (  461): wake_lock released
V/WLAN_PSA(  314): NL MSG, len[4050], NL type[0x1C] WNI type[0x5900] len[47631]
