06-03 17:42:00.129 V/WindowManager(  775): finishPostLayoutPolicyLw: mHideKeyguard=false
06-03 17:42:00.133 E/qdutils (  262): int qdutils::getHDMINode(): Failed to open fb node 1
06-03 17:42:00.133 E/qdutils (  262): int qdutils::getHDMINode(): Failed to open fb node 2
06-03 17:42:00.133 E/qdutils (  262): int qdutils::getHDMINode(): Failed to find HDMI node
06-03 17:42:00.143 I/WindowManager(  775): Win Window{bff5d73 u0 android}: isVisibleOrBehindKeyguardLw=true
06-03 17:42:00.143 I/WindowManager(  775): Win Window{7989c4a u0 StatusBar}: isVisibleOrBehindKeyguardLw=true
06-03 17:42:00.143 I/WindowManager(  775): Win Window{1ea30909 u0 com.android.phasebeam.PhaseBeamWallpaper}: isVisibleOrBehindKeyguardLw=true
06-03 17:42:00.143 I/WindowManager(  775): Win Window{2142f7eb u0 com.telpo.tpui/com.telpo.tpui.MainActivity}: isVisibleOrBehindKeyguardLw=true
06-03 17:42:00.143 V/WindowManager(  775): Fullscreen window: Window{2142f7eb u0 com.telpo.tpui/com.telpo.tpui.MainActivity}
06-03 17:42:00.143 I/WindowManager(  775): force=false forcefkg=true top=Window{2142f7eb u0 com.telpo.tpui/com.telpo.tpui.MainActivity}
06-03 17:42:00.143 V/WindowManager(  775): Showing status bar: forced
06-03 17:42:00.143 V/WindowManager(  775): finishPostLayoutPolicyLw: mHideKeyguard=false
06-03 17:42:00.150 E/qdutils (  262): int qdutils::getHDMINode(): Failed to open fb node 1
06-03 17:42:00.150 E/qdutils (  262): int qdutils::getHDMINode(): Failed to open fb node 2
06-03 17:42:00.150 E/qdutils (  262): int qdutils::getHDMINode(): Failed to find HDMI node
06-03 17:42:00.176 D/BatteryMeterView( 2940): not on charging...
06-03 17:42:00.177 D/BatteryMeterView( 2940): not on charging...
06-03 17:42:00.178 D/BatteryMeterView( 2940): not on charging...
06-03 17:42:00.252 E/libsuspend(  775): Error writing to /sys/power/state: Device or resource busy
06-03 17:42:00.353 E/libsuspend(  775): Error writing to /sys/power/state: Device or resource busy
06-03 17:42:00.453 E/libsuspend(  775): Error writing to /sys/power/state: Device or resource busy
06-03 17:42:00.554 E/libsuspend(  775): Error writing to /sys/power/state: Device or resource busy
06-03 17:42:00.654 E/libsuspend(  775): Error writing to /sys/power/state: Device or resource busy
06-03 17:42:00.755 E/libsuspend(  775): Error writing to /sys/power/state: Device or resource busy
06-03 17:42:00.855 E/libsuspend(  775): Error writing to /sys/power/state: Device or resource busy
06-03 17:42:00.956 E/libsuspend(  775): Error writing to /sys/power/state: Device or resource busy
06-03 17:42:01.056 E/libsuspend(  775): Error writing to /sys/power/state: Device or resource busy
06-03 17:42:01.272 E/libsuspend(  775): Error writing to /sys/power/state: Device or resource busy
06-03 17:42:01.274 D/BatteryMeterView( 2940): not on charging...
06-03 17:42:01.280 D/BatteryMeterView( 2940): not on charging...
06-03 17:42:01.281 D/BatteryMeterView( 2940): not on charging...
06-03 17:42:01.373 E/libsuspend(  775): Error writing to /sys/power/state: Device or resource busy
06-03 17:42:01.474 E/libsuspend(  775): Error writing to /sys/power/state: Device or resource busy
06-03 17:42:01.575 E/libsuspend(  775): Error writing to /sys/power/state: Device or resource busy
06-03 17:42:01.676 E/libsuspend(  775): Error writing to /sys/power/state: Device or resource busy
06-03 17:42:01.778 E/libsuspend(  775): Error writing to /sys/power/state: Device or resource busy
06-03 17:42:01.879 E/libsuspend(  775): Error writing to /sys/power/state: Device or resource busy
06-03 17:42:01.979 E/libsuspend(  775): Error writing to /sys/power/state: Device or resource busy
06-03 17:42:02.081 E/libsuspend(  775): Error writing to /sys/power/state: Device or resource busy
06-03 17:42:02.182 E/libsuspend(  775): Error writing to /sys/power/state: Device or resource busy
06-03 17:42:02.355 E/libsuspend(  775): Error writing to /sys/power/state: Device or resource busy
06-03 17:42:02.361 D/BatteryMeterView( 2940): not on charging...
06-03 17:42:02.362 D/BatteryMeterView( 2940): not on charging...
06-03 17:42:02.362 D/BatteryMeterView( 2940): not on charging...
06-03 17:42:02.455 E/libsuspend(  775): Error writing to /sys/power/state: Device or resource busy
06-03 17:42:02.557 E/libsuspend(  775): Error writing to /sys/power/state: Device or resource busy
06-03 17:42:02.658 E/libsuspend(  775): Error writing to /sys/power/state: Device or resource busy
06-03 17:42:02.759 E/libsuspend(  775): Error writing to /sys/power/state: Device or resource busy
06-03 17:42:02.860 E/libsuspend(  775): Error writing to /sys/power/state: Device or resource busy
06-03 17:42:02.961 E/libsuspend(  775): Error writing to /sys/power/state: Device or resource busy
06-03 17:42:03.062 E/libsuspend(  775): Error writing to /sys/power/state: Device or resource busy
06-03 17:42:03.164 E/libsuspend(  775): Error writing to /sys/power/state: Device or resource busy
06-03 17:42:03.265 E/libsuspend(  775): Error writing to /sys/power/state: Device or resource busy
06-03 17:42:03.439 E/libsuspend(  775): Error writing to /sys/power/state: Device or resource busy
06-03 17:42:03.451 D/BatteryMeterView( 2940): not on charging...
06-03 17:42:03.451 D/BatteryMeterView( 2940): not on charging...
06-03 17:42:03.451 D/BatteryMeterView( 2940): not on charging...
06-03 17:42:03.540 E/libsuspend(  775): Error writing to /sys/power/state: Device or resource busy
06-03 17:42:03.641 E/libsuspend(  775): Error writing to /sys/power/state: Device or resource busy
06-03 17:42:03.719 I/PlayCommon( 3822): [109] com.google.android.play.a.g.e(220): Preparing logs for uploading
06-03 17:42:03.719 I/PlayCommon( 3822): [109] com.google.android.play.a.g.e(224): No file ready to send
06-03 17:42:03.803 E/libsuspend(  775): Error writing to /sys/power/state: Device or resource busy
06-03 17:42:03.905 E/libsuspend(  775): Error writing to /sys/power/state: Device or resource busy
06-03 17:42:04.006 E/libsuspend(  775): Error writing to /sys/power/state: Device or resource busy
06-03 17:42:04.108 E/libsuspend(  775): Error writing to /sys/power/state: Device or resource busy
06-03 17:42:04.209 E/libsuspend(  775): Error writing to /sys/power/state: Device or resource busy
06-03 17:42:04.310 E/libsuspend(  775): Error writing to /sys/power/state: Device or resource busy
06-03 17:42:04.516 E/libsuspend(  775): Error writing to /sys/power/state: Device or resource busy
06-03 17:42:04.525 D/BatteryMeterView( 2940): not on charging...
06-03 17:42:04.526 D/BatteryMeterView( 2940): not on charging...
06-03 17:42:04.526 D/BatteryMeterView( 2940): not on charging...
06-03 17:42:04.617 E/libsuspend(  775): Error writing to /sys/power/state: Device or resource busy
06-03 17:42:04.718 E/libsuspend(  775): Error writing to /sys/power/state: Device or resource busy
06-03 17:42:04.819 E/libsuspend(  775): Error writing to /sys/power/state: Device or resource busy
06-03 17:42:04.920 E/libsuspend(  775): Error writing to /sys/power/state: Device or resource busy
06-03 17:42:05.020 E/libsuspend(  775): Error writing to /sys/power/state: Device or resource busy
06-03 17:42:05.122 E/libsuspend(  775): Error writing to /sys/power/state: Device or resource busy
06-03 17:42:05.223 E/libsuspend(  775): Error writing to /sys/power/state: Device or resource busy
06-03 17:42:05.324 E/libsuspend(  775): Error writing to /sys/power/state: Device or resource busy
06-03 17:42:05.426 E/libsuspend(  775): Error writing to /sys/power/state: Device or resource busy
06-03 17:42:05.606 E/libsuspend(  775): Error writing to /sys/power/state: Device or resource busy
06-03 17:42:05.707 E/libsuspend(  775): Error writing to /sys/power/state: Device or resource busy
06-03 17:42:05.808 E/libsuspend(  775): Error writing to /sys/power/state: Device or resource busy
06-03 17:42:05.910 E/libsuspend(  775): Error writing to /sys/power/state: Device or resource busy
06-03 17:42:06.011 E/libsuspend(  775): Error writing to /sys/power/state: Device or resource busy
06-03 17:42:06.112 E/libsuspend(  775): Error writing to /sys/power/state: Device or resource busy
06-03 17:42:06.212 E/libsuspend(  775): Error writing to /sys/power/state: Device or resource busy
06-03 17:42:06.313 E/libsuspend(  775): Error writing to /sys/power/state: Device or resource busy
06-03 17:42:06.415 E/libsuspend(  775): Error writing to /sys/power/state: Device or resource busy
06-03 17:42:06.516 E/libsuspend(  775): Error writing to /sys/power/state: Device or resource busy
06-03 17:42:06.688 E/libsuspend(  775): Error writing to /sys/power/state: Device or resource busy
06-03 17:42:06.708 D/BatteryMeterView( 2940): not on charging...
06-03 17:42:06.709 D/BatteryMeterView( 2940): not on charging...
06-03 17:42:06.709 D/BatteryMeterView( 2940): not on charging...
06-03 17:42:06.792 E/libsuspend(  775): Error writing to /sys/power/state: Device or resource busy
06-03 17:42:06.894 E/libsuspend(  775): Error writing to /sys/power/state: Device or resource busy
06-03 17:42:06.995 E/libsuspend(  775): Error writing to /sys/power/state: Device or resource busy
06-03 17:42:07.097 E/libsuspend(  775): Error writing to /sys/power/state: Device or resource busy
06-03 17:42:07.198 E/libsuspend(  775): Error writing to /sys/power/state: Device or resource busy
06-03 17:42:07.293 V/WLAN_PSA(  314): NL MSG, len[4078], NL type[0x1C] WNI type[0x5900] len[54799]
06-03 17:42:07.293 V/WLAN_PSA(  314): NL MSG, PID: 314
06-03 17:42:07.299 E/libsuspend(  775): Error writing to /sys/power/state: Device or resource busy
06-03 17:42:07.400 E/libsuspend(  775): Error writing to /sys/power/state: Device or resource busy
06-03 17:42:07.500 E/libsuspend(  775): Error writing to /sys/power/state: Device or resource busy
06-03 17:42:07.602 E/libsuspend(  775): Error writing to /sys/power/state: Device or resource busy
06-03 17:42:07.775 E/libsuspend(  775): Error writing to /sys/power/state: Device or resource busy
06-03 17:42:07.785 D/BatteryMeterView( 2940): not on charging...
06-03 17:42:07.785 D/BatteryMeterView( 2940): not on charging...
06-03 17:42:07.786 D/BatteryMeterView( 2940): not on charging...
06-03 17:42:07.882 E/libsuspend(  775): Error writing to /sys/power/state: Device or resource busy
06-03 17:42:07.984 E/libsuspend(  775): Error writing to /sys/power/state: Device or resource busy
06-03 17:42:08.085 E/libsuspend(  775): Error writing to /sys/power/state: Device or resource busy
06-03 17:42:08.186 E/libsuspend(  775): Error writing to /sys/power/state: Device or resource busy
06-03 17:42:08.288 E/libsuspend(  775): Error writing to /sys/power/state: Device or resource busy
06-03 17:42:08.389 E/libsuspend(  775): Error writing to /sys/power/state: Device or resource busy
06-03 17:42:08.490 E/libsuspend(  775): Error writing to /sys/power/state: Device or resource busy
06-03 17:42:08.590 E/libsuspend(  775): Error writing to /sys/power/state: Device or resource busy
06-03 17:42:08.691 E/libsuspend(  775): Error writing to /sys/power/state: Device or resource busy
06-03 17:42:08.866 E/libsuspend(  775): Error writing to /sys/power/state: Device or resource busy
06-03 17:42:08.875 D/BatteryMeterView( 2940): not on charging...
06-03 17:42:08.876 D/BatteryMeterView( 2940): not on charging...
06-03 17:42:08.876 D/BatteryMeterView( 2940): not on charging...
06-03 17:42:08.966 E/libsuspend(  775): Error writing to /sys/power/state: Device or resource busy
06-03 17:42:09.068 E/libsuspend(  775): Error writing to /sys/power/state: Device or resource busy
06-03 17:42:09.169 E/libsuspend(  775): Error writing to /sys/power/state: Device or resource busy
06-03 17:42:09.270 E/libsuspend(  775): Error writing to /sys/power/state: Device or resource busy
06-03 17:42:09.371 E/libsuspend(  775): Error writing to /sys/power/state: Device or resource busy
06-03 17:42:09.473 E/libsuspend(  775): Error writing to /sys/power/state: Device or resource busy
06-03 17:42:09.540 D/VM_BMS  (  461): wake_lock acquired
06-03 17:42:09.540 D/VM_BMS  (  461): New BMS data - Size=56
06-03 17:42:09.540 D/VM_BMS  (  461): Start process_bms_data
06-03 17:42:09.540 D/VM_BMS  (  461): Battery charge_cycle=0 fcc_adjust=0 rbatt_adjust=0 cycle_changed=false
06-03 17:42:09.542 D/VM_BMS  (  461): For batt_temp=255 fcc_mah=2200
06-03 17:42:09.542 D/VM_BMS  (  461): Lookup fcc_mah=2200.000000  adjusted fcc_mah=2200.000000
06-03 17:42:09.542 D/VM_BMS  (  461): For ocv=3801554 batt_temp=255 soc=36
06-03 17:42:09.542 D/VM_BMS  (  461): fifo_count=2 acc_count=0
06-03 17:42:09.542 D/VM_BMS  (  461): INIT: ocv=3801554 last_ocv=3801554 batt_temp=255 soc=36
06-03 17:42:09.542 D/VM_BMS  (  461): For soc=36 batt_temp=255 slope=3000
06-03 17:42:09.542 D/VM_BMS  (  461): For soc=36 batt_temp=255 rbatt_sf=106
06-03 17:42:09.542 D/VM_BMS  (  461): rbatt_mohm_default=72, rbatt_mohm=76, sf=106 batt_temp=255
06-03 17:42:09.542 D/VM_BMS  (  461): Lookup rbatt=76.000000  adjusted rbatt=76.000000
06-03 17:42:09.543 D/VM_BMS  (  461): For ocv=3801550 batt_temp=255 soc=36
06-03 17:42:09.543 D/VM_BMS  (  461): FIFO=0 fifo_avg=3.800433 rbatt=0.126000 slope=0.300000 ibatt=0.008885 ocv=3.801551 soc=36 fcc_ah=2.200000 sample_count=128 sample_interval=70 seq_num=6850
06-03 17:42:09.543 D/VM_BMS  (  461): For soc=36 batt_temp=255 slope=3000
06-03 17:42:09.543 D/VM_BMS  (  461): For soc=36 batt_temp=255 rbatt_sf=106
06-03 17:42:09.543 D/VM_BMS  (  461): rbatt_mohm_default=72, rbatt_mohm=76, sf=106 batt_temp=255
06-03 17:42:09.543 D/VM_BMS  (  461): Lookup rbatt=76.000000  adjusted rbatt=76.000000
06-03 17:42:09.543 D/VM_BMS  (  461): For ocv=3801549 batt_temp=255 soc=36
06-03 17:42:09.543 D/VM_BMS  (  461): FIFO=1 fifo_avg=3.801325 rbatt=0.126000 slope=0.300000 ibatt=0.001782 ocv=3.801549 soc=36 fcc_ah=2.200000 sample_count=128 sample_interval=70 seq_num=6850
06-03 17:42:09.544 I/VM_BMS  (  461): power_supply_update: ocv_uv=3801549 ibatt=1781 soc=36 seq_num=6850
06-03 17:42:09.544 D/VM_BMS  (  461): End process_bms_data
06-03 17:42:09.545 D/VM_BMS  (  461): wake_lock released
06-03 17:42:09.667 D/BatteryMeterView( 2940): not on charging...
06-03 17:42:09.667 D/BatteryMeterView( 2940): not on charging...
06-03 17:42:09.668 D/BatteryMeterView( 2940): not on charging...
06-03 17:42:10.033 E/libsuspend(  775): Error writing to /sys/power/state: Device or resource busy
06-03 17:42:10.133 E/libsuspend(  775): Error writing to /sys/power/state: Device or resource busy
06-03 17:42:10.235 E/libsuspend(  775): Error writing to /sys/power/state: Device or resource busy
06-03 17:42:10.336 E/libsuspend(  775): Error writing to /sys/power/state: Device or resource busy
06-03 17:42:10.437 E/libsuspend(  775): Error writing to /sys/power/state: Device or resource busy
06-03 17:42:10.538 E/libsuspend(  775): Error writing to /sys/power/state: Device or resource busy
06-03 17:42:10.754 E/libsuspend(  775): Error writing to /sys/power/state: Device or resource busy
06-03 17:42:10.754 D/BatteryMeterView( 2940): not on charging...
06-03 17:42:10.755 D/BatteryMeterView( 2940): not on charging...
06-03 17:42:10.755 D/BatteryMeterView( 2940): not on charging...
06-03 17:42:10.855 E/libsuspend(  775): Error writing to /sys/power/state: Device or resource busy
06-03 17:42:10.956 E/libsuspend(  775): Error writing to /sys/power/state: Device or resource busy
06-03 17:42:11.057 E/libsuspend(  775): Error writing to /sys/power/state: Device or resource busy
06-03 17:42:11.158 E/libsuspend(  775): Error writing to /sys/power/state: Device or resource busy
06-03 17:42:11.260 E/libsuspend(  775): Error writing to /sys/power/state: Device or resource busy
06-03 17:42:11.361 E/libsuspend(  775): Error writing to /sys/power/state: Device or resource busy
06-03 17:42:11.462 E/libsuspend(  775): Error writing to /sys/power/state: Device or resource busy
06-03 17:42:11.563 E/libsuspend(  775): Error writing to /sys/power/state: Device or resource busy
06-03 17:42:11.665 E/libsuspend(  775): Error writing to /sys/power/state: Device or resource busy
06-03 17:42:11.827 E/libsuspend(  775): Error writing to /sys/power/state: Device or resource busy
06-03 17:42:11.837 D/BatteryMeterView( 2940): not on charging...
06-03 17:42:11.837 D/BatteryMeterView( 2940): not on charging...
06-03 17:42:11.838 D/BatteryMeterView( 2940): not on charging...
06-03 17:42:11.928 E/libsuspend(  775): Error writing to /sys/power/state: Device or resource busy
06-03 17:42:12.029 E/libsuspend(  775): Error writing to /sys/power/state: Device or resource busy
06-03 17:42:12.130 E/libsuspend(  775): Error writing to /sys/power/state: Device or resource busy
06-03 17:42:12.232 E/libsuspend(  775): Error writing to /sys/power/state: Device or resource busy
06-03 17:42:12.333 E/libsuspend(  775): Error writing to /sys/power/state: Device or resource busy
06-03 17:42:12.434 E/libsuspend(  775): Error writing to /sys/power/state: Device or resource busy
06-03 17:42:12.536 E/libsuspend(  775): Error writing to /sys/power/state: Device or resource busy
06-03 17:42:12.637 E/libsuspend(  775): Error writing to /sys/power/state: Device or resource busy
06-03 17:42:12.738 E/libsuspend(  775): Error writing to /sys/power/state: Device or resource busy
06-03 17:42:12.917 E/libsuspend(  775): Error writing to /sys/power/state: Device or resource busy
06-03 17:42:12.925 D/BatteryMeterView( 2940): not on charging...
06-03 17:42:12.926 D/BatteryMeterView( 2940): not on charging...
06-03 17:42:12.927 D/BatteryMeterView( 2940): not on charging...
06-03 17:42:13.018 E/libsuspend(  775): Error writing to /sys/power/state: Device or resource busy
06-03 17:42:13.119 E/libsuspend(  775): Error writing to /sys/power/state: Device or resource busy
06-03 17:42:13.220 E/libsuspend(  775): Error writing to /sys/power/state: Device or resource busy
06-03 17:42:13.321 E/libsuspend(  775): Error writing to /sys/power/state: Device or resource busy
06-03 17:42:13.422 E/libsuspend(  775): Error writing to /sys/power/state: Device or resource busy
06-03 17:42:13.517 E/WifiStateMachine(  775): WifiStateMachine CMD_START_SCAN source -2 txSuccessRate=0.00 rxSuccessRate=0.00 targetRoamBSSID=any RSSI=-67
06-03 17:42:13.518 E/WifiStateMachine(  775): WifiStateMachine L2Connected CMD_START_SCAN source -2 309, 310 -> obsolete
06-03 17:42:13.522 E/libsuspend(  775): Error writing to /sys/power/state: Device or resource busy
06-03 17:42:13.623 E/libsuspend(  775): Error writing to /sys/power/state: Device or resource busy
06-03 17:42:13.724 E/libsuspend(  775): Error writing to /sys/power/state: Device or resource busy
06-03 17:42:13.826 E/libsuspend(  775): Error writing to /sys/power/state: Device or resource busy
06-03 17:42:13.999 E/libsuspend(  775): Error writing to /sys/power/state: Device or resource busy
06-03 17:42:14.006 D/BatteryMeterView( 2940): not on charging...
06-03 17:42:14.010 D/BatteryMeterView( 2940): not on charging...
06-03 17:42:14.010 D/BatteryMeterView( 2940): not on charging...
06-03 17:42:14.100 E/libsuspend(  775): Error writing to /sys/power/state: Device or resource busy
06-03 17:42:14.201 E/libsuspend(  775): Error writing to /sys/power/state: Device or resource busy
06-03 17:42:14.302 E/libsuspend(  775): Error writing to /sys/power/state: Device or resource busy
06-03 17:42:14.403 E/libsuspend(  775): Error writing to /sys/power/state: Device or resource busy
06-03 17:42:14.505 E/libsuspend(  775): Error writing to /sys/power/state: Device or resource busy
06-03 17:42:14.606 E/libsuspend(  775): Error writing to /sys/power/state: Device or resource busy
06-03 17:42:14.708 E/libsuspend(  775): Error writing to /sys/power/state: Device or resource busy
06-03 17:42:14.809 E/libsuspend(  775): Error writing to /sys/power/state: Device or resource busy
06-03 17:42:14.910 E/libsuspend(  775): Error writing to /sys/power/state: Device or resource busy
06-03 17:42:15.085 E/libsuspend(  775): Error writing to /sys/power/state: Device or resource busy
06-03 17:42:15.093 D/BatteryMeterView( 2940): not on charging...
06-03 17:42:15.094 D/BatteryMeterView( 2940): not on charging...
06-03 17:42:15.094 D/BatteryMeterView( 2940): not on charging...
06-03 17:42:15.185 E/libsuspend(  775): Error writing to /sys/power/state: Device or resource busy
06-03 17:42:15.287 E/libsuspend(  775): Error writing to /sys/power/state: Device or resource busy
06-03 17:42:15.388 E/libsuspend(  775): Error writing to /sys/power/state: Device or resource busy
06-03 17:42:15.489 E/libsuspend(  775): Error writing to /sys/power/state: Device or resource busy
06-03 17:42:15.590 E/libsuspend(  775): Error writing to /sys/power/state: Device or resource busy
06-03 17:42:15.691 E/libsuspend(  775): Error writing to /sys/power/state: Device or resource busy
06-03 17:42:15.792 E/libsuspend(  775): Error writing to /sys/power/state: Device or resource busy
06-03 17:42:15.893 E/libsuspend(  775): Error writing to /sys/power/state: Device or resource busy
06-03 17:42:15.994 E/libsuspend(  775): Error writing to /sys/power/state: Device or resource busy
06-03 17:42:16.169 E/libsuspend(  775): Error writing to /sys/power/state: Device or resource busy
06-03 17:42:16.179 D/BatteryMeterView( 2940): not on charging...
06-03 17:42:16.180 D/BatteryMeterView( 2940): not on charging...
06-03 17:42:16.180 D/BatteryMeterView( 2940): not on charging...
06-03 17:42:16.270 E/libsuspend(  775): Error writing to /sys/power/state: Device or resource busy
06-03 17:42:16.371 E/libsuspend(  775): Error writing to /sys/power/state: Device or resource busy
06-03 17:42:16.472 E/libsuspend(  775): Error writing to /sys/power/state: Device or resource busy
06-03 17:42:16.573 E/libsuspend(  775): Error writing to /sys/power/state: Device or resource busy
06-03 17:42:16.674 E/libsuspend(  775): Error writing to /sys/power/state: Device or resource busy
06-03 17:42:16.776 E/libsuspend(  775): Error writing to /sys/power/state: Device or resource busy
06-03 17:42:16.877 E/libsuspend(  775): Error writing to /sys/power/state: Device or resource busy
06-03 17:42:16.978 E/libsuspend(  775): Error writing to /sys/power/state: Device or resource busy
06-03 17:42:17.080 E/libsuspend(  775): Error writing to /sys/power/state: Device or resource busy
06-03 17:42:17.262 D/BatteryMeterView( 2940): not on charging...
06-03 17:42:17.263 D/BatteryMeterView( 2940): not on charging...
06-03 17:42:17.263 D/BatteryMeterView( 2940): not on charging...
06-03 17:42:17.269 E/libsuspend(  775): Error writing to /sys/power/state: Device or resource busy
06-03 17:42:17.370 E/libsuspend(  775): Error writing to /sys/power/state: Device or resource busy
06-03 17:42:17.471 E/libsuspend(  775): Error writing to /sys/power/state: Device or resource busy
06-03 17:42:17.572 E/libsuspend(  775): Error writing to /sys/power/state: Device or resource busy
06-03 17:42:17.673 E/libsuspend(  775): Error writing to /sys/power/state: Device or resource busy
06-03 17:42:17.774 E/libsuspend(  775): Error writing to /sys/power/state: Device or resource busy
06-03 17:42:17.875 E/libsuspend(  775): Error writing to /sys/power/state: Device or resource busy
06-03 17:42:17.977 E/libsuspend(  775): Error writing to /sys/power/state: Device or resource busy
06-03 17:42:18.078 E/libsuspend(  775): Error writing to /sys/power/state: Device or resource busy
06-03 17:42:18.179 E/libsuspend(  775): Error writing to /sys/power/state: Device or resource busy
06-03 17:42:18.348 E/libsuspend(  775): Error writing to /sys/power/state: Device or resource busy
06-03 17:42:18.449 E/libsuspend(  775): Error writing to /sys/power/state: Device or resource busy
06-03 17:42:18.549 E/libsuspend(  775): Error writing to /sys/power/state: Device or resource busy
06-03 17:42:18.650 E/libsuspend(  775): Error writing to /sys/power/state: Device or resource busy
06-03 17:42:18.751 E/libsuspend(  775): Error writing to /sys/power/state: Device or resource busy
06-03 17:42:18.853 E/libsuspend(  775): Error writing to /sys/power/state: Device or resource busy
06-03 17:42:18.954 E/libsuspend(  775): Error writing to /sys/power/state: Device or resource busy
06-03 17:42:19.055 E/libsuspend(  775): Error writing to /sys/power/state: Device or resource busy
06-03 17:42:19.156 E/libsuspend(  775): Error writing to /sys/power/state: Device or resource busy
06-03 17:42:19.258 E/libsuspend(  775): Error writing to /sys/power/state: Device or resource busy
06-03 17:42:19.436 E/libsuspend(  775): Error writing to /sys/power/state: Device or resource busy
06-03 17:42:19.445 D/BatteryMeterView( 2940): not on charging...
06-03 17:42:19.445 D/BatteryMeterView( 2940): not on charging...
06-03 17:42:19.446 D/BatteryMeterView( 2940): not on charging...
06-03 17:42:19.537 E/libsuspend(  775): Error writing to /sys/power/state: Device or resource busy
06-03 17:42:19.638 E/libsuspend(  775): Error writing to /sys/power/state: Device or resource busy
06-03 17:42:19.739 E/libsuspend(  775): Error writing to /sys/power/state: Device or resource busy
06-03 17:42:19.840 E/libsuspend(  775): Error writing to /sys/power/state: Device or resource busy
06-03 17:42:19.941 E/libsuspend(  775): Error writing to /sys/power/state: Device or resource busy
06-03 17:42:20.083 E/libsuspend(  775): Error writing to /sys/power/state: Device or resource busy
06-03 17:42:20.184 E/libsuspend(  775): Error writing to /sys/power/state: Device or resource busy
06-03 17:42:20.284 E/libsuspend(  775): Error writing to /sys/power/state: Device or resource busy
06-03 17:42:20.385 E/libsuspend(  775): Error writing to /sys/power/state: Device or resource busy
06-03 17:42:20.528 E/libsuspend(  775): Error writing to /sys/power/state: Device or resource busy
06-03 17:42:20.533 D/BatteryMeterView( 2940): not on charging...
06-03 17:42:20.534 D/BatteryMeterView( 2940): not on charging...
06-03 17:42:20.536 D/BatteryMeterView( 2940): not on charging...
06-03 17:42:20.632 E/libsuspend(  775): Error writing to /sys/power/state: Device or resource busy
06-03 17:42:20.733 E/libsuspend(  775): Error writing to /sys/power/state: Device or resource busy
06-03 17:42:20.835 E/libsuspend(  775): Error writing to /sys/power/state: Device or resource busy
06-03 17:42:20.936 E/libsuspend(  775): Error writing to /sys/power/state: Device or resource busy
06-03 17:42:21.037 E/libsuspend(  775): Error writing to /sys/power/state: Device or resource busy
06-03 17:42:21.138 E/libsuspend(  775): Error writing to /sys/power/state: Device or resource busy
06-03 17:42:21.239 E/libsuspend(  775): Error writing to /sys/power/state: Device or resource busy
06-03 17:42:21.341 E/libsuspend(  775): Error writing to /sys/power/state: Device or resource busy
06-03 17:42:21.441 E/libsuspend(  775): Error writing to /sys/power/state: Device or resource busy
06-03 17:42:21.608 E/libsuspend(  775): Error writing to /sys/power/state: Device or resource busy
06-03 17:42:21.709 E/libsuspend(  775): Error writing to /sys/power/state: Device or resource busy
06-03 17:42:21.810 E/libsuspend(  775): Error writing to /sys/power/state: Device or resource busy
06-03 17:42:21.911 E/libsuspend(  775): Error writing to /sys/power/state: Device or resource busy
06-03 17:42:22.013 E/libsuspend(  775): Error writing to /sys/power/state: Device or resource busy
06-03 17:42:22.114 E/libsuspend(  775): Error writing to /sys/power/state: Device or resource busy
06-03 17:42:22.215 E/libsuspend(  775): Error writing to /sys/power/state: Device or resource busy
06-03 17:42:22.317 E/libsuspend(  775): Error writing to /sys/power/state: Device or resource busy
06-03 17:42:22.417 E/libsuspend(  775): Error writing to /sys/power/state: Device or resource busy
06-03 17:42:22.519 E/libsuspend(  775): Error writing to /sys/power/state: Device or resource busy
06-03 17:42:22.694 E/libsuspend(  775): Error writing to /sys/power/state: Device or resource busy
06-03 17:42:22.703 D/BatteryMeterView( 2940): not on charging...
06-03 17:42:22.703 D/BatteryMeterView( 2940): not on charging...
06-03 17:42:22.704 D/BatteryMeterView( 2940): not on charging...
06-03 17:42:22.795 E/libsuspend(  775): Error writing to /sys/power/state: Device or resource busy
06-03 17:42:22.896 E/libsuspend(  775): Error writing to /sys/power/state: Device or resource busy
06-03 17:42:22.997 E/libsuspend(  775): Error writing to /sys/power/state: Device or resource busy
06-03 17:42:23.099 E/libsuspend(  775): Error writing to /sys/power/state: Device or resource busy
06-03 17:42:23.200 E/libsuspend(  775): Error writing to /sys/power/state: Device or resource busy
06-03 17:42:23.300 E/libsuspend(  775): Error writing to /sys/power/state: Device or resource busy
06-03 17:42:23.401 E/libsuspend(  775): Error writing to /sys/power/state: Device or resource busy
06-03 17:42:23.502 E/libsuspend(  775): Error writing to /sys/power/state: Device or resource busy
06-03 17:42:23.602 E/libsuspend(  775): Error writing to /sys/power/state: Device or resource busy
06-03 17:42:23.780 E/libsuspend(  775): Error writing to /sys/power/state: Device or resource busy
06-03 17:42:23.788 D/BatteryMeterView( 2940): not on charging...
06-03 17:42:23.789 D/BatteryMeterView( 2940): not on charging...
06-03 17:42:23.789 D/BatteryMeterView( 2940): not on charging...
06-03 17:42:23.880 E/libsuspend(  775): Error writing to /sys/power/state: Device or resource busy
06-03 17:42:23.982 E/libsuspend(  775): Error writing to /sys/power/state: Device or resource busy
06-03 17:42:24.083 E/libsuspend(  775): Error writing to /sys/power/state: Device or resource busy
06-03 17:42:24.185 E/libsuspend(  775): Error writing to /sys/power/state: Device or resource busy
06-03 17:42:24.286 E/libsuspend(  775): Error writing to /sys/power/state: Device or resource busy
06-03 17:42:24.387 E/libsuspend(  775): Error writing to /sys/power/state: Device or resource busy
06-03 17:42:24.488 E/libsuspend(  775): Error writing to /sys/power/state: Device or resource busy
06-03 17:42:24.590 E/libsuspend(  775): Error writing to /sys/power/state: Device or resource busy
06-03 17:42:24.691 E/libsuspend(  775): Error writing to /sys/power/state: Device or resource busy
06-03 17:42:24.869 E/libsuspend(  775): Error writing to /sys/power/state: Device or resource busy
06-03 17:42:24.873 D/BatteryMeterView( 2940): not on charging...
06-03 17:42:24.874 D/BatteryMeterView( 2940): not on charging...
06-03 17:42:24.874 D/BatteryMeterView( 2940): not on charging...
06-03 17:42:25.005 E/libsuspend(  775): Error writing to /sys/power/state: Device or resource busy
06-03 17:42:25.446 I/qdhwcomposer(  262): handle_blank_event: dpy:0 panel power state: 0
06-03 17:42:25.447 E/qdutils (  262): int qdutils::getHDMINode(): Failed to open fb node 1
06-03 17:42:25.447 E/qdutils (  262): int qdutils::getHDMINode(): Failed to open fb node 2
06-03 17:42:25.447 E/qdutils (  262): int qdutils::getHDMINode(): Failed to find HDMI node
06-03 17:42:25.449 V/WLAN_PSA(  314): NL MSG, len[4077], NL type[0x1C] WNI type[0x5900] len[54543]
06-03 17:42:25.449 V/WLAN_PSA(  314): NL MSG, PID: 314
06-03 17:42:25.453 D/VM_BMS  (  461): wake_lock acquired
06-03 17:42:25.453 D/VM_BMS  (  461): New BMS data - Size=56
06-03 17:42:25.453 D/VM_BMS  (  461): Start process_bms_data
06-03 17:42:25.453 D/VM_BMS  (  461): Battery charge_cycle=0 fcc_adjust=0 rbatt_adjust=0 cycle_changed=false
06-03 17:42:25.455 D/VM_BMS  (  461): For batt_temp=255 fcc_mah=2200
06-03 17:42:25.455 D/VM_BMS  (  461): Lookup fcc_mah=2200.000000  adjusted fcc_mah=2200.000000
06-03 17:42:25.456 D/VM_BMS  (  461): For ocv=3801549 batt_temp=255 soc=36
06-03 17:42:25.456 D/VM_BMS  (  461): fifo_count=1 acc_count=79
06-03 17:42:25.456 D/VM_BMS  (  461): INIT: ocv=3801549 last_ocv=3801549 batt_temp=255 soc=36
06-03 17:42:25.456 D/VM_BMS  (  461): For soc=36 batt_temp=255 slope=3000
06-03 17:42:25.456 D/VM_BMS  (  461): For soc=36 batt_temp=255 rbatt_sf=106
06-03 17:42:25.456 D/VM_BMS  (  461): rbatt_mohm_default=72, rbatt_mohm=76, sf=106 batt_temp=255
06-03 17:42:25.456 D/VM_BMS  (  461): Lookup rbatt=76.000000  adjusted rbatt=76.000000
06-03 17:42:25.456 D/VM_BMS  (  461): For ocv=3801552 batt_temp=255 soc=36
06-03 17:42:25.456 D/VM_BMS  (  461): FIFO=0 fifo_avg=3.802782 rbatt=0.126000 slope=0.300000 ibatt=-0.009773 ocv=3.801552 soc=36 fcc_ah=2.200000 sample_count=128 sample_interval=70 seq_num=6851
06-03 17:42:25.456 D/VM_BMS  (  461): For soc=36 batt_temp=255 slope=3000
06-03 17:42:25.456 D/VM_BMS  (  461): For soc=36 batt_temp=255 rbatt_sf=106
06-03 17:42:25.456 D/VM_BMS  (  461): rbatt_mohm_default=72, rbatt_mohm=76, sf=106 batt_temp=255
06-03 17:42:25.456 D/VM_BMS  (  461): Lookup rbatt=76.000000  adjusted rbatt=76.000000
06-03 17:42:25.456 D/VM_BMS  (  461): For ocv=3801553 batt_temp=255 soc=36
06-03 17:42:25.456 D/VM_BMS  (  461): FIFO=1 fifo_avg=3.802200 rbatt=0.126000 slope=0.300000 ibatt=-0.005139 ocv=3.801553 soc=36 fcc_ah=2.200000 sample_count=79 sample_interval=70 seq_num=6851
06-03 17:42:25.457 I/VM_BMS  (  461): power_supply_update: ocv_uv=3801553 ibatt=-5138 soc=36 seq_num=6851
06-03 17:42:25.457 D/VM_BMS  (  461): End process_bms_data
06-03 17:42:25.458 D/VM_BMS  (  461): wake_lock released
06-03 17:42:25.464 E/libsuspend(  775): Error writing to /sys/power/state: Device or resource busy
06-03 17:42:25.594 D/BatteryMeterView( 2940): not on charging...
06-03 17:42:25.595 D/BatteryMeterView( 2940): not on charging...
06-03 17:42:25.595 D/BatteryMeterView( 2940): not on charging...
06-03 17:42:27.149 I/qdhwcomposer(  262): handle_blank_event: dpy:0 panel power state: 0
06-03 17:42:27.150 E/qdutils (  262): int qdutils::getHDMINode(): Failed to open fb node 1
06-03 17:42:27.150 E/qdutils (  262): int qdutils::getHDMINode(): Failed to open fb node 2
06-03 17:42:27.150 E/qdutils (  262): int qdutils::getHDMINode(): Failed to find HDMI node
06-03 17:42:27.152 D/VM_BMS  (  461): wake_lock acquired
06-03 17:42:27.152 D/VM_BMS  (  461): New BMS data - Size=56
06-03 17:42:27.152 D/VM_BMS  (  461): Start process_bms_data
06-03 17:42:27.152 D/VM_BMS  (  461): Battery charge_cycle=0 fcc_adjust=0 rbatt_adjust=0 cycle_changed=false
06-03 17:42:27.168 D/VM_BMS  (  461): For batt_temp=255 fcc_mah=2200
06-03 17:42:27.169 D/VM_BMS  (  461): Lookup fcc_mah=2200.000000  adjusted fcc_mah=2200.000000
06-03 17:42:27.169 D/VM_BMS  (  461): For ocv=3801553 batt_temp=255 soc=36
06-03 17:42:27.169 D/VM_BMS  (  461): fifo_count=0 acc_count=8
06-03 17:42:27.169 D/VM_BMS  (  461): INIT: ocv=3801553 last_ocv=3801553 batt_temp=255 soc=36
06-03 17:42:27.169 D/VM_BMS  (  461): For soc=36 batt_temp=255 slope=3000
06-03 17:42:27.169 D/VM_BMS  (  461): For soc=36 batt_temp=255 rbatt_sf=106
06-03 17:42:27.169 D/VM_BMS  (  461): rbatt_mohm_default=72, rbatt_mohm=76, sf=106 batt_temp=255
06-03 17:42:27.169 D/VM_BMS  (  461): Lookup rbatt=76.000000  adjusted rbatt=76.000000
06-03 17:42:27.169 D/VM_BMS  (  461): For ocv=3801553 batt_temp=255 soc=36
06-03 17:42:27.169 D/VM_BMS  (  461): FIFO=0 fifo_avg=3.801935 rbatt=0.126000 slope=0.300000 ibatt=-0.003031 ocv=3.801553 soc=36 fcc_ah=2.200000 sample_count=8 sample_interval=70 seq_num=6852
06-03 17:42:27.170 I/VM_BMS  (  461): power_supply_update: ocv_uv=3801553 ibatt=-3031 soc=36 seq_num=6852
06-03 17:42:27.170 D/VM_BMS  (  461): End process_bms_data
06-03 17:42:27.170 D/VM_BMS  (  461): wake_lock released
06-03 17:42:27.294 D/BatteryMeterView( 2940): not on charging...
06-03 17:42:27.295 D/BatteryMeterView( 2940): not on charging...
06-03 17:42:27.295 D/BatteryMeterView( 2940): not on charging...
06-03 17:42:28.701 I/qdhwcomposer(  262): handle_blank_event: dpy:0 panel power state: 0
06-03 17:42:28.702 E/qdutils (  262): int qdutils::getHDMINode(): Failed to open fb node 1
06-03 17:42:28.702 E/qdutils (  262): int qdutils::getHDMINode(): Failed to open fb node 2
06-03 17:42:28.702 E/qdutils (  262): int qdutils::getHDMINode(): Failed to find HDMI node
06-03 17:42:28.702 V/WLAN_PSA(  314): NL MSG, len[4000], NL type[0x1C] WNI type[0x5900] len[34831]
06-03 17:42:28.702 V/WLAN_PSA(  314): NL MSG, PID: 314
06-03 17:42:28.708 D/VM_BMS  (  461): wake_lock acquired
06-03 17:42:28.708 D/VM_BMS  (  461): New BMS data - Size=56
06-03 17:42:28.708 D/VM_BMS  (  461): Start process_bms_data
06-03 17:42:28.708 D/VM_BMS  (  461): Battery charge_cycle=0 fcc_adjust=0 rbatt_adjust=0 cycle_changed=false
06-03 17:42:28.715 D/VM_BMS  (  461): For batt_temp=255 fcc_mah=2200
06-03 17:42:28.716 D/VM_BMS  (  461): Lookup fcc_mah=2200.000000  adjusted fcc_mah=2200.000000
06-03 17:42:28.716 D/VM_BMS  (  461): For ocv=3801553 batt_temp=255 soc=36
06-03 17:42:28.716 D/VM_BMS  (  461): fifo_count=0 acc_count=8
06-03 17:42:28.716 D/VM_BMS  (  461): INIT: ocv=3801553 last_ocv=3801553 batt_temp=255 soc=36
06-03 17:42:28.716 D/VM_BMS  (  461): For soc=36 batt_temp=255 slope=3000
06-03 17:42:28.716 D/VM_BMS  (  461): For soc=36 batt_temp=255 rbatt_sf=106
06-03 17:42:28.716 D/VM_BMS  (  461): rbatt_mohm_default=72, rbatt_mohm=76, sf=106 batt_temp=255
06-03 17:42:28.716 D/VM_BMS  (  461): Lookup rbatt=76.000000  adjusted rbatt=76.000000
06-03 17:42:28.716 D/VM_BMS  (  461): For ocv=3801552 batt_temp=255 soc=36
06-03 17:42:28.716 D/VM_BMS  (  461): FIFO=0 fifo_avg=3.798709 rbatt=0.126000 slope=0.300000 ibatt=0.022570 ocv=3.801553 soc=36 fcc_ah=2.200000 sample_count=8 sample_interval=70 seq_num=6853
06-03 17:42:28.717 I/VM_BMS  (  461): power_supply_update: ocv_uv=3801552 ibatt=22570 soc=36 seq_num=6853
06-03 17:42:28.717 D/VM_BMS  (  461): End process_bms_data
06-03 17:42:28.717 D/VM_BMS  (  461): wake_lock released
06-03 17:42:28.848 D/BatteryMeterView( 2940): not on charging...
06-03 17:42:28.848 D/BatteryMeterView( 2940): not on charging...
06-03 17:42:28.849 D/BatteryMeterView( 2940): not on charging...
06-03 17:42:30.224 I/qdhwcomposer(  262): handle_blank_event: dpy:0 panel power state: 0
06-03 17:42:30.225 E/qdutils (  262): int qdutils::getHDMINode(): Failed to open fb node 1
06-03 17:42:30.225 E/qdutils (  262): int qdutils::getHDMINode(): Failed to open fb node 2
06-03 17:42:30.225 E/qdutils (  262): int qdutils::getHDMINode(): Failed to find HDMI node
06-03 17:42:30.230 D/VM_BMS  (  461): wake_lock acquired
06-03 17:42:30.230 D/VM_BMS  (  461): New BMS data - Size=56
06-03 17:42:30.230 D/VM_BMS  (  461): Start process_bms_data
06-03 17:42:30.230 D/VM_BMS  (  461): Battery charge_cycle=0 fcc_adjust=0 rbatt_adjust=0 cycle_changed=false
06-03 17:42:30.237 D/VM_BMS  (  461): For batt_temp=255 fcc_mah=2200
06-03 17:42:30.237 D/VM_BMS  (  461): Lookup fcc_mah=2200.000000  adjusted fcc_mah=2200.000000
06-03 17:42:30.237 D/VM_BMS  (  461): For ocv=3801552 batt_temp=255 soc=36
06-03 17:42:30.237 D/VM_BMS  (  461): fifo_count=0 acc_count=8
06-03 17:42:30.237 D/VM_BMS  (  461): INIT: ocv=3801552 last_ocv=3801552 batt_temp=255 soc=36
06-03 17:42:30.237 D/VM_BMS  (  461): For soc=36 batt_temp=255 slope=3000
06-03 17:42:30.237 D/VM_BMS  (  461): For soc=36 batt_temp=255 rbatt_sf=106
06-03 17:42:30.237 D/VM_BMS  (  461): rbatt_mohm_default=72, rbatt_mohm=76, sf=106 batt_temp=255
06-03 17:42:30.237 D/VM_BMS  (  461): Lookup rbatt=76.000000  adjusted rbatt=76.000000
06-03 17:42:30.237 D/VM_BMS  (  461): For ocv=3801551 batt_temp=255 soc=36
06-03 17:42:30.237 D/VM_BMS  (  461): FIFO=0 fifo_avg=3.800490 rbatt=0.126000 slope=0.300000 ibatt=0.008429 ocv=3.801552 soc=36 fcc_ah=2.200000 sample_count=8 sample_interval=70 seq_num=6854
06-03 17:42:30.238 I/VM_BMS  (  461): power_supply_update: ocv_uv=3801551 ibatt=8429 soc=36 seq_num=6854
06-03 17:42:30.238 D/VM_BMS  (  461): End process_bms_data
06-03 17:42:30.238 D/VM_BMS  (  461): wake_lock released
06-03 17:42:30.374 D/BatteryMeterView( 2940): not on charging...
06-03 17:42:30.375 D/BatteryMeterView( 2940): not on charging...
06-03 17:42:30.375 D/BatteryMeterView( 2940): not on charging...
06-03 17:42:31.756 I/qdhwcomposer(  262): handle_blank_event: dpy:0 panel power state: 0
06-03 17:42:31.756 E/qdutils (  262): int qdutils::getHDMINode(): Failed to open fb node 1
06-03 17:42:31.757 E/qdutils (  262): int qdutils::getHDMINode(): Failed to open fb node 2
06-03 17:42:31.757 E/qdutils (  262): int qdutils::getHDMINode(): Failed to find HDMI node
06-03 17:42:31.758 D/VM_BMS  (  461): wake_lock acquired
06-03 17:42:31.758 D/VM_BMS  (  461): New BMS data - Size=56
06-03 17:42:31.758 D/VM_BMS  (  461): Start process_bms_data
06-03 17:42:31.758 D/VM_BMS  (  461): Battery charge_cycle=0 fcc_adjust=0 rbatt_adjust=0 cycle_changed=false
06-03 17:42:31.765 D/VM_BMS  (  461): For batt_temp=255 fcc_mah=2200
06-03 17:42:31.765 D/VM_BMS  (  461): Lookup fcc_mah=2200.000000  adjusted fcc_mah=2200.000000
06-03 17:42:31.765 D/VM_BMS  (  461): For ocv=3801551 batt_temp=255 soc=36
06-03 17:42:31.765 D/VM_BMS  (  461): fifo_count=0 acc_count=8
06-03 17:42:31.765 D/VM_BMS  (  461): INIT: ocv=3801551 last_ocv=3801551 batt_temp=255 soc=36
06-03 17:42:31.765 D/VM_BMS  (  461): For soc=36 batt_temp=255 slope=3000
06-03 17:42:31.765 D/VM_BMS  (  461): For soc=36 batt_temp=255 rbatt_sf=106
06-03 17:42:31.765 D/VM_BMS  (  461): rbatt_mohm_default=72, rbatt_mohm=76, sf=106 batt_temp=255
06-03 17:42:31.765 D/VM_BMS  (  461): Lookup rbatt=76.000000  adjusted rbatt=76.000000
06-03 17:42:31.765 D/VM_BMS  (  461): For ocv=3801550 batt_temp=255 soc=36
06-03 17:42:31.765 D/VM_BMS  (  461): FIFO=0 fifo_avg=3.799303 rbatt=0.126000 slope=0.300000 ibatt=0.017840 ocv=3.801551 soc=36 fcc_ah=2.200000 sample_count=8 sample_interval=70 seq_num=6855
06-03 17:42:31.766 I/VM_BMS  (  461): power_supply_update: ocv_uv=3801550 ibatt=17840 soc=36 seq_num=6855
06-03 17:42:31.767 D/VM_BMS  (  461): End process_bms_data
06-03 17:42:31.768 D/VM_BMS  (  461): wake_lock released
06-03 17:42:31.897 D/BatteryMeterView( 2940): not on charging...
06-03 17:42:31.898 D/BatteryMeterView( 2940): not on charging...
06-03 17:42:31.898 D/BatteryMeterView( 2940): not on charging...
06-03 17:42:33.296 I/qdhwcomposer(  262): handle_blank_event: dpy:0 panel power state: 0
06-03 17:42:33.297 E/qdutils (  262): int qdutils::getHDMINode(): Failed to open fb node 1
06-03 17:42:33.297 E/qdutils (  262): int qdutils::getHDMINode(): Failed to open fb node 2
06-03 17:42:33.297 E/qdutils (  262): int qdutils::getHDMINode(): Failed to find HDMI node
06-03 17:42:33.298 V/WLAN_PSA(  314): NL MSG, len[4033], NL type[0x1C] WNI type[0x5900] len[43279]
06-03 17:42:33.298 V/WLAN_PSA(  314): NL MSG, PID: 314
06-03 17:42:33.298 D/VM_BMS  (  461): wake_lock acquired
06-03 17:42:33.298 D/VM_BMS  (  461): New BMS data - Size=56
06-03 17:42:33.299 D/VM_BMS  (  461): Start process_bms_data
06-03 17:42:33.299 D/VM_BMS  (  461): Battery charge_cycle=0 fcc_adjust=0 rbatt_adjust=0 cycle_changed=false
06-03 17:42:33.308 D/VM_BMS  (  461): For batt_temp=255 fcc_mah=2200
06-03 17:42:33.308 D/VM_BMS  (  461): Lookup fcc_mah=2200.000000  adjusted fcc_mah=2200.000000
06-03 17:42:33.308 D/VM_BMS  (  461): For ocv=3801550 batt_temp=255 soc=36
06-03 17:42:33.308 D/VM_BMS  (  461): fifo_count=0 acc_count=8
06-03 17:42:33.308 D/VM_BMS  (  461): INIT: ocv=3801550 last_ocv=3801550 batt_temp=255 soc=36
06-03 17:42:33.308 D/VM_BMS  (  461): For soc=36 batt_temp=255 slope=3000
06-03 17:42:33.308 D/VM_BMS  (  461): For soc=36 batt_temp=255 rbatt_sf=106
06-03 17:42:33.308 D/VM_BMS  (  461): rbatt_mohm_default=72, rbatt_mohm=76, sf=106 batt_temp=255
06-03 17:42:33.308 D/VM_BMS  (  461): Lookup rbatt=76.000000  adjusted rbatt=76.000000
06-03 17:42:33.308 D/VM_BMS  (  461): For ocv=3801549 batt_temp=255 soc=36
06-03 17:42:33.308 D/VM_BMS  (  461): FIFO=0 fifo_avg=3.800203 rbatt=0.126000 slope=0.300000 ibatt=0.010688 ocv=3.801550 soc=36 fcc_ah=2.200000 sample_count=8 sample_interval=70 seq_num=6856
06-03 17:42:33.309 I/VM_BMS  (  461): power_supply_update: ocv_uv=3801549 ibatt=10688 soc=36 seq_num=6856
06-03 17:42:33.309 D/VM_BMS  (  461): End process_bms_data
06-03 17:42:33.310 D/VM_BMS  (  461): wake_lock released
06-03 17:42:33.435 D/BatteryMeterView( 2940): not on charging...
06-03 17:42:33.436 D/BatteryMeterView( 2940): not on charging...
06-03 17:42:33.436 D/BatteryMeterView( 2940): not on charging...
06-03 17:42:34.830 I/qdhwcomposer(  262): handle_blank_event: dpy:0 panel power state: 0
06-03 17:42:34.831 E/qdutils (  262): int qdutils::getHDMINode(): Failed to open fb node 1
06-03 17:42:34.831 E/qdutils (  262): int qdutils::getHDMINode(): Failed to open fb node 2
06-03 17:42:34.831 E/qdutils (  262): int qdutils::getHDMINode(): Failed to find HDMI node
06-03 17:42:34.832 D/VM_BMS  (  461): wake_lock acquired
06-03 17:42:34.833 D/VM_BMS  (  461): New BMS data - Size=56
06-03 17:42:34.833 D/VM_BMS  (  461): Start process_bms_data
06-03 17:42:34.833 D/VM_BMS  (  461): Battery charge_cycle=0 fcc_adjust=0 rbatt_adjust=0 cycle_changed=false
06-03 17:42:34.835 D/VM_BMS  (  461): For batt_temp=255 fcc_mah=2200
06-03 17:42:34.835 D/VM_BMS  (  461): Lookup fcc_mah=2200.000000  adjusted fcc_mah=2200.000000
06-03 17:42:34.835 D/VM_BMS  (  461): For ocv=3801549 batt_temp=255 soc=36
06-03 17:42:34.835 D/VM_BMS  (  461): fifo_count=0 acc_count=8
06-03 17:42:34.835 D/VM_BMS  (  461): INIT: ocv=3801549 last_ocv=3801549 batt_temp=255 soc=36
06-03 17:42:34.835 D/VM_BMS  (  461): For soc=36 batt_temp=255 slope=3000
06-03 17:42:34.835 D/VM_BMS  (  461): For soc=36 batt_temp=255 rbatt_sf=106
06-03 17:42:34.835 D/VM_BMS  (  461): rbatt_mohm_default=72, rbatt_mohm=76, sf=106 batt_temp=255
06-03 17:42:34.835 D/VM_BMS  (  461): Lookup rbatt=76.000000  adjusted rbatt=76.000000
06-03 17:42:34.835 D/VM_BMS  (  461): For ocv=3801548 batt_temp=255 soc=36
06-03 17:42:34.835 D/VM_BMS  (  461): FIFO=0 fifo_avg=3.800547 rbatt=0.126000 slope=0.300000 ibatt=0.007952 ocv=3.801549 soc=36 fcc_ah=2.200000 sample_count=8 sample_interval=70 seq_num=6857
06-03 17:42:34.838 I/VM_BMS  (  461): power_supply_update: ocv_uv=3801548 ibatt=7952 soc=36 seq_num=6857
06-03 17:42:34.839 D/VM_BMS  (  461): End process_bm