I/art     ( 3183): Rejecting re-init on previously-failed class java.lang.Class<com.google.android.gms.org.conscrypt.NativeCrypto>
D/ConnectivityService(  775): reportBadNetwork(NetworkAgentInfo [WIFI () - 101]) by 10005
D/NetworkMonitor/NetworkAgentInfo [WIFI () - 101](  775): ValidatedState{ when=0 what=532488 arg1=10005 target=com.android.internal.util.StateMachine$SmHandler }
D/NetworkMonitor/NetworkAgentInfo [WIFI () - 101](  775): DefaultState{ when=-1ms what=532488 arg1=10005 target=com.android.internal.util.StateMachine$SmHandler }
D/NetworkMonitor/NetworkAgentInfo [WIFI () - 101](  775): Forcing reevaluation
D/NetworkMonitor/NetworkAgentInfo [WIFI () - 101](  775): EvaluatingState{ when=0 what=532486 arg1=8 target=com.android.internal.util.StateMachine$SmHandler }
D/NetworkMonitor/NetworkAgentInfo [WIFI () - 101](  775): Validated
D/ConnectivityService(  775): setProvNotificationVisibleIntent: E visible=false networkType=0 extraInfo=null
D/ConnectivityService(  775): Validated NetworkAgentInfo [WIFI () - 101]
I/qdhwcomposer(  262): handle_blank_event: dpy:0 panel power state: 0
E/qdutils (  262): int qdutils::getHDMINode(): Failed to open fb node 1
E/qdutils (  262): int qdutils::getHDMINode(): Failed to open fb node 2
E/qdutils (  262): int qdutils::getHDMINode(): Failed to find HDMI node
V/WLAN_PSA(  314): NL MSG, len[4043], NL type[0x1C] WNI type[0x5900] len[45839]
V/WLAN_PSA(  314): NL MSG, PID: 314
D/VM_BMS  (  461): wake_lock acquired
D/VM_BMS  (  461): New BMS data - Size=56
D/VM_BMS  (  461): Start process_bms_data
D/VM_BMS  (  461): Battery charge_cycle=0 fcc_adjust=0 rbatt_adjust=0 cycle_changed=false
D/VM_BMS  (  461): For batt_temp=255 fcc_mah=2200
D/VM_BMS  (  461): Lookup fcc_mah=2200.000000  adjusted fcc_mah=2200.000000
D/VM_BMS  (  461): For ocv=4081410 batt_temp=255 soc=91
D/VM_BMS  (  461): fifo_count=0 acc_count=26
D/VM_BMS  (  461): INIT: ocv=4081410 last_ocv=4081410 batt_temp=255 soc=91
D/VM_BMS  (  461): For soc=91 batt_temp=255 slope=2000
D/VM_BMS  (  461): For soc=91 batt_temp=255 rbatt_sf=102
D/VM_BMS  (  461): rbatt_mohm_default=72, rbatt_mohm=73, sf=102 batt_temp=255
D/VM_BMS  (  461): Lookup rbatt=73.000000  adjusted rbatt=73.000000
D/VM_BMS  (  461): For ocv=4081304 batt_temp=255 soc=91
D/VM_BMS  (  461): FIFO=0 fifo_avg=3.799314 rbatt=0.123000 slope=0.200000 ibatt=2.293034 ocv=4.081305 soc=91 fcc_ah=2.200000 sample_count=26 sample_interval=70 seq_num=2229
I/VM_BMS  (  461): power_supply_update: ocv_uv=4081304 ibatt=2293034 soc=91 seq_num=2229
D/VM_BMS  (  461): End process_bms_data
D/VM_BMS  (  461): wake_lock released
D/BatteryMeterView( 2940): not on charging...
D/BatteryMeterView( 2940): not on charging...
D/BatteryMeterView( 2940): not on charging...
I/qdhwcomposer(  262): handle_blank_event: dpy:0 panel power state: 0
E/qdutils (  262): int qdutils::getHDMINode(): Failed to open fb node 1
E/qdutils (  262): int qdutils::getHDMINode(): Failed to open fb node 2
E/qdutils (  262): int qdutils::getHDMINode(): Failed to find HDMI node
D/VM_BMS  (  461): wake_lock acquired
D/VM_BMS  (  461): New BMS data - Size=56
D/VM_BMS  (  461): Start process_bms_data
D/VM_BMS  (  461): Battery charge_cycle=0 fcc_adjust=0 rbatt_adjust=0 cycle_changed=false
D/VM_BMS  (  461): For batt_temp=255 fcc_mah=2200
D/VM_BMS  (  461): Lookup fcc_mah=2200.000000  adjusted fcc_mah=2200.000000
D/VM_BMS  (  461): For ocv=4081304 batt_temp=255 soc=91
D/VM_BMS  (  461): fifo_count=0 acc_count=7
D/VM_BMS  (  461): INIT: ocv=4081304 last_ocv=4081304 batt_temp=255 soc=91
D/VM_BMS  (  461): For soc=91 batt_temp=255 slope=2000
D/VM_BMS  (  461): For soc=91 batt_temp=255 rbatt_sf=102
D/VM_BMS  (  461): rbatt_mohm_default=72, rbatt_mohm=73, sf=102 batt_temp=255
D/VM_BMS  (  461): Lookup rbatt=73.000000  adjusted rbatt=73.000000
D/VM_BMS  (  461): For ocv=4081275 batt_temp=255 soc=91
D/VM_BMS  (  461): FIFO=0 fifo_avg=3.798399 rbatt=0.123000 slope=0.200000 ibatt=2.299926 ocv=4.081275 soc=91 fcc_ah=2.200000 sample_count=7 sample_interval=70 seq_num=2230
I/VM_BMS  (  461): power_supply_update: ocv_uv=4081275 ibatt=2299925 soc=91 seq_num=2230
D/VM_BMS  (  461): End process_bms_data
D/VM_BMS  (  461): wake_lock released
I/qdhwcomposer(  262): handle_blank_event: dpy:0 panel power state: 0
E/qdutils (  262): int qdutils::getHDMINode(): Failed to open fb node 1
E/qdutils (  262): int qdutils::getHDMINode(): Failed to open fb node 2
E/qdutils (  262): int qdutils::getHDMINode(): Failed to find HDMI node
V/WLAN_PSA(  314): NL MSG, len[4084], NL type[0x1C] WNI type[0x5900] len[56335]
V/WLAN_PSA(  314): NL MSG, PID: 314
D/VM_BMS  (  461): wake_lock acquired
D/VM_BMS  (  461): New BMS data - Size=56
D/VM_BMS  (  461): Start process_bms_data
D/VM_BMS  (  461): Battery charge_cycle=0 fcc_adjust=0 rbatt_adjust=0 cycle_changed=false
D/VM_BMS  (  461): For batt_temp=255 fcc_mah=2200
D/VM_BMS  (  461): Lookup fcc_mah=2200.000000  adjusted fcc_mah=2200.000000
D/VM_BMS  (  461): For ocv=4081275 batt_temp=255 soc=91
D/VM_BMS  (  461): fifo_count=0 acc_count=7
D/VM_BMS  (  461): INIT: ocv=4081275 last_ocv=4081275 batt_temp=255 soc=91
D/VM_BMS  (  461): For soc=91 batt_temp=255 slope=2000
D/VM_BMS  (  461): For soc=91 batt_temp=255 rbatt_sf=102
D/VM_BMS  (  461): rbatt_mohm_default=72, rbatt_mohm=73, sf=102 batt_temp=255
D/VM_BMS  (  461): Lookup rbatt=73.000000  adjusted rbatt=73.000000
D/VM_BMS  (  461): For ocv=4081246 batt_temp=255 soc=91
D/VM_BMS  (  461): FIFO=0 fifo_avg=3.799371 rbatt=0.123000 slope=0.200000 ibatt=2.291787 ocv=4.081247 soc=91 fcc_ah=2.200000 sample_count=7 sample_interval=70 seq_num=2231
I/VM_BMS  (  461): power_supply_update: ocv_uv=4081246 ibatt=2291787 soc=91 seq_num=2231
D/VM_BMS  (  461): End process_bms_data
D/VM_BMS  (  461): wake_lock released
D/BatteryMeterView( 2940): not on charging...
D/BatteryMeterView( 2940): not on charging...
D/BatteryMeterView( 2940): not on charging...
I/qdhwcomposer(  262): handle_blank_event: dpy:0 panel power state: 0
E/qdutils (  262): int qdutils::getHDMINode(): Failed to open fb node 1
E/qdutils (  262): int qdutils::getHDMINode(): Failed to open fb node 2
E/qdutils (  262): int qdutils::getHDMINode(): Failed to find HDMI node
D/VM_BMS  (  461): wake_lock acquired
D/VM_BMS  (  461): New BMS data - Size=56
D/VM_BMS  (  461): Start process_bms_data
D/VM_BMS  (  461): Battery charge_cycle=0 fcc_adjust=0 rbatt_adjust=0 cycle_changed=false
D/VM_BMS  (  461): For batt_temp=255 fcc_mah=2200
D/VM_BMS  (  461): Lookup fcc_mah=2200.000000  adjusted fcc_mah=2200.000000
D/VM_BMS  (  461): For ocv=4081246 batt_temp=255 soc=91
D/VM_BMS  (  461): fifo_count=0 acc_count=7
D/VM_BMS  (  461): INIT: ocv=4081246 last_ocv=4081246 batt_temp=255 soc=91
D/VM_BMS  (  461): For soc=91 batt_temp=255 slope=2000
D/VM_BMS  (  461): For soc=91 batt_temp=255 rbatt_sf=102
D/VM_BMS  (  461): rbatt_mohm_default=72, rbatt_mohm=73, sf=102 batt_temp=255
D/VM_BMS  (  461): Lookup rbatt=73.000000  adjusted rbatt=73.000000
D/VM_BMS  (  461): For ocv=4081217 batt_temp=255 soc=91
D/VM_BMS  (  461): FIFO=0 fifo_avg=3.796033 rbatt=0.123000 slope=0.200000 ibatt=2.318688 ocv=4.081217 soc=91 fcc_ah=2.200000 sample_count=7 sample_interval=70 seq_num=2232
I/VM_BMS  (  461): power_supply_update: ocv_uv=4081217 ibatt=2318688 soc=91 seq_num=2232
D/VM_BMS  (  461): End process_bms_data
D/VM_BMS  (  461): wake_lock released
D/BatteryMeterView( 2940): not on charging...
D/BatteryMeterView( 2940): not on charging...
D/BatteryMeterView( 2940): not on charging...
I/qdhwcomposer(  262): handle_blank_event: dpy:0 panel power state: 0
E/qdutils (  262): int qdutils::getHDMINode(): Failed to open fb node 1
E/qdutils (  262): int qdutils::getHDMINode(): Failed to open fb node 2
E/qdutils (  262): int qdutils::getHDMINode(): Failed to find HDMI node
D/VM_BMS  (  461): wake_lock acquired
D/VM_BMS  (  461): New BMS data - Size=56
D/VM_BMS  (  461): Start process_bms_data
D/VM_BMS  (  461): Battery charge_cycle=0 fcc_adjust=0 rbatt_adjust=0 cycle_changed=false
D/VM_BMS  (  461): For batt_temp=255 fcc_mah=2200
D/VM_BMS  (  461): Lookup fcc_mah=2200.000000  adjusted fcc_mah=2200.000000
D/VM_BMS  (  461): For ocv=4081217 batt_temp=255 soc=91
D/VM_BMS  (  461): fifo_count=0 acc_count=7
D/VM_BMS  (  461): INIT: ocv=4081217 last_ocv=4081217 batt_temp=255 soc=91
D/VM_BMS  (  461): For soc=91 batt_temp=255 slope=2000
D/VM_BMS  (  461): For soc=91 batt_temp=255 rbatt_sf=102
D/VM_BMS  (  461): rbatt_mohm_default=72, rbatt_mohm=73, sf=102 batt_temp=255
D/VM_BMS  (  461): Lookup rbatt=73.000000  adjusted rbatt=73.000000
D/VM_BMS  (  461): For ocv=4081188 batt_temp=255 soc=91
D/VM_BMS  (  461): FIFO=0 fifo_avg=3.798437 rbatt=0.123000 slope=0.200000 ibatt=2.298906 ocv=4.081188 soc=91 fcc_ah=2.200000 sample_count=7 sample_interval=70 seq_num=2233
I/VM_BMS  (  461): power_supply_update: ocv_uv=4081188 ibatt=2298906 soc=91 seq_num=2233
D/VM_BMS  (  461): End process_bms_data
D/VM_BMS  (  461): wake_lock released
D/BatteryMeterView( 2940): not on charging...
D/BatteryMeterView( 2940): not on charging...
D/BatteryMeterView( 2940): not on charging...
I/qdhwcomposer(  262): handle_blank_event: dpy:0 panel power state: 0
E/qdutils (  262): int qdutils::getHDMINode(): Failed to open fb node 1
E/qdutils (  262): int qdutils::getHDMINode(): Failed to open fb node 2
E/qdutils (  262): int qdutils::getHDMINode(): Failed to find HDMI node
V/WLAN_PSA(  314): NL MSG, len[4033], NL type[0x1C] WNI type[0x5900] len[43279]
V/WLAN_PSA(  314): NL MSG, PID: 314
D/VM_BMS  (  461): wake_lock acquired
D/VM_BMS  (  461): New BMS data - Size=56
D/VM_BMS  (  461): Start process_bms_data
D/VM_BMS  (  461): Battery charge_cycle=0 fcc_adjust=0 rbatt_adjust=0 cycle_changed=false
D/VM_BMS  (  461): For batt_temp=255 fcc_mah=2200
D/VM_BMS  (  461): Lookup fcc_mah=2200.000000  adjusted fcc_mah=2200.000000
D/VM_BMS  (  461): For ocv=4081188 batt_temp=255 soc=91
D/VM_BMS  (  461): fifo_count=0 acc_count=7
D/VM_BMS  (  461): INIT: ocv=4081188 last_ocv=4081188 batt_temp=255 soc=91
D/VM_BMS  (  461): For soc=91 batt_temp=255 slope=2000
D/VM_BMS  (  461): For soc=91 batt_temp=255 rbatt_sf=102
D/VM_BMS  (  461): rbatt_mohm_default=72, rbatt_mohm=73, sf=102 batt_temp=255
D/VM_BMS  (  461): Lookup rbatt=73.000000  adjusted rbatt=73.000000
D/VM_BMS  (  461): For ocv=4081159 batt_temp=255 soc=91
D/VM_BMS  (  461): FIFO=0 fifo_avg=3.798143 rbatt=0.123000 slope=0.200000 ibatt=2.301065 ocv=4.081160 soc=91 fcc_ah=2.200000 sample_count=7 sample_interval=70 seq_num=2234
I/VM_BMS  (  461): power_supply_update: ocv_uv=4081159 ibatt=2301065 soc=91 seq_num=2234
D/VM_BMS  (  461): End process_bms_data
D/VM_BMS  (  461): wake_lock released
I/qdhwcomposer(  262): handle_blank_event: dpy:0 panel power state: 0
E/qdutils (  262): int qdutils::getHDMINode(): Failed to open fb node 1
E/qdutils (  262): int qdutils::getHDMINode(): Failed to open fb node 2
E/qdutils (  262): int qdutils::getHDMINode(): Failed to find HDMI node
D/VM_BMS  (  461): wake_lock acquired
D/VM_BMS  (  461): New BMS data - Size=56
D/VM_BMS  (  461): Start process_bms_data
D/VM_BMS  (  461): Battery charge_cycle=0 fcc_adjust=0 rbatt_adjust=0 cycle_changed=false
D/VM_BMS  (  461): For batt_temp=255 fcc_mah=2200
D/VM_BMS  (  461): Lookup fcc_mah=2200.000000  adjusted fcc_mah=2200.000000
D/VM_BMS  (  461): For ocv=4081159 batt_temp=255 soc=91
D/VM_BMS  (  461): fifo_count=0 acc_count=7
D/VM_BMS  (  461): INIT: ocv=4081159 last_ocv=4081159 batt_temp=255 soc=91
D/VM_BMS  (  461): For soc=91 batt_temp=255 slope=2000
D/VM_BMS  (  461): For soc=91 batt_temp=255 rbatt_sf=102
D/VM_BMS  (  461): rbatt_mohm_default=72, rbatt_mohm=73, sf=102 batt_temp=255
D/VM_BMS  (  461): Lookup rbatt=73.000000  adjusted rbatt=73.000000
D/VM_BMS  (  461): For ocv=4081130 batt_temp=255 soc=91
D/VM_BMS  (  461): FIFO=0 fifo_avg=3.798437 rbatt=0.123000 slope=0.200000 ibatt=2.298437 ocv=4.081131 soc=91 fcc_ah=2.200000 sample_count=7 sample_interval=70 seq_num=2235
I/VM_BMS  (  461): power_supply_update: ocv_uv=4081130 ibatt=2298437 soc=91 seq_num=2235
D/VM_BMS  (  461): End process_bms_data
D/VM_BMS  (  461): wake_lock released
I/qdhwcomposer(  262): handle_blank_event: dpy:0 panel power state: 0
E/qdutils (  262): int qdutils::getHDMINode(): Failed to open fb node 1
E/qdutils (  262): int qdutils::getHDMINode(): Failed to open fb node 2
E/qdutils (  262): int qdutils::getHDMINode(): Failed to find HDMI node
V/WLAN_PSA(  314): NL MSG, len[4000], NL type[0x1C] WNI type[0x5900] len[34831]
V/WLAN_PSA(  314): NL MSG, PID: 314
D/VM_BMS  (  461): wake_lock acquired
D/VM_BMS  (  461): New BMS data - Size=56
D/VM_BMS  (  461): Start process_bms_data
D/VM_BMS  (  461): Battery charge_cycle=0 fcc_adjust=0 rbatt_adjust=0 cycle_changed=false
D/VM_BMS  (  461): For batt_temp=255 fcc_mah=2200
D/VM_BMS  (  461): Lookup fcc_mah=2200.000000  adjusted fcc_mah=2200.000000
D/VM_BMS  (  461): For ocv=4081130 batt_temp=255 soc=91
D/VM_BMS  (  461): fifo_count=0 acc_count=7
D/VM_BMS  (  461): INIT: ocv=4081130 last_ocv=4081130 batt_temp=255 soc=91
D/VM_BMS  (  461): For soc=91 batt_temp=255 slope=2000
D/VM_BMS  (  461): For soc=91 batt_temp=255 rbatt_sf=102
D/VM_BMS  (  461): rbatt_mohm_default=72, rbatt_mohm=73, sf=102 batt_temp=255
D/VM_BMS  (  461): Lookup rbatt=73.000000  adjusted rbatt=73.000000
D/VM_BMS  (  461): For ocv=4081101 batt_temp=255 soc=91
D/VM_BMS  (  461): FIFO=0 fifo_avg=3.797860 rbatt=0.123000 slope=0.200000 ibatt=2.302893 ocv=4.081101 soc=91 fcc_ah=2.200000 sample_count=7 sample_interval=70 seq_num=2236
I/VM_BMS  (  461): power_supply_update: ocv_uv=4081101 ibatt=2302893 soc=91 seq_num=2236
D/VM_BMS  (  461): End process_bms_data
D/VM_BMS  (  461): wake_lock released
D/BatteryMeterView( 2940): not on charging...
D/BatteryMeterView( 2940): not on charging...
D/BatteryMeterView( 2940): not on charging...
I/qdhwcomposer(  262): handle_blank_event: dpy:0 panel power state: 0
E/qdutils (  262): int qdutils::getHDMINode(): Failed to open fb node 1
E/qdutils (  262): int qdutils::getHDMINode(): Failed to open fb node 2
E/qdutils (  262): int qdutils::getHDMINode(): Failed to find HDMI node
D/VM_BMS  (  461): wake_lock acquired
D/VM_BMS  (  461): New BMS data - Size=56
D/VM_BMS  (  461): Start process_bms_data
D/VM_BMS  (  461): Battery charge_cycle=0 fcc_adjust=0 rbatt_adjust=0 cycle_changed=false
D/VM_BMS  (  461): For batt_temp=255 fcc_mah=2200
D/VM_BMS  (  461): Lookup fcc_mah=2200.000000  adjusted fcc_mah=2200.000000
D/VM_BMS  (  461): For ocv=4081101 batt_temp=255 soc=91
D/VM_BMS  (  461): fifo_count=0 acc_count=7
D/VM_BMS  (  461): INIT: ocv=4081101 last_ocv=4081101 batt_temp=255 soc=91
D/VM_BMS  (  461): For soc=91 batt_temp=255 slope=2000
D/VM_BMS  (  461): For soc=91 batt_temp=255 rbatt_sf=102
D/VM_BMS  (  461): rbatt_mohm_default=72, rbatt_mohm=73, sf=102 batt_temp=255
D/VM_BMS  (  461): Lookup rbatt=73.000000  adjusted rbatt=73.000000
D/VM_BMS  (  461): For ocv=4081072 batt_temp=255 soc=91
D/VM_BMS  (  461): FIFO=0 fifo_avg=3.797822 rbatt=0.123000 slope=0.200000 ibatt=2.302965 ocv=4.081072 soc=91 fcc_ah=2.200000 sample_count=7 sample_interval=70 seq_num=2237
I/VM_BMS  (  461): power_supply_update: ocv_uv=4081072 ibatt=2302965 soc=91 seq_num=2237
D/VM_BMS  (  461): End process_bms_data
D/VM_BMS  (  461): wake_lock released
D/BatteryMeterView( 2940): not on charging...
D/BatteryMeterView( 2940): not on charging...
D/BatteryMeterView( 2940): not on charging...
I/qdhwcomposer(  262): handle_blank_event: dpy:0 panel power state: 0
E/qdutils (  262): int qdutils::getHDMINode(): Failed to open fb node 1
E/qdutils (  262): int qdutils::getHDMINode(): Failed to open fb node 2
E/qdutils (  262): int qdutils::getHDMINode(): Failed to find HDMI node
V/WLAN_PSA(  314): NL MSG, len[4047], NL type[0x1C] WNI type[0x5900] len[46863]
V/WLAN_PSA(  314): NL MSG, PID: 314
D/VM_BMS  (  461): wake_lock acquired
D/VM_BMS  (  461): New BMS data - Size=56
D/VM_BMS  (  461): Start process_bms_data
D/VM_BMS  (  461): Battery charge_cycle=0 fcc_adjust=0 rbatt_adjust=0 cycle_changed=false
D/VM_BMS  (  461): For batt_temp=255 fcc_mah=2200
D/VM_BMS  (  461): Lookup fcc_mah=2200.000000  adjusted fcc_mah=2200.000000
D/VM_BMS  (  461): For ocv=4081072 batt_temp=255 soc=91
D/VM_BMS  (  461): fifo_count=0 acc_count=7
D/VM_BMS  (  461): INIT: ocv=4081072 last_ocv=4081072 batt_temp=255 soc=91
D/VM_BMS  (  461): For soc=91 batt_temp=255 slope=2000
D/VM_BMS  (  461): For soc=91 batt_temp=255 rbatt_sf=102
D/VM_BMS  (  461): rbatt_mohm_default=72, rbatt_mohm=73, sf=102 batt_temp=255
D/VM_BMS  (  461): Lookup rbatt=73.000000  adjusted rbatt=73.000000
D/VM_BMS  (  461): For ocv=4081043 batt_temp=255 soc=91
D/VM_BMS  (  461): FIFO=0 fifo_avg=3.799044 rbatt=0.123000 slope=0.200000 ibatt=2.292795 ocv=4.081044 soc=91 fcc_ah=2.200000 sample_count=7 sample_interval=70 seq_num=2238
I/VM_BMS  (  461): power_supply_update: ocv_uv=4081043 ibatt=2292795 soc=91 seq_num=2238
D/VM_BMS  (  461): End process_bms_data
D/VM_BMS  (  461): wake_lock released
D/BatteryMeterView( 2940): not on charging...
D/BatteryMeterView( 2940): not on charging...
D/BatteryMeterView( 2940): not on charging...
I/qdhwcomposer(  262): handle_blank_event: dpy:0 panel power state: 0
E/qdutils (  262): int qdutils::getHDMINode(): Failed to open fb node 1
E/qdutils (  262): int qdutils::getHDMINode(): Failed to open fb node 2
E/qdutils (  262): int qdutils::getHDMINode(): Failed to find HDMI node
D/VM_BMS  (  461): wake_lock acquired
D/VM_BMS  (  461): New BMS data - Size=56
D/VM_BMS  (  461): Start process_bms_data
D/VM_BMS  (  461): Battery charge_cycle=0 fcc_adjust=0 rbatt_adjust=0 cycle_changed=false
D/VM_BMS  (  461): For batt_temp=255 fcc_mah=2200
D/VM_BMS  (  461): Lookup fcc_mah=2200.000000  adjusted fcc_mah=2200.000000
D/VM_BMS  (  461): For ocv=4081043 batt_temp=255 soc=91
D/VM_BMS  (  461): fifo_count=0 acc_count=7
D/VM_BMS  (  461): INIT: ocv=4081043 last_ocv=4081043 batt_temp=255 soc=91
D/VM_BMS  (  461): For soc=91 batt_temp=255 slope=2000
D/VM_BMS  (  461): For soc=91 batt_temp=255 rbatt_sf=102
D/VM_BMS  (  461): rbatt_mohm_default=72, rbatt_mohm=73, sf=102 batt_temp=255
D/VM_BMS  (  461): Lookup rbatt=73.000000  adjusted rbatt=73.000000
D/VM_BMS  (  461): For ocv=4081014 batt_temp=255 soc=91
D/VM_BMS  (  461): FIFO=0 fifo_avg=3.798761 rbatt=0.123000 slope=0.200000 ibatt=2.294859 ocv=4.081014 soc=91 fcc_ah=2.200000 sample_count=7 sample_interval=70 seq_num=2239
I/VM_BMS  (  461): power_supply_update: ocv_uv=4081014 ibatt=2294859 soc=91 seq_num=2239
D/VM_BMS  (  461): End process_bms_data
D/VM_BMS  (  461): wake_lock released
I/qdhwcomposer(  262): handle_blank_event: dpy:0 panel power state: 0
E/qdutils (  262): int qdutils::getHDMINode(): Failed to open fb node 1
E/qdutils (  262): int qdutils::getHDMINode(): Failed to open fb node 2
E/qdutils (  262): int qdutils::getHDMINode(): Failed to find HDMI node
D/VM_BMS  (  461): wake_lock acquired
D/VM_BMS  (  461): New BMS data - Size=56
D/VM_BMS  (  461): Start process_bms_data
D/VM_BMS  (  461): Battery charge_cycle=0 fcc_adjust=0 rbatt_adjust=0 cycle_changed=false
D/VM_BMS  (  461): For batt_temp=255 fcc_mah=2200
D/VM_BMS  (  461): Lookup fcc_mah=2200.000000  adjusted fcc_mah=2200.000000
D/VM_BMS  (  461): For ocv=4081014 batt_temp=255 soc=91
D/VM_BMS  (  461): fifo_count=0 acc_count=7
D/VM_BMS  (  461): INIT: ocv=4081014 last_ocv=4081014 batt_temp=255 soc=91
D/VM_BMS  (  461): For soc=91 batt_temp=255 slope=2000
D/VM_BMS  (  461): For soc=91 batt_temp=255 rbatt_sf=102
D/VM_BMS  (  461): rbatt_mohm_default=72, rbatt_mohm=73, sf=102 batt_temp=255
D/VM_BMS  (  461): Lookup rbatt=73.000000  adjusted rbatt=73.000000
D/VM_BMS  (  461): For ocv=4080986 batt_temp=255 soc=90
D/VM_BMS  (  461): FIFO=0 fifo_avg=3.799044 rbatt=0.123000 slope=0.200000 ibatt=2.292326 ocv=4.080986 soc=90 fcc_ah=2.200000 sample_count=7 sample_interval=70 seq_num=2240
I/VM_BMS  (  461): power_supply_update: ocv_uv=4080986 ibatt=2292325 soc=90 seq_num=2240
D/VM_BMS  (  461): End process_bms_data
D/VM_BMS  (  461): wake_lock released
I/qdhwcomposer(  262): handle_blank_event: dpy:0 panel power state: 0
E/qdutils (  262): int qdutils::getHDMINode(): Failed to open fb node 1
E/qdutils (  262): int qdutils::getHDMINode(): Failed to open fb node 2
E/qdutils (  262): int qdutils::getHDMINode(): Failed to find HDMI node
V/WLAN_PSA(  314): NL MSG, len[3992], NL type[0x1C] WNI type[0x5900] len[32783]
V/WLAN_PSA(  314): NL MSG, PID: 314
D/VM_BMS  (  461): wake_lock acquired
D/VM_BMS  (  461): New BMS data - Size=56
D/VM_BMS  (  461): Start process_bms_data
D/VM_BMS  (  461): Battery charge_cycle=0 fcc_adjust=0 rbatt_adjust=0 cycle_changed=false
D/VM_BMS  (  461): For batt_temp=255 fcc_mah=2200
D/VM_BMS  (  461): Lookup fcc_mah=2200.000000  adjusted fcc_mah=2200.000000
D/VM_BMS  (  461): For ocv=4080986 batt_temp=255 soc=90
D/VM_BMS  (  461): fifo_count=0 acc_count=7
D/VM_BMS  (  461): INIT: ocv=4080986 last_ocv=4080986 batt_temp=255 soc=90
D/VM_BMS  (  461): For soc=90 batt_temp=255 slope=2000
D/VM_BMS  (  461): For soc=90 batt_temp=255 rbatt_sf=103
D/VM_BMS  (  461): rbatt_mohm_default=72, rbatt_mohm=74, sf=103 batt_temp=255
D/VM_BMS  (  461): Lookup rbatt=74.000000  adjusted rbatt=74.000000
D/VM_BMS  (  461): For ocv=4080958 batt_temp=255 soc=90
D/VM_BMS  (  461): FIFO=0 fifo_avg=3.798761 rbatt=0.124000 slope=0.200000 ibatt=2.275896 ocv=4.080958 soc=90 fcc_ah=2.200000 sample_count=7 sample_interval=70 seq_num=2241
I/VM_BMS  (  461): power_supply_update: ocv_uv=4080958 ibatt=2275895 soc=90 seq_num=2241
D/VM_BMS  (  461): End process_bms_data
D/VM_BMS  (  461): wake_lock released
D/BatteryMeterView( 2940): not on charging...
D/BatteryMeterView( 2940): not on charging...
D/BatteryMeterView( 2940): not on charging...
I/qdhwcomposer(  262): handle_blank_event: dpy:0 panel power state: 0
E/qdutils (  262): int qdutils::getHDMINode(): Failed to open fb node 1
E/qdutils (  262): int qdutils::getHDMINode(): Failed to open fb node 2
E/qdutils (  262): int qdutils::getHDMINode(): Failed to find HDMI node
D/VM_BMS  (  461): wake_lock acquired
D/VM_BMS  (  461): New BMS data - Size=56
D/VM_BMS  (  461): Start process_bms_data
D/VM_BMS  (  461): Battery charge_cycle=0 fcc_adjust=0 rbatt_adjust=0 cycle_changed=false
D/VM_BMS  (  461): For batt_temp=255 fcc_mah=2200
D/VM_BMS  (  461): Lookup fcc_mah=2200.000000  adjusted fcc_mah=2200.000000
D/VM_BMS  (  461): For ocv=4080958 batt_temp=255 soc=90
D/VM_BMS  (  461): fifo_count=0 acc_count=7
D/VM_BMS  (  461): INIT: ocv=4080958 last_ocv=4080958 batt_temp=255 soc=90
D/VM_BMS  (  461): For soc=90 batt_temp=255 slope=2000
D/VM_BMS  (  461): For soc=90 batt_temp=255 rbatt_sf=103
D/VM_BMS  (  461): rbatt_mohm_default=72, rbatt_mohm=74, sf=103 batt_temp=255
D/VM_BMS  (  461): Lookup rbatt=74.000000  adjusted rbatt=74.000000
D/VM_BMS  (  461): For ocv=4080929 batt_temp=255 soc=90
D/VM_BMS  (  461): FIFO=0 fifo_avg=3.797849 rbatt=0.124000 slope=0.200000 ibatt=2.283023 ocv=4.080930 soc=90 fcc_ah=2.200000 sample_count=7 sample_interval=70 seq_num=2242
I/VM_BMS  (  461): power_supply_update: ocv_uv=4080929 ibatt=2283023 soc=90 seq_num=2242
D/VM_BMS  (  461): End process_bms_data
D/VM_BMS  (  461): wake_lock released
D/BatteryMeterView( 2940): not on charging...
D/BatteryMeterView( 2940): not on charging...
D/BatteryMeterView( 2940): not on charging...
I/qdhwcomposer(  262): handle_blank_event: dpy:0 panel power state: 0
E/qdutils (  262): int qdutils::getHDMINode(): Failed to open fb node 1
E/qdutils (  262): int qdutils::getHDMINode(): Failed to open fb node 2
E/qdutils (  262): int qdutils::getHDMINode(): Failed to find HDMI node
D/VM_BMS  (  461): wake_lock acquired
D/VM_BMS  (  461): New BMS data - Size=56
V/WLAN_PSA(  314): NL MSG, len[4009], NL type[0x1C] WNI type[0x5900] len[37135]
V/WLAN_PSA(  314): NL MSG, PID: 314
D/VM_BMS  (  461): Start process_bms_data
D/VM_BMS  (  461): Battery charge_cycle=0 fcc_adjust=0 rbatt_adjust=0 cycle_changed=false
D/VM_BMS  (  461): For batt_temp=255 fcc_mah=2200
D/VM_BMS  (  461): Lookup fcc_mah=2200.000000  adjusted fcc_mah=2200.000000
D/VM_BMS  (  461): For ocv=4080929 batt_temp=255 soc=90
D/VM_BMS  (  461): fifo_count=0 acc_count=7
D/VM_BMS  (  461): INIT: ocv=4080929 last_ocv=4080929 batt_temp=255 soc=90
D/VM_BMS  (  461): For soc=90 batt_temp=255 slope=2000
D/VM_BMS  (  461): For soc=90 batt_temp=255 rbatt_sf=103
D/VM_BMS  (  461): rbatt_mohm_default=72, rbatt_mohm=74, sf=103 batt_temp=255
D/VM_BMS  (  461): Lookup rbatt=74.000000  adjusted rbatt=74.000000
D/VM_BMS  (  461): For ocv=4080900 batt_temp=255 soc=90
D/VM_BMS  (  461): FIFO=0 fifo_avg=3.798181 rbatt=0.124000 slope=0.200000 ibatt=2.280110 ocv=4.080901 soc=90 fcc_ah=2.200000 sample_count=7 sample_interval=70 seq_num=2243
I/VM_BMS  (  461): power_supply_update: ocv_uv=4080900 ibatt=2280110 soc=90 seq_num=2243
D/VM_BMS  (  461): End process_bms_data
D/VM_BMS  (  461): wake_lock released
D/BatteryMeterView( 2940): not on charging...
D/BatteryMeterView( 2940): not on charging...
D/BatteryMeterView( 2940): not on charging...
I/qdhwcomposer(  262): handle_blank_event: dpy:0 panel power state: 0
E/qdutils (  262): int qdutils::getHDMINode(): Failed to open fb node 1
E/qdutils (  262): int qdutils::getHDMINode(): Failed to open fb node 2
E/qdutils (  262): int qdutils::getHDMINode(): Failed to find HDMI node
D/VM_BMS  (  461): wake_lock acquired
D/VM_BMS  (  461): New BMS data - Size=56
D/VM_BMS  (  461): Start process_bms_data
D/VM_BMS  (  461): Battery charge_cycle=0 fcc_adjust=0 rbatt_adjust=0 cycle_changed=false
D/VM_BMS  (  461): For batt_temp=255 fcc_mah=2200
D/VM_BMS  (  461): Lookup fcc_mah=2200.000000  adjusted fcc_mah=2200.000000
D/VM_BMS  (  461): For ocv=4080900 batt_temp=255 soc=90
D/VM_BMS  (  461): fifo_count=0 acc_count=7
D/VM_BMS  (  461): INIT: ocv=4080900 last_ocv=4080900 batt_temp=255 soc=90
D/VM_BMS  (  461): For soc=90 batt_temp=255 slope=2000
D/VM_BMS  (  461): For soc=90 batt_temp=255 rbatt_sf=103
D/VM_BMS  (  461): rbatt_mohm_default=72, rbatt_mohm=74, sf=103 batt_temp=255
D/VM_BMS  (  461): Lookup rbatt=74.000000  adjusted rbatt=74.000000
D/VM_BMS  (  461): For ocv=4080872 batt_temp=255 soc=90
D/VM_BMS  (  461): FIFO=0 fifo_avg=3.797212 rbatt=0.124000 slope=0.200000 ibatt=2.287695 ocv=4.080872 soc=90 fcc_ah=2.200000 sample_count=7 sample_interval=70 seq_num=2244
I/VM_BMS  (  461): power_supply_update: ocv_uv=4080872 ibatt=2287695 soc=90 seq_num=2244
D/VM_BMS  (  461): End process_bms_data
D/VM_BMS  (  461): wake_lock released
D/BatteryMeterView( 2940): not on charging...
D/BatteryMeterView( 2940): not on charging...
D/BatteryMeterView( 2940): not on charging...
I/qdhwcomposer(  262): handle_blank_event: dpy:0 panel power state: 0
E/qdutils (  262): int qdutils::getHDMINode(): Failed to open fb node 1
E/qdutils (  262): int qdutils::getHDMINode(): Failed to open fb node 2
E/qdutils (  262): int qdutils::getHDMINode(): Failed to find HDMI node
D/VM_BMS  (  461): wake_lock acquired
D/VM_BMS  (  461): New BMS data - Size=56
D/VM_BMS  (  461): Start process_bms_data
D/VM_BMS  (  461): Battery charge_cycle=0 fcc_adjust=0 rbatt_adjust=0 cycle_changed=false
D/VM_BMS  (  461): For batt_temp=255 fcc_mah=2200
D/VM_BMS  (  461): Lookup fcc_mah=2200.000000  adjusted fcc_mah=2200.000000
D/VM_BMS  (  461): For ocv=4080872 batt_temp=255 soc=90
D/VM_BMS  (  461): fifo_count=0 acc_count=7
D/VM_BMS  (  461): INIT: ocv=4080872 last_ocv=4080872 batt_temp=255 soc=90
D/VM_BMS  (  461): For soc=90 batt_temp=255 slope=2000
D/VM_BMS  (  461): For soc=90 batt_temp=255 rbatt_sf=103
D/VM_BMS  (  461): rbatt_mohm_default=72, rbatt_mohm=74, sf=103 batt_temp=255
D/VM_BMS  (  461): Lookup rbatt=74.000000  adjusted rbatt=74.000000
D/VM_BMS  (  461): For ocv=4080844 batt_temp=255 soc=90
D/VM_BMS  (  461): FIFO=0 fifo_avg=3.799120 rbatt=0.124000 slope=0.200000 ibatt=2.272081 ocv=4.080844 soc=90 fcc_ah=2.200000 sample_count=7 sample_interval=70 seq_num=2245
I/VM_BMS  (  461): power_supply_update: ocv_uv=4080844 ibatt=2272081 soc=90 seq_num=2245
D/VM_BMS  (  461): End process_bms_data
D/VM_BMS  (  461): wake_lock released
D/BatteryMeterView( 2940): not on charging...
D/BatteryMeterView( 2940): not on charging...
D/BatteryMeterView( 2940): not on charging...
V/WLAN_PSA(  314): NL MSG, len[4037], NL type[0x1C] WNI type[0x5900] len[44303]
V/WLAN_PSA(  314): NL MSG, PID: 314
I/qdhwcomposer(  262): handle_blank_event: dpy:0 panel power state: 0
E/qdutils (  262): int qdutils::getHDMINode(): Failed to open fb node 1
E/qdutils (  262): int qdutils::getHDMINode(): Failed to open fb node 2
E/qdutils (  262): int qdutils::getHDMINode(): Failed to find HDMI node
D/VM_BMS  (  461): wake_lock acquired
D/VM_BMS  (  461): New BMS data - Size=56
D/VM_BMS  (  461): Start process_bms_data
D/VM_BMS  (  461): Battery charge_cycle=0 fcc_adjust=0 rbatt_adjust=0 cycle_changed=false
D/VM_BMS  (  461): For batt_temp=255 fcc_mah=2200
D/VM_BMS  (  461): Lookup fcc_mah=2200.000000  adjusted fcc_mah=2200.000000
D/VM_BMS  (  461): For ocv=4080844 batt_temp=255 soc=90
D/VM_BMS  (  461): fifo_count=0 acc_count=7
D/VM_BMS  (  461): INIT: ocv=4080844 last_ocv=4080844 batt_temp=255 soc=90
D/VM_BMS  (  461): For soc=90 batt_temp=255 slope=2000
D/VM_BMS  (  461): For soc=90 batt_temp=255 rbatt_sf=103
D/VM_BMS  (  461): rbatt_mohm_default=72, rbatt_mohm=74, sf=103 batt_temp=255
D/VM_BMS  (  461): Lookup rbatt=74.000000  adjusted rbatt=74.000000
D/VM_BMS  (  461): For ocv=4080815 batt_temp=255 soc=90
D/VM_BMS  (  461): FIFO=0 fifo_avg=3.798761 rbatt=0.124000 slope=0.200000 ibatt=2.274750 ocv=4.080816 soc=90 fcc_ah=2.200000 sample_count=7 sample_interval=70 seq_num=2246
I/VM_BMS  (  461): power_supply_update: ocv_uv=4080815 ibatt=2274749 soc=90 seq_num=2246
D/VM_BMS  (  461): End process_bms_data
D/VM_BMS  (  461): wake_lock released
D/BatteryMeterView( 2940): not on charging...
D/BatteryMeterView( 2940): not on charging...
D/BatteryMeterView( 2940): not on charging...
I/qdhwcomposer(  262): handle_blank_event: dpy:0 panel power state: 0
E/qdutils (  262): int qdutils::getHDMINode(): Failed to open fb node 1
E/qdutils (  262): int qdutils::getHDMINode(): Failed to open fb node 2
E/qdutils (  262): int qdutils::getHDMINode(): Failed to find HDMI node
D/VM_BMS  (  461): wake_lock acquired
D/VM_BMS  (  461): New BMS data - Size=56
D/VM_BMS  (  461): Start process_bms_data
D/VM_BMS  (  461): Battery charge_cycle=0 fcc_adjust=0 rbatt_adjust=0 cycle_changed=false
D/VM_BMS  (  461): For batt_temp=255 fcc_mah=2200
D/VM_BMS  (  461): Lookup fcc_mah=2200.000000  adjusted fcc_mah=2200.000000
D/VM_BMS  (  461): For ocv=4080815 batt_temp=255 soc=90
D/VM_BMS  (  461): fifo_count=0 acc_count=7
D/VM_BMS  (  461): INIT: ocv=4080815 last_ocv=4080815 batt_temp=255 soc=90
D/VM_BMS  (  461): For soc=90 batt_temp=255 slope=2000
D/VM_BMS  (  461): For soc=90 batt_temp=255 rbatt_sf=103
D/VM_BMS  (  461): rbatt_mohm_default=72, rbatt_mohm=74, sf=103 batt_temp=255
D/VM_BMS  (  461): Lookup rbatt=74.000000  adjusted rbatt=74.000000
D/VM_BMS  (  461): For ocv=4080786 batt_temp=255 soc=90
D/VM_BMS  (  461): FIFO=0 fifo_avg=3.799341 rbatt=0.124000 slope=0.200000 ibatt=2.269837 ocv=4.080787 soc=90 fcc_ah=2.200000 sample_count=7 sample_interval=70 seq_num=2247
I/VM_BMS  (  461): power_supply_update: ocv_uv=4080786 ibatt=2269837 soc=90 seq_num=2247
D/VM_BMS  (  461): End process_bms_data
D/VM_BMS  (  461): wake_lock released
D/BatteryMeterView( 2940): not on charging...
D/BatteryMeterView( 2940): not on charging...
D/BatteryMeterView( 2940): not on charging...
I/qdhwcomposer(  262): handle_blank_event: dpy:0 panel power state: 0
E/qdutils (  262): int qdutils::getHDMINode(): Failed to open fb node 1
E/qdutils (  262): int qdutils::getHDMINode(): Failed to open fb node 2
E/qdutils (  262): int qdutils::getHDMINode(): Failed to find HDMI node
V/WLAN_PSA(  314): NL MSG, len[4004], NL type[0x1C] WNI type[0x5900] len[35855]
V/WLAN_PSA(  314): NL MSG, PID: 314
D/VM_BMS  (  461): wake_lock acquired
D/VM_BMS  (  461): New BMS data - Size=56
D/VM_BMS  (  461): Start process_bms_data
D/VM_BMS  (  461): Battery charge_cycle=0 fcc_adjust=0 rbatt_adjust=0 cycle_changed=false
D/VM_BMS  (  461): For batt_temp=255 fcc_mah=2200
D/VM_BMS  (  461): Lookup fcc_mah=2200.000000  adjusted fcc_mah=2200.000000
D/VM_BMS  (  461): For ocv=4080786 batt_temp=255 soc=90
D/VM_BMS  (  461): fifo_count=0 acc_count=7
D/VM_BMS  (  461): INIT: ocv=4080786 last_ocv=4080786 batt_temp=255 soc=90
D/VM_BMS  (  461): For soc=90 batt_temp=255 slope=2000
D/VM_BMS  (  461): For soc=90 batt_temp=255 rbatt_sf=103
D/VM_BMS  (  461): rbatt_mohm_default=72, rbatt_mohm=74, sf=103 batt_temp=255
D/VM_BMS  (  461): Lookup rbatt=74.000000  adjusted rbatt=74.000000
D/VM_BMS  (  461): For ocv=4080758 batt_temp=255 soc=90
D/VM_BMS  (  461): FIFO=0 fifo_avg=3.797296 rbatt=0.124000 slope=0.200000 ibatt=2.286097 ocv=4.080758 soc=90 fcc_ah=2.200000 sample_count=7 sample_interval=70 seq_num=2248
I/VM_BMS  (  461): power_supply_update: ocv_uv=4080758 ibatt=2286097 soc=90 seq_num=2248
D/VM_BMS  (  461): End process_bms_data
D/VM_BMS  (  461): wake_lock released
D/BatteryMeterView( 2940): not on charging...
D/BatteryMeterView( 2940): not on charging...
D/BatteryMeterView( 2940): not on charging...
I/qdhwcomposer(  262): handle_blank_event: dpy:0 panel power state: 0
E/qdutils (  262): int qdutils::getHDMINode(): Failed to open fb node 1
E/qdutils (  262): int qdutils::getHDMINode(): Failed to open fb node 2
E/qdutils (  262): int qdutils::getHDMINode(): Failed to find HDMI node
D/VM_BMS  (  461): wake_lock acquired
D/VM_BMS  (  461): New BMS data - Size=56
D/VM_BMS  (  461): Start process_bms_data
D/VM_BMS  (  461): Battery charge_cycle=0 fcc_adjust=0 rbatt_adjust=0 cycle_changed=false
D/VM_BMS  (  461): For batt_temp=255 fcc_mah=2200
D/VM_BMS  (  461): Lookup fcc_mah=2200.000000  adjusted fcc_mah=2200.000000
D/VM_BMS  (  461): For ocv=4080758 batt_temp=255 soc=90
D/VM_BMS  (  461): fifo_count=0 acc_count=7
D/VM_BMS  (  461): INIT: ocv=4080758 last_ocv=4080758 batt_temp=255 soc=90
D/VM_BMS  (  461): For soc=90 batt_temp=255 slope=2000
D/VM_BMS  (  461): For soc=90 batt_temp=255 rbatt_sf=103
D/VM_BMS  (  461): rbatt_mohm_default=72, rbatt_mohm=74, sf=103 batt_temp=255
D/VM_BMS  (  461): Lookup rbatt=74.000000  adjusted rbatt=74.000000
D/VM_BMS  (  461): For ocv=4080730 batt_temp=255 soc=90
D/VM_BMS  (  461): FIFO=0 fifo_avg=3.796937 rbatt=0.124000 slope=0.200000 ibatt=2.288766 ocv=4.080730 soc=90 fcc_ah=2.200000 sample_count=7 sample_interval=70 seq_num=2249
I/VM_BMS  (  461): power_supply_update: ocv_uv=4080730 ibatt=2288765 soc=90 seq_num=2249
D/VM_BMS  (  461): End process_bms_data
D/VM_BMS  (  461): wake_lock released
D/BatteryMeterView( 2940): not on charging...
D/BatteryMeterView( 2940): not on charging...
D/BatteryMeterView( 2940): not on charging...
I/qdhwcomposer(  262): handle_blank_event: dpy:0 panel power state: 0
E/qdutils (  262): int qdutils::getHDMINode(): Failed to open fb node 1
E/qdutils (  262): int qdutils::getHDMINode(): Failed to open fb node 2
E/qdutils (  262): int qdutils::getHDMINode(): Failed to find HDMI node
V/WLAN_PSA(  314): NL MSG, len[4092], NL type[0x1C] WNI type[0x5900] len[58383]
V/WLAN_PSA(  314): NL MSG, PID: 314
D/VM_BMS  (  461): wake_lock acquired
D/VM_BMS  (  461): New BMS data - Size=56
D/VM_BMS  (  461): Start process_bms_data
D/VM_BMS  (  461): Battery charge_cycle=0 fcc_adjust=0 rbatt_adjust=0 cycle_changed=false
D/VM_BMS  (  461): For batt_temp=255 fcc_mah=2200
D/VM_BMS  (  461): Lookup fcc_mah=2200.000000  adjusted fcc_mah=2200.000000
D/VM_BMS  (  461): For ocv=4080730 batt_temp=255 soc=90
D/VM_BMS  (  461): fifo_count=0 acc_count=7
D/VM_BMS  (  461): INIT: ocv=4080730 last_ocv=4080730 batt_temp=255 soc=90
D/VM_BMS  (  461): For soc=90 batt_temp=255 slope=2000
D/VM_BMS  (  461): For soc=90 batt_temp=255 rbatt_sf=103
D/VM_BMS  (  461): rbatt_mohm_default=72, rbatt_mohm=74, sf=103 batt_temp=255
D/VM_BMS  (  461): Lookup rbatt=74.000000  adjusted rbatt=74.000000
D/VM_BMS  (  461): For ocv=4080701 batt_temp=255 soc=90
D/VM_BMS  (  461): FIFO=0 fifo_avg=3.798192 rbatt=0.124000 slope=0.200000 ibatt=2.278418 ocv=4.080702 soc=90 fcc_ah=2.200000 sample_count=7 sample_interval=70 seq_num=2250
I/VM_BMS  (  461): power_supply_update: ocv_uv=4080701 ibatt=2278418 soc=90 seq_num=2250
D/VM_BMS  (  461): End process_bms_data
D/VM_BMS  (  461): wake_lock released
D/BatteryMeterView( 2940): not on charging...
D/BatteryMeterView( 2940): not on charging...
D/BatteryMeterView( 2940): not on charging...
I/qdhwcomposer(  262): handle_blank_event: dpy:0 panel power state: 0
E/qdutils (  262): int qdutils::getHDMINode(): Failed to open fb node 1
E/qdutils (  262): int qdutils::getHDMINode(): Failed to open fb node 2
E/qdutils (  262): int qdutils::getHDMINode(): Failed to find HDMI node
D/VM_BMS  (  461): wake_lock acquired
D/VM_BMS  (  461): New BMS data - Size=56
D/VM_BMS  (  461): Start process_bms_data
D/VM_BMS  (  461): Battery charge_cycle=0 fcc_adjust=0 rbatt_adjust=0 cycle_changed=false
D/VM_BMS  (  461): For batt_temp=255 fcc_mah=2200
D/VM_BMS  (  461): Lookup fcc_mah=2200.000000  adjusted fcc_mah=2200.000000
D/VM_BMS  (  461): For ocv=4080701 batt_temp=255 soc=90
D/VM_BMS  (  461): fifo_count=0 acc_count=7
D/VM_BMS  (  461): INIT: ocv=4080701 last_ocv=4080701 batt_temp=255 soc=90
D/VM_BMS  (  461): For soc=90 batt_temp=255 slope=2000
D/VM_BMS  (  461): For soc=90 batt_temp=255 rbatt_sf=103
D/VM_BMS  (  461): rbatt_mohm_default=72, rbatt_mohm=74, sf=103 batt_temp=255
D/VM_BMS  (  461): Lookup rbatt=74.000000  adjusted rbatt=74.000000
D/VM_BMS  (  461): For ocv=4080672 batt_temp=255 soc=90
D/VM_BMS  (  461): FIFO=0 fifo_avg=3.796395 rbatt=0.124000 slope=0.200000 ibatt=2.292675 ocv=4.080673 soc=90 fcc_ah=2.200000 sample_count=7 sample_interval=70 seq_num=2251
I/VM_BMS  (  461): power_supply_update: ocv_uv=4080672 ibatt=2292674 soc=90 seq_num=2251
D/VM_BMS  (  461): End process_bms_data
D/VM_BMS  (  461): wake_lock released
D/BatteryMeterView( 2940): not on charging...
D/BatteryMeterView( 2940): not on charging...
D/BatteryMeterView( 2940): not on charging...
E/libsuspend(  775): Error writing to /sys/power/state: Device or resource busy
I/qdhwcomposer(  262): handle_blank_event: dpy:0 panel power state: 0
E/qdutils (  262): int qdutils::getHDMINode(): Failed to open fb node 1
E/qdutils (  262): int qdutils::getHDMINode(): Failed to open fb node 2
E/qdutils (  262): int qdutils::getHDMINode(): Failed to find HDMI node
D/VM_BMS  (  461): wake_lock acquired
D/VM_BMS  (  461): New BMS data - Size=56
D/VM_BMS  (  461): Start process_bms_data
D/VM_BMS  (  461): Battery charge_cycle=0 fcc_adjust=0 rbatt_adjust=0 cycle_changed=false
D/VM_BMS  (  461): For batt_temp=255 fcc_mah=2200
D/VM_BMS  (  461): Lookup fcc_mah=2200.000000  adjusted fcc_mah=2200.000000
D/VM_BMS  (  461): For ocv=4080672 batt_temp=255 soc=90
D/VM_BMS  (  461): fifo_count=0 acc_count=9
D/VM_BMS  (  461): INIT: ocv=4080672 last_ocv=4080672 batt_temp=255 soc=90
D/VM_BMS  (  461): For soc=90 batt_temp=255 slope=2000
D/VM_BMS  (  461): For soc=90 batt_temp=255 rbatt_sf=103
D/VM_BMS  (  461): rbatt_mohm_default=72, rbatt_mohm=74, sf=103 batt_temp=255
D/VM_BMS  (  461): Lookup rbatt=74.000000  adjusted rbatt=74.000000
D/VM_BMS  (  461): For ocv=4080635 batt_temp=255 soc=90
D/VM_BMS  (  461): FIFO=0 fifo_avg=3.796602 rbatt=0.124000 slope=0.200000 ibatt=2.290738 ocv=4.080636 soc=90 fcc_ah=2.200000 sample_count=9 sample_interval=70 seq_num=2252
I/VM_BMS  (  461): power_supply_update: ocv_uv=4080635 ibatt=2290738 soc=90 seq_num=2252
D/VM_BMS  (  461): End process_bms_data
D/VM_BMS  (  461): wake_lock released
D/BatteryMeterView( 2940): not on charging...
D/BatteryMeterView( 2940): not on charging...
D/BatteryMeterView( 2940): not on charging...
I/qdhwcomposer(  262): handle_blank_event: dpy:0 panel power state: 0
E/qdutils (  262): int qdutils::getHDMINode(): Failed to open fb node 1
E/qdutils (  262): int qdutils::getHDMINode(): Failed to open fb node 2
E/qdutils (  262): int qdutils::getHDMINode(): Failed to find HDMI node
V/WLAN_PSA(  314): NL MSG, len[4033], NL type[0x1C] WNI type[0x5900] len[43279]
V/WLAN_PSA(  314): NL MSG, PID: 314
D/VM_BMS  (  461): wake_lock acquired
D/VM_BMS  (  461): New BMS data - Size=56
D/VM_BMS  (  461): Start process_bms_data
D/VM_BMS  (  461): Battery charge_cycle=0 fcc_adjust=0 rbatt_adjust=0 cycle_changed=false
D/VM_BMS  (  461): For batt_temp=255 fcc_mah=2200
D/VM_BMS  (  461): Lookup fcc_mah=2200.000000  adjusted fcc_mah=2200.000000
D/VM_BMS  (  461): For ocv=4080635 batt_temp=255 soc=90
D/VM_BMS  (  461): fifo_count=0 acc_count=7
D/VM_BMS  (  461): INIT: ocv=4080635 last_ocv=4080635 batt_temp=255 soc=90
D/VM_BMS  (  461): For soc=90 batt_temp=255 slope=2000
D/VM_BMS  (  461): For soc=90 batt_temp=255 rbatt_sf=103
D/VM_BMS  (  461): rbatt_mohm_default=72, rbatt_mohm=74, sf=103 batt_temp=255
D/VM_BMS  (  461): Lookup rbatt=74.000000  adjusted rbatt=74.000000
D/VM_BMS  (  461): For ocv=4080607 batt_temp=255 soc=90
D/VM_BMS  (  461): FIFO=0 fifo_avg=3.797620 rbatt=0.124000 slope=0.200000 ibatt=2.282265 ocv=4.080607 soc=90 fcc_ah=2.200000 sample_count=7 sample_interval=70 seq_num=2253
I/VM_BMS  (  461): power_supply_update: ocv_uv=4080607 ibatt=2282265 soc=90 seq_num=2253
D/VM_BMS  (  461): End process_bms_data
D/VM_BMS  (  461): wake_lock released
D/BatteryMeterView( 2940): not on charging...
D/BatteryMeterView( 2940): not on charging...
D/BatteryMeterView( 2940): not on charging...
I/qdhwcomposer(  262): handle_blank_event: dpy:0 panel power state: 0
E/qdutils (  262): int qdutils::getHDMINode(): Failed to open fb node 1
E/qdutils (  262): int qdutils::getHDMINode(): Failed to open fb node 2
E/qdutils (  262): int qdutils::getHDMINode(): Failed to find HDMI node
D/VM_BMS  (  461): wake_lock acquired
D/VM_BMS  (  461): New BMS data - Size=56
D/VM_BMS  (  461): Start process_bms_data
D/VM_BMS  (  461): Battery charge_cycle=0 fcc_adjust=0 rbatt_adjust=0 cycle_changed=false
D/VM_BMS  (  461): For batt_temp=255 fcc_mah=2200
D/VM_BMS  (  461): Lookup fcc_mah=2200.000000  adjusted fcc_mah=2200.000000
D/VM_BMS  (  461): For ocv=4080607 batt_temp=255 soc=90
D/VM_BMS  (  461): fifo_count=0 acc_count=7
D/VM_BMS  (  461): INIT: ocv=4080607 last_ocv=4080607 batt_temp=255 soc=90
D/VM_BMS  (  461): For soc=90 batt_temp=255 slope=2000
D/VM_BMS  (  461): For soc=90 batt_temp=255 rbatt_sf=103
D/VM_BMS  (  461): rbatt_mohm_default=72, rbatt_mohm=74, sf=103 batt_temp=255
D/VM_BMS  (  461): Lookup rbatt=74.000000  adjusted rbatt=74.000000
D/VM_BMS  (  461): For ocv=4080578 batt_temp=255 soc=90
D/VM_BMS  (  461): FIFO=0 fifo_avg=3.797277 rbatt=0.124000 slope=0.200000 ibatt=2.284805 ocv=4.080579 soc=90 fcc_ah=2.200000 sample_count=7 sample_interval=70 seq_num=2254
I/VM_BMS  (  461): power_supply_update: ocv_uv=4080578 ibatt=2284805 soc=90 seq_num=2254
D/VM_BMS  (  461): End process_bms_data
D/VM_BMS  (  461): wake_lock released
D/BatteryMeterView( 2940): not on charging...
D/BatteryMeterView( 2940): not on charging...
D/BatteryMeterView( 2940): not on charging...
I/qdhwcomposer(  262): handle_blank_event: dpy:0 panel power state: 0
E/qdutils (  262): int qdutils::getHDMINode(): Failed to open fb node 1
E/qdutils (  262): int qdutils::getHDMINode(): Failed to open fb node 2
E/qdutils (  262): int qdutils::getHDMINode(): Failed to find HDMI node
D/VM_BMS  (  461): wake_lock acquired
D/VM_BMS  (  461): New BMS data - Size=56
D/VM_BMS  (  461): Start process_bms_data
D/VM_BMS  (  461): Battery charge_cycle=0 fcc_adjust=0 rbatt_adjust=0 cycle_changed=false
V/WLAN_PSA(  314): NL MSG, len[4092], NL type[0x1C] WNI type[0x5900] len[58383]
V/WLAN_PSA(  314): NL MSG, PID: 314
D/VM_BMS  (  461): For batt_temp=255 fcc_mah=2200
D/VM_BMS  (  461): Lookup fcc_mah=2200.000000  adjusted fcc_mah=2200.000000
D/VM_BMS  (  461): For ocv=4080578 batt_temp=255 soc=90
D/VM_BMS  (  461): fifo_count=0 acc_count=7
D/VM_BMS  (  461): INIT: ocv=4080578 last_ocv=4080578 batt_temp=255 soc=90
D/VM_BMS  (  461): For soc=90 batt_temp=255 slope=2000
D/VM_BMS  (  461): For soc=90 batt_temp=255 rbatt_sf=103
D/VM_BMS  (  461): rbatt_mohm_default=72, rbatt_mohm=74, sf=103 batt_temp=255
D/VM_BMS  (  461): Lookup rbatt=74.000000  adjusted rbatt=74.000000
D/VM_BMS  (  461): For ocv=4080549 batt_temp=255 soc=90
D/VM_BMS  (  461): FIFO=0 fifo_avg=3.796136 rbatt=0.124000 slope=0.200000 ibatt=2.293772 ocv=4.080549 soc=90 fcc_ah=2.200000 sample_count=7 sample_interval=70 seq_num=2255
I/VM_BMS  (  461): power_supply_update: ocv_uv=4080549 ibatt=2293772 soc=90 seq_num=2255
D/VM_BMS  (  461): End process_bms_data
D/VM_BMS  (  461): wake_lock released
D/BatteryMeterView( 2940): not on charging...
D/BatteryMeterView( 2940): not on charging...
D/BatteryMeterView( 2940): not on charging...
D/WindowManager(  775): interceptKeyTq keycode=26 interactive=false keyguardActive=true policyFlags=2000000
W/ContextImpl(  775): Calling a method in the system process without a qualified user: android.app.ContextImpl.sendBroadcast:1441 com.android.internal.policy.impl.PhoneWindowManager.interceptKeyBeforeQueueing:5372 com.android.server.wm.InputMonitor.interceptKeyBeforeQueueing:370 com.android.server.input.InputManagerService.interceptKeyBeforeQueueing:1476 <bottom of call stack> 
I/PowerManagerService(  775): Waking up from dozing (uid 1000)...
I/QCOM PowerHAL(  775): Got set_interactive hint
I/DisplayPowerController(  775): Blocking screen on until initial contents have been drawn.
I/WindowManager(  775): Screen turning on...
I/WindowManager(  775): Win Window{bff5d73 u0 android}: isVisibleOrBehindKeyguardLw=true
I/WindowManager(  775): Win Window{7989c4a u0 StatusBar}: isVisibleOrBehindKeyguardLw=true
I/WindowManager(  775): Win Window{1ea30909 u0 com.android.phasebeam.PhaseBeamWallpaper}: isVisibleOrBehindKeyguardLw=true
I/WindowManager(  775): Win Window{4293eee u0 com.interswitchng.interswitchpossdkdemo.telpo.v2.debug/com.interswitchng.smartpos.modules.menu.settings.TerminalSettingsActivity}: isVisibleOrBehindKeyguardLw=true
V/WindowManager(  775): Fullscreen window: Window{4293eee u0 com.interswitchng.interswitchpossdkdemo.telpo.v2.debug/com.interswitchng.smartpos.modules.menu.settings.TerminalSettingsActivity}
I/WindowManager(  775): force=false forcefkg=true top=Window{4293eee u0 com.interswitchng.interswitchpossdkdemo.telpo.v2.debug/com.interswitchng.smartpos.modules.menu.settings.TerminalSettingsActivity}
V/WindowManager(  775): Showing status bar: forced
V/WindowManager(  775): finishPostLayoutPolicyLw: mHideKeyguard=false
I/WindowManager(  775): Waking up...
V/KeyguardServiceDelegate(  775): onScreenTurnedOn(showListener = com.android.internal.policy.impl.PhoneWindowManager$2@19535049)
D/SurfaceFlinger(  262): Set power mode=2, type=0 flinger=0xb83255f8
D/qdhwcomposer(  262): hwc_setPowerMode: Setting mode 2 on display: 0
I/DisplayManagerService(  775): Display device changed: DisplayDeviceInfo{"Built-in Screen": uniqueId="local:0", 720 x 1280, 60.0 fps, supportedRefreshRates [60.0], density 320, 160.421 x 160.157 dpi, appVsyncOff 0, presDeadline 17666667, touch INTERNAL, rotation 0, type BUILT_IN, state ON, FLAG_DEFAULT_DISPLAY, FLAG_ROTATES_WITH_CONTENT, FLAG_SECURE, FLAG_SUPPORTS_PROTECTED_BUFFERS}
E/qdutils (  262): int qdutils::getHDMINode(): Failed to open fb node 1
E/qdutils (  262): int qdutils::getHDMINode(): Failed to open fb node 2
E/qdutils (  262): int qdutils::getHDMINode(): Failed to find HDMI node
V/ActivityManager(  775): Display changed displayId=0
E/WifiStateMachine(  775): cancelDelayedScan -> 147
D/wpa_supplicant(13327): wlan0: Control interface command 'SIGNAL_POLL'
V/SRS_Proc(  301): ParamSet string: screen_state=on
D/audio_hw_primary(  301): adev_set_parameters: enter: screen_state=on
D/audio_hw_extn(  301): audio_extn_set_anc_parameters: anc_enabled:0
E/audio_a2dp_hw(  301): adev_set_parameters: ERROR: set param called even when stream out is null
D/VTCallReceiver( 4443): Receive calling org.codeaurora.PowerKeyDown.Mute
D/VTCallReceiver( 4443): received silence ringer intent, to silence the ringer
D/VT/VideoCallApp( 4443): HandleMessage : 5017
D/VT/VideoCallApp( 4443): App still in idle state, handle message: 5017
D/VT/VideoCallApp( 4443): Error Scenario Exit
D/VT/VideoCallApp( 4443): closeCallScreen()...
E/native  (  775): do suspend false
D/wpa_supplicant(13327): wlan0: Control interface command 'DRIVER SETSUSPENDMODE 0'
V/WLAN_PSA(  314): NL MSG, len[048], NL type[0x11] WNI type[0x5050] len[028]
V/WLAN_PSA(  314): NL MSG, PID: 314
V/WLAN_PSA(  314): NL MSG, len[048], NL type[0x11] WNI type[0x5050] len[028]
V/WLAN_PSA(  314): NL MSG, PID: 314
V/WLAN_PSA(  314): NL MSG, len[048], NL type[0x11] WNI type[0x5050] len[028]
V/WLAN_PSA(  314): NL MSG, PID: 314
V/WLAN_PSA(  314): NL MSG, len[4079], NL type[0x1C] WNI type[0x5900] len[55055]
V/WLAN_PSA(  314): NL MSG, PID: 314
I/WindowManager(  775): Win Window{bff5d73 u0 android}: isVisibleOrBehindKeyguardLw=true
I/WindowManager(  775): Win Window{7989c4a u0 StatusBar}: isVisibleOrBehindKeyguardLw=true
I/WindowManager(  775): Win Window{1ea30909 u0 com.android.phasebeam.PhaseBeamWallpaper}: isVisibleOrBehindKeyguardLw=true
