I/telpo_native(  775): handle_emv_serial_read_write_cmd: receive data length is 20
I/telpo_native(  775): 0b
I/telpo_native(  775): b0
I/telpo_native(  775): 96
I/telpo_native(  775): 69
I/telpo_native(  775): 04
I/telpo_native(  775): 00
I/telpo_native(  775): 00
I/telpo_native(  775): 00
I/telpo_native(  775): de
I/telpo_native(  775): 00
I/telpo_native(  775): 04
I/telpo_native(  775): 01
I/telpo_native(  775): 00
I/telpo_native(  775): 00
I/telpo_native(  775): 00
I/telpo_native(  775): 00
I/telpo_native(  775): 00
I/telpo_native(  775): 00
I/telpo_native(  775): 00
I/telpo_native(  775): 00
I/telpo_native(  775): 
D/telpo_native(22293): CallIntMethod return ret = 0 length = 20
E/WifiStateMachine(  775): WifiStateMachine CMD_START_SCAN source -2 txSuccessRate=309.28 rxSuccessRate=242.48 targetRoamBSSID=any RSSI=-50
D/telpo_native(  775): usb_printer_write data start!
D/telpo_native(  775): usb_printer_write start!
E/telpo_native(  775): ret = 25
D/telpo_native(  775): handle_emv_serial_read_write_cmd: usb write length = 25
E/telpo_native(  775): serial_read:start read
E/telpo_native(  775): serial_read:serial_read read_size = 0
D/telpo_native(  775): handle_emv_serial_read_write_cmd: usb_printer_read length = 20
I/telpo_native(  775): 0b
I/telpo_native(  775): b0
I/telpo_native(  775): 96
I/telpo_native(  775): 69
I/telpo_native(  775): 04
I/telpo_native(  775): 00
I/telpo_native(  775): 00
I/telpo_native(  775): 00
I/telpo_native(  775): df
I/telpo_native(  775): 00
I/telpo_native(  775): 04
I/telpo_native(  775): 01
I/telpo_native(  775): 00
I/telpo_native(  775): 00
I/telpo_native(  775): 00
I/telpo_native(  775): 00
I/telpo_native(  775): 00
I/telpo_native(  775): 00
I/telpo_native(  775): 00
I/telpo_native(  775): 00
I/telpo_native(  775): 
D/telpo_native(  775): handle_emv_serial_read_write_cmd: parse successfully!
I/telpo_native(  775): handle_emv_serial_read_write_cmd: receive data length is 20
I/telpo_native(  775): 0b
I/telpo_native(  775): b0
I/telpo_native(  775): 96
I/telpo_native(  775): 69
I/telpo_native(  775): 04
I/telpo_native(  775): 00
I/telpo_native(  775): 00
I/telpo_native(  775): 00
I/telpo_native(  775): df
I/telpo_native(  775): 00
I/telpo_native(  775): 04
I/telpo_native(  775): 01
I/telpo_native(  775): 00
I/telpo_native(  775): 00
I/telpo_native(  775): 00
I/telpo_native(  775): 00
I/telpo_native(  775): 00
I/telpo_native(  775): 00
I/telpo_native(  775): 00
I/telpo_native(  775): 00
I/telpo_native(  775): 
D/telpo_native(22293): CallIntMethod return ret = 0 length = 20
D/BatteryMeterView( 2940): not on charging...
D/BatteryMeterView( 2940): not on charging...
D/BatteryMeterView( 2940): not on charging...
D/BatteryMeterView( 2940): onDraw level = 13
D/BatteryMeterView( 2940): onDraw level = 13
I/SurfaceFlinger(  262): FPS: 3
D/telpo_native(  775): usb_printer_write data start!
D/telpo_native(  775): usb_printer_write start!
E/telpo_native(  775): ret = 25
D/telpo_native(  775): handle_emv_serial_read_write_cmd: usb write length = 25
E/telpo_native(  775): serial_read:start read
E/telpo_native(  775): serial_read:serial_read read_size = 0
D/telpo_native(  775): handle_emv_serial_read_write_cmd: usb_printer_read length = 20
I/telpo_native(  775): 0b
I/telpo_native(  775): b0
I/telpo_native(  775): 96
I/telpo_native(  775): 69
I/telpo_native(  775): 04
I/telpo_native(  775): 00
I/telpo_native(  775): 00
I/telpo_native(  775): 00
I/telpo_native(  775): e0
I/telpo_native(  775): 00
I/telpo_native(  775): 04
I/telpo_native(  775): 01
I/telpo_native(  775): 00
I/telpo_native(  775): 00
I/telpo_native(  775): 00
I/telpo_native(  775): 00
I/telpo_native(  775): 00
I/telpo_native(  775): 00
I/telpo_native(  775): 00
I/telpo_native(  775): 00
I/telpo_native(  775): 
D/telpo_native(  775): handle_emv_serial_read_write_cmd: parse successfully!
I/telpo_native(  775): handle_emv_serial_read_write_cmd: receive data length is 20
I/telpo_native(  775): 0b
I/telpo_native(  775): b0
I/telpo_native(  775): 96
I/telpo_native(  775): 69
I/telpo_native(  775): 04
I/telpo_native(  775): 00
I/telpo_native(  775): 00
I/telpo_native(  775): 00
I/telpo_native(  775): e0
I/telpo_native(  775): 00
I/telpo_native(  775): 04
I/telpo_native(  775): 01
I/telpo_native(  775): 00
I/telpo_native(  775): 00
I/telpo_native(  775): 00
I/telpo_native(  775): 00
I/telpo_native(  775): 00
I/telpo_native(  775): 00
I/telpo_native(  775): 00
I/telpo_native(  775): 00
I/telpo_native(  775): 
D/telpo_native(22293): CallIntMethod return ret = 0 length = 20
I/System.out(22293): Called responseCode ----> 00
E/Reciept Fragment(22293): 00
E/Display Utils(22293): 1
E/Reciept fragment(22293):  0.01
D/WindowManager(  775): interceptKeyTq keycode=4 interactive=true keyguardActive=false policyFlags=22000000
D/WindowManager(  775): interceptKeyTi keyCode=4 down=true repeatCount=0 keyguardOn=false mHomePressed=false canceled=false
D/WindowManager(  775): intercept Dispatching isAlarmBoot = null
I/WindowManager(  775): Enter in the KEYCODE_BACK
D/Telpo EMV Card Reader Implementation(22293): cardPin-pinData from getTransactionInfo outside the let null
E/EMV_LIB (22293): <<< emv tlv tag Get [0x57] >>> [17]
E/EMV_LIB (22293): 51 99 11 07 54 30 94 55 D2 21 12 21 00 01 97 86 8F 
D/Telpo EMV Card Reader Implementation(22293): cardPin from getTransactionInfo 
E/EMV_LIB (22293): <<< emv tlv tag Get [0x9F02] >>> [6]
E/EMV_LIB (22293): 00 00 00 00 00 01 
E/EMV_LIB (22293): <<< emv tlv tag Get [0x9F03] >>> [6]
E/EMV_LIB (22293): 00 00 00 00 00 00 
E/EMV_LIB (22293): <<< emv tlv tag Get [0x82] >>> [2]
E/EMV_LIB (22293): 39 00 
E/EMV_LIB (22293): <<< emv tlv tag Get [0x9F36] >>> [2]
E/EMV_LIB (22293): 06 AD 
E/EMV_LIB (22293): <<< emv tlv tag Get [0x9F27] >>> [1]
E/EMV_LIB (22293): 40 
E/EMV_LIB (22293): <<< emv tlv tag Get [0x9F26] >>> [8]
E/EMV_LIB (22293): 1C 03 B0 2F 8D A2 20 BB 
E/EMV_LIB (22293): <<< emv tlv tag Get [0x9F34] >>> [3]
E/EMV_LIB (22293): 41 03 02 
E/EMV_LIB (22293): <<< emv tlv tag Get [0x9F10] >>> [18]
E/EMV_LIB (22293): 01 10 65 00 03 02 00 00 00 00 00 00 00 00 00 00 00 FF 
E/EMV_LIB (22293): <<< emv tlv tag Get [0x95] >>> [5]
E/EMV_LIB (22293): 04 80 00 00 00 
E/EMV_LIB (22293): <<< emv tlv tag Get [0x5F2A] >>> [2]
E/EMV_LIB (22293): 05 66 
E/EMV_LIB (22293): <<< emv tlv tag Get [0x5F2A] >>> [2]
E/EMV_LIB (22293): 05 66 
E/EMV_LIB (22293): <<< emv tlv tag Get [0x9F35] >>> [1]
E/EMV_LIB (22293): 22 
E/EMV_LIB (22293): <<< emv tlv tag Get [0x9F33] >>> [3]
E/EMV_LIB (22293): E0 F0 C8 
E/EMV_LIB (22293): <<< emv tlv tag Get [0x9A] >>> [3]
E/EMV_LIB (22293): 20 06 03 
E/EMV_LIB (22293): <<< emv tlv tag Get [0x9C] >>> [1]
E/EMV_LIB (22293): 00 
E/EMV_LIB (22293): <<< emv tlv tag Get [0x9F37] >>> [4]
E/EMV_LIB (22293): B1 98 6F 0C 
E/EMV_LIB (22293): <<< emv tlv tag Get [0x9F26] >>> [8]
E/EMV_LIB (22293): 1C 03 B0 2F 8D A2 20 BB 
E/EMV_LIB (22293): <<< emv tlv tag Get [0x9F27] >>> [1]
E/EMV_LIB (22293): 40 
E/EMV_LIB (22293): <<< emv tlv tag Get [0x9F10] >>> [18]
E/EMV_LIB (22293): 01 10 65 00 03 02 00 00 00 00 00 00 00 00 00 00 00 FF 
E/EMV_LIB (22293): <<< emv tlv tag Get [0x9F37] >>> [4]
E/EMV_LIB (22293): B1 98 6F 0C 
E/EMV_LIB (22293): <<< emv tlv tag Get [0x9F36] >>> [2]
E/EMV_LIB (22293): 06 AD 
E/EMV_LIB (22293): <<< emv tlv tag Get [0x95] >>> [5]
E/EMV_LIB (22293): 04 80 00 00 00 
E/EMV_LIB (22293): <<< emv tlv tag Get [0x9A] >>> [3]
E/EMV_LIB (22293): 20 06 03 
E/EMV_LIB (22293): <<< emv tlv tag Get [0x9C] >>> [1]
E/EMV_LIB (22293): 00 
E/EMV_LIB (22293): <<< emv tlv tag Get [0x9F02] >>> [6]
E/EMV_LIB (22293): 00 00 00 00 00 01 
E/EMV_LIB (22293): <<< emv tlv tag Get [0x5F2A] >>> [2]
E/EMV_LIB (22293): 05 66 
E/EMV_LIB (22293): <<< emv tlv tag Get [0x82] >>> [2]
E/EMV_LIB (22293): 39 00 
E/EMV_LIB (22293): <<< emv tlv tag Get [0x9F1A] >>> [2]
E/EMV_LIB (22293): 05 66 
E/EMV_LIB (22293): <<< emv tlv tag Get [0x9F34] >>> [3]
E/EMV_LIB (22293): 41 03 02 
E/EMV_LIB (22293): <<< emv tlv tag Get [0x9F33] >>> [3]
E/EMV_LIB (22293): E0 F0 C8 
E/EMV_LIB (22293): <<< emv tlv tag Get [0x9F35] >>> [1]
E/EMV_LIB (22293): 22 
E/EMV_LIB (22293): <<< emv tlv tag Get [0x84] >>> [7]
E/EMV_LIB (22293): A0 00 00 00 04 10 10 
E/EMV_LIB (22293): <<< emv tlv tag Get [0x9F09] >>> [2]
E/EMV_LIB (22293): 00 20 
E/EMV_LIB (22293): <<< emv tlv tag Get [0x9F03] >>> [6]
E/EMV_LIB (22293): 00 00 00 00 00 00 
E/EMV_LIB (22293): <<< emv tlv tag Get [0x5F34] >>> [1]
E/EMV_LIB (22293): 00 
E/EMV_LIB (22293): <<< emv tlv tag Get [0x9F09] >>> [2]
E/EMV_LIB (22293): 00 20 
E/EMV_LIB (22293): <<< emv tlv tag Get [0x9F06] >>> [7]
E/EMV_LIB (22293): A0 00 00 00 04 10 10 
E/EMV_LIB (22293): <<< emv tlv tag Get [0x5F34] >>> [1]
E/EMV_LIB (22293): 00 
I/Choreographer(22293): Skipped 70 frames!  The application may be doing too much work on its main thread.
I/ViewRootImpl(22293): CPU Rendering VSync enable = true
D/amount kimono(22293): 1
E/purchaserequest(22293): 000000000001
D/OkHttp  (22293): --> POST https://kimono.interswitchng.com/kmw/kimonoservice http/1.1
D/OkHttp  (22293): Content-Type: text/xml
D/OkHttp  (22293): Content-Length: 1830
D/OkHttp  (22293): Accept: application/xml
D/OkHttp  (22293): Accept-Charset: utf-8
D/OkHttp  (22293): <?xml version="1.0" encoding="UTF-8" ?><purchaseRequest>
D/OkHttp  (22293):            <terminalInformation><batteryInformation>-1</batteryInformation> <currencyCode>566</currencyCode><languageInfo>EN</languageInfo><merchantId>2ISW1234567TEST</merchantId><merhcantLocation>1648C Oko-Awo Street,    Victoria Island</merhcantLocation> <posConditionCode>00</posConditionCode> <posDataCode>511101511344101</posDataCode> <posEntryMode>051</posEntryMode> <posGeoCode>00234000000000566</posGeoCode> <printerStatus>1</printerStatus><terminalId>2ISW0001</terminalId> <terminalType>TELPO</terminalType> <transmissionDate>2020-06-155T17:31:36</transmissionDate> <uniqueId></uniqueId></terminalInformation><cardData><cardSequenceNumber>000</cardSequenceNumber> <track2><pan>5199110754309455</pan> <expiryMonth>11</expiryMonth> <expiryYear>22</expiryYear> <track2>5199110754309455D2211221000197868F</track2></track2><emvData><AmountAuthorized>000000000001</AmountAuthorized> <AmountOther>000000000000</AmountOther> <ApplicationInterchangeProfile>3900</ApplicationInterchangeProfile> <atc>06AD</atc><Cryptogram>1C03B02F8DA220BB</Cryptogram> <CryptogramInformationData>40</CryptogramInformationData> <CvmResults>410302</CvmResults><iad>0110650003020000000000000000000000FF</iad> <TransactionCurrencyCode>566</TransactionCurrencyCode> <TerminalVerificationResult>0480000000</TerminalVerificationResult> <TerminalCountryCode>566</TerminalCountryCode> <TerminalType>22</TerminalType> <TerminalCapabilities>E0F0C8</TerminalCapabilities> <TransactionDate>200603</TransactionDate> <TransactionType>00</TransactionType> <UnpredictableNumber>B1986F0C</UnpredictableNumber> <DedicatedFileName></DedicatedFileName></emvData></cardData><fromAccount>Current</fromAccount> <stan>000011</stan> <minorAmount>1</minorAmount>  <keyLabel>000002</keyLabel></purchaseRequest>
D/OkHttp  (22293):         
D/OkHttp  (22293): --> END POST (1830-byte body)
I/WindowManager(  775): mDock rect: (0,0 - 720,1280)
V/WindowManager(  775): Status bar: dock=[0,50][720,1280] content=[0,50][720,1280] cur=[0,50][720,1280]
V/WindowManager(  775): layoutWindowLw(): normal window
V/WindowManager(  775): Compute frame : sim=#20 attach=null type=2015 flags=0x01000018 pf=[0,50][720,1280] df=[0,50][720,1280] of=[0,50][720,1280] cf=[0,50][720,1280] vf=[0,50][720,1280] dcf=[0,0][720,1280] sf=[0,50][720,1280]
V/WindowManager(  775): layoutWindowLw(Toast): normal window
V/WindowManager(  775): Compute frame Toast: sim=#20 attach=null type=2005 flags=0x01000098 pf=[0,50][720,1280] df=[0,50][720,1280] of=[0,50][720,1280] cf=[0,50][720,1280] vf=[0,50][720,1280] dcf=[0,0][720,1280] sf=[0,50][720,1280]
V/WindowManager(  775): layoutWindowLw(com.interswitchng.interswitchpossdkdemo.telpo.v2.debug/com.interswitchng.smartpos.modules.main.MainActivity): IN_SCREEN, INSET_DECOR
V/WindowManager(  775): Compute frame com.interswitchng.interswitchpossdkdemo.telpo.v2.debug/com.interswitchng.smartpos.modules.main.MainActivity: sim=#20 attach=null type=1 flags=0x81810100 pf=[0,0][720,1280] df=[0,0][720,1280] of=[0,0][720,1280] cf=[0,50][720,1280] vf=[0,50][720,1280] dcf=[0,0][720,1280] sf=[0,50][720,1280]
I/WindowManager(  775): Win Window{bff5d73 u0 android}: isVisibleOrBehindKeyguardLw=true
I/WindowManager(  775): Win Window{7989c4a u0 StatusBar}: isVisibleOrBehindKeyguardLw=true
I/WindowManager(  775): Win Window{2ef9151a u0 Toast}: isVisibleOrBehindKeyguardLw=true
I/WindowManager(  775): Win Window{313e19d6 u0 com.interswitchng.interswitchpossdkdemo.telpo.v2.debug/com.interswitchng.smartpos.modules.main.MainActivity}: isVisibleOrBehindKeyguardLw=true
V/WindowManager(  775): Fullscreen window: Window{313e19d6 u0 com.interswitchng.interswitchpossdkdemo.telpo.v2.debug/com.interswitchng.smartpos.modules.main.MainActivity}
I/WindowManager(  775): Win Window{1ea30909 u0 com.android.phasebeam.PhaseBeamWallpaper}: isVisibleOrBehindKeyguardLw=false
I/WindowManager(  775): force=false forcefkg=false top=Window{313e19d6 u0 com.interswitchng.interswitchpossdkdemo.telpo.v2.debug/com.interswitchng.smartpos.modules.main.MainActivity}
D/WindowManager(  775): frame: Rect(0, 0 - 720, 1280) shown frame: RectF(0.0, 0.0, 720.0, 1280.0)
D/WindowManager(  775): attr: WM.LayoutParams{(0,0)(fillxfill) sim=#20 ty=1 fl=#81810100 wanim=0x1030467 vsysui=0x600 surfaceInsets=Rect(0, 0 - 0, 0) needsMenuKey=2} lp.flags=0x81810100
V/WindowManager(  775): ** SHOWING status bar: top is not fullscreen
V/WindowManager(  775): finishPostLayoutPolicyLw: mHideKeyguard=false
D/WindowManager(  775): interceptKeyTq keycode=4 interactive=true keyguardActive=false policyFlags=22000000
D/WindowManager(  775): interceptKeyTi keyCode=4 down=false repeatCount=0 keyguardOn=false mHomePressed=false canceled=false
D/WindowManager(  775): intercept Dispatching isAlarmBoot = null
I/WindowManager(  775): Enter in the KEYCODE_BACK
I/WindowManager(  775): mDock rect: (0,0 - 720,1280)
V/WindowManager(  775): Status bar: dock=[0,50][720,1280] content=[0,50][720,1280] cur=[0,50][720,1280]
V/WindowManager(  775): layoutWindowLw(): normal window
V/WindowManager(  775): Compute frame : sim=#20 attach=null type=2015 flags=0x01000018 pf=[0,50][720,1280] df=[0,50][720,1280] of=[0,50][720,1280] cf=[0,50][720,1280] vf=[0,50][720,1280] dcf=[0,0][720,1280] sf=[0,50][720,1280]
V/WindowManager(  775): layoutWindowLw(Toast): normal window
V/WindowManager(  775): Compute frame Toast: sim=#20 attach=null type=2005 flags=0x01000098 pf=[0,50][720,1280] df=[0,50][720,1280] of=[0,50][720,1280] cf=[0,50][720,1280] vf=[0,50][720,1280] dcf=[0,0][720,1280] sf=[0,50][720,1280]
V/WindowManager(  775): layoutWindowLw(com.interswitchng.interswitchpossdkdemo.telpo.v2.debug/com.interswitchng.smartpos.modules.main.MainActivity): IN_SCREEN, INSET_DECOR
V/WindowManager(  775): Compute frame com.interswitchng.interswitchpossdkdemo.telpo.v2.debug/com.interswitchng.smartpos.modules.main.MainActivity: sim=#20 attach=null type=1 flags=0x81810100 pf=[0,0][720,1280] df=[0,0][720,1280] of=[0,0][720,1280] cf=[0,50][720,1280] vf=[0,50][720,1280] dcf=[0,0][720,1280] sf=[0,50][720,1280]
I/WindowManager(  775): Win Window{bff5d73 u0 android}: isVisibleOrBehindKeyguardLw=true
I/WindowManager(  775): Win Window{7989c4a u0 StatusBar}: isVisibleOrBehindKeyguardLw=true
I/WindowManager(  775): Win Window{2ef9151a u0 Toast}: isVisibleOrBehindKeyguardLw=true
I/WindowManager(  775): Win Window{313e19d6 u0 com.interswitchng.interswitchpossdkdemo.telpo.v2.debug/com.interswitchng.smartpos.modules.main.MainActivity}: isVisibleOrBehindKeyguardLw=true
V/WindowManager(  775): Fullscreen window: Window{313e19d6 u0 com.interswitchng.interswitchpossdkdemo.telpo.v2.debug/com.interswitchng.smartpos.modules.main.MainActivity}
I/WindowManager(  775): Win Window{1ea30909 u0 com.android.phasebeam.PhaseBeamWallpaper}: isVisibleOrBehindKeyguardLw=false
I/WindowManager(  775): force=false forcefkg=false top=Window{313e19d6 u0 com.interswitchng.interswitchpossdkdemo.telpo.v2.debug/com.interswitchng.smartpos.modules.main.MainActivity}
D/WindowManager(  775): frame: Rect(0, 0 - 720, 1280) shown frame: RectF(0.0, 0.0, 720.0, 1280.0)
D/WindowManager(  775): attr: WM.LayoutParams{(0,0)(fillxfill) sim=#20 ty=1 fl=#81810100 wanim=0x1030467 vsysui=0x600 surfaceInsets=Rect(0, 0 - 0, 0) needsMenuKey=2} lp.flags=0x81810100
V/WindowManager(  775): ** SHOWING status bar: top is not fullscreen
V/WindowManager(  775): finishPostLayoutPolicyLw: mHideKeyguard=false
D/wpa_supplicant(17726): wlan0: Control interface command 'SIGNAL_POLL'
I/WindowManager(  775): mDock rect: (0,0 - 720,1280)
V/WindowManager(  775): Status bar: dock=[0,50][720,1280] content=[0,50][720,1280] cur=[0,50][720,1280]
V/WindowManager(  775): layoutWindowLw(): normal window
V/WindowManager(  775): Compute frame : sim=#20 attach=null type=2015 flags=0x01000018 pf=[0,50][720,1280] df=[0,50][720,1280] of=[0,50][720,1280] cf=[0,50][720,1280] vf=[0,50][720,1280] dcf=[0,0][720,1280] sf=[0,50][720,1280]
V/WindowManager(  775): layoutWindowLw(Toast): normal window
V/WindowManager(  775): Compute frame Toast: sim=#20 attach=null type=2005 flags=0x01000098 pf=[0,50][720,1280] df=[0,50][720,1280] of=[0,50][720,1280] cf=[0,50][720,1280] vf=[0,50][720,1280] dcf=[0,0][720,1280] sf=[0,50][720,1280]
V/WindowManager(  775): layoutWindowLw(com.interswitchng.interswitchpossdkdemo.telpo.v2.debug/com.interswitchng.smartpos.modules.main.MainActivity): IN_SCREEN, INSET_DECOR
V/WindowManager(  775): Compute frame com.interswitchng.interswitchpossdkdemo.telpo.v2.debug/com.interswitchng.smartpos.modules.main.MainActivity: sim=#20 attach=null type=1 flags=0x81810100 pf=[0,0][720,1280] df=[0,0][720,1280] of=[0,0][720,1280] cf=[0,50][720,1280] vf=[0,50][720,1280] dcf=[0,0][720,1280] sf=[0,50][720,1280]
I/WindowManager(  775): Win Window{bff5d73 u0 android}: isVisibleOrBehindKeyguardLw=true
I/WindowManager(  775): Win Window{7989c4a u0 StatusBar}: isVisibleOrBehindKeyguardLw=true
I/WindowManager(  775): Win Window{2ef9151a u0 Toast}: isVisibleOrBehindKeyguardLw=true
I/WindowManager(  775): Win Window{313e19d6 u0 com.interswitchng.interswitchpossdkdemo.telpo.v2.debug/com.interswitchng.smartpos.modules.main.MainActivity}: isVisibleOrBehindKeyguardLw=true
V/WindowManager(  775): Fullscreen window: Window{313e19d6 u0 com.interswitchng.interswitchpossdkdemo.telpo.v2.debug/com.interswitchng.smartpos.modules.main.MainActivity}
I/WindowManager(  775): Win Window{1ea30909 u0 com.android.phasebeam.PhaseBeamWallpaper}: isVisibleOrBehindKeyguardLw=false
I/WindowManager(  775): force=false forcefkg=false top=Window{313e19d6 u0 com.interswitchng.interswitchpossdkdemo.telpo.v2.debug/com.interswitchng.smartpos.modules.main.MainActivity}
D/WindowManager(  775): frame: Rect(0, 0 - 720, 1280) shown frame: RectF(0.0, 0.0, 720.0, 1280.0)
D/WindowManager(  775): attr: WM.LayoutParams{(0,0)(fillxfill) sim=#20 ty=1 fl=#81810100 wanim=0x1030467 vsysui=0x600 surfaceInsets=Rect(0, 0 - 0, 0) needsMenuKey=2} lp.flags=0x81810100
V/WindowManager(  775): ** SHOWING status bar: top is not fullscreen
V/WindowManager(  775): finishPostLayoutPolicyLw: mHideKeyguard=false
I/WindowManager(  775): Win Window{bff5d73 u0 android}: isVisibleOrBehindKeyguardLw=true
I/WindowManager(  775): Win Window{7989c4a u0 StatusBar}: isVisibleOrBehindKeyguardLw=true
I/WindowManager(  775): Win Window{2ef9151a u0 Toast}: isVisibleOrBehindKeyguardLw=true
I/WindowManager(  775): Win Window{313e19d6 u0 com.interswitchng.interswitchpossdkdemo.telpo.v2.debug/com.interswitchng.smartpos.modules.main.MainActivity}: isVisibleOrBehindKeyguardLw=true
V/WindowManager(  775): Fullscreen window: Window{313e19d6 u0 com.interswitchng.interswitchpossdkdemo.telpo.v2.debug/com.interswitchng.smartpos.modules.main.MainActivity}
I/WindowManager(  775): Win Window{1ea30909 u0 com.android.phasebeam.PhaseBeamWallpaper}: isVisibleOrBehindKeyguardLw=false
I/WindowManager(  775): force=false forcefkg=false top=Window{313e19d6 u0 com.interswitchng.interswitchpossdkdemo.telpo.v2.debug/com.interswitchng.smartpos.modules.main.MainActivity}
D/WindowManager(  775): frame: Rect(0, 0 - 720, 1280) shown frame: RectF(0.0, 0.0, 720.0, 1280.0)
D/WindowManager(  775): attr: WM.LayoutParams{(0,0)(fillxfill) sim=#20 ty=1 fl=#81810100 wanim=0x1030467 vsysui=0x600 surfaceInsets=Rect(0, 0 - 0, 0) needsMenuKey=2} lp.flags=0x81810100
V/WindowManager(  775): ** SHOWING status bar: top is not fullscreen
V/WindowManager(  775): finishPostLayoutPolicyLw: mHideKeyguard=false
V/WLAN_PSA(  314): NL MSG, len[4041], NL type[0x1C] WNI type[0x5900] len[45327]
V/WLAN_PSA(  314): NL MSG, PID: 314
D/telpo_native(  775): usb_printer_write data start!
D/telpo_native(  775): usb_printer_write start!
E/telpo_native(  775): ret = 25
D/telpo_native(  775): handle_emv_serial_read_write_cmd: usb write length = 25
E/telpo_native(  775): serial_read:start read
E/telpo_native(  775): serial_read:serial_read read_size = 0
D/telpo_native(  775): handle_emv_serial_read_write_cmd: usb_printer_read length = 20
I/telpo_native(  775): 0b
I/telpo_native(  775): b0
I/telpo_native(  775): 96
I/telpo_native(  775): 69
I/telpo_native(  775): 04
I/telpo_native(  775): 00
I/telpo_native(  775): 00
I/telpo_native(  775): 00
I/telpo_native(  775): e1
I/telpo_native(  775): 00
I/telpo_native(  775): 04
I/telpo_native(  775): 01
I/telpo_native(  775): 00
I/telpo_native(  775): 00
I/telpo_native(  775): 00
I/telpo_native(  775): 00
I/telpo_native(  775): 00
I/telpo_native(  775): 00
I/telpo_native(  775): 00
I/telpo_native(  775): 00
I/telpo_native(  775): 
D/telpo_native(  775): handle_emv_serial_read_write_cmd: parse successfully!
I/telpo_native(  775): handle_emv_serial_read_write_cmd: receive data length is 20
I/telpo_native(  775): 0b
I/telpo_native(  775): b0
I/telpo_native(  775): 96
I/telpo_native(  775): 69
I/telpo_native(  775): 04
I/telpo_native(  775): 00
I/telpo_native(  775): 00
I/telpo_native(  775): 00
I/telpo_native(  775): e1
I/telpo_native(  775): 00
I/telpo_native(  775): 04
I/telpo_native(  775): 01
I/telpo_native(  775): 00
I/telpo_native(  775): 00
I/telpo_native(  775): 00
I/telpo_native(  775): 00
I/telpo_native(  775): 00
I/telpo_native(  775): 00
I/telpo_native(  775): 00
I/telpo_native(  775): 00
I/telpo_native(  775): 
D/telpo_native(22293): CallIntMethod return ret = 0 length = 20
I/SurfaceFlinger(  262): FPS: 37
I/WindowManager(  775): Win Window{bff5d73 u0 android}: isVisibleOrBehindKeyguardLw=true
I/WindowManager(  775): Win Window{7989c4a u0 StatusBar}: isVisibleOrBehindKeyguardLw=true
I/WindowManager(  775): Win Window{2ef9151a u0 Toast}: isVisibleOrBehindKeyguardLw=true
I/WindowManager(  775): Win Window{313e19d6 u0 com.interswitchng.interswitchpossdkdemo.telpo.v2.debug/com.interswitchng.smartpos.modules.main.MainActivity}: isVisibleOrBehindKeyguardLw=true
V/WindowManager(  775): Fullscreen window: Window{313e19d6 u0 com.interswitchng.interswitchpossdkdemo.telpo.v2.debug/com.interswitchng.smartpos.modules.main.MainActivity}
I/WindowManager(  775): Win Window{1ea30909 u0 com.android.phasebeam.PhaseBeamWallpaper}: isVisibleOrBehindKeyguardLw=false
I/WindowManager(  775): force=false forcefkg=false top=Window{313e19d6 u0 com.interswitchng.interswitchpossdkdemo.telpo.v2.debug/com.interswitchng.smartpos.modules.main.MainActivity}
D/WindowManager(  775): frame: Rect(0, 0 - 720, 1280) shown frame: RectF(0.0, 0.0, 720.0, 1280.0)
D/WindowManager(  775): attr: WM.LayoutParams{(0,0)(fillxfill) sim=#20 ty=1 fl=#81810100 wanim=0x1030467 vsysui=0x600 surfaceInsets=Rect(0, 0 - 0, 0) needsMenuKey=2} lp.flags=0x81810100
V/WindowManager(  775): ** SHOWING status bar: top is not fullscreen
V/WindowManager(  775): finishPostLayoutPolicyLw: mHideKeyguard=false
D/BatteryMeterView( 2940): not on charging...
D/BatteryMeterView( 2940): not on charging...
D/BatteryMeterView( 2940): not on charging...
D/BatteryMeterView( 2940): onDraw level = 13
D/BatteryMeterView( 2940): onDraw level = 13
D/telpo_native(  775): usb_printer_write data start!
D/telpo_native(  775): usb_printer_write start!
E/telpo_native(  775): ret = 25
D/telpo_native(  775): handle_emv_serial_read_write_cmd: usb write length = 25
E/telpo_native(  775): serial_read:start read
E/telpo_native(  775): serial_read:serial_read read_size = 0
D/telpo_native(  775): handle_emv_serial_read_write_cmd: usb_printer_read length = 20
I/telpo_native(  775): 0b
I/telpo_native(  775): b0
I/telpo_native(  775): 96
I/telpo_native(  775): 69
I/telpo_native(  775): 04
I/telpo_native(  775): 00
I/telpo_native(  775): 00
I/telpo_native(  775): 00
I/telpo_native(  775): e2
I/telpo_native(  775): 00
I/telpo_native(  775): 04
I/telpo_native(  775): 01
I/telpo_native(  775): 00
I/telpo_native(  775): 00
I/telpo_native(  775): 00
I/telpo_native(  775): 00
I/telpo_native(  775): 00
I/telpo_native(  775): 00
I/telpo_native(  775): 00
I/telpo_native(  775): 00
I/telpo_native(  775): 
D/telpo_native(  775): handle_emv_serial_read_write_cmd: parse successfully!
I/telpo_native(  775): handle_emv_serial_read_write_cmd: receive data length is 20
I/telpo_native(  775): 0b
I/telpo_native(  775): b0
I/telpo_native(  775): 96
I/telpo_native(  775): 69
I/telpo_native(  775): 04
I/telpo_native(  775): 00
I/telpo_native(  775): 00
I/telpo_native(  775): 00
I/telpo_native(  775): e2
I/telpo_native(  775): 00
I/telpo_native(  775): 04
I/telpo_native(  775): 01
I/telpo_native(  775): 00
I/telpo_native(  775): 00
I/telpo_native(  775): 00
I/telpo_native(  775): 00
I/telpo_native(  775): 00
I/telpo_native(  775): 00
I/telpo_native(  775): 00
I/telpo_native(  775): 00
I/telpo_native(  775): 
D/telpo_native(22293): CallIntMethod return ret = 0 length = 20
D/WindowManager(  775): interceptKeyTq keycode=187 interactive=true keyguardActive=false policyFlags=22000000
D/WindowManager(  775): interceptKeyTi keyCode=187 down=true repeatCount=0 keyguardOn=false mHomePressed=false canceled=false
D/WindowManager(  775): intercept Dispatching isAlarmBoot = null
I/WindowManager(  775): Enter in the KEYCODE_APP_SWITCH==============
I/System.out(22293): Called responseCode ----> 00
E/Reciept Fragment(22293): 00
E/Display Utils(22293): 1
E/Reciept fragment(22293):  0.01
D/WindowManager(  775): interceptKeyTq keycode=187 interactive=true keyguardActive=false policyFlags=22000000
D/WindowManager(  775): interceptKeyTi keyCode=187 down=false repeatCount=0 keyguardOn=false mHomePressed=false canceled=false
D/WindowManager(  775): intercept Dispatching isAlarmBoot = null
I/WindowManager(  775): Enter in the KEYCODE_APP_SWITCH==============
I/Choreographer(22293): Skipped 75 frames!  The application may be doing too much work on its main thread.
W/ResourceType( 2940): No package identifier when getting value for resource number 0x00000000
W/PackageManager( 2940): Failure retrieving resources for com.interswitchng.interswitchpossdkdemo.telpo.v2.debug: Resource ID #0x0
I/ActivityManager(  775): START u0 {act=com.android.systemui.recents.SHOW_RECENTS flg=0x10804000 cmp=com.android.systemui/.recents.RecentsActivity} from uid 10011 on display 0
I/WindowManager(  775): mDock rect: (0,0 - 720,1280)
V/WindowManager(  775): Status bar: dock=[0,50][720,1280] content=[0,50][720,1280] cur=[0,50][720,1280]
V/WindowManager(  775): layoutWindowLw(): normal window
V/WindowManager(  775): Compute frame : sim=#20 attach=null type=2015 flags=0x01000018 pf=[0,50][720,1280] df=[0,50][720,1280] of=[0,50][720,1280] cf=[0,50][720,1280] vf=[0,50][720,1280] dcf=[0,0][720,1280] sf=[0,50][720,1280]
V/WindowManager(  775): layoutWindowLw(Toast): normal window
V/WindowManager(  775): Compute frame Toast: sim=#20 attach=null type=2005 flags=0x01000098 pf=[0,50][720,1280] df=[0,50][720,1280] of=[0,50][720,1280] cf=[0,50][720,1280] vf=[0,50][720,1280] dcf=[0,0][720,1280] sf=[0,50][720,1280]
V/WindowManager(  775): layoutWindowLw(com.interswitchng.interswitchpossdkdemo.telpo.v2.debug/com.interswitchng.smartpos.modules.main.MainActivity): IN_SCREEN, INSET_DECOR
V/WindowManager(  775): Compute frame com.interswitchng.interswitchpossdkdemo.telpo.v2.debug/com.interswitchng.smartpos.modules.main.MainActivity: sim=#20 attach=null type=1 flags=0x81810100 pf=[0,0][720,1280] df=[0,0][720,1280] of=[0,0][720,1280] cf=[0,50][720,1280] vf=[0,50][720,1280] dcf=[0,0][720,1280] sf=[0,50][720,1280]
I/WindowManager(  775): Win Window{bff5d73 u0 android}: isVisibleOrBehindKeyguardLw=true
I/WindowManager(  775): Win Window{7989c4a u0 StatusBar}: isVisibleOrBehindKeyguardLw=true
I/WindowManager(  775): Win Window{2ef9151a u0 Toast}: isVisibleOrBehindKeyguardLw=true
I/WindowManager(  775): Win Window{313e19d6 u0 com.interswitchng.interswitchpossdkdemo.telpo.v2.debug/com.interswitchng.smartpos.modules.main.MainActivity}: isVisibleOrBehindKeyguardLw=true
V/WindowManager(  775): Fullscreen window: Window{313e19d6 u0 com.interswitchng.interswitchpossdkdemo.telpo.v2.debug/com.interswitchng.smartpos.modules.main.MainActivity}
I/WindowManager(  775): Win Window{1ea30909 u0 com.android.phasebeam.PhaseBeamWallpaper}: isVisibleOrBehindKeyguardLw=false
I/WindowManager(  775): force=false forcefkg=false top=Window{313e19d6 u0 com.interswitchng.interswitchpossdkdemo.telpo.v2.debug/com.interswitchng.smartpos.modules.main.MainActivity}
D/WindowManager(  775): frame: Rect(0, 0 - 720, 1280) shown frame: RectF(0.0, 0.0, 720.0, 1280.0)
D/WindowManager(  775): attr: WM.LayoutParams{(0,0)(fillxfill) sim=#20 ty=1 fl=#81810100 wanim=0x1030467 vsysui=0x600 surfaceInsets=Rect(0, 0 - 0, 0) needsMenuKey=2} lp.flags=0x81810100
V/WindowManager(  775): ** SHOWING status bar: top is not fullscreen
V/WindowManager(  775): finishPostLayoutPolicyLw: mHideKeyguard=false
I/WindowManager(  775): mDock rect: (0,0 - 720,1280)
V/WindowManager(  775): Status bar: dock=[0,50][720,1280] content=[0,50][720,1280] cur=[0,50][720,1280]
V/WindowManager(  775): layoutWindowLw(): normal window
V/WindowManager(  775): Compute frame : sim=#20 attach=null type=2015 flags=0x01000018 pf=[0,50][720,1280] df=[0,50][720,1280] of=[0,50][720,1280] cf=[0,50][720,1280] vf=[0,50][720,1280] dcf=[0,0][720,1280] sf=[0,50][720,1280]
V/WindowManager(  775): layoutWindowLw(Toast): normal window
V/WindowManager(  775): Compute frame Toast: sim=#20 attach=null type=2005 flags=0x01000098 pf=[0,50][720,1280] df=[0,50][720,1280] of=[0,50][720,1280] cf=[0,50][720,1280] vf=[0,50][720,1280] dcf=[0,0][720,1280] sf=[0,50][720,1280]
V/WindowManager(  775): layoutWindowLw(com.interswitchng.interswitchpossdkdemo.telpo.v2.debug/com.interswitchng.smartpos.modules.main.MainActivity): IN_SCREEN, INSET_DECOR
V/WindowManager(  775): Compute frame com.interswitchng.interswitchpossdkdemo.telpo.v2.debug/com.interswitchng.smartpos.modules.main.MainActivity: sim=#20 attach=null type=1 flags=0x81810100 pf=[0,0][720,1280] df=[0,0][720,1280] of=[0,0][720,1280] cf=[0,50][720,1280] vf=[0,50][720,1280] dcf=[0,0][720,1280] sf=[0,50][720,1280]
I/WindowManager(  775): Win Window{bff5d73 u0 android}: isVisibleOrBehindKeyguardLw=true
I/WindowManager(  775): Win Window{7989c4a u0 StatusBar}: isVisibleOrBehindKeyguardLw=true
I/WindowManager(  775): Win Window{2ef9151a u0 Toast}: isVisibleOrBehindKeyguardLw=true
I/WindowManager(  775): Win Window{313e19d6 u0 com.interswitchng.interswitchpossdkdemo.telpo.v2.debug/com.interswitchng.smartpos.modules.main.MainActivity}: isVisibleOrBehindKeyguardLw=true
V/WindowManager(  775): Fullscreen window: Window{313e19d6 u0 com.interswitchng.interswitchpossdkdemo.telpo.v2.debug/com.interswitchng.smartpos.modules.main.MainActivity}
I/WindowManager(  775): Win Window{1ea30909 u0 com.android.phasebeam.PhaseBeamWallpaper}: isVisibleOrBehindKeyguardLw=false
I/WindowManager(  775): force=false forcefkg=false top=Window{313e19d6 u0 com.interswitchng.interswitchpossdkdemo.telpo.v2.debug/com.interswitchng.smartpos.modules.main.MainActivity}
D/WindowManager(  775): frame: Rect(0, 0 - 720, 1280) shown frame: RectF(0.0, 0.0, 720.0, 1280.0)
D/WindowManager(  775): attr: WM.LayoutParams{(0,0)(fillxfill) sim=#20 ty=1 fl=#81810100 wanim=0x1030467 vsysui=0x600 surfaceInsets=Rect(0, 0 - 0, 0) needsMenuKey=2} lp.flags=0x81810100
V/WindowManager(  775): ** SHOWING status bar: top is not fullscreen
V/WindowManager(  775): finishPostLayoutPolicyLw: mHideKeyguard=false
D/Telpo EMV Card Reader Implementation(22293): cardPin-pinData from getTransactionInfo outside the let null
E/EMV_LIB (22293): <<< emv tlv tag Get [0x57] >>> [17]
E/EMV_LIB (22293): 51 99 11 07 54 30 94 55 D2 21 12 21 00 01 97 86 8F 
D/Telpo EMV Card Reader Implementation(22293): cardPin from getTransactionInfo 
E/EMV_LIB (22293): <<< emv tlv tag Get [0x9F02] >>> [6]
E/EMV_LIB (22293): 00 00 00 00 00 01 
E/EMV_LIB (22293): <<< emv tlv tag Get [0x9F03] >>> [6]
E/EMV_LIB (22293): 00 00 00 00 00 00 
E/EMV_LIB (22293): <<< emv tlv tag Get [0x82] >>> [2]
E/EMV_LIB (22293): 39 00 
E/EMV_LIB (22293): <<< emv tlv tag Get [0x9F36] >>> [2]
E/EMV_LIB (22293): 06 AD 
E/EMV_LIB (22293): <<< emv tlv tag Get [0x9F27] >>> [1]
E/EMV_LIB (22293): 40 
E/EMV_LIB (22293): <<< emv tlv tag Get [0x9F26] >>> [8]
E/EMV_LIB (22293): 1C 03 B0 2F 8D A2 20 BB 
E/EMV_LIB (22293): <<< emv tlv tag Get [0x9F34] >>> [3]
E/EMV_LIB (22293): 41 03 02 
E/EMV_LIB (22293): <<< emv tlv tag Get [0x9F10] >>> [18]
E/EMV_LIB (22293): 01 10 65 00 03 02 00 00 00 00 00 00 00 00 00 00 00 FF 
E/EMV_LIB (22293): <<< emv tlv tag Get [0x95] >>> [5]
E/EMV_LIB (22293): 04 80 00 00 00 
E/EMV_LIB (22293): <<< emv tlv tag Get [0x5F2A] >>> [2]
E/EMV_LIB (22293): 05 66 
E/EMV_LIB (22293): <<< emv tlv tag Get [0x5F2A] >>> [2]
E/EMV_LIB (22293): 05 66 
E/EMV_LIB (22293): <<< emv tlv tag Get [0x9F35] >>> [1]
E/EMV_LIB (22293): 22 
E/EMV_LIB (22293): <<< emv tlv tag Get [0x9F33] >>> [3]
E/EMV_LIB (22293): E0 F0 C8 
E/EMV_LIB (22293): <<< emv tlv tag Get [0x9A] >>> [3]
E/EMV_LIB (22293): 20 06 03 
E/EMV_LIB (22293): <<< emv tlv tag Get [0x9C] >>> [1]
E/EMV_LIB (22293): 00 
E/EMV_LIB (22293): <<< emv tlv tag Get [0x9F37] >>> [4]
E/EMV_LIB (22293): B1 98 6F 0C 
E/EMV_LIB (22293): <<< emv tlv tag Get [0x9F26] >>> [8]
E/EMV_LIB (22293): 1C 03 B0 2F 8D A2 20 BB 
E/EMV_LIB (22293): <<< emv tlv tag Get [0x9F27] >>> [1]
E/EMV_LIB (22293): 40 
E/EMV_LIB (22293): <<< emv tlv tag Get [0x9F10] >>> [18]
E/EMV_LIB (22293): 01 10 65 00 03 02 00 00 00 00 00 00 00 00 00 00 00 FF 
E/EMV_LIB (22293): <<< emv tlv tag Get [0x9F37] >>> [4]
E/EMV_LIB (22293): B1 98 6F 0C 
E/EMV_LIB (22293): <<< emv tlv tag Get [0x9F36] >>> [2]
E/EMV_LIB (22293): 06 AD 
E/EMV_LIB (22293): <<< emv tlv tag Get [0x95] >>> [5]
E/EMV_LIB (22293): 04 80 00 00 00 
E/EMV_LIB (22293): <<< emv tlv tag Get [0x9A] >>> [3]
E/EMV_LIB (22293): 20 06 03 
E/EMV_LIB (22293): <<< emv tlv tag Get [0x9C] >>> [1]
E/EMV_LIB (22293): 00 
E/EMV_LIB (22293): <<< emv tlv tag Get [0x9F02] >>> [6]
E/EMV_LIB (22293): 00 00 00 00 00 01 
E/EMV_LIB (22293): <<< emv tlv tag Get [0x5F2A] >>> [2]
E/EMV_LIB (22293): 05 66 
E/EMV_LIB (22293): <<< emv tlv tag Get [0x82] >>> [2]
E/EMV_LIB (22293): 39 00 
E/EMV_LIB (22293): <<< emv tlv tag Get [0x9F1A] >>> [2]
E/EMV_LIB (22293): 05 66 
E/EMV_LIB (22293): <<< emv tlv tag Get [0x9F34] >>> [3]
E/EMV_LIB (22293): 41 03 02 
E/EMV_LIB (22293): <<< emv tlv tag Get [0x9F33] >>> [3]
E/EMV_LIB (22293): E0 F0 C8 
E/EMV_LIB (22293): <<< emv tlv tag Get [0x9F35] >>> [1]
E/EMV_LIB (22293): 22 
E/EMV_LIB (22293): <<< emv tlv tag Get [0x84] >>> [7]
E/EMV_LIB (22293): A0 00 00 00 04 10 10 
E/EMV_LIB (22293): <<< emv tlv tag Get [0x9F09] >>> [2]
E/EMV_LIB (22293): 00 20 
E/EMV_LIB (22293): <<< emv tlv tag Get [0x9F03] >>> [6]
E/EMV_LIB (22293): 00 00 00 00 00 00 
E/EMV_LIB (22293): <<< emv tlv tag Get [0x5F34] >>> [1]
E/EMV_LIB (22293): 00 
E/EMV_LIB (22293): <<< emv tlv tag Get [0x9F09] >>> [2]
E/EMV_LIB (22293): 00 20 
E/EMV_LIB (22293): <<< emv tlv tag Get [0x9F06] >>> [7]
E/EMV_LIB (22293): A0 00 00 00 04 10 10 
E/EMV_LIB (22293): <<< emv tlv tag Get [0x5F34] >>> [1]
E/EMV_LIB (22293): 00 
D/telpo_native(  775): usb_printer_write data start!
D/telpo_native(  775): usb_printer_write start!
E/telpo_native(  775): ret = 25
D/telpo_native(  775): handle_emv_serial_read_write_cmd: usb write length = 25
I/WindowManager(  775): Win Window{bff5d73 u0 android}: isVisibleOrBehindKeyguardLw=true
I/WindowManager(  775): Win Window{7989c4a u0 StatusBar}: isVisibleOrBehindKeyguardLw=true
I/WindowManager(  775): Win Window{2ef9151a u0 Toast}: isVisibleOrBehindKeyguardLw=true
I/WindowManager(  775): Win Window{313e19d6 u0 com.interswitchng.interswitchpossdkdemo.telpo.v2.debug/com.interswitchng.smartpos.modules.main.MainActivity}: isVisibleOrBehindKeyguardLw=false
I/WindowManager(  775): Win Window{1ea30909 u0 com.android.phasebeam.PhaseBeamWallpaper}: isVisibleOrBehindKeyguardLw=false
I/WindowManager(  775): force=false forcefkg=false top=null
V/WindowManager(  775): finishPostLayoutPolicyLw: mHideKeyguard=false
E/telpo_native(  775): serial_read:start read
E/telpo_native(  775): serial_read:serial_read read_size = 0
D/telpo_native(  775): handle_emv_serial_read_write_cmd: usb_printer_read length = 20
I/telpo_native(  775): 0b
I/telpo_native(  775): b0
I/telpo_native(  775): 96
I/telpo_native(  775): 69
I/telpo_native(  775): 04
I/telpo_native(  775): 00
I/telpo_native(  775): 00
I/telpo_native(  775): 00
I/telpo_native(  775): e3
I/telpo_native(  775): 00
I/telpo_native(  775): 04
I/telpo_native(  775): 01
I/telpo_native(  775): 00
I/telpo_native(  775): 00
I/telpo_native(  775): 00
I/telpo_native(  775): 00
I/telpo_native(  775): 00
I/telpo_native(  775): 00
I/telpo_native(  775): 00
I/telpo_native(  775): 00
I/telpo_native(  775): 
D/telpo_native(  775): handle_emv_serial_read_write_cmd: parse successfully!
I/telpo_native(  775): handle_emv_serial_read_write_cmd: receive data length is 20
I/telpo_native(  775): 0b
I/telpo_native(  775): b0
I/telpo_native(  775): 96
I/telpo_native(  775): 69
I/telpo_native(  775): 04
I/telpo_native(  775): 00
I/telpo_native(  775): 00
I/telpo_native(  775): 00
I/telpo_native(  775): e3
I/telpo_native(  775): 00
I/telpo_native(  775): 04
I/telpo_native(  775): 01
I/telpo_native(  775): 00
I/telpo_native(  775): 00
I/telpo_native(  775): 00
I/telpo_native(  775): 00
I/telpo_native(  775): 00
I/telpo_native(  775): 00
I/telpo_native(  775): 00
I/telpo_native(  775): 00
I/telpo_native(  775): 
D/telpo_native(22293): CallIntMethod return ret = 0 length = 20
I/WindowManager(  775): Win Window{bff5d73 u0 android}: isVisibleOrBehindKeyguardLw=true
I/WindowManager(  775): Win Window{7989c4a u0 StatusBar}: isVisibleOrBehindKeyguardLw=true
I/WindowManager(  775): Win Window{2ef9151a u0 Toast}: isVisibleOrBehindKeyguardLw=true
I/WindowManager(  775): Win Window{313e19d6 u0 com.interswitchng.interswitchpossdkdemo.telpo.v2.debug/com.interswitchng.smartpos.modules.main.MainActivity}: isVisibleOrBehindKeyguardLw=false
I/WindowManager(  775): Win Window{1ea30909 u0 com.android.phasebeam.PhaseBeamWallpaper}: isVisibleOrBehindKeyguardLw=false
I/WindowManager(  775): force=false forcefkg=false top=null
V/WindowManager(  775): finishPostLayoutPolicyLw: mHideKeyguard=false
D/amount kimono(22293): 1
E/purchaserequest(22293): 000000000001
D/OkHttp  (22293): --> POST https://kimono.interswitchng.com/kmw/kimonoservice http/1.1
D/OkHttp  (22293): Content-Type: text/xml
D/OkHttp  (22293): Content-Length: 1830
D/OkHttp  (22293): Accept: application/xml
D/OkHttp  (22293): Accept-Charset: utf-8
D/OkHttp  (22293): <?xml version="1.0" encoding="UTF-8" ?><purchaseRequest>
D/OkHttp  (22293):            <terminalInformation><batteryInformation>-1</batteryInformation> <currencyCode>566</currencyCode><languageInfo>EN</languageInfo><merchantId>2ISW1234567TEST</merchantId><merhcantLocation>1648C Oko-Awo Street,    Victoria Island</merhcantLocation> <posConditionCode>00</posConditionCode> <posDataCode>511101511344101</posDataCode> <posEntryMode>051</posEntryMode> <posGeoCode>00234000000000566</posGeoCode> <printerStatus>1</printerStatus><terminalId>2ISW0001</terminalId> <terminalType>TELPO</terminalType> <transmissionDate>2020-06-155T17:31:38</transmissionDate> <uniqueId></uniqueId></terminalInformation><cardData><cardSequenceNumber>000</cardSequenceNumber> <track2><pan>5199110754309455</pan> <expiryMonth>11</expiryMonth> <expiryYear>22</expiryYear> <track2>5199110754309455D2211221000197868F</track2></track2><emvData><AmountAuthorized>000000000001</AmountAuthorized> <AmountOther>000000000000</AmountOther> <ApplicationInterchangeProfile>3900</ApplicationInterchangeProfile> <atc>06AD</atc><Cryptogram>1C03B02F8DA220BB</Cryptogram> <CryptogramInformationData>40</CryptogramInformationData> <CvmResults>410302</CvmResults><iad>0110650003020000000000000000000000FF</iad> <TransactionCurrencyCode>566</TransactionCurrencyCode> <TerminalVerificationResult>0480000000</TerminalVerificationResult> <TerminalCountryCode>566</TerminalCountryCode> <TerminalType>22</TerminalType> <TerminalCapabilities>E0F0C8</TerminalCapabilities> <TransactionDate>200603</TransactionDate> <TransactionType>00</TransactionType> <UnpredictableNumber>B1986F0C</UnpredictableNumber> <DedicatedFileName></DedicatedFileName></emvData></cardData><fromAccount>Current</fromAccount> <stan>000013</stan> <minorAmount>1</minorAmount>  <keyLabel>000002</keyLabel></purchaseRequest>
D/OkHttp  (22293):         
D/OkHttp  (22293): --> END POST (1830-byte body)
I/WindowManager(  775): mDock rect: (0,0 - 720,1280)
V/WindowManager(  775): Status bar: dock=[0,50][720,1280] content=[0,50][720,1280] cur=[0,50][720,1280]
V/WindowManager(  775): layoutWindowLw(): normal window
V/WindowManager(  775): Compute frame : sim=#20 attach=null type=2015 flags=0x01000018 pf=[0,50][720,1280] df=[0,50][720,1280] of=[0,50][720,1280] cf=[0,50][720,1280] vf=[0,50][720,1280] dcf=[0,0][720,1280] sf=[0,50][720,1280]
V/WindowManager(  775): layoutWindowLw(Toast): normal window
V/WindowManager(  775): Compute frame Toast: sim=#20 attach=null type=2005 flags=0x01000098 pf=[0,50][720,1280] df=[0,50][720,1280] of=[0,50][720,1280] cf=[0,50][720,1280] vf=[0,50][720,1280] dcf=[0,0][720,1280] sf=[0,50][720,1280]
I/WindowManager(  775): Win Window{bff5d73 u0 android}: isVisibleOrBehindKeyguardLw=true
I/WindowManager(  775): Win Window{7989c4a u0 StatusBar}: isVisibleOrBehindKeyguardLw=true
I/WindowManager(  775): Win Window{2ef9151a u0 Toast}: isVisibleOrBehindKeyguardLw=true
I/WindowManager(  775): Win Window{eaf55c3 u0 com.android.systemui/com.android.systemui.recents.RecentsActivity}: isVisibleOrBehindKeyguardLw=false
I/WindowManager(  775): Win Window{313e19d6 u0 com.interswitchng.interswitchpossdkdemo.telpo.v2.debug/com.interswitchng.smartpos.modules.main.MainActivity}: isVisibleOrBehindKeyguardLw=false
I/WindowManager(  775): Win Window{1ea30909 u0 com.android.phasebeam.PhaseBeamWallpaper}: isVisibleOrBehindKeyguardLw=false
I/WindowManager(  775): force=false forcefkg=false top=null
V/WindowManager(  775): finishPostLayoutPolicyLw: mHideKeyguard=false
I/WindowManager(  775): mDock rect: (0,0 - 720,1280)
V/WindowManager(  775): Status bar: dock=[0,50][720,1280] content=[0,50][720,1280] cur=[0,50][720,1280]
V/WindowManager(  775): layoutWindowLw(): normal window
V/WindowManager(  775): Compute frame : sim=#20 attach=null type=2015 flags=0x01000018 pf=[0,50][720,1280] df=[0,50][720,1280] of=[0,50][720,1280] cf=[0,50][720,1280] vf=[0,50][720,1280] dcf=[0,0][720,1280] sf=[0,50][720,1280]
V/WindowManager(  775): layoutWindowLw(Toast): normal window
V/WindowManager(  775): Compute frame Toast: sim=#20 attach=null type=2005 flags=0x01000098 pf=[0,50][720,1280] df=[0,50][720,1280] of=[0,50][720,1280] cf=[0,50][720,1280] vf=[0,50][720,1280] dcf=[0,0][720,1280] sf=[0,50][720,1280]
I/WindowManager(  775): Win Window{bff5d73 u0 android}: isVisibleOrBehindKeyguardLw=true
I/WindowManager(  775): Win Window{7989c4a u0 StatusBar}: isVisibleOrBehindKeyguardLw=true
I/WindowManager(  775): Win Window{2ef9151a u0 Toast}: isVisibleOrBehindKeyguardLw=true
I/WindowManager(  775): Win Window{eaf55c3 u0 com.android.systemui/com.android.systemui.recents.RecentsActivity}: isVisibleOrBehindKeyguardLw=false
I/WindowManager(  775): Win Window{313e19d6 u0 com.interswitchng.interswitchpossdkdemo.telpo.v2.debug/com.interswitchng.smartpos.modules.main.MainActivity EXITING}: isVisibleOrBehindKeyguardLw=false
I/WindowManager(  775): Win Window{1ea30909 u0 com.android.phasebeam.PhaseBeamWallpaper}: isVisibleOrBehindKeyguardLw=false
I/WindowManager(  775): force=false forcefkg=false top=null
V/WindowManager(  775): finishPostLayoutPolicyLw: mHideKeyguard=false
I/WindowManager(  775): mDock rect: (0,0 - 720,1280)
V/WindowManager(  775): Status bar: dock=[0,50][720,1280] content=[0,50][720,1280] cur=[0,50][720,1280]
V/WindowManager(  775): layoutWindowLw(): normal window
V/WindowManager(  775): Compute frame : sim=#20 attach=null type=2015 flags=0x01000018 pf=[0,50][720,1280] df=[0,50][720,1280] of=[0,50][720,1280] cf=[0,50][720,1280] vf=[0,50][720,1280] dcf=[0,0][720,1280] sf=[0,50][720,1280]
V/WindowManager(  775): layoutWindowLw(Toast): normal window
V/WindowManager(  775): Compute frame Toast: sim=#20 attach=null type=2005 flags=0x01000098 pf=[0,50][720,1280] df=[0,50][720,1280] of=[0,50][720,1280] cf=[0,50][720,1280] vf=[0,50][720,1280] dcf=[0,0][720,1280] sf=[0,50][720,1280]
V/WindowManager(  775): layoutWindowLw(com.android.phasebeam.PhaseBeamWallpaper): IN_SCREEN
V/WindowManager(  775): Compute frame com.android.phasebeam.PhaseBeamWallpaper: sim=#0 attach=null type=2013 flags=0x00000308 pf=[0,0][720,1280] df=[-10000,-10000][10000,10000] of=[0,0][720,1280] cf=[0,0][720,1280] vf=[0,50][720,1280] dcf=[0,0][720,1280] sf=[0,50][720,1280]
I/WindowManager(  775): Win Window{bff5d73 u0 android}: isVisibleOrBehindKeyguardLw=true
I/WindowManager(  775): Win Window{7989c4a u0 StatusBar}: isVisibleOrBehindKeyguardLw=true
I/WindowManager(  775): Win Window{2ef9151a u0 Toast}: isVisibleOrBehindKeyguardLw=true
I/WindowManager(  775): Win Window{eaf55c3 u0 com.android.systemui/com.android.systemui.recents.RecentsActivity}: isVisibleOrBehindKeyguardLw=false
I/WindowManager(  775): Win Window{313e19d6 u0 com.interswitchng.interswitchpossdkdemo.telpo.v2.debug/com.interswitchng.smartpos.modules.main.MainActivity EXITING}: isVisibleOrBehindKeyguardLw=false
I/WindowManager(  775): Win Window{1ea30909 u0 com.android.phasebeam.PhaseBeamWallpaper}: isVisibleOrBehindKeyguardLw=true
I/WindowManager(  775): force=false forcefkg=false top=null
V/WindowManager(  775): finishPostLayoutPolicyLw: mHideKeyguard=false
I/WindowManager(  775): mDock rect: (0,0 - 720,1280)
V/WindowManager(  775): Status bar: dock=[0,50][720,1280] content=[0,50][720,1280] cur=[0,50][720,1280]
V/WindowManager(  775): layoutWindowLw(): normal window
V/WindowManager(  775): Compute frame : sim=#20 attach=null type=2015 flags=0x01000018 pf=[0,50][720,1280] df=[0,50][720,1280] of=[0,50][720,1280] cf=[0,50][720,1280] vf=[0,50][720,1280] dcf=[0,0][720,1280] sf=[0,50][720,1280]
V/WindowManager(  775): layoutWindowLw(Toast): normal window
V/WindowManager(  775): Compute frame Toast: sim=#20 attach=null type=2005 flags=0x01000098 pf=[0,50][720,1280] df=[0,50][720,1280] of=[0,50][720,1280] cf=[0,50][720,1280] vf=[0,50][720,1280] dcf=[0,0][720,1280] sf=[0,50][720,1280]
V/WindowManager(  775): layoutWindowLw(com.android.systemui/com.android.systemui.recents.RecentsActivity): IN_SCREEN, INSET_DECOR
V/WindowManager(  775): Compute frame com.android.systemui/com.android.systemui.recents.RecentsActivity: sim=#120 attach=null type=1 flags=0x81910100 pf=[0,0][720,1280] df=[0,0][720,1280] of=[0,0][720,1280] cf=[0,50][720,1280] vf=[0,50][720,1280] dcf=[0,0][720,1280] sf=[0,50][720,1280]
V/WindowManager(  775): layoutWindowLw(com.android.phasebeam.PhaseBeamWallpaper): IN_SCREEN
V/WindowManager(  775): Compute frame com.android.phasebeam.PhaseBeamWallpaper: sim=#0 attach=null type=2013 flags=0x00000308 pf=[0,0][720,1280] df=[-10000,-10000][10000,10000] of=[0,0][720,1280] cf=[0,0][720,1280] vf=[0,50][720,1280] dcf=[0,0][720,1280] sf=[0,50][720,1280]
I/WindowManager(  775): Win Window{bff5d73 u0 android}: isVisibleOrBehindKeyguardLw=true
I/WindowManager(  775): Win Window{7989c4a u0 StatusBar}: isVisibleOrBehindKeyguardLw=true
I/WindowManager(  775): Win Window{2ef9151a u0 Toast}: isVisibleOrBehindKeyguardLw=true
I/WindowManager(  775): Win Window{eaf55c3 u0 com.android.systemui/com.android.systemui.recents.RecentsActivity}: isVisibleOrBehindKeyguardLw=true
V/WindowManager(  775): Fullscreen window: Window{eaf55c3 u0 com.android.systemui/com.android.systemui.recents.RecentsActivity}
I/WindowManager(  775): Win Window{313e19d6 u0 com.interswitchng.interswitchpossdkdemo.telpo.v2.debug/com.interswitchng.smartpos.modules.main.MainActivity EXITING}: isVisibleOrBehindKeyguardLw=false
I/WindowManager(  775): Win Window{1ea30909 u0 com.android.phasebeam.PhaseBeamWallpaper}: isVisibleOrBehindKeyguardLw=true
I/WindowManager(  775): force=false forcefkg=false top=Window{eaf55c3 u0 com.android.systemui/com.android.systemui.recents.RecentsActivity}
D/WindowManager(  775): frame: Rect(0, 0 - 720, 1280) shown frame: RectF(0.0, 0.0, 720.0, 1280.0)
