V/WLAN_PSA(  314): NL MSG, len[048], NL type[0x11] WNI type[0x5050] len[028]
V/WLAN_PSA(  314): NL MSG, PID: 314
V/WLAN_PSA(  314): NL MSG, len[048], NL type[0x11] WNI type[0x5050] len[028]
V/WLAN_PSA(  314): NL MSG, PID: 314
D/wpa_supplicant(13327): wpa_driver_nl80211_driver_cmd SETSUSPENDMODE 1 len = 0, 4096
V/WLAN_PSA(  314): NL MSG, len[4038], NL type[0x1C] WNI type[0x5900] len[44559]
V/WLAN_PSA(  314): NL MSG, PID: 314
D/StatusBar.MSimNetworkController( 2940): getPhoneId phoneId: 1
D/StatusBar.MSimNetworkController( 2940): onDataActivity received on phoneId :1direction=0
D/StatusBar.MSimNetworkController( 2940): updateDataIcon phoneId =1
D/StatusBar.MSimNetworkController( 2940): updateDataIcon dataSub =0
D/StatusBar.MSimNetworkController( 2940): updateDataIconi: phoneId1 is not DDS.  Clear the mMSimDataConnected Flag and return
D/StatusBar.MSimNetworkController( 2940): refreshViews phoneId =1mMSimDataConnected =false
D/StatusBar.MSimNetworkController( 2940): refreshViews mMSimDataActivity =0
D/StatusBar.MSimNetworkController( 2940): refreshViews: Data not connected!! Set no data type icon / Roaming for phoneId: 1
D/StatusBar.MSimNetworkController( 2940): refreshViews connected={ wifi } level=0 mMSimcombinedSignalIconId=0x7f020352/com.android.systemui:drawable/stat_sys_wifi_signal_4_fully mMSimcombinedActivityIconId=0x7f020347 mAirplaneMode=false mMSimDataActivity=0 mMSimPhoneSignalIconId=0x7f020339/com.android.systemui:drawable/stat_sys_signal_null mMSimDataDirectionIconId=0x0 mMSimDataSignalIconId=0x7f020339 mMSimDataTypeIconId=0x0/(null) mNoMSimIconId=0x7f02009a/com.android.systemui:drawable/ic_qs_no_sim mMSimMobileActivityIconId=0x0/(null) mWifiIconId=0x7f020352 mBluetoothTetherIconId=0x10806a2
D/StatusBar.MSimNetworkController( 2940): getPhoneId phoneId: 0
D/StatusBar.MSimNetworkController( 2940): onDataActivity received on phoneId :0direction=0
D/StatusBar.MSimNetworkController( 2940): updateDataIcon phoneId =0
D/StatusBar.MSimNetworkController( 2940): updateDataIcon dataSub =0
D/StatusBar.MSimNetworkController( 2940): updateDataIcon  when SimState =ABSENT
D/StatusBar.MSimNetworkController( 2940): updateDataIcon when mMSimDataConnected[0] =false mMSimMobileActivityIconId[0] = 0
D/StatusBar.MSimNetworkController( 2940): refreshViews phoneId =0mMSimDataConnected =false
D/StatusBar.MSimNetworkController( 2940): refreshViews mMSimDataActivity =0
D/StatusBar.MSimNetworkController( 2940): refreshViews: Data not connected!! Set no data type icon / Roaming for phoneId: 0
D/StatusBar.MSimNetworkController( 2940): refreshViews connected={ wifi } level=0 mMSimcombinedSignalIconId=0x7f020352/com.android.systemui:drawable/stat_sys_wifi_signal_4_fully mMSimcombinedActivityIconId=0x7f020347 mAirplaneMode=false mMSimDataActivity=0 mMSimPhoneSignalIconId=0x7f020339/com.android.systemui:drawable/stat_sys_signal_null mMSimDataDirectionIconId=0x0 mMSimDataSignalIconId=0x7f020339 mMSimDataTypeIconId=0x0/(null) mNoMSimIconId=0x7f02009a/com.android.systemui:drawable/ic_qs_no_sim mMSimMobileActivityIconId=0x0/(null) mWifiIconId=0x7f020352 mBluetoothTetherIconId=0x10806a2
D/StatusBar.MSimNetworkController( 2940): getPhoneId phoneId: 1
D/StatusBar.MSimNetworkController( 2940): onDataActivity received on phoneId :1direction=0
D/StatusBar.MSimNetworkController( 2940): updateDataIcon phoneId =1
D/StatusBar.MSimNetworkController( 2940): updateDataIcon dataSub =0
D/StatusBar.MSimNetworkController( 2940): updateDataIconi: phoneId1 is not DDS.  Clear the mMSimDataConnected Flag and return
D/StatusBar.MSimNetworkController( 2940): refreshViews phoneId =1mMSimDataConnected =false
D/StatusBar.MSimNetworkController( 2940): refreshViews mMSimDataActivity =0
D/StatusBar.MSimNetworkController( 2940): refreshViews: Data not connected!! Set no data type icon / Roaming for phoneId: 1
D/StatusBar.MSimNetworkController( 2940): refreshViews connected={ wifi } level=0 mMSimcombinedSignalIconId=0x7f020352/com.android.systemui:drawable/stat_sys_wifi_signal_4_fully mMSimcombinedActivityIconId=0x7f020347 mAirplaneMode=false mMSimDataActivity=0 mMSimPhoneSignalIconId=0x7f020339/com.android.systemui:drawable/stat_sys_signal_null mMSimDataDirectionIconId=0x0 mMSimDataSignalIconId=0x7f020339 mMSimDataTypeIconId=0x0/(null) mNoMSimIconId=0x7f02009a/com.android.systemui:drawable/ic_qs_no_sim mMSimMobileActivityIconId=0x0/(null) mWifiIconId=0x7f020352 mBluetoothTetherIconId=0x10806a2
D/StatusBar.MSimNetworkController( 2940): getPhoneId phoneId: 0
D/StatusBar.MSimNetworkController( 2940): onDataActivity received on phoneId :0direction=0
D/StatusBar.MSimNetworkController( 2940): updateDataIcon phoneId =0
D/StatusBar.MSimNetworkController( 2940): updateDataIcon dataSub =0
D/StatusBar.MSimNetworkController( 2940): updateDataIcon  when SimState =ABSENT
D/StatusBar.MSimNetworkController( 2940): updateDataIcon when mMSimDataConnected[0] =false mMSimMobileActivityIconId[0] = 0
D/StatusBar.MSimNetworkController( 2940): refreshViews phoneId =0mMSimDataConnected =false
D/StatusBar.MSimNetworkController( 2940): refreshViews mMSimDataActivity =0
D/StatusBar.MSimNetworkController( 2940): refreshViews: Data not connected!! Set no data type icon / Roaming for phoneId: 0
D/StatusBar.MSimNetworkController( 2940): refreshViews connected={ wifi } level=0 mMSimcombinedSignalIconId=0x7f020352/com.android.systemui:drawable/stat_sys_wifi_signal_4_fully mMSimcombinedActivityIconId=0x7f020347 mAirplaneMode=false mMSimDataActivity=0 mMSimPhoneSignalIconId=0x7f020339/com.android.systemui:drawable/stat_sys_signal_null mMSimDataDirectionIconId=0x0 mMSimDataSignalIconId=0x7f020339 mMSimDataTypeIconId=0x0/(null) mNoMSimIconId=0x7f02009a/com.android.systemui:drawable/ic_qs_no_sim mMSimMobileActivityIconId=0x0/(null) mWifiIconId=0x7f020352 mBluetoothTetherIconId=0x10806a2
D/StatusBar.MSimNetworkController( 2940): getPhoneId phoneId: 0
D/StatusBar.MSimNetworkController( 2940): onDataActivity received on phoneId :0direction=0
D/StatusBar.MSimNetworkController( 2940): updateDataIcon phoneId =0
D/StatusBar.MSimNetworkController( 2940): updateDataIcon dataSub =0
D/StatusBar.MSimNetworkController( 2940): updateDataIcon  when SimState =ABSENT
D/StatusBar.MSimNetworkController( 2940): updateDataIcon when mMSimDataConnected[0] =false mMSimMobileActivityIconId[0] = 0
D/StatusBar.MSimNetworkController( 2940): refreshViews phoneId =0mMSimDataConnected =false
D/StatusBar.MSimNetworkController( 2940): refreshViews mMSimDataActivity =0
D/StatusBar.MSimNetworkController( 2940): refreshViews: Data not connected!! Set no data type icon / Roaming for phoneId: 0
D/StatusBar.MSimNetworkController( 2940): refreshViews connected={ wifi } level=0 mMSimcombinedSignalIconId=0x7f020352/com.android.systemui:drawable/stat_sys_wifi_signal_4_fully mMSimcombinedActivityIconId=0x7f020347 mAirplaneMode=false mMSimDataActivity=0 mMSimPhoneSignalIconId=0x7f020339/com.android.systemui:drawable/stat_sys_signal_null mMSimDataDirectionIconId=0x0 mMSimDataSignalIconId=0x7f020339 mMSimDataTypeIconId=0x0/(null) mNoMSimIconId=0x7f02009a/com.android.systemui:drawable/ic_qs_no_sim mMSimMobileActivityIconId=0x0/(null) mWifiIconId=0x7f020352 mBluetoothTetherIconId=0x10806a2
D/StatusBar.MSimNetworkController( 2940): getPhoneId phoneId: 1
D/StatusBar.MSimNetworkController( 2940): onDataActivity received on phoneId :1direction=0
D/StatusBar.MSimNetworkController( 2940): updateDataIcon phoneId =1
D/StatusBar.MSimNetworkController( 2940): updateDataIcon dataSub =0
D/StatusBar.MSimNetworkController( 2940): updateDataIconi: phoneId1 is not DDS.  Clear the mMSimDataConnected Flag and return
D/StatusBar.MSimNetworkController( 2940): refreshViews phoneId =1mMSimDataConnected =false
D/StatusBar.MSimNetworkController( 2940): refreshViews mMSimDataActivity =0
D/StatusBar.MSimNetworkController( 2940): refreshViews: Data not connected!! Set no data type icon / Roaming for phoneId: 1
D/StatusBar.MSimNetworkController( 2940): refreshViews connected={ wifi } level=0 mMSimcombinedSignalIconId=0x7f020352/com.android.systemui:drawable/stat_sys_wifi_signal_4_fully mMSimcombinedActivityIconId=0x7f020347 mAirplaneMode=false mMSimDataActivity=0 mMSimPhoneSignalIconId=0x7f020339/com.android.systemui:drawable/stat_sys_signal_null mMSimDataDirectionIconId=0x0 mMSimDataSignalIconId=0x7f020339 mMSimDataTypeIconId=0x0/(null) mNoMSimIconId=0x7f02009a/com.android.systemui:drawable/ic_qs_no_sim mMSimMobileActivityIconId=0x0/(null) mWifiIconId=0x7f020352 mBluetoothTetherIconId=0x10806a2
D/StatusBar.MSimNetworkController( 2940): getPhoneId phoneId: 0
D/StatusBar.MSimNetworkController( 2940): onDataActivity received on phoneId :0direction=0
D/StatusBar.MSimNetworkController( 2940): updateDataIcon phoneId =0
D/StatusBar.MSimNetworkController( 2940): updateDataIcon dataSub =0
D/StatusBar.MSimNetworkController( 2940): updateDataIcon  when SimState =ABSENT
D/StatusBar.MSimNetworkController( 2940): updateDataIcon when mMSimDataConnected[0] =false mMSimMobileActivityIconId[0] = 0
D/StatusBar.MSimNetworkController( 2940): refreshViews phoneId =0mMSimDataConnected =false
D/StatusBar.MSimNetworkController( 2940): refreshViews mMSimDataActivity =0
D/StatusBar.MSimNetworkController( 2940): refreshViews: Data not connected!! Set no data type icon / Roaming for phoneId: 0
D/StatusBar.MSimNetworkController( 2940): refreshViews connected={ wifi } level=0 mMSimcombinedSignalIconId=0x7f020352/com.android.systemui:drawable/stat_sys_wifi_signal_4_fully mMSimcombinedActivityIconId=0x7f020347 mAirplaneMode=false mMSimDataActivity=0 mMSimPhoneSignalIconId=0x7f020339/com.android.systemui:drawable/stat_sys_signal_null mMSimDataDirectionIconId=0x0 mMSimDataSignalIconId=0x7f020339 mMSimDataTypeIconId=0x0/(null) mNoMSimIconId=0x7f02009a/com.android.systemui:drawable/ic_qs_no_sim mMSimMobileActivityIconId=0x0/(null) mWifiIconId=0x7f020352 mBluetoothTetherIconId=0x10806a2
D/StatusBar.MSimNetworkController( 2940): getPhoneId phoneId: 1
D/StatusBar.MSimNetworkController( 2940): onDataActivity received on phoneId :1direction=0
D/StatusBar.MSimNetworkController( 2940): updateDataIcon phoneId =1
D/StatusBar.MSimNetworkController( 2940): updateDataIcon dataSub =0
D/StatusBar.MSimNetworkController( 2940): updateDataIconi: phoneId1 is not DDS.  Clear the mMSimDataConnected Flag and return
D/StatusBar.MSimNetworkController( 2940): refreshViews phoneId =1mMSimDataConnected =false
D/StatusBar.MSimNetworkController( 2940): refreshViews mMSimDataActivity =0
D/StatusBar.MSimNetworkController( 2940): refreshViews: Data not connected!! Set no data type icon / Roaming for phoneId: 1
D/StatusBar.MSimNetworkController( 2940): refreshViews connected={ wifi } level=0 mMSimcombinedSignalIconId=0x7f020352/com.android.systemui:drawable/stat_sys_wifi_signal_4_fully mMSimcombinedActivityIconId=0x7f020347 mAirplaneMode=false mMSimDataActivity=0 mMSimPhoneSignalIconId=0x7f020339/com.android.systemui:drawable/stat_sys_signal_null mMSimDataDirectionIconId=0x0 mMSimDataSignalIconId=0x7f020339 mMSimDataTypeIconId=0x0/(null) mNoMSimIconId=0x7f02009a/com.android.systemui:drawable/ic_qs_no_sim mMSimMobileActivityIconId=0x0/(null) mWifiIconId=0x7f020352 mBluetoothTetherIconId=0x10806a2
D/StatusBar.MSimNetworkController( 2940): getPhoneId phoneId: 0
D/StatusBar.MSimNetworkController( 2940): onDataActivity received on phoneId :0direction=0
D/StatusBar.MSimNetworkController( 2940): updateDataIcon phoneId =0
D/StatusBar.MSimNetworkController( 2940): updateDataIcon dataSub =0
D/StatusBar.MSimNetworkController( 2940): updateDataIcon  when SimState =ABSENT
D/StatusBar.MSimNetworkController( 2940): updateDataIcon when mMSimDataConnected[0] =false mMSimMobileActivityIconId[0] = 0
D/StatusBar.MSimNetworkController( 2940): refreshViews phoneId =0mMSimDataConnected =false
D/StatusBar.MSimNetworkController( 2940): refreshViews mMSimDataActivity =0
D/StatusBar.MSimNetworkController( 2940): refreshViews: Data not connected!! Set no data type icon / Roaming for phoneId: 0
D/StatusBar.MSimNetworkController( 2940): refreshViews connected={ wifi } level=0 mMSimcombinedSignalIconId=0x7f020352/com.android.systemui:drawable/stat_sys_wifi_signal_4_fully mMSimcombinedActivityIconId=0x7f020347 mAirplaneMode=false mMSimDataActivity=0 mMSimPhoneSignalIconId=0x7f020339/com.android.systemui:drawable/stat_sys_signal_null mMSimDataDirectionIconId=0x0 mMSimDataSignalIconId=0x7f020339 mMSimDataTypeIconId=0x0/(null) mNoMSimIconId=0x7f02009a/com.android.systemui:drawable/ic_qs_no_sim mMSimMobileActivityIconId=0x0/(null) mWifiIconId=0x7f020352 mBluetoothTetherIconId=0x10806a2
D/StatusBar.MSimNetworkController( 2940): getPhoneId phoneId: 1
D/StatusBar.MSimNetworkController( 2940): onDataActivity received on phoneId :1direction=0
D/StatusBar.MSimNetworkController( 2940): updateDataIcon phoneId =1
D/StatusBar.MSimNetworkController( 2940): updateDataIcon dataSub =0
D/StatusBar.MSimNetworkController( 2940): updateDataIconi: phoneId1 is not DDS.  Clear the mMSimDataConnected Flag and return
D/StatusBar.MSimNetworkController( 2940): refreshViews phoneId =1mMSimDataConnected =false
D/StatusBar.MSimNetworkController( 2940): refreshViews mMSimDataActivity =0
D/StatusBar.MSimNetworkController( 2940): refreshViews: Data not connected!! Set no data type icon / Roaming for phoneId: 1
D/StatusBar.MSimNetworkController( 2940): refreshViews connected={ wifi } level=0 mMSimcombinedSignalIconId=0x7f020352/com.android.systemui:drawable/stat_sys_wifi_signal_4_fully mMSimcombinedActivityIconId=0x7f020347 mAirplaneMode=false mMSimDataActivity=0 mMSimPhoneSignalIconId=0x7f020339/com.android.systemui:drawable/stat_sys_signal_null mMSimDataDirectionIconId=0x0 mMSimDataSignalIconId=0x7f020339 mMSimDataTypeIconId=0x0/(null) mNoMSimIconId=0x7f02009a/com.android.systemui:drawable/ic_qs_no_sim mMSimMobileActivityIconId=0x0/(null) mWifiIconId=0x7f020352 mBluetoothTetherIconId=0x10806a2
D/StatusBar.MSimNetworkController( 2940): getPhoneId phoneId: 1
D/StatusBar.MSimNetworkController( 2940): onDataActivity received on phoneId :1direction=0
D/StatusBar.MSimNetworkController( 2940): updateDataIcon phoneId =1
D/StatusBar.MSimNetworkController( 2940): updateDataIcon dataSub =0
D/StatusBar.MSimNetworkController( 2940): updateDataIconi: phoneId1 is not DDS.  Clear the mMSimDataConnected Flag and return
D/StatusBar.MSimNetworkController( 2940): refreshViews phoneId =1mMSimDataConnected =false
D/StatusBar.MSimNetworkController( 2940): refreshViews mMSimDataActivity =0
D/StatusBar.MSimNetworkController( 2940): refreshViews: Data not connected!! Set no data type icon / Roaming for phoneId: 1
D/StatusBar.MSimNetworkController( 2940): refreshViews connected={ wifi } level=0 mMSimcombinedSignalIconId=0x7f020352/com.android.systemui:drawable/stat_sys_wifi_signal_4_fully mMSimcombinedActivityIconId=0x7f020347 mAirplaneMode=false mMSimDataActivity=0 mMSimPhoneSignalIconId=0x7f020339/com.android.systemui:drawable/stat_sys_signal_null mMSimDataDirectionIconId=0x0 mMSimDataSignalIconId=0x7f020339 mMSimDataTypeIconId=0x0/(null) mNoMSimIconId=0x7f02009a/com.android.systemui:drawable/ic_qs_no_sim mMSimMobileActivityIconId=0x0/(null) mWifiIconId=0x7f020352 mBluetoothTetherIconId=0x10806a2
D/StatusBar.MSimNetworkController( 2940): getPhoneId phoneId: 0
D/StatusBar.MSimNetworkController( 2940): onDataActivity received on phoneId :0direction=0
D/StatusBar.MSimNetworkController( 2940): updateDataIcon phoneId =0
D/StatusBar.MSimNetworkController( 2940): updateDataIcon dataSub =0
D/StatusBar.MSimNetworkController( 2940): updateDataIcon  when SimState =ABSENT
D/StatusBar.MSimNetworkController( 2940): updateDataIcon when mMSimDataConnected[0] =false mMSimMobileActivityIconId[0] = 0
D/StatusBar.MSimNetworkController( 2940): refreshViews phoneId =0mMSimDataConnected =false
D/StatusBar.MSimNetworkController( 2940): refreshViews mMSimDataActivity =0
D/StatusBar.MSimNetworkController( 2940): refreshViews: Data not connected!! Set no data type icon / Roaming for phoneId: 0
D/StatusBar.MSimNetworkController( 2940): refreshViews connected={ wifi } level=0 mMSimcombinedSignalIconId=0x7f020352/com.android.systemui:drawable/stat_sys_wifi_signal_4_fully mMSimcombinedActivityIconId=0x7f020347 mAirplaneMode=false mMSimDataActivity=0 mMSimPhoneSignalIconId=0x7f020339/com.android.systemui:drawable/stat_sys_signal_null mMSimDataDirectionIconId=0x0 mMSimDataSignalIconId=0x7f020339 mMSimDataTypeIconId=0x0/(null) mNoMSimIconId=0x7f02009a/com.android.systemui:drawable/ic_qs_no_sim mMSimMobileActivityIconId=0x0/(null) mWifiIconId=0x7f020352 mBluetoothTetherIconId=0x10806a2
D/StatusBar.MSimNetworkController( 2940): getPhoneId phoneId: 0
D/StatusBar.MSimNetworkController( 2940): onDataActivity received on phoneId :0direction=0
D/StatusBar.MSimNetworkController( 2940): updateDataIcon phoneId =0
D/StatusBar.MSimNetworkController( 2940): updateDataIcon dataSub =0
D/StatusBar.MSimNetworkController( 2940): updateDataIcon  when SimState =ABSENT
D/StatusBar.MSimNetworkController( 2940): updateDataIcon when mMSimDataConnected[0] =false mMSimMobileActivityIconId[0] = 0
D/StatusBar.MSimNetworkController( 2940): refreshViews phoneId =0mMSimDataConnected =false
D/StatusBar.MSimNetworkController( 2940): refreshViews mMSimDataActivity =0
D/StatusBar.MSimNetworkController( 2940): refreshViews: Data not connected!! Set no data type icon / Roaming for phoneId: 0
D/StatusBar.MSimNetworkController( 2940): refreshViews connected={ wifi } level=0 mMSimcombinedSignalIconId=0x7f020352/com.android.systemui:drawable/stat_sys_wifi_signal_4_fully mMSimcombinedActivityIconId=0x7f020347 mAirplaneMode=false mMSimDataActivity=0 mMSimPhoneSignalIconId=0x7f020339/com.android.systemui:drawable/stat_sys_signal_null mMSimDataDirectionIconId=0x0 mMSimDataSignalIconId=0x7f020339 mMSimDataTypeIconId=0x0/(null) mNoMSimIconId=0x7f02009a/com.android.systemui:drawable/ic_qs_no_sim mMSimMobileActivityIconId=0x0/(null) mWifiIconId=0x7f020352 mBluetoothTetherIconId=0x10806a2
D/StatusBar.MSimNetworkController( 2940): getPhoneId phoneId: 0
D/StatusBar.MSimNetworkController( 2940): onDataActivity received on phoneId :0direction=0
D/StatusBar.MSimNetworkController( 2940): updateDataIcon phoneId =0
D/StatusBar.MSimNetworkController( 2940): updateDataIcon dataSub =0
D/StatusBar.MSimNetworkController( 2940): updateDataIcon  when SimState =ABSENT
D/StatusBar.MSimNetworkController( 2940): updateDataIcon when mMSimDataConnected[0] =false mMSimMobileActivityIconId[0] = 0
D/StatusBar.MSimNetworkController( 2940): refreshViews phoneId =0mMSimDataConnected =false
D/StatusBar.MSimNetworkController( 2940): refreshViews mMSimDataActivity =0
D/StatusBar.MSimNetworkController( 2940): refreshViews: Data not connected!! Set no data type icon / Roaming for phoneId: 0
D/StatusBar.MSimNetworkController( 2940): refreshViews connected={ wifi } level=0 mMSimcombinedSignalIconId=0x7f020352/com.android.systemui:drawable/stat_sys_wifi_signal_4_fully mMSimcombinedActivityIconId=0x7f020347 mAirplaneMode=false mMSimDataActivity=0 mMSimPhoneSignalIconId=0x7f020339/com.android.systemui:drawable/stat_sys_signal_null mMSimDataDirectionIconId=0x0 mMSimDataSignalIconId=0x7f020339 mMSimDataTypeIconId=0x0/(null) mNoMSimIconId=0x7f02009a/com.android.systemui:drawable/ic_qs_no_sim mMSimMobileActivityIconId=0x0/(null) mWifiIconId=0x7f020352 mBluetoothTetherIconId=0x10806a2
D/StatusBar.MSimNetworkController( 2940): getPhoneId phoneId: 1
D/StatusBar.MSimNetworkController( 2940): onDataActivity received on phoneId :1direction=0
D/StatusBar.MSimNetworkController( 2940): updateDataIcon phoneId =1
D/StatusBar.MSimNetworkController( 2940): updateDataIcon dataSub =0
D/StatusBar.MSimNetworkController( 2940): updateDataIconi: phoneId1 is not DDS.  Clear the mMSimDataConnected Flag and return
D/StatusBar.MSimNetworkController( 2940): refreshViews phoneId =1mMSimDataConnected =false
D/StatusBar.MSimNetworkController( 2940): refreshViews mMSimDataActivity =0
D/StatusBar.MSimNetworkController( 2940): refreshViews: Data not connected!! Set no data type icon / Roaming for phoneId: 1
D/StatusBar.MSimNetworkController( 2940): refreshViews connected={ wifi } level=0 mMSimcombinedSignalIconId=0x7f020352/com.android.systemui:drawable/stat_sys_wifi_signal_4_fully mMSimcombinedActivityIconId=0x7f020347 mAirplaneMode=false mMSimDataActivity=0 mMSimPhoneSignalIconId=0x7f020339/com.android.systemui:drawable/stat_sys_signal_null mMSimDataDirectionIconId=0x0 mMSimDataSignalIconId=0x7f020339 mMSimDataTypeIconId=0x0/(null) mNoMSimIconId=0x7f02009a/com.android.systemui:drawable/ic_qs_no_sim mMSimMobileActivityIconId=0x0/(null) mWifiIconId=0x7f020352 mBluetoothTetherIconId=0x10806a2
D/StatusBar.MSimNetworkController( 2940): getPhoneId phoneId: 1
D/StatusBar.MSimNetworkController( 2940): onDataActivity received on phoneId :1direction=0
D/StatusBar.MSimNetworkController( 2940): updateDataIcon phoneId =1
D/StatusBar.MSimNetworkController( 2940): updateDataIcon dataSub =0
D/StatusBar.MSimNetworkController( 2940): updateDataIconi: phoneId1 is not DDS.  Clear the mMSimDataConnected Flag and return
D/StatusBar.MSimNetworkController( 2940): refreshViews phoneId =1mMSimDataConnected =false
D/StatusBar.MSimNetworkController( 2940): refreshViews mMSimDataActivity =0
D/StatusBar.MSimNetworkController( 2940): refreshViews: Data not connected!! Set no data type icon / Roaming for phoneId: 1
D/StatusBar.MSimNetworkController( 2940): refreshViews connected={ wifi } level=0 mMSimcombinedSignalIconId=0x7f020352/com.android.systemui:drawable/stat_sys_wifi_signal_4_fully mMSimcombinedActivityIconId=0x7f020347 mAirplaneMode=false mMSimDataActivity=0 mMSimPhoneSignalIconId=0x7f020339/com.android.systemui:drawable/stat_sys_signal_null mMSimDataDirectionIconId=0x0 mMSimDataSignalIconId=0x7f020339 mMSimDataTypeIconId=0x0/(null) mNoMSimIconId=0x7f02009a/com.android.systemui:drawable/ic_qs_no_sim mMSimMobileActivityIconId=0x0/(null) mWifiIconId=0x7f020352 mBluetoothTetherIconId=0x10806a2
D/BatteryMeterView( 2940): not on charging...
D/BatteryMeterView( 2940): not on charging...
D/BatteryMeterView( 2940): not on charging...
E/libsuspend(  775): Error writing to /sys/power/state: Device or resource busy
E/libsuspend(  775): Error writing to /sys/power/state: Device or resource busy
E/libsuspend(  775): Error writing to /sys/power/state: Device or resource busy
E/libsuspend(  775): Error writing to /sys/power/state: Device or resource busy
E/libsuspend(  775): Error writing to /sys/power/state: Device or resource busy
E/libsuspend(  775): Error writing to /sys/power/state: Device or resource busy
E/libsuspend(  775): Error writing to /sys/power/state: Device or resource busy
E/libsuspend(  775): Error writing to /sys/power/state: Device or resource busy
E/libsuspend(  775): Error writing to /sys/power/state: Device or resource busy
E/libsuspend(  775): Error writing to /sys/power/state: Device or resource busy
D/BatteryMeterView( 2940): not on charging...
D/BatteryMeterView( 2940): not on charging...
D/BatteryMeterView( 2940): not on charging...
E/libsuspend(  775): Error writing to /sys/power/state: Device or resource busy
E/libsuspend(  775): Error writing to /sys/power/state: Device or resource busy
E/libsuspend(  775): Error writing to /sys/power/state: Device or resource busy
E/libsuspend(  775): Error writing to /sys/power/state: Device or resource busy
E/libsuspend(  775): Error writing to /sys/power/state: Device or resource busy
E/libsuspend(  775): Error writing to /sys/power/state: Device or resource busy
E/libsuspend(  775): Error writing to /sys/power/state: Device or resource busy
E/libsuspend(  775): Error writing to /sys/power/state: Device or resource busy
E/libsuspend(  775): Error writing to /sys/power/state: Device or resource busy
D/BatteryMeterView( 2940): not on charging...
D/BatteryMeterView( 2940): not on charging...
D/BatteryMeterView( 2940): not on charging...
E/libsuspend(  775): Error writing to /sys/power/state: Device or resource busy
E/libsuspend(  775): Error writing to /sys/power/state: Device or resource busy
E/libsuspend(  775): Error writing to /sys/power/state: Device or resource busy
E/libsuspend(  775): Error writing to /sys/power/state: Device or resource busy
E/libsuspend(  775): Error writing to /sys/power/state: Device or resource busy
E/libsuspend(  775): Error writing to /sys/power/state: Device or resource busy
E/libsuspend(  775): Error writing to /sys/power/state: Device or resource busy
E/libsuspend(  775): Error writing to /sys/power/state: Device or resource busy
E/libsuspend(  775): Error writing to /sys/power/state: Device or resource busy
E/libsuspend(  775): Error writing to /sys/power/state: Device or resource busy
D/BatteryMeterView( 2940): not on charging...
D/BatteryMeterView( 2940): not on charging...
D/BatteryMeterView( 2940): not on charging...
E/libsuspend(  775): Error writing to /sys/power/state: Device or resource busy
E/libsuspend(  775): Error writing to /sys/power/state: Device or resource busy
E/libsuspend(  775): Error writing to /sys/power/state: Device or resource busy
E/libsuspend(  775): Error writing to /sys/power/state: Device or resource busy
E/libsuspend(  775): Error writing to /sys/power/state: Device or resource busy
E/libsuspend(  775): Error writing to /sys/power/state: Device or resource busy
E/libsuspend(  775): Error writing to /sys/power/state: Device or resource busy
E/libsuspend(  775): Error writing to /sys/power/state: Device or resource busy
E/libsuspend(  775): Error writing to /sys/power/state: Device or resource busy
D/BatteryMeterView( 2940): not on charging...
D/BatteryMeterView( 2940): not on charging...
D/BatteryMeterView( 2940): not on charging...
E/libsuspend(  775): Error writing to /sys/power/state: Device or resource busy
E/libsuspend(  775): Error writing to /sys/power/state: Device or resource busy
E/libsuspend(  775): Error writing to /sys/power/state: Device or resource busy
E/libsuspend(  775): Error writing to /sys/power/state: Device or resource busy
E/libsuspend(  775): Error writing to /sys/power/state: Device or resource busy
D/PhoneStatusBar( 2940): disable: < expand ICONS* alerts SYSTEM_INFO* back home recent clock search >
D/BluetoothAdapter( 2940): 409945778: getState() :  mService = null. Returning STATE_OFF
D/BluetoothAdapter( 2940): 409945778: getState() :  mService = null. Returning STATE_OFF
D/BluetoothAdapter( 2940): 409945778: getState() :  mService = null. Returning STATE_OFF
D/BluetoothAdapter( 2940): 409945778: getState() :  mService = null. Returning STATE_OFF
W/Settings( 2940): Setting airplane_mode_on has moved from android.provider.Settings.System to android.provider.Settings.Global, returning read-only value.
E/libsuspend(  775): Error writing to /sys/power/state: Device or resource busy
I/WindowManager(  775): mDock rect: (0,0 - 720,1280)
V/WindowManager(  775): Status bar: dock=[0,50][720,1280] content=[0,50][720,1280] cur=[0,50][720,1280]
V/WindowManager(  775): layoutWindowLw(): normal window
V/WindowManager(  775): Compute frame : sim=#20 attach=null type=2015 flags=0x01000018 pf=[0,50][720,1280] df=[0,50][720,1280] of=[0,50][720,1280] cf=[0,50][720,1280] vf=[0,50][720,1280] dcf=[0,0][720,1280] sf=[0,50][720,1280]
V/WindowManager(  775): Compute frame StatusBar: sim=#10 attach=null type=2000 flags=0x81960040 pf=[0,0][720,1280] df=[0,0][720,1280] of=[0,0][720,1280] cf=[0,50][720,1280] vf=[0,50][720,1280] dcf=[0,0][0,0] sf=[0,50][720,1280]
V/WindowManager(  775): layoutWindowLw(com.android.phasebeam.PhaseBeamWallpaper): IN_SCREEN
V/WindowManager(  775): Compute frame com.android.phasebeam.PhaseBeamWallpaper: sim=#0 attach=null type=2013 flags=0x00000308 pf=[0,0][720,1280] df=[-10000,-10000][10000,10000] of=[0,0][720,1280] cf=[0,0][720,1280] vf=[0,50][720,1280] dcf=[0,0][720,1280] sf=[0,50][720,1280]
V/WindowManager(  775): layoutWindowLw(com.interswitchng.interswitchpossdkdemo.telpo.v2.debug/com.interswitchng.smartpos.modules.menu.settings.TerminalSettingsActivity): IN_SCREEN, INSET_DECOR
V/WindowManager(  775): Compute frame com.interswitchng.interswitchpossdkdemo.telpo.v2.debug/com.interswitchng.smartpos.modules.menu.settings.TerminalSettingsActivity: sim=#120 attach=null type=1 flags=0x81810100 pf=[0,0][720,1280] df=[0,0][720,1280] of=[0,0][720,1280] cf=[0,50][720,1280] vf=[0,50][720,1280] dcf=[0,0][720,1280] sf=[0,50][720,1280]
I/WindowManager(  775): Win Window{bff5d73 u0 android}: isVisibleOrBehindKeyguardLw=true
I/WindowManager(  775): Win Window{7989c4a u0 StatusBar}: isVisibleOrBehindKeyguardLw=true
I/WindowManager(  775): Win Window{1ea30909 u0 com.android.phasebeam.PhaseBeamWallpaper}: isVisibleOrBehindKeyguardLw=true
I/WindowManager(  775): Win Window{4293eee u0 com.interswitchng.interswitchpossdkdemo.telpo.v2.debug/com.interswitchng.smartpos.modules.menu.settings.TerminalSettingsActivity}: isVisibleOrBehindKeyguardLw=true
V/WindowManager(  775): Fullscreen window: Window{4293eee u0 com.interswitchng.interswitchpossdkdemo.telpo.v2.debug/com.interswitchng.smartpos.modules.menu.settings.TerminalSettingsActivity}
I/WindowManager(  775): force=false forcefkg=true top=Window{4293eee u0 com.interswitchng.interswitchpossdkdemo.telpo.v2.debug/com.interswitchng.smartpos.modules.menu.settings.TerminalSettingsActivity}
V/WindowManager(  775): Showing status bar: forced
V/WindowManager(  775): finishPostLayoutPolicyLw: mHideKeyguard=false
E/qdutils (  262): int qdutils::getHDMINode(): Failed to open fb node 1
E/qdutils (  262): int qdutils::getHDMINode(): Failed to open fb node 2
E/qdutils (  262): int qdutils::getHDMINode(): Failed to find HDMI node
I/SurfaceFlinger(  262): FPS: 32
I/WindowManager(  775): mDock rect: (0,0 - 720,1280)
V/WindowManager(  775): Status bar: dock=[0,50][720,1280] content=[0,50][720,1280] cur=[0,50][720,1280]
V/WindowManager(  775): layoutWindowLw(): normal window
V/WindowManager(  775): Compute frame : sim=#20 attach=null type=2015 flags=0x01000018 pf=[0,50][720,1280] df=[0,50][720,1280] of=[0,50][720,1280] cf=[0,50][720,1280] vf=[0,50][720,1280] dcf=[0,0][720,1280] sf=[0,50][720,1280]
V/WindowManager(  775): Compute frame StatusBar: sim=#10 attach=null type=2000 flags=0x81960040 pf=[0,0][720,1280] df=[0,0][720,1280] of=[0,0][720,1280] cf=[0,50][720,1280] vf=[0,50][720,1280] dcf=[0,0][0,0] sf=[0,50][720,1280]
V/WindowManager(  775): layoutWindowLw(com.android.phasebeam.PhaseBeamWallpaper): IN_SCREEN
V/WindowManager(  775): Compute frame com.android.phasebeam.PhaseBeamWallpaper: sim=#0 attach=null type=2013 flags=0x00000308 pf=[0,0][720,1280] df=[-10000,-10000][10000,10000] of=[0,0][720,1280] cf=[0,0][720,1280] vf=[0,50][720,1280] dcf=[0,0][720,1280] sf=[0,50][720,1280]
V/WindowManager(  775): layoutWindowLw(com.interswitchng.interswitchpossdkdemo.telpo.v2.debug/com.interswitchng.smartpos.modules.menu.settings.TerminalSettingsActivity): IN_SCREEN, INSET_DECOR
V/WindowManager(  775): Compute frame com.interswitchng.interswitchpossdkdemo.telpo.v2.debug/com.interswitchng.smartpos.modules.menu.settings.TerminalSettingsActivity: sim=#120 attach=null type=1 flags=0x81810100 pf=[0,0][720,1280] df=[0,0][720,1280] of=[0,0][720,1280] cf=[0,50][720,1280] vf=[0,50][720,1280] dcf=[0,0][720,1280] sf=[0,50][720,1280]
I/WindowManager(  775): Win Window{bff5d73 u0 android}: isVisibleOrBehindKeyguardLw=true
I/WindowManager(  775): Win Window{7989c4a u0 StatusBar}: isVisibleOrBehindKeyguardLw=true
I/WindowManager(  775): Win Window{1ea30909 u0 com.android.phasebeam.PhaseBeamWallpaper}: isVisibleOrBehindKeyguardLw=true
I/WindowManager(  775): Win Window{4293eee u0 com.interswitchng.interswitchpossdkdemo.telpo.v2.debug/com.interswitchng.smartpos.modules.menu.settings.TerminalSettingsActivity}: isVisibleOrBehindKeyguardLw=true
V/WindowManager(  775): Fullscreen window: Window{4293eee u0 com.interswitchng.interswitchpossdkdemo.telpo.v2.debug/com.interswitchng.smartpos.modules.menu.settings.TerminalSettingsActivity}
I/WindowManager(  775): force=false forcefkg=true top=Window{4293eee u0 com.interswitchng.interswitchpossdkdemo.telpo.v2.debug/com.interswitchng.smartpos.modules.menu.settings.TerminalSettingsActivity}
V/WindowManager(  775): Showing status bar: forced
V/WindowManager(  775): finishPostLayoutPolicyLw: mHideKeyguard=false
I/WindowManager(  775): Win Window{bff5d73 u0 android}: isVisibleOrBehindKeyguardLw=true
I/WindowManager(  775): Win Window{7989c4a u0 StatusBar}: isVisibleOrBehindKeyguardLw=true
I/WindowManager(  775): Win Window{1ea30909 u0 com.android.phasebeam.PhaseBeamWallpaper}: isVisibleOrBehindKeyguardLw=true
I/WindowManager(  775): Win Window{4293eee u0 com.interswitchng.interswitchpossdkdemo.telpo.v2.debug/com.interswitchng.smartpos.modules.menu.settings.TerminalSettingsActivity}: isVisibleOrBehindKeyguardLw=true
V/WindowManager(  775): Fullscreen window: Window{4293eee u0 com.interswitchng.interswitchpossdkdemo.telpo.v2.debug/com.interswitchng.smartpos.modules.menu.settings.TerminalSettingsActivity}
I/WindowManager(  775): force=false forcefkg=true top=Window{4293eee u0 com.interswitchng.interswitchpossdkdemo.telpo.v2.debug/com.interswitchng.smartpos.modules.menu.settings.TerminalSettingsActivity}
V/WindowManager(  775): Showing status bar: forced
V/WindowManager(  775): finishPostLayoutPolicyLw: mHideKeyguard=false
E/qdutils (  262): int qdutils::getHDMINode(): Failed to open fb node 1
E/qdutils (  262): int qdutils::getHDMINode(): Failed to open fb node 2
E/qdutils (  262): int qdutils::getHDMINode(): Failed to find HDMI node
D/PhoneStatusBar( 2940): disable: < expand ICONS alerts SYSTEM_INFO back HOME* RECENT* clock SEARCH* >
I/WindowManager(  775): mDock rect: (0,0 - 720,1280)
V/WindowManager(  775): Status bar: dock=[0,50][720,1280] content=[0,50][720,1280] cur=[0,50][720,1280]
V/WindowManager(  775): layoutWindowLw(): normal window
V/WindowManager(  775): Compute frame : sim=#20 attach=null type=2015 flags=0x01000018 pf=[0,50][720,1280] df=[0,50][720,1280] of=[0,50][720,1280] cf=[0,50][720,1280] vf=[0,50][720,1280] dcf=[0,0][720,1280] sf=[0,50][720,1280]
V/WindowManager(  775): Compute frame StatusBar: sim=#10 attach=null type=2000 flags=0x81960040 pf=[0,0][720,1280] df=[0,0][720,1280] of=[0,0][720,1280] cf=[0,50][720,1280] vf=[0,50][720,1280] dcf=[0,0][0,0] sf=[0,50][720,1280]
V/WindowManager(  775): layoutWindowLw(com.android.phasebeam.PhaseBeamWallpaper): IN_SCREEN
V/WindowManager(  775): Compute frame com.android.phasebeam.PhaseBeamWallpaper: sim=#0 attach=null type=2013 flags=0x00000308 pf=[0,0][720,1280] df=[-10000,-10000][10000,10000] of=[0,0][720,1280] cf=[0,0][720,1280] vf=[0,50][720,1280] dcf=[0,0][720,1280] sf=[0,50][720,1280]
V/WindowManager(  775): layoutWindowLw(com.interswitchng.interswitchpossdkdemo.telpo.v2.debug/com.interswitchng.smartpos.modules.menu.settings.TerminalSettingsActivity): IN_SCREEN, INSET_DECOR
V/WindowManager(  775): Compute frame com.interswitchng.interswitchpossdkdemo.telpo.v2.debug/com.interswitchng.smartpos.modules.menu.settings.TerminalSettingsActivity: sim=#120 attach=null type=1 flags=0x81810100 pf=[0,0][720,1280] df=[0,0][720,1280] of=[0,0][720,1280] cf=[0,50][720,1280] vf=[0,50][720,1280] dcf=[0,0][720,1280] sf=[0,50][720,1280]
I/WindowManager(  775): Win Window{bff5d73 u0 android}: isVisibleOrBehindKeyguardLw=true
I/WindowManager(  775): Win Window{7989c4a u0 StatusBar}: isVisibleOrBehindKeyguardLw=true
I/WindowManager(  775): Win Window{1ea30909 u0 com.android.phasebeam.PhaseBeamWallpaper}: isVisibleOrBehindKeyguardLw=true
I/WindowManager(  775): Win Window{4293eee u0 com.interswitchng.interswitchpossdkdemo.telpo.v2.debug/com.interswitchng.smartpos.modules.menu.settings.TerminalSettingsActivity}: isVisibleOrBehindKeyguardLw=true
V/WindowManager(  775): Fullscreen window: Window{4293eee u0 com.interswitchng.interswitchpossdkdemo.telpo.v2.debug/com.interswitchng.smartpos.modules.menu.settings.TerminalSettingsActivity}
I/WindowManager(  775): force=false forcefkg=true top=Window{4293eee u0 com.interswitchng.interswitchpossdkdemo.telpo.v2.debug/com.interswitchng.smartpos.modules.menu.settings.TerminalSettingsActivity}
V/WindowManager(  775): Showing status bar: forced
V/WindowManager(  775): finishPostLayoutPolicyLw: mHideKeyguard=false
I/WindowManager(  775): mDock rect: (0,0 - 720,1280)
V/WindowManager(  775): Status bar: dock=[0,50][720,1280] content=[0,50][720,1280] cur=[0,50][720,1280]
V/WindowManager(  775): layoutWindowLw(): normal window
V/WindowManager(  775): Compute frame : sim=#20 attach=null type=2015 flags=0x01000018 pf=[0,50][720,1280] df=[0,50][720,1280] of=[0,50][720,1280] cf=[0,50][720,1280] vf=[0,50][720,1280] dcf=[0,0][720,1280] sf=[0,50][720,1280]
V/WindowManager(  775): Compute frame StatusBar: sim=#10 attach=null type=2000 flags=0x81960040 pf=[0,0][720,1280] df=[0,0][720,1280] of=[0,0][720,1280] cf=[0,50][720,1280] vf=[0,50][720,1280] dcf=[0,0][0,0] sf=[0,50][720,1280]
V/WindowManager(  775): layoutWindowLw(com.android.phasebeam.PhaseBeamWallpaper): IN_SCREEN
V/WindowManager(  775): Compute frame com.android.phasebeam.PhaseBeamWallpaper: sim=#0 attach=null type=2013 flags=0x00000308 pf=[0,0][720,1280] df=[-10000,-10000][10000,10000] of=[0,0][720,1280] cf=[0,0][720,1280] vf=[0,50][720,1280] dcf=[0,0][720,1280] sf=[0,50][720,1280]
V/WindowManager(  775): layoutWindowLw(com.interswitchng.interswitchpossdkdemo.telpo.v2.debug/com.interswitchng.smartpos.modules.menu.settings.TerminalSettingsActivity): IN_SCREEN, INSET_DECOR
V/WindowManager(  775): Compute frame com.interswitchng.interswitchpossdkdemo.telpo.v2.debug/com.interswitchng.smartpos.modules.menu.settings.TerminalSettingsActivity: sim=#120 attach=null type=1 flags=0x81810100 pf=[0,0][720,1280] df=[0,0][720,1280] of=[0,0][720,1280] cf=[0,50][720,1280] vf=[0,50][720,1280] dcf=[0,0][720,1280] sf=[0,50][720,1280]
I/WindowManager(  775): Win Window{bff5d73 u0 android}: isVisibleOrBehindKeyguardLw=true
I/WindowManager(  775): Win Window{7989c4a u0 StatusBar}: isVisibleOrBehindKeyguardLw=true
I/WindowManager(  775): Win Window{1ea30909 u0 com.android.phasebeam.PhaseBeamWallpaper}: isVisibleOrBehindKeyguardLw=true
I/WindowManager(  775): Win Window{4293eee u0 com.interswitchng.interswitchpossdkdemo.telpo.v2.debug/com.interswitchng.smartpos.modules.menu.settings.TerminalSettingsActivity}: isVisibleOrBehindKeyguardLw=true
V/WindowManager(  775): Fullscreen window: Window{4293eee u0 com.interswitchng.interswitchpossdkdemo.telpo.v2.debug/com.interswitchng.smartpos.modules.menu.settings.TerminalSettingsActivity}
I/WindowManager(  775): force=false forcefkg=true top=Window{4293eee u0 com.interswitchng.interswitchpossdkdemo.telpo.v2.debug/com.interswitchng.smartpos.modules.menu.settings.TerminalSettingsActivity}
V/WindowManager(  775): Showing status bar: forced
V/WindowManager(  775): finishPostLayoutPolicyLw: mHideKeyguard=false
E/qdutils (  262): int qdutils::getHDMINode(): Failed to open fb node 1
E/qdutils (  262): int qdutils::getHDMINode(): Failed to open fb node 2
E/qdutils (  262): int qdutils::getHDMINode(): Failed to find HDMI node
E/libsuspend(  775): Error writing to /sys/power/state: Device or resource busy
I/WindowManager(  775): Win Window{bff5d73 u0 android}: isVisibleOrBehindKeyguardLw=true
I/WindowManager(  775): Win Window{7989c4a u0 StatusBar}: isVisibleOrBehindKeyguardLw=true
I/WindowManager(  775): Win Window{1ea30909 u0 com.android.phasebeam.PhaseBeamWallpaper}: isVisibleOrBehindKeyguardLw=true
I/WindowManager(  775): Win Window{4293eee u0 com.interswitchng.interswitchpossdkdemo.telpo.v2.debug/com.interswitchng.smartpos.modules.menu.settings.TerminalSettingsActivity}: isVisibleOrBehindKeyguardLw=true
V/WindowManager(  775): Fullscreen window: Window{4293eee u0 com.interswitchng.interswitchpossdkdemo.telpo.v2.debug/com.interswitchng.smartpos.modules.menu.settings.TerminalSettingsActivity}
I/WindowManager(  775): force=false forcefkg=true top=Window{4293eee u0 com.interswitchng.interswitchpossdkdemo.telpo.v2.debug/com.interswitchng.smartpos.modules.menu.settings.TerminalSettingsActivity}
V/WindowManager(  775): Showing status bar: forced
V/WindowManager(  775): finishPostLayoutPolicyLw: mHideKeyguard=false
E/qdutils (  262): int qdutils::getHDMINode(): Failed to open fb node 1
E/qdutils (  262): int qdutils::getHDMINode(): Failed to open fb node 2
E/qdutils (  262): int qdutils::getHDMINode(): Failed to find HDMI node
E/libsuspend(  775): Error writing to /sys/power/state: Device or resource busy
E/libsuspend(  775): Error writing to /sys/power/state: Device or resource busy
E/libsuspend(  775): Error writing to /sys/power/state: Device or resource busy
D/BatteryMeterView( 2940): not on charging...
D/BatteryMeterView( 2940): not on charging...
D/BatteryMeterView( 2940): not on charging...
E/libsuspend(  775): Error writing to /sys/power/state: Device or resource busy
E/libsuspend(  775): Error writing to /sys/power/state: Device or resource busy
E/libsuspend(  775): Error writing to /sys/power/state: Device or resource busy
E/libsuspend(  775): Error writing to /sys/power/state: Device or resource busy
E/libsuspend(  775): Error writing to /sys/power/state: Device or resource busy
E/libsuspend(  775): Error writing to /sys/power/state: Device or resource busy
E/libsuspend(  775): Error writing to /sys/power/state: Device or resource busy
E/libsuspend(  775): Error writing to /sys/power/state: Device or resource busy
E/libsuspend(  775): Error writing to /sys/power/state: Device or resource busy
E/libsuspend(  775): Error writing to /sys/power/state: Device or resource busy
D/BatteryMeterView( 2940): not on charging...
D/BatteryMeterView( 2940): not on charging...
D/BatteryMeterView( 2940): not on charging...
E/libsuspend(  775): Error writing to /sys/power/state: Device or resource busy
E/libsuspend(  775): Error writing to /sys/power/state: Device or resource busy
E/libsuspend(  775): Error writing to /sys/power/state: Device or resource busy
E/libsuspend(  775): Error writing to /sys/power/state: Device or resource busy
E/libsuspend(  775): Error writing to /sys/power/state: Device or resource busy
E/libsuspend(  775): Error writing to /sys/power/state: Device or resource busy
E/libsuspend(  775): Error writing to /sys/power/state: Device or resource busy
E/libsuspend(  775): Error writing to /sys/power/state: Device or resource busy
E/libsuspend(  775): Error writing to /sys/power/state: Device or resource busy
D/BatteryMeterView( 2940): not on charging...
E/libsuspend(  775): Error writing to /sys/power/state: Device or resource busy
D/BatteryMeterView( 2940): not on charging...
D/BatteryMeterView( 2940): not on charging...
E/libsuspend(  775): Error writing to /sys/power/state: Device or resource busy
E/libsuspend(  775): Error writing to /sys/power/state: Device or resource busy
E/libsuspend(  775): Error writing to /sys/power/state: Device or resource busy
E/libsuspend(  775): Error writing to /sys/power/state: Device or resource busy
E/libsuspend(  775): Error writing to /sys/power/state: Device or resource busy
E/libsuspend(  775): Error writing to /sys/power/state: Device or resource busy
E/libsuspend(  775): Error writing to /sys/power/state: Device or resource busy
E/libsuspend(  775): Error writing to /sys/power/state: Device or resource busy
E/libsuspend(  775): Error writing to /sys/power/state: Device or resource busy
E/libsuspend(  775): Error writing to /sys/power/state: Device or resource busy
D/BatteryMeterView( 2940): not on charging...
D/BatteryMeterView( 2940): not on charging...
D/BatteryMeterView( 2940): not on charging...
E/libsuspend(  775): Error writing to /sys/power/state: Device or resource busy
E/libsuspend(  775): Error writing to /sys/power/state: Device or resource busy
E/libsuspend(  775): Error writing to /sys/power/state: Device or resource busy
E/libsuspend(  775): Error writing to /sys/power/state: Device or resource busy
V/WLAN_PSA(  314): NL MSG, len[4069], NL type[0x1C] WNI type[0x5900] len[52495]
V/WLAN_PSA(  314): NL MSG, PID: 314
E/libsuspend(  775): Error writing to /sys/power/state: Device or resource busy
E/libsuspend(  775): Error writing to /sys/power/state: Device or resource busy
E/libsuspend(  775): Error writing to /sys/power/state: Device or resource busy
E/libsuspend(  775): Error writing to /sys/power/state: Device or resource busy
E/libsuspend(  775): Error writing to /sys/power/state: Device or resource busy
D/BatteryMeterView( 2940): not on charging...
D/BatteryMeterView( 2940): not on charging...
D/BatteryMeterView( 2940): not on charging...
E/libsuspend(  775): Error writing to /sys/power/state: Device or resource busy
E/libsuspend(  775): Error writing to /sys/power/state: Device or resource busy
E/libsuspend(  775): Error writing to /sys/power/state: Device or resource busy
E/libsuspend(  775): Error writing to /sys/power/state: Device or resource busy
E/libsuspend(  775): Error writing to /sys/power/state: Device or resource busy
E/libsuspend(  775): Error writing to /sys/power/state: Device or resource busy
E/libsuspend(  775): Error writing to /sys/power/state: Device or resource busy
E/libsuspend(  775): Error writing to /sys/power/state: Device or resource busy
E/libsuspend(  775): Error writing to /sys/power/state: Device or resource busy
E/libsuspend(  775): Error writing to /sys/power/state: Device or resource busy
E/libsuspend(  775): Error writing to /sys/power/state: Device or resource busy
D/BatteryMeterView( 2940): not on charging...
D/BatteryMeterView( 2940): not on charging...
D/BatteryMeterView( 2940): not on charging...
E/libsuspend(  775): Error writing to /sys/power/state: Device or resource busy
E/libsuspend(  775): Error writing to /sys/power/state: Device or resource busy
E/libsuspend(  775): Error writing to /sys/power/state: Device or resource busy
E/libsuspend(  775): Error writing to /sys/power/state: Device or resource busy
E/libsuspend(  775): Error writing to /sys/power/state: Device or resource busy
E/libsuspend(  775): Error writing to /sys/power/state: Device or resource busy
E/libsuspend(  775): Error writing to /sys/power/state: Device or resource busy
E/libsuspend(  775): Error writing to /sys/power/state: Device or resource busy
E/libsuspend(  775): Error writing to /sys/power/state: Device or resource busy
E/libsuspend(  775): Error writing to /sys/power/state: Device or resource busy
D/BatteryMeterView( 2940): not on charging...
D/BatteryMeterView( 2940): not on charging...
D/BatteryMeterView( 2940): not on charging...
E/libsuspend(  775): Error writing to /sys/power/state: Device or resource busy
E/libsuspend(  775): Error writing to /sys/power/state: Device or resource busy
E/libsuspend(  775): Error writing to /sys/power/state: Device or resource busy
E/libsuspend(  775): Error writing to /sys/power/state: Device or resource busy
E/libsuspend(  775): Error writing to /sys/power/state: Device or resource busy
E/libsuspend(  775): Error writing to /sys/power/state: Device or resource busy
E/libsuspend(  775): Error writing to /sys/power/state: Device or resource busy
E/libsuspend(  775): Error writing to /sys/power/state: Device or resource busy
E/libsuspend(  775): Error writing to /sys/power/state: Device or resource busy
D/BatteryMeterView( 2940): not on charging...
D/BatteryMeterView( 2940): not on charging...
D/BatteryMeterView( 2940): not on charging...
E/libsuspend(  775): Error writing to /sys/power/state: Device or resource busy
E/libsuspend(  775): Error writing to /sys/power/state: Device or resource busy
E/libsuspend(  775): Error writing to /sys/power/state: Device or resource busy
E/libsuspend(  775): Error writing to /sys/power/state: Device or resource busy
E/libsuspend(  775): Error writing to /sys/power/state: Device or resource busy
E/libsuspend(  775): Error writing to /sys/power/state: Device or resource busy
E/libsuspend(  775): Error writing to /sys/power/state: Device or resource busy
E/libsuspend(  775): Error writing to /sys/power/state: Device or resource busy
E/libsuspend(  775): Error writing to /sys/power/state: Device or resource busy
E/libsuspend(  775): Error writing to /sys/power/state: Device or resource busy
E/libsuspend(  775): Error writing to /sys/power/state: Device or resource busy
D/BatteryMeterView( 2940): not on charging...
D/BatteryMeterView( 2940): not on charging...
D/BatteryMeterView( 2940): not on charging...
E/libsuspend(  775): Error writing to /sys/power/state: Device or resource busy
E/libsuspend(  775): Error writing to /sys/power/state: Device or resource busy
E/libsuspend(  775): Error writing to /sys/power/state: Device or resource busy
E/libsuspend(  775): Error writing to /sys/power/state: Device or resource busy
E/libsuspend(  775): Error writing to /sys/power/state: Device or resource busy
E/libsuspend(  775): Error writing to /sys/power/state: Device or resource busy
E/libsuspend(  775): Error writing to /sys/power/state: Device or resource busy
E/libsuspend(  775): Error writing to /sys/power/state: Device or resource busy
E/libsuspend(  775): Error writing to /sys/power/state: Device or resource busy
E/libsuspend(  775): Error writing to /sys/power/state: Device or resource busy
D/BatteryMeterView( 2940): not on charging...
D/BatteryMeterView( 2940): not on charging...
D/BatteryMeterView( 2940): not on charging...
E/libsuspend(  775): Error writing to /sys/power/state: Device or resource busy
E/libsuspend(  775): Error writing to /sys/power/state: Device or resource busy
E/libsuspend(  775): Error writing to /sys/power/state: Device or resource busy
