V/WindowManager(  775): Fullscreen window: Window{313e19d6 u0 com.interswitchng.interswitchpossdkdemo.telpo.v2.debug/com.interswitchng.smartpos.modules.main.MainActivity}
I/WindowManager(  775): force=false forcefkg=true top=Window{313e19d6 u0 com.interswitchng.interswitchpossdkdemo.telpo.v2.debug/com.interswitchng.smartpos.modules.main.MainActivity}
V/WindowManager(  775): Showing status bar: forced
V/WindowManager(  775): finishPostLayoutPolicyLw: mHideKeyguard=false
D/SurfaceFlinger(  262): Set power mode=2, type=0 flinger=0xb83255f8
D/qdhwcomposer(  262): hwc_setPowerMode: Setting mode 2 on display: 0
E/qdutils (  262): int qdutils::getHDMINode(): Failed to open fb node 1
E/qdutils (  262): int qdutils::getHDMINode(): Failed to open fb node 2
E/qdutils (  262): int qdutils::getHDMINode(): Failed to find HDMI node
I/DisplayManagerService(  775): Display device changed: DisplayDeviceInfo{"Built-in Screen": uniqueId="local:0", 720 x 1280, 60.0 fps, supportedRefreshRates [60.0], density 320, 160.421 x 160.157 dpi, appVsyncOff 0, presDeadline 17666667, touch INTERNAL, rotation 0, type BUILT_IN, state ON, FLAG_DEFAULT_DISPLAY, FLAG_ROTATES_WITH_CONTENT, FLAG_SECURE, FLAG_SUPPORTS_PROTECTED_BUFFERS}
I/WindowManager(  775): Win Window{bff5d73 u0 android}: isVisibleOrBehindKeyguardLw=true
I/WindowManager(  775): Win Window{7989c4a u0 StatusBar}: isVisibleOrBehindKeyguardLw=true
I/WindowManager(  775): Win Window{1ea30909 u0 com.android.phasebeam.PhaseBeamWallpaper}: isVisibleOrBehindKeyguardLw=true
I/WindowManager(  775): Win Window{313e19d6 u0 com.interswitchng.interswitchpossdkdemo.telpo.v2.debug/com.interswitchng.smartpos.modules.main.MainActivity}: isVisibleOrBehindKeyguardLw=true
V/WindowManager(  775): Fullscreen window: Window{313e19d6 u0 com.interswitchng.interswitchpossdkdemo.telpo.v2.debug/com.interswitchng.smartpos.modules.main.MainActivity}
I/WindowManager(  775): force=false forcefkg=true top=Window{313e19d6 u0 com.interswitchng.interswitchpossdkdemo.telpo.v2.debug/com.interswitchng.smartpos.modules.main.MainActivity}
V/WindowManager(  775): Showing status bar: forced
V/WindowManager(  775): finishPostLayoutPolicyLw: mHideKeyguard=false
V/ActivityManager(  775): Display changed displayId=0
E/WifiStateMachine(  775): cancelDelayedScan -> 264
D/VT/VideoCallApp( 4443): App still in idle state, handle message: 5017
D/VT/VideoCallApp( 4443): Error Scenario Exit
D/VT/VideoCallApp( 4443): closeCallScreen()...
D/wpa_supplicant(17726): wlan0: Control interface command 'SIGNAL_POLL'
E/native  (  775): do suspend false
D/wpa_supplicant(17726): wlan0: Control interface command 'DRIVER SETSUSPENDMODE 0'
V/WLAN_PSA(  314): NL MSG, len[048], NL type[0x11] WNI type[0x5050] len[028]
V/WLAN_PSA(  314): NL MSG, PID: 314
V/WLAN_PSA(  314): NL MSG, len[048], NL type[0x11] WNI type[0x5050] len[028]
V/WLAN_PSA(  314): NL MSG, PID: 314
V/WLAN_PSA(  314): NL MSG, len[4045], NL type[0x1C] WNI type[0x5900] len[46351]
V/WLAN_PSA(  314): NL MSG, PID: 314
V/WLAN_PSA(  314): NL MSG, len[048], NL type[0x11] WNI type[0x5050] len[028]
V/WLAN_PSA(  314): NL MSG, PID: 314
V/WLAN_PSA(  314): NL MSG, len[048], NL type[0x11] WNI type[0x5050] len[028]
V/WLAN_PSA(  314): NL MSG, PID: 314
I/WindowManager(  775): Win Window{bff5d73 u0 android}: isVisibleOrBehindKeyguardLw=true
I/WindowManager(  775): Win Window{7989c4a u0 StatusBar}: isVisibleOrBehindKeyguardLw=true
I/WindowManager(  775): Win Window{1ea30909 u0 com.android.phasebeam.PhaseBeamWallpaper}: isVisibleOrBehindKeyguardLw=true
I/WindowManager(  775): Win Window{313e19d6 u0 com.interswitchng.interswitchpossdkdemo.telpo.v2.debug/com.interswitchng.smartpos.modules.main.MainActivity}: isVisibleOrBehindKeyguardLw=true
V/WindowManager(  775): Fullscreen window: Window{313e19d6 u0 com.interswitchng.interswitchpossdkdemo.telpo.v2.debug/com.interswitchng.smartpos.modules.main.MainActivity}
I/WindowManager(  775): force=false forcefkg=true top=Window{313e19d6 u0 com.interswitchng.interswitchpossdkdemo.telpo.v2.debug/com.interswitchng.smartpos.modules.main.MainActivity}
V/WindowManager(  775): Showing status bar: forced
V/WindowManager(  775): finishPostLayoutPolicyLw: mHideKeyguard=false
V/WLAN_PSA(  314): NL MSG, len[048], NL type[0x11] WNI type[0x5050] len[028]
V/WLAN_PSA(  314): NL MSG, PID: 314
V/KeyguardServiceDelegate(  775): **** SHOWN CALLED ****
D/WindowManager(  775): mKeyguardDelegate.ShowListener.onShown.
W/WindowManager(  775): Setting mKeyguardDrawComplete
D/WindowManager(  775): finishScreenTurningOn: mAwake=true, mScreenOnEarly=true, mScreenOnFully=false, mKeyguardDrawComplete=true, mWindowManagerDrawComplete=false
V/WLAN_PSA(  314): NL MSG, len[048], NL type[0x11] WNI type[0x5050] len[028]
V/WLAN_PSA(  314): NL MSG, PID: 314
V/WLAN_PSA(  314): NL MSG, len[4047], NL type[0x1C] WNI type[0x5900] len[46863]
V/WLAN_PSA(  314): NL MSG, PID: 314
D/wpa_supplicant(17726): wpa_driver_nl80211_driver_cmd SETSUSPENDMODE 0 len = 0, 4096
D/wpa_supplicant(17726): wlan0: Control interface command 'BLACKLIST clear'
D/wpa_supplicant(17726): nl80211: Event message available
D/wpa_supplicant(17726): nl80211: Drv Event 79 (NL80211_CMD_SET_REKEY_OFFLOAD) received for wlan0
D/wpa_supplicant(17726): nl80211: Rekey offload event for BSSID fc:dd:55:70:0b:6b
D/wpa_supplicant(17726): nl80211: Rekey offload - Replay Counter - hexdump(len=8): 00 00 00 00 00 00 00 01
D/wpa_supplicant(17726): wlan0: Event DRIVER_GTK_REKEY (37) received
I/WifiHAL (  775): Poll result = 1
I/WifiHAL (  775): Found some events!!!
D/WifiHAL (  775): no_seq_check received
I/WifiHAL (  775): event received NL80211_CMD_SET_REKEY_OFFLOAD
I/WifiHAL (  775): event received NL80211_CMD_SET_REKEY_OFFLOAD, vendor_id = 0x0
I/WifiHAL (  775): event ignored!!
V/WLAN_PSA(  314): NL MSG, len[4041], NL type[0x1C] WNI type[0x5900] len[45327]
V/WLAN_PSA(  314): NL MSG, PID: 314
V/SRS_Proc(  301): ParamSet string: screen_state=on
D/audio_hw_primary(  301): adev_set_parameters: enter: screen_state=on
D/audio_hw_extn(  301): audio_extn_set_anc_parameters: anc_enabled:0
E/audio_a2dp_hw(  301): adev_set_parameters: ERROR: set param called even when stream out is null
D/WindowManager(  775): interceptKeyTq keycode=26 interactive=true keyguardActive=true policyFlags=22000000
I/qdhwcomposer(  262): handle_blank_event: dpy:0 panel power state: 1
D/qdhwcomposer(  262): hwc_setPowerMode: Done setting mode 2 on display 0
D/SurfaceControl(  775): Excessive delay in setPowerMode(): 423ms
I/WindowManager(  775): mDock rect: (0,0 - 720,1280)
V/WindowManager(  775): Status bar: dock=[0,50][720,1280] content=[0,50][720,1280] cur=[0,50][720,1280]
V/WindowManager(  775): layoutWindowLw(): normal window
V/WindowManager(  775): Compute frame : sim=#20 attach=null type=2015 flags=0x01000018 pf=[0,50][720,1280] df=[0,50][720,1280] of=[0,50][720,1280] cf=[0,50][720,1280] vf=[0,50][720,1280] dcf=[0,0][720,1280] sf=[0,50][720,1280]
V/WindowManager(  775): Compute frame StatusBar: sim=#10 attach=null type=2000 flags=0x81960040 pf=[0,0][720,1280] df=[0,0][720,1280] of=[0,0][720,1280] cf=[0,50][720,1280] vf=[0,50][720,1280] dcf=[0,0][0,0] sf=[0,50][720,1280]
V/WindowManager(  775): layoutWindowLw(com.android.phasebeam.PhaseBeamWallpaper): IN_SCREEN
V/WindowManager(  775): Compute frame com.android.phasebeam.PhaseBeamWallpaper: sim=#0 attach=null type=2013 flags=0x00000308 pf=[0,0][720,1280] df=[-10000,-10000][10000,10000] of=[0,0][720,1280] cf=[0,0][720,1280] vf=[0,50][720,1280] dcf=[0,0][720,1280] sf=[0,50][720,1280]
V/WindowManager(  775): layoutWindowLw(com.interswitchng.interswitchpossdkdemo.telpo.v2.debug/com.interswitchng.smartpos.modules.main.MainActivity): IN_SCREEN, INSET_DECOR
V/WindowManager(  775): Compute frame com.interswitchng.interswitchpossdkdemo.telpo.v2.debug/com.interswitchng.smartpos.modules.main.MainActivity: sim=#20 attach=null type=1 flags=0x81810100 pf=[0,0][720,1280] df=[0,0][720,1280] of=[0,0][720,1280] cf=[0,50][720,1280] vf=[0,50][720,1280] dcf=[0,0][720,1280] sf=[0,50][720,1280]
I/WindowManager(  775): Win Window{bff5d73 u0 android}: isVisibleOrBehindKeyguardLw=true
I/WindowManager(  775): Win Window{7989c4a u0 StatusBar}: isVisibleOrBehindKeyguardLw=true
I/WindowManager(  775): Win Window{1ea30909 u0 com.android.phasebeam.PhaseBeamWallpaper}: isVisibleOrBehindKeyguardLw=true
I/WindowManager(  775): Win Window{313e19d6 u0 com.interswitchng.interswitchpossdkdemo.telpo.v2.debug/com.interswitchng.smartpos.modules.main.MainActivity}: isVisibleOrBehindKeyguardLw=true
V/WindowManager(  775): Fullscreen window: Window{313e19d6 u0 com.interswitchng.interswitchpossdkdemo.telpo.v2.debug/com.interswitchng.smartpos.modules.main.MainActivity}
I/WindowManager(  775): force=false forcefkg=true top=Window{313e19d6 u0 com.interswitchng.interswitchpossdkdemo.telpo.v2.debug/com.interswitchng.smartpos.modules.main.MainActivity}
V/WindowManager(  775): Showing status bar: forced
V/WindowManager(  775): finishPostLayoutPolicyLw: mHideKeyguard=false
E/qdutils (  262): int qdutils::getHDMINode(): Failed to open fb node 1
E/qdutils (  262): int qdutils::getHDMINode(): Failed to open fb node 2
E/qdutils (  262): int qdutils::getHDMINode(): Failed to find HDMI node
I/WindowManager(  775): mDock rect: (0,0 - 720,1280)
V/WindowManager(  775): Status bar: dock=[0,50][720,1280] content=[0,50][720,1280] cur=[0,50][720,1280]
V/WindowManager(  775): layoutWindowLw(): normal window
V/WindowManager(  775): Compute frame : sim=#20 attach=null type=2015 flags=0x01000018 pf=[0,50][720,1280] df=[0,50][720,1280] of=[0,50][720,1280] cf=[0,50][720,1280] vf=[0,50][720,1280] dcf=[0,0][720,1280] sf=[0,50][720,1280]
V/WindowManager(  775): Compute frame StatusBar: sim=#10 attach=null type=2000 flags=0x81960040 pf=[0,0][720,1280] df=[0,0][720,1280] of=[0,0][720,1280] cf=[0,50][720,1280] vf=[0,50][720,1280] dcf=[0,0][0,0] sf=[0,50][720,1280]
V/WindowManager(  775): layoutWindowLw(com.android.phasebeam.PhaseBeamWallpaper): IN_SCREEN
V/WindowManager(  775): Compute frame com.android.phasebeam.PhaseBeamWallpaper: sim=#0 attach=null type=2013 flags=0x00000308 pf=[0,0][720,1280] df=[-10000,-10000][10000,10000] of=[0,0][720,1280] cf=[0,0][720,1280] vf=[0,50][720,1280] dcf=[0,0][720,1280] sf=[0,50][720,1280]
V/WindowManager(  775): layoutWindowLw(com.interswitchng.interswitchpossdkdemo.telpo.v2.debug/com.interswitchng.smartpos.modules.main.MainActivity): IN_SCREEN, INSET_DECOR
V/WindowManager(  775): Compute frame com.interswitchng.interswitchpossdkdemo.telpo.v2.debug/com.interswitchng.smartpos.modules.main.MainActivity: sim=#20 attach=null type=1 flags=0x81810100 pf=[0,0][720,1280] df=[0,0][720,1280] of=[0,0][720,1280] cf=[0,50][720,1280] vf=[0,50][720,1280] dcf=[0,0][720,1280] sf=[0,50][720,1280]
I/WindowManager(  775): Win Window{bff5d73 u0 android}: isVisibleOrBehindKeyguardLw=true
I/WindowManager(  775): Win Window{7989c4a u0 StatusBar}: isVisibleOrBehindKeyguardLw=true
I/WindowManager(  775): Win Window{1ea30909 u0 com.android.phasebeam.PhaseBeamWallpaper}: isVisibleOrBehindKeyguardLw=true
I/WindowManager(  775): Win Window{313e19d6 u0 com.interswitchng.interswitchpossdkdemo.telpo.v2.debug/com.interswitchng.smartpos.modules.main.MainActivity}: isVisibleOrBehindKeyguardLw=true
V/WindowManager(  775): Fullscreen window: Window{313e19d6 u0 com.interswitchng.interswitchpossdkdemo.telpo.v2.debug/com.interswitchng.smartpos.modules.main.MainActivity}
I/WindowManager(  775): force=false forcefkg=true top=Window{313e19d6 u0 com.interswitchng.interswitchpossdkdemo.telpo.v2.debug/com.interswitchng.smartpos.modules.main.MainActivity}
V/WindowManager(  775): Showing status bar: forced
V/WindowManager(  775): finishPostLayoutPolicyLw: mHideKeyguard=false
I/WindowManager(  775): All windows ready for display!
W/WindowManager(  775): Setting mWindowManagerDrawComplete
D/WindowManager(  775): finishScreenTurningOn: mAwake=true, mScreenOnEarly=true, mScreenOnFully=false, mKeyguardDrawComplete=true, mWindowManagerDrawComplete=true
I/WindowManager(  775): Finished screen turning on...
I/WindowManager(  775): Win Window{bff5d73 u0 android}: isVisibleOrBehindKeyguardLw=true
I/WindowManager(  775): Win Window{7989c4a u0 StatusBar}: isVisibleOrBehindKeyguardLw=true
I/WindowManager(  775): Win Window{1ea30909 u0 com.android.phasebeam.PhaseBeamWallpaper}: isVisibleOrBehindKeyguardLw=true
I/WindowManager(  775): Win Window{313e19d6 u0 com.interswitchng.interswitchpossdkdemo.telpo.v2.debug/com.interswitchng.smartpos.modules.main.MainActivity}: isVisibleOrBehindKeyguardLw=true
V/WindowManager(  775): Fullscreen window: Window{313e19d6 u0 com.interswitchng.interswitchpossdkdemo.telpo.v2.debug/com.interswitchng.smartpos.modules.main.MainActivity}
I/WindowManager(  775): force=false forcefkg=true top=Window{313e19d6 u0 com.interswitchng.interswitchpossdkdemo.telpo.v2.debug/com.interswitchng.smartpos.modules.main.MainActivity}
V/WindowManager(  775): Showing status bar: forced
V/WindowManager(  775): finishPostLayoutPolicyLw: mHideKeyguard=false
I/DisplayPowerController(  775): Unblocked screen on after 456 ms
D/GestureManagerService( 3271): echo 0 to /sys/class/gesture/gesture_ft5x06/pocket
W/GestureManagerService( 3271): failed to set node: java.io.FileNotFoundException: /sys/class/gesture/gesture_ft5x06/pocket: open failed: ENOENT (No such file or directory)
I/DreamManagerService(  775): Gently waking up from dream.
D/StatusBar.MSimNetworkController( 2940): getPhoneId phoneId: 0
D/StatusBar.MSimNetworkController( 2940): onDataActivity received on phoneId :0direction=0
D/StatusBar.MSimNetworkController( 2940): updateDataIcon phoneId =0
I/SurfaceFlinger(  262): FPS: 4
D/StatusBar.MSimNetworkController( 2940): updateDataIcon dataSub =0
D/StatusBar.MSimNetworkController( 2940): updateDataIcon  when SimState =ABSENT
D/StatusBar.MSimNetworkController( 2940): updateDataIcon when mMSimDataConnected[0] =false mMSimMobileActivityIconId[0] = 0
D/StatusBar.MSimNetworkController( 2940): refreshViews phoneId =0mMSimDataConnected =false
D/StatusBar.MSimNetworkController( 2940): refreshViews mMSimDataActivity =0
D/StatusBar.MSimNetworkController( 2940): refreshViews: Data not connected!! Set no data type icon / Roaming for phoneId: 0
D/StatusBar.MSimNetworkController( 2940): refreshViews connected={ wifi } level=3 mMSimcombinedSignalIconId=0x7f020350/com.android.systemui:drawable/stat_sys_wifi_signal_3_fully mMSimcombinedActivityIconId=0x7f020347 mAirplaneMode=false mMSimDataActivity=0 mMSimPhoneSignalIconId=0x7f020339/com.android.systemui:drawable/stat_sys_signal_null mMSimDataDirectionIconId=0x0 mMSimDataSignalIconId=0x7f020339 mMSimDataTypeIconId=0x0/(null) mNoMSimIconId=0x7f02009a/com.android.systemui:drawable/ic_qs_no_sim mMSimMobileActivityIconId=0x0/(null) mWifiIconId=0x7f020350 mBluetoothTetherIconId=0x10806a2
D/StatusBar.MSimNetworkController( 2940): getPhoneId phoneId: 1
D/StatusBar.MSimNetworkController( 2940): onDataActivity received on phoneId :1direction=0
D/StatusBar.MSimNetworkController( 2940): updateDataIcon phoneId =1
D/StatusBar.MSimNetworkController( 2940): updateDataIcon dataSub =0
D/StatusBar.MSimNetworkController( 2940): updateDataIconi: phoneId1 is not DDS.  Clear the mMSimDataConnected Flag and return
D/StatusBar.MSimNetworkController( 2940): refreshViews phoneId =1mMSimDataConnected =false
D/StatusBar.MSimNetworkController( 2940): refreshViews mMSimDataActivity =0
D/StatusBar.MSimNetworkController( 2940): refreshViews: Data not connected!! Set no data type icon / Roaming for phoneId: 1
D/StatusBar.MSimNetworkController( 2940): refreshViews connected={ wifi } level=0 mMSimcombinedSignalIconId=0x7f020350/com.android.systemui:drawable/stat_sys_wifi_signal_3_fully mMSimcombinedActivityIconId=0x7f020347 mAirplaneMode=false mMSimDataActivity=0 mMSimPhoneSignalIconId=0x7f020339/com.android.systemui:drawable/stat_sys_signal_null mMSimDataDirectionIconId=0x0 mMSimDataSignalIconId=0x7f020339 mMSimDataTypeIconId=0x0/(null) mNoMSimIconId=0x7f02009a/com.android.systemui:drawable/ic_qs_no_sim mMSimMobileActivityIconId=0x0/(null) mWifiIconId=0x7f020350 mBluetoothTetherIconId=0x10806a2
D/StatusBar.MSimNetworkController( 2940): getPhoneId phoneId: 0
D/StatusBar.MSimNetworkController( 2940): onDataActivity received on phoneId :0direction=0
D/StatusBar.MSimNetworkController( 2940): updateDataIcon phoneId =0
D/StatusBar.MSimNetworkController( 2940): updateDataIcon dataSub =0
D/StatusBar.MSimNetworkController( 2940): updateDataIcon  when SimState =ABSENT
D/StatusBar.MSimNetworkController( 2940): updateDataIcon when mMSimDataConnected[0] =false mMSimMobileActivityIconId[0] = 0
D/StatusBar.MSimNetworkController( 2940): refreshViews phoneId =0mMSimDataConnected =false
D/StatusBar.MSimNetworkController( 2940): refreshViews mMSimDataActivity =0
D/StatusBar.MSimNetworkController( 2940): refreshViews: Data not connected!! Set no data type icon / Roaming for phoneId: 0
D/StatusBar.MSimNetworkController( 2940): refreshViews connected={ wifi } level=3 mMSimcombinedSignalIconId=0x7f020350/com.android.systemui:drawable/stat_sys_wifi_signal_3_fully mMSimcombinedActivityIconId=0x7f020347 mAirplaneMode=false mMSimDataActivity=0 mMSimPhoneSignalIconId=0x7f020339/com.android.systemui:drawable/stat_sys_signal_null mMSimDataDirectionIconId=0x0 mMSimDataSignalIconId=0x7f020339 mMSimDataTypeIconId=0x0/(null) mNoMSimIconId=0x7f02009a/com.android.systemui:drawable/ic_qs_no_sim mMSimMobileActivityIconId=0x0/(null) mWifiIconId=0x7f020350 mBluetoothTetherIconId=0x10806a2
I/DreamManagerService(  775): Leaving dreamland.
I/DreamController(  775): Stopping dream: name=ComponentInfo{com.android.systemui/com.android.systemui.doze.DozeService}, isTest=false, canDoze=true, userId=0
D/StatusBar.MSimNetworkController( 2940): getPhoneId phoneId: 1
D/StatusBar.MSimNetworkController( 2940): onDataActivity received on phoneId :1direction=0
D/StatusBar.MSimNetworkController( 2940): updateDataIcon phoneId =1
D/StatusBar.MSimNetworkController( 2940): updateDataIcon dataSub =0
D/StatusBar.MSimNetworkController( 2940): updateDataIconi: phoneId1 is not DDS.  Clear the mMSimDataConnected Flag and return
D/StatusBar.MSimNetworkController( 2940): refreshViews phoneId =1mMSimDataConnected =false
D/StatusBar.MSimNetworkController( 2940): refreshViews mMSimDataActivity =0
D/StatusBar.MSimNetworkController( 2940): refreshViews: Data not connected!! Set no data type icon / Roaming for phoneId: 1
D/StatusBar.MSimNetworkController( 2940): refreshViews connected={ wifi } level=0 mMSimcombinedSignalIconId=0x7f020350/com.android.systemui:drawable/stat_sys_wifi_signal_3_fully mMSimcombinedActivityIconId=0x7f020347 mAirplaneMode=false mMSimDataActivity=0 mMSimPhoneSignalIconId=0x7f020339/com.android.systemui:drawable/stat_sys_signal_null mMSimDataDirectionIconId=0x0 mMSimDataSignalIconId=0x7f020339 mMSimDataTypeIconId=0x0/(null) mNoMSimIconId=0x7f02009a/com.android.systemui:drawable/ic_qs_no_sim mMSimMobileActivityIconId=0x0/(null) mWifiIconId=0x7f020350 mBluetoothTetherIconId=0x10806a2
D/StatusBar.MSimNetworkController( 2940): getPhoneId phoneId: 0
D/StatusBar.MSimNetworkController( 2940): onDataActivity received on phoneId :0direction=0
D/StatusBar.MSimNetworkController( 2940): updateDataIcon phoneId =0
D/StatusBar.MSimNetworkController( 2940): updateDataIcon dataSub =0
D/StatusBar.MSimNetworkController( 2940): updateDataIcon  when SimState =ABSENT
D/StatusBar.MSimNetworkController( 2940): updateDataIcon when mMSimDataConnected[0] =false mMSimMobileActivityIconId[0] = 0
D/StatusBar.MSimNetworkController( 2940): refreshViews phoneId =0mMSimDataConnected =false
D/StatusBar.MSimNetworkController( 2940): refreshViews mMSimDataActivity =0
D/StatusBar.MSimNetworkController( 2940): refreshViews: Data not connected!! Set no data type icon / Roaming for phoneId: 0
D/StatusBar.MSimNetworkController( 2940): refreshViews connected={ wifi } level=3 mMSimcombinedSignalIconId=0x7f020350/com.android.systemui:drawable/stat_sys_wifi_signal_3_fully mMSimcombinedActivityIconId=0x7f020347 mAirplaneMode=false mMSimDataActivity=0 mMSimPhoneSignalIconId=0x7f020339/com.android.systemui:drawable/stat_sys_signal_null mMSimDataDirectionIconId=0x0 mMSimDataSignalIconId=0x7f020339 mMSimDataTypeIconId=0x0/(null) mNoMSimIconId=0x7f02009a/com.android.systemui:drawable/ic_qs_no_sim mMSimMobileActivityIconId=0x0/(null) mWifiIconId=0x7f020350 mBluetoothTetherIconId=0x10806a2
D/StatusBar.MSimNetworkController( 2940): getPhoneId phoneId: 1
D/StatusBar.MSimNetworkController( 2940): onDataActivity received on phoneId :1direction=0
D/StatusBar.MSimNetworkController( 2940): updateDataIcon phoneId =1
E/WifiStateMachine(  775): WifiStateMachine CMD_START_SCAN source -2 txSuccessRate=68.50 rxSuccessRate=53.00 targetRoamBSSID=any RSSI=-63
D/StatusBar.MSimNetworkController( 2940): updateDataIcon dataSub =0
D/StatusBar.MSimNetworkController( 2940): updateDataIconi: phoneId1 is not DDS.  Clear the mMSimDataConnected Flag and return
D/StatusBar.MSimNetworkController( 2940): refreshViews phoneId =1mMSimDataConnected =false
D/StatusBar.MSimNetworkController( 2940): refreshViews mMSimDataActivity =0
D/StatusBar.MSimNetworkController( 2940): refreshViews: Data not connected!! Set no data type icon / Roaming for phoneId: 1
D/StatusBar.MSimNetworkController( 2940): refreshViews connected={ wifi } level=0 mMSimcombinedSignalIconId=0x7f020350/com.android.systemui:drawable/stat_sys_wifi_signal_3_fully mMSimcombinedActivityIconId=0x7f020347 mAirplaneMode=false mMSimDataActivity=0 mMSimPhoneSignalIconId=0x7f020339/com.android.systemui:drawable/stat_sys_signal_null mMSimDataDirectionIconId=0x0 mMSimDataSignalIconId=0x7f020339 mMSimDataTypeIconId=0x0/(null) mNoMSimIconId=0x7f02009a/com.android.systemui:drawable/ic_qs_no_sim mMSimMobileActivityIconId=0x0/(null) mWifiIconId=0x7f020350 mBluetoothTetherIconId=0x10806a2
D/StatusBar.MSimNetworkController( 2940): getPhoneId phoneId: 0
D/StatusBar.MSimNetworkController( 2940): onDataActivity received on phoneId :0direction=0
D/StatusBar.MSimNetworkController( 2940): updateDataIcon phoneId =0
D/StatusBar.MSimNetworkController( 2940): updateDataIcon dataSub =0
D/StatusBar.MSimNetworkController( 2940): updateDataIcon  when SimState =ABSENT
D/StatusBar.MSimNetworkController( 2940): updateDataIcon when mMSimDataConnected[0] =false mMSimMobileActivityIconId[0] = 0
D/StatusBar.MSimNetworkController( 2940): refreshViews phoneId =0mMSimDataConnected =false
D/StatusBar.MSimNetworkController( 2940): refreshViews mMSimDataActivity =0
I/PPDaemon(  344): int ScreenRefresher::Refresh(uint32_t, uint32_t)(): Skipping refresh request! refCount 1, state 5
I/PPDaemon(  344): int ScreenRefresher::Refresh(uint32_t, uint32_t)(): Skipping refresh request! refCount 2, state 5
D/StatusBar.MSimNetworkController( 2940): refreshViews: Data not connected!! Set no data type icon / Roaming for phoneId: 0
D/StatusBar.MSimNetworkController( 2940): refreshViews connected={ wifi } level=3 mMSimcombinedSignalIconId=0x7f020350/com.android.systemui:drawable/stat_sys_wifi_signal_3_fully mMSimcombinedActivityIconId=0x7f020347 mAirplaneMode=false mMSimDataActivity=0 mMSimPhoneSignalIconId=0x7f020339/com.android.systemui:drawable/stat_sys_signal_null mMSimDataDirectionIconId=0x0 mMSimDataSignalIconId=0x7f020339 mMSimDataTypeIconId=0x0/(null) mNoMSimIconId=0x7f02009a/com.android.systemui:drawable/ic_qs_no_sim mMSimMobileActivityIconId=0x0/(null) mWifiIconId=0x7f020350 mBluetoothTetherIconId=0x10806a2
D/StatusBar.MSimNetworkController( 2940): getPhoneId phoneId: 1
D/StatusBar.MSimNetworkController( 2940): onDataActivity received on phoneId :1direction=0
D/StatusBar.MSimNetworkController( 2940): updateDataIcon phoneId =1
D/StatusBar.MSimNetworkController( 2940): updateDataIcon dataSub =0
D/StatusBar.MSimNetworkController( 2940): updateDataIconi: phoneId1 is not DDS.  Clear the mMSimDataConnected Flag and return
D/StatusBar.MSimNetworkController( 2940): refreshViews phoneId =1mMSimDataConnected =false
D/StatusBar.MSimNetworkController( 2940): refreshViews mMSimDataActivity =0
D/StatusBar.MSimNetworkController( 2940): refreshViews: Data not connected!! Set no data type icon / Roaming for phoneId: 1
D/StatusBar.MSimNetworkController( 2940): refreshViews connected={ wifi } level=0 mMSimcombinedSignalIconId=0x7f020350/com.android.systemui:drawable/stat_sys_wifi_signal_3_fully mMSimcombinedActivityIconId=0x7f020347 mAirplaneMode=false mMSimDataActivity=0 mMSimPhoneSignalIconId=0x7f020339/com.android.systemui:drawable/stat_sys_signal_null mMSimDataDirectionIconId=0x0 mMSimDataSignalIconId=0x7f020339 mMSimDataTypeIconId=0x0/(null) mNoMSimIconId=0x7f02009a/com.android.systemui:drawable/ic_qs_no_sim mMSimMobileActivityIconId=0x0/(null) mWifiIconId=0x7f020350 mBluetoothTetherIconId=0x10806a2
D/BatteryMeterView( 2940): onDraw level = 100
D/Ulp_jni (  775): JNI:system_update. Event-0
E/LocSvc_libulp(  775): I/===> int ulp_msg_process_system_update(UlpSystemEvent) line 1455 
E/LocSvc_libulp(  775): W/Loc HAL handshake did not happen yet...
D/StatusBar.MSimNetworkController( 2940): getPhoneId phoneId: 0
D/StatusBar.MSimNetworkController( 2940): onDataActivity received on phoneId :0direction=0
D/StatusBar.MSimNetworkController( 2940): updateDataIcon phoneId =0
D/StatusBar.MSimNetworkController( 2940): updateDataIcon dataSub =0
D/StatusBar.MSimNetworkController( 2940): updateDataIcon  when SimState =ABSENT
D/StatusBar.MSimNetworkController( 2940): updateDataIcon when mMSimDataConnected[0] =false mMSimMobileActivityIconId[0] = 0
D/StatusBar.MSimNetworkController( 2940): refreshViews phoneId =0mMSimDataConnected =false
D/StatusBar.MSimNetworkController( 2940): refreshViews mMSimDataActivity =0
D/StatusBar.MSimNetworkController( 2940): refreshViews: Data not connected!! Set no data type icon / Roaming for phoneId: 0
D/StatusBar.MSimNetworkController( 2940): refreshViews connected={ wifi } level=3 mMSimcombinedSignalIconId=0x7f020350/com.android.systemui:drawable/stat_sys_wifi_signal_3_fully mMSimcombinedActivityIconId=0x7f020347 mAirplaneMode=false mMSimDataActivity=0 mMSimPhoneSignalIconId=0x7f020339/com.android.systemui:drawable/stat_sys_signal_null mMSimDataDirectionIconId=0x0 mMSimDataSignalIconId=0x7f020339 mMSimDataTypeIconId=0x0/(null) mNoMSimIconId=0x7f02009a/com.android.systemui:drawable/ic_qs_no_sim mMSimMobileActivityIconId=0x0/(null) mWifiIconId=0x7f020350 mBluetoothTetherIconId=0x10806a2
D/StatusBar.MSimNetworkController( 2940): getPhoneId phoneId: 1
D/StatusBar.MSimNetworkController( 2940): onDataActivity received on phoneId :1direction=0
D/StatusBar.MSimNetworkController( 2940): updateDataIcon phoneId =1
D/StatusBar.MSimNetworkController( 2940): updateDataIcon dataSub =0
D/StatusBar.MSimNetworkController( 2940): updateDataIconi: phoneId1 is not DDS.  Clear the mMSimDataConnected Flag and return
D/StatusBar.MSimNetworkController( 2940): refreshViews phoneId =1mMSimDataConnected =false
D/StatusBar.MSimNetworkController( 2940): refreshViews mMSimDataActivity =0
D/StatusBar.MSimNetworkController( 2940): refreshViews: Data not connected!! Set no data type icon / Roaming for phoneId: 1
D/StatusBar.MSimNetworkController( 2940): refreshViews connected={ wifi } level=0 mMSimcombinedSignalIconId=0x7f020350/com.android.systemui:drawable/stat_sys_wifi_signal_3_fully mMSimcombinedActivityIconId=0x7f020347 mAirplaneMode=false mMSimDataActivity=0 mMSimPhoneSignalIconId=0x7f020339/com.android.systemui:drawable/stat_sys_signal_null mMSimDataDirectionIconId=0x0 mMSimDataSignalIconId=0x7f020339 mMSimDataTypeIconId=0x0/(null) mNoMSimIconId=0x7f02009a/com.android.systemui:drawable/ic_qs_no_sim mMSimMobileActivityIconId=0x0/(null) mWifiIconId=0x7f020350 mBluetoothTetherIconId=0x10806a2
D/StatusBar.MSimNetworkController( 2940): getPhoneId phoneId: 1
D/StatusBar.MSimNetworkController( 2940): onDataActivity received on phoneId :1direction=0
D/StatusBar.MSimNetworkController( 2940): updateDataIcon phoneId =1
D/StatusBar.MSimNetworkController( 2940): updateDataIcon dataSub =0
D/StatusBar.MSimNetworkController( 2940): updateDataIconi: phoneId1 is not DDS.  Clear the mMSimDataConnected Flag and return
D/StatusBar.MSimNetworkController( 2940): refreshViews phoneId =1mMSimDataConnected =false
D/StatusBar.MSimNetworkController( 2940): refreshViews mMSimDataActivity =0
D/StatusBar.MSimNetworkController( 2940): refreshViews: Data not connected!! Set no data type icon / Roaming for phoneId: 1
D/StatusBar.MSimNetworkController( 2940): refreshViews connected={ wifi } level=0 mMSimcombinedSignalIconId=0x7f020350/com.android.systemui:drawable/stat_sys_wifi_signal_3_fully mMSimcombinedActivityIconId=0x7f020347 mAirplaneMode=false mMSimDataActivity=0 mMSimPhoneSignalIconId=0x7f020339/com.android.systemui:drawable/stat_sys_signal_null mMSimDataDirectionIconId=0x0 mMSimDataSignalIconId=0x7f020339 mMSimDataTypeIconId=0x0/(null) mNoMSimIconId=0x7f02009a/com.android.systemui:drawable/ic_qs_no_sim mMSimMobileActivityIconId=0x0/(null) mWifiIconId=0x7f020350 mBluetoothTetherIconId=0x10806a2
D/StatusBar.MSimNetworkController( 2940): getPhoneId phoneId: 0
D/StatusBar.MSimNetworkController( 2940): onDataActivity received on phoneId :0direction=0
D/StatusBar.MSimNetworkController( 2940): updateDataIcon phoneId =0
D/StatusBar.MSimNetworkController( 2940): updateDataIcon dataSub =0
D/StatusBar.MSimNetworkController( 2940): updateDataIcon  when SimState =ABSENT
D/StatusBar.MSimNetworkController( 2940): updateDataIcon when mMSimDataConnected[0] =false mMSimMobileActivityIconId[0] = 0
D/StatusBar.MSimNetworkController( 2940): refreshViews phoneId =0mMSimDataConnected =false
D/StatusBar.MSimNetworkController( 2940): refreshViews mMSimDataActivity =0
D/StatusBar.MSimNetworkController( 2940): refreshViews: Data not connected!! Set no data type icon / Roaming for phoneId: 0
D/StatusBar.MSimNetworkController( 2940): refreshViews connected={ wifi } level=3 mMSimcombinedSignalIconId=0x7f020350/com.android.systemui:drawable/stat_sys_wifi_signal_3_fully mMSimcombinedActivityIconId=0x7f020347 mAirplaneMode=false mMSimDataActivity=0 mMSimPhoneSignalIconId=0x7f020339/com.android.systemui:drawable/stat_sys_signal_null mMSimDataDirectionIconId=0x0 mMSimDataSignalIconId=0x7f020339 mMSimDataTypeIconId=0x0/(null) mNoMSimIconId=0x7f02009a/com.android.systemui:drawable/ic_qs_no_sim mMSimMobileActivityIconId=0x0/(null) mWifiIconId=0x7f020350 mBluetoothTetherIconId=0x10806a2
D/StatusBar.MSimNetworkController( 2940): getPhoneId phoneId: 1
D/StatusBar.MSimNetworkController( 2940): onDataActivity received on phoneId :1direction=0
D/StatusBar.MSimNetworkController( 2940): updateDataIcon phoneId =1
D/StatusBar.MSimNetworkController( 2940): updateDataIcon dataSub =0
D/StatusBar.MSimNetworkController( 2940): updateDataIconi: phoneId1 is not DDS.  Clear the mMSimDataConnected Flag and return
D/StatusBar.MSimNetworkController( 2940): refreshViews phoneId =1mMSimDataConnected =false
D/StatusBar.MSimNetworkController( 2940): refreshViews mMSimDataActivity =0
D/StatusBar.MSimNetworkController( 2940): refreshViews: Data not connected!! Set no data type icon / Roaming for phoneId: 1
D/StatusBar.MSimNetworkController( 2940): refreshViews connected={ wifi } level=0 mMSimcombinedSignalIconId=0x7f020350/com.android.systemui:drawable/stat_sys_wifi_signal_3_fully mMSimcombinedActivityIconId=0x7f020347 mAirplaneMode=false mMSimDataActivity=0 mMSimPhoneSignalIconId=0x7f020339/com.android.systemui:drawable/stat_sys_signal_null mMSimDataDirectionIconId=0x0 mMSimDataSignalIconId=0x7f020339 mMSimDataTypeIconId=0x0/(null) mNoMSimIconId=0x7f02009a/com.android.systemui:drawable/ic_qs_no_sim mMSimMobileActivityIconId=0x0/(null) mWifiIconId=0x7f020350 mBluetoothTetherIconId=0x10806a2
D/StatusBar.MSimNetworkController( 2940): getPhoneId phoneId: 0
D/StatusBar.MSimNetworkController( 2940): onDataActivity received on phoneId :0direction=0
D/StatusBar.MSimNetworkController( 2940): updateDataIcon phoneId =0
D/StatusBar.MSimNetworkController( 2940): updateDataIcon dataSub =0
D/StatusBar.MSimNetworkController( 2940): updateDataIcon  when SimState =ABSENT
D/StatusBar.MSimNetworkController( 2940): updateDataIcon when mMSimDataConnected[0] =false mMSimMobileActivityIconId[0] = 0
D/StatusBar.MSimNetworkController( 2940): refreshViews phoneId =0mMSimDataConnected =false
D/StatusBar.MSimNetworkController( 2940): refreshViews mMSimDataActivity =0
D/StatusBar.MSimNetworkController( 2940): refreshViews: Data not connected!! Set no data type icon / Roaming for phoneId: 0
D/StatusBar.MSimNetworkController( 2940): refreshViews connected={ wifi } level=3 mMSimcombinedSignalIconId=0x7f020350/com.android.systemui:drawable/stat_sys_wifi_signal_3_fully mMSimcombinedActivityIconId=0x7f020347 mAirplaneMode=false mMSimDataActivity=0 mMSimPhoneSignalIconId=0x7f020339/com.android.systemui:drawable/stat_sys_signal_null mMSimDataDirectionIconId=0x0 mMSimDataSignalIconId=0x7f020339 mMSimDataTypeIconId=0x0/(null) mNoMSimIconId=0x7f02009a/com.android.systemui:drawable/ic_qs_no_sim mMSimMobileActivityIconId=0x0/(null) mWifiIconId=0x7f020350 mBluetoothTetherIconId=0x10806a2
D/StatusBar.MSimNetworkController( 2940): getPhoneId phoneId: 0
D/StatusBar.MSimNetworkController( 2940): onDataActivity received on phoneId :0direction=0
D/StatusBar.MSimNetworkController( 2940): updateDataIcon phoneId =0
D/StatusBar.MSimNetworkController( 2940): updateDataIcon dataSub =0
D/StatusBar.MSimNetworkController( 2940): updateDataIcon  when SimState =ABSENT
D/StatusBar.MSimNetworkController( 2940): updateDataIcon when mMSimDataConnected[0] =false mMSimMobileActivityIconId[0] = 0
D/StatusBar.MSimNetworkController( 2940): refreshViews phoneId =0mMSimDataConnected =false
D/StatusBar.MSimNetworkController( 2940): refreshViews mMSimDataActivity =0
D/StatusBar.MSimNetworkController( 2940): refreshViews: Data not connected!! Set no data type icon / Roaming for phoneId: 0
D/StatusBar.MSimNetworkController( 2940): refreshViews connected={ wifi } level=3 mMSimcombinedSignalIconId=0x7f020350/com.android.systemui:drawable/stat_sys_wifi_signal_3_fully mMSimcombinedActivityIconId=0x7f020347 mAirplaneMode=false mMSimDataActivity=0 mMSimPhoneSignalIconId=0x7f020339/com.android.systemui:drawable/stat_sys_signal_null mMSimDataDirectionIconId=0x0 mMSimDataSignalIconId=0x7f020339 mMSimDataTypeIconId=0x0/(null) mNoMSimIconId=0x7f02009a/com.android.systemui:drawable/ic_qs_no_sim mMSimMobileActivityIconId=0x0/(null) mWifiIconId=0x7f020350 mBluetoothTetherIconId=0x10806a2
D/StatusBar.MSimNetworkController( 2940): getPhoneId phoneId: 1
D/StatusBar.MSimNetworkController( 2940): onDataActivity received on phoneId :1direction=0
D/StatusBar.MSimNetworkController( 2940): updateDataIcon phoneId =1
D/StatusBar.MSimNetworkController( 2940): updateDataIcon dataSub =0
D/StatusBar.MSimNetworkController( 2940): updateDataIconi: phoneId1 is not DDS.  Clear the mMSimDataConnected Flag and return
D/StatusBar.MSimNetworkController( 2940): refreshViews phoneId =1mMSimDataConnected =false
D/StatusBar.MSimNetworkController( 2940): refreshViews mMSimDataActivity =0
D/StatusBar.MSimNetworkController( 2940): refreshViews: Data not connected!! Set no data type icon / Roaming for phoneId: 1
D/StatusBar.MSimNetworkController( 2940): refreshViews connected={ wifi } level=0 mMSimcombinedSignalIconId=0x7f020350/com.android.systemui:drawable/stat_sys_wifi_signal_3_fully mMSimcombinedActivityIconId=0x7f020347 mAirplaneMode=false mMSimDataActivity=0 mMSimPhoneSignalIconId=0x7f020339/com.android.systemui:drawable/stat_sys_signal_null mMSimDataDirectionIconId=0x0 mMSimDataSignalIconId=0x7f020339 mMSimDataTypeIconId=0x0/(null) mNoMSimIconId=0x7f02009a/com.android.systemui:drawable/ic_qs_no_sim mMSimMobileActivityIconId=0x0/(null) mWifiIconId=0x7f020350 mBluetoothTetherIconId=0x10806a2
D/BatteryMeterView( 2940): onDraw level = 13
D/PhoneStatusBar( 2940): disable: < expand ICONS alerts SYSTEM_INFO back HOME RECENT clock SEARCH >
I/WindowManager(  775): Win Window{bff5d73 u0 android}: isVisibleOrBehindKeyguardLw=true
I/WindowManager(  775): Win Window{7989c4a u0 StatusBar}: isVisibleOrBehindKeyguardLw=true
I/WindowManager(  775): Win Window{1ea30909 u0 com.android.phasebeam.PhaseBeamWallpaper}: isVisibleOrBehindKeyguardLw=true
I/WindowManager(  775): Win Window{313e19d6 u0 com.interswitchng.interswitchpossdkdemo.telpo.v2.debug/com.interswitchng.smartpos.modules.main.MainActivity}: isVisibleOrBehindKeyguardLw=true
V/WindowManager(  775): Fullscreen window: Window{313e19d6 u0 com.interswitchng.interswitchpossdkdemo.telpo.v2.debug/com.interswitchng.smartpos.modules.main.MainActivity}
I/WindowManager(  775): force=false forcefkg=true top=Window{313e19d6 u0 com.interswitchng.interswitchpossdkdemo.telpo.v2.debug/com.interswitchng.smartpos.modules.main.MainActivity}
V/WindowManager(  775): Showing status bar: forced
V/WindowManager(  775): finishPostLayoutPolicyLw: mHideKeyguard=false
D/WindowManager(  775): PWM.startKeyguardExitAnimation
I/WindowManager(  775): mDock rect: (0,0 - 720,1280)
V/WindowManager(  775): Status bar: dock=[0,50][720,1280] content=[0,50][720,1280] cur=[0,50][720,1280]
V/WindowManager(  775): layoutWindowLw(): normal window
V/WindowManager(  775): Compute frame : sim=#20 attach=null type=2015 flags=0x01000018 pf=[0,50][720,1280] df=[0,50][720,1280] of=[0,50][720,1280] cf=[0,50][720,1280] vf=[0,50][720,1280] dcf=[0,0][720,1280] sf=[0,50][720,1280]
V/WindowManager(  775): Compute frame StatusBar: sim=#10 attach=null type=2000 flags=0x81960040 pf=[0,0][720,1280] df=[0,0][720,1280] of=[0,0][720,1280] cf=[0,50][720,1280] vf=[0,50][720,1280] dcf=[0,0][0,0] sf=[0,50][720,1280]
V/WindowManager(  775): layoutWindowLw(com.interswitchng.interswitchpossdkdemo.telpo.v2.debug/com.interswitchng.smartpos.modules.main.MainActivity): IN_SCREEN, INSET_DECOR
V/WindowManager(  775): Compute frame com.interswitchng.interswitchpossdkdemo.telpo.v2.debug/com.interswitchng.smartpos.modules.main.MainActivity: sim=#20 attach=null type=1 flags=0x81810100 pf=[0,0][720,1280] df=[0,0][720,1280] of=[0,0][720,1280] cf=[0,50][720,1280] vf=[0,50][720,1280] dcf=[0,0][720,1280] sf=[0,50][720,1280]
V/WindowManager(  775): layoutWindowLw(com.android.phasebeam.PhaseBeamWallpaper): IN_SCREEN
V/WindowManager(  775): Compute frame com.android.phasebeam.PhaseBeamWallpaper: sim=#0 attach=null type=2013 flags=0x00000308 pf=[0,0][720,1280] df=[-10000,-10000][10000,10000] of=[0,0][720,1280] cf=[0,0][720,1280] vf=[0,50][720,1280] dcf=[0,0][720,1280] sf=[0,50][720,1280]
I/WindowManager(  775): Win Window{bff5d73 u0 android}: isVisibleOrBehindKeyguardLw=true
I/WindowManager(  775): Win Window{7989c4a u0 StatusBar}: isVisibleOrBehindKeyguardLw=true
I/WindowManager(  775): Win Window{313e19d6 u0 com.interswitchng.interswitchpossdkdemo.telpo.v2.debug/com.interswitchng.smartpos.modules.main.MainActivity}: isVisibleOrBehindKeyguardLw=true
V/WindowManager(  775): Fullscreen window: Window{313e19d6 u0 com.interswitchng.interswitchpossdkdemo.telpo.v2.debug/com.interswitchng.smartpos.modules.main.MainActivity}
I/WindowManager(  775): Win Window{1ea30909 u0 com.android.phasebeam.PhaseBeamWallpaper}: isVisibleOrBehindKeyguardLw=true
I/WindowManager(  775): force=false forcefkg=true top=Window{313e19d6 u0 com.interswitchng.interswitchpossdkdemo.telpo.v2.debug/com.interswitchng.smartpos.modules.main.MainActivity}
V/WindowManager(  775): Showing status bar: forced
V/WindowManager(  775): finishPostLayoutPolicyLw: mHideKeyguard=false
I/WindowManager(  775): mDock rect: (0,0 - 720,1280)
V/WindowManager(  775): Status bar: dock=[0,50][720,1280] content=[0,50][720,1280] cur=[0,50][720,1280]
V/WindowManager(  775): layoutWindowLw(): normal window
V/WindowManager(  775): Compute frame : sim=#20 attach=null type=2015 flags=0x01000018 pf=[0,50][720,1280] df=[0,50][720,1280] of=[0,50][720,1280] cf=[0,50][720,1280] vf=[0,50][720,1280] dcf=[0,0][720,1280] sf=[0,50][720,1280]
V/WindowManager(  775): Compute frame StatusBar: sim=#10 attach=null type=2000 flags=0x81960040 pf=[0,0][720,1280] df=[0,0][720,1280] of=[0,0][720,1280] cf=[0,50][720,1280] vf=[0,50][720,1280] dcf=[0,0][0,0] sf=[0,50][720,1280]
V/WindowManager(  775): layoutWindowLw(com.interswitchng.interswitchpossdkdemo.telpo.v2.debug/com.interswitchng.smartpos.modules.main.MainActivity): IN_SCREEN, INSET_DECOR
V/WindowManager(  775): Compute frame com.interswitchng.interswitchpossdkdemo.telpo.v2.debug/com.interswitchng.smartpos.modules.main.MainActivity: sim=#20 attach=null type=1 flags=0x81810100 pf=[0,0][720,1280] df=[0,0][720,1280] of=[0,0][720,1280] cf=[0,50][720,1280] vf=[0,50][720,1280] dcf=[0,0][720,1280] sf=[0,50][720,1280]
V/WindowManager(  775): layoutWindowLw(com.android.phasebeam.PhaseBeamWallpaper): IN_SCREEN
V/WindowManager(  775): Compute frame com.android.phasebeam.PhaseBeamWallpaper: sim=#0 attach=null type=2013 flags=0x00000308 pf=[0,0][720,1280] df=[-10000,-10000][10000,10000] of=[0,0][720,1280] cf=[0,0][720,1280] vf=[0,50][720,1280] dcf=[0,0][720,1280] sf=[0,50][720,1280]
I/WindowManager(  775): Win Window{bff5d73 u0 android}: isVisibleOrBehindKeyguardLw=true
I/WindowManager(  775): Win Window{7989c4a u0 StatusBar}: isVisibleOrBehindKeyguardLw=true
I/WindowManager(  775): Win Window{313e19d6 u0 com.interswitchng.interswitchpossdkdemo.telpo.v2.debug/com.interswitchng.smartpos.modules.main.MainActivity}: isVisibleOrBehindKeyguardLw=true
V/WindowManager(  775): Fullscreen window: Window{313e19d6 u0 com.interswitchng.interswitchpossdkdemo.telpo.v2.debug/com.interswitchng.smartpos.modules.main.MainActivity}
I/WindowManager(  775): Win Window{1ea30909 u0 com.android.phasebeam.PhaseBeamWallpaper}: isVisibleOrBehindKeyguardLw=true
I/WindowManager(  775): force=false forcefkg=true top=Window{313e19d6 u0 com.interswitchng.interswitchpossdkdemo.telpo.v2.debug/com.interswitchng.smartpos.modules.main.MainActivity}
V/WindowManager(  775): Showing status bar: forced
V/WindowManager(  775): finishPostLayoutPolicyLw: mHideKeyguard=false
E/AudioPolicyManager(  301): unknown stream type 13
E/AudioPolicyManager(  301): unknown stream type 13
E/AudioPolicyManager(  301): unknown stream type 13
E/AudioPolicyManager(  301): unknown stream type 13
E/AudioPolicyManager(  301): unknown stream type 13
E/AudioPolicyManager(  301): unknown stream type 13
E/AudioPolicyManager(  301): unknown stream type 13
E/AudioPolicyManager(  301): unknown stream type 13
E/AudioPolicyManager(  301): unknown stream type 13
D/audio_hw_primary(  301): start_output_stream: enter: stream(0xb79f3180)usecase(1: low-latency-playback) devices(0x2)
D/audio_hw_primary(  301): select_devices: out_snd_device(2: speaker) in_snd_device(0: )
D/hardware_info(  301): hw_info_append_hw_type : device_name = speaker
I/soundtrigger(  301): audio_extn_sound_trigger_update_device_status: device 0x2 of type 0 for Event 1, with Raise=0
W/audio_hw_utils(  301): audio_extn_utils_update_stream_app_type_cfg: App type could not be selected. Falling back to default
I/audio_hw_primary(  301): select_devices Selected apptype: 69936
D/soundtrigger(  301): audio_extn_sound_trigger_update_stream_status: uc_id 1 of type 0 for Event 3, with Raise=0
D/ACDB-LOADER(  301): ACDB -> send_audio_cal, acdb_id = 14, path =  0
D/ACDB-LOADER(  301): ACDB -> send_asm_topology
D/ACDB-LOADER(  301): ACDB -> ACDB_CMD_GET_AUDPROC_STREAM_TOPOLOGY_ID
D/ACDB-LOADER(  301): ACDB -> send_adm_topology
D/ACDB-LOADER(  301): ACDB -> ACDB_CMD_GET_AUDPROC_COMMON_TOPOLOGY_ID
D/ACDB-LOADER(  301): ACDB -> send_audtable
D/ACDB-L