06-03 17:36:57.216 D/VM_BMS  (  461): FIFO=0 fifo_avg=3.801773 rbatt=0.126000 slope=0.300000 ibatt=-0.000865 ocv=3.801664 soc=36 fcc_ah=2.200000 sample_count=8 sample_interval=70 seq_num=6722
06-03 17:36:57.218 I/VM_BMS  (  461): power_supply_update: ocv_uv=3801664 ibatt=-864 soc=36 seq_num=6722
06-03 17:36:57.218 D/VM_BMS  (  461): End process_bms_data
06-03 17:36:57.218 D/VM_BMS  (  461): wake_lock released
06-03 17:36:57.338 D/BatteryMeterView( 2940): not on charging...
06-03 17:36:57.342 D/BatteryMeterView( 2940): not on charging...
06-03 17:36:57.343 D/BatteryMeterView( 2940): not on charging...
06-03 17:36:58.753 I/qdhwcomposer(  262): handle_blank_event: dpy:0 panel power state: 0
06-03 17:36:58.754 E/qdutils (  262): int qdutils::getHDMINode(): Failed to open fb node 1
06-03 17:36:58.754 E/qdutils (  262): int qdutils::getHDMINode(): Failed to open fb node 2
06-03 17:36:58.754 E/qdutils (  262): int qdutils::getHDMINode(): Failed to find HDMI node
06-03 17:36:58.756 D/VM_BMS  (  461): wake_lock acquired
06-03 17:36:58.756 D/VM_BMS  (  461): New BMS data - Size=56
06-03 17:36:58.756 D/VM_BMS  (  461): Start process_bms_data
06-03 17:36:58.757 D/VM_BMS  (  461): Battery charge_cycle=0 fcc_adjust=0 rbatt_adjust=0 cycle_changed=false
06-03 17:36:58.769 D/VM_BMS  (  461): For batt_temp=255 fcc_mah=2200
06-03 17:36:58.769 D/VM_BMS  (  461): Lookup fcc_mah=2200.000000  adjusted fcc_mah=2200.000000
06-03 17:36:58.770 D/VM_BMS  (  461): For ocv=3801664 batt_temp=255 soc=36
06-03 17:36:58.770 D/VM_BMS  (  461): fifo_count=0 acc_count=8
06-03 17:36:58.770 D/VM_BMS  (  461): INIT: ocv=3801664 last_ocv=3801664 batt_temp=255 soc=36
06-03 17:36:58.770 D/VM_BMS  (  461): For soc=36 batt_temp=255 slope=3000
06-03 17:36:58.770 D/VM_BMS  (  461): For soc=36 batt_temp=255 rbatt_sf=106
06-03 17:36:58.770 D/VM_BMS  (  461): rbatt_mohm_default=72, rbatt_mohm=76, sf=106 batt_temp=255
06-03 17:36:58.770 D/VM_BMS  (  461): Lookup rbatt=76.000000  adjusted rbatt=76.000000
06-03 17:36:58.770 D/VM_BMS  (  461): For ocv=3801664 batt_temp=255 soc=36
06-03 17:36:58.770 D/VM_BMS  (  461): FIFO=0 fifo_avg=3.801166 rbatt=0.126000 slope=0.300000 ibatt=0.003952 ocv=3.801664 soc=36 fcc_ah=2.200000 sample_count=8 sample_interval=70 seq_num=6723
06-03 17:36:58.771 I/VM_BMS  (  461): power_supply_update: ocv_uv=3801664 ibatt=3952 soc=36 seq_num=6723
06-03 17:36:58.771 D/VM_BMS  (  461): End process_bms_data
06-03 17:36:58.772 D/VM_BMS  (  461): wake_lock released
06-03 17:36:58.893 D/BatteryMeterView( 2940): not on charging...
06-03 17:36:58.894 D/BatteryMeterView( 2940): not on charging...
06-03 17:36:58.894 D/BatteryMeterView( 2940): not on charging...
06-03 17:37:00.290 I/qdhwcomposer(  262): handle_blank_event: dpy:0 panel power state: 0
06-03 17:37:00.290 E/qdutils (  262): int qdutils::getHDMINode(): Failed to open fb node 1
06-03 17:37:00.291 E/qdutils (  262): int qdutils::getHDMINode(): Failed to open fb node 2
06-03 17:37:00.291 E/qdutils (  262): int qdutils::getHDMINode(): Failed to find HDMI node
06-03 17:37:00.291 V/WLAN_PSA(  314): NL MSG, len[4033], NL type[0x1C] WNI type[0x5900] len[43279]
06-03 17:37:00.291 V/WLAN_PSA(  314): NL MSG, PID: 314
06-03 17:37:00.295 D/VM_BMS  (  461): wake_lock acquired
06-03 17:37:00.295 D/VM_BMS  (  461): New BMS data - Size=56
06-03 17:37:00.295 D/VM_BMS  (  461): Start process_bms_data
06-03 17:37:00.296 D/VM_BMS  (  461): Battery charge_cycle=0 fcc_adjust=0 rbatt_adjust=0 cycle_changed=false
06-03 17:37:00.302 D/VM_BMS  (  461): For batt_temp=255 fcc_mah=2200
06-03 17:37:00.302 D/VM_BMS  (  461): Lookup fcc_mah=2200.000000  adjusted fcc_mah=2200.000000
06-03 17:37:00.302 D/VM_BMS  (  461): For ocv=3801664 batt_temp=255 soc=36
06-03 17:37:00.302 D/VM_BMS  (  461): fifo_count=0 acc_count=8
06-03 17:37:00.302 D/VM_BMS  (  461): INIT: ocv=3801664 last_ocv=3801664 batt_temp=255 soc=36
06-03 17:37:00.302 D/VM_BMS  (  461): For soc=36 batt_temp=255 slope=3000
06-03 17:37:00.302 D/VM_BMS  (  461): For soc=36 batt_temp=255 rbatt_sf=106
06-03 17:37:00.302 D/VM_BMS  (  461): rbatt_mohm_default=72, rbatt_mohm=76, sf=106 batt_temp=255
06-03 17:37:00.302 D/VM_BMS  (  461): Lookup rbatt=76.000000  adjusted rbatt=76.000000
06-03 17:37:00.302 D/VM_BMS  (  461): For ocv=3801664 batt_temp=255 soc=36
06-03 17:37:00.302 D/VM_BMS  (  461): FIFO=0 fifo_avg=3.801185 rbatt=0.126000 slope=0.300000 ibatt=0.003803 ocv=3.801664 soc=36 fcc_ah=2.200000 sample_count=8 sample_interval=70 seq_num=6724
06-03 17:37:00.305 I/VM_BMS  (  461): power_supply_update: ocv_uv=3801664 ibatt=3803 soc=36 seq_num=6724
06-03 17:37:00.305 D/VM_BMS  (  461): End process_bms_data
06-03 17:37:00.306 D/VM_BMS  (  461): wake_lock released
06-03 17:37:00.428 D/BatteryMeterView( 2940): not on charging...
06-03 17:37:00.428 D/BatteryMeterView( 2940): not on charging...
06-03 17:37:00.431 D/BatteryMeterView( 2940): not on charging...
06-03 17:37:01.823 I/qdhwcomposer(  262): handle_blank_event: dpy:0 panel power state: 0
06-03 17:37:01.823 E/qdutils (  262): int qdutils::getHDMINode(): Failed to open fb node 1
06-03 17:37:01.823 E/qdutils (  262): int qdutils::getHDMINode(): Failed to open fb node 2
06-03 17:37:01.823 E/qdutils (  262): int qdutils::getHDMINode(): Failed to find HDMI node
06-03 17:37:01.829 D/VM_BMS  (  461): wake_lock acquired
06-03 17:37:01.829 D/VM_BMS  (  461): New BMS data - Size=56
06-03 17:37:01.829 D/VM_BMS  (  461): Start process_bms_data
06-03 17:37:01.829 D/VM_BMS  (  461): Battery charge_cycle=0 fcc_adjust=0 rbatt_adjust=0 cycle_changed=false
06-03 17:37:01.834 D/VM_BMS  (  461): For batt_temp=255 fcc_mah=2200
06-03 17:37:01.834 D/VM_BMS  (  461): Lookup fcc_mah=2200.000000  adjusted fcc_mah=2200.000000
06-03 17:37:01.834 D/VM_BMS  (  461): For ocv=3801664 batt_temp=255 soc=36
06-03 17:37:01.834 D/VM_BMS  (  461): fifo_count=0 acc_count=8
06-03 17:37:01.834 D/VM_BMS  (  461): INIT: ocv=3801664 last_ocv=3801664 batt_temp=255 soc=36
06-03 17:37:01.834 D/VM_BMS  (  461): For soc=36 batt_temp=255 slope=3000
06-03 17:37:01.834 D/VM_BMS  (  461): For soc=36 batt_temp=255 rbatt_sf=106
06-03 17:37:01.834 D/VM_BMS  (  461): rbatt_mohm_default=72, rbatt_mohm=76, sf=106 batt_temp=255
06-03 17:37:01.834 D/VM_BMS  (  461): Lookup rbatt=76.000000  adjusted rbatt=76.000000
06-03 17:37:01.835 D/VM_BMS  (  461): For ocv=3801664 batt_temp=255 soc=36
06-03 17:37:01.835 D/VM_BMS  (  461): FIFO=0 fifo_avg=3.801135 rbatt=0.126000 slope=0.300000 ibatt=0.004198 ocv=3.801664 soc=36 fcc_ah=2.200000 sample_count=8 sample_interval=70 seq_num=6725
06-03 17:37:01.835 I/VM_BMS  (  461): power_supply_update: ocv_uv=3801664 ibatt=4198 soc=36 seq_num=6725
06-03 17:37:01.835 D/VM_BMS  (  461): End process_bms_data
06-03 17:37:01.836 D/VM_BMS  (  461): wake_lock released
06-03 17:37:01.969 D/BatteryMeterView( 2940): not on charging...
06-03 17:37:01.970 D/BatteryMeterView( 2940): not on charging...
06-03 17:37:01.970 D/BatteryMeterView( 2940): not on charging...
06-03 17:37:03.361 I/qdhwcomposer(  262): handle_blank_event: dpy:0 panel power state: 0
06-03 17:37:03.362 E/qdutils (  262): int qdutils::getHDMINode(): Failed to open fb node 1
06-03 17:37:03.362 E/qdutils (  262): int qdutils::getHDMINode(): Failed to open fb node 2
06-03 17:37:03.362 E/qdutils (  262): int qdutils::getHDMINode(): Failed to find HDMI node
06-03 17:37:03.363 V/WLAN_PSA(  314): NL MSG, len[4092], NL type[0x1C] WNI type[0x5900] len[58383]
06-03 17:37:03.363 V/WLAN_PSA(  314): NL MSG, PID: 314
06-03 17:37:03.364 D/VM_BMS  (  461): wake_lock acquired
06-03 17:37:03.364 D/VM_BMS  (  461): New BMS data - Size=56
06-03 17:37:03.364 D/VM_BMS  (  461): Start process_bms_data
06-03 17:37:03.365 D/VM_BMS  (  461): Battery charge_cycle=0 fcc_adjust=0 rbatt_adjust=0 cycle_changed=false
06-03 17:37:03.378 D/VM_BMS  (  461): For batt_temp=255 fcc_mah=2200
06-03 17:37:03.378 D/VM_BMS  (  461): Lookup fcc_mah=2200.000000  adjusted fcc_mah=2200.000000
06-03 17:37:03.378 D/VM_BMS  (  461): For ocv=3801664 batt_temp=255 soc=36
06-03 17:37:03.378 D/VM_BMS  (  461): fifo_count=0 acc_count=8
06-03 17:37:03.378 D/VM_BMS  (  461): INIT: ocv=3801664 last_ocv=3801664 batt_temp=255 soc=36
06-03 17:37:03.378 D/VM_BMS  (  461): For soc=36 batt_temp=255 slope=3000
06-03 17:37:03.378 D/VM_BMS  (  461): For soc=36 batt_temp=255 rbatt_sf=106
06-03 17:37:03.378 D/VM_BMS  (  461): rbatt_mohm_default=72, rbatt_mohm=76, sf=106 batt_temp=255
06-03 17:37:03.378 D/VM_BMS  (  461): Lookup rbatt=76.000000  adjusted rbatt=76.000000
06-03 17:37:03.378 D/VM_BMS  (  461): For ocv=3801664 batt_temp=255 soc=36
06-03 17:37:03.379 D/VM_BMS  (  461): FIFO=0 fifo_avg=3.799698 rbatt=0.126000 slope=0.300000 ibatt=0.015602 ocv=3.801664 soc=36 fcc_ah=2.200000 sample_count=8 sample_interval=70 seq_num=6726
06-03 17:37:03.380 I/VM_BMS  (  461): power_supply_update: ocv_uv=3801664 ibatt=15601 soc=36 seq_num=6726
06-03 17:37:03.380 D/VM_BMS  (  461): End process_bms_data
06-03 17:37:03.380 D/VM_BMS  (  461): wake_lock released
06-03 17:37:03.499 D/BatteryMeterView( 2940): not on charging...
06-03 17:37:03.500 D/BatteryMeterView( 2940): not on charging...
06-03 17:37:03.500 D/BatteryMeterView( 2940): not on charging...
06-03 17:37:05.203 I/qdhwcomposer(  262): handle_blank_event: dpy:0 panel power state: 0
06-03 17:37:05.204 E/qdutils (  262): int qdutils::getHDMINode(): Failed to open fb node 1
06-03 17:37:05.204 E/qdutils (  262): int qdutils::getHDMINode(): Failed to open fb node 2
06-03 17:37:05.204 E/qdutils (  262): int qdutils::getHDMINode(): Failed to find HDMI node
06-03 17:37:05.206 D/VM_BMS  (  461): wake_lock acquired
06-03 17:37:05.206 D/VM_BMS  (  461): New BMS data - Size=56
06-03 17:37:05.206 D/VM_BMS  (  461): Start process_bms_data
06-03 17:37:05.206 D/VM_BMS  (  461): Battery charge_cycle=0 fcc_adjust=0 rbatt_adjust=0 cycle_changed=false
06-03 17:37:05.218 D/VM_BMS  (  461): For batt_temp=255 fcc_mah=2200
06-03 17:37:05.218 D/VM_BMS  (  461): Lookup fcc_mah=2200.000000  adjusted fcc_mah=2200.000000
06-03 17:37:05.218 D/VM_BMS  (  461): For ocv=3801664 batt_temp=255 soc=36
06-03 17:37:05.218 D/VM_BMS  (  461): fifo_count=0 acc_count=8
06-03 17:37:05.218 D/VM_BMS  (  461): INIT: ocv=3801664 last_ocv=3801664 batt_temp=255 soc=36
06-03 17:37:05.218 D/VM_BMS  (  461): For soc=36 batt_temp=255 slope=3000
06-03 17:37:05.218 D/VM_BMS  (  461): For soc=36 batt_temp=255 rbatt_sf=106
06-03 17:37:05.219 D/VM_BMS  (  461): rbatt_mohm_default=72, rbatt_mohm=76, sf=106 batt_temp=255
06-03 17:37:05.219 D/VM_BMS  (  461): Lookup rbatt=76.000000  adjusted rbatt=76.000000
06-03 17:37:05.219 D/VM_BMS  (  461): For ocv=3801664 batt_temp=255 soc=36
06-03 17:37:05.219 D/VM_BMS  (  461): FIFO=0 fifo_avg=3.801464 rbatt=0.126000 slope=0.300000 ibatt=0.001587 ocv=3.801664 soc=36 fcc_ah=2.200000 sample_count=8 sample_interval=70 seq_num=6727
06-03 17:37:05.221 I/VM_BMS  (  461): power_supply_update: ocv_uv=3801664 ibatt=1587 soc=36 seq_num=6727
06-03 17:37:05.221 D/VM_BMS  (  461): End process_bms_data
06-03 17:37:05.221 D/VM_BMS  (  461): wake_lock released
06-03 17:37:05.335 D/BatteryMeterView( 2940): not on charging...
06-03 17:37:05.336 D/BatteryMeterView( 2940): not on charging...
06-03 17:37:05.336 D/BatteryMeterView( 2940): not on charging...
06-03 17:37:07.045 I/qdhwcomposer(  262): handle_blank_event: dpy:0 panel power state: 0
06-03 17:37:07.046 E/qdutils (  262): int qdutils::getHDMINode(): Failed to open fb node 1
06-03 17:37:07.046 E/qdutils (  262): int qdutils::getHDMINode(): Failed to open fb node 2
06-03 17:37:07.046 E/qdutils (  262): int qdutils::getHDMINode(): Failed to find HDMI node
06-03 17:37:07.047 D/VM_BMS  (  461): wake_lock acquired
06-03 17:37:07.047 D/VM_BMS  (  461): New BMS data - Size=56
06-03 17:37:07.047 D/VM_BMS  (  461): Start process_bms_data
06-03 17:37:07.047 D/VM_BMS  (  461): Battery charge_cycle=0 fcc_adjust=0 rbatt_adjust=0 cycle_changed=false
06-03 17:37:07.049 V/WLAN_PSA(  314): NL MSG, len[4000], NL type[0x1C] WNI type[0x5900] len[34831]
06-03 17:37:07.049 V/WLAN_PSA(  314): NL MSG, PID: 314
06-03 17:37:07.053 D/VM_BMS  (  461): For batt_temp=255 fcc_mah=2200
06-03 17:37:07.053 D/VM_BMS  (  461): Lookup fcc_mah=2200.000000  adjusted fcc_mah=2200.000000
06-03 17:37:07.053 D/VM_BMS  (  461): For ocv=3801664 batt_temp=255 soc=36
06-03 17:37:07.053 D/VM_BMS  (  461): fifo_count=0 acc_count=8
06-03 17:37:07.053 D/VM_BMS  (  461): INIT: ocv=3801664 last_ocv=3801664 batt_temp=255 soc=36
06-03 17:37:07.053 D/VM_BMS  (  461): For soc=36 batt_temp=255 slope=3000
06-03 17:37:07.054 D/VM_BMS  (  461): For soc=36 batt_temp=255 rbatt_sf=106
06-03 17:37:07.054 D/VM_BMS  (  461): rbatt_mohm_default=72, rbatt_mohm=76, sf=106 batt_temp=255
06-03 17:37:07.054 D/VM_BMS  (  461): Lookup rbatt=76.000000  adjusted rbatt=76.000000
06-03 17:37:07.054 D/VM_BMS  (  461): For ocv=3801664 batt_temp=255 soc=36
06-03 17:37:07.054 D/VM_BMS  (  461): FIFO=0 fifo_avg=3.801761 rbatt=0.126000 slope=0.300000 ibatt=-0.000768 ocv=3.801664 soc=36 fcc_ah=2.200000 sample_count=8 sample_interval=70 seq_num=6728
06-03 17:37:07.055 I/VM_BMS  (  461): power_supply_update: ocv_uv=3801664 ibatt=-768 soc=36 seq_num=6728
06-03 17:37:07.055 D/VM_BMS  (  461): End process_bms_data
06-03 17:37:07.055 D/VM_BMS  (  461): wake_lock released
06-03 17:37:07.183 D/BatteryMeterView( 2940): not on charging...
06-03 17:37:07.183 D/BatteryMeterView( 2940): not on charging...
06-03 17:37:07.184 D/BatteryMeterView( 2940): not on charging...
06-03 17:37:08.892 I/qdhwcomposer(  262): handle_blank_event: dpy:0 panel power state: 0
06-03 17:37:08.893 E/qdutils (  262): int qdutils::getHDMINode(): Failed to open fb node 1
06-03 17:37:08.893 E/qdutils (  262): int qdutils::getHDMINode(): Failed to open fb node 2
06-03 17:37:08.893 E/qdutils (  262): int qdutils::getHDMINode(): Failed to find HDMI node
06-03 17:37:08.894 D/VM_BMS  (  461): wake_lock acquired
06-03 17:37:08.894 D/VM_BMS  (  461): New BMS data - Size=56
06-03 17:37:08.894 D/VM_BMS  (  461): Start process_bms_data
06-03 17:37:08.894 D/VM_BMS  (  461): Battery charge_cycle=0 fcc_adjust=0 rbatt_adjust=0 cycle_changed=false
06-03 17:37:08.897 D/VM_BMS  (  461): For batt_temp=255 fcc_mah=2200
06-03 17:37:08.897 D/VM_BMS  (  461): Lookup fcc_mah=2200.000000  adjusted fcc_mah=2200.000000
06-03 17:37:08.897 D/VM_BMS  (  461): For ocv=3801664 batt_temp=255 soc=36
06-03 17:37:08.897 D/VM_BMS  (  461): fifo_count=0 acc_count=8
06-03 17:37:08.897 D/VM_BMS  (  461): INIT: ocv=3801664 last_ocv=3801664 batt_temp=255 soc=36
06-03 17:37:08.897 D/VM_BMS  (  461): For soc=36 batt_temp=255 slope=3000
06-03 17:37:08.897 D/VM_BMS  (  461): For soc=36 batt_temp=255 rbatt_sf=106
06-03 17:37:08.897 D/VM_BMS  (  461): rbatt_mohm_default=72, rbatt_mohm=76, sf=106 batt_temp=255
06-03 17:37:08.897 D/VM_BMS  (  461): Lookup rbatt=76.000000  adjusted rbatt=76.000000
06-03 17:37:08.897 D/VM_BMS  (  461): For ocv=3801664 batt_temp=255 soc=36
06-03 17:37:08.898 D/VM_BMS  (  461): FIFO=0 fifo_avg=3.800907 rbatt=0.126000 slope=0.300000 ibatt=0.006009 ocv=3.801664 soc=36 fcc_ah=2.200000 sample_count=8 sample_interval=70 seq_num=6729
06-03 17:37:08.899 I/VM_BMS  (  461): power_supply_update: ocv_uv=3801664 ibatt=6009 soc=36 seq_num=6729
06-03 17:37:08.900 D/VM_BMS  (  461): End process_bms_data
06-03 17:37:08.900 D/VM_BMS  (  461): wake_lock released
06-03 17:37:09.027 D/BatteryMeterView( 2940): not on charging...
06-03 17:37:09.028 D/BatteryMeterView( 2940): not on charging...
06-03 17:37:09.028 D/BatteryMeterView( 2940): not on charging...
06-03 17:37:10.427 I/qdhwcomposer(  262): handle_blank_event: dpy:0 panel power state: 0
06-03 17:37:10.428 E/qdutils (  262): int qdutils::getHDMINode(): Failed to open fb node 1
06-03 17:37:10.428 E/qdutils (  262): int qdutils::getHDMINode(): Failed to open fb node 2
06-03 17:37:10.428 E/qdutils (  262): int qdutils::getHDMINode(): Failed to find HDMI node
06-03 17:37:10.429 D/VM_BMS  (  461): wake_lock acquired
06-03 17:37:10.429 D/VM_BMS  (  461): New BMS data - Size=56
06-03 17:37:10.429 D/VM_BMS  (  461): Start process_bms_data
06-03 17:37:10.429 D/VM_BMS  (  461): Battery charge_cycle=0 fcc_adjust=0 rbatt_adjust=0 cycle_changed=false
06-03 17:37:10.438 D/VM_BMS  (  461): For batt_temp=255 fcc_mah=2200
06-03 17:37:10.438 D/VM_BMS  (  461): Lookup fcc_mah=2200.000000  adjusted fcc_mah=2200.000000
06-03 17:37:10.438 D/VM_BMS  (  461): For ocv=3801664 batt_temp=255 soc=36
06-03 17:37:10.438 D/VM_BMS  (  461): fifo_count=0 acc_count=8
06-03 17:37:10.438 D/VM_BMS  (  461): INIT: ocv=3801664 last_ocv=3801664 batt_temp=255 soc=36
06-03 17:37:10.438 D/VM_BMS  (  461): For soc=36 batt_temp=255 slope=3000
06-03 17:37:10.438 D/VM_BMS  (  461): For soc=36 batt_temp=255 rbatt_sf=106
06-03 17:37:10.438 D/VM_BMS  (  461): rbatt_mohm_default=72, rbatt_mohm=76, sf=106 batt_temp=255
06-03 17:37:10.438 D/VM_BMS  (  461): Lookup rbatt=76.000000  adjusted rbatt=76.000000
06-03 17:37:10.438 D/VM_BMS  (  461): For ocv=3801664 batt_temp=255 soc=36
06-03 17:37:10.438 D/VM_BMS  (  461): FIFO=0 fifo_avg=3.801457 rbatt=0.126000 slope=0.300000 ibatt=0.001644 ocv=3.801664 soc=36 fcc_ah=2.200000 sample_count=8 sample_interval=70 seq_num=6730
06-03 17:37:10.440 I/VM_BMS  (  461): power_supply_update: ocv_uv=3801664 ibatt=1644 soc=36 seq_num=6730
06-03 17:37:10.440 D/VM_BMS  (  461): End process_bms_data
06-03 17:37:10.440 D/VM_BMS  (  461): wake_lock released
06-03 17:37:10.564 D/BatteryMeterView( 2940): not on charging...
06-03 17:37:10.566 D/BatteryMeterView( 2940): not on charging...
06-03 17:37:10.567 D/BatteryMeterView( 2940): not on charging...
06-03 17:37:11.964 I/qdhwcomposer(  262): handle_blank_event: dpy:0 panel power state: 0
06-03 17:37:11.964 E/qdutils (  262): int qdutils::getHDMINode(): Failed to open fb node 1
06-03 17:37:11.965 E/qdutils (  262): int qdutils::getHDMINode(): Failed to open fb node 2
06-03 17:37:11.965 E/qdutils (  262): int qdutils::getHDMINode(): Failed to find HDMI node
06-03 17:37:11.965 V/WLAN_PSA(  314): NL MSG, len[4033], NL type[0x1C] WNI type[0x5900] len[43279]
06-03 17:37:11.965 V/WLAN_PSA(  314): NL MSG, PID: 314
06-03 17:37:11.966 D/VM_BMS  (  461): wake_lock acquired
06-03 17:37:11.966 D/VM_BMS  (  461): New BMS data - Size=56
06-03 17:37:11.966 D/VM_BMS  (  461): Start process_bms_data
06-03 17:37:11.967 D/VM_BMS  (  461): Battery charge_cycle=0 fcc_adjust=0 rbatt_adjust=0 cycle_changed=false
06-03 17:37:11.970 D/VM_BMS  (  461): For batt_temp=255 fcc_mah=2200
06-03 17:37:11.970 D/VM_BMS  (  461): Lookup fcc_mah=2200.000000  adjusted fcc_mah=2200.000000
06-03 17:37:11.970 D/VM_BMS  (  461): For ocv=3801664 batt_temp=255 soc=36
06-03 17:37:11.970 D/VM_BMS  (  461): fifo_count=0 acc_count=8
06-03 17:37:11.970 D/VM_BMS  (  461): INIT: ocv=3801664 last_ocv=3801664 batt_temp=255 soc=36
06-03 17:37:11.970 D/VM_BMS  (  461): For soc=36 batt_temp=255 slope=3000
06-03 17:37:11.970 D/VM_BMS  (  461): For soc=36 batt_temp=255 rbatt_sf=106
06-03 17:37:11.970 D/VM_BMS  (  461): rbatt_mohm_default=72, rbatt_mohm=76, sf=106 batt_temp=255
06-03 17:37:11.970 D/VM_BMS  (  461): Lookup rbatt=76.000000  adjusted rbatt=76.000000
06-03 17:37:11.970 D/VM_BMS  (  461): For ocv=3801664 batt_temp=255 soc=36
06-03 17:37:11.970 D/VM_BMS  (  461): FIFO=0 fifo_avg=3.802070 rbatt=0.126000 slope=0.300000 ibatt=-0.003220 ocv=3.801664 soc=36 fcc_ah=2.200000 sample_count=8 sample_interval=70 seq_num=6731
06-03 17:37:11.972 I/VM_BMS  (  461): power_supply_update: ocv_uv=3801664 ibatt=-3220 soc=36 seq_num=6731
06-03 17:37:11.972 D/VM_BMS  (  461): End process_bms_data
06-03 17:37:11.972 D/VM_BMS  (  461): wake_lock released
06-03 17:37:13.494 I/qdhwcomposer(  262): handle_blank_event: dpy:0 panel power state: 0
06-03 17:37:13.494 E/qdutils (  262): int qdutils::getHDMINode(): Failed to open fb node 1
06-03 17:37:13.494 E/qdutils (  262): int qdutils::getHDMINode(): Failed to open fb node 2
06-03 17:37:13.494 E/qdutils (  262): int qdutils::getHDMINode(): Failed to find HDMI node
06-03 17:37:13.496 D/VM_BMS  (  461): wake_lock acquired
06-03 17:37:13.496 D/VM_BMS  (  461): New BMS data - Size=56
06-03 17:37:13.496 D/VM_BMS  (  461): Start process_bms_data
06-03 17:37:13.496 D/VM_BMS  (  461): Battery charge_cycle=0 fcc_adjust=0 rbatt_adjust=0 cycle_changed=false
06-03 17:37:13.499 D/VM_BMS  (  461): For batt_temp=255 fcc_mah=2200
06-03 17:37:13.499 D/VM_BMS  (  461): Lookup fcc_mah=2200.000000  adjusted fcc_mah=2200.000000
06-03 17:37:13.499 D/VM_BMS  (  461): For ocv=3801664 batt_temp=255 soc=36
06-03 17:37:13.499 D/VM_BMS  (  461): fifo_count=0 acc_count=8
06-03 17:37:13.499 D/VM_BMS  (  461): INIT: ocv=3801664 last_ocv=3801664 batt_temp=255 soc=36
06-03 17:37:13.499 D/VM_BMS  (  461): For soc=36 batt_temp=255 slope=3000
06-03 17:37:13.500 D/VM_BMS  (  461): For soc=36 batt_temp=255 rbatt_sf=106
06-03 17:37:13.500 D/VM_BMS  (  461): rbatt_mohm_default=72, rbatt_mohm=76, sf=106 batt_temp=255
06-03 17:37:13.500 D/VM_BMS  (  461): Lookup rbatt=76.000000  adjusted rbatt=76.000000
06-03 17:37:13.500 D/VM_BMS  (  461): For ocv=3801664 batt_temp=255 soc=36
06-03 17:37:13.500 D/VM_BMS  (  461): FIFO=0 fifo_avg=3.801166 rbatt=0.126000 slope=0.300000 ibatt=0.003952 ocv=3.801664 soc=36 fcc_ah=2.200000 sample_count=8 sample_interval=70 seq_num=6732
06-03 17:37:13.501 I/VM_BMS  (  461): power_supply_update: ocv_uv=3801664 ibatt=3952 soc=36 seq_num=6732
06-03 17:37:13.501 D/VM_BMS  (  461): End process_bms_data
06-03 17:37:13.502 D/VM_BMS  (  461): wake_lock released
06-03 17:37:15.037 I/qdhwcomposer(  262): handle_blank_event: dpy:0 panel power state: 0
06-03 17:37:15.038 E/qdutils (  262): int qdutils::getHDMINode(): Failed to open fb node 1
06-03 17:37:15.038 E/qdutils (  262): int qdutils::getHDMINode(): Failed to open fb node 2
06-03 17:37:15.038 E/qdutils (  262): int qdutils::getHDMINode(): Failed to find HDMI node
06-03 17:37:15.038 V/WLAN_PSA(  314): NL MSG, len[4092], NL type[0x1C] WNI type[0x5900] len[58383]
06-03 17:37:15.038 V/WLAN_PSA(  314): NL MSG, PID: 314
06-03 17:37:15.041 D/VM_BMS  (  461): wake_lock acquired
06-03 17:37:15.041 D/VM_BMS  (  461): New BMS data - Size=56
06-03 17:37:15.041 D/VM_BMS  (  461): Start process_bms_data
06-03 17:37:15.041 D/VM_BMS  (  461): Battery charge_cycle=0 fcc_adjust=0 rbatt_adjust=0 cycle_changed=false
06-03 17:37:15.049 D/VM_BMS  (  461): For batt_temp=255 fcc_mah=2200
06-03 17:37:15.049 D/VM_BMS  (  461): Lookup fcc_mah=2200.000000  adjusted fcc_mah=2200.000000
06-03 17:37:15.049 D/VM_BMS  (  461): For ocv=3801664 batt_temp=255 soc=36
06-03 17:37:15.049 D/VM_BMS  (  461): fifo_count=0 acc_count=8
06-03 17:37:15.049 D/VM_BMS  (  461): INIT: ocv=3801664 last_ocv=3801664 batt_temp=255 soc=36
06-03 17:37:15.049 D/VM_BMS  (  461): For soc=36 batt_temp=255 slope=3000
06-03 17:37:15.049 D/VM_BMS  (  461): For soc=36 batt_temp=255 rbatt_sf=106
06-03 17:37:15.049 D/VM_BMS  (  461): rbatt_mohm_default=72, rbatt_mohm=76, sf=106 batt_temp=255
06-03 17:37:15.049 D/VM_BMS  (  461): Lookup rbatt=76.000000  adjusted rbatt=76.000000
06-03 17:37:15.049 D/VM_BMS  (  461): For ocv=3801664 batt_temp=255 soc=36
06-03 17:37:15.049 D/VM_BMS  (  461): FIFO=0 fifo_avg=3.800945 rbatt=0.126000 slope=0.300000 ibatt=0.005706 ocv=3.801664 soc=36 fcc_ah=2.200000 sample_count=8 sample_interval=70 seq_num=6733
06-03 17:37:15.050 I/VM_BMS  (  461): power_supply_update: ocv_uv=3801664 ibatt=5706 soc=36 seq_num=6733
06-03 17:37:15.050 D/VM_BMS  (  461): End process_bms_data
06-03 17:37:15.050 D/VM_BMS  (  461): wake_lock released
06-03 17:37:16.573 D/VM_BMS  (  461): wake_lock acquired
06-03 17:37:16.573 D/VM_BMS  (  461): New BMS data - Size=56
06-03 17:37:16.573 D/VM_BMS  (  461): Start process_bms_data
06-03 17:37:16.574 D/VM_BMS  (  461): Battery charge_cycle=0 fcc_adjust=0 rbatt_adjust=0 cycle_changed=false
06-03 17:37:16.576 I/qdhwcomposer(  262): handle_blank_event: dpy:0 panel power state: 0
06-03 17:37:16.577 E/qdutils (  262): int qdutils::getHDMINode(): Failed to open fb node 1
06-03 17:37:16.577 E/qdutils (  262): int qdutils::getHDMINode(): Failed to open fb node 2
06-03 17:37:16.577 E/qdutils (  262): int qdutils::getHDMINode(): Failed to find HDMI node
06-03 17:37:16.583 D/VM_BMS  (  461): For batt_temp=255 fcc_mah=2200
06-03 17:37:16.584 D/VM_BMS  (  461): Lookup fcc_mah=2200.000000  adjusted fcc_mah=2200.000000
06-03 17:37:16.584 D/VM_BMS  (  461): For ocv=3801664 batt_temp=255 soc=36
06-03 17:37:16.584 D/VM_BMS  (  461): fifo_count=0 acc_count=8
06-03 17:37:16.584 D/VM_BMS  (  461): INIT: ocv=3801664 last_ocv=3801664 batt_temp=255 soc=36
06-03 17:37:16.584 D/VM_BMS  (  461): For soc=36 batt_temp=255 slope=3000
06-03 17:37:16.584 D/VM_BMS  (  461): For soc=36 batt_temp=255 rbatt_sf=106
06-03 17:37:16.584 D/VM_BMS  (  461): rbatt_mohm_default=72, rbatt_mohm=76, sf=106 batt_temp=255
06-03 17:37:16.584 D/VM_BMS  (  461): Lookup rbatt=76.000000  adjusted rbatt=76.000000
06-03 17:37:16.584 D/VM_BMS  (  461): For ocv=3801664 batt_temp=255 soc=36
06-03 17:37:16.584 D/VM_BMS  (  461): FIFO=0 fifo_avg=3.802429 rbatt=0.126000 slope=0.300000 ibatt=-0.006070 ocv=3.801664 soc=36 fcc_ah=2.200000 sample_count=8 sample_interval=70 seq_num=6734
06-03 17:37:16.585 I/VM_BMS  (  461): power_supply_update: ocv_uv=3801664 ibatt=-6069 soc=36 seq_num=6734
06-03 17:37:16.585 D/VM_BMS  (  461): End process_bms_data
06-03 17:37:16.586 D/VM_BMS  (  461): wake_lock released
06-03 17:37:16.709 D/BatteryMeterView( 2940): not on charging...
06-03 17:37:16.710 D/BatteryMeterView( 2940): not on charging...
06-03 17:37:16.711 D/BatteryMeterView( 2940): not on charging...
06-03 17:37:18.106 I/qdhwcomposer(  262): handle_blank_event: dpy:0 panel power state: 0
06-03 17:37:18.106 E/qdutils (  262): int qdutils::getHDMINode(): Failed to open fb node 1
06-03 17:37:18.106 E/qdutils (  262): int qdutils::getHDMINode(): Failed to open fb node 2
06-03 17:37:18.106 E/qdutils (  262): int qdutils::getHDMINode(): Failed to find HDMI node
06-03 17:37:18.107 V/WLAN_PSA(  314): NL MSG, len[4000], NL type[0x1C] WNI type[0x5900] len[34831]
06-03 17:37:18.107 V/WLAN_PSA(  314): NL MSG, PID: 314
06-03 17:37:18.111 D/VM_BMS  (  461): wake_lock acquired
06-03 17:37:18.111 D/VM_BMS  (  461): New BMS data - Size=56
06-03 17:37:18.111 D/VM_BMS  (  461): Start process_bms_data
06-03 17:37:18.111 D/VM_BMS  (  461): Battery charge_cycle=0 fcc_adjust=0 rbatt_adjust=0 cycle_changed=false
06-03 17:37:18.120 D/VM_BMS  (  461): For batt_temp=255 fcc_mah=2200
06-03 17:37:18.120 D/VM_BMS  (  461): Lookup fcc_mah=2200.000000  adjusted fcc_mah=2200.000000
06-03 17:37:18.121 D/VM_BMS  (  461): For ocv=3801664 batt_temp=255 soc=36
06-03 17:37:18.121 D/VM_BMS  (  461): fifo_count=0 acc_count=8
06-03 17:37:18.121 D/VM_BMS  (  461): INIT: ocv=3801664 last_ocv=3801664 batt_temp=255 soc=36
06-03 17:37:18.121 D/VM_BMS  (  461): For soc=36 batt_temp=255 slope=3000
06-03 17:37:18.121 D/VM_BMS  (  461): For soc=36 batt_temp=255 rbatt_sf=106
06-03 17:37:18.121 D/VM_BMS  (  461): rbatt_mohm_default=72, rbatt_mohm=76, sf=106 batt_temp=255
06-03 17:37:18.121 D/VM_BMS  (  461): Lookup rbatt=76.000000  adjusted rbatt=76.000000
06-03 17:37:18.121 D/VM_BMS  (  461): For ocv=3801664 batt_temp=255 soc=36
06-03 17:37:18.121 D/VM_BMS  (  461): FIFO=0 fifo_avg=3.800876 rbatt=0.126000 slope=0.300000 ibatt=0.006255 ocv=3.801664 soc=36 fcc_ah=2.200000 sample_count=8 sample_interval=70 seq_num=6735
06-03 17:37:18.123 I/VM_BMS  (  461): power_supply_update: ocv_uv=3801664 ibatt=6255 soc=36 seq_num=6735
06-03 17:37:18.123 D/VM_BMS  (  461): End process_bms_data
06-03 17:37:18.123 D/VM_BMS  (  461): wake_lock released
06-03 17:37:18.245 D/BatteryMeterView( 2940): not on charging...
06-03 17:37:18.245 D/BatteryMeterView( 2940): not on charging...
06-03 17:37:18.246 D/BatteryMeterView( 2940): not on charging...
06-03 17:37:19.950 I/qdhwcomposer(  262): handle_blank_event: dpy:0 panel power state: 0
06-03 17:37:19.951 E/qdutils (  262): int qdutils::getHDMINode(): Failed to open fb node 1
06-03 17:37:19.951 E/qdutils (  262): int qdutils::getHDMINode(): Failed to open fb node 2
06-03 17:37:19.951 E/qdutils (  262): int qdutils::getHDMINode(): Failed to find HDMI node
06-03 17:37:19.953 D/VM_BMS  (  461): wake_lock acquired
06-03 17:37:19.953 D/VM_BMS  (  461): New BMS data - Size=56
06-03 17:37:19.954 D/VM_BMS  (  461): Start process_bms_data
06-03 17:37:19.954 D/VM_BMS  (  461): Battery charge_cycle=0 fcc_adjust=0 rbatt_adjust=0 cycle_changed=false
06-03 17:37:19.959 D/VM_BMS  (  461): For batt_temp=255 fcc_mah=2200
06-03 17:37:19.960 D/VM_BMS  (  461): Lookup fcc_mah=2200.000000  adjusted fcc_mah=2200.000000
06-03 17:37:19.960 D/VM_BMS  (  461): For ocv=3801664 batt_temp=255 soc=36
06-03 17:37:19.960 D/VM_BMS  (  461): fifo_count=0 acc_count=8
06-03 17:37:19.960 D/VM_BMS  (  461): INIT: ocv=3801664 last_ocv=3801664 batt_temp=255 soc=36
06-03 17:37:19.960 D/VM_BMS  (  461): For soc=36 batt_temp=255 slope=3000
06-03 17:37:19.960 D/VM_BMS  (  461): For soc=36 batt_temp=255 rbatt_sf=106
06-03 17:37:19.960 D/VM_BMS  (  461): rbatt_mohm_default=72, rbatt_mohm=76, sf=106 batt_temp=255
06-03 17:37:19.960 D/VM_BMS  (  461): Lookup rbatt=76.000000  adjusted rbatt=76.000000
06-03 17:37:19.960 D/VM_BMS  (  461): For ocv=3801664 batt_temp=255 soc=36
06-03 17:37:19.960 D/VM_BMS  (  461): FIFO=0 fifo_avg=3.800307 rbatt=0.126000 slope=0.300000 ibatt=0.010770 ocv=3.801664 soc=36 fcc_ah=2.200000 sample_count=8 sample_interval=70 seq_num=6736
06-03 17:37:19.961 I/VM_BMS  (  461): power_supply_update: ocv_uv=3801664 ibatt=10769 soc=36 seq_num=6736
06-03 17:37:19.961 D/VM_BMS  (  461): End process_bms_data
06-03 17:37:19.962 D/VM_BMS  (  461): wake_lock released
06-03 17:37:20.090 D/BatteryMeterView( 2940): not on charging...
06-03 17:37:20.091 D/BatteryMeterView( 2940): not on charging...
06-03 17:37:20.091 D/BatteryMeterView( 2940): not on charging...
06-03 17:37:21.491 I/qdhwcomposer(  262): handle_blank_event: dpy:0 panel power state: 0
06-03 17:37:21.492 E/qdutils (  262): int qdutils::getHDMINode(): Failed to open fb node 1
06-03 17:37:21.492 E/qdutils (  262): int qdutils::getHDMINode(): Failed to open fb node 2
06-03 17:37:21.492 E/qdutils (  262): int qdutils::getHDMINode(): Failed to find HDMI node
06-03 17:37:21.493 D/VM_BMS  (  461): wake_lock acquired
06-03 17:37:21.493 D/VM_BMS  (  461): New BMS data - Size=56
06-03 17:37:21.493 D/VM_BMS  (  461): Start process_bms_data
06-03 17:37:21.493 D/VM_BMS  (  461): Battery charge_cycle=0 fcc_adjust=0 rbatt_adjust=0 cycle_changed=false
06-03 17:37:21.497 D/VM_BMS  (  461): For batt_temp=255 fcc_mah=2200
06-03 17:37:21.497 D/VM_BMS  (  461): Lookup fcc_mah=2200.000000  adjusted fcc_mah=2200.000000
06-03 17:37:21.497 D/VM_BMS  (  461): For ocv=3801664 batt_temp=255 soc=36
06-03 17:37:21.497 D/VM_BMS  (  461): fifo_count=0 acc_count=8
06-03 17:37:21.497 D/VM_BMS  (  461): INIT: ocv=3801664 last_ocv=3801664 batt_temp=255 soc=36
06-03 17:37:21.497 D/VM_BMS  (  461): For soc=36 batt_temp=255 slope=3000
06-03 17:37:21.497 D/VM_BMS  (  461): For soc=36 batt_temp=255 rbatt_sf=106
06-03 17:37:21.498 D/VM_BMS  (  461): rbatt_mohm_default=72, rbatt_mohm=76, sf=106 batt_temp=255
06-03 17:37:21.498 D/VM_BMS  (  461): Lookup rbatt=76.000000  adjusted rbatt=76.000000
06-03 17:37:21.498 D/VM_BMS  (  461): For ocv=3801663 batt_temp=255 soc=36
06-03 17:37:21.498 D/VM_BMS  (  461): FIFO=0 fifo_avg=3.798813 rbatt=0.126000 slope=0.300000 ibatt=0.022625 ocv=3.801664 soc=36 fcc_ah=2.200000 sample_count=8 sample_interval=70 seq_num=6737
06-03 17:37:21.499 I/VM_BMS  (  461): power_supply_update: ocv_uv=3801663 ibatt=22625 soc=36 seq_num=6737
06-03 17:37:21.499 D/VM_BMS  (  461): End process_bms_data
06-03 17:37:21.499 D/VM_BMS  (  461): wake_lock released
06-03 17:37:21.631 D/BatteryMeterView( 2940): not on charging...
06-03 17:37:21.631 D/BatteryMeterView( 2940): not on charging...
06-03 17:37:21.631 D/BatteryMeterView( 2940): not on charging...
06-03 17:37:23.028 I/qdhwcomposer(  262): handle_blank_event: dpy:0 panel power state: 0
06-03 17:37:23.029 E/qdutils (  262): int qdutils::getHDMINode(): Failed to open fb node 1
06-03 17:37:23.029 E/qdutils (  262): int qdutils::getHDMINode(): Failed to open fb node 2
06-03 17:37:23.029 E/qdutils (  262): int qdutils::getHDMINode(): Failed to find HDMI node
06-03 17:37:23.030 D/VM_BMS  (  461): wake_lock acquired
06-03 17:37:23.030 D/VM_BMS  (  461): New BMS data - Size=56
06-03 17:37:23.030 D/VM_BMS  (  461): Start process_bms_data
06-03 17:37:23.031 D/VM_BMS  (  461): Battery charge_cycle=0 fcc_adjust=0 rbatt_adjust=0 cycle_changed=false
06-03 17:37:23.033 V/WLAN_PSA(  314): NL MSG, len[4033], NL type[0x1C] WNI type[0x5900] len[43279]
06-03 17:37:23.033 D/VM_BMS  (  461): For batt_temp=255 fcc_mah=2200
06-03 17:37:23.033 V/WLAN_PSA(  314): NL MSG, PID: 314
06-03 17:37:23.033 D/VM_BMS  (  461): Lookup fcc_mah=2200.000000  adjusted fcc_mah=2200.000000
06-03 17:37:23.033 D/VM_BMS  (  461): For ocv=3801663 batt_temp=255 soc=36
06-03 17:37:23.033 D/VM_BMS  (  461): fifo_count=0 acc_count=8
06-03 17:37:23.033 D/VM_BMS  (  461): INIT: ocv=3801663 last_ocv=3801663 batt_temp=255 soc=36
06-03 17:37:23.033 D/VM_BMS  (  461): For soc=36 batt_temp=255 slope=3000
06-03 17:37:23.033 D/VM_BMS  (  461): For soc=36 batt_temp=255 rbatt_sf=106
06-03 17:37:23.033 D/VM_BMS  (  461): rbatt_mohm_default=72, rbatt_mohm=76, sf=106 batt_temp=255
06-03 17:37:23.033 D/VM_BMS  (  461): Lookup rbatt=76.000000  adjusted rbatt=76.000000
06-03 17:37:23.033 D/VM_BMS  (  461): For ocv=3801663 batt_temp=255 soc=36
06-03 17:37:23.033 D/VM_BMS  (  461): FIFO=0 fifo_avg=3.801192 rbatt=0.126000 slope=0.300000 ibatt=0.003737 ocv=3.801663 soc=36 fcc_ah=2.200000 sample_count=8 sample_interval=70 seq_num=6738
06-03 17:37:23.034 I/VM_BMS  (  461): power_supply_update: ocv_uv=3801663 ibatt=3736 soc=36 seq_num=6738
06-03 17:37:23.034 D/VM_BMS  (  461): End process_bms_data
06-03 17:37:23.034 D/VM_BMS  (  461): wake_lock released
06-03 17:37:23.162 D/BatteryMeterView( 2940): not on charging...
06-03 17:37:23.162 D/BatteryMeterView( 2940): not on charging...
06-03 17:37:23.163 D/BatteryMeterView( 2940): not on charging...
06-03 17:37:24.561 I/qdhwcomposer(  262): handle_blank_event: dpy:0 panel power state: 0
06-03 17:37:24.561 E/qdutils (  262): int qdutils::getHDMINode(): Failed to open fb node 1
06-03 17:37:24.561 E/qdutils (  262): int qdutils::getHDMINode(): Failed to open fb node 2
06-03 17:37:24.562 E/qdutils (  262): int qdutils::getHDMINode(): Failed to find HDMI node
06-03 17:37:24.563 D/VM_BMS  (  461): wake_lock acquired
06-03 17:37:24.564 D/VM_BMS  (  461): New BMS data - Size=56
06-03 17:37:24.564 D/VM_BMS  (  461): Start process_bms_data
06-03 17:37:24.564 D/VM_BMS  (  461): Battery charge_cycle=0 fcc_adjust=0 rbatt_adjust=0 cycle_changed=false
06-03 17:37:24.574 D/VM_BMS  (  461): For batt_temp=255 fcc_mah=2200
06-03 17:37:24.574 D/VM_BMS  (  461): Lookup fcc_mah=2200.000000  adjusted fcc_mah=2200.000000
06-03 17:37:24.574 D/VM_BMS  (  461): For ocv=3801663 batt_temp=255 soc=36
06-03 17:37:24.574 D/VM_BMS  (  461): fifo_count=0 acc_count=8
06-03 17:37:24.574 D/VM_BMS  (  461): INIT: ocv=3801663 last_ocv=3801663 batt_temp=255 soc=36
06-03 17:37:24.575 D/VM_BMS  (  461): For soc=36 batt_temp=255 slope=3000
06-03 17:37:24.575 D/VM_BMS  (  461): For soc=36 batt_temp=255 rbatt_sf=106
06-03 17:37:24.575 D/VM_BMS  (  461): rbatt_mohm_default=72, rbatt_mohm=76, sf=106 batt_temp=255
06-03 17:37:24.575 D/VM_BMS  (  461): Lookup rbatt=76.000000  adjusted rbatt=76.000000
06-03 17:37:24.575 D/VM_BMS  (  461): For ocv=3801662 batt_temp=255 soc=36
06-03 17:37:24.575 D/VM_BMS  (  461): FIFO=0 fifo_avg=3.800022 rbatt=0.126000 slope=0.300000 ibatt=0.013023 ocv=3.801663 soc=36 fcc_ah=2.200000 sample_count=8 sample_interval=70 seq_num=6739
06-03 17:37:24.576 I/VM_BMS  (  461): power_supply_update: ocv_uv=3801662 ibatt=13022 soc=36 seq_num=6739
06-03 17:37:24.576 D/VM_BMS  (  461): End process_bms_data
06-03 17:37:24.577 D/VM_BMS  (  461): wake_lock released
06-03 17:37:24.701 D/BatteryMeterView( 2940): not on charging...
06-03 17:37:24.702 D/BatteryMeterView( 2940): not on charging...
06-03 17:37:24.702 D/BatteryMeterView( 2940): not on charging...
06-03 17:37:26.092 I/qdhwcomposer(  262): handle_blank_event: dpy:0 panel power state: 0
06-03 17:37:26.093 E/qdutils (  262): int qdutils::getHDMINode(): Failed to open fb node 1
06-03 17:37:26.093 E/qdutils (  262): int qdutils::getHDMINode(): Failed to open fb node 2
06-03 17:37:26.093 E/qdutils (  262): int qdutils::getHDMINode(): Failed to find HDMI node
06-03 17:37:26.098 D/VM_BMS  (  461): wake_lock acquired
06-03 17:37:26.098 D/VM_BMS  (  461): New BMS data - Size=56
06-03 17:37:26.098 D/VM_BMS  (  461): Start process_bms_data
06-03 17:37:26.099 D/VM_BMS  (  461): Battery charge_cycle=0 fcc_adjust=0 rbatt_adjust=0 cycle_changed=false
06-03 17:37:26.099 V/WLAN_PSA(  314): NL MSG, len[4092], NL type[0x1C] WNI type[0x5900] len[58383]
06-03 17:37:26.099 V/WLAN_PSA(  314): NL MSG, PID: 314
06-03 17:37:26.105 D/VM_BMS  (  461): For batt_temp=255 fcc_mah=2200
06-03 17:37:26.105 D/VM_BMS  (  461): Lookup fcc_mah=2200.000000  adjusted fcc_mah=2200.000000
06-03 17:37:26.105 D/VM_BMS  (  461): For ocv=3801662 batt_temp=255 soc=36
06-03 17:37:26.105 D/VM_BMS  (  461): fifo_count=0 acc_count=8
06-03 17:37:26.105 D/VM_BMS  (  461): INIT: ocv=3801662 last_ocv=3801662 batt_temp=255 soc=36
06-03 17:37:26.106 D/VM_BMS  (  461): For soc=36 batt_temp=255 slope=3000
06-03 17:37:26.106 D/VM_BMS  (  461): For soc=36 batt_temp=255 rbatt_sf=106
06-03 17:37:26.106 D/VM_BMS  (  461): rbatt_mohm_default=72, rbatt_mohm=76, sf=106 batt_temp=255
06-03 17:37:26.106 D/VM_BMS  (  461): Lookup rbatt=76.000000  adjusted rbatt=76.000000
06-03 17:37:26.106 D/VM_BMS  (  461): For ocv=3801662 batt_temp=255 soc=36
06-03 17:37:26.106 D/VM_BMS  (  461): FIFO=0 fifo_avg=3.801223 rbatt=0.126000 slope=0.300000 ibatt=0.003483 ocv=3.801662 soc=36 fcc_ah=2.200000 sample_count=8 sample_interval=70 seq_num=6740
06-03 17:37:26.107 I/VM_BMS  (  461): power_supply_update: ocv_uv=3801662 ibatt=3483 soc=36 seq_num=6740
06-03 17:37:26.107 D/VM_BMS  (  461): End process_bms_data
06-03 17:37:26.107 D/VM_BMS  (  461): wake_lock released
06-03 17:37:26.233 D/BatteryMeterView( 2940): not on charging...
06-03 17:37:26.233 D/BatteryMeterView( 2940): not on charging...
06-03 17:37:26.234 D/BatteryMeterView( 2940): not on charging...
06-03 17:37:27.630 I/qdhwcomposer(  262): handle_blank_event: dpy:0 panel power state: 0
06-03 17:37:27.631 E/qdutils (  262): int qdutils::getHDMINode(): Failed to open fb node 1
06-03 17:37:27.631 E/qdutils (  262): int qdutils::getHDMINode(): Failed to open fb node 2
06-03 17:37:27.631 E/qdutils (  262): int qdutils::getHDMINode(): Failed to find HDMI node
06-03 17:37:27.636 D/VM_BMS  (  461): wake_lock acquired
06-03 17:37:27.636 D/VM_BMS  (  461): New BMS data - Size=56
06-03 17:37:27.636 D/VM_BMS  (  461): Start process_bms_data
06-03 17:37:27.637 D/VM_BMS  (  461): Battery charge_cycle=0 fcc_adjust=0 rbatt_adjust=0 cycle_changed=false
06-03 17:37:27.640 D/VM_BMS  (  461): For batt_temp=255 fcc_mah=2200
06-03 17:37:27.640 D/VM_BMS  (  461): Lookup fcc_mah=2200.000000  adjusted fcc_mah=2200.000000
06-03 17:37:27.640 D/VM_BMS  (  461): For ocv=3801662 batt_temp=255 soc=36
06-03 17:37:27.640 D/VM_BMS  (  461): fifo_count=0 acc_count=8
06-03 17:37:27.640 D/VM_BMS  (  461): INIT: ocv=3801662 last_ocv=3801662 batt_temp=255 soc=36
06-03 17:37:27.640 D/VM_BMS  (  461): For soc=36 batt_temp=255 slope=3000
06-03 17:37:27.640 D/VM_BMS  (  461): For soc=36 batt_temp=255 rbatt_sf=106
06-03 17:37:27.640 D/VM_BMS  (  461): rbatt_mohm_default=72, rbatt_mohm=76, sf=106 batt_temp=255
06-03 17:37:27.640 D/VM_BMS  (  461): Lookup rbatt=76.000000  adjusted rbatt=76.000000
06-03 17:37:27.640 D/VM_BMS  (  461): For ocv=3801661 batt_temp=255 soc=36
06-03 17:37:27.640 D/VM_BMS  (  461): FIFO=0 fifo_avg=3.800895 rbatt=0.126000 slope=0.300000 ibatt=0.006087 ocv=3.801662 soc=36 fcc_ah=2.200000 sample_count=8 sample_interval=70 seq_num=6741
06-03 17:37:27.642 I/VM_BMS  (  461): power_supply_update: ocv_uv=3801661 ibatt=6086 soc=36 seq_num=6741
06-03 17:37:27.642 D/VM_BMS  (  461): End process_bms_data
06-03 17:37:27.642 D/VM_BMS  (  461): wake_lock released
06-03 17:37:27.768 D/BatteryMeterView( 2940): not on charging...
06-03 17:37:27.768 D/BatteryMeterView( 2940): not on charging...
06-03 17:37:27.769 D/BatteryMeterView( 2940): not on charging...
06-03 17:37:29.166 I/qdhwcomposer(  262): handle_blank_event: dpy:0 panel power state: 0
06-03 17:37:29.167 E/qdutils (  262): int qdutils::getHDMINode(): Failed to open fb node 1
06-03 17:37:29.167 E/qdutils (  262): int qdutils::getHDMINode(): Failed to open fb node 2
06-03 17:37:29.167 E/qdutils (  262): int qdutils::getHDMINode(): Failed to find HDMI node
06-03 17:37:29.170 D/VM_BMS  (  461): wake_lock acquired
06-03 17:37:29.170 D/VM_BMS  (  461): New BMS data - Size=56
06-03 17:37:29.170 D/VM_BMS  (  461): Start process_bms_data
06-03 17:37:29.170 D/VM_BMS  (  461): Battery charge_cycle=0 fcc_adjust=0 rbatt_adjust=0 cycle_changed=false
06-03 17:37:29.171 V/WLAN_PSA(  314): NL MSG, len[4047], NL type[0x1C] WNI type[0x5900] len[46863]
06-03 17:37:29.171 V/WLAN_PSA(  314): NL MSG, PID: 314
06-03 17:37:29.184 D/VM_BMS  (  461): For batt_temp=255 fcc_mah=2200
06-03 17:37:29.184 D/VM_BMS  (  461): Lookup fcc_mah=2200.000000  adjusted fcc_mah=2200.000000
06-03 17:37:29.184 D/VM_BMS  (  461): For ocv=3801661 batt_temp=255 soc=36
06-03 17:37:29.184 D/VM_BMS  (  461): fifo_count=0 acc_count=8
06-03 17:37:29.185 D/VM_BMS  (  461): INIT: ocv=3801661 last_ocv=3801661 batt_temp=255 soc=36
06-03 17:37:29.185 D/VM_BMS  (  461): For soc=36 batt_temp=255 slope=3000
06-03 17:37:29.185 D/VM_BMS  (  461): For soc=36 batt_temp=255 rbatt_sf=106
06-03 17:37:29.185 D/VM_BMS  (  461): rbatt_mohm_default=72, rbatt_mohm=76, sf=106 batt_temp=255
06-03 17:37:29.185 D/VM_BMS  (  461): Lookup rbatt=76.000000  adjusted rbatt=76.000000
06-03 17:37:29.185 D/VM_BMS  (  461): For ocv=3801660 batt_temp=255 soc=36
06-03 17:37:29.185 D/VM_BMS  (  461): FIFO=0 fifo_avg=3.798786 rbatt=0.126000 slope=0.300000 ibatt=0.022816 ocv=3.801661 soc=36 fcc_ah=2.200000 sample_count=8 sample_interval=70 seq_num=6742
06-03 17:37:29.186 I/VM_BMS  (  461): power_supply_update: ocv_uv=3801660 ibatt=22816 soc=36 seq_num=6742
06-03 17:37:29.186 D/VM_BMS  (  461): End process_bms_data
06-03 17:37:29.186 D/VM_BMS  (  461): wake_lock released
06-03 17:37:29.305 D/BatteryMeterView( 2940): not on charging...
06-03 17:37:29.306 D/BatteryMeterView( 2940): not on charging...
06-03 17:37:29.306 D/BatteryMeterView( 2940): not on charging...
06-03 17:37:30.701 I/qdhwcomposer(  262): handle_blank_event: dpy:0 panel power state: 0
06-03 17:37:30.702 E/qdutils (  262): int qdutils::getHDMINode(): Failed to open fb node 1
06-03 17:37:30.702 E/qdutils (  262): int qdutils::getHDMINode(): Failed to open fb node 2
06-03 17:37:30.702 E/qdutils (  262): int qdutils::getHDMINode(): Failed to find HDMI node
06-03 17:37:30.703 D/VM_BMS  (  461): wake_lock acquired
06-03 17:37:30.703 D/VM_BMS  (  461): New BMS data - Size=56
06-03 17:37:30.703 D/VM_BMS  (  461): Start process_bms_data
06-03 17:37:30.703 D/VM_BMS  (  461): Battery charge_cycle=0 fcc_adjust=0 rbatt_adjust=0 cycle_changed=false
06-03 17:37:30.716 D/VM_BMS  (  461): For batt_temp=255 fcc_mah=2200
06-03 17:37:30.717 D/VM_BMS  (  461): Lookup fcc_mah=2200.000000  adjusted fcc_mah=2200.000000
06-03 17:37:30.717 D/VM_BMS  (  461): For ocv=3801660 batt_temp=255 soc=36
06-03 17:37:30.717 D/VM_BMS  (  461): fifo_count=0 acc_count=8
06-03 17:37:30.717 D/VM_BMS  (  461): INIT: ocv=3801660 last_ocv=3801660 batt_temp=255 soc=36
06-03 17:37:30.717 D/VM_BMS  (  461): For soc=36 batt_temp=255 slope=3000
06-03 17:37:30.717 D/VM_BMS  (  461): For soc=36 batt_temp=255 rbatt_sf=106
06-03 17:37:30.717 D/VM_BMS  (  461): rbatt_mohm_default=72, rbatt_mohm=76, sf=106 batt_temp=255
06-03 17:37:30.717 D/VM_BMS  (  461): Lookup rbatt=76.000000  adjusted rbatt=76.000000
06-03 17:37:30.717 D/VM_BMS  (  461): For ocv=3801659 batt_temp=255 soc=36
06-03 17:37:30.717 D/VM_BMS  (  461): FIFO=0 fifo_avg=3.800300 rbatt=0.126000 slope=0.300000 ibatt=0.010794 ocv=3.801660 soc=36 fcc_ah=2.200000 sample_count=8 sample_interval=70 seq_num=6743
06-03 17:37:30.718 I/VM_BMS  (  461): power_supply_update: ocv_uv=3801659 ibatt=10794 soc=36 seq_num=6743
06-03 17:37:30.718 D/VM_BMS  (  461): End process_bms_data
06-03 17:37:30.719 D/VM_BMS  (  461): wake_lock released
06-03 17:37:30.841 D/BatteryMeterView( 2940): not on charging...
06-03 17:37:30.841 D/BatteryMeterView( 2940): not on charging...
06-03 17:37:30.846 D/BatteryMeterView( 2940): not on charging...
06-03 17:37:32.547 I/qdhwcomposer(  262): handle_blank_event: dpy:0 panel power state: 0
06-03 17:37:32.548 E/qdutils (  262): int qdutils::getHDMINode(): Failed to open fb node 1
06-03 17:37:32.548 E/qdutils (  262): int qdutils::getHDMINode(): Failed to open fb node 2
06-03 17:37:32.548 E/qdutils (  262): int qdutils::getHDMINode(): Failed to find HDMI node
06-03 17:37:32.549 D/VM_BMS  (  461): wake_lock acquired
06-03 17:37:32.549 D/VM_BMS  (  461): New BMS data - Size=56
06-03 17:37:32.549 D/VM_BMS  (  461): Start process_bms_data
06-03 17:37:32.549 D/VM_BMS  (  461): Battery charge_cycle=0 fcc_adjust=0 rbatt_adjust=0 cycle_changed=false
06-03 17:37:32.563 D/VM_BMS  (  461): For batt_temp=255 fcc_mah=2200
06-03 17:37:32.563 D/VM_BMS  (  461): Lookup fcc_mah=2200.000000  adjusted fcc_mah=2200.000000
06-03 17:37:32.563 D/VM_BMS  (  461): For ocv=3801659 batt_temp=255 soc=36
06-03 17:37:32.563 D/VM_BMS  (  461): fifo_count=0 acc_count=8
06-03 17:37:32.563 D/VM_BMS  (  461): INIT: ocv=3801659 last_ocv=3801659 batt_temp=255 soc=36
06-03 17:37:32.563 D/VM_BMS  (  461): For soc=36 batt_temp=255 slope=3000
06-03 17:37:32.563 D/VM_BMS  (  461): For soc=36 batt_temp=255 rbatt_sf=106
06-03 17:37:32.563 D/VM_BMS  (  461): rbatt_mohm_default=72, rbatt_mohm=76, sf=106 batt_temp=255
06-03 17:37:32.563 D/VM_BMS  (  461): Lookup rbatt=76.000000  adjusted rbatt=76.000000
06-03 17:37:32.563 D/VM_BMS  (  461): For ocv=3801658 batt_temp=255 soc=36
06-03 17:37:32.563 D/VM_BMS  (  461): FIFO=0 fifo_avg=3.800307 rbatt=0.126000 slope=0.300000 ibatt=0.010730 ocv=3.801659 soc=36 fcc_ah=2.200000 sample_count=8 sample_interval=70 seq_num=6744
06-03 17:37:32.565 I/VM_BMS  (  461): power_supply_update: ocv_uv=3801658 ibatt=10729 soc=36 seq_num=6744
06-03 17:37:32.565 D/VM_BMS  (  461): End process_bms_data
06-03 17:37:32.565 D/VM_BMS  (  461): wake_lock released
06-03 17:37:34.082 I/qdhwcomposer(  262): handle_blank_event: dpy:0 panel power state: 0
06-03 17:37:34.083 E/qdutils (  262): int qdutils::getHDMINode(): Failed to open fb node 1
06-03 17:37:34.083 E/qdutils (  262): int qdutils::getHDMINode(): Failed to open fb node 2
06-03 17:37:34.083 E/qdutils (  262): int qdutils::getHDMINode(): Failed to find HDMI node
06-03 17:37:34.083 V/WLAN_PSA(  314): NL MSG, len[4088], NL type[0x1C] WNI type[0x5900] len[57359]
06-03 17:37:34.083 V/WLAN_PSA(  314): NL MSG, PID: 314
06-03 17:37:34.084 D/VM_BMS  (  461): wake_lock acquired
06-03 17:37:34.084 D/VM_BMS  (  461): New BMS data - Size=56
06-03 17:37:34.084 D/VM_BMS  (  461): Start process_bms_data
06-03 17:37:34.085 D/VM_BMS  (  461): Battery charge_cycle=0 fcc_adjust=0 rbatt_adjust=0 cycle_changed=false
06-03 17:37:34.089 D/VM_BMS  (  461): For batt_temp=255 fcc_mah=2200
06-03 17:37:34.090 D/VM_BMS  (  461): Lookup fcc_mah=2200.000000  adjusted fcc_mah=2200.000000
06-03 17:37:34.090 D/VM_BMS  (  461): For ocv=3801658 batt_temp=255 soc=36
06-03 17:37:34.090 D/VM_BMS  (  461): fifo_count=0 acc_count=8
06-03 17:37:34.090 D/VM_BMS  (  461): INIT: ocv=3801658 last_ocv=3801658 batt_temp=255 soc=36
06-03 17:37:34.090 D/VM_BMS  (  461): For soc=36 batt_temp=255 slope=3000
06-03 17:37:34.090 D/VM_BMS  (  461): For soc=36 batt_temp=255 rbatt_sf=106
06-03 17:37:34.090 D/VM_BMS  (  461): rbatt_mohm_default=72, rbatt_mohm=76, sf=106 batt_temp=255
06-03 17:37:34.090 D/VM_BMS  (  461): Lookup rbatt=76.000000  adjusted rbatt=76.000000
06-03 17:37:34.090 D/VM_BMS  (  461): For ocv=3801657 batt_temp=255 soc=36
06-03 17:37:34.090 D/VM_BMS  (  461): FIFO=0 fifo_avg=3.800651 rbatt=0.126000 slope=0.300000 ibatt=0.007990 ocv=3.801658 soc=36 fcc_ah=2.200000 sample_count=8 sample_interval=70 seq_num=6745
06-03 17:37:34.091 I/VM_BMS  (  461): power_supply_update: ocv_uv=3801657 ibatt=7990 soc=36 seq_num=6745
06-03 17:37:34.091 D/VM_BMS  (  461): End process_bms_data
06-03 17:37:34.092 D/VM_BMS  (  461): wake_lock released
06-03 17:37:34.215 D/BatteryMeterView( 2940): not on charging...
06-03 17:37:34.215 D/BatteryMeterView( 2940): not on charging...
06-03 17:37:34.215 D/BatteryMeterView( 2940): not on charging...
06-03 17:37:35.615 I/qdhwcomposer(  262): handle_blank_event: dpy:0 panel power state: 0
06-03 17:37:35.616 E/qdutils (  262): int qdutils::getHDMINode(): Failed to open fb node 1
06-03 17:37:35.616 E/qdutils (  262): int qdutils::getHDMINode(): Failed to open fb node 2
06-03 17:37:35.616 E/qdutils (  262): int qdutils::getHDMINode(): Failed to find HDMI node
06-03 17:37:35.617 D/VM_BMS  (  461): wake_lock acquired
06-03 17:37:35.617 D/VM_BMS  (  461): New BMS data - Size=56
06-03 17:37:35.617 D/VM_BMS  (  461): Start process_bms_data
