I/SurfaceFlinger(  260): FPS: 4
D/BatteryMeterView( 3026): onDraw level = 100
D/BatteryMeterView( 3026): onDraw level = 2
I/SurfaceFlinger(  260): FPS: 4
D/wpa_supplicant( 7163): wlan0: Control interface command 'SIGNAL_POLL'
D/BatteryMeterView( 3026): onDraw level = 12
D/BatteryMeterView( 3026): onDraw level = 22
I/SurfaceFlinger(  260): FPS: 4
D/BatteryMeterView( 3026): onDraw level = 32
D/BatteryMeterView( 3026): onDraw level = 42
I/SurfaceFlinger(  260): FPS: 4
V/WLAN_PSA(  312): NL MSG, len[4036], NL type[0x1C] WNI type[0x5900] len[44047]
V/WLAN_PSA(  312): NL MSG, PID: 312
D/BatteryMeterView( 3026): onDraw level = 52
D/BatteryMeterView( 3026): onDraw level = 62
I/SurfaceFlinger(  260): FPS: 4
D/wpa_supplicant( 7163): wlan0: Control interface command 'SIGNAL_POLL'
D/BatteryMeterView( 3026): onDraw level = 72
D/BatteryMeterView( 3026): onDraw level = 82
I/SurfaceFlinger(  260): FPS: 5
D/BatteryMeterView( 3026): onDraw level = 92
D/BatteryMeterView( 3026): onDraw level = 100
I/SurfaceFlinger(  260): FPS: 2
D/VM_BMS  (  440): wake_lock acquired
D/VM_BMS  (  440): New BMS data - Size=56
D/VM_BMS  (  440): Start process_bms_data
D/VM_BMS  (  440): Battery charge_cycle=0 fcc_adjust=0 rbatt_adjust=0 cycle_changed=false
D/VM_BMS  (  440): For batt_temp=255 fcc_mah=2200
D/VM_BMS  (  440): Lookup fcc_mah=2200.000000  adjusted fcc_mah=2200.000000
D/VM_BMS  (  440): For ocv=6539590 batt_temp=255 soc=100
D/VM_BMS  (  440): fifo_count=2 acc_count=0
D/VM_BMS  (  440): INIT: ocv=6539590 last_ocv=6539590 batt_temp=255 soc=100
D/VM_BMS  (  440): For soc=100 batt_temp=255 slope=2000
D/VM_BMS  (  440): For soc=100 batt_temp=255 rbatt_sf=100
D/VM_BMS  (  440): rbatt_mohm_default=72, rbatt_mohm=72, sf=100 batt_temp=255
D/VM_BMS  (  440): Lookup rbatt=72.000000  adjusted rbatt=72.000000
D/VM_BMS  (  440): For ocv=6534513 batt_temp=255 soc=100
D/VM_BMS  (  440): FIFO=0 fifo_avg=3.799519 rbatt=0.122000 slope=0.200000 ibatt=22.438789 ocv=6.534513 soc=100 fcc_ah=2.200000 sample_count=128 sample_interval=70 seq_num=44
D/VM_BMS  (  440): For soc=100 batt_temp=255 slope=2000
D/VM_BMS  (  440): For soc=100 batt_temp=255 rbatt_sf=100
D/VM_BMS  (  440): rbatt_mohm_default=72, rbatt_mohm=72, sf=100 batt_temp=255
D/VM_BMS  (  440): Lookup rbatt=72.000000  adjusted rbatt=72.000000
D/VM_BMS  (  440): For ocv=6529446 batt_temp=255 soc=100
D/VM_BMS  (  440): FIFO=1 fifo_avg=3.799832 rbatt=0.122000 slope=0.200000 ibatt=22.394651 ocv=6.529446 soc=100 fcc_ah=2.200000 sample_count=128 sample_interval=70 seq_num=44
I/VM_BMS  (  440): power_supply_update: ocv_uv=6529446 ibatt=22394652 soc=100 seq_num=44
D/VM_BMS  (  440): End process_bms_data
D/VM_BMS  (  440): wake_lock released
D/StatusBar.MSimNetworkController( 3026): refreshViews phoneId =0mMSimDataConnected =false
D/StatusBar.MSimNetworkController( 3026): refreshViews mMSimDataActivity =0
D/StatusBar.MSimNetworkController( 3026): refreshViews: Data not connected!! Set no data type icon / Roaming for phoneId: 0
D/StatusBar.MSimNetworkController( 3026): refreshViews connected={ wifi } level=0 mMSimcombinedSignalIconId=0x7f020350/com.android.systemui:drawable/stat_sys_wifi_signal_3_fully mMSimcombinedActivityIconId=0x0 mAirplaneMode=false mMSimDataActivity=0 mMSimPhoneSignalIconId=0x7f020339/com.android.systemui:drawable/stat_sys_signal_null mMSimDataDirectionIconId=0x0 mMSimDataSignalIconId=0x7f020339 mMSimDataTypeIconId=0x0/(null) mNoMSimIconId=0x7f02009a/com.android.systemui:drawable/ic_qs_no_sim mMSimMobileActivityIconId=0x0/(null) mWifiIconId=0x7f020350 mBluetoothTetherIconId=0x10806a2
D/MSimSignalClusterView( 3026): wifi: VISIBLE sig=2130838352 act=0
D/MSimSignalClusterView( 3026): mobile[0]: VISIBLE sig=2130838329 type=0
D/MSimSignalClusterView( 3026): wifi: VISIBLE sig=2130838352 act=0
D/MSimSignalClusterView( 3026): mobile[1]: VISIBLE sig=2130838329 type=0
D/MSimSignalClusterView( 3026): wifi: VISIBLE sig=2130838352 act=0
D/MSimSignalClusterView( 3026): mobile[0]: VISIBLE sig=2130838329 type=0
D/MSimSignalClusterView( 3026): wifi: VISIBLE sig=2130838352 act=0
D/MSimSignalClusterView( 3026): mobile[0]: VISIBLE sig=2130838329 type=0
D/MSimSignalClusterView( 3026): wifi: VISIBLE sig=2130838352 act=0
D/MSimSignalClusterView( 3026): mobile[0]: VISIBLE sig=2130838329 type=0
D/MSimSignalClusterView( 3026): wifi: VISIBLE sig=2130838352 act=0
D/MSimSignalClusterView( 3026): mobile[1]: VISIBLE sig=2130838329 type=0
D/StatusBar.MSimNetworkController( 3026): refreshSignalCluster, mMSimPhoneSignalIconId[0]=com.android.systemui:drawable/stat_sys_signal_null mMSimDataSignalIconId[0]=com.android.systemui:drawable/stat_sys_signal_null mMSimDataTypeIconId[0]=(null) mMSimMobileActivityIconId[0]=(null) mNoMSimIconId[0]=com.android.systemui:drawable/ic_qs_no_sim
D/MSimSignalClusterView( 3026): wifi: VISIBLE sig=2130838352 act=0
D/MSimSignalClusterView( 3026): mobile[0]: VISIBLE sig=2130838329 type=0
D/MSimSignalClusterView( 3026): wifi: VISIBLE sig=2130838352 act=0
D/MSimSignalClusterView( 3026): mobile[1]: VISIBLE sig=2130838329 type=0
D/MSimSignalClusterView( 3026): wifi: VISIBLE sig=2130838352 act=0
D/MSimSignalClusterView( 3026): mobile[0]: VISIBLE sig=2130838329 type=0
D/MSimSignalClusterView( 3026): wifi: VISIBLE sig=2130838352 act=0
D/MSimSignalClusterView( 3026): mobile[0]: VISIBLE sig=2130838329 type=0
D/MSimSignalClusterView( 3026): wifi: VISIBLE sig=2130838352 act=0
D/MSimSignalClusterView( 3026): mobile[0]: VISIBLE sig=2130838329 type=0
D/MSimSignalClusterView( 3026): wifi: VISIBLE sig=2130838352 act=0
D/MSimSignalClusterView( 3026): mobile[1]: VISIBLE sig=2130838329 type=0
D/StatusBar.MSimNetworkController( 3026): refreshSignalCluster, mMSimPhoneSignalIconId[0]=com.android.systemui:drawable/stat_sys_signal_null mMSimDataSignalIconId[0]=com.android.systemui:drawable/stat_sys_signal_null mMSimDataTypeIconId[0]=(null) mMSimMobileActivityIconId[0]=(null) mNoMSimIconId[0]=com.android.systemui:drawable/ic_qs_no_sim
D/MSimSignalClusterView( 3026): wifi: VISIBLE sig=2130838352 act=0
D/MSimSignalClusterView( 3026): mobile[0]: VISIBLE sig=2130838329 type=0
D/MSimSignalClusterView( 3026): wifi: VISIBLE sig=2130838352 act=0
D/MSimSignalClusterView( 3026): mobile[1]: VISIBLE sig=2130838329 type=0
D/MSimSignalClusterView( 3026): wifi: VISIBLE sig=2130838352 act=0
D/MSimSignalClusterView( 3026): mobile[0]: VISIBLE sig=2130838329 type=0
D/MSimSignalClusterView( 3026): wifi: VISIBLE sig=2130838352 act=0
D/MSimSignalClusterView( 3026): mobile[0]: VISIBLE sig=2130838329 type=0
D/MSimSignalClusterView( 3026): wifi: VISIBLE sig=2130838352 act=0
D/MSimSignalClusterView( 3026): mobile[0]: VISIBLE sig=2130838329 type=0
D/MSimSignalClusterView( 3026): wifi: VISIBLE sig=2130838352 act=0
D/MSimSignalClusterView( 3026): mobile[1]: VISIBLE sig=2130838329 type=0
D/StatusBar.MSimNetworkController( 3026): refreshSignalCluster, mMSimPhoneSignalIconId[0]=com.android.systemui:drawable/stat_sys_signal_null mMSimDataSignalIconId[0]=com.android.systemui:drawable/stat_sys_signal_null mMSimDataTypeIconId[0]=(null) mMSimMobileActivityIconId[0]=(null) mNoMSimIconId[0]=com.android.systemui:drawable/ic_qs_no_sim
D/MSimSignalClusterView( 3026): wifi: VISIBLE sig=2130838352 act=0
D/MSimSignalClusterView( 3026): mobile[0]: VISIBLE sig=2130838329 type=0
D/MSimSignalClusterView( 3026): wifi: VISIBLE sig=2130838352 act=0
D/MSimSignalClusterView( 3026): mobile[1]: VISIBLE sig=2130838329 type=0
D/MSimSignalClusterView( 3026): wifi: VISIBLE sig=2130838352 act=0
D/MSimSignalClusterView( 3026): mobile[0]: VISIBLE sig=2130838329 type=0
D/MSimSignalClusterView( 3026): wifi: VISIBLE sig=2130838352 act=0
D/MSimSignalClusterView( 3026): mobile[0]: VISIBLE sig=2130838329 type=0
D/MSimSignalClusterView( 3026): wifi: VISIBLE sig=2130838352 act=0
D/MSimSignalClusterView( 3026): mobile[0]: VISIBLE sig=2130838329 type=0
D/MSimSignalClusterView( 3026): wifi: VISIBLE sig=2130838352 act=0
D/MSimSignalClusterView( 3026): mobile[1]: VISIBLE sig=2130838329 type=0
D/StatusBar.MSimNetworkController( 3026): refreshSignalCluster, mMSimPhoneSignalIconId[0]=com.android.systemui:drawable/stat_sys_signal_null mMSimDataSignalIconId[0]=com.android.systemui:drawable/stat_sys_signal_null mMSimDataTypeIconId[0]=(null) mMSimMobileActivityIconId[0]=(null) mNoMSimIconId[0]=com.android.systemui:drawable/ic_qs_no_sim
D/BatteryMeterView( 3026): onDraw level = 2
D/wpa_supplicant( 7163): wlan0: Control interface command 'SIGNAL_POLL'
D/BatteryMeterView( 3026): onDraw level = 12
V/WLAN_PSA(  312): NL MSG, len[4070], NL type[0x1C] WNI type[0x5900] len[52751]
V/WLAN_PSA(  312): NL MSG, PID: 312
I/SurfaceFlinger(  260): FPS: 5
D/StatusBar.MSimNetworkController( 3026): refreshViews phoneId =0mMSimDataConnected =false
D/StatusBar.MSimNetworkController( 3026): refreshViews mMSimDataActivity =0
D/StatusBar.MSimNetworkController( 3026): refreshViews: Data not connected!! Set no data type icon / Roaming for phoneId: 0
D/StatusBar.MSimNetworkController( 3026): refreshViews connected={ wifi } level=0 mMSimcombinedSignalIconId=0x7f020350/com.android.systemui:drawable/stat_sys_wifi_signal_3_fully mMSimcombinedActivityIconId=0x7f020347 mAirplaneMode=false mMSimDataActivity=0 mMSimPhoneSignalIconId=0x7f020339/com.android.systemui:drawable/stat_sys_signal_null mMSimDataDirectionIconId=0x0 mMSimDataSignalIconId=0x7f020339 mMSimDataTypeIconId=0x0/(null) mNoMSimIconId=0x7f02009a/com.android.systemui:drawable/ic_qs_no_sim mMSimMobileActivityIconId=0x0/(null) mWifiIconId=0x7f020350 mBluetoothTetherIconId=0x10806a2
D/MSimSignalClusterView( 3026): wifi: VISIBLE sig=2130838352 act=2130838343
D/MSimSignalClusterView( 3026): mobile[0]: VISIBLE sig=2130838329 type=0
D/MSimSignalClusterView( 3026): wifi: VISIBLE sig=2130838352 act=2130838343
D/MSimSignalClusterView( 3026): mobile[1]: VISIBLE sig=2130838329 type=0
D/MSimSignalClusterView( 3026): wifi: VISIBLE sig=2130838352 act=2130838343
D/MSimSignalClusterView( 3026): mobile[0]: VISIBLE sig=2130838329 type=0
D/MSimSignalClusterView( 3026): wifi: VISIBLE sig=2130838352 act=2130838343
D/MSimSignalClusterView( 3026): mobile[0]: VISIBLE sig=2130838329 type=0
D/MSimSignalClusterView( 3026): wifi: VISIBLE sig=2130838352 act=2130838343
D/MSimSignalClusterView( 3026): mobile[0]: VISIBLE sig=2130838329 type=0
D/MSimSignalClusterView( 3026): wifi: VISIBLE sig=2130838352 act=2130838343
D/MSimSignalClusterView( 3026): mobile[1]: VISIBLE sig=2130838329 type=0
D/StatusBar.MSimNetworkController( 3026): refreshSignalCluster, mMSimPhoneSignalIconId[0]=com.android.systemui:drawable/stat_sys_signal_null mMSimDataSignalIconId[0]=com.android.systemui:drawable/stat_sys_signal_null mMSimDataTypeIconId[0]=(null) mMSimMobileActivityIconId[0]=(null) mNoMSimIconId[0]=com.android.systemui:drawable/ic_qs_no_sim
D/MSimSignalClusterView( 3026): wifi: VISIBLE sig=2130838352 act=2130838343
D/MSimSignalClusterView( 3026): mobile[0]: VISIBLE sig=2130838329 type=0
D/MSimSignalClusterView( 3026): wifi: VISIBLE sig=2130838352 act=2130838343
D/MSimSignalClusterView( 3026): mobile[1]: VISIBLE sig=2130838329 type=0
D/MSimSignalClusterView( 3026): wifi: VISIBLE sig=2130838352 act=2130838343
D/MSimSignalClusterView( 3026): mobile[0]: VISIBLE sig=2130838329 type=0
D/MSimSignalClusterView( 3026): wifi: VISIBLE sig=2130838352 act=2130838343
D/MSimSignalClusterView( 3026): mobile[0]: VISIBLE sig=2130838329 type=0
D/MSimSignalClusterView( 3026): wifi: VISIBLE sig=2130838352 act=2130838343
D/MSimSignalClusterView( 3026): mobile[0]: VISIBLE sig=2130838329 type=0
D/MSimSignalClusterView( 3026): wifi: VISIBLE sig=2130838352 act=2130838343
D/MSimSignalClusterView( 3026): mobile[1]: VISIBLE sig=2130838329 type=0
D/StatusBar.MSimNetworkController( 3026): refreshSignalCluster, mMSimPhoneSignalIconId[0]=com.android.systemui:drawable/stat_sys_signal_null mMSimDataSignalIconId[0]=com.android.systemui:drawable/stat_sys_signal_null mMSimDataTypeIconId[0]=(null) mMSimMobileActivityIconId[0]=(null) mNoMSimIconId[0]=com.android.systemui:drawable/ic_qs_no_sim
D/MSimSignalClusterView( 3026): wifi: VISIBLE sig=2130838352 act=2130838343
D/MSimSignalClusterView( 3026): mobile[0]: VISIBLE sig=2130838329 type=0
D/MSimSignalClusterView( 3026): wifi: VISIBLE sig=2130838352 act=2130838343
D/MSimSignalClusterView( 3026): mobile[1]: VISIBLE sig=2130838329 type=0
D/MSimSignalClusterView( 3026): wifi: VISIBLE sig=2130838352 act=2130838343
D/MSimSignalClusterView( 3026): mobile[0]: VISIBLE sig=2130838329 type=0
D/MSimSignalClusterView( 3026): wifi: VISIBLE sig=2130838352 act=2130838343
D/MSimSignalClusterView( 3026): mobile[0]: VISIBLE sig=2130838329 type=0
D/MSimSignalClusterView( 3026): wifi: VISIBLE sig=2130838352 act=2130838343
D/MSimSignalClusterView( 3026): mobile[0]: VISIBLE sig=2130838329 type=0
D/MSimSignalClusterView( 3026): wifi: VISIBLE sig=2130838352 act=2130838343
D/MSimSignalClusterView( 3026): mobile[1]: VISIBLE sig=2130838329 type=0
D/StatusBar.MSimNetworkController( 3026): refreshSignalCluster, mMSimPhoneSignalIconId[0]=com.android.systemui:drawable/stat_sys_signal_null mMSimDataSignalIconId[0]=com.android.systemui:drawable/stat_sys_signal_null mMSimDataTypeIconId[0]=(null) mMSimMobileActivityIconId[0]=(null) mNoMSimIconId[0]=com.android.systemui:drawable/ic_qs_no_sim
D/MSimSignalClusterView( 3026): wifi: VISIBLE sig=2130838352 act=2130838343
D/MSimSignalClusterView( 3026): mobile[0]: VISIBLE sig=2130838329 type=0
D/MSimSignalClusterView( 3026): wifi: VISIBLE sig=2130838352 act=2130838343
D/MSimSignalClusterView( 3026): mobile[1]: VISIBLE sig=2130838329 type=0
D/MSimSignalClusterView( 3026): wifi: VISIBLE sig=2130838352 act=2130838343
D/MSimSignalClusterView( 3026): mobile[0]: VISIBLE sig=2130838329 type=0
D/MSimSignalClusterView( 3026): wifi: VISIBLE sig=2130838352 act=2130838343
D/MSimSignalClusterView( 3026): mobile[0]: VISIBLE sig=2130838329 type=0
D/MSimSignalClusterView( 3026): wifi: VISIBLE sig=2130838352 act=2130838343
D/MSimSignalClusterView( 3026): mobile[0]: VISIBLE sig=2130838329 type=0
D/MSimSignalClusterView( 3026): wifi: VISIBLE sig=2130838352 act=2130838343
D/MSimSignalClusterView( 3026): mobile[1]: VISIBLE sig=2130838329 type=0
D/StatusBar.MSimNetworkController( 3026): refreshSignalCluster, mMSimPhoneSignalIconId[0]=com.android.systemui:drawable/stat_sys_signal_null mMSimDataSignalIconId[0]=com.android.systemui:drawable/stat_sys_signal_null mMSimDataTypeIconId[0]=(null) mMSimMobileActivityIconId[0]=(null) mNoMSimIconId[0]=com.android.systemui:drawable/ic_qs_no_sim
D/BatteryMeterView( 3026): onDraw level = 22
D/BatteryMeterView( 3026): onDraw level = 32
I/SurfaceFlinger(  260): FPS: 6
D/BatteryMeterView( 3026): onDraw level = 42
D/BatteryMeterView( 3026): onDraw level = 52
I/SurfaceFlinger(  260): FPS: 4
E/WifiStateMachine(  751): WifiStateMachine CMD_START_SCAN source -2 txSuccessRate=2.94 rxSuccessRate=2.94 targetRoamBSSID=any RSSI=-57
E/WifiStateMachine(  751): WifiStateMachine starting scan for "Swift-LTE-0B6B"-WPA_PSK with 2437
D/wpa_supplicant( 7163): wlan0: Control interface command 'SCAN TYPE=ONLY freq=2437'
D/wpa_supplicant( 7163): wlan0: Setting scan request: 0.000000 sec
D/wpa_supplicant( 7163): wlan0: Starting AP scan for wildcard SSID
D/wpa_supplicant( 7163): wlan0: Limit manual scan to specified channels
D/wpa_supplicant( 7163): wlan0: Add radio work 'scan'@0xb7adb878
D/wpa_supplicant( 7163): wlan0: First radio work item in the queue - schedule start immediately
D/wpa_supplicant( 7163): wlan0: Starting radio work 'scan'@0xb7adb878 after 0.000077 second wait
D/wpa_supplicant( 7163): wlan0: nl80211: scan request
D/wpa_supplicant( 7163): nl80211: Scan SSID - hexdump(len=0): [NULL]
D/wpa_supplicant( 7163): nl80211: Scan frequency 2437 MHz
V/WLAN_PSA(  312): NL MSG, len[4082], NL type[0x1C] WNI type[0x5900] len[55823]
V/WLAN_PSA(  312): NL MSG, PID: 312
V/WLAN_PSA(  312): NL MSG, len[914], NL type[0x11] WNI type[0x5050] len[894]
V/WLAN_PSA(  312): NL MSG, PID: 312
V/WLAN_PSA(  312): NL MSG, len[048], NL type[0x11] WNI type[0x5050] len[028]
V/WLAN_PSA(  312): NL MSG, PID: 312
I/WifiHAL (  751): Poll result = 1
I/WifiHAL (  751): Found some events!!!
D/WifiHAL (  751): no_seq_check received
I/WifiHAL (  751): event received NL80211_CMD_TRIGGER_SCAN
I/WifiHAL (  751): event received NL80211_CMD_TRIGGER_SCAN, vendor_id = 0x0
I/WifiHAL (  751): event ignored!!
D/wpa_supplicant( 7163): Scan requested (ret=0) - scan timeout 30 seconds
D/wpa_supplicant( 7163): nl80211: Event message available
D/wpa_supplicant( 7163): nl80211: Drv Event 33 (NL80211_CMD_TRIGGER_SCAN) received for wlan0
D/wpa_supplicant( 7163): wlan0: nl80211: Scan trigger
D/wpa_supplicant( 7163): wlan0: Event SCAN_STARTED (49) received
D/wpa_supplicant( 7163): wlan0: Own scan request started a scan in 0.000389 seconds
D/wpa_supplicant( 7163): CTRL_IFACE monitor sent successfully to /data/misc/wifi/sockets/wpa_ctrl_333-2\x00
D/wpa_supplicant( 7163): CTRL_IFACE monitor sent successfully to /data/misc/wifi/sockets/wpa_ctrl_751-6\x00
V/WLAN_PSA(  312): NL MSG, len[4059], NL type[0x1C] WNI type[0x5900] len[49935]
V/WLAN_PSA(  312): NL MSG, PID: 312
V/WLAN_PSA(  312): NL MSG, len[048], NL type[0x11] WNI type[0x5050] len[028]
V/WLAN_PSA(  312): NL MSG, PID: 312
V/WLAN_PSA(  312): NL MSG, len[914], NL type[0x11] WNI type[0x5050] len[894]
V/WLAN_PSA(  312): NL MSG, PID: 312
V/WLAN_PSA(  312): NL MSG, len[4030], NL type[0x1C] WNI type[0x5900] len[42511]
V/WLAN_PSA(  312): NL MSG, PID: 312
I/WifiHAL (  751): Poll result = 1
I/WifiHAL (  751): Found some events!!!
D/wpa_supplicant( 7163): nl80211: Event message available
D/WifiHAL (  751): no_seq_check received
I/WifiHAL (  751): event received NL80211_CMD_NEW_SCAN_RESULTS
D/wpa_supplicant( 7163): nl80211: Drv Event 34 (NL80211_CMD_NEW_SCAN_RESULTS) received for wlan0
I/WifiHAL (  751): event received NL80211_CMD_NEW_SCAN_RESULTS, vendor_id = 0x0
I/WifiHAL (  751): event ignored!!
D/wpa_supplicant( 7163): wlan0: nl80211: New scan results available
D/wpa_supplicant( 7163): nl80211: Scan included frequencies: 2437
D/wpa_supplicant( 7163): wlan0: Event SCAN_RESULTS (3) received
D/wpa_supplicant( 7163): wlan0: Scan completed in 0.053787 seconds
D/wpa_supplicant( 7163): nl80211: Associated on 2437 MHz
D/wpa_supplicant( 7163): nl80211: Associated with fc:dd:55:70:0b:6b
D/wpa_supplicant( 7163): nl80211: Received scan results (1 BSSes)
D/wpa_supplicant( 7163): nl80211: Scan results indicate BSS status with fc:dd:55:70:0b:6b as associated
D/wpa_supplicant( 7163): wlan0: BSS: Start scan result update 8
D/wpa_supplicant( 7163): BSS: last_scan_res_used=1/32
D/wpa_supplicant( 7163): wlan0: Scan-only results received
D/wpa_supplicant( 7163): CTRL_IFACE monitor sent successfully to /data/misc/wifi/sockets/wpa_ctrl_333-2\x00
D/wpa_supplicant( 7163): CTRL_IFACE monitor sent successfully to /data/misc/wifi/sockets/wpa_ctrl_751-6\x00
D/wpa_supplicant( 7163): wlan0: Radio work 'scan'@0xb7adb878 done in 0.061144 seconds
D/wpa_supplicant( 7163): wlan0: Control interface command 'BSS RANGE=0- MASK=0x21987'
D/wpa_supplicant( 7163): wlan0: Control interface command 'STATUS-NO_EVENTS'
D/BatteryMeterView( 3026): onDraw level = 62
D/wpa_supplicant( 7163): wlan0: Control interface command 'SIGNAL_POLL'
D/StatusBar.MSimNetworkController( 3026): refreshViews phoneId =0mMSimDataConnected =false
D/StatusBar.MSimNetworkController( 3026): refreshViews mMSimDataActivity =0
D/StatusBar.MSimNetworkController( 3026): refreshViews: Data not connected!! Set no data type icon / Roaming for phoneId: 0
D/StatusBar.MSimNetworkController( 3026): refreshViews connected={ wifi } level=0 mMSimcombinedSignalIconId=0x7f020352/com.android.systemui:drawable/stat_sys_wifi_signal_4_fully mMSimcombinedActivityIconId=0x7f020347 mAirplaneMode=false mMSimDataActivity=0 mMSimPhoneSignalIconId=0x7f020339/com.android.systemui:drawable/stat_sys_signal_null mMSimDataDirectionIconId=0x0 mMSimDataSignalIconId=0x7f020339 mMSimDataTypeIconId=0x0/(null) mNoMSimIconId=0x7f02009a/com.android.systemui:drawable/ic_qs_no_sim mMSimMobileActivityIconId=0x0/(null) mWifiIconId=0x7f020352 mBluetoothTetherIconId=0x10806a2
D/MSimSignalClusterView( 3026): wifi: VISIBLE sig=2130838354 act=2130838343
D/MSimSignalClusterView( 3026): mobile[0]: VISIBLE sig=2130838329 type=0
D/MSimSignalClusterView( 3026): wifi: VISIBLE sig=2130838354 act=2130838343
D/MSimSignalClusterView( 3026): mobile[1]: VISIBLE sig=2130838329 type=0
D/MSimSignalClusterView( 3026): wifi: VISIBLE sig=2130838354 act=2130838343
D/MSimSignalClusterView( 3026): mobile[0]: VISIBLE sig=2130838329 type=0
D/MSimSignalClusterView( 3026): wifi: VISIBLE sig=2130838354 act=2130838343
D/MSimSignalClusterView( 3026): mobile[0]: VISIBLE sig=2130838329 type=0
D/MSimSignalClusterView( 3026): wifi: VISIBLE sig=2130838354 act=2130838343
D/MSimSignalClusterView( 3026): mobile[0]: VISIBLE sig=2130838329 type=0
D/MSimSignalClusterView( 3026): wifi: VISIBLE sig=2130838354 act=2130838343
D/MSimSignalClusterView( 3026): mobile[1]: VISIBLE sig=2130838329 type=0
D/StatusBar.MSimNetworkController( 3026): refreshSignalCluster, mMSimPhoneSignalIconId[0]=com.android.systemui:drawable/stat_sys_signal_null mMSimDataSignalIconId[0]=com.android.systemui:drawable/stat_sys_signal_null mMSimDataTypeIconId[0]=(null) mMSimMobileActivityIconId[0]=(null) mNoMSimIconId[0]=com.android.systemui:drawable/ic_qs_no_sim
D/MSimSignalClusterView( 3026): wifi: VISIBLE sig=2130838354 act=2130838343
D/MSimSignalClusterView( 3026): mobile[0]: VISIBLE sig=2130838329 type=0
D/MSimSignalClusterView( 3026): wifi: VISIBLE sig=2130838354 act=2130838343
D/MSimSignalClusterView( 3026): mobile[1]: VISIBLE sig=2130838329 type=0
D/MSimSignalClusterView( 3026): wifi: VISIBLE sig=2130838354 act=2130838343
D/MSimSignalClusterView( 3026): mobile[0]: VISIBLE sig=2130838329 type=0
D/MSimSignalClusterView( 3026): wifi: VISIBLE sig=2130838354 act=2130838343
D/MSimSignalClusterView( 3026): mobile[0]: VISIBLE sig=2130838329 type=0
D/MSimSignalClusterView( 3026): wifi: VISIBLE sig=2130838354 act=2130838343
D/MSimSignalClusterView( 3026): mobile[0]: VISIBLE sig=2130838329 type=0
D/MSimSignalClusterView( 3026): wifi: VISIBLE sig=2130838354 act=2130838343
D/MSimSignalClusterView( 3026): mobile[1]: VISIBLE sig=2130838329 type=0
D/StatusBar.MSimNetworkController( 3026): refreshSignalCluster, mMSimPhoneSignalIconId[0]=com.android.systemui:drawable/stat_sys_signal_null mMSimDataSignalIconId[0]=com.android.systemui:drawable/stat_sys_signal_null mMSimDataTypeIconId[0]=(null) mMSimMobileActivityIconId[0]=(null) mNoMSimIconId[0]=com.android.systemui:drawable/ic_qs_no_sim
D/MSimSignalClusterView( 3026): wifi: VISIBLE sig=2130838354 act=2130838343
D/MSimSignalClusterView( 3026): mobile[0]: VISIBLE sig=2130838329 type=0
D/MSimSignalClusterView( 3026): wifi: VISIBLE sig=2130838354 act=2130838343
D/MSimSignalClusterView( 3026): mobile[1]: VISIBLE sig=2130838329 type=0
D/MSimSignalClusterView( 3026): wifi: VISIBLE sig=2130838354 act=2130838343
D/MSimSignalClusterView( 3026): mobile[0]: VISIBLE sig=2130838329 type=0
D/MSimSignalClusterView( 3026): wifi: VISIBLE sig=2130838354 act=2130838343
D/MSimSignalClusterView( 3026): mobile[0]: VISIBLE sig=2130838329 type=0
D/MSimSignalClusterView( 3026): wifi: VISIBLE sig=2130838354 act=2130838343
D/MSimSignalClusterView( 3026): mobile[0]: VISIBLE sig=2130838329 type=0
D/MSimSignalClusterView( 3026): wifi: VISIBLE sig=2130838354 act=2130838343
D/MSimSignalClusterView( 3026): mobile[1]: VISIBLE sig=2130838329 type=0
D/StatusBar.MSimNetworkController( 3026): refreshSignalCluster, mMSimPhoneSignalIconId[0]=com.android.systemui:drawable/stat_sys_signal_null mMSimDataSignalIconId[0]=com.android.systemui:drawable/stat_sys_signal_null mMSimDataTypeIconId[0]=(null) mMSimMobileActivityIconId[0]=(null) mNoMSimIconId[0]=com.android.systemui:drawable/ic_qs_no_sim
D/MSimSignalClusterView( 3026): wifi: VISIBLE sig=2130838354 act=2130838343
D/MSimSignalClusterView( 3026): mobile[0]: VISIBLE sig=2130838329 type=0
D/MSimSignalClusterView( 3026): wifi: VISIBLE sig=2130838354 act=2130838343
D/MSimSignalClusterView( 3026): mobile[1]: VISIBLE sig=2130838329 type=0
D/MSimSignalClusterView( 3026): wifi: VISIBLE sig=2130838354 act=2130838343
D/MSimSignalClusterView( 3026): mobile[0]: VISIBLE sig=2130838329 type=0
D/MSimSignalClusterView( 3026): wifi: VISIBLE sig=2130838354 act=2130838343
D/MSimSignalClusterView( 3026): mobile[0]: VISIBLE sig=2130838329 type=0
D/MSimSignalClusterView( 3026): wifi: VISIBLE sig=2130838354 act=2130838343
D/MSimSignalClusterView( 3026): mobile[0]: VISIBLE sig=2130838329 type=0
D/MSimSignalClusterView( 3026): wifi: VISIBLE sig=2130838354 act=2130838343
D/MSimSignalClusterView( 3026): mobile[1]: VISIBLE sig=2130838329 type=0
D/StatusBar.MSimNetworkController( 3026): refreshSignalCluster, mMSimPhoneSignalIconId[0]=com.android.systemui:drawable/stat_sys_signal_null mMSimDataSignalIconId[0]=com.android.systemui:drawable/stat_sys_signal_null mMSimDataTypeIconId[0]=(null) mMSimMobileActivityIconId[0]=(null) mNoMSimIconId[0]=com.android.systemui:drawable/ic_qs_no_sim
D/BatteryMeterView( 3026): onDraw level = 72
I/SurfaceFlinger(  260): FPS: 6
D/BatteryMeterView( 3026): onDraw level = 82
D/BatteryMeterView( 3026): onDraw level = 92
I/SurfaceFlinger(  260): FPS: 3
V/WLAN_PSA(  312): NL MSG, len[4031], NL type[0x1C] WNI type[0x5900] len[42767]
V/WLAN_PSA(  312): NL MSG, PID: 312
D/StatusBar.MSimNetworkController( 3026): refreshViews phoneId =0mMSimDataConnected =false
D/StatusBar.MSimNetworkController( 3026): refreshViews mMSimDataActivity =0
D/StatusBar.MSimNetworkController( 3026): refreshViews: Data not connected!! Set no data type icon / Roaming for phoneId: 0
D/StatusBar.MSimNetworkController( 3026): refreshViews connected={ wifi } level=0 mMSimcombinedSignalIconId=0x7f020352/com.android.systemui:drawable/stat_sys_wifi_signal_4_fully mMSimcombinedActivityIconId=0x0 mAirplaneMode=false mMSimDataActivity=0 mMSimPhoneSignalIconId=0x7f020339/com.android.systemui:drawable/stat_sys_signal_null mMSimDataDirectionIconId=0x0 mMSimDataSignalIconId=0x7f020339 mMSimDataTypeIconId=0x0/(null) mNoMSimIconId=0x7f02009a/com.android.systemui:drawable/ic_qs_no_sim mMSimMobileActivityIconId=0x0/(null) mWifiIconId=0x7f020352 mBluetoothTetherIconId=0x10806a2
D/MSimSignalClusterView( 3026): wifi: VISIBLE sig=2130838354 act=0
D/MSimSignalClusterView( 3026): mobile[0]: VISIBLE sig=2130838329 type=0
D/MSimSignalClusterView( 3026): wifi: VISIBLE sig=2130838354 act=0
D/MSimSignalClusterView( 3026): mobile[1]: VISIBLE sig=2130838329 type=0
D/MSimSignalClusterView( 3026): wifi: VISIBLE sig=2130838354 act=0
D/MSimSignalClusterView( 3026): mobile[0]: VISIBLE sig=2130838329 type=0
D/MSimSignalClusterView( 3026): wifi: VISIBLE sig=2130838354 act=0
D/MSimSignalClusterView( 3026): mobile[0]: VISIBLE sig=2130838329 type=0
D/MSimSignalClusterView( 3026): wifi: VISIBLE sig=2130838354 act=0
D/MSimSignalClusterView( 3026): mobile[0]: VISIBLE sig=2130838329 type=0
D/MSimSignalClusterView( 3026): wifi: VISIBLE sig=2130838354 act=0
D/MSimSignalClusterView( 3026): mobile[1]: VISIBLE sig=2130838329 type=0
D/StatusBar.MSimNetworkController( 3026): refreshSignalCluster, mMSimPhoneSignalIconId[0]=com.android.systemui:drawable/stat_sys_signal_null mMSimDataSignalIconId[0]=com.android.systemui:drawable/stat_sys_signal_null mMSimDataTypeIconId[0]=(null) mMSimMobileActivityIconId[0]=(null) mNoMSimIconId[0]=com.android.systemui:drawable/ic_qs_no_sim
D/MSimSignalClusterView( 3026): wifi: VISIBLE sig=2130838354 act=0
D/MSimSignalClusterView( 3026): mobile[0]: VISIBLE sig=2130838329 type=0
D/MSimSignalClusterView( 3026): wifi: VISIBLE sig=2130838354 act=0
D/MSimSignalClusterView( 3026): mobile[1]: VISIBLE sig=2130838329 type=0
D/MSimSignalClusterView( 3026): wifi: VISIBLE sig=2130838354 act=0
D/MSimSignalClusterView( 3026): mobile[0]: VISIBLE sig=2130838329 type=0
D/MSimSignalClusterView( 3026): wifi: VISIBLE sig=2130838354 act=0
D/MSimSignalClusterView( 3026): mobile[0]: VISIBLE sig=2130838329 type=0
D/MSimSignalClusterView( 3026): wifi: VISIBLE sig=2130838354 act=0
D/MSimSignalClusterView( 3026): mobile[0]: VISIBLE sig=2130838329 type=0
D/MSimSignalClusterView( 3026): wifi: VISIBLE sig=2130838354 act=0
D/MSimSignalClusterView( 3026): mobile[1]: VISIBLE sig=2130838329 type=0
D/StatusBar.MSimNetworkController( 3026): refreshSignalCluster, mMSimPhoneSignalIconId[0]=com.android.systemui:drawable/stat_sys_signal_null mMSimDataSignalIconId[0]=com.android.systemui:drawable/stat_sys_signal_null mMSimDataTypeIconId[0]=(null) mMSimMobileActivityIconId[0]=(null) mNoMSimIconId[0]=com.android.systemui:drawable/ic_qs_no_sim
D/MSimSignalClusterView( 3026): wifi: VISIBLE sig=2130838354 act=0
D/MSimSignalClusterView( 3026): mobile[0]: VISIBLE sig=2130838329 type=0
D/MSimSignalClusterView( 3026): wifi: VISIBLE sig=2130838354 act=0
D/MSimSignalClusterView( 3026): mobile[1]: VISIBLE sig=2130838329 type=0
D/MSimSignalClusterView( 3026): wifi: VISIBLE sig=2130838354 act=0
D/MSimSignalClusterView( 3026): mobile[0]: VISIBLE sig=2130838329 type=0
D/MSimSignalClusterView( 3026): wifi: VISIBLE sig=2130838354 act=0
D/MSimSignalClusterView( 3026): mobile[0]: VISIBLE sig=2130838329 type=0
D/MSimSignalClusterView( 3026): wifi: VISIBLE sig=2130838354 act=0
D/MSimSignalClusterView( 3026): mobile[0]: VISIBLE sig=2130838329 type=0
D/MSimSignalClusterView( 3026): wifi: VISIBLE sig=2130838354 act=0
D/MSimSignalClusterView( 3026): mobile[1]: VISIBLE sig=2130838329 type=0
D/StatusBar.MSimNetworkController( 3026): refreshSignalCluster, mMSimPhoneSignalIconId[0]=com.android.systemui:drawable/stat_sys_signal_null mMSimDataSignalIconId[0]=com.android.systemui:drawable/stat_sys_signal_null mMSimDataTypeIconId[0]=(null) mMSimMobileActivityIconId[0]=(null) mNoMSimIconId[0]=com.android.systemui:drawable/ic_qs_no_sim
D/MSimSignalClusterView( 3026): wifi: VISIBLE sig=2130838354 act=0
D/MSimSignalClusterView( 3026): mobile[0]: VISIBLE sig=2130838329 type=0
D/MSimSignalClusterView( 3026): wifi: VISIBLE sig=2130838354 act=0
D/MSimSignalClusterView( 3026): mobile[1]: VISIBLE sig=2130838329 type=0
D/MSimSignalClusterView( 3026): wifi: VISIBLE sig=2130838354 act=0
D/MSimSignalClusterView( 3026): mobile[0]: VISIBLE sig=2130838329 type=0
D/MSimSignalClusterView( 3026): wifi: VISIBLE sig=2130838354 act=0
D/MSimSignalClusterView( 3026): mobile[0]: VISIBLE sig=2130838329 type=0
D/MSimSignalClusterView( 3026): wifi: VISIBLE sig=2130838354 act=0
D/MSimSignalClusterView( 3026): mobile[0]: VISIBLE sig=2130838329 type=0
D/MSimSignalClusterView( 3026): wifi: VISIBLE sig=2130838354 act=0
D/MSimSignalClusterView( 3026): mobile[1]: VISIBLE sig=2130838329 type=0
D/StatusBar.MSimNetworkController( 3026): refreshSignalCluster, mMSimPhoneSignalIconId[0]=com.android.systemui:drawable/stat_sys_signal_null mMSimDataSignalIconId[0]=com.android.systemui:drawable/stat_sys_signal_null mMSimDataTypeIconId[0]=(null) mMSimMobileActivityIconId[0]=(null) mNoMSimIconId[0]=com.android.systemui:drawable/ic_qs_no_sim
I/PowerManagerService(  751): Going to sleep due to screen timeout (uid 1000)...
D/BatteryMeterView( 3026): onDraw level = 100
I/WindowManager(  751): Screen turned off...
I/DisplayManagerService(  751): Display device changed: DisplayDeviceInfo{"Built-in Screen": uniqueId="local:0", 720 x 1280, 60.0 fps, supportedRefreshRates [60.0], density 320, 160.421 x 160.157 dpi, appVsyncOff 0, presDeadline 17666667, touch INTERNAL, rotation 0, type BUILT_IN, state OFF, FLAG_DEFAULT_DISPLAY, FLAG_ROTATES_WITH_CONTENT, FLAG_SECURE, FLAG_SUPPORTS_PROTECTED_BUFFERS}
V/ActivityManager(  751): Display changed displayId=0
E/libnav  (  361): AbaSetOriginalBacklightLevel: bad input paramters
D/SurfaceFlinger(  260): Set power mode=0, type=0 flinger=0xb72bf5f8
D/qdhwcomposer(  260): hwc_setPowerMode: Setting mode 0 on display: 0
E/qdutils (  260): int qdutils::getHDMINode(): Failed to open fb node 1
E/qdutils (  260): int qdutils::getHDMINode(): Failed to open fb node 2
E/qdutils (  260): int qdutils::getHDMINode(): Failed to find HDMI node
I/WindowManager(  751): Win Window{2b5d0932 u0 android}: isVisibleOrBehindKeyguardLw=true
I/WindowManager(  751): Win Window{23583ca7 u0 StatusBar}: isVisibleOrBehindKeyguardLw=true
I/WindowManager(  751): Win Window{2b5c623f u0 com.interswitchng.interswitchpossdkdemo.telpo.v2.debug/com.interswitchng.smartpos.modules.main.MainActivity}: isVisibleOrBehindKeyguardLw=true
V/WindowManager(  751): Fullscreen window: Window{2b5c623f u0 com.interswitchng.interswitchpossdkdemo.telpo.v2.debug/com.interswitchng.smartpos.modules.main.MainActivity}
I/WindowManager(  751): Win Window{276e6867 u0 com.android.phasebeam.PhaseBeamWallpaper}: isVisibleOrBehindKeyguardLw=false
I/WindowManager(  751): force=false forcefkg=false top=Window{2b5c623f u0 com.interswitchng.interswitchpossdkdemo.telpo.v2.debug/com.interswitchng.smartpos.modules.main.MainActivity}
D/WindowManager(  751): frame: Rect(0, 0 - 720, 1280) shown frame: RectF(0.0, 0.0, 720.0, 1280.0)
D/WindowManager(  751): attr: WM.LayoutParams{(0,0)(fillxfill) sim=#120 ty=1 fl=#81810100 wanim=0x1030467 vsysui=0x600 surfaceInsets=Rect(0, 0 - 0, 0) needsMenuKey=2} lp.flags=0x81810100
V/WindowManager(  751): ** SHOWING status bar: top is not fullscreen
V/WindowManager(  751): finishPostLayoutPolicyLw: mHideKeyguard=false
I/WindowManager(  751): Win Window{2b5d0932 u0 android}: isVisibleOrBehindKeyguardLw=true
I/WindowManager(  751): Win Window{23583ca7 u0 StatusBar}: isVisibleOrBehindKeyguardLw=true
I/WindowManager(  751): Win Window{2b5c623f u0 com.interswitchng.interswitchpossdkdemo.telpo.v2.debug/com.interswitchng.smartpos.modules.main.MainActivity}: isVisibleOrBehindKeyguardLw=true
V/WindowManager(  751): Fullscreen window: Window{2b5c623f u0 com.interswitchng.interswitchpossdkdemo.telpo.v2.debug/com.interswitchng.smartpos.modules.main.MainActivity}
I/WindowManager(  751): Win Window{276e6867 u0 com.android.phasebeam.PhaseBeamWallpaper}: isVisibleOrBehindKeyguardLw=false
I/WindowManager(  751): force=false forcefkg=false top=Window{2b5c623f u0 com.interswitchng.interswitchpossdkdemo.telpo.v2.debug/com.interswitchng.smartpos.modules.main.MainActivity}
D/WindowManager(  751): frame: Rect(0, 0 - 720, 1280) shown frame: RectF(0.0, 0.0, 720.0, 1280.0)
D/WindowManager(  751): attr: WM.LayoutParams{(0,0)(fillxfill) sim=#120 ty=1 fl=#81810100 wanim=0x1030467 vsysui=0x600 surfaceInsets=Rect(0, 0 - 0, 0) needsMenuKey=2} lp.flags=0x81810100
V/WindowManager(  751): ** SHOWING status bar: top is not fullscreen
V/WindowManager(  751): finishPostLayoutPolicyLw: mHideKeyguard=false
D/StatusBar.MSimNetworkController( 3026): refreshViews phoneId =0mMSimDataConnected =false
D/StatusBar.MSimNetworkController( 3026): refreshViews mMSimDataActivity =0
D/StatusBar.MSimNetworkController( 3026): refreshViews: Data not connected!! Set no data type icon / Roaming for phoneId: 0
D/StatusBar.MSimNetworkController( 3026): refreshViews connected={ wifi } level=0 mMSimcombinedSignalIconId=0x7f020352/com.android.systemui:drawable/stat_sys_wifi_signal_4_fully mMSimcombinedActivityIconId=0x7f020347 mAirplaneMode=false mMSimDataActivity=0 mMSimPhoneSignalIconId=0x7f020339/com.android.systemui:drawable/stat_sys_signal_null mMSimDataDirectionIconId=0x0 mMSimDataSignalIconId=0x7f020339 mMSimDataTypeIconId=0x0/(null) mNoMSimIconId=0x7f02009a/com.android.systemui:drawable/ic_qs_no_sim mMSimMobileActivityIconId=0x0/(null) mWifiIconId=0x7f020352 mBluetoothTetherIconId=0x10806a2
D/MSimSignalClusterView( 3026): wifi: VISIBLE sig=2130838354 act=2130838343
D/MSimSignalClusterView( 3026): mobile[0]: VISIBLE sig=2130838329 type=0
D/MSimSignalClusterView( 3026): wifi: VISIBLE sig=2130838354 act=2130838343
D/MSimSignalClusterView( 3026): mobile[1]: VISIBLE sig=2130838329 type=0
D/MSimSignalClusterView( 3026): wifi: VISIBLE sig=2130838354 act=2130838343
D/MSimSignalClusterView( 3026): mobile[0]: VISIBLE sig=2130838329 type=0
D/MSimSignalClusterView( 3026): wifi: VISIBLE sig=2130838354 act=2130838343
D/MSimSignalClusterView( 3026): mobile[0]: VISIBLE sig=2130838329 type=0
D/MSimSignalClusterView( 3026): wifi: VISIBLE sig=2130838354 act=2130838343
D/MSimSignalClusterView( 3026): mobile[0]: VISIBLE sig=2130838329 type=0
D/MSimSignalClusterView( 3026): wifi: VISIBLE sig=2130838354 act=2130838343
D/MSimSignalClusterView( 3026): mobile[1]: VISIBLE sig=2130838329 type=0
D/StatusBar.MSimNetworkController( 3026): refreshSignalCluster, mMSimPhoneSignalIconId[0]=com.android.systemui:drawable/stat_sys_signal_null mMSimDataSignalIconId[0]=com.android.systemui:drawable/stat_sys_signal_null mMSimDataTypeIconId[0]=(null) mMSimMobileActivityIconId[0]=(null) mNoMSimIconId[0]=com.android.systemui:drawable/ic_qs_no_sim
D/MSimSignalClusterView( 3026): wifi: VISIBLE sig=2130838354 act=2130838343
D/MSimSignalClusterView( 3026): mobile[0]: VISIBLE sig=2130838329 type=0
D/MSimSignalClusterView( 3026): wifi: VISIBLE sig=2130838354 act=2130838343
D/MSimSignalClusterView( 3026): mobile[1]: VISIBLE sig=2130838329 type=0
D/MSimSignalClusterView( 3026): wifi: VISIBLE sig=2130838354 act=2130838343
D/MSimSignalClusterView( 3026): mobile[0]: VISIBLE sig=2130838329 type=0
D/MSimSignalClusterView( 3026): wifi: VISIBLE sig=2130838354 act=2130838343
D/MSimSignalClusterView( 3026): mobile[0]: VISIBLE sig=2130838329 type=0
D/MSimSignalClusterView( 3026): wifi: VISIBLE sig=2130838354 act=2130838343
D/MSimSignalClusterView( 3026): mobile[0]: VISIBLE sig=2130838329 type=0
D/MSimSignalClusterView( 3026): wifi: VISIBLE sig=2130838354 act=2130838343
D/MSimSignalClusterView( 3026): mobile[1]: VISIBLE sig=2130838329 type=0
D/StatusBar.MSimNetworkController( 3026): refreshSignalCluster, mMSimPhoneSignalIconId[0]=com.android.systemui:drawable/stat_sys_signal_null mMSimDataSignalIconId[0]=com.android.systemui:drawable/stat_sys_signal_null mMSimDataTypeIconId[0]=(null) mMSimMobileActivityIconId[0]=(null) mNoMSimIconId[0]=com.android.systemui:drawable/ic_qs_no_sim
D/MSimSignalClusterView( 3026): wifi: VISIBLE sig=2130838354 act=2130838343
D/MSimSignalClusterView( 3026): mobile[0]: VISIBLE sig=2130838329 type=0
D/MSimSignalClusterView( 3026): wifi: VISIBLE sig=2130838354 act=2130838343
D/MSimSignalClusterView( 3026): mobile[1]: VISIBLE sig=2130838329 type=0
D/MSimSignalClusterView( 3026): wifi: VISIBLE sig=2130838354 act=2130838343
D/MSimSignalClusterView( 3026): mobile[0]: VISIBLE sig=2130838329 type=0
D/MSimSignalClusterView( 3026): wifi: VISIBLE sig=2130838354 act=2130838343
D/MSimSignalClusterView( 3026): mobile[0]: VISIBLE sig=2130838329 type=0
D/MSimSignalClusterView( 3026): wifi: VISIBLE sig=2130838354 act=2130838343
D/MSimSignalClusterView( 3026): mobile[0]: VISIBLE sig=2130838329 type=0
D/MSimSignalClusterView( 3026): wifi: VISIBLE sig=2130838354 act=2130838343
D/MSimSignalClusterView( 3026): mobile[1]: VISIBLE sig=2130838329 type=0
D/StatusBar.MSimNetworkController( 3026): refreshSignalCluster, mMSimPhoneSignalIconId[0]=com.android.systemui:drawable/stat_sys_signal_null mMSimDataSignalIconId[0]=com.android.systemui:drawable/stat_sys_signal_null mMSimDataTypeIconId[0]=(null) mMSimMobileActivityIconId[0]=(null) mNoMSimIconId[0]=com.android.systemui:drawable/ic_qs_no_sim
D/MSimSignalClusterView( 3026): wifi: VISIBLE sig=2130838354 act=2130838343
D/MSimSignalClusterView( 3026): mobile[0]: VISIBLE sig=2130838329 type=0
D/MSimSignalClusterView( 3026): wifi: VISIBLE sig=2130838354 act=2130838343
D/MSimSignalClusterView( 3026): mobile[1]: VISIBLE sig=2130838329 type=0
D/MSimSignalClusterView( 3026): wifi: VISIBLE sig=2130838354 act=2130838343
D/MSimSignalClusterView( 3026): mobile[0]: VISIBLE sig=2130838329 type=0
D/MSimSignalClusterView( 3026): wifi: VISIBLE sig=2130838354 act=2130838343
D/MSimSignalClusterView( 3026): mobile[0]: VISIBLE sig=2130838329 type=0
D/MSimSignalClusterView( 3026): wifi: VISIBLE sig=2130838354 act=2130838343
D/MSimSignalClusterView( 3026): mobile[0]: VISIBLE sig=2130838329 type=0
D/MSimSignalClusterView( 3026): wifi: VISIBLE sig=2130838354 act=2130838343
D/MSimSignalClusterView( 3026): mobile[1]: VISIBLE sig=2130838329 type=0
D/StatusBar.MSimNetworkController( 3026): refreshSignalCluster, mMSimPhoneSignalIconId[0]=com.android.systemui:drawable/stat_sys_signal_null mMSimDataSignalIconId[0]=com.android.systemui:drawable/stat_sys_signal_null mMSimDataTypeIconId[0]=(null) mMSimMobileActivityIconId[0]=(null) mNoMSimIconId[0]=com.android.systemui:drawable/ic_qs_no_sim
I/qdhwcomposer(  260): handle_blank_event: dpy:0 panel power state: 0
E/qdutils (  260): int qdutils::getHDMINode(): Failed to open fb node 1
E/qdutils (  260): int qdutils::getHDMINode(): Failed to open fb node 2
E/qdutils (  260): int qdutils::getHDMINode(): Failed to find HDMI node
D/qdhwcomposer(  260): hwc_setPowerMode: Done setting mode 0 on display 0
D/SurfaceControl(  751): Excessive delay in setPowerMode(): 377ms
E/qdutils (  260): int qdutils::getHDMINode(): Failed to open fb node 1
E/qdutils (  260): int qdutils::getHDMINode(): Failed to open fb node 2
E/qdutils (  260): int qdutils::getHDMINode(): Failed to find HDMI node
I/SurfaceFlinger(  260): FPS: 32
I/QCOM PowerHAL(  751): Got set_interactive hint
I/WindowManager(  751): Going to sleep...
I/DreamManagerService(  751): Entering dreamland.
I/PowerManagerService(  751): Dozing...
I/DreamController(  751): Starting dream: name=ComponentInfo{com.android.systemui/com.android.systemui.doze.DozeService}, isTest=false, canDoze=true, userId=0
E/WifiStateMachine(  751): cancelDelayedScan -> 51
E/native  (  751): do suspend true
D/wpa_supplicant( 7163): wlan0: Control interface command 'DRIVER SETSUSPENDMODE 1'
V/WLAN_PSA(  312): NL MSG, len[048], NL type[0x11] WNI type[0x5050] len[028]
V/WLAN_PSA(  312): NL MSG, PID: 312
V/WLAN_PSA(  312): NL MSG, len[048], NL type[0x11] WNI type[0x5050] len[028]
V/WLAN_PSA(  312): NL MSG, PID: 312
V/SRS_Proc(  301): ParamSet string: screen_state=off
D/audio_hw_primary(  301): adev_set_parameters: enter: screen_state=off
D/audio_hw_extn(  301): audio_extn_set_anc_parameters: anc_enabled:0
E/audio_a2dp_hw(  301): adev_set_parameters: ERROR: set param called even when stream out is null
V/WLAN_PSA(  312): NL MSG, len[048], NL type[0x11] WNI type[0x5050] len[028]
V/WLAN_PSA(  312): NL MSG, PID: 312
V/WLAN_PSA(  312): NL MSG, len[048], NL type[0x11] WNI type[0x5050] len[028]
V/WLAN_PSA(  312): NL MSG, PID: 312
V/WLAN_PSA(  312): NL MSG, len[4060], NL type[0x1C] WNI type[0x5900] len[50191]
V/WLAN_PSA(  312): NL MSG, PID: 312
V/WLAN_PSA(  312): NL MSG, len[048], NL type[0x11] WNI type[0x5050] len[028]
V/WLAN_PSA(  312): NL MSG, PID: 312
V/WLAN_PSA(  312): NL MSG, len[048], NL type[0x11] WNI type[0x5050] len[028]
V/WLAN_PSA(  312): NL MSG, PID: 312
D/wpa_supplicant( 7163): wpa_driver_nl80211_driver_cmd SETSUSPENDMODE 1 len = 0, 4096
V/WLAN_PSA(  312): NL MSG, len[4029], NL type[0x1C] WNI type[0x5900] len[42255]
V/WLAN_PSA(  312): NL MSG, PID: 312
D/StatusBar.MSimNetworkController( 3026): getPhoneId phoneId: 0
D/StatusBar.MSimNetworkController( 3026): onDataActivity received on phoneId :0direction=0
D/StatusBar.MSimNetworkController( 3026): updateDataIcon phoneId =0
D/StatusBar.MSimNetworkController( 3026): updateDataIcon dataSub =0
D/StatusBar.MSimNetworkController( 3026): updateDataIcon  when SimState =ABSENT
D/StatusBar.MSimNetworkController( 3026): updateDataIcon when mMSimDataConnected[0] =false mMSimMobileActivityIconId[0] = 0
D/StatusBar.MSimNetworkController( 3026): refreshViews phoneId =0mMSimDataConnected =false
D/StatusBar.MSimNetworkController( 3026): refreshViews mMSimDataActivity =0
D/StatusBar.MSimNetworkController( 3026): refreshViews: Data not connected!! Set no data type icon / Roaming for phoneId: 0
D/StatusBar.MSimNetworkController( 3026): refreshViews connected={ wifi } level=0 mMSimcombinedSignalIconId=0x7f020352/com.android.systemui:drawable/stat_sys_wifi_signal_4_fully mMSimcombinedActivityIconId=0x7f020347 mAirplaneMode=false mMSimDataActivity=0 mMSimPhoneSignalIconId=0x7f020339/com.android.systemui:drawable/stat_sys_signal_null mMSimDataDirectionIconId=0x0 mMSimDataSignalIconId=0x7f020339 mMSimDataTypeIconId=0x0/(null) mNoMSimIconId=0x7f02009a/com.android.systemui:drawable/ic_qs_no_sim mMSimMobileActivityIconId=0x0/(null) mWifiIconId=0x7f020352 mBluetoothTetherIconId=0x10806a2
D/StatusBar.MSimNetworkController( 3026): getPhoneId phoneId: 1
D/StatusBar.MSimNetworkController( 3026): onDataActivity received on phoneId :1direction=0
D/StatusBar.MSimNetworkController( 3026): updateDataIcon phoneId =1
D/StatusBar.MSimNetworkController( 3026): updateDataIcon dataSub =0
D/StatusBar.MSimNetworkController( 3026): updateDataIconi: phoneId1 is not DDS.  Clear the mMSimDataConnected Flag and return
D/StatusBar.MSimNetworkController( 3026): refreshViews phoneId =1mMSimDataConnected =false
D/StatusBar.MSimNetworkController( 3026): refreshViews mMSimDataActivity =0
D/StatusBar.MSimNetworkController( 3026): refreshViews: Data not connected!! Set no data type icon / Roaming for phoneId: 1
D/StatusBar.MSimNetworkController( 3026): refreshViews connected={ wifi } level=0 mMSimcombinedSignalIconId=0x7f020352/com.android.systemui:drawable/stat_sys_wifi_signal_4_fully mMSimcombinedActivityIconId=0x7f020347 mAirplaneMode=false mMSimDataActivity=0 mMSimPhoneSignalIconId=0x7f020339/com.android.systemui:drawable/stat_sys_signal_null mMSimDataDirectionIconId=0x0 mMSimDataSignalIconId=0x7f020339 mMSimDataTypeIconId=0x0/(null) mNoMSimIconId=0x7f02009a/com.android.systemui:drawable/ic_qs_no_sim mMSimMobileActivityIconId=0x0/(null) mWifiIconId=0x7f020352 mBluetoothTetherIconId=0x10806a2
D/StatusBar.MSimNetworkController( 3026): getPhoneId phoneId: 1
D/StatusBar.MSimNetworkController( 3026): onDataActivity received on phoneId :1direction=0
D/StatusBar.MSimNetworkController( 3026): updateDataIcon phoneId =1
D/StatusBar.MSimNetworkController( 3026): updateDataIcon dataSub =0
D/StatusBar.MSimNetworkController( 3026): updateDataIconi: phoneId1 is not DDS.  Clear the mMSimDataConnected Flag and return
D/StatusBar.MSimNetworkController( 3026): refreshViews phoneId =1mMSimDataConnected =false
D/StatusBar.MSimNetworkController( 3026): refreshViews mMSimDataActivity =0
D/StatusBar.MSimNetworkController( 3026): refreshViews: Data not connected!! Set no data type icon / Roaming for phoneId: 1
D/StatusBar.MSimNetworkController( 3026): refreshViews connected={ wifi } level=0 mMSimcombinedSignalIconId=0x7f020352/com.android.systemui:drawable/stat_sys_wifi_signal_4_fully mMSimcombinedActivityIconId=0x7f020347 mAirplaneMode=false mMSimDataActivity=0 mMSimPhoneSignalIconId=0x7f020339/com.android.systemui:drawable/stat_sys_signal_null mMSimDataDirectionIconId=0x0 mMSimDataSignalIconId=0x7f020339 mMSimDataTypeIconId=0x0/(null) mNoMSimIconId=0x7f02009a/com.android.systemui:drawable/ic_qs_no_sim mMSimMobileActivityIconId=0x0/(null) mWifiIconId=0x7f020352 mBluetoothTetherIconId=0x10806a2
D/StatusBar.MSimNetworkController( 3026): getPhoneId phoneId: 0
D/StatusBar.MSimNetworkController( 3026): onDataActivity received on phoneId :0direction=0
D/StatusBar.MSimNetworkController( 3026): updateDataIcon phoneId =0
D/StatusBar.MSimNetworkController( 3026): updateDataIcon dataSub =0
D/StatusBar.MSimNetworkController( 3026): updateDataIcon  when SimState =ABSENT
D/StatusBar.MSimNetworkController( 3026): updateDataIcon when mMSimDataConnected[0] =false mMSimMobileActivityIconId[0] = 0
D/StatusBar.MSimNetworkController( 3026): refreshViews phoneId =0mMSimDataConnected =false
D/StatusBar.MSimNetworkController( 3026): refreshViews mMSimDataActivity =0
D/StatusBar.MSimNetworkController( 3026): refreshViews: Data not connected!! Set no data type icon / Roaming for phoneId: 0
D/StatusBar.MSimNetworkController( 3026): refreshViews connected={ wifi } level=0 mMSimcombinedSignalIconId=0x7f020352/com.android.systemui:drawable/stat_sys_wifi_signal_4_fully mMSimcombinedActivityIconId=0x7f020347 mAirplaneMode=false mMSimDataActivity=0 mMSimPhoneSignalIconId=0x7f020339/com.android.systemui:drawable/stat_sys_signal_null mMSimDataDirectionIconId=0x0 mMSimDataSignalIconId=0x7f020339 mMSimDataTypeIconId=0x0/(null) mNoMSimIconId=0x7f02009a/com.android.systemui:drawable/ic_qs_no_sim mMSimMobileActivityIconId=0x0/(null) mWifiIconId=0x7f020352 mBluetoothTetherIconId=0x10806a2
D/StatusBar.MSimNetworkController( 3026): getPhoneId phoneId: 0
D/StatusBar.MSimNetworkController( 3026): onDataActivity received on phoneId :0direction=0
D/StatusBar.MSimNetworkController( 3026): updateDataIcon phoneId =0
D/StatusBar.MSimNetworkController( 3026): updateDataIcon dataSub =0
D/StatusBar.MSimNetworkController( 3026): updateDataIcon  when SimState =ABSENT
D/StatusBar.MSimNetworkController( 3026): updateDataIcon when mMSimDataConnected[0] =false mMSimMobileActivityIconId[0] = 0
D/StatusBar.MSimNetworkController( 3026): refreshViews phoneId =0mMSimDataConnected =false
D/StatusBar.MSimNetworkController( 3026): refreshViews mMSimDataActivity =0
D/StatusBar.MSimNetworkController( 3026): refreshViews: Data not connected!! Set no data type icon / Roaming for phoneId: 0
