06-11 17:04:02.591 D/ACDB-LOADER(  288): ACDB -> send_adm_topology
06-11 17:04:02.591 D/ACDB-LOADER(  288): ACDB -> ACDB_CMD_GET_AUDPROC_COMMON_TOPOLOGY_ID
06-11 17:04:02.591 D/ACDB-LOADER(  288): ACDB -> send_audtable
06-11 17:04:02.591 D/ACDB-LOADER(  288): ACDB -> ACDB_CMD_GET_AUDPROC_COMMON_TABLE
06-11 17:04:02.591 D/ACDB-LOADER(  288): ACDB -> AUDIO_SET_AUDPROC_CAL
06-11 17:04:02.591 D/ACDB-LOADER(  288): ACDB -> send_audvoltable
06-11 17:04:02.591 D/ACDB-LOADER(  288): ACDB -> ACDB_CMD_GET_AUDPROC_GAIN_DEP_STEP_TABLE
06-11 17:04:02.591 D/ACDB-LOADER(  288): ACDB -> AUDIO_SET_AUDPROC_VOL_CAL
06-11 17:04:02.591 D/ACDB-LOADER(  288): ACDB -> send_afe_cal
06-11 17:04:02.591 D/ACDB-LOADER(  288): ACDB -> ACDB_CMD_GET_AFE_COMMON_TABLE
06-11 17:04:02.591 D/ACDB-LOADER(  288): ACDB -> AUDIO_SET_AFE_CAL
06-11 17:04:02.591 D/ACDB-LOADER(  288): ACDB -> send_hw_delay : acdb_id = 14 path = 0
06-11 17:04:02.591 D/ACDB-LOADER(  288): ACDB -> ACDB_AVSYNC_INFO: ACDB_CMD_GET_DEVICE_PROPERTY
06-11 17:04:02.592 I/audio_hw_utils(  288): audio_extn_utils_send_app_type_cfg app_type 69936, acdb_dev_id 14, sample_rate 48000
06-11 17:04:02.593 D/audio_hw_primary(  288): select_devices: done
06-11 17:04:02.638 I/Timeline( 5259): Timeline: Activity_launch_request id:com.interswitchng.interswitchpossdkdemo.telpo.v2.debug time:132183
06-11 17:04:02.657 I/ViewRootImpl( 5259): CPU Rendering VSync enable = true
06-11 17:04:02.768 E/AudioPolicyManager(  288): unknown stream type 13
06-11 17:04:02.768 E/AudioPolicyManager(  288): unknown stream type 13
06-11 17:04:02.769 E/AudioPolicyManager(  288): unknown stream type 13
06-11 17:04:02.769 E/AudioPolicyManager(  288): unknown stream type 13
06-11 17:04:02.769 E/AudioPolicyManager(  288): unknown stream type 13
06-11 17:04:02.769 E/AudioPolicyManager(  288): unknown stream type 13
06-11 17:04:02.769 E/AudioPolicyManager(  288): unknown stream type 13
06-11 17:04:02.769 E/AudioPolicyManager(  288): unknown stream type 13
06-11 17:04:02.769 E/AudioPolicyManager(  288): unknown stream type 13
06-11 17:04:02.769 E/AudioPolicyManager(  288): unknown stream type 13
06-11 17:04:02.769 E/AudioPolicyManager(  288): unknown stream type 13
06-11 17:04:02.769 E/AudioPolicyManager(  288): unknown stream type 13
06-11 17:04:02.769 E/AudioPolicyManager(  288): unknown stream type 13
06-11 17:04:02.769 E/AudioPolicyManager(  288): unknown stream type 13
06-11 17:04:02.769 E/AudioPolicyManager(  288): unknown stream type 13
06-11 17:04:02.769 E/AudioPolicyManager(  288): unknown stream type 13
06-11 17:04:02.769 E/AudioPolicyManager(  288): unknown stream type 13
06-11 17:04:02.913 I/art     ( 5259): Background sticky concurrent mark sweep GC freed 4468(157KB) AllocSpace objects, 0(0B) LOS objects, 2% free, 7MB/7MB, paused 6.180ms total 33.203ms
06-11 17:04:03.003 D/BatteryMeterView( 2887): onDraw level = 12
06-11 17:04:03.161 I/ServiceManager(  332): Waiting for service AtCmdFwd...
06-11 17:04:03.162 I/ViewRootImpl( 5259): CPU Rendering VSync enable = true
06-11 17:04:03.186 V/RenderScript( 5259): Application requested CPU execution
06-11 17:04:03.193 V/RenderScript( 5259): 0xb8bca488 Launching thread(s), CPUs 4
06-11 17:04:03.519 I/SurfaceFlinger(  262): FPS: 53
06-11 17:04:03.519 D/BatteryMeterView( 2887): onDraw level = 22
06-11 17:04:03.536 I/ActivityManager(  768): Displayed com.interswitchng.interswitchpossdkdemo.telpo.v2.debug/com.interswitchng.smartpos.modules.main.MainActivity: +860ms
06-11 17:04:03.712 I/Timeline( 5259): Timeline: Activity_idle id: android.os.BinderProxy@26bf610 time:133258
06-11 17:04:03.779 D/wpa_supplicant( 3753): wlan0: Control interface command 'SIGNAL_POLL'
06-11 17:04:03.779 V/WLAN_PSA(  300): NL MSG, len[4095], NL type[0x1C] WNI type[0x5900] len[59151]
06-11 17:04:03.779 V/WLAN_PSA(  300): NL MSG, PID: 300
06-11 17:04:03.820 W/SurfaceFlinger(  262): couldn't log to binary event log: overflow.
06-11 17:04:03.921 I/Timeline(  768): Timeline: Activity_windows_visible id: ActivityRecord{2bc6b1c7 u0 com.interswitchng.interswitchpossdkdemo.telpo.v2.debug/com.interswitchng.smartpos.modules.main.MainActivity t649} time:133466
06-11 17:04:04.036 D/BatteryMeterView( 2887): onDraw level = 32
06-11 17:04:04.162 I/ServiceManager(  332): Waiting for service AtCmdFwd...
06-11 17:04:04.553 D/BatteryMeterView( 2887): onDraw level = 42
06-11 17:04:04.590 I/SurfaceFlinger(  262): FPS: 25
06-11 17:04:05.070 D/BatteryMeterView( 2887): onDraw level = 52
06-11 17:04:05.163 I/ServiceManager(  332): Waiting for service AtCmdFwd...
06-11 17:04:05.587 D/BatteryMeterView( 2887): onDraw level = 62
06-11 17:04:05.623 I/SurfaceFlinger(  262): FPS: 4
06-11 17:04:05.734 D/audio_hw_primary(  288): out_standby: enter: stream (0xb8c93108) usecase(1: low-latency-playback)
06-11 17:04:05.816 D/soundtrigger(  288): audio_extn_sound_trigger_update_stream_status: uc_id 1 of type 0 for Event 2, with Raise=0
06-11 17:04:05.816 D/hardware_info(  288): hw_info_append_hw_type : device_name = speaker
06-11 17:04:05.819 I/soundtrigger(  288): audio_extn_sound_trigger_update_device_status: device 0x2 of type 0 for Event 0, with Raise=0
06-11 17:04:06.103 D/BatteryMeterView( 2887): onDraw level = 72
06-11 17:04:06.164 I/ServiceManager(  332): Waiting for service AtCmdFwd...
06-11 17:04:06.620 D/BatteryMeterView( 2887): onDraw level = 82
06-11 17:04:06.637 I/SurfaceFlinger(  262): FPS: 31
06-11 17:04:06.800 D/wpa_supplicant( 3753): wlan0: Control interface command 'SIGNAL_POLL'
06-11 17:04:07.136 D/BatteryMeterView( 2887): onDraw level = 92
06-11 17:04:07.165 W/Atfwd_Sendcmd(  332): AtCmdFwd service not published, waiting... retryCnt : 1
06-11 17:04:07.451 D/VM_BMS  (  435): wake_lock acquired
06-11 17:04:07.451 D/VM_BMS  (  435): New BMS data - Size=56
06-11 17:04:07.451 D/VM_BMS  (  435): Start process_bms_data
06-11 17:04:07.451 D/VM_BMS  (  435): Battery charge_cycle=0 fcc_adjust=0 rbatt_adjust=0 cycle_changed=false
06-11 17:04:07.453 D/VM_BMS  (  435): For batt_temp=255 fcc_mah=2200
06-11 17:04:07.453 D/VM_BMS  (  435): Lookup fcc_mah=2200.000000  adjusted fcc_mah=2200.000000
06-11 17:04:07.454 D/VM_BMS  (  435): For ocv=6990529 batt_temp=255 soc=100
06-11 17:04:07.454 D/VM_BMS  (  435): fifo_count=2 acc_count=0
06-11 17:04:07.454 D/VM_BMS  (  435): INIT: ocv=6990529 last_ocv=6990529 batt_temp=255 soc=100
06-11 17:04:07.454 D/VM_BMS  (  435): For soc=100 batt_temp=255 slope=2000
06-11 17:04:07.454 D/VM_BMS  (  435): For soc=100 batt_temp=255 rbatt_sf=100
06-11 17:04:07.454 D/VM_BMS  (  435): rbatt_mohm_default=72, rbatt_mohm=72, sf=100 batt_temp=255
06-11 17:04:07.454 D/VM_BMS  (  435): Lookup rbatt=72.000000  adjusted rbatt=72.000000
06-11 17:04:07.454 D/VM_BMS  (  435): For ocv=6984612 batt_temp=255 soc=100
06-11 17:04:07.454 D/VM_BMS  (  435): FIFO=0 fifo_avg=3.797289 rbatt=0.122000 slope=0.200000 ibatt=26.149851 ocv=6.984612 soc=100 fcc_ah=2.200000 sample_count=128 sample_interval=70 seq_num=4
06-11 17:04:07.454 D/VM_BMS  (  435): For soc=100 batt_temp=255 slope=2000
06-11 17:04:07.454 D/VM_BMS  (  435): For soc=100 batt_temp=255 rbatt_sf=100
06-11 17:04:07.454 D/VM_BMS  (  435): rbatt_mohm_default=72, rbatt_mohm=72, sf=100 batt_temp=255
06-11 17:04:07.454 D/VM_BMS  (  435): Lookup rbatt=72.000000  adjusted rbatt=72.000000
06-11 17:04:07.455 D/VM_BMS  (  435): For ocv=6978706 batt_temp=255 soc=100
06-11 17:04:07.455 D/VM_BMS  (  435): FIFO=1 fifo_avg=3.797308 rbatt=0.122000 slope=0.200000 ibatt=26.101238 ocv=6.978706 soc=100 fcc_ah=2.200000 sample_count=128 sample_interval=70 seq_num=4
06-11 17:04:07.457 I/VM_BMS  (  435): power_supply_update: ocv_uv=6978706 ibatt=26101238 soc=100 seq_num=4
06-11 17:04:07.457 D/VM_BMS  (  435): End process_bms_data
06-11 17:04:07.457 D/VM_BMS  (  435): wake_lock released
06-11 17:04:07.475 V/WLAN_PSA(  300): NL MSG, len[4093], NL type[0x1C] WNI type[0x5900] len[58639]
06-11 17:04:07.475 V/WLAN_PSA(  300): NL MSG, PID: 300
06-11 17:04:07.655 D/BatteryMeterView( 2887): onDraw level = 100
06-11 17:04:07.689 I/SurfaceFlinger(  262): FPS: 8
06-11 17:04:08.171 D/BatteryMeterView( 2887): onDraw level = 2
06-11 17:04:08.688 D/BatteryMeterView( 2887): onDraw level = 12
06-11 17:04:08.723 I/SurfaceFlinger(  262): FPS: 4
06-11 17:04:09.205 D/BatteryMeterView( 2887): onDraw level = 22
06-11 17:04:09.716 D/BatteryMeterView( 2887): onDraw level = 32
06-11 17:04:09.734 I/SurfaceFlinger(  262): FPS: 4
06-11 17:04:09.821 D/wpa_supplicant( 3753): wlan0: Control interface command 'SIGNAL_POLL'
06-11 17:04:10.221 D/BatteryMeterView( 2887): onDraw level = 42
06-11 17:04:10.730 D/BatteryMeterView( 2887): onDraw level = 52
06-11 17:04:10.767 I/SurfaceFlinger(  262): FPS: 4
06-11 17:04:11.238 D/BatteryMeterView( 2887): onDraw level = 62
06-11 17:04:11.757 D/BatteryMeterView( 2887): onDraw level = 72
06-11 17:04:11.791 I/SurfaceFlinger(  262): FPS: 4
06-11 17:04:12.168 I/ServiceManager(  332): Waiting for service AtCmdFwd...
06-11 17:04:12.273 D/BatteryMeterView( 2887): onDraw level = 82
06-11 17:04:12.768 V/WLAN_PSA(  300): NL MSG, len[4019], NL type[0x1C] WNI type[0x5900] len[39695]
06-11 17:04:12.768 V/WLAN_PSA(  300): NL MSG, PID: 300
06-11 17:04:12.790 D/BatteryMeterView( 2887): onDraw level = 92
06-11 17:04:12.826 I/SurfaceFlinger(  262): FPS: 4
06-11 17:04:12.844 D/wpa_supplicant( 3753): wlan0: Control interface command 'SIGNAL_POLL'
06-11 17:04:13.172 I/ServiceManager(  332): Waiting for service AtCmdFwd...
06-11 17:04:13.305 D/BatteryMeterView( 2887): onDraw level = 100
06-11 17:04:13.817 D/BatteryMeterView( 2887): onDraw level = 2
06-11 17:04:13.852 I/SurfaceFlinger(  262): FPS: 4
06-11 17:04:14.175 I/ServiceManager(  332): Waiting for service AtCmdFwd...
06-11 17:04:14.322 D/BatteryMeterView( 2887): onDraw level = 12
06-11 17:04:14.839 D/BatteryMeterView( 2887): onDraw level = 22
06-11 17:04:14.857 I/SurfaceFlinger(  262): FPS: 4
06-11 17:04:15.178 I/ServiceManager(  332): Waiting for service AtCmdFwd...
06-11 17:04:15.355 D/BatteryMeterView( 2887): onDraw level = 32
06-11 17:04:15.866 D/wpa_supplicant( 3753): wlan0: Control interface command 'SIGNAL_POLL'
06-11 17:04:15.870 D/BatteryMeterView( 2887): onDraw level = 42
06-11 17:04:15.882 V/WLAN_PSA(  300): NL MSG, len[4072], NL type[0x1C] WNI type[0x5900] len[53263]
06-11 17:04:15.882 V/WLAN_PSA(  300): NL MSG, PID: 300
06-11 17:04:15.890 I/SurfaceFlinger(  262): FPS: 4
06-11 17:04:16.179 I/ServiceManager(  332): Waiting for service AtCmdFwd...
06-11 17:04:16.388 D/BatteryMeterView( 2887): onDraw level = 52
06-11 17:04:16.566 E/WifiStateMachine(  768): WifiStateMachine CMD_START_SCAN source -2 txSuccessRate=0.00 rxSuccessRate=0.19 targetRoamBSSID=any RSSI=-37
06-11 17:04:16.566 E/WifiStateMachine(  768): WifiStateMachine starting scan for "Swift-LTE-0B6B"-WPA_PSK with 2437
06-11 17:04:16.567 D/wpa_supplicant( 3753): wlan0: Control interface command 'SCAN TYPE=ONLY freq=2437'
06-11 17:04:16.567 D/wpa_supplicant( 3753): wlan0: Setting scan request: 0.000000 sec
06-11 17:04:16.567 D/wpa_supplicant( 3753): wlan0: Starting AP scan for wildcard SSID
06-11 17:04:16.567 D/wpa_supplicant( 3753): wlan0: Limit manual scan to specified channels
06-11 17:04:16.568 D/wpa_supplicant( 3753): wlan0: Add radio work 'scan'@0xb88f67c8
06-11 17:04:16.568 D/wpa_supplicant( 3753): wlan0: First radio work item in the queue - schedule start immediately
06-11 17:04:16.568 D/wpa_supplicant( 3753): wlan0: Starting radio work 'scan'@0xb88f67c8 after 0.000076 second wait
06-11 17:04:16.568 D/wpa_supplicant( 3753): wlan0: nl80211: scan request
06-11 17:04:16.568 D/wpa_supplicant( 3753): nl80211: Scan SSID - hexdump(len=0): [NULL]
06-11 17:04:16.568 D/wpa_supplicant( 3753): nl80211: Scan frequency 2437 MHz
06-11 17:04:16.569 V/WLAN_PSA(  300): NL MSG, len[914], NL type[0x11] WNI type[0x5050] len[894]
06-11 17:04:16.569 V/WLAN_PSA(  300): NL MSG, PID: 300
06-11 17:04:16.571 V/WLAN_PSA(  300): NL MSG, len[048], NL type[0x11] WNI type[0x5050] len[028]
06-11 17:04:16.571 V/WLAN_PSA(  300): NL MSG, PID: 300
06-11 17:04:16.571 V/WLAN_PSA(  300): NL MSG, len[3994], NL type[0x1C] WNI type[0x5900] len[33295]
06-11 17:04:16.571 V/WLAN_PSA(  300): NL MSG, PID: 300
06-11 17:04:16.572 I/WifiHAL (  768): Poll result = 1
06-11 17:04:16.572 I/WifiHAL (  768): Found some events!!!
06-11 17:04:16.572 D/WifiHAL (  768): no_seq_check received
06-11 17:04:16.572 I/WifiHAL (  768): event received NL80211_CMD_TRIGGER_SCAN
06-11 17:04:16.572 I/WifiHAL (  768): event received NL80211_CMD_TRIGGER_SCAN, vendor_id = 0x0
06-11 17:04:16.572 I/WifiHAL (  768): event ignored!!
06-11 17:04:16.572 D/wpa_supplicant( 3753): Scan requested (ret=0) - scan timeout 30 seconds
06-11 17:04:16.572 D/wpa_supplicant( 3753): nl80211: Event message available
06-11 17:04:16.572 D/wpa_supplicant( 3753): nl80211: Drv Event 33 (NL80211_CMD_TRIGGER_SCAN) received for wlan0
06-11 17:04:16.573 D/wpa_supplicant( 3753): wlan0: nl80211: Scan trigger
06-11 17:04:16.573 D/wpa_supplicant( 3753): wlan0: Event SCAN_STARTED (49) received
06-11 17:04:16.573 D/wpa_supplicant( 3753): wlan0: Own scan request started a scan in 0.000337 seconds
06-11 17:04:16.573 D/wpa_supplicant( 3753): CTRL_IFACE monitor sent successfully to /data/misc/wifi/sockets/wpa_ctrl_321-1\x00
06-11 17:04:16.574 D/wpa_supplicant( 3753): CTRL_IFACE monitor sent successfully to /data/misc/wifi/sockets/wpa_ctrl_768-3\x00
06-11 17:04:16.615 V/WLAN_PSA(  300): NL MSG, len[3996], NL type[0x1C] WNI type[0x5900] len[33807]
06-11 17:04:16.615 V/WLAN_PSA(  300): NL MSG, PID: 300
06-11 17:04:16.652 V/WLAN_PSA(  300): NL MSG, len[914], NL type[0x11] WNI type[0x5050] len[894]
06-11 17:04:16.652 V/WLAN_PSA(  300): NL MSG, PID: 300
06-11 17:04:16.653 V/WLAN_PSA(  300): NL MSG, len[3971], NL type[0x1C] WNI type[0x5900] len[27407]
06-11 17:04:16.653 V/WLAN_PSA(  300): NL MSG, PID: 300
06-11 17:04:16.653 I/WifiHAL (  768): Poll result = 1
06-11 17:04:16.654 I/WifiHAL (  768): Found some events!!!
06-11 17:04:16.654 D/WifiHAL (  768): no_seq_check received
06-11 17:04:16.654 I/WifiHAL (  768): event received NL80211_CMD_NEW_SCAN_RESULTS
06-11 17:04:16.654 I/WifiHAL (  768): event received NL80211_CMD_NEW_SCAN_RESULTS, vendor_id = 0x0
06-11 17:04:16.654 I/WifiHAL (  768): event ignored!!
06-11 17:04:16.654 D/wpa_supplicant( 3753): nl80211: Event message available
06-11 17:04:16.655 D/wpa_supplicant( 3753): nl80211: Drv Event 34 (NL80211_CMD_NEW_SCAN_RESULTS) received for wlan0
06-11 17:04:16.655 D/wpa_supplicant( 3753): wlan0: nl80211: New scan results available
06-11 17:04:16.655 D/wpa_supplicant( 3753): nl80211: Scan included frequencies: 2437
06-11 17:04:16.655 D/wpa_supplicant( 3753): wlan0: Event SCAN_RESULTS (3) received
06-11 17:04:16.655 D/wpa_supplicant( 3753): wlan0: Scan completed in 0.082100 seconds
06-11 17:04:16.655 D/wpa_supplicant( 3753): nl80211: Associated on 2437 MHz
06-11 17:04:16.655 D/wpa_supplicant( 3753): nl80211: Associated with fc:dd:55:70:0b:6b
06-11 17:04:16.655 D/wpa_supplicant( 3753): nl80211: Received scan results (1 BSSes)
06-11 17:04:16.655 D/wpa_supplicant( 3753): nl80211: Scan results indicate BSS status with fc:dd:55:70:0b:6b as associated
06-11 17:04:16.655 D/wpa_supplicant( 3753): wlan0: BSS: Start scan result update 7
06-11 17:04:16.655 D/wpa_supplicant( 3753): BSS: last_scan_res_used=1/32
06-11 17:04:16.655 D/wpa_supplicant( 3753): wlan0: Scan-only results received
06-11 17:04:16.656 D/wpa_supplicant( 3753): CTRL_IFACE monitor sent successfully to /data/misc/wifi/sockets/wpa_ctrl_321-1\x00
06-11 17:04:16.657 D/wpa_supplicant( 3753): CTRL_IFACE monitor sent successfully to /data/misc/wifi/sockets/wpa_ctrl_768-3\x00
06-11 17:04:16.657 D/wpa_supplicant( 3753): wlan0: Radio work 'scan'@0xb88f67c8 done in 0.089182 seconds
06-11 17:04:16.661 D/wpa_supplicant( 3753): wlan0: Control interface command 'BSS RANGE=0- MASK=0x21987'
06-11 17:04:16.663 D/wpa_supplicant( 3753): wlan0: Control interface command 'STATUS-NO_EVENTS'
06-11 17:04:16.904 D/BatteryMeterView( 2887): onDraw level = 62
06-11 17:04:16.939 I/SurfaceFlinger(  262): FPS: 4
06-11 17:04:17.181 W/Atfwd_Sendcmd(  332): AtCmdFwd service not published, waiting... retryCnt : 2
06-11 17:04:17.420 D/BatteryMeterView( 2887): onDraw level = 72
06-11 17:04:17.935 D/BatteryMeterView( 2887): onDraw level = 82
06-11 17:04:17.969 I/SurfaceFlinger(  262): FPS: 4
06-11 17:04:18.438 D/BatteryMeterView( 2887): onDraw level = 92
06-11 17:04:18.475 V/WLAN_PSA(  300): NL MSG, len[4050], NL type[0x1C] WNI type[0x5900] len[47631]
06-11 17:04:18.475 V/WLAN_PSA(  300): NL MSG, PID: 300
06-11 17:04:18.890 D/wpa_supplicant( 3753): wlan0: Control interface command 'SIGNAL_POLL'
06-11 17:04:18.957 D/BatteryMeterView( 2887): onDraw level = 100
06-11 17:04:18.991 I/SurfaceFlinger(  262): FPS: 4
06-11 17:04:19.472 D/BatteryMeterView( 2887): onDraw level = 2
06-11 17:04:19.990 D/BatteryMeterView( 2887): onDraw level = 12
06-11 17:04:20.025 I/SurfaceFlinger(  262): FPS: 4
06-11 17:04:20.507 D/BatteryMeterView( 2887): onDraw level = 22
06-11 17:04:21.026 D/BatteryMeterView( 2887): onDraw level = 32
06-11 17:04:21.060 I/SurfaceFlinger(  262): FPS: 4
06-11 17:04:21.539 D/BatteryMeterView( 2887): onDraw level = 42
06-11 17:04:21.918 D/wpa_supplicant( 3753): wlan0: Control interface command 'SIGNAL_POLL'
06-11 17:04:21.937 V/WLAN_PSA(  300): NL MSG, len[4056], NL type[0x1C] WNI type[0x5900] len[49167]
06-11 17:04:21.938 V/WLAN_PSA(  300): NL MSG, PID: 300
06-11 17:04:22.054 D/BatteryMeterView( 2887): onDraw level = 52
06-11 17:04:22.073 I/SurfaceFlinger(  262): FPS: 4
06-11 17:04:22.565 D/BatteryMeterView( 2887): onDraw level = 62
06-11 17:04:23.072 D/BatteryMeterView( 2887): onDraw level = 72
06-11 17:04:23.108 I/SurfaceFlinger(  262): FPS: 4
06-11 17:04:23.590 D/BatteryMeterView( 2887): onDraw level = 82
06-11 17:04:24.104 D/BatteryMeterView( 2887): onDraw level = 92
06-11 17:04:24.139 I/SurfaceFlinger(  262): FPS: 4
06-11 17:04:24.620 D/BatteryMeterView( 2887): onDraw level = 100
06-11 17:04:24.945 D/wpa_supplicant( 3753): wlan0: Control interface command 'SIGNAL_POLL'
06-11 17:04:25.138 D/BatteryMeterView( 2887): onDraw level = 2
06-11 17:04:25.173 I/SurfaceFlinger(  262): FPS: 4
06-11 17:04:25.655 D/BatteryMeterView( 2887): onDraw level = 12
06-11 17:04:26.170 D/BatteryMeterView( 2887): onDraw level = 22
06-11 17:04:26.189 I/SurfaceFlinger(  262): FPS: 4
06-11 17:04:26.475 V/WLAN_PSA(  300): NL MSG, len[4037], NL type[0x1C] WNI type[0x5900] len[44303]
06-11 17:04:26.476 V/WLAN_PSA(  300): NL MSG, PID: 300
06-11 17:04:26.688 D/BatteryMeterView( 2887): onDraw level = 32
06-11 17:04:26.721 D/VM_BMS  (  435): wake_lock acquired
06-11 17:04:26.721 D/VM_BMS  (  435): New BMS data - Size=56
06-11 17:04:26.721 D/VM_BMS  (  435): Start process_bms_data
06-11 17:04:26.722 D/VM_BMS  (  435): Battery charge_cycle=0 fcc_adjust=0 rbatt_adjust=0 cycle_changed=false
06-11 17:04:26.723 D/VM_BMS  (  435): For batt_temp=255 fcc_mah=2200
06-11 17:04:26.724 D/VM_BMS  (  435): Lookup fcc_mah=2200.000000  adjusted fcc_mah=2200.000000
06-11 17:04:26.724 D/VM_BMS  (  435): For ocv=6978706 batt_temp=255 soc=100
06-11 17:04:26.724 D/VM_BMS  (  435): fifo_count=2 acc_count=0
06-11 17:04:26.724 D/VM_BMS  (  435): INIT: ocv=6978706 last_ocv=6978706 batt_temp=255 soc=100
06-11 17:04:26.724 D/VM_BMS  (  435): For soc=100 batt_temp=255 slope=2000
06-11 17:04:26.724 D/VM_BMS  (  435): For soc=100 batt_temp=255 rbatt_sf=100
06-11 17:04:26.724 D/VM_BMS  (  435): rbatt_mohm_default=72, rbatt_mohm=72, sf=100 batt_temp=255
06-11 17:04:26.724 D/VM_BMS  (  435): Lookup rbatt=72.000000  adjusted rbatt=72.000000
06-11 17:04:26.724 D/VM_BMS  (  435): For ocv=6972820 batt_temp=255 soc=100
06-11 17:04:26.724 D/VM_BMS  (  435): FIFO=0 fifo_avg=3.801952 rbatt=0.122000 slope=0.200000 ibatt=26.014843 ocv=6.972820 soc=100 fcc_ah=2.200000 sample_count=128 sample_interval=70 seq_num=5
06-11 17:04:26.724 D/VM_BMS  (  435): For soc=100 batt_temp=255 slope=2000
06-11 17:04:26.724 D/VM_BMS  (  435): For soc=100 batt_temp=255 rbatt_sf=100
06-11 17:04:26.724 D/VM_BMS  (  435): rbatt_mohm_default=72, rbatt_mohm=72, sf=100 batt_temp=255
06-11 17:04:26.724 D/VM_BMS  (  435): Lookup rbatt=72.000000  adjusted rbatt=72.000000
06-11 17:04:26.724 D/VM_BMS  (  435): For ocv=6966944 batt_temp=255 soc=100
06-11 17:04:26.724 D/VM_BMS  (  435): FIFO=1 fifo_avg=3.801661 rbatt=0.122000 slope=0.200000 ibatt=25.969023 ocv=6.966944 soc=100 fcc_ah=2.200000 sample_count=128 sample_interval=70 seq_num=5
06-11 17:04:26.725 I/VM_BMS  (  435): power_supply_update: ocv_uv=6966944 ibatt=25969022 soc=100 seq_num=5
06-11 17:04:26.725 D/VM_BMS  (  435): End process_bms_data
06-11 17:04:26.725 D/VM_BMS  (  435): wake_lock released
06-11 17:04:27.183 I/ServiceManager(  332): Waiting for service AtCmdFwd...
06-11 17:04:27.200 D/BatteryMeterView( 2887): onDraw level = 42
06-11 17:04:27.235 I/SurfaceFlinger(  262): FPS: 4
06-11 17:04:27.723 D/BatteryMeterView( 2887): onDraw level = 52
06-11 17:04:27.972 D/wpa_supplicant( 3753): wlan0: Control interface command 'SIGNAL_POLL'
06-11 17:04:28.185 I/ServiceManager(  332): Waiting for service AtCmdFwd...
06-11 17:04:28.240 D/BatteryMeterView( 2887): onDraw level = 62
06-11 17:04:28.275 I/SurfaceFlinger(  262): FPS: 4
06-11 17:04:28.756 D/BatteryMeterView( 2887): onDraw level = 72
06-11 17:04:29.188 I/ServiceManager(  332): Waiting for service AtCmdFwd...
06-11 17:04:29.266 D/BatteryMeterView( 2887): onDraw level = 82
06-11 17:04:29.301 I/SurfaceFlinger(  262): FPS: 4
06-11 17:04:29.772 D/BatteryMeterView( 2887): onDraw level = 92
06-11 17:04:30.190 I/ServiceManager(  332): Waiting for service AtCmdFwd...
06-11 17:04:30.287 D/BatteryMeterView( 2887): onDraw level = 100
06-11 17:04:30.306 I/SurfaceFlinger(  262): FPS: 4
06-11 17:04:30.800 D/BatteryMeterView( 2887): onDraw level = 2
06-11 17:04:30.999 V/WLAN_PSA(  300): NL MSG, len[4095], NL type[0x1C] WNI type[0x5900] len[59151]
06-11 17:04:30.999 V/WLAN_PSA(  300): NL MSG, PID: 300
06-11 17:04:31.000 D/wpa_supplicant( 3753): wlan0: Control interface command 'SIGNAL_POLL'
06-11 17:04:31.193 I/ServiceManager(  332): Waiting for service AtCmdFwd...
06-11 17:04:31.321 D/BatteryMeterView( 2887): onDraw level = 12
06-11 17:04:31.356 I/SurfaceFlinger(  262): FPS: 4
06-11 17:04:31.837 D/BatteryMeterView( 2887): onDraw level = 22
06-11 17:04:32.193 W/Atfwd_Sendcmd(  332): AtCmdFwd service not published, waiting... retryCnt : 3
06-11 17:04:32.353 D/BatteryMeterView( 2887): onDraw level = 32
06-11 17:04:32.387 I/SurfaceFlinger(  262): FPS: 4
06-11 17:04:32.871 D/BatteryMeterView( 2887): onDraw level = 42
06-11 17:04:33.387 D/BatteryMeterView( 2887): onDraw level = 52
06-11 17:04:33.422 I/SurfaceFlinger(  262): FPS: 4
06-11 17:04:33.902 D/BatteryMeterView( 2887): onDraw level = 62
06-11 17:04:34.026 D/wpa_supplicant( 3753): wlan0: Control interface command 'SIGNAL_POLL'
06-11 17:04:34.418 D/BatteryMeterView( 2887): onDraw level = 72
06-11 17:04:34.437 I/SurfaceFlinger(  262): FPS: 4
06-11 17:04:34.475 V/WLAN_PSA(  300): NL MSG, len[4093], NL type[0x1C] WNI type[0x5900] len[58639]
06-11 17:04:34.475 V/WLAN_PSA(  300): NL MSG, PID: 300
06-11 17:04:34.939 D/BatteryMeterView( 2887): onDraw level = 82
06-11 17:04:35.448 D/BatteryMeterView( 2887): onDraw level = 92
06-11 17:04:35.483 I/SurfaceFlinger(  262): FPS: 4
06-11 17:04:35.955 D/BatteryMeterView( 2887): onDraw level = 100
06-11 17:04:36.476 D/BatteryMeterView( 2887): onDraw level = 2
06-11 17:04:36.510 I/SurfaceFlinger(  262): FPS: 4
06-11 17:04:36.570 E/WifiStateMachine(  768): WifiStateMachine CMD_START_SCAN source -2 txSuccessRate=0.00 rxSuccessRate=0.00 targetRoamBSSID=any RSSI=-37
06-11 17:04:36.571 E/WifiStateMachine(  768): WifiStateMachine starting scan for "Swift-LTE-0B6B"-WPA_PSK with 2437
06-11 17:04:36.571 D/wpa_supplicant( 3753): wlan0: Control interface command 'SCAN TYPE=ONLY freq=2437'
06-11 17:04:36.571 D/wpa_supplicant( 3753): wlan0: Setting scan request: 0.000000 sec
06-11 17:04:36.571 D/wpa_supplicant( 3753): wlan0: Starting AP scan for wildcard SSID
06-11 17:04:36.571 D/wpa_supplicant( 3753): wlan0: Limit manual scan to specified channels
06-11 17:04:36.571 D/wpa_supplicant( 3753): wlan0: Add radio work 'scan'@0xb88f67c8
06-11 17:04:36.571 D/wpa_supplicant( 3753): wlan0: First radio work item in the queue - schedule start immediately
06-11 17:04:36.571 D/wpa_supplicant( 3753): wlan0: Starting radio work 'scan'@0xb88f67c8 after 0.000072 second wait
06-11 17:04:36.572 D/wpa_supplicant( 3753): wlan0: nl80211: scan request
06-11 17:04:36.572 D/wpa_supplicant( 3753): nl80211: Scan SSID - hexdump(len=0): [NULL]
06-11 17:04:36.572 D/wpa_supplicant( 3753): nl80211: Scan frequency 2437 MHz
06-11 17:04:36.573 V/WLAN_PSA(  300): NL MSG, len[914], NL type[0x11] WNI type[0x5050] len[894]
06-11 17:04:36.573 V/WLAN_PSA(  300): NL MSG, PID: 300
06-11 17:04:36.573 V/WLAN_PSA(  300): NL MSG, len[048], NL type[0x11] WNI type[0x5050] len[028]
06-11 17:04:36.573 V/WLAN_PSA(  300): NL MSG, PID: 300
06-11 17:04:36.573 V/WLAN_PSA(  300): NL MSG, len[4054], NL type[0x1C] WNI type[0x5900] len[48655]
06-11 17:04:36.573 V/WLAN_PSA(  300): NL MSG, PID: 300
06-11 17:04:36.574 D/wpa_supplicant( 3753): Scan requested (ret=0) - scan timeout 30 seconds
06-11 17:04:36.574 I/WifiHAL (  768): Poll result = 1
06-11 17:04:36.574 D/wpa_supplicant( 3753): nl80211: Event message available
06-11 17:04:36.574 I/WifiHAL (  768): Found some events!!!
06-11 17:04:36.574 D/wpa_supplicant( 3753): nl80211: Drv Event 33 (NL80211_CMD_TRIGGER_SCAN) received for wlan0
06-11 17:04:36.574 D/WifiHAL (  768): no_seq_check received
06-11 17:04:36.574 D/wpa_supplicant( 3753): wlan0: nl80211: Scan trigger
06-11 17:04:36.574 I/WifiHAL (  768): event received NL80211_CMD_TRIGGER_SCAN
06-11 17:04:36.574 D/wpa_supplicant( 3753): wlan0: Event SCAN_STARTED (49) received
06-11 17:04:36.574 I/WifiHAL (  768): event received NL80211_CMD_TRIGGER_SCAN, vendor_id = 0x0
06-11 17:04:36.574 I/WifiHAL (  768): event ignored!!
06-11 17:04:36.574 D/wpa_supplicant( 3753): wlan0: Own scan request started a scan in 0.000196 seconds
06-11 17:04:36.574 D/wpa_supplicant( 3753): CTRL_IFACE monitor sent successfully to /data/misc/wifi/sockets/wpa_ctrl_321-1\x00
06-11 17:04:36.574 D/wpa_supplicant( 3753): CTRL_IFACE monitor sent successfully to /data/misc/wifi/sockets/wpa_ctrl_768-3\x00
06-11 17:04:36.605 V/WLAN_PSA(  300): NL MSG, len[4052], NL type[0x1C] WNI type[0x5900] len[48143]
06-11 17:04:36.605 V/WLAN_PSA(  300): NL MSG, PID: 300
06-11 17:04:36.654 V/WLAN_PSA(  300): NL MSG, len[914], NL type[0x11] WNI type[0x5050] len[894]
06-11 17:04:36.654 V/WLAN_PSA(  300): NL MSG, PID: 300
06-11 17:04:36.654 V/WLAN_PSA(  300): NL MSG, len[4034], NL type[0x1C] WNI type[0x5900] len[43535]
06-11 17:04:36.654 V/WLAN_PSA(  300): NL MSG, PID: 300
06-11 17:04:36.655 D/wpa_supplicant( 3753): nl80211: Event message available
06-11 17:04:36.655 D/wpa_supplicant( 3753): nl80211: Drv Event 34 (NL80211_CMD_NEW_SCAN_RESULTS) received for wlan0
06-11 17:04:36.655 D/wpa_supplicant( 3753): wlan0: nl80211: New scan results available
06-11 17:04:36.655 D/wpa_supplicant( 3753): nl80211: Scan included frequencies: 2437
06-11 17:04:36.655 D/wpa_supplicant( 3753): wlan0: Event SCAN_RESULTS (3) received
06-11 17:04:36.656 D/wpa_supplicant( 3753): wlan0: Scan completed in 0.081774 seconds
06-11 17:04:36.656 D/wpa_supplicant( 3753): nl80211: Associated on 2437 MHz
06-11 17:04:36.656 D/wpa_supplicant( 3753): nl80211: Associated with fc:dd:55:70:0b:6b
06-11 17:04:36.656 D/wpa_supplicant( 3753): nl80211: Received scan results (1 BSSes)
06-11 17:04:36.656 D/wpa_supplicant( 3753): nl80211: Scan results indicate BSS status with fc:dd:55:70:0b:6b as associated
06-11 17:04:36.656 D/wpa_supplicant( 3753): wlan0: BSS: Start scan result update 8
06-11 17:04:36.656 D/wpa_supplicant( 3753): BSS: last_scan_res_used=1/32
06-11 17:04:36.656 D/wpa_supplicant( 3753): wlan0: Scan-only results received
06-11 17:04:36.656 D/wpa_supplicant( 3753): CTRL_IFACE monitor sent successfully to /data/misc/wifi/sockets/wpa_ctrl_321-1\x00
06-11 17:04:36.656 D/wpa_supplicant( 3753): CTRL_IFACE monitor sent successfully to /data/misc/wifi/sockets/wpa_ctrl_768-3\x00
06-11 17:04:36.656 D/wpa_supplicant( 3753): wlan0: Radio work 'scan'@0xb88f67c8 done in 0.084832 seconds
06-11 17:04:36.660 D/wpa_supplicant( 3753): wlan0: Control interface command 'BSS RANGE=0- MASK=0x21987'
06-11 17:04:36.661 I/WifiHAL (  768): Poll result = 1
06-11 17:04:36.661 I/WifiHAL (  768): Found some events!!!
06-11 17:04:36.661 D/WifiHAL (  768): no_seq_check received
06-11 17:04:36.661 I/WifiHAL (  768): event received NL80211_CMD_NEW_SCAN_RESULTS
06-11 17:04:36.661 I/WifiHAL (  768): event received NL80211_CMD_NEW_SCAN_RESULTS, vendor_id = 0x0
06-11 17:04:36.661 I/WifiHAL (  768): event ignored!!
06-11 17:04:36.663 D/wpa_supplicant( 3753): wlan0: Control interface command 'STATUS-NO_EVENTS'
06-11 17:04:36.989 D/BatteryMeterView( 2887): onDraw level = 12
06-11 17:04:37.048 V/WLAN_PSA(  300): NL MSG, len[4029], NL type[0x1C] WNI type[0x5900] len[42255]
06-11 17:04:37.048 V/WLAN_PSA(  300): NL MSG, PID: 300
06-11 17:04:37.048 D/wpa_supplicant( 3753): wlan0: Control interface command 'SIGNAL_POLL'
06-11 17:04:37.507 D/BatteryMeterView( 2887): onDraw level = 22
06-11 17:04:37.542 I/SurfaceFlinger(  262): FPS: 4
06-11 17:04:38.021 D/BatteryMeterView( 2887): onDraw level = 32
06-11 17:04:38.539 D/BatteryMeterView( 2887): onDraw level = 42
06-11 17:04:38.574 I/SurfaceFlinger(  262): FPS: 4
06-11 17:04:39.056 D/BatteryMeterView( 2887): onDraw level = 52
06-11 17:04:39.572 D/BatteryMeterView( 2887): onDraw level = 62
06-11 17:04:39.604 D/WindowManager(  768): interceptKeyTq keycode=3 interactive=true keyguardActive=false policyFlags=22000000
06-11 17:04:39.605 D/WindowManager(  768): interceptKeyTi keyCode=3 down=true repeatCount=0 keyguardOn=false mHomePressed=false canceled=false
06-11 17:04:39.605 D/WindowManager(  768): intercept Dispatching isAlarmBoot = null
06-11 17:04:39.605 I/WindowManager(  768): Enter in the KEYCODE_HOME==============
06-11 17:04:39.607 I/SurfaceFlinger(  262): FPS: 4
06-11 17:04:39.720 D/WindowManager(  768): interceptKeyTq keycode=3 interactive=true keyguardActive=false policyFlags=22000000
06-11 17:04:39.721 D/WindowManager(  768): interceptKeyTi keyCode=3 down=false repeatCount=0 keyguardOn=false mHomePressed=true canceled=false
06-11 17:04:39.721 D/WindowManager(  768): intercept Dispatching isAlarmBoot = null
06-11 17:04:39.721 I/WindowManager(  768): Enter in the KEYCODE_HOME==============
06-11 17:04:39.721 I/WindowManager(  768): HOMEKEY IS DOWN
06-11 17:04:39.739 E/PackageManager(  768): ====panmk======CATEGORY_HOME =
06-11 17:04:39.740 E/PackageManager(  768): =====panmk packageNamecom.telpo.tpui
06-11 17:04:39.767 I/ViewRootImpl(  768): CPU Rendering VSync enable = true
06-11 17:04:39.929 W/ResourceType( 3622): No package identifier when getting value for resource number 0x00000000
06-11 17:04:39.929 W/PackageManager( 3622): Failure retrieving resources for com.interswitchng.interswitchpossdkdemo.telpo.v2.debug: Resource ID #0x0
06-11 17:04:39.933 W/ResourceType( 3622): No package identifier when getting value for resource number 0x00000000
06-11 17:04:39.933 W/PackageManager( 3622): Failure retrieving resources for com.telpo.tps900_demo: Resource ID #0x0
06-11 17:04:39.942 W/ResourceType( 3622): No package identifier when getting value for resource number 0x00000000
06-11 17:04:39.943 W/PackageManager( 3622): Failure retrieving resources for com.interswitchng.interswitchpossdkdemo.telpo.v2.debug: Resource ID #0x0
06-11 17:04:39.946 W/ResourceType( 3622): No package identifier when getting value for resource number 0x00000000
06-11 17:04:39.946 W/PackageManager( 3622): Failure retrieving resources for com.telpo.tps900_demo: Resource ID #0x0
06-11 17:04:39.972 W/ResourceType( 3622): No package identifier when getting value for resource number 0x00000000
06-11 17:04:39.972 W/PackageManager( 3622): Failure retrieving resources for com.interswitchng.interswitchpossdkdemo.telpo.v2.debug: Resource ID #0x0
06-11 17:04:39.976 W/ResourceType( 3622): No package identifier when getting value for resource number 0x00000000
06-11 17:04:39.976 W/PackageManager( 3622): Failure retrieving resources for com.telpo.tps900_demo: Resource ID #0x0
06-11 17:04:39.990 I/ViewRootImpl( 3622): CPU Rendering VSync enable = true
06-11 17:04:40.066 D/wpa_supplicant( 3753): wlan0: Control interface command 'SIGNAL_POLL'
06-11 17:04:40.083 D/BatteryMeterView( 2887): onDraw level = 72
06-11 17:04:40.120 I/ActivityManager(  768): Displayed com.telpo.tpui/.MainActivity: +349ms (total +2m13s761ms)
06-11 17:04:40.136 I/Timeline( 3622): Timeline: Activity_idle id: android.os.BinderProxy@cec6485 time:169682
06-11 17:04:40.475 V/WLAN_PSA(  300): NL MSG, len[4077], NL type[0x1C] WNI type[0x5900] len[54543]
06-11 17:04:40.475 V/WLAN_PSA(  300): NL MSG, PID: 300
06-11 17:04:40.586 D/BatteryMeterView( 2887): onDraw level = 82
06-11 17:04:40.590 W/SurfaceFlinger(  262): couldn't log to binary event log: overflow.
06-11 17:04:40.591 I/Timeline(  768): Timeline: Activity_windows_visible id: ActivityRecord{1b36adb6 u0 com.telpo.tpui/.MainActivity t650} time:170137
06-11 17:04:40.608 I/SurfaceFlinger(  262): FPS: 49
06-11 17:04:40.784 W/ResourceType( 2887): No package identifier when getting value for resource number 0x00000000
06-11 17:04:40.784 W/PackageManager( 2887): Failure retrieving resources for com.android.settings: Resource ID #0x0
06-11 17:04:40.800 W/ResourceType( 2887): No package identifier when getting value for resource number 0x00000000
06-11 17:04:40.800 W/PackageManager( 2887): Failure retrieving resources for com.interswitchng.interswitchpossdkdemo.telpo.v2.debug: Resource ID #0x0
06-11 17:04:41.103 D/BatteryMeterView( 2887): onDraw level = 92
06-11 17:04:41.131 E/AudioPolicyManager(  288): unknown stream type 13
06-11 17:04:41.131 E/AudioPolicyManager(  288): unknown stream type 13
06-11 17:04:41.131 E/AudioPolicyManager(  288): unknown stream type 13
06-11 17:04:41.131 E/AudioPolicyManager(  288): unknown stream type 13
06-11 17:04:41.131 E/AudioPolicyManager(  288): unknown stream type 13
06-11 17:04:41.131 E/AudioPolicyManager(  288): unknown stream type 13
06-11 17:04:41.131 E/AudioPolicyManager(  288): unknown stream type 13
06-11 17:04:41.131 E/AudioPolicyManager(  288): unknown stream type 13
06-11 17:04:41.132 E/AudioPolicyManager(  288): unknown stream type 13
06-11 17:04:41.136 D/audio_hw_primary(  288): start_output_stream: enter: stream(0xb8c93108)usecase(1: low-latency-playback) devices(0x2)
06-11 17:04:41.136 D/audio_hw_primary(  288): select_devices: out_snd_device(2: speaker) in_snd_device(0: )
06-11 17:04:41.136 D/hardware_info(  288): hw_info_append_hw_type : device_name = speaker
06-11 17:04:41.136 I/soundtrigger(  288): audio_extn_sound_trigger_update_device_status: device 0x2 of type 0 for Event 1, with Raise=0
06-11 17:04:41.144 W/audio_hw_utils(  288): audio_extn_utils_update_stream_app_type_cfg: App type could not be selected. Falling back to default
06-11 17:04:41.144 I/audio_hw_primary(  288): select_devices Selected apptype: 69936
06-11 17:04:41.144 D/soundtrigger(  288): audio_extn_sound_trigger_update_stream_status: uc_id 1 of type 0 for Event 3, with Raise=0
06-11 17:04:41.144 D/ACDB-LOADER(  288): ACDB -> send_audio_cal, acdb_id = 14, path =  0
06-11 17:04:41.144 D/ACDB-LOADER(  288): ACDB -> send_asm_topology
06-11 17:04:41.144 D/ACDB-LOADER(  288): ACDB -> ACDB_CMD_GET_AUDPROC_STREAM_TOPOLOGY_ID
06-11 17:04:41.144 D/ACDB-LOADER(  288): ACDB -> send_adm_topology
06-11 17:04:41.144 D/ACDB-LOADER(  288): ACDB -> ACDB_CMD_GET_AUDPROC_COMMON_TOPOLOGY_ID
06-11 17:04:41.144 D/ACDB-LOADER(  288): ACDB -> send_audtable
06-11 17:04:41.144 D/ACDB-LOADER(  288): ACDB -> ACDB_CMD_GET_AUDPROC_COMMON_TABLE
06-11 17:04:41.144 D/ACDB-LOADER(  288): ACDB -> AUDIO_SET_AUDPROC_CAL
06-11 17:04:41.145 D/ACDB-LOADER(  288): ACDB -> send_audvoltable
06-11 17:04:41.145 D/ACDB-LOADER(  288): ACDB -> ACDB_CMD_GET_AUDPROC_GAIN_DEP_STEP_TABLE
06-11 17:04:41.145 D/ACDB-LOADER(  288): ACDB -> AUDIO_SET_AUDPROC_VOL_CAL
06-11 17:04:41.145 D/ACDB-LOADER(  288): ACDB -> send_afe_cal
06-11 17:04:41.145 D/ACDB-LOADER(  288): ACDB -> ACDB_CMD_GET_AFE_COMMON_TABLE
06-11 17:04:41.145 D/ACDB-LOADER(  288): ACDB -> AUDIO_SET_AFE_CAL
06-11 17:04:41.145 D/ACDB-LOADER(  288): ACDB -> send_hw_delay : acdb_id = 14 path = 0
06-11 17:04:41.145 D/ACDB-LOADER(  288): ACDB -> ACDB_AVSYNC_INFO: ACDB_CMD_GET_DEVICE_PROPERTY
06-11 17:04:41.145 I/audio_hw_utils(  288): audio_extn_utils_send_app_type_cfg app_type 69936, acdb_dev_id 14, sample_rate 48000
06-11 17:04:41.146 D/audio_hw_primary(  288): select_devices: done
06-11 17:04:41.167 I/ViewRootImpl(  768): CPU Rendering VSync enable = true
06-11 17:04:41.243 D/Index   ( 4855): Locale 'en_US' is already indexed
06-11 17:04:41.281 I/Lte4GEnabler( 4855): get preferred network type=22
06-11 17:04:41.286 W/Settings( 4855): Setting airplane_mode_on has moved from android.provider.Settings.System to android.provider.Settings.Global, returning read-only value.
06-11 17:04:41.291 I/ViewRootImpl( 4855): CPU Rendering VSync enable = true
06-11 17:04:41.299 I/art     (  768): Background sticky concurrent mark sweep GC freed 169026(9MB) AllocSpace objects, 37(640KB) LOS objects, 19% free, 32MB/40MB, paused 2.433ms total 133.421ms
06-11 17:04:41.308 E/AudioPolicyManager(  288): unknown stream type 13
06-11 17:04:41.308 E/AudioPolicyManager(  288): unknown stream type 13
06-11 17:04:41.308 E/AudioPolicyManager(  288): unknown stream type 13
06-11 17:04:41.308 E/AudioPolicyManager(  288): unknown stream type 13
06-11 17:04:41.308 E/AudioPolicyManager(  288): unknown stream type 13
06-11 17:04:41.308 E/AudioPolicyManager(  288): unknown stream type 13
06-11 17:04:41.308 E/AudioPolicyManager(  288): unknown stream type 13
06-11 17:04:41.308 E/AudioPolicyManager(  288): unknown stream type 13
06-11 17:04:41.308 E/AudioPolicyManager(  288): unknown stream type 13
06-11 17:04:41.308 E/AudioPolicyManager(  288): unknown stream type 13
06-11 17:04:41.308 E/AudioPolicyManager(  288): unknown stream type 13
06-11 17:04:41.308 E/AudioPolicyManager(  288): unknown stream type 13
06-11 17:04:41.308 E/AudioPolicyManager(  288): unknown stream type 13
06-11 17:04:41.308 E/AudioPolicyManager(  288): unknown stream type 13
06-11 17:04:41.308 E/AudioPolicyManager(  288): unknown stream type 13
06-11 17:04:41.308 E/AudioPolicyManager(  288): unknown stream type 13
06-11 17:04:41.308 E/AudioPolicyManager(  288): unknown stream type 13
06-11 17:04:41.478 D/DashboardSummary( 4855): rebuildUI took: 118 ms
06-11 17:04:41.478 D/DashboardSummary( 4855): Received ACTION_SIM_STATE_CHANGED or ACTION_AIRPLANE_MODE_CHANGED
--------- beginning of system
06-11 17:04:41.596 D/WindowManager(  768): attr: WM.LayoutParams{(0,0)(fillxfill) sim=#20 ty=3 fl=#81830118 pfl=0x11 wanim=0x1030467 vsysui=0x600 surfaceInsets=Rect(0, 0 - 0, 0) needsMenuKey=2} lp.flags=0x81830118
06-11 17:04:41.596 V/WindowManager(  768): ** SHOWING status bar: top is not fullscreen
06-11 17:04:41.596 V/WindowManager(  768): finishPostLayoutPolicyLw: mHideKeyguard=false
06-11 17:04:41.604 V/WindowManager(  768): Removing starting window for Token{2fabc31 ActivityRecord{218de0d8 u0 com.android.settings/.Settings t651}}: com.android.internal.policy.impl.PhoneWindow$DecorView{c519b9b V.E..... R.....I. 0,0-720,1280} Callers=com.android.server.wm.WindowManagerService$H.handleMessage:7870 android.os.Handler.dispatchMessage:102 android.os.Looper.loop:135 android.os.HandlerThread.run:61 
06-11 17:04:41.604 I/ActivityManager(  768): Displayed com.android.settings/.Settings: +452ms
06-11 17:04:41.619 I/SurfaceFlinger(  262): FPS: 32
06-11 17:04:41.619 D/BatteryMeterView( 2887): onDraw level = 100
06-11 17:04:41.621 I/WindowManager(  768): Win Window{1103cfcc u0 android}: isVisibleOrBehindKeyguardLw=true
06-11 17:04:41.621 I/WindowManager(  768): Win Window{2be9037a u0 StatusBar}: isVisibleOrBehindKeyguardLw=true
06-11 17:04:41.621 I/WindowManager(  768): Win Window{2eabc069 u0 Starting com.android.settings}: isVisibleOrBehindKeyguardLw=true
06-11 17:04:41.622 V/WindowManager(  768): Fullscreen window: Window{2eabc069 u0 Starting com.android.settings}
06-11 17:04:41.622 I/WindowManager(  768): Win Window{f8453aa u0 com.android.settings/com.android.settings.Settings}: isVisibleOrBehindKeyguardLw=true
06-11 17:04:41.622 I/WindowManager(  768): Win Window{120391ec u0 com.telpo.tpui/com.telpo.tpui.MainActivity EXITING}: isVisibleOrBehindKeyguardLw=false
06-11 17:04:41.622 I/WindowManager(  768): Win Window{2bd17ad6 u0 com.android.phasebeam.PhaseBeamWallpaper}: isVisibleOrBehindKeyguardLw=false
06-11 17:04:41.622 I/WindowManager(  768): force=false forcefkg=false top=Window{2eabc069 u0 Starting com.android.settings}
06-11 17:04:41.622 D/WindowManager(  768): frame: Rect(0, 0 - 720, 1280) shown frame: RectF(0.0, 753.61884, 720.0, 2033.6189)
06-11 17:04:41.622 D/WindowManager(  768): attr: WM.LayoutParams{(0,0)(fillxfill) sim=#20 ty=3 fl=#81830118 pfl=0x11 wanim=0x1030467 vsysui=0x600 surfaceInsets=Rect(0, 0 - 0, 0) needsMenuKey=2} lp.flags=0x81830118
06-11 17:04:41.622 V/WindowManager(  768): ** SHOWING status bar: top is not fullscreen
06-11 17:04:41.622 V/WindowManager(  768): finishPostLayoutPolicyLw: mHideKeyguard=false
06-11 17:04:41.627 I/WindowManager(  768): mDock rect: (0,0 - 720,1280)
06-11 17:04:41.627 V/WindowManager(  768): Status bar: dock=[0,50][720,1280] content=[0,50][720,1280] cur=[0,50][720,1280]
06-11 17:04:41.627 V/WindowManager(  768): layoutWindowLw(): normal window
06-11 17:04:41.628 V/WindowManager(  768): Compute frame : sim=#20 attach=null type=2015 flags=0x01000018 pf=[0,50][720,1280] df=[0,50][720,1280] of=[0,50][720,1280] cf=[0,50][720,1280] vf=[0,50][720,1280] dcf=[0,0][720,1280] sf=[0,50][720,1280]
06-11 17:04:41.628 V/WindowManager(  768): layoutWindowLw(Starting com.android.settings): IN_SCREEN, INSET_DECOR
06-11 17:04:41.628 V/WindowManager(  768): Compute frame Starting com.android.settings: sim=#20 attach=null type=3 flags=0x81830118 pf=[0,0][720,1280] df=[0,0][720,1280] of=[0,0][720,1280] cf=[0,50][720,1280] vf=[0,50][720,1280] dcf=[0,0][720,1280] sf=[0,50][720,1280]
06-11 17:04:41.628 V/WindowManager(  768): layoutWindowLw(com.android.settings/com.android.settings.Settings): IN_SCREEN, INSET_DECOR
06-11 17:04:41.628 V/WindowManager(  768): Compute frame com.android.settings/com.android.settings.Settings: sim=#110 attach=null type=1 flags=0x81810100 pf=[0,0][720,1280] df=[0,0][720,1280] of=[0,0][720,1280] cf=[0,50][720,1280] vf=[0,50][720,1280] dcf=[0,0][720,1280] sf=[0,50][720,1280]
06-11 17:04:41.628 I/WindowManager(  768): Win Window{1103cfcc u0 android}: isVisibleOrBehindKeyguardLw=true
06-11 17:04:41.629 I/WindowManager(  768): Win Window{2be9037a u0 StatusBar}: isVisibleOrBehindKeyguardLw=true
06-11 17:04:41.629 I/WindowManager(  768): Win Window{2eabc069 u0 Starting com.android.settings EXITING}: isVisibleOrBehindKeyguardLw=false
06-11 17:04:41.629 I/WindowManager(  768): Win Window{f8453aa u0 com.android.settings/com.android.settings.Settings}: isVisibleOrBehindKeyguardLw=true
06-11 17:04:41.629 V/WindowManager(  768): Fullscreen window: Window{f8453aa u0 com.android.settings/com.android.settings.Settings}
06-11 17:04:41.629 I/WindowManager(  768): Win Window{120391ec u0 com.telpo.tpui/com.telpo.tpui.MainActivity EXITING}: isVisibleOrBehindKeyguardLw=false
06-11 17:04:41.629 I/WindowManager(  768): Win Window{2bd17ad6 u0 com.android.phasebeam.PhaseBeamWallpaper}: isVisibleOrBehindKeyguardLw=false
06-11 17:04:41.629 I/WindowManager(  768): force=false forcefkg=false top=Window{f8453aa u0 com.android.settings/com.android.settings.Settings}
06-11 17:04:41.629 D/WindowManager(  768): frame: Rect(0, 0 - 720, 1280) shown frame: RectF(0.0, 753.61884, 720.0, 2033.6189)
06-11 17:04:41.629 D/WindowManager(  768): attr: WM.LayoutParams{(0,0)(fillxfill) sim=#110 ty=1 fl=#81810100 wanim=0x1030467 vsysui=0x600 surfaceInsets=Rect(0, 0 - 0, 0) needsMenuKey=2} lp.flags=0x81810100
06-11 17:04:41.629 V/WindowManager(  768): ** SHOWING status bar: top is not fullscreen
06-11 17:04:41.629 V/WindowManager(  768): finishPostLayoutPolicyLw: mHideKeyguard=false
06-11 17:04:41.698 D/DashboardSummary( 4855): rebuildUI took: 109 ms
06-11 17:04:41.770 I/Timeline( 4855): Timeline: Activity_idle id: android.os.BinderProxy@18d82c3a time:171316
06-11 17:04:41.838 I/WindowManager(  768): Win Window{1103cfcc u0 android}: isVisibleOrBehindKeyguardLw=true
06-11 17:04:41.838 I/WindowManager(  768): Win Window{2be9037a u0 StatusBar}: isVisibleOrBehindKeyguardLw=true
06-11 17:04:41.838 I/WindowManager(  768): Win Window{2eabc069 u0 Starting com.android.settings}: isVisibleOrBehindKeyguardLw=false
06-11 17:04:41.838 I/WindowManager(  768): Win Window{f8453aa u0 com.android.settings/com.android.settings.Settings}: isVisibleOrBehindKeyguardLw=true
06-11 17:04:41.838 V/WindowManager(  768): Fullscreen window: Window{f8453aa u0 com.android.settings/com.android.settings.Settings}
06-11 17:04:41.838 I/WindowManager(  768): Win Window{120391ec u0 com.telpo.tpui/com.telpo.tpui.MainActivity EXITING}: isVisibleOrBehindKeyguardLw=false
06-11 17:04:41.839 I/WindowManager(  768): Win Window{2bd17ad6 u0 com.android.phasebeam.PhaseBeamWallpaper}: isVisibleOrBehindKeyguardLw=false
06-11 17:04:41.839 I/WindowManager(  768): force=false forcefkg=false top=Window{f8453aa u0 com.android.settings/com.android.settings.Settings}
06-11 17:04:41.839 D/WindowManager(  768): frame: Rect(0, 0 - 720, 1280) shown frame: RectF(0.0, 5.006958, 720.0, 1285.007)
06-11 17:04:41.839 D/WindowManager(  768): attr: WM.LayoutParams{(0,0)(fillxfill) sim=#110 ty=1 fl=#81810100 wanim=0x1030467 vsysui=0x600 surfaceInsets=Rect(0, 0 - 0, 0) needsMenuKey=2} lp.flags=0x81810100
06-11 17:04:41.839 V/WindowManager(  768): ** SHOWING status bar: top is not fullscreen
06-11 17:04:41.839 V/WindowManager(  768): finishPostLayoutPolicyLw: mHideKeyguard=false
06-11 17:04:41.850 I/WindowManager(  768): mDock rect: (0,0 - 720,1280)
06-11 17:04:41.850 V/WindowManager(  768): Status bar: dock=[0,50][720,1280] content=[0,50][720,1280] cur=[0,50][720,1280]
06-11 17:04:41.851 V/WindowManager(  768): layoutWindowLw(): normal window
06-11 17:04:41.851 V/WindowManager(  768): Compute frame : sim=#20 attach=null type=2015 flags=0x01000018 pf=[0,50][720,1280] df=[0,50][720,1280] of=[0,50][720,1280] cf=[0,50][720,1280] vf=[0,50][720,1280] dcf=[0,0][720,1280] sf=[0,50][720,1280]
06-11 17:04:41.851 V/WindowManager(  768): layoutWindowLw(com.android.settings/com.android.settings.Settings): IN_SCREEN, INSET_DECOR
06-11 17:04:41.851 V/WindowManager(  768): Compute frame com.android.settings/com.android.settings.Settings: sim=#110 attach=null type=1 flags=0x81810100 pf=[0,0][720,1280] df=[0,0][720,1280] of=[0,0][720,1280] cf=[0,50][720,1280] vf=[0,50][720,1280] dcf=[0,0][720,1280] sf=[0,50][720,1280]
06-11 17:04:41.851 I/WindowManager(  768): Win Window{1103cfcc u0 android}: isVisibleOrBehindKeyguardLw=true
06-11 17:04:41.851 I/WindowManager(  768): Win Window{2be9037a u0 StatusBar}: isVisibleOrBehindKeyguardLw=true
06-11 17:04:41.851 I/WindowManager(  768): Win Window{f8453aa u0 com.android.settings/com.android.settings.Settings}: isVisibleOrBehindKeyguardLw=true
06-11 17:04:41.851 V/WindowManager(  768): Fullscreen window: Window{f8453aa u0 com.android.settings/com.android.settings.Settings}
06-11 17:04:41.851 I/WindowManager(  768): Win Window{120391ec u0 com.telpo.tpui/com.telpo.tpui.MainActivity EXITING}: isVisibleOrBehindKeyguardLw=false
06-11 17:04:41.851 I/WindowManager(  768): Win Window{2bd17ad6 u0 com.android.phasebeam.PhaseBeamWallpaper}: isVisibleOrBehindKeyguardLw=false
06-11 17:04:41.852 I/WindowManager(  768): force=false forcefkg=false top=Window{f8453aa u0 com.android.settings/com.android.settings.Settings}
06-11 17:04:41.852 D/WindowManager(  768): frame: Rect(0, 0 - 720, 1280) shown frame: RectF(0.0, 5.006958, 720.0, 1285.007)
06-11 17:04:41.852 D/WindowManager(  768): attr: WM.LayoutParams{(0,0)(fillxfill) sim=#110 ty=1 fl=#81810100 wanim=0x1030467 vsysui=0x600 surfaceInsets=Rect(0, 0 - 0, 0) needsMenuKey=2} lp.flags=0x81810100
06-11 17:04:41.852 V/WindowManager(  768): ** SHOWING status bar: top is not fullscreen
06-11 17:04:41.852 V/WindowManager(  768): finishPostLayoutPolicyLw: mHideKeyguard=false
06-11 17:04:41.987 I/WindowManager(  768): Win Window{1103cfcc u0 android}: isVisibleOrBehindKeyguardLw=true
06-11 17:04:41.988 I/WindowManager(  768): Win Window{2be9037a u0 StatusBar}: isVisibleOrBehindKeyguardLw=true
06-11 17:04:41.988 I/WindowManager(  768): Win Window{f8453aa u0 com.android.settings/com.android.settings.Settings}: isVisibleOrBehindKeyguardLw=true
06-11 17:04:41.988 V/WindowManager(  768): Fullscreen window: Window{f8453aa u0 com.android.settings/com.android.settings.Settings}
06-11 17:04:41.988 I/WindowManager(  768): Win Window{120391ec u0 com.telpo.tpui/com.telpo.tpui.MainActivity}: isVisibleOrBehindKeyguardLw=false
06-11 17:04:41.988 I/WindowManager(  768): Win Window{2bd17ad6 u0 com.android.phasebeam.PhaseBeamWallpaper}: isVisibleOrBehindKeyguardLw=false
06-11 17:04:41.988 I/WindowManager(  768): force=false forcefkg=false top=Window{f8453aa u0 com.android.settings/com.android.settings.Settings}
