--------- beginning of main
D/telpo_native( 6458): CallIntMethod return ret = 0 length = 20
D/telpo_native(  751): usb_printer_write data start!
D/telpo_native(  751): usb_printer_write start!
E/telpo_native(  751): ret = 25
D/telpo_native(  751): handle_emv_serial_read_write_cmd: usb write length = 25
E/telpo_native(  751): serial_read:start read
E/telpo_native(  751): serial_read:serial_read read_size = 0
D/telpo_native(  751): handle_emv_serial_read_write_cmd: usb_printer_read length = 20
I/telpo_native(  751): 0b
I/telpo_native(  751): b0
I/telpo_native(  751): 96
I/telpo_native(  751): 69
I/telpo_native(  751): 04
I/telpo_native(  751): 00
I/telpo_native(  751): 00
I/telpo_native(  751): 00
I/telpo_native(  751): e3
I/telpo_native(  751): 00
I/telpo_native(  751): 04
I/telpo_native(  751): 01
I/telpo_native(  751): 00
I/telpo_native(  751): 00
I/telpo_native(  751): 00
I/telpo_native(  751): 00
I/telpo_native(  751): 00
I/telpo_native(  751): 00
I/telpo_native(  751): 00
I/telpo_native(  751): 00
I/telpo_native(  751): 
D/telpo_native(  751): handle_emv_serial_read_write_cmd: parse successfully!
I/telpo_native(  751): handle_emv_serial_read_write_cmd: receive data length is 20
I/telpo_native(  751): 0b
I/telpo_native(  751): b0
I/telpo_native(  751): 96
I/telpo_native(  751): 69
I/telpo_native(  751): 04
I/telpo_native(  751): 00
I/telpo_native(  751): 00
I/telpo_native(  751): 00
I/telpo_native(  751): e3
I/telpo_native(  751): 00
I/telpo_native(  751): 04
I/telpo_native(  751): 01
I/telpo_native(  751): 00
I/telpo_native(  751): 00
I/telpo_native(  751): 00
I/telpo_native(  751): 00
I/telpo_native(  751): 00
I/telpo_native(  751): 00
I/telpo_native(  751): 00
I/telpo_native(  751): 00
I/telpo_native(  751): 
D/telpo_native( 6458): CallIntMethod return ret = 0 length = 20
D/telpo_native(  751): usb_printer_write data start!
D/telpo_native(  751): usb_printer_write start!
E/telpo_native(  751): ret = 25
D/telpo_native(  751): handle_emv_serial_read_write_cmd: usb write length = 25
E/telpo_native(  751): serial_read:start read
E/telpo_native(  751): serial_read:serial_read read_size = 0
D/telpo_native(  751): handle_emv_serial_read_write_cmd: usb_printer_read length = 20
I/telpo_native(  751): 0b
I/telpo_native(  751): b0
I/telpo_native(  751): 96
I/telpo_native(  751): 69
I/telpo_native(  751): 04
I/telpo_native(  751): 00
I/telpo_native(  751): 00
I/telpo_native(  751): 00
I/telpo_native(  751): e4
I/telpo_native(  751): 00
I/telpo_native(  751): 04
I/telpo_native(  751): 01
I/telpo_native(  751): 00
I/telpo_native(  751): 00
I/telpo_native(  751): 00
I/telpo_native(  751): 00
I/telpo_native(  751): 00
I/telpo_native(  751): 00
I/telpo_native(  751): 00
I/telpo_native(  751): 00
I/telpo_native(  751): 
D/telpo_native(  751): handle_emv_serial_read_write_cmd: parse successfully!
I/telpo_native(  751): handle_emv_serial_read_write_cmd: receive data length is 20
I/telpo_native(  751): 0b
I/telpo_native(  751): b0
I/telpo_native(  751): 96
I/telpo_native(  751): 69
I/telpo_native(  751): 04
I/telpo_native(  751): 00
I/telpo_native(  751): 00
I/telpo_native(  751): 00
I/telpo_native(  751): e4
I/telpo_native(  751): 00
I/telpo_native(  751): 04
I/telpo_native(  751): 01
I/telpo_native(  751): 00
I/telpo_native(  751): 00
I/telpo_native(  751): 00
I/telpo_native(  751): 00
I/telpo_native(  751): 00
I/telpo_native(  751): 00
I/telpo_native(  751): 00
I/telpo_native(  751): 00
I/telpo_native(  751): 
D/telpo_native( 6458): CallIntMethod return ret = 0 length = 20
D/telpo_native(  751): usb_printer_write data start!
D/telpo_native(  751): usb_printer_write start!
E/telpo_native(  751): ret = 25
D/telpo_native(  751): handle_emv_serial_read_write_cmd: usb write length = 25
E/telpo_native(  751): serial_read:start read
E/telpo_native(  751): serial_read:serial_read read_size = 0
D/telpo_native(  751): handle_emv_serial_read_write_cmd: usb_printer_read length = 20
I/telpo_native(  751): 0b
I/telpo_native(  751): b0
I/telpo_native(  751): 96
I/telpo_native(  751): 69
I/telpo_native(  751): 04
I/telpo_native(  751): 00
I/telpo_native(  751): 00
I/telpo_native(  751): 00
I/telpo_native(  751): e5
I/telpo_native(  751): 00
I/telpo_native(  751): 04
I/telpo_native(  751): 01
I/telpo_native(  751): 00
I/telpo_native(  751): 00
I/telpo_native(  751): 00
I/telpo_native(  751): 00
I/telpo_native(  751): 00
I/telpo_native(  751): 00
I/telpo_native(  751): 00
I/telpo_native(  751): 00
I/telpo_native(  751): 
D/telpo_native(  751): handle_emv_serial_read_write_cmd: parse successfully!
I/telpo_native(  751): handle_emv_serial_read_write_cmd: receive data length is 20
I/telpo_native(  751): 0b
I/telpo_native(  751): b0
I/telpo_native(  751): 96
I/telpo_native(  751): 69
I/telpo_native(  751): 04
I/telpo_native(  751): 00
I/telpo_native(  751): 00
I/telpo_native(  751): 00
I/telpo_native(  751): e5
I/telpo_native(  751): 00
I/telpo_native(  751): 04
I/telpo_native(  751): 01
I/telpo_native(  751): 00
I/telpo_native(  751): 00
I/telpo_native(  751): 00
I/telpo_native(  751): 00
I/telpo_native(  751): 00
I/telpo_native(  751): 00
I/telpo_native(  751): 00
I/telpo_native(  751): 00
I/telpo_native(  751): 
D/telpo_native( 6458): CallIntMethod return ret = 0 length = 20
D/VM_BMS  (  440): wake_lock acquired
D/VM_BMS  (  440): New BMS data - Size=56
D/VM_BMS  (  440): Start process_bms_data
D/VM_BMS  (  440): Battery charge_cycle=0 fcc_adjust=0 rbatt_adjust=0 cycle_changed=false
D/VM_BMS  (  440): For batt_temp=255 fcc_mah=2200
D/VM_BMS  (  440): Lookup fcc_mah=2200.000000  adjusted fcc_mah=2200.000000
D/VM_BMS  (  440): For ocv=6570242 batt_temp=255 soc=100
D/VM_BMS  (  440): fifo_count=2 acc_count=0
D/VM_BMS  (  440): INIT: ocv=6570242 last_ocv=6570242 batt_temp=255 soc=100
D/VM_BMS  (  440): For soc=100 batt_temp=255 slope=2000
D/VM_BMS  (  440): For soc=100 batt_temp=255 rbatt_sf=100
D/VM_BMS  (  440): rbatt_mohm_default=72, rbatt_mohm=72, sf=100 batt_temp=255
D/VM_BMS  (  440): Lookup rbatt=72.000000  adjusted rbatt=72.000000
D/VM_BMS  (  440): For ocv=6565115 batt_temp=255 soc=100
D/VM_BMS  (  440): FIFO=0 fifo_avg=3.803209 rbatt=0.122000 slope=0.200000 ibatt=22.659584 ocv=6.565115 soc=100 fcc_ah=2.200000 sample_count=128 sample_interval=70 seq_num=41
D/VM_BMS  (  440): For soc=100 batt_temp=255 slope=2000
D/VM_BMS  (  440): For soc=100 batt_temp=255 rbatt_sf=100
D/VM_BMS  (  440): rbatt_mohm_default=72, rbatt_mohm=72, sf=100 batt_temp=255
D/VM_BMS  (  440): Lookup rbatt=72.000000  adjusted rbatt=72.000000
D/VM_BMS  (  440): For ocv=6559995 batt_temp=255 soc=100
D/VM_BMS  (  440): FIFO=1 fifo_avg=3.802049 rbatt=0.122000 slope=0.200000 ibatt=22.627100 ocv=6.559995 soc=100 fcc_ah=2.200000 sample_count=128 sample_interval=70 seq_num=41
I/VM_BMS  (  440): power_supply_update: ocv_uv=6559995 ibatt=22627100 soc=100 seq_num=41
D/VM_BMS  (  440): End process_bms_data
D/VM_BMS  (  440): wake_lock released
D/telpo_native(  751): usb_printer_write data start!
D/telpo_native(  751): usb_printer_write start!
E/telpo_native(  751): ret = 25
D/telpo_native(  751): handle_emv_serial_read_write_cmd: usb write length = 25
E/telpo_native(  751): serial_read:start read
E/telpo_native(  751): serial_read:serial_read read_size = 0
D/telpo_native(  751): handle_emv_serial_read_write_cmd: usb_printer_read length = 20
I/telpo_native(  751): 0b
I/telpo_native(  751): b0
I/telpo_native(  751): 96
I/telpo_native(  751): 69
I/telpo_native(  751): 04
I/telpo_native(  751): 00
I/telpo_native(  751): 00
I/telpo_native(  751): 00
I/telpo_native(  751): e6
I/telpo_native(  751): 00
I/telpo_native(  751): 04
I/telpo_native(  751): 01
I/telpo_native(  751): 00
I/telpo_native(  751): 00
I/telpo_native(  751): 00
I/telpo_native(  751): 00
I/telpo_native(  751): 00
I/telpo_native(  751): 00
I/telpo_native(  751): 00
I/telpo_native(  751): 00
I/telpo_native(  751): 
D/telpo_native(  751): handle_emv_serial_read_write_cmd: parse successfully!
I/telpo_native(  751): handle_emv_serial_read_write_cmd: receive data length is 20
I/telpo_native(  751): 0b
I/telpo_native(  751): b0
I/telpo_native(  751): 96
I/telpo_native(  751): 69
I/telpo_native(  751): 04
I/telpo_native(  751): 00
I/telpo_native(  751): 00
I/telpo_native(  751): 00
I/telpo_native(  751): e6
I/telpo_native(  751): 00
I/telpo_native(  751): 04
I/telpo_native(  751): 01
I/telpo_native(  751): 00
I/telpo_native(  751): 00
I/telpo_native(  751): 00
I/telpo_native(  751): 00
I/telpo_native(  751): 00
I/telpo_native(  751): 00
I/telpo_native(  751): 00
I/telpo_native(  751): 00
I/telpo_native(  751): 
D/telpo_native( 6458): CallIntMethod return ret = 0 length = 20
D/WindowManager(  751): interceptKeyTq keycode=26 interactive=false keyguardActive=true policyFlags=2000000
--------- beginning of system
W/ContextImpl(  751): Calling a method in the system process without a qualified user: android.app.ContextImpl.sendBroadcast:1441 com.android.internal.policy.impl.PhoneWindowManager.interceptKeyBeforeQueueing:5372 com.android.server.wm.InputMonitor.interceptKeyBeforeQueueing:370 com.android.server.input.InputManagerService.interceptKeyBeforeQueueing:1476 <bottom of call stack> 
I/PowerManagerService(  751): Waking up from dozing (uid 1000)...
I/QCOM PowerHAL(  751): Got set_interactive hint
I/WindowManager(  751): Waking up...
V/KeyguardServiceDelegate(  751): onScreenTurnedOn(showListener = com.android.internal.policy.impl.PhoneWindowManager$2@216c85b9)
D/VTCallReceiver( 5622): Receive calling org.codeaurora.PowerKeyDown.Mute
D/VTCallReceiver( 5622): received silence ringer intent, to silence the ringer
D/VT/VideoCallApp( 5622): HandleMessage : 5017
D/VT/VideoCallApp( 5622): App still in idle state, handle message: 5017
D/VT/VideoCallApp( 5622): Error Scenario Exit
D/VT/VideoCallApp( 5622): closeCallScreen()...
I/DisplayPowerController(  751): Blocking screen on until initial contents have been drawn.
I/WindowManager(  751): Screen turning on...
I/WindowManager(  751): Win Window{2b5d0932 u0 android}: isVisibleOrBehindKeyguardLw=true
I/WindowManager(  751): Win Window{23583ca7 u0 StatusBar}: isVisibleOrBehindKeyguardLw=true
I/WindowManager(  751): Win Window{276e6867 u0 com.android.phasebeam.PhaseBeamWallpaper}: isVisibleOrBehindKeyguardLw=true
I/WindowManager(  751): Win Window{2b5c623f u0 com.interswitchng.interswitchpossdkdemo.telpo.v2.debug/com.interswitchng.smartpos.modules.main.MainActivity}: isVisibleOrBehindKeyguardLw=true
V/WindowManager(  751): Fullscreen window: Window{2b5c623f u0 com.interswitchng.interswitchpossdkdemo.telpo.v2.debug/com.interswitchng.smartpos.modules.main.MainActivity}
I/WindowManager(  751): force=false forcefkg=true top=Window{2b5c623f u0 com.interswitchng.interswitchpossdkdemo.telpo.v2.debug/com.interswitchng.smartpos.modules.main.MainActivity}
V/WindowManager(  751): Showing status bar: forced
V/WindowManager(  751): finishPostLayoutPolicyLw: mHideKeyguard=false
I/DisplayManagerService(  751): Display device changed: DisplayDeviceInfo{"Built-in Screen": uniqueId="local:0", 720 x 1280, 60.0 fps, supportedRefreshRates [60.0], density 320, 160.421 x 160.157 dpi, appVsyncOff 0, presDeadline 17666667, touch INTERNAL, rotation 0, type BUILT_IN, state ON, FLAG_DEFAULT_DISPLAY, FLAG_ROTATES_WITH_CONTENT, FLAG_SECURE, FLAG_SUPPORTS_PROTECTED_BUFFERS}
D/SurfaceFlinger(  260): Set power mode=2, type=0 flinger=0xb72bf5f8
D/qdhwcomposer(  260): hwc_setPowerMode: Setting mode 2 on display: 0
E/qdutils (  260): int qdutils::getHDMINode(): Failed to open fb node 1
E/qdutils (  260): int qdutils::getHDMINode(): Failed to open fb node 2
E/qdutils (  260): int qdutils::getHDMINode(): Failed to find HDMI node
V/ActivityManager(  751): Display changed displayId=0
E/WifiStateMachine(  751): cancelDelayedScan -> 45
D/wpa_supplicant( 7163): wlan0: Control interface command 'SIGNAL_POLL'
V/KeyguardServiceDelegate(  751): **** SHOWN CALLED ****
D/WindowManager(  751): mKeyguardDelegate.ShowListener.onShown.
W/WindowManager(  751): Setting mKeyguardDrawComplete
D/WindowManager(  751): finishScreenTurningOn: mAwake=true, mScreenOnEarly=true, mScreenOnFully=false, mKeyguardDrawComplete=true, mWindowManagerDrawComplete=false
E/native  (  751): do suspend false
I/WindowManager(  751): Win Window{2b5d0932 u0 android}: isVisibleOrBehindKeyguardLw=true
I/WindowManager(  751): Win Window{23583ca7 u0 StatusBar}: isVisibleOrBehindKeyguardLw=true
I/WindowManager(  751): Win Window{276e6867 u0 com.android.phasebeam.PhaseBeamWallpaper}: isVisibleOrBehindKeyguardLw=true
I/WindowManager(  751): Win Window{2b5c623f u0 com.interswitchng.interswitchpossdkdemo.telpo.v2.debug/com.interswitchng.smartpos.modules.main.MainActivity}: isVisibleOrBehindKeyguardLw=true
V/WindowManager(  751): Fullscreen window: Window{2b5c623f u0 com.interswitchng.interswitchpossdkdemo.telpo.v2.debug/com.interswitchng.smartpos.modules.main.MainActivity}
I/WindowManager(  751): force=false forcefkg=true top=Window{2b5c623f u0 com.interswitchng.interswitchpossdkdemo.telpo.v2.debug/com.interswitchng.smartpos.modules.main.MainActivity}
V/WindowManager(  751): Showing status bar: forced
V/WindowManager(  751): finishPostLayoutPolicyLw: mHideKeyguard=false
D/wpa_supplicant( 7163): wlan0: Control interface command 'DRIVER SETSUSPENDMODE 0'
V/WLAN_PSA(  312): NL MSG, len[048], NL type[0x11] WNI type[0x5050] len[028]
V/WLAN_PSA(  312): NL MSG, PID: 312
V/WLAN_PSA(  312): NL MSG, len[048], NL type[0x11] WNI type[0x5050] len[028]
V/WLAN_PSA(  312): NL MSG, PID: 312
V/WLAN_PSA(  312): NL MSG, len[4031], NL type[0x1C] WNI type[0x5900] len[42767]
V/WLAN_PSA(  312): NL MSG, PID: 312
I/WindowManager(  751): Win Window{2b5d0932 u0 android}: isVisibleOrBehindKeyguardLw=true
I/WindowManager(  751): Win Window{23583ca7 u0 StatusBar}: isVisibleOrBehindKeyguardLw=true
I/WindowManager(  751): Win Window{276e6867 u0 com.android.phasebeam.PhaseBeamWallpaper}: isVisibleOrBehindKeyguardLw=true
I/WindowManager(  751): Win Window{2b5c623f u0 com.interswitchng.interswitchpossdkdemo.telpo.v2.debug/com.interswitchng.smartpos.modules.main.MainActivity}: isVisibleOrBehindKeyguardLw=true
V/WindowManager(  751): Fullscreen window: Window{2b5c623f u0 com.interswitchng.interswitchpossdkdemo.telpo.v2.debug/com.interswitchng.smartpos.modules.main.MainActivity}
I/WindowManager(  751): force=false forcefkg=true top=Window{2b5c623f u0 com.interswitchng.interswitchpossdkdemo.telpo.v2.debug/com.interswitchng.smartpos.modules.main.MainActivity}
V/WindowManager(  751): Showing status bar: forced
V/WindowManager(  751): finishPostLayoutPolicyLw: mHideKeyguard=false
D/WindowManager(  751): interceptKeyTq keycode=26 interactive=true keyguardActive=true policyFlags=22000000
V/WLAN_PSA(  312): NL MSG, len[048], NL type[0x11] WNI type[0x5050] len[028]
V/WLAN_PSA(  312): NL MSG, PID: 312
V/WLAN_PSA(  312): NL MSG, len[048], NL type[0x11] WNI type[0x5050] len[028]
V/WLAN_PSA(  312): NL MSG, PID: 312
V/WLAN_PSA(  312): NL MSG, len[048], NL type[0x11] WNI type[0x5050] len[028]
V/WLAN_PSA(  312): NL MSG, PID: 312
V/WLAN_PSA(  312): NL MSG, len[048], NL type[0x11] WNI type[0x5050] len[028]
V/WLAN_PSA(  312): NL MSG, PID: 312
D/wpa_supplicant( 7163): wpa_driver_nl80211_driver_cmd SETSUSPENDMODE 0 len = 0, 4096
V/WLAN_PSA(  312): NL MSG, len[4012], NL type[0x1C] WNI type[0x5900] len[37903]
V/WLAN_PSA(  312): NL MSG, PID: 312
D/wpa_supplicant( 7163): wlan0: Control interface command 'BLACKLIST clear'
I/WindowManager(  751): Win Window{2b5d0932 u0 android}: isVisibleOrBehindKeyguardLw=true
I/WindowManager(  751): Win Window{23583ca7 u0 StatusBar}: isVisibleOrBehindKeyguardLw=true
I/WindowManager(  751): Win Window{276e6867 u0 com.android.phasebeam.PhaseBeamWallpaper}: isVisibleOrBehindKeyguardLw=true
I/WindowManager(  751): Win Window{2b5c623f u0 com.interswitchng.interswitchpossdkdemo.telpo.v2.debug/com.interswitchng.smartpos.modules.main.MainActivity}: isVisibleOrBehindKeyguardLw=true
V/WindowManager(  751): Fullscreen window: Window{2b5c623f u0 com.interswitchng.interswitchpossdkdemo.telpo.v2.debug/com.interswitchng.smartpos.modules.main.MainActivity}
I/WindowManager(  751): force=false forcefkg=true top=Window{2b5c623f u0 com.interswitchng.interswitchpossdkdemo.telpo.v2.debug/com.interswitchng.smartpos.modules.main.MainActivity}
V/WindowManager(  751): Showing status bar: forced
V/WindowManager(  751): finishPostLayoutPolicyLw: mHideKeyguard=false
V/SRS_Proc(  301): ParamSet string: screen_state=on
D/audio_hw_primary(  301): adev_set_parameters: enter: screen_state=on
D/audio_hw_extn(  301): audio_extn_set_anc_parameters: anc_enabled:0
E/audio_a2dp_hw(  301): adev_set_parameters: ERROR: set param called even when stream out is null
D/wpa_supplicant( 7163): nl80211: Event message available
I/WifiHAL (  751): Poll result = 1
I/WifiHAL (  751): Found some events!!!
D/wpa_supplicant( 7163): nl80211: Drv Event 79 (NL80211_CMD_SET_REKEY_OFFLOAD) received for wlan0
D/wpa_supplicant( 7163): nl80211: Rekey offload event for BSSID fc:dd:55:70:0b:6b
D/wpa_supplicant( 7163): nl80211: Rekey offload - Replay Counter - hexdump(len=8): 00 00 00 00 00 00 00 01
D/wpa_supplicant( 7163): wlan0: Event DRIVER_GTK_REKEY (37) received
D/WifiHAL (  751): no_seq_check received
I/WifiHAL (  751): event received NL80211_CMD_SET_REKEY_OFFLOAD
I/WifiHAL (  751): event received NL80211_CMD_SET_REKEY_OFFLOAD, vendor_id = 0x0
I/WifiHAL (  751): event ignored!!
V/WLAN_PSA(  312): NL MSG, len[4065], NL type[0x1C] WNI type[0x5900] len[51471]
V/WLAN_PSA(  312): NL MSG, PID: 312
D/telpo_native(  751): usb_printer_write data start!
D/telpo_native(  751): usb_printer_write start!
E/telpo_native(  751): ret = 25
D/telpo_native(  751): handle_emv_serial_read_write_cmd: usb write length = 25
E/telpo_native(  751): serial_read:start read
E/telpo_native(  751): serial_read:serial_read read_size = 0
D/telpo_native(  751): handle_emv_serial_read_write_cmd: usb_printer_read length = 20
I/telpo_native(  751): 0b
I/telpo_native(  751): b0
I/telpo_native(  751): 96
I/telpo_native(  751): 69
I/telpo_native(  751): 04
I/telpo_native(  751): 00
I/telpo_native(  751): 00
I/telpo_native(  751): 00
I/telpo_native(  751): e7
I/telpo_native(  751): 00
I/telpo_native(  751): 04
I/telpo_native(  751): 01
I/telpo_native(  751): 00
I/telpo_native(  751): 00
I/telpo_native(  751): 00
I/telpo_native(  751): 00
I/telpo_native(  751): 00
I/telpo_native(  751): 00
I/telpo_native(  751): 00
I/telpo_native(  751): 00
I/telpo_native(  751): 
D/telpo_native(  751): handle_emv_serial_read_write_cmd: parse successfully!
I/telpo_native(  751): handle_emv_serial_read_write_cmd: receive data length is 20
I/telpo_native(  751): 0b
I/telpo_native(  751): b0
I/telpo_native(  751): 96
I/telpo_native(  751): 69
I/telpo_native(  751): 04
I/telpo_native(  751): 00
I/telpo_native(  751): 00
I/telpo_native(  751): 00
I/telpo_native(  751): e7
I/telpo_native(  751): 00
I/telpo_native(  751): 04
I/telpo_native(  751): 01
I/telpo_native(  751): 00
I/telpo_native(  751): 00
I/telpo_native(  751): 00
I/telpo_native(  751): 00
I/telpo_native(  751): 00
I/telpo_native(  751): 00
I/telpo_native(  751): 00
I/telpo_native(  751): 00
I/telpo_native(  751): 
D/telpo_native( 6458): CallIntMethod return ret = 0 length = 20
D/qdhwcomposer(  260): hwc_setPowerMode: Done setting mode 2 on display 0
I/qdhwcomposer(  260): handle_blank_event: dpy:0 panel power state: 1
E/qdutils (  260): int qdutils::getHDMINode(): Failed to open fb node 1
E/qdutils (  260): int qdutils::getHDMINode(): Failed to open fb node 2
E/qdutils (  260): int qdutils::getHDMINode(): Failed to find HDMI node
I/WindowManager(  751): mDock rect: (0,0 - 720,1280)
V/WindowManager(  751): Status bar: dock=[0,50][720,1280] content=[0,50][720,1280] cur=[0,50][720,1280]
V/WindowManager(  751): layoutWindowLw(): normal window
V/WindowManager(  751): Compute frame : sim=#20 attach=null type=2015 flags=0x01000018 pf=[0,50][720,1280] df=[0,50][720,1280] of=[0,50][720,1280] cf=[0,50][720,1280] vf=[0,50][720,1280] dcf=[0,0][720,1280] sf=[0,50][720,1280]
V/WindowManager(  751): Compute frame StatusBar: sim=#10 attach=null type=2000 flags=0x81960040 pf=[0,0][720,1280] df=[0,0][720,1280] of=[0,0][720,1280] cf=[0,50][720,1280] vf=[0,50][720,1280] dcf=[0,0][0,0] sf=[0,50][720,1280]
V/WindowManager(  751): layoutWindowLw(com.android.phasebeam.PhaseBeamWallpaper): IN_SCREEN
V/WindowManager(  751): Compute frame com.android.phasebeam.PhaseBeamWallpaper: sim=#0 attach=null type=2013 flags=0x00000308 pf=[0,0][720,1280] df=[-10000,-10000][10000,10000] of=[0,0][720,1280] cf=[0,0][720,1280] vf=[0,50][720,1280] dcf=[0,0][720,1280] sf=[0,50][720,1280]
V/WindowManager(  751): layoutWindowLw(com.interswitchng.interswitchpossdkdemo.telpo.v2.debug/com.interswitchng.smartpos.modules.main.MainActivity): IN_SCREEN, INSET_DECOR
V/WindowManager(  751): Compute frame com.interswitchng.interswitchpossdkdemo.telpo.v2.debug/com.interswitchng.smartpos.modules.main.MainActivity: sim=#20 attach=null type=1 flags=0x81810100 pf=[0,0][720,1280] df=[0,0][720,1280] of=[0,0][720,1280] cf=[0,50][720,1280] vf=[0,50][720,1280] dcf=[0,0][720,1280] sf=[0,50][720,1280]
I/WindowManager(  751): Win Window{2b5d0932 u0 android}: isVisibleOrBehindKeyguardLw=true
I/WindowManager(  751): Win Window{23583ca7 u0 StatusBar}: isVisibleOrBehindKeyguardLw=true
I/WindowManager(  751): Win Window{276e6867 u0 com.android.phasebeam.PhaseBeamWallpaper}: isVisibleOrBehindKeyguardLw=true
I/WindowManager(  751): Win Window{2b5c623f u0 com.interswitchng.interswitchpossdkdemo.telpo.v2.debug/com.interswitchng.smartpos.modules.main.MainActivity}: isVisibleOrBehindKeyguardLw=true
V/WindowManager(  751): Fullscreen window: Window{2b5c623f u0 com.interswitchng.interswitchpossdkdemo.telpo.v2.debug/com.interswitchng.smartpos.modules.main.MainActivity}
I/WindowManager(  751): force=false forcefkg=true top=Window{2b5c623f u0 com.interswitchng.interswitchpossdkdemo.telpo.v2.debug/com.interswitchng.smartpos.modules.main.MainActivity}
V/WindowManager(  751): Showing status bar: forced
V/WindowManager(  751): finishPostLayoutPolicyLw: mHideKeyguard=false
D/SurfaceControl(  751): Excessive delay in setPowerMode(): 434ms
I/WindowManager(  751): mDock rect: (0,0 - 720,1280)
V/WindowManager(  751): Status bar: dock=[0,50][720,1280] content=[0,50][720,1280] cur=[0,50][720,1280]
V/WindowManager(  751): layoutWindowLw(): normal window
V/WindowManager(  751): Compute frame : sim=#20 attach=null type=2015 flags=0x01000018 pf=[0,50][720,1280] df=[0,50][720,1280] of=[0,50][720,1280] cf=[0,50][720,1280] vf=[0,50][720,1280] dcf=[0,0][720,1280] sf=[0,50][720,1280]
V/WindowManager(  751): Compute frame StatusBar: sim=#10 attach=null type=2000 flags=0x81960040 pf=[0,0][720,1280] df=[0,0][720,1280] of=[0,0][720,1280] cf=[0,50][720,1280] vf=[0,50][720,1280] dcf=[0,0][0,0] sf=[0,50][720,1280]
V/WindowManager(  751): layoutWindowLw(com.android.phasebeam.PhaseBeamWallpaper): IN_SCREEN
V/WindowManager(  751): Compute frame com.android.phasebeam.PhaseBeamWallpaper: sim=#0 attach=null type=2013 flags=0x00000308 pf=[0,0][720,1280] df=[-10000,-10000][10000,10000] of=[0,0][720,1280] cf=[0,0][720,1280] vf=[0,50][720,1280] dcf=[0,0][720,1280] sf=[0,50][720,1280]
V/WindowManager(  751): layoutWindowLw(com.interswitchng.interswitchpossdkdemo.telpo.v2.debug/com.interswitchng.smartpos.modules.main.MainActivity): IN_SCREEN, INSET_DECOR
V/WindowManager(  751): Compute frame com.interswitchng.interswitchpossdkdemo.telpo.v2.debug/com.interswitchng.smartpos.modules.main.MainActivity: sim=#20 attach=null type=1 flags=0x81810100 pf=[0,0][720,1280] df=[0,0][720,1280] of=[0,0][720,1280] cf=[0,50][720,1280] vf=[0,50][720,1280] dcf=[0,0][720,1280] sf=[0,50][720,1280]
I/WindowManager(  751): Win Window{2b5d0932 u0 android}: isVisibleOrBehindKeyguardLw=true
I/WindowManager(  751): Win Window{23583ca7 u0 StatusBar}: isVisibleOrBehindKeyguardLw=true
I/WindowManager(  751): Win Window{276e6867 u0 com.android.phasebeam.PhaseBeamWallpaper}: isVisibleOrBehindKeyguardLw=true
I/WindowManager(  751): Win Window{2b5c623f u0 com.interswitchng.interswitchpossdkdemo.telpo.v2.debug/com.interswitchng.smartpos.modules.main.MainActivity}: isVisibleOrBehindKeyguardLw=true
V/WindowManager(  751): Fullscreen window: Window{2b5c623f u0 com.interswitchng.interswitchpossdkdemo.telpo.v2.debug/com.interswitchng.smartpos.modules.main.MainActivity}
I/WindowManager(  751): force=false forcefkg=true top=Window{2b5c623f u0 com.interswitchng.interswitchpossdkdemo.telpo.v2.debug/com.interswitchng.smartpos.modules.main.MainActivity}
V/WindowManager(  751): Showing status bar: forced
V/WindowManager(  751): finishPostLayoutPolicyLw: mHideKeyguard=false
I/WindowManager(  751): All windows ready for display!
W/WindowManager(  751): Setting mWindowManagerDrawComplete
D/WindowManager(  751): finishScreenTurningOn: mAwake=true, mScreenOnEarly=true, mScreenOnFully=false, mKeyguardDrawComplete=true, mWindowManagerDrawComplete=true
I/WindowManager(  751): Finished screen turning on...
I/DisplayPowerController(  751): Unblocked screen on after 455 ms
I/DreamManagerService(  751): Gently waking up from dream.
I/DreamManagerService(  751): Leaving dreamland.
I/DreamController(  751): Stopping dream: name=ComponentInfo{com.android.systemui/com.android.systemui.doze.DozeService}, isTest=false, canDoze=true, userId=0
I/WindowManager(  751): Win Window{2b5d0932 u0 android}: isVisibleOrBehindKeyguardLw=true
I/WindowManager(  751): Win Window{23583ca7 u0 StatusBar}: isVisibleOrBehindKeyguardLw=true
I/WindowManager(  751): Win Window{276e6867 u0 com.android.phasebeam.PhaseBeamWallpaper}: isVisibleOrBehindKeyguardLw=true
I/WindowManager(  751): Win Window{2b5c623f u0 com.interswitchng.interswitchpossdkdemo.telpo.v2.debug/com.interswitchng.smartpos.modules.main.MainActivity}: isVisibleOrBehindKeyguardLw=true
V/WindowManager(  751): Fullscreen window: Window{2b5c623f u0 com.interswitchng.interswitchpossdkdemo.telpo.v2.debug/com.interswitchng.smartpos.modules.main.MainActivity}
I/WindowManager(  751): force=false forcefkg=true top=Window{2b5c623f u0 com.interswitchng.interswitchpossdkdemo.telpo.v2.debug/com.interswitchng.smartpos.modules.main.MainActivity}
V/WindowManager(  751): Showing status bar: forced
V/WindowManager(  751): finishPostLayoutPolicyLw: mHideKeyguard=false
I/SurfaceFlinger(  260): FPS: 4
D/GestureManagerService( 3367): echo 0 to /sys/class/gesture/gesture_ft5x06/pocket
W/GestureManagerService( 3367): failed to set node: java.io.FileNotFoundException: /sys/class/gesture/gesture_ft5x06/pocket: open failed: ENOENT (No such file or directory)
D/BatteryMeterView( 3026): onDraw level = 42
D/StatusBar.MSimNetworkController( 3026): getPhoneId phoneId: 0
D/StatusBar.MSimNetworkController( 3026): onDataActivity received on phoneId :0direction=0
D/StatusBar.MSimNetworkController( 3026): updateDataIcon phoneId =0
D/StatusBar.MSimNetworkController( 3026): updateDataIcon dataSub =0
D/StatusBar.MSimNetworkController( 3026): updateDataIcon  when SimState =ABSENT
D/StatusBar.MSimNetworkController( 3026): updateDataIcon when mMSimDataConnected[0] =false mMSimMobileActivityIconId[0] = 0
D/StatusBar.MSimNetworkController( 3026): refreshViews phoneId =0mMSimDataConnected =false
D/StatusBar.MSimNetworkController( 3026): refreshViews mMSimDataActivity =0
E/WifiStateMachine(  751): WifiStateMachine CMD_START_SCAN source -2 txSuccessRate=939.00 rxSuccessRate=712.00 targetRoamBSSID=any RSSI=-64
D/StatusBar.MSimNetworkController( 3026): refreshViews: Data not connected!! Set no data type icon / Roaming for phoneId: 0
D/StatusBar.MSimNetworkController( 3026): refreshViews connected={ wifi } level=0 mMSimcombinedSignalIconId=0x7f020350/com.android.systemui:drawable/stat_sys_wifi_signal_3_fully mMSimcombinedActivityIconId=0x7f020347 mAirplaneMode=false mMSimDataActivity=0 mMSimPhoneSignalIconId=0x7f020339/com.android.systemui:drawable/stat_sys_signal_null mMSimDataDirectionIconId=0x0 mMSimDataSignalIconId=0x7f020339 mMSimDataTypeIconId=0x0/(null) mNoMSimIconId=0x7f02009a/com.android.systemui:drawable/ic_qs_no_sim mMSimMobileActivityIconId=0x0/(null) mWifiIconId=0x7f020350 mBluetoothTetherIconId=0x10806a2
D/StatusBar.MSimNetworkController( 3026): getPhoneId phoneId: 1
D/StatusBar.MSimNetworkController( 3026): onDataActivity received on phoneId :1direction=0
D/StatusBar.MSimNetworkController( 3026): updateDataIcon phoneId =1
D/StatusBar.MSimNetworkController( 3026): updateDataIcon dataSub =0
D/StatusBar.MSimNetworkController( 3026): updateDataIconi: phoneId1 is not DDS.  Clear the mMSimDataConnected Flag and return
D/StatusBar.MSimNetworkController( 3026): refreshViews phoneId =1mMSimDataConnected =false
D/StatusBar.MSimNetworkController( 3026): refreshViews mMSimDataActivity =0
D/StatusBar.MSimNetworkController( 3026): refreshViews: Data not connected!! Set no data type icon / Roaming for phoneId: 1
D/StatusBar.MSimNetworkController( 3026): refreshViews connected={ wifi } level=0 mMSimcombinedSignalIconId=0x7f020350/com.android.systemui:drawable/stat_sys_wifi_signal_3_fully mMSimcombinedActivityIconId=0x7f020347 mAirplaneMode=false mMSimDataActivity=0 mMSimPhoneSignalIconId=0x7f020339/com.android.systemui:drawable/stat_sys_signal_null mMSimDataDirectionIconId=0x0 mMSimDataSignalIconId=0x7f020339 mMSimDataTypeIconId=0x0/(null) mNoMSimIconId=0x7f02009a/com.android.systemui:drawable/ic_qs_no_sim mMSimMobileActivityIconId=0x0/(null) mWifiIconId=0x7f020350 mBluetoothTetherIconId=0x10806a2
D/StatusBar.MSimNetworkController( 3026): getPhoneId phoneId: 0
D/StatusBar.MSimNetworkController( 3026): onDataActivity received on phoneId :0direction=0
D/StatusBar.MSimNetworkController( 3026): updateDataIcon phoneId =0
D/StatusBar.MSimNetworkController( 3026): updateDataIcon dataSub =0
D/StatusBar.MSimNetworkController( 3026): updateDataIcon  when SimState =ABSENT
D/StatusBar.MSimNetworkController( 3026): updateDataIcon when mMSimDataConnected[0] =false mMSimMobileActivityIconId[0] = 0
D/StatusBar.MSimNetworkController( 3026): refreshViews phoneId =0mMSimDataConnected =false
D/StatusBar.MSimNetworkController( 3026): refreshViews mMSimDataActivity =0
I/PPDaemon(  361): int ScreenRefresher::Refresh(uint32_t, uint32_t)(): Skipping refresh request! refCount 1, state 5
I/PPDaemon(  361): int ScreenRefresher::Refresh(uint32_t, uint32_t)(): Skipping refresh request! refCount 2, state 5
D/StatusBar.MSimNetworkController( 3026): refreshViews: Data not connected!! Set no data type icon / Roaming for phoneId: 0
D/StatusBar.MSimNetworkController( 3026): refreshViews connected={ wifi } level=0 mMSimcombinedSignalIconId=0x7f020350/com.android.systemui:drawable/stat_sys_wifi_signal_3_fully mMSimcombinedActivityIconId=0x7f020347 mAirplaneMode=false mMSimDataActivity=0 mMSimPhoneSignalIconId=0x7f020339/com.android.systemui:drawable/stat_sys_signal_null mMSimDataDirectionIconId=0x0 mMSimDataSignalIconId=0x7f020339 mMSimDataTypeIconId=0x0/(null) mNoMSimIconId=0x7f02009a/com.android.systemui:drawable/ic_qs_no_sim mMSimMobileActivityIconId=0x0/(null) mWifiIconId=0x7f020350 mBluetoothTetherIconId=0x10806a2
D/StatusBar.MSimNetworkController( 3026): getPhoneId phoneId: 1
D/StatusBar.MSimNetworkController( 3026): onDataActivity received on phoneId :1direction=0
D/StatusBar.MSimNetworkController( 3026): updateDataIcon phoneId =1
D/StatusBar.MSimNetworkController( 3026): updateDataIcon dataSub =0
D/StatusBar.MSimNetworkController( 3026): updateDataIconi: phoneId1 is not DDS.  Clear the mMSimDataConnected Flag and return
D/StatusBar.MSimNetworkController( 3026): refreshViews phoneId =1mMSimDataConnected =false
D/StatusBar.MSimNetworkController( 3026): refreshViews mMSimDataActivity =0
D/StatusBar.MSimNetworkController( 3026): refreshViews: Data not connected!! Set no data type icon / Roaming for phoneId: 1
D/StatusBar.MSimNetworkController( 3026): refreshViews connected={ wifi } level=0 mMSimcombinedSignalIconId=0x7f020350/com.android.systemui:drawable/stat_sys_wifi_signal_3_fully mMSimcombinedActivityIconId=0x7f020347 mAirplaneMode=false mMSimDataActivity=0 mMSimPhoneSignalIconId=0x7f020339/com.android.systemui:drawable/stat_sys_signal_null mMSimDataDirectionIconId=0x0 mMSimDataSignalIconId=0x7f020339 mMSimDataTypeIconId=0x0/(null) mNoMSimIconId=0x7f02009a/com.android.systemui:drawable/ic_qs_no_sim mMSimMobileActivityIconId=0x0/(null) mWifiIconId=0x7f020350 mBluetoothTetherIconId=0x10806a2
D/StatusBar.MSimNetworkController( 3026): getPhoneId phoneId: 1
D/StatusBar.MSimNetworkController( 3026): onDataActivity received on phoneId :1direction=0
D/StatusBar.MSimNetworkController( 3026): updateDataIcon phoneId =1
D/StatusBar.MSimNetworkController( 3026): updateDataIcon dataSub =0
D/StatusBar.MSimNetworkController( 3026): updateDataIconi: phoneId1 is not DDS.  Clear the mMSimDataConnected Flag and return
D/StatusBar.MSimNetworkController( 3026): refreshViews phoneId =1mMSimDataConnected =false
D/StatusBar.MSimNetworkController( 3026): refreshViews mMSimDataActivity =0
D/StatusBar.MSimNetworkController( 3026): refreshViews: Data not connected!! Set no data type icon / Roaming for phoneId: 1
D/StatusBar.MSimNetworkController( 3026): refreshViews connected={ wifi } level=0 mMSimcombinedSignalIconId=0x7f020350/com.android.systemui:drawable/stat_sys_wifi_signal_3_fully mMSimcombinedActivityIconId=0x7f020347 mAirplaneMode=false mMSimDataActivity=0 mMSimPhoneSignalIconId=0x7f020339/com.android.systemui:drawable/stat_sys_signal_null mMSimDataDirectionIconId=0x0 mMSimDataSignalIconId=0x7f020339 mMSimDataTypeIconId=0x0/(null) mNoMSimIconId=0x7f02009a/com.android.systemui:drawable/ic_qs_no_sim mMSimMobileActivityIconId=0x0/(null) mWifiIconId=0x7f020350 mBluetoothTetherIconId=0x10806a2
D/StatusBar.MSimNetworkController( 3026): getPhoneId phoneId: 1
D/StatusBar.MSimNetworkController( 3026): onDataActivity received on phoneId :1direction=0
D/StatusBar.MSimNetworkController( 3026): updateDataIcon phoneId =1
D/StatusBar.MSimNetworkController( 3026): updateDataIcon dataSub =0
D/StatusBar.MSimNetworkController( 3026): updateDataIconi: phoneId1 is not DDS.  Clear the mMSimDataConnected Flag and return
D/StatusBar.MSimNetworkController( 3026): refreshViews phoneId =1mMSimDataConnected =false
D/StatusBar.MSimNetworkController( 3026): refreshViews mMSimDataActivity =0
D/StatusBar.MSimNetworkController( 3026): refreshViews: Data not connected!! Set no data type icon / Roaming for phoneId: 1
D/StatusBar.MSimNetworkController( 3026): refreshViews connected={ wifi } level=0 mMSimcombinedSignalIconId=0x7f020350/com.android.systemui:drawable/stat_sys_wifi_signal_3_fully mMSimcombinedActivityIconId=0x7f020347 mAirplaneMode=false mMSimDataActivity=0 mMSimPhoneSignalIconId=0x7f020339/com.android.systemui:drawable/stat_sys_signal_null mMSimDataDirectionIconId=0x0 mMSimDataSignalIconId=0x7f020339 mMSimDataTypeIconId=0x0/(null) mNoMSimIconId=0x7f02009a/com.android.systemui:drawable/ic_qs_no_sim mMSimMobileActivityIconId=0x0/(null) mWifiIconId=0x7f020350 mBluetoothTetherIconId=0x10806a2
D/StatusBar.MSimNetworkController( 3026): getPhoneId phoneId: 0
D/StatusBar.MSimNetworkController( 3026): onDataActivity received on phoneId :0direction=0
D/StatusBar.MSimNetworkController( 3026): updateDataIcon phoneId =0
D/StatusBar.MSimNetworkController( 3026): updateDataIcon dataSub =0
D/StatusBar.MSimNetworkController( 3026): updateDataIcon  when SimState =ABSENT
D/StatusBar.MSimNetworkController( 3026): updateDataIcon when mMSimDataConnected[0] =false mMSimMobileActivityIconId[0] = 0
D/StatusBar.MSimNetworkController( 3026): refreshViews phoneId =0mMSimDataConnected =false
D/StatusBar.MSimNetworkController( 3026): refreshViews mMSimDataActivity =0
D/StatusBar.MSimNetworkController( 3026): refreshViews: Data not connected!! Set no data type icon / Roaming for phoneId: 0
D/StatusBar.MSimNetworkController( 3026): refreshViews connected={ wifi } level=0 mMSimcombinedSignalIconId=0x7f020350/com.android.systemui:drawable/stat_sys_wifi_signal_3_fully mMSimcombinedActivityIconId=0x7f020347 mAirplaneMode=false mMSimDataActivity=0 mMSimPhoneSignalIconId=0x7f020339/com.android.systemui:drawable/stat_sys_signal_null mMSimDataDirectionIconId=0x0 mMSimDataSignalIconId=0x7f020339 mMSimDataTypeIconId=0x0/(null) mNoMSimIconId=0x7f02009a/com.android.systemui:drawable/ic_qs_no_sim mMSimMobileActivityIconId=0x0/(null) mWifiIconId=0x7f020350 mBluetoothTetherIconId=0x10806a2
D/StatusBar.MSimNetworkController( 3026): getPhoneId phoneId: 0
D/StatusBar.MSimNetworkController( 3026): onDataActivity received on phoneId :0direction=0
D/StatusBar.MSimNetworkController( 3026): updateDataIcon phoneId =0
D/StatusBar.MSimNetworkController( 3026): updateDataIcon dataSub =0
D/StatusBar.MSimNetworkController( 3026): updateDataIcon  when SimState =ABSENT
D/StatusBar.MSimNetworkController( 3026): updateDataIcon when mMSimDataConnected[0] =false mMSimMobileActivityIconId[0] = 0
D/StatusBar.MSimNetworkController( 3026): refreshViews phoneId =0mMSimDataConnected =false
D/StatusBar.MSimNetworkController( 3026): refreshViews mMSimDataActivity =0
D/StatusBar.MSimNetworkController( 3026): refreshViews: Data not connected!! Set no data type icon / Roaming for phoneId: 0
D/StatusBar.MSimNetworkController( 3026): refreshViews connected={ wifi } level=0 mMSimcombinedSignalIconId=0x7f020350/com.android.systemui:drawable/stat_sys_wifi_signal_3_fully mMSimcombinedActivityIconId=0x7f020347 mAirplaneMode=false mMSimDataActivity=0 mMSimPhoneSignalIconId=0x7f020339/com.android.systemui:drawable/stat_sys_signal_null mMSimDataDirectionIconId=0x0 mMSimDataSignalIconId=0x7f020339 mMSimDataTypeIconId=0x0/(null) mNoMSimIconId=0x7f02009a/com.android.systemui:drawable/ic_qs_no_sim mMSimMobileActivityIconId=0x0/(null) mWifiIconId=0x7f020350 mBluetoothTetherIconId=0x10806a2
D/Ulp_jni (  751): JNI:system_update. Event-0
E/LocSvc_libulp(  751): I/===> int ulp_msg_process_system_update(UlpSystemEvent) line 1455 
E/LocSvc_libulp(  751): W/Loc HAL handshake did not happen yet...
D/StatusBar.MSimNetworkController( 3026): getPhoneId phoneId: 1
D/StatusBar.MSimNetworkController( 3026): onDataActivity received on phoneId :1direction=0
D/StatusBar.MSimNetworkController( 3026): updateDataIcon phoneId =1
D/StatusBar.MSimNetworkController( 3026): updateDataIcon dataSub =0
D/StatusBar.MSimNetworkController( 3026): updateDataIconi: phoneId1 is not DDS.  Clear the mMSimDataConnected Flag and return
D/StatusBar.MSimNetworkController( 3026): refreshViews phoneId =1mMSimDataConnected =false
D/StatusBar.MSimNetworkController( 3026): refreshViews mMSimDataActivity =0
D/StatusBar.MSimNetworkController( 3026): refreshViews: Data not connected!! Set no data type icon / Roaming for phoneId: 1
D/StatusBar.MSimNetworkController( 3026): refreshViews connected={ wifi } level=0 mMSimcombinedSignalIconId=0x7f020350/com.android.systemui:drawable/stat_sys_wifi_signal_3_fully mMSimcombinedActivityIconId=0x7f020347 mAirplaneMode=false mMSimDataActivity=0 mMSimPhoneSignalIconId=0x7f020339/com.android.systemui:drawable/stat_sys_signal_null mMSimDataDirectionIconId=0x0 mMSimDataSignalIconId=0x7f020339 mMSimDataTypeIconId=0x0/(null) mNoMSimIconId=0x7f02009a/com.android.systemui:drawable/ic_qs_no_sim mMSimMobileActivityIconId=0x0/(null) mWifiIconId=0x7f020350 mBluetoothTetherIconId=0x10806a2
D/StatusBar.MSimNetworkController( 3026): getPhoneId phoneId: 0
D/StatusBar.MSimNetworkController( 3026): onDataActivity received on phoneId :0direction=0
D/StatusBar.MSimNetworkController( 3026): updateDataIcon phoneId =0
D/StatusBar.MSimNetworkController( 3026): updateDataIcon dataSub =0
D/StatusBar.MSimNetworkController( 3026): updateDataIcon  when SimState =ABSENT
D/StatusBar.MSimNetworkController( 3026): updateDataIcon when mMSimDataConnected[0] =false mMSimMobileActivityIconId[0] = 0
D/StatusBar.MSimNetworkController( 3026): refreshViews phoneId =0mMSimDataConnected =false
D/StatusBar.MSimNetworkController( 3026): refreshViews mMSimDataActivity =0
D/StatusBar.MSimNetworkController( 3026): refreshViews: Data not connected!! Set no data type icon / Roaming for phoneId: 0
D/StatusBar.MSimNetworkController( 3026): refreshViews connected={ wifi } level=0 mMSimcombinedSignalIconId=0x7f020350/com.android.systemui:drawable/stat_sys_wifi_signal_3_fully mMSimcombinedActivityIconId=0x7f020347 mAirplaneMode=false mMSimDataActivity=0 mMSimPhoneSignalIconId=0x7f020339/com.android.systemui:drawable/stat_sys_signal_null mMSimDataDirectionIconId=0x0 mMSimDataSignalIconId=0x7f020339 mMSimDataTypeIconId=0x0/(null) mNoMSimIconId=0x7f02009a/com.android.systemui:drawable/ic_qs_no_sim mMSimMobileActivityIconId=0x0/(null) mWifiIconId=0x7f020350 mBluetoothTetherIconId=0x10806a2
D/StatusBar.MSimNetworkController( 3026): getPhoneId phoneId: 0
D/StatusBar.MSimNetworkController( 3026): onDataActivity received on phoneId :0direction=0
D/StatusBar.MSimNetworkController( 3026): updateDataIcon phoneId =0
D/StatusBar.MSimNetworkController( 3026): updateDataIcon dataSub =0
D/StatusBar.MSimNetworkController( 3026): updateDataIcon  when SimState =ABSENT
D/StatusBar.MSimNetworkController( 3026): updateDataIcon when mMSimDataConnected[0] =false mMSimMobileActivityIconId[0] = 0
D/StatusBar.MSimNetworkController( 3026): refreshViews phoneId =0mMSimDataConnected =false
D/StatusBar.MSimNetworkController( 3026): refreshViews mMSimDataActivity =0
D/StatusBar.MSimNetworkController( 3026): refreshViews: Data not connected!! Set no data type icon / Roaming for phoneId: 0
D/StatusBar.MSimNetworkController( 3026): refreshViews connected={ wifi } level=0 mMSimcombinedSignalIconId=0x7f020350/com.android.systemui:drawable/stat_sys_wifi_signal_3_fully mMSimcombinedActivityIconId=0x7f020347 mAirplaneMode=false mMSimDataActivity=0 mMSimPhoneSignalIconId=0x7f020339/com.android.systemui:drawable/stat_sys_signal_null mMSimDataDirectionIconId=0x0 mMSimDataSignalIconId=0x7f020339 mMSimDataTypeIconId=0x0/(null) mNoMSimIconId=0x7f02009a/com.android.systemui:drawable/ic_qs_no_sim mMSimMobileActivityIconId=0x0/(null) mWifiIconId=0x7f020350 mBluetoothTetherIconId=0x10806a2
D/StatusBar.MSimNetworkController( 3026): getPhoneId phoneId: 1
D/StatusBar.MSimNetworkController( 3026): onDataActivity received on phoneId :1direction=0
D/StatusBar.MSimNetworkController( 3026): updateDataIcon phoneId =1
D/StatusBar.MSimNetworkController( 3026): updateDataIcon dataSub =0
D/StatusBar.MSimNetworkController( 3026): updateDataIconi: phoneId1 is not DDS.  Clear the mMSimDataConnected Flag and return
D/StatusBar.MSimNetworkController( 3026): refreshViews phoneId =1mMSimDataConnected =false
D/StatusBar.MSimNetworkController( 3026): refreshViews mMSimDataActivity =0
D/StatusBar.MSimNetworkController( 3026): refreshViews: Data not connected!! Set no data type icon / Roaming for phoneId: 1
D/StatusBar.MSimNetworkController( 3026): refreshViews connected={ wifi } level=0 mMSimcombinedSignalIconId=0x7f020350/com.android.systemui:drawable/stat_sys_wifi_signal_3_fully mMSimcombinedActivityIconId=0x7f020347 mAirplaneMode=false mMSimDataActivity=0 mMSimPhoneSignalIconId=0x7f020339/com.android.systemui:drawable/stat_sys_signal_null mMSimDataDirectionIconId=0x0 mMSimDataSignalIconId=0x7f020339 mMSimDataTypeIconId=0x0/(null) mNoMSimIconId=0x7f02009a/com.android.systemui:drawable/ic_qs_no_sim mMSimMobileActivityIconId=0x0/(null) mWifiIconId=0x7f020350 mBluetoothTetherIconId=0x10806a2
D/StatusBar.MSimNetworkController( 3026): getPhoneId phoneId: 0
D/StatusBar.MSimNetworkController( 3026): onDataActivity received on phoneId :0direction=0
D/StatusBar.MSimNetworkController( 3026): updateDataIcon phoneId =0
D/StatusBar.MSimNetworkController( 3026): updateDataIcon dataSub =0
D/StatusBar.MSimNetworkController( 3026): updateDataIcon  when SimState =ABSENT
D/StatusBar.MSimNetworkController( 3026): updateDataIcon when mMSimDataConnected[0] =false mMSimMobileActivityIconId[0] = 0
D/StatusBar.MSimNetworkController( 3026): refreshViews phoneId =0mMSimDataConnected =false
D/StatusBar.MSimNetworkController( 3026): refreshViews mMSimDataActivity =0
D/StatusBar.MSimNetworkController( 3026): refreshViews: Data not connected!! Set no data type icon / Roaming for phoneId: 0
D/StatusBar.MSimNetworkController( 3026): refreshViews connected={ wifi } level=0 mMSimcombinedSignalIconId=0x7f020350/com.android.systemui:drawable/stat_sys_wifi_signal_3_fully mMSimcombinedActivityIconId=0x7f020347 mAirplaneMode=false mMSimDataActivity=0 mMSimPhoneSignalIconId=0x7f020339/com.android.systemui:drawable/stat_sys_signal_null mMSimDataDirectionIconId=0x0 mMSimDataSignalIconId=0x7f020339 mMSimDataTypeIconId=0x0/(null) mNoMSimIconId=0x7f02009a/com.android.systemui:drawable/ic_qs_no_sim mMSimMobileActivityIconId=0x0/(null) mWifiIconId=0x7f020350 mBluetoothTetherIconId=0x10806a2
D/StatusBar.MSimNetworkController( 3026): getPhoneId phoneId: 1
D/StatusBar.MSimNetworkController( 3026): onDataActivity received on phoneId :1direction=0
D/StatusBar.MSimNetworkController( 3026): updateDataIcon phoneId =1
D/StatusBar.MSimNetworkController( 3026): updateDataIcon dataSub =0
D/StatusBar.MSimNetworkController( 3026): updateDataIconi: phoneId1 is not DDS.  Clear the mMSimDataConnected Flag and return
D/StatusBar.MSimNetworkController( 3026): refreshViews phoneId =1mMSimDataConnected =false
D/StatusBar.MSimNetworkController( 3026): refreshViews mMSimDataActivity =0
D/StatusBar.MSimNetworkController( 3026): refreshViews: Data not connected!! Set no data type icon / Roaming for phoneId: 1
D/StatusBar.MSimNetworkController( 3026): refreshViews connected={ wifi } level=0 mMSimcombinedSignalIconId=0x7f020350/com.android.systemui:drawable/stat_sys_wifi_signal_3_fully mMSimcombinedActivityIconId=0x7f020347 mAirplaneMode=false mMSimDataActivity=0 mMSimPhoneSignalIconId=0x7f020339/com.android.systemui:drawable/stat_sys_signal_null mMSimDataDirectionIconId=0x0 mMSimDataSignalIconId=0x7f020339 mMSimDataTypeIconId=0x0/(null) mNoMSimIconId=0x7f02009a/com.android.systemui:drawable/ic_qs_no_sim mMSimMobileActivityIconId=0x0/(null) mWifiIconId=0x7f020350 mBluetoothTetherIconId=0x10806a2
D/StatusBar.MSimNetworkController( 3026): getPhoneId phoneId: 0
D/StatusBar.MSimNetworkController( 3026): onDataActivity received on phoneId :0direction=0
D/StatusBar.MSimNetworkController( 3026): updateDataIcon phoneId =0
D/StatusBar.MSimNetworkController( 3026): updateDataIcon dataSub =0
D/StatusBar.MSimNetworkController( 3026): updateDataIcon  when SimState =ABSENT
D/StatusBar.MSimNetworkController( 3026): updateDataIcon when mMSimDataConnected[0] =false mMSimMobileActivityIconId[0] = 0
D/StatusBar.MSimNetworkController( 3026): refreshViews phoneId =0mMSimDataConnected =false
D/StatusBar.MSimNetworkController( 3026): refreshViews mMSimDataActivity =0
D/StatusBar.MSimNetworkController( 3026): refreshViews: Data not connected!! Set no data type icon / Roaming for phoneId: 0
D/StatusBar.MSimNetworkController( 3026): refreshViews connected={ wifi } level=0 mMSimcombinedSignalIconId=0x7f020350/com.android.systemui:drawable/stat_sys_wifi_signal_3_fully mMSimcombinedActivityIconId=0x7f020347 mAirplaneMode=false mMSimDataActivity=0 mMSimPhoneSignalIconId=0x7f020339/com.android.systemui:drawable/stat_sys_signal_null mMSimDataDirectionIconId=0x0 mMSimDataSignalIconId=0x7f020339 mMSimDataTypeIconId=0x0/(null) mNoMSimIconId=0x7f02009a/com.android.systemui:drawable/ic_qs_no_sim mMSimMobileActivityIconId=0x0/(null) mWifiIconId=0x7f020350 mBluetoothTetherIconId=0x10806a2
D/StatusBar.MSimNetworkController( 3026): getPhoneId phoneId: 1
D/StatusBar.MSimNetworkController( 3026): onDataActivity received on phoneId :1direction=0
D/StatusBar.MSimNetworkController( 3026): updateDataIcon phoneId =1
D/StatusBar.MSimNetworkController( 3026): updateDataIcon dataSub =0
D/StatusBar.MSimNetworkController( 3026): updateDataIconi: phoneId1 is not DDS.  Clear the mMSimDataConnected Flag and return
D/StatusBar.MSimNetworkController( 3026): refreshViews phoneId =1mMSimDataConnected =false
D/StatusBar.MSimNetworkController( 3026): refreshViews mMSimDataActivity =0
D/StatusBar.MSimNetworkController( 3026): refreshViews: Data not connected!! Set no data type icon / Roaming for phoneId: 1
D/StatusBar.MSimNetworkController( 3026): refreshViews connected={ wifi } level=0 mMSimcombinedSignalIconId=0x7f020350/com.android.systemui:drawable/stat_sys_wifi_signal_3_fully mMSimcombinedActivityIconId=0x7f020347 mAirplaneMode=false mMSimDataActivity=0 mMSimPhoneSignalIconId=0x7f020339/com.android.systemui:drawable/stat_sys_signal_null mMSimDataDirectionIconId=0x0 mMSimDataSignalIconId=0x7f020339 mMSimDataTypeIconId=0x0/(null) mNoMSimIconId=0x7f02009a/com.android.systemui:drawable/ic_qs_no_sim mMSimMobileActivityIconId=0x0/(null) mWifiIconId=0x7f020350 mBluetoothTetherIconId=0x10806a2
D/telpo_native(  751): usb_printer_write data start!
D/telpo_native(  751): usb_printer_write start!
E/telpo_native(  751): ret = 25
D/telpo_native(  751): handle_emv_serial_read_write_cmd: usb write length = 25
E/telpo_native(  751): serial_read:start read
E/telpo_native(  751): serial_read:serial_read read_size = 0
D/telpo_native(  751): handle_emv_serial_read_write_cmd: usb_printer_read length = 20
I/telpo_native(  751): 0b
I/telpo_native(  751): b0
I/telpo_native(  751): 96
I/telpo_native(  751): 69
I/telpo_native(  751): 04
I/telpo_native(  751): 00
I/telpo_native(  751): 00
I/telpo_native(  751): 00
I/telpo_native(  751): e8
I/telpo_native(  751): 00
I/telpo_native(  751): 04
I/telpo_native(  751): 01
