I/telpo_native(  751): 00
I/telpo_native(  751): 04
I/telpo_native(  751): 01
I/telpo_native(  751): 00
I/telpo_native(  751): 00
I/telpo_native(  751): 00
I/telpo_native(  751): 00
I/telpo_native(  751): 00
I/telpo_native(  751): 00
I/telpo_native(  751): 00
I/telpo_native(  751): 00
I/telpo_native(  751): 
D/telpo_native( 6458): CallIntMethod return ret = 0 length = 20
E/WifiStateMachine(  751): WifiStateMachine CMD_START_SCAN source -2 txSuccessRate=893.86 rxSuccessRate=621.70 targetRoamBSSID=any RSSI=-51
D/BatteryMeterView( 3026): onDraw level = 72
D/telpo_native(  751): usb_printer_write data start!
D/telpo_native(  751): usb_printer_write start!
E/telpo_native(  751): ret = 25
D/telpo_native(  751): handle_emv_serial_read_write_cmd: usb write length = 25
E/telpo_native(  751): serial_read:start read
E/telpo_native(  751): serial_read:serial_read read_size = 0
D/telpo_native(  751): handle_emv_serial_read_write_cmd: usb_printer_read length = 20
I/telpo_native(  751): 0b
I/telpo_native(  751): b0
I/telpo_native(  751): 96
I/telpo_native(  751): 69
I/telpo_native(  751): 04
I/telpo_native(  751): 00
I/telpo_native(  751): 00
I/telpo_native(  751): 00
I/telpo_native(  751): 2a
I/telpo_native(  751): 00
I/telpo_native(  751): 04
I/telpo_native(  751): 01
I/telpo_native(  751): 00
I/telpo_native(  751): 00
I/telpo_native(  751): 00
I/telpo_native(  751): 00
I/telpo_native(  751): 00
I/telpo_native(  751): 00
I/telpo_native(  751): 00
I/telpo_native(  751): 00
I/telpo_native(  751): 
D/telpo_native(  751): handle_emv_serial_read_write_cmd: parse successfully!
I/telpo_native(  751): handle_emv_serial_read_write_cmd: receive data length is 20
I/telpo_native(  751): 0b
I/telpo_native(  751): b0
I/telpo_native(  751): 96
I/telpo_native(  751): 69
I/telpo_native(  751): 04
I/telpo_native(  751): 00
I/telpo_native(  751): 00
I/telpo_native(  751): 00
I/telpo_native(  751): 2a
I/telpo_native(  751): 00
I/telpo_native(  751): 04
I/telpo_native(  751): 01
I/telpo_native(  751): 00
I/telpo_native(  751): 00
I/telpo_native(  751): 00
I/telpo_native(  751): 00
I/telpo_native(  751): 00
I/telpo_native(  751): 00
I/telpo_native(  751): 00
I/telpo_native(  751): 00
I/telpo_native(  751): 
D/telpo_native( 6458): CallIntMethod return ret = 0 length = 20
D/OkHttp  ( 6458): <-- 200  https://kimono.interswitchng.com/kmw/kimonoservice (1245ms)
D/OkHttp  ( 6458): X-Application-Context: application:7075
D/OkHttp  ( 6458): Content-Type: application/xml;charset=UTF-8
D/OkHttp  ( 6458): Content-Length: 613
D/OkHttp  ( 6458): Date: Thu, 11 Jun 2020 08:16:11 GMT
D/OkHttp  ( 6458): strict-transport-security: max-age=631138519
D/OkHttp  ( 6458): Vary: Accept-Encoding
D/OkHttp  ( 6458): <?xml version="1.0" encoding="UTF-8" standalone="yes"?><purchaseResponse xmlns:ns2="http://tempuri.org/ns.xsd" xmlns:ns4="http://interswitchng.com" xmlns:ns3="http://ws.waei.uba.com/"><description>Transaction Approved</description><field39>00</field39><authId>000032</authId><hostEmvData><AmountAuthorized>0</AmountAuthorized><AmountOther>0</AmountOther><atc>06CB</atc><iad>2310A8F357B50F660012</iad><rc>00</rc></hostEmvData><referenceNumber>002704337646</referenceNumber><stan>32</stan><transactionChannelName>ASPFEP</transactionChannelName><wasReceive>true</wasReceive><wasSend>true</wasSend></purchaseResponse>
D/OkHttp  ( 6458): <-- END HTTP (613-byte body)
E/EMV_LIB ( 6458): <<< emv tlv tag Set [0x2] >>> [2]
E/EMV_LIB ( 6458): 30 30 
D/wpa_supplicant( 7163): wlan0: Control interface command 'SIGNAL_POLL'
D/BatteryMeterView( 3026): onDraw level = 82
D/telpo_native(  751): usb_printer_write data start!
D/telpo_native(  751): usb_printer_write start!
E/telpo_native(  751): ret = 25
D/telpo_native(  751): handle_emv_serial_read_write_cmd: usb write length = 25
E/telpo_native(  751): serial_read:start read
E/telpo_native(  751): serial_read:serial_read read_size = 0
D/telpo_native(  751): handle_emv_serial_read_write_cmd: usb_printer_read length = 20
I/telpo_native(  751): 0b
I/telpo_native(  751): b0
I/telpo_native(  751): 96
I/telpo_native(  751): 69
I/telpo_native(  751): 04
I/telpo_native(  751): 00
I/telpo_native(  751): 00
I/telpo_native(  751): 00
I/telpo_native(  751): 2b
I/telpo_native(  751): 00
I/telpo_native(  751): 04
I/telpo_native(  751): 01
I/telpo_native(  751): 00
I/telpo_native(  751): 00
I/telpo_native(  751): 00
I/telpo_native(  751): 00
I/telpo_native(  751): 00
I/telpo_native(  751): 00
I/telpo_native(  751): 00
I/telpo_native(  751): 00
I/telpo_native(  751): 
D/telpo_native(  751): handle_emv_serial_read_write_cmd: parse successfully!
I/telpo_native(  751): handle_emv_serial_read_write_cmd: receive data length is 20
I/telpo_native(  751): 0b
I/telpo_native(  751): b0
I/telpo_native(  751): 96
I/telpo_native(  751): 69
I/telpo_native(  751): 04
I/telpo_native(  751): 00
I/telpo_native(  751): 00
I/telpo_native(  751): 00
I/telpo_native(  751): 2b
I/telpo_native(  751): 00
I/telpo_native(  751): 04
I/telpo_native(  751): 01
I/telpo_native(  751): 00
I/telpo_native(  751): 00
I/telpo_native(  751): 00
I/telpo_native(  751): 00
I/telpo_native(  751): 00
I/telpo_native(  751): 00
I/telpo_native(  751): 00
I/telpo_native(  751): 00
I/telpo_native(  751): 
D/telpo_native( 6458): CallIntMethod return ret = 0 length = 20
I/SurfaceFlinger(  260): FPS: 5
D/BatteryMeterView( 3026): onDraw level = 92
D/telpo_native(  751): usb_printer_write data start!
D/telpo_native(  751): usb_printer_write start!
E/telpo_native(  751): ret = 25
D/telpo_native(  751): handle_emv_serial_read_write_cmd: usb write length = 25
E/telpo_native(  751): serial_read:start read
E/telpo_native(  751): serial_read:serial_read read_size = 0
D/telpo_native(  751): handle_emv_serial_read_write_cmd: usb_printer_read length = 20
I/telpo_native(  751): 0b
I/telpo_native(  751): b0
I/telpo_native(  751): 96
I/telpo_native(  751): 69
I/telpo_native(  751): 04
I/telpo_native(  751): 00
I/telpo_native(  751): 00
I/telpo_native(  751): 00
I/telpo_native(  751): 2c
I/telpo_native(  751): 00
I/telpo_native(  751): 04
I/telpo_native(  751): 01
I/telpo_native(  751): 00
I/telpo_native(  751): 00
I/telpo_native(  751): 00
I/telpo_native(  751): 00
I/telpo_native(  751): 00
I/telpo_native(  751): 00
I/telpo_native(  751): 00
I/telpo_native(  751): 00
I/telpo_native(  751): 
D/telpo_native(  751): handle_emv_serial_read_write_cmd: parse successfully!
I/telpo_native(  751): handle_emv_serial_read_write_cmd: receive data length is 20
I/telpo_native(  751): 0b
I/telpo_native(  751): b0
I/telpo_native(  751): 96
I/telpo_native(  751): 69
I/telpo_native(  751): 04
I/telpo_native(  751): 00
I/telpo_native(  751): 00
I/telpo_native(  751): 00
I/telpo_native(  751): 2c
I/telpo_native(  751): 00
I/telpo_native(  751): 04
I/telpo_native(  751): 01
I/telpo_native(  751): 00
I/telpo_native(  751): 00
I/telpo_native(  751): 00
I/telpo_native(  751): 00
I/telpo_native(  751): 00
I/telpo_native(  751): 00
I/telpo_native(  751): 00
I/telpo_native(  751): 00
I/telpo_native(  751): 
D/telpo_native( 6458): CallIntMethod return ret = 0 length = 20
I/Choreographer( 6458): Skipped 62 frames!  The application may be doing too much work on its main thread.
I/System.out( 6458): Called responseCode ----> 00
E/Reciept Fragment( 6458): 00
E/Display Utils( 6458): 1
E/Reciept fragment( 6458):  0.01
I/ViewRootImpl( 6458): CPU Rendering VSync enable = true
I/WindowManager(  751): mDock rect: (0,0 - 720,1280)
V/WindowManager(  751): Status bar: dock=[0,50][720,1280] content=[0,50][720,1280] cur=[0,50][720,1280]
V/WindowManager(  751): layoutWindowLw(): normal window
V/WindowManager(  751): Compute frame : sim=#20 attach=null type=2015 flags=0x01000018 pf=[0,50][720,1280] df=[0,50][720,1280] of=[0,50][720,1280] cf=[0,50][720,1280] vf=[0,50][720,1280] dcf=[0,0][720,1280] sf=[0,50][720,1280]
V/WindowManager(  751): layoutWindowLw(Toast): normal window
V/WindowManager(  751): Compute frame Toast: sim=#20 attach=null type=2005 flags=0x01000098 pf=[0,50][720,1280] df=[0,50][720,1280] of=[0,50][720,1280] cf=[0,50][720,1280] vf=[0,50][720,1280] dcf=[0,0][720,1280] sf=[0,50][720,1280]
V/WindowManager(  751): layoutWindowLw(Toast): normal window
V/WindowManager(  751): Compute frame Toast: sim=#20 attach=null type=2005 flags=0x01000098 pf=[0,50][720,1280] df=[0,50][720,1280] of=[0,50][720,1280] cf=[0,50][720,1280] vf=[0,50][720,1280] dcf=[0,0][720,1280] sf=[0,50][720,1280]
V/WindowManager(  751): layoutWindowLw(com.interswitchng.interswitchpossdkdemo.telpo.v2.debug/com.interswitchng.smartpos.modules.main.MainActivity): IN_SCREEN, INSET_DECOR
V/WindowManager(  751): Compute frame com.interswitchng.interswitchpossdkdemo.telpo.v2.debug/com.interswitchng.smartpos.modules.main.MainActivity: sim=#20 attach=null type=1 flags=0x81810100 pf=[0,0][720,1280] df=[0,0][720,1280] of=[0,0][720,1280] cf=[0,50][720,1280] vf=[0,50][720,1280] dcf=[0,0][720,1280] sf=[0,50][720,1280]
I/WindowManager(  751): Win Window{2b5d0932 u0 android}: isVisibleOrBehindKeyguardLw=true
I/WindowManager(  751): Win Window{23583ca7 u0 StatusBar}: isVisibleOrBehindKeyguardLw=true
I/WindowManager(  751): Win Window{201a7144 u0 Toast}: isVisibleOrBehindKeyguardLw=true
I/WindowManager(  751): Win Window{1f382fd6 u0 Toast}: isVisibleOrBehindKeyguardLw=true
I/WindowManager(  751): Win Window{2b5c623f u0 com.interswitchng.interswitchpossdkdemo.telpo.v2.debug/com.interswitchng.smartpos.modules.main.MainActivity}: isVisibleOrBehindKeyguardLw=true
V/WindowManager(  751): Fullscreen window: Window{2b5c623f u0 com.interswitchng.interswitchpossdkdemo.telpo.v2.debug/com.interswitchng.smartpos.modules.main.MainActivity}
I/WindowManager(  751): Win Window{276e6867 u0 com.android.phasebeam.PhaseBeamWallpaper}: isVisibleOrBehindKeyguardLw=false
I/WindowManager(  751): force=false forcefkg=false top=Window{2b5c623f u0 com.interswitchng.interswitchpossdkdemo.telpo.v2.debug/com.interswitchng.smartpos.modules.main.MainActivity}
D/WindowManager(  751): frame: Rect(0, 0 - 720, 1280) shown frame: RectF(0.0, 0.0, 720.0, 1280.0)
D/WindowManager(  751): attr: WM.LayoutParams{(0,0)(fillxfill) sim=#20 ty=1 fl=#81810100 wanim=0x1030467 vsysui=0x600 surfaceInsets=Rect(0, 0 - 0, 0) needsMenuKey=2} lp.flags=0x81810100
V/WindowManager(  751): ** SHOWING status bar: top is not fullscreen
V/WindowManager(  751): finishPostLayoutPolicyLw: mHideKeyguard=false
I/WindowManager(  751): mDock rect: (0,0 - 720,1280)
V/WindowManager(  751): Status bar: dock=[0,50][720,1280] content=[0,50][720,1280] cur=[0,50][720,1280]
V/WindowManager(  751): layoutWindowLw(): normal window
V/WindowManager(  751): Compute frame : sim=#20 attach=null type=2015 flags=0x01000018 pf=[0,50][720,1280] df=[0,50][720,1280] of=[0,50][720,1280] cf=[0,50][720,1280] vf=[0,50][720,1280] dcf=[0,0][720,1280] sf=[0,50][720,1280]
V/WindowManager(  751): layoutWindowLw(Toast): normal window
V/WindowManager(  751): Compute frame Toast: sim=#20 attach=null type=2005 flags=0x01000098 pf=[0,50][720,1280] df=[0,50][720,1280] of=[0,50][720,1280] cf=[0,50][720,1280] vf=[0,50][720,1280] dcf=[0,0][720,1280] sf=[0,50][720,1280]
V/WindowManager(  751): layoutWindowLw(Toast): normal window
V/WindowManager(  751): Compute frame Toast: sim=#20 attach=null type=2005 flags=0x01000098 pf=[0,50][720,1280] df=[0,50][720,1280] of=[0,50][720,1280] cf=[0,50][720,1280] vf=[0,50][720,1280] dcf=[0,0][720,1280] sf=[0,50][720,1280]
V/WindowManager(  751): layoutWindowLw(com.interswitchng.interswitchpossdkdemo.telpo.v2.debug/com.interswitchng.smartpos.modules.main.MainActivity): IN_SCREEN, INSET_DECOR
V/WindowManager(  751): Compute frame com.interswitchng.interswitchpossdkdemo.telpo.v2.debug/com.interswitchng.smartpos.modules.main.MainActivity: sim=#20 attach=null type=1 flags=0x81810100 pf=[0,0][720,1280] df=[0,0][720,1280] of=[0,0][720,1280] cf=[0,50][720,1280] vf=[0,50][720,1280] dcf=[0,0][720,1280] sf=[0,50][720,1280]
I/WindowManager(  751): Win Window{2b5d0932 u0 android}: isVisibleOrBehindKeyguardLw=true
I/WindowManager(  751): Win Window{23583ca7 u0 StatusBar}: isVisibleOrBehindKeyguardLw=true
I/WindowManager(  751): Win Window{201a7144 u0 Toast}: isVisibleOrBehindKeyguardLw=true
I/WindowManager(  751): Win Window{1f382fd6 u0 Toast}: isVisibleOrBehindKeyguardLw=true
I/WindowManager(  751): Win Window{2b5c623f u0 com.interswitchng.interswitchpossdkdemo.telpo.v2.debug/com.interswitchng.smartpos.modules.main.MainActivity}: isVisibleOrBehindKeyguardLw=true
V/WindowManager(  751): Fullscreen window: Window{2b5c623f u0 com.interswitchng.interswitchpossdkdemo.telpo.v2.debug/com.interswitchng.smartpos.modules.main.MainActivity}
I/WindowManager(  751): Win Window{276e6867 u0 com.android.phasebeam.PhaseBeamWallpaper}: isVisibleOrBehindKeyguardLw=false
I/WindowManager(  751): force=false forcefkg=false top=Window{2b5c623f u0 com.interswitchng.interswitchpossdkdemo.telpo.v2.debug/com.interswitchng.smartpos.modules.main.MainActivity}
D/WindowManager(  751): frame: Rect(0, 0 - 720, 1280) shown frame: RectF(0.0, 0.0, 720.0, 1280.0)
D/WindowManager(  751): attr: WM.LayoutParams{(0,0)(fillxfill) sim=#20 ty=1 fl=#81810100 wanim=0x1030467 vsysui=0x600 surfaceInsets=Rect(0, 0 - 0, 0) needsMenuKey=2} lp.flags=0x81810100
V/WindowManager(  751): ** SHOWING status bar: top is not fullscreen
V/WindowManager(  751): finishPostLayoutPolicyLw: mHideKeyguard=false
I/WindowManager(  751): Win Window{2b5d0932 u0 android}: isVisibleOrBehindKeyguardLw=true
I/WindowManager(  751): Win Window{23583ca7 u0 StatusBar}: isVisibleOrBehindKeyguardLw=true
I/WindowManager(  751): Win Window{201a7144 u0 Toast}: isVisibleOrBehindKeyguardLw=true
I/WindowManager(  751): Win Window{1f382fd6 u0 Toast}: isVisibleOrBehindKeyguardLw=true
I/WindowManager(  751): Win Window{2b5c623f u0 com.interswitchng.interswitchpossdkdemo.telpo.v2.debug/com.interswitchng.smartpos.modules.main.MainActivity}: isVisibleOrBehindKeyguardLw=true
V/WindowManager(  751): Fullscreen window: Window{2b5c623f u0 com.interswitchng.interswitchpossdkdemo.telpo.v2.debug/com.interswitchng.smartpos.modules.main.MainActivity}
I/WindowManager(  751): Win Window{276e6867 u0 com.android.phasebeam.PhaseBeamWallpaper}: isVisibleOrBehindKeyguardLw=false
I/WindowManager(  751): force=false forcefkg=false top=Window{2b5c623f u0 com.interswitchng.interswitchpossdkdemo.telpo.v2.debug/com.interswitchng.smartpos.modules.main.MainActivity}
D/WindowManager(  751): frame: Rect(0, 0 - 720, 1280) shown frame: RectF(0.0, 0.0, 720.0, 1280.0)
D/WindowManager(  751): attr: WM.LayoutParams{(0,0)(fillxfill) sim=#20 ty=1 fl=#81810100 wanim=0x1030467 vsysui=0x600 surfaceInsets=Rect(0, 0 - 0, 0) needsMenuKey=2} lp.flags=0x81810100
V/WindowManager(  751): ** SHOWING status bar: top is not fullscreen
V/WindowManager(  751): finishPostLayoutPolicyLw: mHideKeyguard=false
I/WindowManager(  751): mDock rect: (0,0 - 720,1280)
V/WindowManager(  751): Status bar: dock=[0,50][720,1280] content=[0,50][720,1280] cur=[0,50][720,1280]
V/WindowManager(  751): layoutWindowLw(): normal window
V/WindowManager(  751): Compute frame : sim=#20 attach=null type=2015 flags=0x01000018 pf=[0,50][720,1280] df=[0,50][720,1280] of=[0,50][720,1280] cf=[0,50][720,1280] vf=[0,50][720,1280] dcf=[0,0][720,1280] sf=[0,50][720,1280]
V/WindowManager(  751): layoutWindowLw(Toast): normal window
V/WindowManager(  751): Compute frame Toast: sim=#20 attach=null type=2005 flags=0x01000098 pf=[0,50][720,1280] df=[0,50][720,1280] of=[0,50][720,1280] cf=[0,50][720,1280] vf=[0,50][720,1280] dcf=[0,0][720,1280] sf=[0,50][720,1280]
V/WindowManager(  751): layoutWindowLw(Toast): normal window
V/WindowManager(  751): Compute frame Toast: sim=#20 attach=null type=2005 flags=0x01000098 pf=[0,50][720,1280] df=[0,50][720,1280] of=[0,50][720,1280] cf=[0,50][720,1280] vf=[0,50][720,1280] dcf=[0,0][720,1280] sf=[0,50][720,1280]
V/WindowManager(  751): layoutWindowLw(com.interswitchng.interswitchpossdkdemo.telpo.v2.debug/com.interswitchng.smartpos.modules.main.MainActivity): IN_SCREEN, INSET_DECOR
V/WindowManager(  751): Compute frame com.interswitchng.interswitchpossdkdemo.telpo.v2.debug/com.interswitchng.smartpos.modules.main.MainActivity: sim=#20 attach=null type=1 flags=0x81810100 pf=[0,0][720,1280] df=[0,0][720,1280] of=[0,0][720,1280] cf=[0,50][720,1280] vf=[0,50][720,1280] dcf=[0,0][720,1280] sf=[0,50][720,1280]
I/WindowManager(  751): Win Window{2b5d0932 u0 android}: isVisibleOrBehindKeyguardLw=true
I/WindowManager(  751): Win Window{23583ca7 u0 StatusBar}: isVisibleOrBehindKeyguardLw=true
I/WindowManager(  751): Win Window{201a7144 u0 Toast}: isVisibleOrBehindKeyguardLw=true
I/WindowManager(  751): Win Window{1f382fd6 u0 Toast EXITING}: isVisibleOrBehindKeyguardLw=false
I/WindowManager(  751): Win Window{2b5c623f u0 com.interswitchng.interswitchpossdkdemo.telpo.v2.debug/com.interswitchng.smartpos.modules.main.MainActivity}: isVisibleOrBehindKeyguardLw=true
V/WindowManager(  751): Fullscreen window: Window{2b5c623f u0 com.interswitchng.interswitchpossdkdemo.telpo.v2.debug/com.interswitchng.smartpos.modules.main.MainActivity}
I/WindowManager(  751): Win Window{276e6867 u0 com.android.phasebeam.PhaseBeamWallpaper}: isVisibleOrBehindKeyguardLw=false
I/WindowManager(  751): force=false forcefkg=false top=Window{2b5c623f u0 com.interswitchng.interswitchpossdkdemo.telpo.v2.debug/com.interswitchng.smartpos.modules.main.MainActivity}
D/WindowManager(  751): frame: Rect(0, 0 - 720, 1280) shown frame: RectF(0.0, 0.0, 720.0, 1280.0)
D/WindowManager(  751): attr: WM.LayoutParams{(0,0)(fillxfill) sim=#20 ty=1 fl=#81810100 wanim=0x1030467 vsysui=0x600 surfaceInsets=Rect(0, 0 - 0, 0) needsMenuKey=2} lp.flags=0x81810100
V/WindowManager(  751): ** SHOWING status bar: top is not fullscreen
V/WindowManager(  751): finishPostLayoutPolicyLw: mHideKeyguard=false
I/WindowManager(  751): mDock rect: (0,0 - 720,1280)
V/WindowManager(  751): Status bar: dock=[0,50][720,1280] content=[0,50][720,1280] cur=[0,50][720,1280]
V/WindowManager(  751): layoutWindowLw(): normal window
V/WindowManager(  751): Compute frame : sim=#20 attach=null type=2015 flags=0x01000018 pf=[0,50][720,1280] df=[0,50][720,1280] of=[0,50][720,1280] cf=[0,50][720,1280] vf=[0,50][720,1280] dcf=[0,0][720,1280] sf=[0,50][720,1280]
V/WindowManager(  751): layoutWindowLw(Toast): normal window
V/WindowManager(  751): Compute frame Toast: sim=#20 attach=null type=2005 flags=0x01000098 pf=[0,50][720,1280] df=[0,50][720,1280] of=[0,50][720,1280] cf=[0,50][720,1280] vf=[0,50][720,1280] dcf=[0,0][720,1280] sf=[0,50][720,1280]
V/WindowManager(  751): layoutWindowLw(Toast): normal window
V/WindowManager(  751): Compute frame Toast: sim=#20 attach=null type=2005 flags=0x01000098 pf=[0,50][720,1280] df=[0,50][720,1280] of=[0,50][720,1280] cf=[0,50][720,1280] vf=[0,50][720,1280] dcf=[0,0][720,1280] sf=[0,50][720,1280]
V/WindowManager(  751): layoutWindowLw(com.interswitchng.interswitchpossdkdemo.telpo.v2.debug/com.interswitchng.smartpos.modules.main.MainActivity): IN_SCREEN, INSET_DECOR
V/WindowManager(  751): Compute frame com.interswitchng.interswitchpossdkdemo.telpo.v2.debug/com.interswitchng.smartpos.modules.main.MainActivity: sim=#20 attach=null type=1 flags=0x81810100 pf=[0,0][720,1280] df=[0,0][720,1280] of=[0,0][720,1280] cf=[0,50][720,1280] vf=[0,50][720,1280] dcf=[0,0][720,1280] sf=[0,50][720,1280]
I/WindowManager(  751): Win Window{2b5d0932 u0 android}: isVisibleOrBehindKeyguardLw=true
I/WindowManager(  751): Win Window{23583ca7 u0 StatusBar}: isVisibleOrBehindKeyguardLw=true
I/WindowManager(  751): Win Window{201a7144 u0 Toast}: isVisibleOrBehindKeyguardLw=true
I/WindowManager(  751): Win Window{1f382fd6 u0 Toast EXITING}: isVisibleOrBehindKeyguardLw=false
I/WindowManager(  751): Win Window{2b5c623f u0 com.interswitchng.interswitchpossdkdemo.telpo.v2.debug/com.interswitchng.smartpos.modules.main.MainActivity}: isVisibleOrBehindKeyguardLw=true
V/WindowManager(  751): Fullscreen window: Window{2b5c623f u0 com.interswitchng.interswitchpossdkdemo.telpo.v2.debug/com.interswitchng.smartpos.modules.main.MainActivity}
I/WindowManager(  751): Win Window{276e6867 u0 com.android.phasebeam.PhaseBeamWallpaper}: isVisibleOrBehindKeyguardLw=false
I/WindowManager(  751): force=false forcefkg=false top=Window{2b5c623f u0 com.interswitchng.interswitchpossdkdemo.telpo.v2.debug/com.interswitchng.smartpos.modules.main.MainActivity}
D/WindowManager(  751): frame: Rect(0, 0 - 720, 1280) shown frame: RectF(0.0, 0.0, 720.0, 1280.0)
D/WindowManager(  751): attr: WM.LayoutParams{(0,0)(fillxfill) sim=#20 ty=1 fl=#81810100 wanim=0x1030467 vsysui=0x600 surfaceInsets=Rect(0, 0 - 0, 0) needsMenuKey=2} lp.flags=0x81810100
V/WindowManager(  751): ** SHOWING status bar: top is not fullscreen
V/WindowManager(  751): finishPostLayoutPolicyLw: mHideKeyguard=false
I/WindowManager(  751): Win Window{2b5d0932 u0 android}: isVisibleOrBehindKeyguardLw=true
I/WindowManager(  751): Win Window{23583ca7 u0 StatusBar}: isVisibleOrBehindKeyguardLw=true
I/WindowManager(  751): Win Window{201a7144 u0 Toast}: isVisibleOrBehindKeyguardLw=true
I/WindowManager(  751): Win Window{1f382fd6 u0 Toast EXITING}: isVisibleOrBehindKeyguardLw=false
I/WindowManager(  751): Win Window{2b5c623f u0 com.interswitchng.interswitchpossdkdemo.telpo.v2.debug/com.interswitchng.smartpos.modules.main.MainActivity}: isVisibleOrBehindKeyguardLw=true
V/WindowManager(  751): Fullscreen window: Window{2b5c623f u0 com.interswitchng.interswitchpossdkdemo.telpo.v2.debug/com.interswitchng.smartpos.modules.main.MainActivity}
I/WindowManager(  751): Win Window{276e6867 u0 com.android.phasebeam.PhaseBeamWallpaper}: isVisibleOrBehindKeyguardLw=false
I/WindowManager(  751): force=false forcefkg=false top=Window{2b5c623f u0 com.interswitchng.interswitchpossdkdemo.telpo.v2.debug/com.interswitchng.smartpos.modules.main.MainActivity}
D/WindowManager(  751): frame: Rect(0, 0 - 720, 1280) shown frame: RectF(0.0, 0.0, 720.0, 1280.0)
D/WindowManager(  751): attr: WM.LayoutParams{(0,0)(fillxfill) sim=#20 ty=1 fl=#81810100 wanim=0x1030467 vsysui=0x600 surfaceInsets=Rect(0, 0 - 0, 0) needsMenuKey=2} lp.flags=0x81810100
V/WindowManager(  751): ** SHOWING status bar: top is not fullscreen
V/WindowManager(  751): finishPostLayoutPolicyLw: mHideKeyguard=false
D/BatteryMeterView( 3026): onDraw level = 100
I/SurfaceFlinger(  260): FPS: 17
D/telpo_native(  751): usb_printer_write data start!
D/telpo_native(  751): usb_printer_write start!
E/telpo_native(  751): ret = 25
D/telpo_native(  751): handle_emv_serial_read_write_cmd: usb write length = 25
E/telpo_native(  751): serial_read:start read
E/telpo_native(  751): serial_read:serial_read read_size = 0
D/telpo_native(  751): handle_emv_serial_read_write_cmd: usb_printer_read length = 20
I/telpo_native(  751): 0b
I/telpo_native(  751): b0
I/telpo_native(  751): 96
I/telpo_native(  751): 69
I/telpo_native(  751): 04
I/telpo_native(  751): 00
I/telpo_native(  751): 00
I/telpo_native(  751): 00
I/telpo_native(  751): 2d
I/telpo_native(  751): 00
I/telpo_native(  751): 04
I/telpo_native(  751): 01
I/telpo_native(  751): 00
I/telpo_native(  751): 00
I/telpo_native(  751): 00
I/telpo_native(  751): 00
I/telpo_native(  751): 00
I/telpo_native(  751): 00
I/telpo_native(  751): 00
I/telpo_native(  751): 00
I/telpo_native(  751): 
D/telpo_native(  751): handle_emv_serial_read_write_cmd: parse successfully!
I/telpo_native(  751): handle_emv_serial_read_write_cmd: receive data length is 20
I/telpo_native(  751): 0b
I/telpo_native(  751): b0
I/telpo_native(  751): 96
I/telpo_native(  751): 69
I/telpo_native(  751): 04
I/telpo_native(  751): 00
I/telpo_native(  751): 00
I/telpo_native(  751): 00
I/telpo_native(  751): 2d
I/telpo_native(  751): 00
I/telpo_native(  751): 04
I/telpo_native(  751): 01
I/telpo_native(  751): 00
I/telpo_native(  751): 00
I/telpo_native(  751): 00
I/telpo_native(  751): 00
I/telpo_native(  751): 00
I/telpo_native(  751): 00
I/telpo_native(  751): 00
I/telpo_native(  751): 00
I/telpo_native(  751): 
D/telpo_native( 6458): CallIntMethod return ret = 0 length = 20
I/WindowManager(  751): Win Window{2b5d0932 u0 android}: isVisibleOrBehindKeyguardLw=true
I/WindowManager(  751): Win Window{23583ca7 u0 StatusBar}: isVisibleOrBehindKeyguardLw=true
I/WindowManager(  751): Win Window{201a7144 u0 Toast}: isVisibleOrBehindKeyguardLw=true
I/WindowManager(  751): Win Window{1f382fd6 u0 Toast}: isVisibleOrBehindKeyguardLw=false
I/WindowManager(  751): Win Window{2b5c623f u0 com.interswitchng.interswitchpossdkdemo.telpo.v2.debug/com.interswitchng.smartpos.modules.main.MainActivity}: isVisibleOrBehindKeyguardLw=true
V/WindowManager(  751): Fullscreen window: Window{2b5c623f u0 com.interswitchng.interswitchpossdkdemo.telpo.v2.debug/com.interswitchng.smartpos.modules.main.MainActivity}
I/WindowManager(  751): Win Window{276e6867 u0 com.android.phasebeam.PhaseBeamWallpaper}: isVisibleOrBehindKeyguardLw=false
I/WindowManager(  751): force=false forcefkg=false top=Window{2b5c623f u0 com.interswitchng.interswitchpossdkdemo.telpo.v2.debug/com.interswitchng.smartpos.modules.main.MainActivity}
D/WindowManager(  751): frame: Rect(0, 0 - 720, 1280) shown frame: RectF(0.0, 0.0, 720.0, 1280.0)
D/WindowManager(  751): attr: WM.LayoutParams{(0,0)(fillxfill) sim=#20 ty=1 fl=#81810100 wanim=0x1030467 vsysui=0x600 surfaceInsets=Rect(0, 0 - 0, 0) needsMenuKey=2} lp.flags=0x81810100
V/WindowManager(  751): ** SHOWING status bar: top is not fullscreen
V/WindowManager(  751): finishPostLayoutPolicyLw: mHideKeyguard=false
I/WindowManager(  751): mDock rect: (0,0 - 720,1280)
V/WindowManager(  751): Status bar: dock=[0,50][720,1280] content=[0,50][720,1280] cur=[0,50][720,1280]
V/WindowManager(  751): layoutWindowLw(): normal window
V/WindowManager(  751): Compute frame : sim=#20 attach=null type=2015 flags=0x01000018 pf=[0,50][720,1280] df=[0,50][720,1280] of=[0,50][720,1280] cf=[0,50][720,1280] vf=[0,50][720,1280] dcf=[0,0][720,1280] sf=[0,50][720,1280]
V/WindowManager(  751): layoutWindowLw(Toast): normal window
V/WindowManager(  751): Compute frame Toast: sim=#20 attach=null type=2005 flags=0x01000098 pf=[0,50][720,1280] df=[0,50][720,1280] of=[0,50][720,1280] cf=[0,50][720,1280] vf=[0,50][720,1280] dcf=[0,0][720,1280] sf=[0,50][720,1280]
V/WindowManager(  751): layoutWindowLw(com.interswitchng.interswitchpossdkdemo.telpo.v2.debug/com.interswitchng.smartpos.modules.main.MainActivity): IN_SCREEN, INSET_DECOR
V/WindowManager(  751): Compute frame com.interswitchng.interswitchpossdkdemo.telpo.v2.debug/com.interswitchng.smartpos.modules.main.MainActivity: sim=#20 attach=null type=1 flags=0x81810100 pf=[0,0][720,1280] df=[0,0][720,1280] of=[0,0][720,1280] cf=[0,50][720,1280] vf=[0,50][720,1280] dcf=[0,0][720,1280] sf=[0,50][720,1280]
I/WindowManager(  751): Win Window{2b5d0932 u0 android}: isVisibleOrBehindKeyguardLw=true
I/WindowManager(  751): Win Window{23583ca7 u0 StatusBar}: isVisibleOrBehindKeyguardLw=true
I/WindowManager(  751): Win Window{201a7144 u0 Toast}: isVisibleOrBehindKeyguardLw=true
I/WindowManager(  751): Win Window{2b5c623f u0 com.interswitchng.interswitchpossdkdemo.telpo.v2.debug/com.interswitchng.smartpos.modules.main.MainActivity}: isVisibleOrBehindKeyguardLw=true
V/WindowManager(  751): Fullscreen window: Window{2b5c623f u0 com.interswitchng.interswitchpossdkdemo.telpo.v2.debug/com.interswitchng.smartpos.modules.main.MainActivity}
I/WindowManager(  751): Win Window{276e6867 u0 com.android.phasebeam.PhaseBeamWallpaper}: isVisibleOrBehindKeyguardLw=false
I/WindowManager(  751): force=false forcefkg=false top=Window{2b5c623f u0 com.interswitchng.interswitchpossdkdemo.telpo.v2.debug/com.interswitchng.smartpos.modules.main.MainActivity}
D/WindowManager(  751): frame: Rect(0, 0 - 720, 1280) shown frame: RectF(0.0, 0.0, 720.0, 1280.0)
D/WindowManager(  751): attr: WM.LayoutParams{(0,0)(fillxfill) sim=#20 ty=1 fl=#81810100 wanim=0x1030467 vsysui=0x600 surfaceInsets=Rect(0, 0 - 0, 0) needsMenuKey=2} lp.flags=0x81810100
V/WindowManager(  751): ** SHOWING status bar: top is not fullscreen
V/WindowManager(  751): finishPostLayoutPolicyLw: mHideKeyguard=false
I/WindowManager(  751): Win Window{2b5d0932 u0 android}: isVisibleOrBehindKeyguardLw=true
I/WindowManager(  751): Win Window{23583ca7 u0 StatusBar}: isVisibleOrBehindKeyguardLw=true
I/WindowManager(  751): Win Window{201a7144 u0 Toast}: isVisibleOrBehindKeyguardLw=true
I/WindowManager(  751): Win Window{2b5c623f u0 com.interswitchng.interswitchpossdkdemo.telpo.v2.debug/com.interswitchng.smartpos.modules.main.MainActivity}: isVisibleOrBehindKeyguardLw=true
V/WindowManager(  751): Fullscreen window: Window{2b5c623f u0 com.interswitchng.interswitchpossdkdemo.telpo.v2.debug/com.interswitchng.smartpos.modules.main.MainActivity}
I/WindowManager(  751): Win Window{276e6867 u0 com.android.phasebeam.PhaseBeamWallpaper}: isVisibleOrBehindKeyguardLw=false
I/WindowManager(  751): force=false forcefkg=false top=Window{2b5c623f u0 com.interswitchng.interswitchpossdkdemo.telpo.v2.debug/com.interswitchng.smartpos.modules.main.MainActivity}
D/WindowManager(  751): frame: Rect(0, 0 - 720, 1280) shown frame: RectF(0.0, 0.0, 720.0, 1280.0)
D/WindowManager(  751): attr: WM.LayoutParams{(0,0)(fillxfill) sim=#20 ty=1 fl=#81810100 wanim=0x1030467 vsysui=0x600 surfaceInsets=Rect(0, 0 - 0, 0) needsMenuKey=2} lp.flags=0x81810100
V/WindowManager(  751): ** SHOWING status bar: top is not fullscreen
V/WindowManager(  751): finishPostLayoutPolicyLw: mHideKeyguard=false
D/BatteryMeterView( 3026): onDraw level = 2
D/telpo_native(  751): usb_printer_write data start!
D/telpo_native(  751): usb_printer_write start!
E/telpo_native(  751): ret = 25
D/telpo_native(  751): handle_emv_serial_read_write_cmd: usb write length = 25
E/telpo_native(  751): serial_read:start read
E/telpo_native(  751): serial_read:serial_read read_size = 0
D/telpo_native(  751): handle_emv_serial_read_write_cmd: usb_printer_read length = 20
I/telpo_native(  751): 0b
I/telpo_native(  751): b0
I/telpo_native(  751): 96
I/telpo_native(  751): 69
I/telpo_native(  751): 04
I/telpo_native(  751): 00
I/telpo_native(  751): 00
I/telpo_native(  751): 00
I/telpo_native(  751): 2e
I/telpo_native(  751): 00
I/telpo_native(  751): 04
I/telpo_native(  751): 01
I/telpo_native(  751): 00
I/telpo_native(  751): 00
I/telpo_native(  751): 00
I/telpo_native(  751): 00
I/telpo_native(  751): 00
I/telpo_native(  751): 00
I/telpo_native(  751): 00
I/telpo_native(  751): 00
I/telpo_native(  751): 
D/telpo_native(  751): handle_emv_serial_read_write_cmd: parse successfully!
I/telpo_native(  751): handle_emv_serial_read_write_cmd: receive data length is 20
I/telpo_native(  751): 0b
I/telpo_native(  751): b0
I/telpo_native(  751): 96
I/telpo_native(  751): 69
I/telpo_native(  751): 04
I/telpo_native(  751): 00
I/telpo_native(  751): 00
I/telpo_native(  751): 00
I/telpo_native(  751): 2e
I/telpo_native(  751): 00
I/telpo_native(  751): 04
I/telpo_native(  751): 01
I/telpo_native(  751): 00
I/telpo_native(  751): 00
I/telpo_native(  751): 00
I/telpo_native(  751): 00
I/telpo_native(  751): 00
I/telpo_native(  751): 00
I/telpo_native(  751): 00
I/telpo_native(  751): 00
I/telpo_native(  751): 
D/telpo_native( 6458): CallIntMethod return ret = 0 length = 20
D/BatteryMeterView( 3026): onDraw level = 12
I/SurfaceFlinger(  260): FPS: 29
D/telpo_native(  751): usb_printer_write data start!
D/telpo_native(  751): usb_printer_write start!
E/telpo_native(  751): ret = 25
D/telpo_native(  751): handle_emv_serial_read_write_cmd: usb write length = 25
E/telpo_native(  751): serial_read:start read
E/telpo_native(  751): serial_read:serial_read read_size = 0
D/telpo_native(  751): handle_emv_serial_read_write_cmd: usb_printer_read length = 20
I/telpo_native(  751): 0b
I/telpo_native(  751): b0
I/telpo_native(  751): 96
I/telpo_native(  751): 69
I/telpo_native(  751): 04
I/telpo_native(  751): 00
I/telpo_native(  751): 00
I/telpo_native(  751): 00
I/telpo_native(  751): 2f
I/telpo_native(  751): 00
I/telpo_native(  751): 04
I/telpo_native(  751): 01
I/telpo_native(  751): 00
I/telpo_native(  751): 00
I/telpo_native(  751): 00
I/telpo_native(  751): 00
I/telpo_native(  751): 00
I/telpo_native(  751): 00
I/telpo_native(  751): 00
I/telpo_native(  751): 00
I/telpo_native(  751): 
D/telpo_native(  751): handle_emv_serial_read_write_cmd: parse successfully!
I/telpo_native(  751): handle_emv_serial_read_write_cmd: receive data length is 20
I/telpo_native(  751): 0b
I/telpo_native(  751): b0
I/telpo_native(  751): 96
I/telpo_native(  751): 69
I/telpo_native(  751): 04
I/telpo_native(  751): 00
I/telpo_native(  751): 00
I/telpo_native(  751): 00
I/telpo_native(  751): 2f
I/telpo_native(  751): 00
I/telpo_native(  751): 04
I/telpo_native(  751): 01
I/telpo_native(  751): 00
I/telpo_native(  751): 00
I/telpo_native(  751): 00
I/telpo_native(  751): 00
I/telpo_native(  751): 00
I/telpo_native(  751): 00
I/telpo_native(  751): 00
I/telpo_native(  751): 00
I/telpo_native(  751): 
D/telpo_native( 6458): CallIntMethod return ret = 0 length = 20
D/BatteryMeterView( 3026): onDraw level = 22
D/telpo_native(  751): usb_printer_write data start!
D/telpo_native(  751): usb_printer_write start!
E/telpo_native(  751): ret = 25
D/telpo_native(  751): handle_emv_serial_read_write_cmd: usb write length = 25
E/telpo_native(  751): serial_read:start read
E/telpo_native(  751): serial_read:serial_read read_size = 0
D/telpo_native(  751): handle_emv_serial_read_write_cmd: usb_printer_read length = 20
I/telpo_native(  751): 0b
I/telpo_native(  751): b0
I/telpo_native(  751): 96
I/telpo_native(  751): 69
I/telpo_native(  751): 04
I/telpo_native(  751): 00
I/telpo_native(  751): 00
I/telpo_native(  751): 00
I/telpo_native(  751): 30
I/telpo_native(  751): 00
I/telpo_native(  751): 04
I/telpo_native(  751): 01
I/telpo_native(  751): 00
I/telpo_native(  751): 00
I/telpo_native(  751): 00
I/telpo_native(  751): 00
I/telpo_native(  751): 00
I/telpo_native(  751): 00
I/telpo_native(  751): 00
I/telpo_native(  751): 00
I/telpo_native(  751): 
D/telpo_native(  751): handle_emv_serial_read_write_cmd: parse successfully!
I/telpo_native(  751): handle_emv_serial_read_write_cmd: receive data length is 20
I/telpo_native(  751): 0b
I/telpo_native(  751): b0
I/telpo_native(  751): 96
I/telpo_native(  751): 69
I/telpo_native(  751): 04
I/telpo_native(  751): 00
I/telpo_native(  751): 00
I/telpo_native(  751): 00
I/telpo_native(  751): 30
I/telpo_native(  751): 00
I/telpo_native(  751): 04
I/telpo_native(  751): 01
I/telpo_native(  751): 00
I/telpo_native(  751): 00
I/telpo_native(  751): 00
I/telpo_native(  751): 00
I/telpo_native(  751): 00
I/telpo_native(  751): 00
I/telpo_native(  751): 00
I/telpo_native(  751): 00
I/telpo_native(  751): 
D/telpo_native( 6458): CallIntMethod return ret = 0 length = 20
D/wpa_supplicant( 7163): wlan0: Control interface command 'SIGNAL_POLL'
V/WLAN_PSA(  312): NL MSG, len[4051], NL type[0x1C] WNI type[0x5900] len[47887]
V/WLAN_PSA(  312): NL MSG, PID: 312
D/BatteryMeterView( 3026): onDraw level = 32
I/SurfaceFlinger(  260): FPS: 4
D/telpo_native(  751): usb_printer_write data start!
D/telpo_native(  751): usb_printer_write start!
E/telpo_native(  751): ret = 25
D/telpo_native(  751): handle_emv_serial_read_write_cmd: usb write length = 25
E/telpo_native(  751): serial_read:start read
E/telpo_native(  751): serial_read:serial_read read_size = 0
D/telpo_native(  751): handle_emv_serial_read_write_cmd: usb_printer_read length = 20
I/telpo_native(  751): 0b
I/telpo_native(  751): b0
I/telpo_native(  751): 96
I/telpo_native(  751): 69
I/telpo_native(  751): 04
I/telpo_native(  751): 00
I/telpo_native(  751): 00
I/telpo_native(  751): 00
I/telpo_native(  751): 31
I/telpo_native(  751): 00
I/telpo_native(  751): 04
I/telpo_native(  751): 01
I/telpo_native(  751): 00
I/telpo_native(  751): 00
I/telpo_native(  751): 00
I/telpo_native(  751): 00
I/telpo_native(  751): 00
I/telpo_native(  751): 00
I/telpo_native(  751): 00
I/telpo_native(  751): 00
I/telpo_native(  751): 
D/telpo_native(  751): handle_emv_serial_read_write_cmd: parse successfully!
I/telpo_native(  751): handle_emv_serial_read_write_cmd: receive data length is 20
I/telpo_native(  751): 0b
I/telpo_native(  751): b0
I/telpo_native(  751): 96
I/telpo_native(  751): 69
I/telpo_native(  751): 04
I/telpo_native(  751): 00
I/telpo_native(  751): 00
I/telpo_native(  751): 00
I/telpo_native(  751): 31
I/telpo_native(  751): 00
I/telpo_native(  751): 04
I/telpo_native(  751): 01
I/telpo_native(  751): 00
I/telpo_native(  751): 00
I/telpo_native(  751): 00
I/telpo_native(  751): 00
I/telpo_native(  751): 00
I/telpo_native(  751): 00
I/telpo_native(  751): 00
I/telpo_native(  751): 00
I/telpo_native(  751): 
D/telpo_native( 6458): CallIntMethod return ret = 0 length = 20
D/BatteryMeterView( 3026): onDraw level = 42
D/telpo_native(  751): usb_printer_write data start!
D/telpo_native(  751): usb_printer_write start!
E/telpo_native(  751): ret = 25
D/telpo_native(  751): handle_emv_serial_read_write_cmd: usb write length = 25
E/telpo_native(  751): serial_read:start read
E/telpo_native(  751): serial_read:serial_read read_size = 0
D/telpo_native(  751): handle_emv_serial_read_write_cmd: usb_printer_read length = 20
I/telpo_native(  751): 0b
I/telpo_native(  751): b0
I/telpo_native(  751): 96
I/telpo_native(  751): 69
I/telpo_native(  751): 04
I/telpo_native(  751): 00
I/telpo_native(  751): 00
I/telpo_native(  751): 00
I/telpo_native(  751): 32
I/telpo_native(  751): 00
I/telpo_native(  751): 04
I/telpo_native(  751): 01
I/telpo_native(  751): 00
I/telpo_native(  751): 00
I/telpo_native(  751): 00
I/telpo_native(  751): 00
I/telpo_native(  751): 00
I/telpo_native(  751): 00
I/telpo_native(  751): 00
I/telpo_native(  751): 00
I/telpo_native(  751): 
D/telpo_native(  751): handle_emv_serial_read_write_cmd: parse successfully!
I/telpo_native(  751): handle_emv_serial_read_write_cmd: receive data length is 20
I/telpo_native(  751): 0b
I/telpo_native(  751): b0
I/telpo_native(  751): 96
I/telpo_native(  751): 69
I/telpo_native(  751): 04
I/telpo_native(  751): 00
I/telpo_native(  751): 00
I/telpo_native(  751): 00
I/telpo_native(  751): 32
I/telpo_native(  751): 00
I/telpo_native(  751): 04
I/telpo_native(  751): 01
I/telpo_native(  751): 00
I/telpo_native(  751): 00
I/telpo_native(  751): 00
I/telpo_native(  751): 00
I/telpo_native(  751): 00
I/telpo_native(  751): 00
I/telpo_native(  751): 00
I/telpo_native(  751): 00
I/telpo_native(  751): 
D/telpo_native( 6458): CallIntMethod return ret = 0 length = 20
I/WindowManager(  751): mDock rect: (0,0 - 720,1280)
D/BatteryMeterView( 3026): onDraw level = 52
V/WindowManager(  751): Status bar: dock=[0,50][720,1280] content=[0,50][720,1280] cur=[0,50][720,1280]
V/WindowManager(  751): layoutWindowLw(): normal window
V/WindowManager(  751): Compute frame : sim=#20 attach=null type=2015 flags=0x01000018 pf=[0,50][720,1280] df=[0,50][720,1280] of=[0,50][720,1280] cf=[0,50][720,1280] vf=[0,50][720,1280] dcf=[0,0][720,1280] sf=[0,50][720,1280]
V/WindowManager(  751): layoutWindowLw(Toast): normal window
V/WindowManager(  751): Compute frame Toast: sim=#20 attach=null type=2005 flags=0x01000098 pf=[0,50][720,1280] df=[0,50][720,1280] of=[0,50][720,1280] cf=[0,50][720,1280] vf=[0,50][720,1280] dcf=[0,0][720,1280] sf=[0,50][720,1280]
V/WindowManager(  751): layoutWindowLw(com.interswitchng.interswitchpossdkdemo.telpo.v2.debug/com.interswitchng.smartpos.modules.main.MainActivity): IN_SCREEN, INSET_DECOR
V/WindowManager(  751): Compute frame com.interswitchng.interswitchpossdkdemo.telpo.v2.debug/com.interswitchng.smartpos.modules.main.MainActivity: sim=#20 attach=null type=1 flags=0x81810100 pf=[0,0][720,1280] df=[0,0][720,1280] of=[0,0][720,1280] cf=[0,50][720,1280] vf=[0,50][720,1280] dcf=[0,0][720,1280] sf=[0,50][720,1280]
I/WindowManager(  751): Win Window{2b5d0932 u0 android}: isVisibleOrBehindKeyguardLw=true
I/WindowManager(  751): Win Window{23583ca7 u0 StatusBar}: isVisibleOrBehindKeyguardLw=true
I/WindowManager(  751): Win Window{201a7144 u0 Toast EXITING}: isVisibleOrBehindKeyguardLw=false
I/WindowManager(  751): Win Window{2b5c623f u0 com.interswitchng.interswitchpossdkdemo.telpo.v2.debug/com.interswitchng.smartpos.modules.main.MainActivity}: isVisibleOrBehindKeyguardLw=true
V/WindowManager(  751): Fullscreen window: Window{2b5c623f u0 com.interswitchng.interswitchpossdkdemo.telpo.v2.debug/com.interswitchng.smartpos.modules.main.MainActivity}
I/WindowManager(  751): Win Window{276e6867 u0 com.android.phasebeam.PhaseBeamWallpaper}: isVisibleOrBehindKeyguardLw=false
I/WindowManager(  751): force=false forcefkg=false top=Window{2b5c623f u0 com.interswitchng.interswitchpossdkdemo.telpo.v2.debug/com.interswitchng.smartpos.modules.main.MainActivity}
D/WindowManager(  751): frame: Rect(0, 0 - 720, 1280) shown frame: RectF(0.0, 0.0, 720.0, 1280.0)
D/WindowManager(  751): attr: WM.LayoutParams{(0,0)(fillxfill) sim=#20 ty=1 fl=#81810100 wanim=0x1030467 vsysui=0x600 surfaceInsets=Rect(0, 0 - 0, 0) needsMenuKey=2} lp.flags=0x81810100
V/WindowManager(  751): ** SHOWING status bar: top is not fullscreen
V/WindowManager(  751): finishPostLayoutPolicyLw: mHideKeyguard=false
I/SurfaceFlinger(  260): FPS: 4
D/telpo_native(  751): usb_printer_write data start!
D/telpo_native(  751): usb_printer_write start!
E/telpo_native(  751): ret = 25
D/telpo_native(  751): handle_emv_serial_read_write_cmd: usb write length = 25
E/telpo_native(  751): serial_read:start read
E/telpo_native(  751): serial_read:serial_read read_size = 0
D/telpo_native(  751): handle_emv_serial_read_write_cmd: usb_printer_read length = 20
I/telpo_native(  751): 0b
I/telpo_native(  751): b0
I/telpo_native(  751): 96
I/telpo_native(  751): 69
I/telpo_native(  751): 04
I/telpo_native(  751): 00
I/telpo_native(  751): 00
I/telpo_native(  751): 00
I/telpo_native(  751): 33
I/telpo_native(  751): 00
I/telpo_native(  751): 04
I/telpo_native(  751): 01
I/telpo_native(  751): 00
I/telpo_native(  751): 00
I/telpo_native(  751): 00
I/telpo_native(  751): 00
I/telpo_native(  751): 00
I/telpo_native(  751): 00
I/telpo_native(  751): 00
I/telpo_native(  751): 00
I/telpo_native(  751): 
D/telpo_native(  751): handle_emv_serial_read_write_cmd: parse successfully!
I/telpo_native(  751): handle_emv_serial_read_write_cmd: receive data length is 20
I/telpo_native(  751): 0b
I/telpo_native(  751): b0
I/telpo_native(  751): 96
I/telpo_native(  751): 69
I/telpo_native(  751): 04
I/telpo_native(  751): 00
I/telpo_native(  751): 00
I/telpo_native(  751): 00
I/telpo_native(  751): 33
I/telpo_native(  751): 00
I/telpo_native(  751): 04
I/telpo_native(  751): 01
I/telpo_native(  751): 00
I/telpo_native(  751): 00
I/telpo_native(  751): 00
I/telpo_native(  751): 00
I/telpo_native(  751): 00
I/telpo_native(  751): 00
I/telpo_native(  751): 00
I/telpo_native(  751): 00
I/telpo_native(  751): 
D/telpo_native( 6458): CallIntMethod return ret = 0 length = 20
D/BatteryMeterView( 3026): onDraw level = 62
I/WindowManager(  751): Win Window{2b5d0932 u0 android}: isVisibleOrBehindKeyguardLw=true
I/WindowManager(  751): Win Window{23583ca7 u0 StatusBar}: isVisibleOrBehindKeyguardLw=true
I/WindowManager(  751): Win Window{201a7144 u0 Toast}: isVisibleOrBehindKeyguardLw=false
I/WindowManager(  751): Win Window{2b5c623f u0 com.interswitchng.interswitchpossdkdemo.telpo.v2.debug/com.interswitchng.smartpos.modules.main.MainActivity}: isVisibleOrBehindKeyguardLw=true
V/WindowManager(  751): Fullscreen window: Window{2b5c623f u0 com.interswitchng.interswitchpossdkdemo.telpo.v2.debug/com.interswitchng.smartpos.modules.main.MainActivity}
I/WindowManager(  751): Win Window{276e6867 u0 com.android.phasebeam.PhaseBeamWallpaper}: isVisibleOrBehindKeyguardLw=false
I/WindowManager(  751): force=false forcefkg=false top=Window{2b5c623f u0 com.interswitchng.interswitchpossdkdemo.telpo.v2.debug/com.interswitchng.smartpos.modules.main.MainActivity}
D/WindowManager(  751): frame: Rect(0, 0 - 720, 1280) shown frame: RectF(0.0, 0.0, 720.0, 1280.0)
D/WindowManager(  751): attr: WM.LayoutParams{(0,0)(fillxfill) sim=#20 ty=1 fl=#81810100 wanim=0x1030467 vsysui=0x600 surfaceInsets=Rect(0, 0 - 0, 0) needsMenuKey=2} lp.flags=0x81810100
V/WindowManager(  751): ** SHOWING status bar: top is not fullscreen
V/WindowManager(  751): finishPostLayoutPolicyLw: mHideKeyguard=false
I/WindowManager(  751): mDock rect: (0,0 - 720,1280)
V/WindowManager(  751): Status bar: dock=[0,50][720,1280] content=[0,50][720,1280] cur=[0,50][720,1280]
V/WindowManager(  751): layoutWindowLw(): normal window
V/WindowManager(  751): Compute frame : sim=#20 attach=null type=2015 flags=0x01000018 pf=[0,50][720,1280] df=[0,50][720,1280] of=[0,50][720,1280] cf=[0,50][720,1280] vf=[0,50][720,1280] dcf=[0,0][720,1280] sf=[0,50][720,1280]
V/WindowManager(  751): layoutWindowLw(com.interswitchng.interswitchpossdkdemo.telpo.v2.debug/com.interswitchng.smartpos.modules.main.MainActivity): IN_SCREEN, INSET_DECOR
V/WindowManager(  751): Compute frame com.interswitchng.interswitchpossdkdemo.telpo.v2.debug/com.interswitchng.smartpos.modules.main.MainActivity: sim=#20 attach=null type=1 flags=0x81810100 pf=[0,0][720,1280] df=[0,0][720,1280] of=[0,0][720,1280] cf=[0,50][720,1280] vf=[0,50][720,1280] dcf=[0,0][720,1280] sf=[0,50][720,1280]
I/WindowManager(  751): Win Window{2b5d0932 u0 android}: isVisibleOrBehindKeyguardLw=true
I/WindowManager(  751): Win Window{23583ca7 u0 StatusBar}: isVisibleOrBehindKeyguardLw=true
I/WindowManager(  751): Win Window{2b5c623f u0 com.interswitchng.interswitchpossdkdemo.telpo.v2.debug/com.interswitchng.smartpos.modules.main.MainActivity}: isVisibleOrBehindKeyguardLw=true
V/WindowManager(  751): Fullscreen window: Window{2b5c623f u0 com.interswitchng.interswitchpossdkdemo.telpo.v2.debug/com.interswitchng.smartpos.modules.main.MainActivity}
I/WindowManager(  751): Win Window{276e6867 u0 com.android.phasebeam.PhaseBeamWallpaper}: isVisibleOrBehindKeyguardLw=false
I/WindowManager(  751): force=false forcefkg=false top=Window{2b5c623f u0 com.interswitchng.interswitchpossdkdemo.telpo.v2.debug/com.interswitchng.smartpos.modules.main.MainActivity}
D/WindowManager(  751): frame: Rect(0, 0 - 720, 1280) shown frame: RectF(0.0, 0.0, 720.0, 1280.0)
D/WindowManager(  751): attr: WM.LayoutParams{(0,0)(fillxfill) sim=#20 ty=1 fl=#81810100 wanim=0x1030467 vsysui=0x600 surfaceInsets=Rect(0, 0 - 0, 0) needsMenuKey=2} lp.flags=0x81810100
V/WindowManager(  751): ** SHOWING status bar: top is not fullscreen
V/WindowManager(  751): finishPostLayoutPolicyLw: mHideKeyguard=false
D/telpo_native(  751): usb_printer_write data start!
D/telpo_native(  751): usb_printer_write start!
E/telpo_native(  751): ret = 25
D/telpo_native(  751): handle_emv_serial_read_write_cmd: usb write length = 25
E/telpo_native(  751): serial_read:start read
E/telpo_native(  751): serial_read:serial_read read_size = 0
D/telpo_native(  751): handle_emv_serial_read_write_cmd: usb_printer_read length = 20
I/telpo_native(  751): 0b
I/telpo_native(  751): b0
I/telpo_native(  751): 96
I/telpo_native(  751): 69
I/telpo_native(  751): 04
I/telpo_native(  751): 00
I/telpo_native(  751): 00
I/telpo_native(  751): 00
I/telpo_native(  751): 34
I/telpo_native(  751): 00
I/telpo_native(  751): 04
I/telpo_native(  751): 01
I/telpo_native(  751): 00
I/telpo_native(  751): 00
I/telpo_native(  751): 00
I/telpo_native(  751): 00
I/telpo_native(  751): 00
I/telpo_native(  751): 00
I/telpo_native(  751): 00
I/telpo_native(  751): 00
I/telpo_native(  751): 
D/telpo_native(  751): handle_emv_serial_read_write_cmd: parse successfully!
I/telpo_native(  751): handle_emv_serial_read_write_cmd: receive data length is 20
I/telpo_native(  751): 0b
I/telpo_native(  751): b0
I/telpo_native(  751): 96
I/telpo_native(  751): 69
I/telpo_native(  751): 04
I/telpo_native(  751): 00
I/telpo_native(  751): 00
I/telpo_native(  751): 00
I/telpo_native(  751): 34
I/telpo_native(  751): 00
I/telpo_native(  751): 04
I/telpo_native(  751): 01
I/telpo_native(  751): 00
I/telpo_native(  751): 00
I/telpo_native(  751): 00
I/telpo_native(  751): 00
I/telpo_native(  751): 00
I/telpo_native(  751): 00
I/telpo_native(  751): 00
I/telpo_native(  751): 00
I/telpo_native(  751): 
D/telpo_native( 6458): CallIntMethod return ret = 0 length = 20
D/BatteryMeterView( 3026): onDraw level = 72
I/SurfaceFlinger(  260): FPS: 32
D/telpo_native(  751): usb_printer_write data start!
D/telpo_native(  751): usb_printer_write start!
E/telpo_native(  751): ret = 25
D/telpo_native(  751): handle_emv_serial_read_write_cmd: usb write length = 25
E/telpo_native(  751): serial_read:start read
E/telpo_native(  751): serial_read:serial_read read_size = 0
D/telpo_native(  751): handle_emv_serial_read_write_cmd: usb_printer_read length = 20
I/telpo_native(  751): 0b
I/telpo_native(  751): b0
I/telpo_native(  751): 96
I/telpo_native(  751): 69
I/telpo_native(  751): 04
I/telpo_native(  751): 00
I/telpo_native(  751): 00
I/telpo_native(  751): 00
I/telpo_native(  751): 35
I/telpo_native(  751): 00
I/telpo_native(  751): 04
I/telpo_native(  751): 01
I/telpo_native(  751): 00
I/telpo_native(  751): 00
I/telpo_native(  751): 00
I/telpo_native(  751): 00
I/telpo_native(  751): 00
I/telpo_native(  751): 00
