D/MSimSignalClusterView( 3026): wifi: VISIBLE sig=2130838352 act=2130838343
D/MSimSignalClusterView( 3026): mobile[1]: VISIBLE sig=2130838329 type=0
D/StatusBar.MSimNetworkController( 3026): refreshSignalCluster, mMSimPhoneSignalIconId[0]=com.android.systemui:drawable/stat_sys_signal_null mMSimDataSignalIconId[0]=com.android.systemui:drawable/stat_sys_signal_null mMSimDataTypeIconId[0]=(null) mMSimMobileActivityIconId[0]=(null) mNoMSimIconId[0]=com.android.systemui:drawable/ic_qs_no_sim
D/MSimSignalClusterView( 3026): wifi: VISIBLE sig=2130838352 act=2130838343
D/MSimSignalClusterView( 3026): mobile[0]: VISIBLE sig=2130838329 type=0
D/MSimSignalClusterView( 3026): wifi: VISIBLE sig=2130838352 act=2130838343
D/MSimSignalClusterView( 3026): mobile[1]: VISIBLE sig=2130838329 type=0
D/MSimSignalClusterView( 3026): wifi: VISIBLE sig=2130838352 act=2130838343
D/MSimSignalClusterView( 3026): mobile[0]: VISIBLE sig=2130838329 type=0
D/MSimSignalClusterView( 3026): wifi: VISIBLE sig=2130838352 act=2130838343
D/MSimSignalClusterView( 3026): mobile[0]: VISIBLE sig=2130838329 type=0
D/MSimSignalClusterView( 3026): wifi: VISIBLE sig=2130838352 act=2130838343
D/MSimSignalClusterView( 3026): mobile[0]: VISIBLE sig=2130838329 type=0
D/MSimSignalClusterView( 3026): wifi: VISIBLE sig=2130838352 act=2130838343
D/MSimSignalClusterView( 3026): mobile[1]: VISIBLE sig=2130838329 type=0
D/StatusBar.MSimNetworkController( 3026): refreshSignalCluster, mMSimPhoneSignalIconId[0]=com.android.systemui:drawable/stat_sys_signal_null mMSimDataSignalIconId[0]=com.android.systemui:drawable/stat_sys_signal_null mMSimDataTypeIconId[0]=(null) mMSimMobileActivityIconId[0]=(null) mNoMSimIconId[0]=com.android.systemui:drawable/ic_qs_no_sim
D/MSimSignalClusterView( 3026): wifi: VISIBLE sig=2130838352 act=2130838343
D/MSimSignalClusterView( 3026): mobile[0]: VISIBLE sig=2130838329 type=0
D/MSimSignalClusterView( 3026): wifi: VISIBLE sig=2130838352 act=2130838343
D/MSimSignalClusterView( 3026): mobile[1]: VISIBLE sig=2130838329 type=0
D/MSimSignalClusterView( 3026): wifi: VISIBLE sig=2130838352 act=2130838343
D/MSimSignalClusterView( 3026): mobile[0]: VISIBLE sig=2130838329 type=0
D/MSimSignalClusterView( 3026): wifi: VISIBLE sig=2130838352 act=2130838343
D/MSimSignalClusterView( 3026): mobile[0]: VISIBLE sig=2130838329 type=0
D/MSimSignalClusterView( 3026): wifi: VISIBLE sig=2130838352 act=2130838343
D/MSimSignalClusterView( 3026): mobile[0]: VISIBLE sig=2130838329 type=0
D/MSimSignalClusterView( 3026): wifi: VISIBLE sig=2130838352 act=2130838343
D/MSimSignalClusterView( 3026): mobile[1]: VISIBLE sig=2130838329 type=0
D/StatusBar.MSimNetworkController( 3026): refreshSignalCluster, mMSimPhoneSignalIconId[0]=com.android.systemui:drawable/stat_sys_signal_null mMSimDataSignalIconId[0]=com.android.systemui:drawable/stat_sys_signal_null mMSimDataTypeIconId[0]=(null) mMSimMobileActivityIconId[0]=(null) mNoMSimIconId[0]=com.android.systemui:drawable/ic_qs_no_sim
D/BatteryMeterView( 3026): onDraw level = 92
I/SurfaceFlinger(  260): FPS: 4
D/BatteryMeterView( 3026): onDraw level = 100
D/BatteryMeterView( 3026): onDraw level = 2
I/SurfaceFlinger(  260): FPS: 4
D/BatteryMeterView( 3026): onDraw level = 12
D/wpa_supplicant( 7163): wlan0: Control interface command 'SIGNAL_POLL'
D/BatteryMeterView( 3026): onDraw level = 22
I/SurfaceFlinger(  260): FPS: 4
D/BatteryMeterView( 3026): onDraw level = 32
D/BatteryMeterView( 3026): onDraw level = 42
I/SurfaceFlinger(  260): FPS: 4
D/BatteryMeterView( 3026): onDraw level = 52
V/WLAN_PSA(  312): NL MSG, len[4021], NL type[0x1C] WNI type[0x5900] len[40207]
V/WLAN_PSA(  312): NL MSG, PID: 312
D/BatteryMeterView( 3026): onDraw level = 62
I/SurfaceFlinger(  260): FPS: 4
D/BatteryMeterView( 3026): onDraw level = 72
D/wpa_supplicant( 7163): wlan0: Control interface command 'SIGNAL_POLL'
D/BatteryMeterView( 3026): onDraw level = 82
I/SurfaceFlinger(  260): FPS: 4
D/BatteryMeterView( 3026): onDraw level = 92
D/BatteryMeterView( 3026): onDraw level = 100
I/SurfaceFlinger(  260): FPS: 4
D/BatteryMeterView( 3026): onDraw level = 2
D/StatusBar.MSimNetworkController( 3026): refreshViews phoneId =0mMSimDataConnected =false
D/StatusBar.MSimNetworkController( 3026): refreshViews mMSimDataActivity =0
D/StatusBar.MSimNetworkController( 3026): refreshViews: Data not connected!! Set no data type icon / Roaming for phoneId: 0
D/StatusBar.MSimNetworkController( 3026): refreshViews connected={ wifi } level=0 mMSimcombinedSignalIconId=0x7f020350/com.android.systemui:drawable/stat_sys_wifi_signal_3_fully mMSimcombinedActivityIconId=0x0 mAirplaneMode=false mMSimDataActivity=0 mMSimPhoneSignalIconId=0x7f020339/com.android.systemui:drawable/stat_sys_signal_null mMSimDataDirectionIconId=0x0 mMSimDataSignalIconId=0x7f020339 mMSimDataTypeIconId=0x0/(null) mNoMSimIconId=0x7f02009a/com.android.systemui:drawable/ic_qs_no_sim mMSimMobileActivityIconId=0x0/(null) mWifiIconId=0x7f020350 mBluetoothTetherIconId=0x10806a2
D/MSimSignalClusterView( 3026): wifi: VISIBLE sig=2130838352 act=0
D/MSimSignalClusterView( 3026): mobile[0]: VISIBLE sig=2130838329 type=0
D/MSimSignalClusterView( 3026): wifi: VISIBLE sig=2130838352 act=0
D/MSimSignalClusterView( 3026): mobile[1]: VISIBLE sig=2130838329 type=0
D/MSimSignalClusterView( 3026): wifi: VISIBLE sig=2130838352 act=0
D/MSimSignalClusterView( 3026): mobile[0]: VISIBLE sig=2130838329 type=0
D/MSimSignalClusterView( 3026): wifi: VISIBLE sig=2130838352 act=0
D/MSimSignalClusterView( 3026): mobile[0]: VISIBLE sig=2130838329 type=0
D/MSimSignalClusterView( 3026): wifi: VISIBLE sig=2130838352 act=0
D/MSimSignalClusterView( 3026): mobile[0]: VISIBLE sig=2130838329 type=0
D/MSimSignalClusterView( 3026): wifi: VISIBLE sig=2130838352 act=0
D/MSimSignalClusterView( 3026): mobile[1]: VISIBLE sig=2130838329 type=0
D/StatusBar.MSimNetworkController( 3026): refreshSignalCluster, mMSimPhoneSignalIconId[0]=com.android.systemui:drawable/stat_sys_signal_null mMSimDataSignalIconId[0]=com.android.systemui:drawable/stat_sys_signal_null mMSimDataTypeIconId[0]=(null) mMSimMobileActivityIconId[0]=(null) mNoMSimIconId[0]=com.android.systemui:drawable/ic_qs_no_sim
D/MSimSignalClusterView( 3026): wifi: VISIBLE sig=2130838352 act=0
D/MSimSignalClusterView( 3026): mobile[0]: VISIBLE sig=2130838329 type=0
D/MSimSignalClusterView( 3026): wifi: VISIBLE sig=2130838352 act=0
D/MSimSignalClusterView( 3026): mobile[1]: VISIBLE sig=2130838329 type=0
D/MSimSignalClusterView( 3026): wifi: VISIBLE sig=2130838352 act=0
D/MSimSignalClusterView( 3026): mobile[0]: VISIBLE sig=2130838329 type=0
D/MSimSignalClusterView( 3026): wifi: VISIBLE sig=2130838352 act=0
D/MSimSignalClusterView( 3026): mobile[0]: VISIBLE sig=2130838329 type=0
D/MSimSignalClusterView( 3026): wifi: VISIBLE sig=2130838352 act=0
D/MSimSignalClusterView( 3026): mobile[0]: VISIBLE sig=2130838329 type=0
D/MSimSignalClusterView( 3026): wifi: VISIBLE sig=2130838352 act=0
D/MSimSignalClusterView( 3026): mobile[1]: VISIBLE sig=2130838329 type=0
D/StatusBar.MSimNetworkController( 3026): refreshSignalCluster, mMSimPhoneSignalIconId[0]=com.android.systemui:drawable/stat_sys_signal_null mMSimDataSignalIconId[0]=com.android.systemui:drawable/stat_sys_signal_null mMSimDataTypeIconId[0]=(null) mMSimMobileActivityIconId[0]=(null) mNoMSimIconId[0]=com.android.systemui:drawable/ic_qs_no_sim
D/MSimSignalClusterView( 3026): wifi: VISIBLE sig=2130838352 act=0
D/MSimSignalClusterView( 3026): mobile[0]: VISIBLE sig=2130838329 type=0
D/MSimSignalClusterView( 3026): wifi: VISIBLE sig=2130838352 act=0
D/MSimSignalClusterView( 3026): mobile[1]: VISIBLE sig=2130838329 type=0
D/MSimSignalClusterView( 3026): wifi: VISIBLE sig=2130838352 act=0
D/MSimSignalClusterView( 3026): mobile[0]: VISIBLE sig=2130838329 type=0
D/MSimSignalClusterView( 3026): wifi: VISIBLE sig=2130838352 act=0
D/MSimSignalClusterView( 3026): mobile[0]: VISIBLE sig=2130838329 type=0
D/MSimSignalClusterView( 3026): wifi: VISIBLE sig=2130838352 act=0
D/MSimSignalClusterView( 3026): mobile[0]: VISIBLE sig=2130838329 type=0
D/MSimSignalClusterView( 3026): wifi: VISIBLE sig=2130838352 act=0
D/MSimSignalClusterView( 3026): mobile[1]: VISIBLE sig=2130838329 type=0
D/StatusBar.MSimNetworkController( 3026): refreshSignalCluster, mMSimPhoneSignalIconId[0]=com.android.systemui:drawable/stat_sys_signal_null mMSimDataSignalIconId[0]=com.android.systemui:drawable/stat_sys_signal_null mMSimDataTypeIconId[0]=(null) mMSimMobileActivityIconId[0]=(null) mNoMSimIconId[0]=com.android.systemui:drawable/ic_qs_no_sim
D/MSimSignalClusterView( 3026): wifi: VISIBLE sig=2130838352 act=0
D/MSimSignalClusterView( 3026): mobile[0]: VISIBLE sig=2130838329 type=0
D/MSimSignalClusterView( 3026): wifi: VISIBLE sig=2130838352 act=0
D/MSimSignalClusterView( 3026): mobile[1]: VISIBLE sig=2130838329 type=0
D/MSimSignalClusterView( 3026): wifi: VISIBLE sig=2130838352 act=0
D/MSimSignalClusterView( 3026): mobile[0]: VISIBLE sig=2130838329 type=0
D/MSimSignalClusterView( 3026): wifi: VISIBLE sig=2130838352 act=0
D/MSimSignalClusterView( 3026): mobile[0]: VISIBLE sig=2130838329 type=0
D/MSimSignalClusterView( 3026): wifi: VISIBLE sig=2130838352 act=0
D/MSimSignalClusterView( 3026): mobile[0]: VISIBLE sig=2130838329 type=0
D/MSimSignalClusterView( 3026): wifi: VISIBLE sig=2130838352 act=0
D/MSimSignalClusterView( 3026): mobile[1]: VISIBLE sig=2130838329 type=0
D/StatusBar.MSimNetworkController( 3026): refreshSignalCluster, mMSimPhoneSignalIconId[0]=com.android.systemui:drawable/stat_sys_signal_null mMSimDataSignalIconId[0]=com.android.systemui:drawable/stat_sys_signal_null mMSimDataTypeIconId[0]=(null) mMSimMobileActivityIconId[0]=(null) mNoMSimIconId[0]=com.android.systemui:drawable/ic_qs_no_sim
D/BatteryMeterView( 3026): onDraw level = 12
I/SurfaceFlinger(  260): FPS: 6
D/BatteryMeterView( 3026): onDraw level = 22
D/StatusBar.MSimNetworkController( 3026): refreshViews phoneId =0mMSimDataConnected =false
D/StatusBar.MSimNetworkController( 3026): refreshViews mMSimDataActivity =0
D/StatusBar.MSimNetworkController( 3026): refreshViews: Data not connected!! Set no data type icon / Roaming for phoneId: 0
D/StatusBar.MSimNetworkController( 3026): refreshViews connected={ wifi } level=0 mMSimcombinedSignalIconId=0x7f020350/com.android.systemui:drawable/stat_sys_wifi_signal_3_fully mMSimcombinedActivityIconId=0x7f020347 mAirplaneMode=false mMSimDataActivity=0 mMSimPhoneSignalIconId=0x7f020339/com.android.systemui:drawable/stat_sys_signal_null mMSimDataDirectionIconId=0x0 mMSimDataSignalIconId=0x7f020339 mMSimDataTypeIconId=0x0/(null) mNoMSimIconId=0x7f02009a/com.android.systemui:drawable/ic_qs_no_sim mMSimMobileActivityIconId=0x0/(null) mWifiIconId=0x7f020350 mBluetoothTetherIconId=0x10806a2
D/MSimSignalClusterView( 3026): wifi: VISIBLE sig=2130838352 act=2130838343
D/MSimSignalClusterView( 3026): mobile[0]: VISIBLE sig=2130838329 type=0
D/MSimSignalClusterView( 3026): wifi: VISIBLE sig=2130838352 act=2130838343
D/MSimSignalClusterView( 3026): mobile[1]: VISIBLE sig=2130838329 type=0
D/MSimSignalClusterView( 3026): wifi: VISIBLE sig=2130838352 act=2130838343
D/MSimSignalClusterView( 3026): mobile[0]: VISIBLE sig=2130838329 type=0
D/MSimSignalClusterView( 3026): wifi: VISIBLE sig=2130838352 act=2130838343
D/MSimSignalClusterView( 3026): mobile[0]: VISIBLE sig=2130838329 type=0
D/MSimSignalClusterView( 3026): wifi: VISIBLE sig=2130838352 act=2130838343
D/MSimSignalClusterView( 3026): mobile[0]: VISIBLE sig=2130838329 type=0
D/MSimSignalClusterView( 3026): wifi: VISIBLE sig=2130838352 act=2130838343
D/MSimSignalClusterView( 3026): mobile[1]: VISIBLE sig=2130838329 type=0
D/StatusBar.MSimNetworkController( 3026): refreshSignalCluster, mMSimPhoneSignalIconId[0]=com.android.systemui:drawable/stat_sys_signal_null mMSimDataSignalIconId[0]=com.android.systemui:drawable/stat_sys_signal_null mMSimDataTypeIconId[0]=(null) mMSimMobileActivityIconId[0]=(null) mNoMSimIconId[0]=com.android.systemui:drawable/ic_qs_no_sim
D/MSimSignalClusterView( 3026): wifi: VISIBLE sig=2130838352 act=2130838343
D/MSimSignalClusterView( 3026): mobile[0]: VISIBLE sig=2130838329 type=0
D/MSimSignalClusterView( 3026): wifi: VISIBLE sig=2130838352 act=2130838343
D/MSimSignalClusterView( 3026): mobile[1]: VISIBLE sig=2130838329 type=0
D/MSimSignalClusterView( 3026): wifi: VISIBLE sig=2130838352 act=2130838343
D/MSimSignalClusterView( 3026): mobile[0]: VISIBLE sig=2130838329 type=0
D/MSimSignalClusterView( 3026): wifi: VISIBLE sig=2130838352 act=2130838343
D/MSimSignalClusterView( 3026): mobile[0]: VISIBLE sig=2130838329 type=0
D/MSimSignalClusterView( 3026): wifi: VISIBLE sig=2130838352 act=2130838343
D/MSimSignalClusterView( 3026): mobile[0]: VISIBLE sig=2130838329 type=0
D/MSimSignalClusterView( 3026): wifi: VISIBLE sig=2130838352 act=2130838343
D/MSimSignalClusterView( 3026): mobile[1]: VISIBLE sig=2130838329 type=0
D/StatusBar.MSimNetworkController( 3026): refreshSignalCluster, mMSimPhoneSignalIconId[0]=com.android.systemui:drawable/stat_sys_signal_null mMSimDataSignalIconId[0]=com.android.systemui:drawable/stat_sys_signal_null mMSimDataTypeIconId[0]=(null) mMSimMobileActivityIconId[0]=(null) mNoMSimIconId[0]=com.android.systemui:drawable/ic_qs_no_sim
D/MSimSignalClusterView( 3026): wifi: VISIBLE sig=2130838352 act=2130838343
D/MSimSignalClusterView( 3026): mobile[0]: VISIBLE sig=2130838329 type=0
D/MSimSignalClusterView( 3026): wifi: VISIBLE sig=2130838352 act=2130838343
D/MSimSignalClusterView( 3026): mobile[1]: VISIBLE sig=2130838329 type=0
D/MSimSignalClusterView( 3026): wifi: VISIBLE sig=2130838352 act=2130838343
D/MSimSignalClusterView( 3026): mobile[0]: VISIBLE sig=2130838329 type=0
D/MSimSignalClusterView( 3026): wifi: VISIBLE sig=2130838352 act=2130838343
D/MSimSignalClusterView( 3026): mobile[0]: VISIBLE sig=2130838329 type=0
D/MSimSignalClusterView( 3026): wifi: VISIBLE sig=2130838352 act=2130838343
D/MSimSignalClusterView( 3026): mobile[0]: VISIBLE sig=2130838329 type=0
D/MSimSignalClusterView( 3026): wifi: VISIBLE sig=2130838352 act=2130838343
D/MSimSignalClusterView( 3026): mobile[1]: VISIBLE sig=2130838329 type=0
D/StatusBar.MSimNetworkController( 3026): refreshSignalCluster, mMSimPhoneSignalIconId[0]=com.android.systemui:drawable/stat_sys_signal_null mMSimDataSignalIconId[0]=com.android.systemui:drawable/stat_sys_signal_null mMSimDataTypeIconId[0]=(null) mMSimMobileActivityIconId[0]=(null) mNoMSimIconId[0]=com.android.systemui:drawable/ic_qs_no_sim
D/MSimSignalClusterView( 3026): wifi: VISIBLE sig=2130838352 act=2130838343
D/MSimSignalClusterView( 3026): mobile[0]: VISIBLE sig=2130838329 type=0
D/MSimSignalClusterView( 3026): wifi: VISIBLE sig=2130838352 act=2130838343
D/MSimSignalClusterView( 3026): mobile[1]: VISIBLE sig=2130838329 type=0
D/MSimSignalClusterView( 3026): wifi: VISIBLE sig=2130838352 act=2130838343
D/MSimSignalClusterView( 3026): mobile[0]: VISIBLE sig=2130838329 type=0
D/MSimSignalClusterView( 3026): wifi: VISIBLE sig=2130838352 act=2130838343
D/MSimSignalClusterView( 3026): mobile[0]: VISIBLE sig=2130838329 type=0
D/MSimSignalClusterView( 3026): wifi: VISIBLE sig=2130838352 act=2130838343
D/MSimSignalClusterView( 3026): mobile[0]: VISIBLE sig=2130838329 type=0
D/MSimSignalClusterView( 3026): wifi: VISIBLE sig=2130838352 act=2130838343
D/MSimSignalClusterView( 3026): mobile[1]: VISIBLE sig=2130838329 type=0
D/StatusBar.MSimNetworkController( 3026): refreshSignalCluster, mMSimPhoneSignalIconId[0]=com.android.systemui:drawable/stat_sys_signal_null mMSimDataSignalIconId[0]=com.android.systemui:drawable/stat_sys_signal_null mMSimDataTypeIconId[0]=(null) mMSimMobileActivityIconId[0]=(null) mNoMSimIconId[0]=com.android.systemui:drawable/ic_qs_no_sim
D/wpa_supplicant( 7163): wlan0: Control interface command 'SIGNAL_POLL'
V/WLAN_PSA(  312): NL MSG, len[4019], NL type[0x1C] WNI type[0x5900] len[39695]
V/WLAN_PSA(  312): NL MSG, PID: 312
D/BatteryMeterView( 3026): onDraw level = 32
I/SurfaceFlinger(  260): FPS: 6
D/BatteryMeterView( 3026): onDraw level = 42
D/BatteryMeterView( 3026): onDraw level = 52
I/SurfaceFlinger(  260): FPS: 4
D/VM_BMS  (  440): wake_lock acquired
D/VM_BMS  (  440): New BMS data - Size=56
D/VM_BMS  (  440): Start process_bms_data
D/VM_BMS  (  440): Battery charge_cycle=0 fcc_adjust=0 rbatt_adjust=0 cycle_changed=false
D/VM_BMS  (  440): For batt_temp=255 fcc_mah=2200
D/VM_BMS  (  440): Lookup fcc_mah=2200.000000  adjusted fcc_mah=2200.000000
D/VM_BMS  (  440): For ocv=6549772 batt_temp=255 soc=100
D/VM_BMS  (  440): fifo_count=2 acc_count=0
D/VM_BMS  (  440): INIT: ocv=6549772 last_ocv=6549772 batt_temp=255 soc=100
D/VM_BMS  (  440): For soc=100 batt_temp=255 slope=2000
D/VM_BMS  (  440): For soc=100 batt_temp=255 rbatt_sf=100
D/VM_BMS  (  440): rbatt_mohm_default=72, rbatt_mohm=72, sf=100 batt_temp=255
D/VM_BMS  (  440): Lookup rbatt=72.000000  adjusted rbatt=72.000000
D/VM_BMS  (  440): For ocv=6544676 batt_temp=255 soc=100
D/VM_BMS  (  440): FIFO=0 fifo_avg=3.799497 rbatt=0.122000 slope=0.200000 ibatt=22.522352 ocv=6.544676 soc=100 fcc_ah=2.200000 sample_count=128 sample_interval=70 seq_num=43
D/VM_BMS  (  440): For soc=100 batt_temp=255 slope=2000
D/VM_BMS  (  440): For soc=100 batt_temp=255 rbatt_sf=100
D/VM_BMS  (  440): rbatt_mohm_default=72, rbatt_mohm=72, sf=100 batt_temp=255
D/VM_BMS  (  440): Lookup rbatt=72.000000  adjusted rbatt=72.000000
D/VM_BMS  (  440): For ocv=6539590 batt_temp=255 soc=100
D/VM_BMS  (  440): FIFO=1 fifo_avg=3.799772 rbatt=0.122000 slope=0.200000 ibatt=22.478367 ocv=6.539590 soc=100 fcc_ah=2.200000 sample_count=128 sample_interval=70 seq_num=43
I/VM_BMS  (  440): power_supply_update: ocv_uv=6539590 ibatt=22478366 soc=100 seq_num=43
D/VM_BMS  (  440): End process_bms_data
D/VM_BMS  (  440): wake_lock released
D/BatteryMeterView( 3026): onDraw level = 62
D/BatteryMeterView( 3026): onDraw level = 72
I/SurfaceFlinger(  260): FPS: 4
D/BatteryMeterView( 3026): onDraw level = 82
D/wpa_supplicant( 7163): wlan0: Control interface command 'SIGNAL_POLL'
D/BatteryMeterView( 3026): onDraw level = 92
I/SurfaceFlinger(  260): FPS: 4
D/BatteryMeterView( 3026): onDraw level = 100
V/WLAN_PSA(  312): NL MSG, len[4074], NL type[0x1C] WNI type[0x5900] len[53775]
V/WLAN_PSA(  312): NL MSG, PID: 312
E/WifiStateMachine(  751): WifiStateMachine CMD_START_SCAN source -2 txSuccessRate=2.74 rxSuccessRate=2.73 targetRoamBSSID=any RSSI=-56
D/wpa_supplicant( 7163): wlan0: Control interface command 'SCAN TYPE=ONLY'
D/wpa_supplicant( 7163): wlan0: Setting scan request: 0.000000 sec
D/wpa_supplicant( 7163): wlan0: Starting AP scan for wildcard SSID
D/wpa_supplicant( 7163): wlan0: Add radio work 'scan'@0xb7adb878
D/wpa_supplicant( 7163): wlan0: First radio work item in the queue - schedule start immediately
D/wpa_supplicant( 7163): wlan0: Starting radio work 'scan'@0xb7adb878 after 0.000076 second wait
D/wpa_supplicant( 7163): wlan0: nl80211: scan request
D/wpa_supplicant( 7163): nl80211: Scan SSID - hexdump(len=0): [NULL]
I/WifiHAL (  751): Poll result = 1
I/WifiHAL (  751): Found some events!!!
D/WifiHAL (  751): no_seq_check received
I/WifiHAL (  751): event received NL80211_CMD_TRIGGER_SCAN
I/WifiHAL (  751): event received NL80211_CMD_TRIGGER_SCAN, vendor_id = 0x0
I/WifiHAL (  751): event ignored!!
V/WLAN_PSA(  312): NL MSG, len[914], NL type[0x11] WNI type[0x5050] len[894]
V/WLAN_PSA(  312): NL MSG, PID: 312
V/WLAN_PSA(  312): NL MSG, len[048], NL type[0x11] WNI type[0x5050] len[028]
V/WLAN_PSA(  312): NL MSG, PID: 312
V/WLAN_PSA(  312): NL MSG, len[4068], NL type[0x1C] WNI type[0x5900] len[52239]
V/WLAN_PSA(  312): NL MSG, PID: 312
D/wpa_supplicant( 7163): Scan requested (ret=0) - scan timeout 30 seconds
D/wpa_supplicant( 7163): nl80211: Event message available
D/wpa_supplicant( 7163): nl80211: Drv Event 33 (NL80211_CMD_TRIGGER_SCAN) received for wlan0
D/wpa_supplicant( 7163): wlan0: nl80211: Scan trigger
D/wpa_supplicant( 7163): wlan0: Event SCAN_STARTED (49) received
D/wpa_supplicant( 7163): wlan0: Own scan request started a scan in 0.000266 seconds
D/wpa_supplicant( 7163): CTRL_IFACE monitor sent successfully to /data/misc/wifi/sockets/wpa_ctrl_333-2\x00
D/wpa_supplicant( 7163): CTRL_IFACE monitor sent successfully to /data/misc/wifi/sockets/wpa_ctrl_751-6\x00
V/WLAN_PSA(  312): NL MSG, len[4027], NL type[0x1C] WNI type[0x5900] len[41743]
V/WLAN_PSA(  312): NL MSG, PID: 312
D/BatteryMeterView( 3026): onDraw level = 2
V/WLAN_PSA(  312): NL MSG, len[4051], NL type[0x1C] WNI type[0x5900] len[47887]
V/WLAN_PSA(  312): NL MSG, PID: 312
I/SurfaceFlinger(  260): FPS: 4
V/WLAN_PSA(  312): NL MSG, len[4004], NL type[0x1C] WNI type[0x5900] len[35855]
V/WLAN_PSA(  312): NL MSG, PID: 312
V/WLAN_PSA(  312): NL MSG, len[4051], NL type[0x1C] WNI type[0x5900] len[47887]
V/WLAN_PSA(  312): NL MSG, PID: 312
V/WLAN_PSA(  312): NL MSG, len[4044], NL type[0x1C] WNI type[0x5900] len[46095]
V/WLAN_PSA(  312): NL MSG, PID: 312
V/WLAN_PSA(  312): NL MSG, len[4082], NL type[0x1C] WNI type[0x5900] len[55823]
V/WLAN_PSA(  312): NL MSG, PID: 312
V/WLAN_PSA(  312): NL MSG, len[4005], NL type[0x1C] WNI type[0x5900] len[36111]
V/WLAN_PSA(  312): NL MSG, PID: 312
V/WLAN_PSA(  312): NL MSG, len[4053], NL type[0x1C] WNI type[0x5900] len[48399]
V/WLAN_PSA(  312): NL MSG, PID: 312
V/WLAN_PSA(  312): NL MSG, len[4047], NL type[0x1C] WNI type[0x5900] len[46863]
V/WLAN_PSA(  312): NL MSG, PID: 312
V/WLAN_PSA(  312): NL MSG, len[4044], NL type[0x1C] WNI type[0x5900] len[46095]
V/WLAN_PSA(  312): NL MSG, PID: 312
V/WLAN_PSA(  312): NL MSG, len[4076], NL type[0x1C] WNI type[0x5900] len[54287]
V/WLAN_PSA(  312): NL MSG, PID: 312
D/BatteryMeterView( 3026): onDraw level = 12
D/StatusBar.MSimNetworkController( 3026): refreshViews phoneId =0mMSimDataConnected =false
D/StatusBar.MSimNetworkController( 3026): refreshViews mMSimDataActivity =0
D/StatusBar.MSimNetworkController( 3026): refreshViews: Data not connected!! Set no data type icon / Roaming for phoneId: 0
D/StatusBar.MSimNetworkController( 3026): refreshViews connected={ wifi } level=0 mMSimcombinedSignalIconId=0x7f020350/com.android.systemui:drawable/stat_sys_wifi_signal_3_fully mMSimcombinedActivityIconId=0x0 mAirplaneMode=false mMSimDataActivity=0 mMSimPhoneSignalIconId=0x7f020339/com.android.systemui:drawable/stat_sys_signal_null mMSimDataDirectionIconId=0x0 mMSimDataSignalIconId=0x7f020339 mMSimDataTypeIconId=0x0/(null) mNoMSimIconId=0x7f02009a/com.android.systemui:drawable/ic_qs_no_sim mMSimMobileActivityIconId=0x0/(null) mWifiIconId=0x7f020350 mBluetoothTetherIconId=0x10806a2
D/MSimSignalClusterView( 3026): wifi: VISIBLE sig=2130838352 act=0
D/MSimSignalClusterView( 3026): mobile[0]: VISIBLE sig=2130838329 type=0
D/MSimSignalClusterView( 3026): wifi: VISIBLE sig=2130838352 act=0
D/MSimSignalClusterView( 3026): mobile[1]: VISIBLE sig=2130838329 type=0
D/MSimSignalClusterView( 3026): wifi: VISIBLE sig=2130838352 act=0
D/MSimSignalClusterView( 3026): mobile[0]: VISIBLE sig=2130838329 type=0
D/MSimSignalClusterView( 3026): wifi: VISIBLE sig=2130838352 act=0
D/MSimSignalClusterView( 3026): mobile[0]: VISIBLE sig=2130838329 type=0
D/MSimSignalClusterView( 3026): wifi: VISIBLE sig=2130838352 act=0
D/MSimSignalClusterView( 3026): mobile[0]: VISIBLE sig=2130838329 type=0
D/MSimSignalClusterView( 3026): wifi: VISIBLE sig=2130838352 act=0
D/MSimSignalClusterView( 3026): mobile[1]: VISIBLE sig=2130838329 type=0
D/StatusBar.MSimNetworkController( 3026): refreshSignalCluster, mMSimPhoneSignalIconId[0]=com.android.systemui:drawable/stat_sys_signal_null mMSimDataSignalIconId[0]=com.android.systemui:drawable/stat_sys_signal_null mMSimDataTypeIconId[0]=(null) mMSimMobileActivityIconId[0]=(null) mNoMSimIconId[0]=com.android.systemui:drawable/ic_qs_no_sim
D/MSimSignalClusterView( 3026): wifi: VISIBLE sig=2130838352 act=0
D/MSimSignalClusterView( 3026): mobile[0]: VISIBLE sig=2130838329 type=0
D/MSimSignalClusterView( 3026): wifi: VISIBLE sig=2130838352 act=0
D/MSimSignalClusterView( 3026): mobile[1]: VISIBLE sig=2130838329 type=0
D/MSimSignalClusterView( 3026): wifi: VISIBLE sig=2130838352 act=0
D/MSimSignalClusterView( 3026): mobile[0]: VISIBLE sig=2130838329 type=0
D/MSimSignalClusterView( 3026): wifi: VISIBLE sig=2130838352 act=0
D/MSimSignalClusterView( 3026): mobile[0]: VISIBLE sig=2130838329 type=0
D/MSimSignalClusterView( 3026): wifi: VISIBLE sig=2130838352 act=0
D/MSimSignalClusterView( 3026): mobile[0]: VISIBLE sig=2130838329 type=0
D/MSimSignalClusterView( 3026): wifi: VISIBLE sig=2130838352 act=0
D/MSimSignalClusterView( 3026): mobile[1]: VISIBLE sig=2130838329 type=0
D/StatusBar.MSimNetworkController( 3026): refreshSignalCluster, mMSimPhoneSignalIconId[0]=com.android.systemui:drawable/stat_sys_signal_null mMSimDataSignalIconId[0]=com.android.systemui:drawable/stat_sys_signal_null mMSimDataTypeIconId[0]=(null) mMSimMobileActivityIconId[0]=(null) mNoMSimIconId[0]=com.android.systemui:drawable/ic_qs_no_sim
D/MSimSignalClusterView( 3026): wifi: VISIBLE sig=2130838352 act=0
D/MSimSignalClusterView( 3026): mobile[0]: VISIBLE sig=2130838329 type=0
D/MSimSignalClusterView( 3026): wifi: VISIBLE sig=2130838352 act=0
D/MSimSignalClusterView( 3026): mobile[1]: VISIBLE sig=2130838329 type=0
D/MSimSignalClusterView( 3026): wifi: VISIBLE sig=2130838352 act=0
D/MSimSignalClusterView( 3026): mobile[0]: VISIBLE sig=2130838329 type=0
D/MSimSignalClusterView( 3026): wifi: VISIBLE sig=2130838352 act=0
D/MSimSignalClusterView( 3026): mobile[0]: VISIBLE sig=2130838329 type=0
D/MSimSignalClusterView( 3026): wifi: VISIBLE sig=2130838352 act=0
D/MSimSignalClusterView( 3026): mobile[0]: VISIBLE sig=2130838329 type=0
D/MSimSignalClusterView( 3026): wifi: VISIBLE sig=2130838352 act=0
D/MSimSignalClusterView( 3026): mobile[1]: VISIBLE sig=2130838329 type=0
D/StatusBar.MSimNetworkController( 3026): refreshSignalCluster, mMSimPhoneSignalIconId[0]=com.android.systemui:drawable/stat_sys_signal_null mMSimDataSignalIconId[0]=com.android.systemui:drawable/stat_sys_signal_null mMSimDataTypeIconId[0]=(null) mMSimMobileActivityIconId[0]=(null) mNoMSimIconId[0]=com.android.systemui:drawable/ic_qs_no_sim
D/MSimSignalClusterView( 3026): wifi: VISIBLE sig=2130838352 act=0
D/MSimSignalClusterView( 3026): mobile[0]: VISIBLE sig=2130838329 type=0
D/MSimSignalClusterView( 3026): wifi: VISIBLE sig=2130838352 act=0
D/MSimSignalClusterView( 3026): mobile[1]: VISIBLE sig=2130838329 type=0
D/MSimSignalClusterView( 3026): wifi: VISIBLE sig=2130838352 act=0
D/MSimSignalClusterView( 3026): mobile[0]: VISIBLE sig=2130838329 type=0
D/MSimSignalClusterView( 3026): wifi: VISIBLE sig=2130838352 act=0
D/MSimSignalClusterView( 3026): mobile[0]: VISIBLE sig=2130838329 type=0
D/MSimSignalClusterView( 3026): wifi: VISIBLE sig=2130838352 act=0
D/MSimSignalClusterView( 3026): mobile[0]: VISIBLE sig=2130838329 type=0
D/MSimSignalClusterView( 3026): wifi: VISIBLE sig=2130838352 act=0
D/MSimSignalClusterView( 3026): mobile[1]: VISIBLE sig=2130838329 type=0
D/StatusBar.MSimNetworkController( 3026): refreshSignalCluster, mMSimPhoneSignalIconId[0]=com.android.systemui:drawable/stat_sys_signal_null mMSimDataSignalIconId[0]=com.android.systemui:drawable/stat_sys_signal_null mMSimDataTypeIconId[0]=(null) mMSimMobileActivityIconId[0]=(null) mNoMSimIconId[0]=com.android.systemui:drawable/ic_qs_no_sim
V/WLAN_PSA(  312): NL MSG, len[4056], NL type[0x1C] WNI type[0x5900] len[49167]
V/WLAN_PSA(  312): NL MSG, PID: 312
D/BatteryMeterView( 3026): onDraw level = 22
I/SurfaceFlinger(  260): FPS: 5
V/WLAN_PSA(  312): NL MSG, len[4020], NL type[0x1C] WNI type[0x5900] len[39951]
V/WLAN_PSA(  312): NL MSG, PID: 312
D/BatteryMeterView( 3026): onDraw level = 32
V/WLAN_PSA(  312): NL MSG, len[4051], NL type[0x1C] WNI type[0x5900] len[47887]
V/WLAN_PSA(  312): NL MSG, PID: 312
D/wpa_supplicant( 7163): wlan0: Control interface command 'SIGNAL_POLL'
V/WLAN_PSA(  312): NL MSG, len[3953], NL type[0x1C] WNI type[0x5900] len[22799]
V/WLAN_PSA(  312): NL MSG, PID: 312
D/BatteryMeterView( 3026): onDraw level = 42
I/SurfaceFlinger(  260): FPS: 4
V/WLAN_PSA(  312): NL MSG, len[4087], NL type[0x1C] WNI type[0x5900] len[57103]
V/WLAN_PSA(  312): NL MSG, PID: 312
V/WLAN_PSA(  312): NL MSG, len[4015], NL type[0x1C] WNI type[0x5900] len[38671]
V/WLAN_PSA(  312): NL MSG, PID: 312
V/WLAN_PSA(  312): NL MSG, len[4023], NL type[0x1C] WNI type[0x5900] len[40719]
V/WLAN_PSA(  312): NL MSG, PID: 312
V/WLAN_PSA(  312): NL MSG, len[4066], NL type[0x1C] WNI type[0x5900] len[51727]
V/WLAN_PSA(  312): NL MSG, PID: 312
V/WLAN_PSA(  312): NL MSG, len[914], NL type[0x11] WNI type[0x5050] len[894]
V/WLAN_PSA(  312): NL MSG, PID: 312
V/WLAN_PSA(  312): NL MSG, len[4022], NL type[0x1C] WNI type[0x5900] len[40463]
V/WLAN_PSA(  312): NL MSG, PID: 312
I/WifiHAL (  751): Poll result = 1
I/WifiHAL (  751): Found some events!!!
D/WifiHAL (  751): no_seq_check received
I/WifiHAL (  751): event received NL80211_CMD_NEW_SCAN_RESULTS
I/WifiHAL (  751): event received NL80211_CMD_NEW_SCAN_RESULTS, vendor_id = 0x0
I/WifiHAL (  751): event ignored!!
D/wpa_supplicant( 7163): nl80211: Event message available
D/wpa_supplicant( 7163): nl80211: Drv Event 34 (NL80211_CMD_NEW_SCAN_RESULTS) received for wlan0
D/wpa_supplicant( 7163): wlan0: nl80211: New scan results available
D/wpa_supplicant( 7163): nl80211: Scan included frequencies: 2412 2417 2422 2427 2432 2437 2442 2447 2452 2457 2462 5180 5200 5220 5240 5260 5280 5300 5320 5500 5520 5540 5560 5580 5600 5620 5640 5660 5680 5700 5720 5745 5765 5785 5805 5825
D/wpa_supplicant( 7163): wlan0: Event SCAN_RESULTS (3) received
D/wpa_supplicant( 7163): wlan0: Scan completed in 2.451454 seconds
D/wpa_supplicant( 7163): nl80211: Associated on 2437 MHz
D/wpa_supplicant( 7163): nl80211: Associated with fc:dd:55:70:0b:6b
D/wpa_supplicant( 7163): nl80211: Received scan results (1 BSSes)
D/wpa_supplicant( 7163): nl80211: Scan results indicate BSS status with fc:dd:55:70:0b:6b as associated
D/wpa_supplicant( 7163): wlan0: BSS: Start scan result update 7
D/wpa_supplicant( 7163): BSS: last_scan_res_used=1/32
D/wpa_supplicant( 7163): wlan0: Scan-only results received
D/wpa_supplicant( 7163): CTRL_IFACE monitor sent successfully to /data/misc/wifi/sockets/wpa_ctrl_333-2\x00
D/wpa_supplicant( 7163): CTRL_IFACE monitor sent successfully to /data/misc/wifi/sockets/wpa_ctrl_751-6\x00
D/wpa_supplicant( 7163): wlan0: Radio work 'scan'@0xb7adb878 done in 2.456042 seconds
D/wpa_supplicant( 7163): wlan0: Control interface command 'BSS RANGE=0- MASK=0x21987'
D/wpa_supplicant( 7163): wlan0: Control interface command 'STATUS-NO_EVENTS'
D/LBSSystemMonitorService(  751): handleMessage what - 4
D/Wiper_jni(  751): Send Network Location.
E/LocSvc_api_v02(  751): I/---> locClientSendReq line 2065 QMI_LOC_INJECT_WIFI_POSITION_REQ_V02
E/LocSvc_ApiV02(  751): I/<--- void globalRespCb(locClientHandleType, uint32_t, locClientRespIndUnionType, void*) line 111 QMI_LOC_INJECT_WIFI_POSITION_REQ_V02
D/BatteryMeterView( 3026): onDraw level = 52
D/StatusBar.MSimNetworkController( 3026): refreshViews phoneId =0mMSimDataConnected =false
D/StatusBar.MSimNetworkController( 3026): refreshViews mMSimDataActivity =0
D/StatusBar.MSimNetworkController( 3026): refreshViews: Data not connected!! Set no data type icon / Roaming for phoneId: 0
D/StatusBar.MSimNetworkController( 3026): refreshViews connected={ wifi } level=0 mMSimcombinedSignalIconId=0x7f020350/com.android.systemui:drawable/stat_sys_wifi_signal_3_fully mMSimcombinedActivityIconId=0x7f020347 mAirplaneMode=false mMSimDataActivity=0 mMSimPhoneSignalIconId=0x7f020339/com.android.systemui:drawable/stat_sys_signal_null mMSimDataDirectionIconId=0x0 mMSimDataSignalIconId=0x7f020339 mMSimDataTypeIconId=0x0/(null) mNoMSimIconId=0x7f02009a/com.android.systemui:drawable/ic_qs_no_sim mMSimMobileActivityIconId=0x0/(null) mWifiIconId=0x7f020350 mBluetoothTetherIconId=0x10806a2
D/MSimSignalClusterView( 3026): wifi: VISIBLE sig=2130838352 act=2130838343
D/MSimSignalClusterView( 3026): mobile[0]: VISIBLE sig=2130838329 type=0
D/MSimSignalClusterView( 3026): wifi: VISIBLE sig=2130838352 act=2130838343
D/MSimSignalClusterView( 3026): mobile[1]: VISIBLE sig=2130838329 type=0
D/MSimSignalClusterView( 3026): wifi: VISIBLE sig=2130838352 act=2130838343
D/MSimSignalClusterView( 3026): mobile[0]: VISIBLE sig=2130838329 type=0
D/MSimSignalClusterView( 3026): wifi: VISIBLE sig=2130838352 act=2130838343
D/MSimSignalClusterView( 3026): mobile[0]: VISIBLE sig=2130838329 type=0
D/MSimSignalClusterView( 3026): wifi: VISIBLE sig=2130838352 act=2130838343
D/MSimSignalClusterView( 3026): mobile[0]: VISIBLE sig=2130838329 type=0
D/MSimSignalClusterView( 3026): wifi: VISIBLE sig=2130838352 act=2130838343
D/MSimSignalClusterView( 3026): mobile[1]: VISIBLE sig=2130838329 type=0
D/StatusBar.MSimNetworkController( 3026): refreshSignalCluster, mMSimPhoneSignalIconId[0]=com.android.systemui:drawable/stat_sys_signal_null mMSimDataSignalIconId[0]=com.android.systemui:drawable/stat_sys_signal_null mMSimDataTypeIconId[0]=(null) mMSimMobileActivityIconId[0]=(null) mNoMSimIconId[0]=com.android.systemui:drawable/ic_qs_no_sim
D/MSimSignalClusterView( 3026): wifi: VISIBLE sig=2130838352 act=2130838343
D/MSimSignalClusterView( 3026): mobile[0]: VISIBLE sig=2130838329 type=0
D/MSimSignalClusterView( 3026): wifi: VISIBLE sig=2130838352 act=2130838343
D/MSimSignalClusterView( 3026): mobile[1]: VISIBLE sig=2130838329 type=0
D/MSimSignalClusterView( 3026): wifi: VISIBLE sig=2130838352 act=2130838343
D/MSimSignalClusterView( 3026): mobile[0]: VISIBLE sig=2130838329 type=0
D/MSimSignalClusterView( 3026): wifi: VISIBLE sig=2130838352 act=2130838343
D/MSimSignalClusterView( 3026): mobile[0]: VISIBLE sig=2130838329 type=0
D/MSimSignalClusterView( 3026): wifi: VISIBLE sig=2130838352 act=2130838343
D/MSimSignalClusterView( 3026): mobile[0]: VISIBLE sig=2130838329 type=0
D/MSimSignalClusterView( 3026): wifi: VISIBLE sig=2130838352 act=2130838343
D/MSimSignalClusterView( 3026): mobile[1]: VISIBLE sig=2130838329 type=0
D/StatusBar.MSimNetworkController( 3026): refreshSignalCluster, mMSimPhoneSignalIconId[0]=com.android.systemui:drawable/stat_sys_signal_null mMSimDataSignalIconId[0]=com.android.systemui:drawable/stat_sys_signal_null mMSimDataTypeIconId[0]=(null) mMSimMobileActivityIconId[0]=(null) mNoMSimIconId[0]=com.android.systemui:drawable/ic_qs_no_sim
D/MSimSignalClusterView( 3026): wifi: VISIBLE sig=2130838352 act=2130838343
D/MSimSignalClusterView( 3026): mobile[0]: VISIBLE sig=2130838329 type=0
D/MSimSignalClusterView( 3026): wifi: VISIBLE sig=2130838352 act=2130838343
D/MSimSignalClusterView( 3026): mobile[1]: VISIBLE sig=2130838329 type=0
D/MSimSignalClusterView( 3026): wifi: VISIBLE sig=2130838352 act=2130838343
D/MSimSignalClusterView( 3026): mobile[0]: VISIBLE sig=2130838329 type=0
D/MSimSignalClusterView( 3026): wifi: VISIBLE sig=2130838352 act=2130838343
D/MSimSignalClusterView( 3026): mobile[0]: VISIBLE sig=2130838329 type=0
D/MSimSignalClusterView( 3026): wifi: VISIBLE sig=2130838352 act=2130838343
D/MSimSignalClusterView( 3026): mobile[0]: VISIBLE sig=2130838329 type=0
D/MSimSignalClusterView( 3026): wifi: VISIBLE sig=2130838352 act=2130838343
D/MSimSignalClusterView( 3026): mobile[1]: VISIBLE sig=2130838329 type=0
D/StatusBar.MSimNetworkController( 3026): refreshSignalCluster, mMSimPhoneSignalIconId[0]=com.android.systemui:drawable/stat_sys_signal_null mMSimDataSignalIconId[0]=com.android.systemui:drawable/stat_sys_signal_null mMSimDataTypeIconId[0]=(null) mMSimMobileActivityIconId[0]=(null) mNoMSimIconId[0]=com.android.systemui:drawable/ic_qs_no_sim
D/MSimSignalClusterView( 3026): wifi: VISIBLE sig=2130838352 act=2130838343
D/MSimSignalClusterView( 3026): mobile[0]: VISIBLE sig=2130838329 type=0
D/MSimSignalClusterView( 3026): wifi: VISIBLE sig=2130838352 act=2130838343
D/MSimSignalClusterView( 3026): mobile[1]: VISIBLE sig=2130838329 type=0
D/MSimSignalClusterView( 3026): wifi: VISIBLE sig=2130838352 act=2130838343
D/MSimSignalClusterView( 3026): mobile[0]: VISIBLE sig=2130838329 type=0
D/MSimSignalClusterView( 3026): wifi: VISIBLE sig=2130838352 act=2130838343
D/MSimSignalClusterView( 3026): mobile[0]: VISIBLE sig=2130838329 type=0
D/MSimSignalClusterView( 3026): wifi: VISIBLE sig=2130838352 act=2130838343
D/MSimSignalClusterView( 3026): mobile[0]: VISIBLE sig=2130838329 type=0
D/MSimSignalClusterView( 3026): wifi: VISIBLE sig=2130838352 act=2130838343
D/MSimSignalClusterView( 3026): mobile[1]: VISIBLE sig=2130838329 type=0
D/StatusBar.MSimNetworkController( 3026): refreshSignalCluster, mMSimPhoneSignalIconId[0]=com.android.systemui:drawable/stat_sys_signal_null mMSimDataSignalIconId[0]=com.android.systemui:drawable/stat_sys_signal_null mMSimDataTypeIconId[0]=(null) mMSimMobileActivityIconId[0]=(null) mNoMSimIconId[0]=com.android.systemui:drawable/ic_qs_no_sim
D/BatteryMeterView( 3026): onDraw level = 62
I/SurfaceFlinger(  260): FPS: 5
D/BatteryMeterView( 3026): onDraw level = 72
D/BatteryMeterView( 3026): onDraw level = 82
I/SurfaceFlinger(  260): FPS: 4
D/BatteryMeterView( 3026): onDraw level = 92
D/BatteryMeterView( 3026): onDraw level = 100
I/SurfaceFlinger(  260): FPS: 4
V/WLAN_PSA(  312): NL MSG, len[4091], NL type[0x1C] WNI type[0x5900] len[58127]
V/WLAN_PSA(  312): NL MSG, PID: 312
D/wpa_supplicant( 7163): wlan0: Control interface command 'SIGNAL_POLL'
D/BatteryMeterView( 3026): onDraw level = 2
D/BatteryMeterView( 3026): onDraw level = 12
I/SurfaceFlinger(  260): FPS: 4
D/BatteryMeterView( 3026): onDraw level = 22
D/BatteryMeterView( 3026): onDraw level = 32
I/SurfaceFlinger(  260): FPS: 4
D/StatusBar.MSimNetworkController( 3026): refreshViews phoneId =0mMSimDataConnected =false
D/StatusBar.MSimNetworkController( 3026): refreshViews mMSimDataActivity =0
D/StatusBar.MSimNetworkController( 3026): refreshViews: Data not connected!! Set no data type icon / Roaming for phoneId: 0
D/StatusBar.MSimNetworkController( 3026): refreshViews connected={ wifi } level=0 mMSimcombinedSignalIconId=0x7f020350/com.android.systemui:drawable/stat_sys_wifi_signal_3_fully mMSimcombinedActivityIconId=0x0 mAirplaneMode=false mMSimDataActivity=0 mMSimPhoneSignalIconId=0x7f020339/com.android.systemui:drawable/stat_sys_signal_null mMSimDataDirectionIconId=0x0 mMSimDataSignalIconId=0x7f020339 mMSimDataTypeIconId=0x0/(null) mNoMSimIconId=0x7f02009a/com.android.systemui:drawable/ic_qs_no_sim mMSimMobileActivityIconId=0x0/(null) mWifiIconId=0x7f020350 mBluetoothTetherIconId=0x10806a2
D/MSimSignalClusterView( 3026): wifi: VISIBLE sig=2130838352 act=0
D/MSimSignalClusterView( 3026): mobile[0]: VISIBLE sig=2130838329 type=0
D/MSimSignalClusterView( 3026): wifi: VISIBLE sig=2130838352 act=0
D/MSimSignalClusterView( 3026): mobile[1]: VISIBLE sig=2130838329 type=0
D/MSimSignalClusterView( 3026): wifi: VISIBLE sig=2130838352 act=0
D/MSimSignalClusterView( 3026): mobile[0]: VISIBLE sig=2130838329 type=0
D/MSimSignalClusterView( 3026): wifi: VISIBLE sig=2130838352 act=0
D/MSimSignalClusterView( 3026): mobile[0]: VISIBLE sig=2130838329 type=0
D/MSimSignalClusterView( 3026): wifi: VISIBLE sig=2130838352 act=0
D/MSimSignalClusterView( 3026): mobile[0]: VISIBLE sig=2130838329 type=0
D/MSimSignalClusterView( 3026): wifi: VISIBLE sig=2130838352 act=0
D/MSimSignalClusterView( 3026): mobile[1]: VISIBLE sig=2130838329 type=0
D/StatusBar.MSimNetworkController( 3026): refreshSignalCluster, mMSimPhoneSignalIconId[0]=com.android.systemui:drawable/stat_sys_signal_null mMSimDataSignalIconId[0]=com.android.systemui:drawable/stat_sys_signal_null mMSimDataTypeIconId[0]=(null) mMSimMobileActivityIconId[0]=(null) mNoMSimIconId[0]=com.android.systemui:drawable/ic_qs_no_sim
D/MSimSignalClusterView( 3026): wifi: VISIBLE sig=2130838352 act=0
D/MSimSignalClusterView( 3026): mobile[0]: VISIBLE sig=2130838329 type=0
D/MSimSignalClusterView( 3026): wifi: VISIBLE sig=2130838352 act=0
D/MSimSignalClusterView( 3026): mobile[1]: VISIBLE sig=2130838329 type=0
D/MSimSignalClusterView( 3026): wifi: VISIBLE sig=2130838352 act=0
D/MSimSignalClusterView( 3026): mobile[0]: VISIBLE sig=2130838329 type=0
D/MSimSignalClusterView( 3026): wifi: VISIBLE sig=2130838352 act=0
D/MSimSignalClusterView( 3026): mobile[0]: VISIBLE sig=2130838329 type=0
D/MSimSignalClusterView( 3026): wifi: VISIBLE sig=2130838352 act=0
D/MSimSignalClusterView( 3026): mobile[0]: VISIBLE sig=2130838329 type=0
D/MSimSignalClusterView( 3026): wifi: VISIBLE sig=2130838352 act=0
D/MSimSignalClusterView( 3026): mobile[1]: VISIBLE sig=2130838329 type=0
D/StatusBar.MSimNetworkController( 3026): refreshSignalCluster, mMSimPhoneSignalIconId[0]=com.android.systemui:drawable/stat_sys_signal_null mMSimDataSignalIconId[0]=com.android.systemui:drawable/stat_sys_signal_null mMSimDataTypeIconId[0]=(null) mMSimMobileActivityIconId[0]=(null) mNoMSimIconId[0]=com.android.systemui:drawable/ic_qs_no_sim
D/MSimSignalClusterView( 3026): wifi: VISIBLE sig=2130838352 act=0
D/MSimSignalClusterView( 3026): mobile[0]: VISIBLE sig=2130838329 type=0
D/MSimSignalClusterView( 3026): wifi: VISIBLE sig=2130838352 act=0
D/MSimSignalClusterView( 3026): mobile[1]: VISIBLE sig=2130838329 type=0
D/MSimSignalClusterView( 3026): wifi: VISIBLE sig=2130838352 act=0
D/MSimSignalClusterView( 3026): mobile[0]: VISIBLE sig=2130838329 type=0
D/MSimSignalClusterView( 3026): wifi: VISIBLE sig=2130838352 act=0
D/MSimSignalClusterView( 3026): mobile[0]: VISIBLE sig=2130838329 type=0
D/MSimSignalClusterView( 3026): wifi: VISIBLE sig=2130838352 act=0
D/MSimSignalClusterView( 3026): mobile[0]: VISIBLE sig=2130838329 type=0
D/MSimSignalClusterView( 3026): wifi: VISIBLE sig=2130838352 act=0
D/MSimSignalClusterView( 3026): mobile[1]: VISIBLE sig=2130838329 type=0
D/StatusBar.MSimNetworkController( 3026): refreshSignalCluster, mMSimPhoneSignalIconId[0]=com.android.systemui:drawable/stat_sys_signal_null mMSimDataSignalIconId[0]=com.android.systemui:drawable/stat_sys_signal_null mMSimDataTypeIconId[0]=(null) mMSimMobileActivityIconId[0]=(null) mNoMSimIconId[0]=com.android.systemui:drawable/ic_qs_no_sim
D/MSimSignalClusterView( 3026): wifi: VISIBLE sig=2130838352 act=0
D/MSimSignalClusterView( 3026): mobile[0]: VISIBLE sig=2130838329 type=0
D/MSimSignalClusterView( 3026): wifi: VISIBLE sig=2130838352 act=0
D/MSimSignalClusterView( 3026): mobile[1]: VISIBLE sig=2130838329 type=0
D/MSimSignalClusterView( 3026): wifi: VISIBLE sig=2130838352 act=0
D/MSimSignalClusterView( 3026): mobile[0]: VISIBLE sig=2130838329 type=0
D/MSimSignalClusterView( 3026): wifi: VISIBLE sig=2130838352 act=0
D/MSimSignalClusterView( 3026): mobile[0]: VISIBLE sig=2130838329 type=0
D/MSimSignalClusterView( 3026): wifi: VISIBLE sig=2130838352 act=0
D/MSimSignalClusterView( 3026): mobile[0]: VISIBLE sig=2130838329 type=0
D/MSimSignalClusterView( 3026): wifi: VISIBLE sig=2130838352 act=0
D/MSimSignalClusterView( 3026): mobile[1]: VISIBLE sig=2130838329 type=0
D/StatusBar.MSimNetworkController( 3026): refreshSignalCluster, mMSimPhoneSignalIconId[0]=com.android.systemui:drawable/stat_sys_signal_null mMSimDataSignalIconId[0]=com.android.systemui:drawable/stat_sys_signal_null mMSimDataTypeIconId[0]=(null) mMSimMobileActivityIconId[0]=(null) mNoMSimIconId[0]=com.android.systemui:drawable/ic_qs_no_sim
D/BatteryMeterView( 3026): onDraw level = 42
D/BatteryMeterView( 3026): onDraw level = 52
I/SurfaceFlinger(  260): FPS: 5
D/wpa_supplicant( 7163): wlan0: Control interface command 'SIGNAL_POLL'
V/WLAN_PSA(  312): NL MSG, len[4055], NL type[0x1C] WNI type[0x5900] len[48911]
V/WLAN_PSA(  312): NL MSG, PID: 312
D/StatusBar.MSimNetworkController( 3026): refreshViews phoneId =0mMSimDataConnected =false
D/StatusBar.MSimNetworkController( 3026): refreshViews mMSimDataActivity =0
D/StatusBar.MSimNetworkController( 3026): refreshViews: Data not connected!! Set no data type icon / Roaming for phoneId: 0
D/StatusBar.MSimNetworkController( 3026): refreshViews connected={ wifi } level=0 mMSimcombinedSignalIconId=0x7f020350/com.android.systemui:drawable/stat_sys_wifi_signal_3_fully mMSimcombinedActivityIconId=0x7f020347 mAirplaneMode=false mMSimDataActivity=0 mMSimPhoneSignalIconId=0x7f020339/com.android.systemui:drawable/stat_sys_signal_null mMSimDataDirectionIconId=0x0 mMSimDataSignalIconId=0x7f020339 mMSimDataTypeIconId=0x0/(null) mNoMSimIconId=0x7f02009a/com.android.systemui:drawable/ic_qs_no_sim mMSimMobileActivityIconId=0x0/(null) mWifiIconId=0x7f020350 mBluetoothTetherIconId=0x10806a2
D/MSimSignalClusterView( 3026): wifi: VISIBLE sig=2130838352 act=2130838343
D/MSimSignalClusterView( 3026): mobile[0]: VISIBLE sig=2130838329 type=0
D/MSimSignalClusterView( 3026): wifi: VISIBLE sig=2130838352 act=2130838343
D/MSimSignalClusterView( 3026): mobile[1]: VISIBLE sig=2130838329 type=0
D/MSimSignalClusterView( 3026): wifi: VISIBLE sig=2130838352 act=2130838343
D/MSimSignalClusterView( 3026): mobile[0]: VISIBLE sig=2130838329 type=0
D/MSimSignalClusterView( 3026): wifi: VISIBLE sig=2130838352 act=2130838343
D/MSimSignalClusterView( 3026): mobile[0]: VISIBLE sig=2130838329 type=0
D/MSimSignalClusterView( 3026): wifi: VISIBLE sig=2130838352 act=2130838343
D/MSimSignalClusterView( 3026): mobile[0]: VISIBLE sig=2130838329 type=0
D/MSimSignalClusterView( 3026): wifi: VISIBLE sig=2130838352 act=2130838343
D/MSimSignalClusterView( 3026): mobile[1]: VISIBLE sig=2130838329 type=0
D/StatusBar.MSimNetworkController( 3026): refreshSignalCluster, mMSimPhoneSignalIconId[0]=com.android.systemui:drawable/stat_sys_signal_null mMSimDataSignalIconId[0]=com.android.systemui:drawable/stat_sys_signal_null mMSimDataTypeIconId[0]=(null) mMSimMobileActivityIconId[0]=(null) mNoMSimIconId[0]=com.android.systemui:drawable/ic_qs_no_sim
D/MSimSignalClusterView( 3026): wifi: VISIBLE sig=2130838352 act=2130838343
D/MSimSignalClusterView( 3026): mobile[0]: VISIBLE sig=2130838329 type=0
D/MSimSignalClusterView( 3026): wifi: VISIBLE sig=2130838352 act=2130838343
D/MSimSignalClusterView( 3026): mobile[1]: VISIBLE sig=2130838329 type=0
D/MSimSignalClusterView( 3026): wifi: VISIBLE sig=2130838352 act=2130838343
D/MSimSignalClusterView( 3026): mobile[0]: VISIBLE sig=2130838329 type=0
D/MSimSignalClusterView( 3026): wifi: VISIBLE sig=2130838352 act=2130838343
D/MSimSignalClusterView( 3026): mobile[0]: VISIBLE sig=2130838329 type=0
D/MSimSignalClusterView( 3026): wifi: VISIBLE sig=2130838352 act=2130838343
D/MSimSignalClusterView( 3026): mobile[0]: VISIBLE sig=2130838329 type=0
D/MSimSignalClusterView( 3026): wifi: VISIBLE sig=2130838352 act=2130838343
D/MSimSignalClusterView( 3026): mobile[1]: VISIBLE sig=2130838329 type=0
D/StatusBar.MSimNetworkController( 3026): refreshSignalCluster, mMSimPhoneSignalIconId[0]=com.android.systemui:drawable/stat_sys_signal_null mMSimDataSignalIconId[0]=com.android.systemui:drawable/stat_sys_signal_null mMSimDataTypeIconId[0]=(null) mMSimMobileActivityIconId[0]=(null) mNoMSimIconId[0]=com.android.systemui:drawable/ic_qs_no_sim
D/MSimSignalClusterView( 3026): wifi: VISIBLE sig=2130838352 act=2130838343
D/MSimSignalClusterView( 3026): mobile[0]: VISIBLE sig=2130838329 type=0
D/MSimSignalClusterView( 3026): wifi: VISIBLE sig=2130838352 act=2130838343
D/MSimSignalClusterView( 3026): mobile[1]: VISIBLE sig=2130838329 type=0
D/MSimSignalClusterView( 3026): wifi: VISIBLE sig=2130838352 act=2130838343
D/MSimSignalClusterView( 3026): mobile[0]: VISIBLE sig=2130838329 type=0
D/MSimSignalClusterView( 3026): wifi: VISIBLE sig=2130838352 act=2130838343
D/MSimSignalClusterView( 3026): mobile[0]: VISIBLE sig=2130838329 type=0
D/MSimSignalClusterView( 3026): wifi: VISIBLE sig=2130838352 act=2130838343
D/MSimSignalClusterView( 3026): mobile[0]: VISIBLE sig=2130838329 type=0
D/MSimSignalClusterView( 3026): wifi: VISIBLE sig=2130838352 act=2130838343
D/MSimSignalClusterView( 3026): mobile[1]: VISIBLE sig=2130838329 type=0
D/StatusBar.MSimNetworkController( 3026): refreshSignalCluster, mMSimPhoneSignalIconId[0]=com.android.systemui:drawable/stat_sys_signal_null mMSimDataSignalIconId[0]=com.android.systemui:drawable/stat_sys_signal_null mMSimDataTypeIconId[0]=(null) mMSimMobileActivityIconId[0]=(null) mNoMSimIconId[0]=com.android.systemui:drawable/ic_qs_no_sim
D/MSimSignalClusterView( 3026): wifi: VISIBLE sig=2130838352 act=2130838343
D/MSimSignalClusterView( 3026): mobile[0]: VISIBLE sig=2130838329 type=0
D/MSimSignalClusterView( 3026): wifi: VISIBLE sig=2130838352 act=2130838343
D/MSimSignalClusterView( 3026): mobile[1]: VISIBLE sig=2130838329 type=0
D/MSimSignalClusterView( 3026): wifi: VISIBLE sig=2130838352 act=2130838343
D/MSimSignalClusterView( 3026): mobile[0]: VISIBLE sig=2130838329 type=0
D/MSimSignalClusterView( 3026): wifi: VISIBLE sig=2130838352 act=2130838343
D/MSimSignalClusterView( 3026): mobile[0]: VISIBLE sig=2130838329 type=0
D/MSimSignalClusterView( 3026): wifi: VISIBLE sig=2130838352 act=2130838343
D/MSimSignalClusterView( 3026): mobile[0]: VISIBLE sig=2130838329 type=0
D/MSimSignalClusterView( 3026): wifi: VISIBLE sig=2130838352 act=2130838343
D/MSimSignalClusterView( 3026): mobile[1]: VISIBLE sig=2130838329 type=0
D/StatusBar.MSimNetworkController( 3026): refreshSignalCluster, mMSimPhoneSignalIconId[0]=com.android.systemui:drawable/stat_sys_signal_null mMSimDataSignalIconId[0]=com.android.systemui:drawable/stat_sys_signal_null mMSimDataTypeIconId[0]=(null) mMSimMobileActivityIconId[0]=(null) mNoMSimIconId[0]=com.android.systemui:drawable/ic_qs_no_sim
D/BatteryMeterView( 3026): onDraw level = 62
D/BatteryMeterView( 3026): onDraw level = 72
I/SurfaceFlinger(  260): FPS: 5
D/BatteryMeterView( 3026): onDraw level = 82
D/BatteryMeterView( 3026): onDraw level = 92
