06-11 17:04:44.010 V/WindowManager(  768): Fullscreen window: Window{28139bb2 u0 com.android.settings/com.android.settings.SubSettings$WifiSubSettings}
06-11 17:04:44.010 I/WindowManager(  768): Win Window{2bd17ad6 u0 com.android.phasebeam.PhaseBeamWallpaper}: isVisibleOrBehindKeyguardLw=false
06-11 17:04:44.010 I/WindowManager(  768): force=false forcefkg=false top=Window{28139bb2 u0 com.android.settings/com.android.settings.SubSettings$WifiSubSettings}
06-11 17:04:44.010 D/WindowManager(  768): frame: Rect(0, 0 - 720, 1280) shown frame: RectF(0.0, 0.0, 720.0, 1280.0)
06-11 17:04:44.010 D/WindowManager(  768): attr: WM.LayoutParams{(0,0)(fillxfill) sim=#110 ty=1 fl=#81810100 wanim=0x1030467 vsysui=0x600 surfaceInsets=Rect(0, 0 - 0, 0) needsMenuKey=2} lp.flags=0x81810100
06-11 17:04:44.010 V/WindowManager(  768): ** SHOWING status bar: top is not fullscreen
06-11 17:04:44.010 V/WindowManager(  768): finishPostLayoutPolicyLw: mHideKeyguard=false
06-11 17:04:44.014 I/WindowManager(  768): mDock rect: (0,0 - 720,1280)
06-11 17:04:44.015 V/WindowManager(  768): Status bar: dock=[0,50][720,1280] content=[0,50][720,1280] cur=[0,50][720,1280]
06-11 17:04:44.015 V/WindowManager(  768): layoutWindowLw(): normal window
06-11 17:04:44.015 V/WindowManager(  768): Compute frame : sim=#20 attach=null type=2015 flags=0x01000018 pf=[0,50][720,1280] df=[0,50][720,1280] of=[0,50][720,1280] cf=[0,50][720,1280] vf=[0,50][720,1280] dcf=[0,0][720,1280] sf=[0,50][720,1280]
06-11 17:04:44.015 V/WindowManager(  768): layoutWindowLw(com.android.settings/com.android.settings.SubSettings$WifiSubSettings): IN_SCREEN, INSET_DECOR
06-11 17:04:44.015 V/WindowManager(  768): Compute frame com.android.settings/com.android.settings.SubSettings$WifiSubSettings: sim=#110 attach=null type=1 flags=0x81810100 pf=[0,0][720,1280] df=[0,0][720,1280] of=[0,0][720,1280] cf=[0,50][720,1280] vf=[0,50][720,1280] dcf=[0,0][720,1280] sf=[0,50][720,1280]
06-11 17:04:44.016 V/WindowManager(  768): layoutWindowLw(PopupWindow:1205f19d): attached to Window{28139bb2 u0 com.android.settings/com.android.settings.SubSettings$WifiSubSettings}
06-11 17:04:44.017 V/WindowManager(  768): Compute frame PopupWindow:1205f19d: sim=#11 attach=Window{28139bb2 u0 com.android.settings/com.android.settings.SubSettings$WifiSubSettings} type=1000 flags=0x41860200 pf=[0,0][720,1280] df=[-10000,-10000][10000,10000] of=[-10000,-10000][10000,10000] cf=[-10000,-10000][10000,10000] vf=[-10000,-10000][10000,10000] dcf=[0,0][720,1280] sf=[0,50][720,1280]
06-11 17:04:44.018 I/WindowManager(  768): Win Window{1103cfcc u0 android}: isVisibleOrBehindKeyguardLw=true
06-11 17:04:44.018 I/WindowManager(  768): Win Window{2be9037a u0 StatusBar}: isVisibleOrBehindKeyguardLw=true
06-11 17:04:44.018 I/WindowManager(  768): Win Window{24642375 u0 PopupWindow:1205f19d}: isVisibleOrBehindKeyguardLw=true
06-11 17:04:44.018 I/WindowManager(  768): Win Window{28139bb2 u0 com.android.settings/com.android.settings.SubSettings$WifiSubSettings}: isVisibleOrBehindKeyguardLw=true
06-11 17:04:44.018 V/WindowManager(  768): Fullscreen window: Window{28139bb2 u0 com.android.settings/com.android.settings.SubSettings$WifiSubSettings}
06-11 17:04:44.018 I/WindowManager(  768): Win Window{2bd17ad6 u0 com.android.phasebeam.PhaseBeamWallpaper}: isVisibleOrBehindKeyguardLw=false
06-11 17:04:44.018 I/WindowManager(  768): force=false forcefkg=false top=Window{28139bb2 u0 com.android.settings/com.android.settings.SubSettings$WifiSubSettings}
06-11 17:04:44.019 D/WindowManager(  768): frame: Rect(0, 0 - 720, 1280) shown frame: RectF(0.0, 0.0, 720.0, 1280.0)
06-11 17:04:44.019 D/WindowManager(  768): attr: WM.LayoutParams{(0,0)(fillxfill) sim=#110 ty=1 fl=#81810100 wanim=0x1030467 vsysui=0x600 surfaceInsets=Rect(0, 0 - 0, 0) needsMenuKey=2} lp.flags=0x81810100
06-11 17:04:44.019 V/WindowManager(  768): ** SHOWING status bar: top is not fullscreen
06-11 17:04:44.020 V/WindowManager(  768): finishPostLayoutPolicyLw: mHideKeyguard=false
06-11 17:04:44.028 E/AudioPolicyManager(  288): unknown stream type 13
06-11 17:04:44.028 E/AudioPolicyManager(  288): unknown stream type 13
06-11 17:04:44.028 E/AudioPolicyManager(  288): unknown stream type 13
06-11 17:04:44.028 E/AudioPolicyManager(  288): unknown stream type 13
06-11 17:04:44.028 E/AudioPolicyManager(  288): unknown stream type 13
06-11 17:04:44.028 E/AudioPolicyManager(  288): unknown stream type 13
06-11 17:04:44.028 E/AudioPolicyManager(  288): unknown stream type 13
06-11 17:04:44.028 E/AudioPolicyManager(  288): unknown stream type 13
06-11 17:04:44.028 E/AudioPolicyManager(  288): unknown stream type 13
06-11 17:04:44.028 E/AudioPolicyManager(  288): unknown stream type 13
06-11 17:04:44.028 E/AudioPolicyManager(  288): unknown stream type 13
06-11 17:04:44.028 E/AudioPolicyManager(  288): unknown stream type 13
06-11 17:04:44.028 E/AudioPolicyManager(  288): unknown stream type 13
06-11 17:04:44.028 E/AudioPolicyManager(  288): unknown stream type 13
06-11 17:04:44.028 E/AudioPolicyManager(  288): unknown stream type 13
06-11 17:04:44.028 E/AudioPolicyManager(  288): unknown stream type 13
06-11 17:04:44.028 E/AudioPolicyManager(  288): unknown stream type 13
06-11 17:04:44.030 I/WindowManager(  768): Win Window{1103cfcc u0 android}: isVisibleOrBehindKeyguardLw=true
06-11 17:04:44.030 I/WindowManager(  768): Win Window{2be9037a u0 StatusBar}: isVisibleOrBehindKeyguardLw=true
06-11 17:04:44.031 I/WindowManager(  768): Win Window{24642375 u0 PopupWindow:1205f19d}: isVisibleOrBehindKeyguardLw=true
06-11 17:04:44.031 I/WindowManager(  768): Win Window{28139bb2 u0 com.android.settings/com.android.settings.SubSettings$WifiSubSettings}: isVisibleOrBehindKeyguardLw=true
06-11 17:04:44.031 V/WindowManager(  768): Fullscreen window: Window{28139bb2 u0 com.android.settings/com.android.settings.SubSettings$WifiSubSettings}
06-11 17:04:44.031 I/WindowManager(  768): Win Window{2bd17ad6 u0 com.android.phasebeam.PhaseBeamWallpaper}: isVisibleOrBehindKeyguardLw=false
06-11 17:04:44.031 I/WindowManager(  768): force=false forcefkg=false top=Window{28139bb2 u0 com.android.settings/com.android.settings.SubSettings$WifiSubSettings}
06-11 17:04:44.031 D/WindowManager(  768): frame: Rect(0, 0 - 720, 1280) shown frame: RectF(0.0, 0.0, 720.0, 1280.0)
06-11 17:04:44.031 D/WindowManager(  768): attr: WM.LayoutParams{(0,0)(fillxfill) sim=#110 ty=1 fl=#81810100 wanim=0x1030467 vsysui=0x600 surfaceInsets=Rect(0, 0 - 0, 0) needsMenuKey=2} lp.flags=0x81810100
06-11 17:04:44.031 V/WindowManager(  768): ** SHOWING status bar: top is not fullscreen
06-11 17:04:44.031 V/WindowManager(  768): finishPostLayoutPolicyLw: mHideKeyguard=false
06-11 17:04:44.115 V/WLAN_PSA(  300): NL MSG, len[4034], NL type[0x1C] WNI type[0x5900] len[43535]
06-11 17:04:44.115 V/WLAN_PSA(  300): NL MSG, PID: 300
06-11 17:04:44.203 D/BatteryMeterView( 2887): onDraw level = 42
06-11 17:04:44.204 I/WindowManager(  768): Win Window{1103cfcc u0 android}: isVisibleOrBehindKeyguardLw=true
06-11 17:04:44.204 I/WindowManager(  768): Win Window{2be9037a u0 StatusBar}: isVisibleOrBehindKeyguardLw=true
06-11 17:04:44.205 I/WindowManager(  768): Win Window{24642375 u0 PopupWindow:1205f19d}: isVisibleOrBehindKeyguardLw=true
06-11 17:04:44.205 I/WindowManager(  768): Win Window{28139bb2 u0 com.android.settings/com.android.settings.SubSettings$WifiSubSettings}: isVisibleOrBehindKeyguardLw=true
06-11 17:04:44.205 V/WindowManager(  768): Fullscreen window: Window{28139bb2 u0 com.android.settings/com.android.settings.SubSettings$WifiSubSettings}
06-11 17:04:44.205 I/WindowManager(  768): Win Window{2bd17ad6 u0 com.android.phasebeam.PhaseBeamWallpaper}: isVisibleOrBehindKeyguardLw=false
06-11 17:04:44.205 I/WindowManager(  768): force=false forcefkg=false top=Window{28139bb2 u0 com.android.settings/com.android.settings.SubSettings$WifiSubSettings}
06-11 17:04:44.205 D/WindowManager(  768): frame: Rect(0, 0 - 720, 1280) shown frame: RectF(0.0, 0.0, 720.0, 1280.0)
06-11 17:04:44.205 D/WindowManager(  768): attr: WM.LayoutParams{(0,0)(fillxfill) sim=#110 ty=1 fl=#81810100 wanim=0x1030467 vsysui=0x600 surfaceInsets=Rect(0, 0 - 0, 0) needsMenuKey=2} lp.flags=0x81810100
06-11 17:04:44.205 V/WindowManager(  768): ** SHOWING status bar: top is not fullscreen
06-11 17:04:44.205 V/WindowManager(  768): finishPostLayoutPolicyLw: mHideKeyguard=false
06-11 17:04:44.446 V/WLAN_PSA(  300): NL MSG, len[4051], NL type[0x1C] WNI type[0x5900] len[47887]
06-11 17:04:44.446 V/WLAN_PSA(  300): NL MSG, PID: 300
06-11 17:04:44.602 I/WindowManager(  768): mDock rect: (0,0 - 720,1280)
06-11 17:04:44.602 V/WindowManager(  768): Status bar: dock=[0,50][720,1280] content=[0,50][720,1280] cur=[0,50][720,1280]
06-11 17:04:44.602 V/WindowManager(  768): layoutWindowLw(): normal window
06-11 17:04:44.603 V/WindowManager(  768): Compute frame : sim=#20 attach=null type=2015 flags=0x01000018 pf=[0,50][720,1280] df=[0,50][720,1280] of=[0,50][720,1280] cf=[0,50][720,1280] vf=[0,50][720,1280] dcf=[0,0][720,1280] sf=[0,50][720,1280]
06-11 17:04:44.603 V/WindowManager(  768): layoutWindowLw(com.android.settings/com.android.settings.SubSettings$WifiSubSettings): IN_SCREEN, INSET_DECOR
06-11 17:04:44.603 V/WindowManager(  768): Compute frame com.android.settings/com.android.settings.SubSettings$WifiSubSettings: sim=#110 attach=null type=1 flags=0x81810100 pf=[0,0][720,1280] df=[0,0][720,1280] of=[0,0][720,1280] cf=[0,50][720,1280] vf=[0,50][720,1280] dcf=[0,0][720,1280] sf=[0,50][720,1280]
06-11 17:04:44.603 V/WindowManager(  768): layoutWindowLw(PopupWindow:1205f19d): attached to Window{28139bb2 u0 com.android.settings/com.android.settings.SubSettings$WifiSubSettings}
06-11 17:04:44.603 V/WindowManager(  768): Compute frame PopupWindow:1205f19d: sim=#11 attach=Window{28139bb2 u0 com.android.settings/com.android.settings.SubSettings$WifiSubSettings} type=1000 flags=0x41860200 pf=[0,0][720,1280] df=[-10000,-10000][10000,10000] of=[-10000,-10000][10000,10000] cf=[-10000,-10000][10000,10000] vf=[-10000,-10000][10000,10000] dcf=[0,0][720,1280] sf=[0,50][720,1280]
06-11 17:04:44.604 I/WindowManager(  768): Win Window{1103cfcc u0 android}: isVisibleOrBehindKeyguardLw=true
06-11 17:04:44.604 I/WindowManager(  768): Win Window{2be9037a u0 StatusBar}: isVisibleOrBehindKeyguardLw=true
06-11 17:04:44.604 I/WindowManager(  768): Win Window{24642375 u0 PopupWindow:1205f19d EXITING}: isVisibleOrBehindKeyguardLw=false
06-11 17:04:44.604 I/WindowManager(  768): Win Window{28139bb2 u0 com.android.settings/com.android.settings.SubSettings$WifiSubSettings}: isVisibleOrBehindKeyguardLw=true
06-11 17:04:44.604 V/WindowManager(  768): Fullscreen window: Window{28139bb2 u0 com.android.settings/com.android.settings.SubSettings$WifiSubSettings}
06-11 17:04:44.604 I/WindowManager(  768): Win Window{2bd17ad6 u0 com.android.phasebeam.PhaseBeamWallpaper}: isVisibleOrBehindKeyguardLw=false
06-11 17:04:44.604 I/WindowManager(  768): force=false forcefkg=false top=Window{28139bb2 u0 com.android.settings/com.android.settings.SubSettings$WifiSubSettings}
06-11 17:04:44.604 D/WindowManager(  768): frame: Rect(0, 0 - 720, 1280) shown frame: RectF(0.0, 0.0, 720.0, 1280.0)
06-11 17:04:44.604 D/WindowManager(  768): attr: WM.LayoutParams{(0,0)(fillxfill) sim=#110 ty=1 fl=#81810100 wanim=0x1030467 vsysui=0x600 surfaceInsets=Rect(0, 0 - 0, 0) needsMenuKey=2} lp.flags=0x81810100
06-11 17:04:44.604 V/WindowManager(  768): ** SHOWING status bar: top is not fullscreen
06-11 17:04:44.604 V/WindowManager(  768): finishPostLayoutPolicyLw: mHideKeyguard=false
06-11 17:04:44.607 W/InputEventReceiver( 4855): Attempted to finish an input event but the input event receiver has already been disposed.
06-11 17:04:44.609 W/InputMethodManagerService(  768): Window already focused, ignoring focus gain of: com.android.internal.view.IInputMethodClient$Stub$Proxy@96081f1 attribute=null, token = android.os.BinderProxy@bc279bd
06-11 17:04:44.719 D/BatteryMeterView( 2887): onDraw level = 52
06-11 17:04:44.720 I/SurfaceFlinger(  262): FPS: 32
06-11 17:04:44.781 V/WLAN_PSA(  300): NL MSG, len[4034], NL type[0x1C] WNI type[0x5900] len[43535]
06-11 17:04:44.781 V/WLAN_PSA(  300): NL MSG, PID: 300
06-11 17:04:44.804 I/WindowManager(  768): Win Window{1103cfcc u0 android}: isVisibleOrBehindKeyguardLw=true
06-11 17:04:44.804 I/WindowManager(  768): Win Window{2be9037a u0 StatusBar}: isVisibleOrBehindKeyguardLw=true
06-11 17:04:44.804 I/WindowManager(  768): Win Window{24642375 u0 PopupWindow:1205f19d}: isVisibleOrBehindKeyguardLw=false
06-11 17:04:44.804 I/WindowManager(  768): Win Window{28139bb2 u0 com.android.settings/com.android.settings.SubSettings$WifiSubSettings}: isVisibleOrBehindKeyguardLw=true
06-11 17:04:44.804 V/WindowManager(  768): Fullscreen window: Window{28139bb2 u0 com.android.settings/com.android.settings.SubSettings$WifiSubSettings}
06-11 17:04:44.804 I/WindowManager(  768): Win Window{2bd17ad6 u0 com.android.phasebeam.PhaseBeamWallpaper}: isVisibleOrBehindKeyguardLw=false
06-11 17:04:44.804 I/WindowManager(  768): force=false forcefkg=false top=Window{28139bb2 u0 com.android.settings/com.android.settings.SubSettings$WifiSubSettings}
06-11 17:04:44.804 D/WindowManager(  768): frame: Rect(0, 0 - 720, 1280) shown frame: RectF(0.0, 0.0, 720.0, 1280.0)
06-11 17:04:44.805 D/WindowManager(  768): attr: WM.LayoutParams{(0,0)(fillxfill) sim=#110 ty=1 fl=#81810100 wanim=0x1030467 vsysui=0x600 surfaceInsets=Rect(0, 0 - 0, 0) needsMenuKey=2} lp.flags=0x81810100
06-11 17:04:44.805 V/WindowManager(  768): ** SHOWING status bar: top is not fullscreen
06-11 17:04:44.805 V/WindowManager(  768): finishPostLayoutPolicyLw: mHideKeyguard=false
06-11 17:04:44.808 I/WindowManager(  768): mDock rect: (0,0 - 720,1280)
06-11 17:04:44.808 V/WindowManager(  768): Status bar: dock=[0,50][720,1280] content=[0,50][720,1280] cur=[0,50][720,1280]
06-11 17:04:44.808 V/WindowManager(  768): layoutWindowLw(): normal window
06-11 17:04:44.808 V/WindowManager(  768): Compute frame : sim=#20 attach=null type=2015 flags=0x01000018 pf=[0,50][720,1280] df=[0,50][720,1280] of=[0,50][720,1280] cf=[0,50][720,1280] vf=[0,50][720,1280] dcf=[0,0][720,1280] sf=[0,50][720,1280]
06-11 17:04:44.808 V/WindowManager(  768): layoutWindowLw(com.android.settings/com.android.settings.SubSettings$WifiSubSettings): IN_SCREEN, INSET_DECOR
06-11 17:04:44.808 V/WindowManager(  768): Compute frame com.android.settings/com.android.settings.SubSettings$WifiSubSettings: sim=#110 attach=null type=1 flags=0x81810100 pf=[0,0][720,1280] df=[0,0][720,1280] of=[0,0][720,1280] cf=[0,50][720,1280] vf=[0,50][720,1280] dcf=[0,0][720,1280] sf=[0,50][720,1280]
06-11 17:04:44.808 I/WindowManager(  768): Win Window{1103cfcc u0 android}: isVisibleOrBehindKeyguardLw=true
06-11 17:04:44.808 I/WindowManager(  768): Win Window{2be9037a u0 StatusBar}: isVisibleOrBehindKeyguardLw=true
06-11 17:04:44.808 I/WindowManager(  768): Win Window{28139bb2 u0 com.android.settings/com.android.settings.SubSettings$WifiSubSettings}: isVisibleOrBehindKeyguardLw=true
06-11 17:04:44.809 V/WindowManager(  768): Fullscreen window: Window{28139bb2 u0 com.android.settings/com.android.settings.SubSettings$WifiSubSettings}
06-11 17:04:44.809 I/WindowManager(  768): Win Window{2bd17ad6 u0 com.android.phasebeam.PhaseBeamWallpaper}: isVisibleOrBehindKeyguardLw=false
06-11 17:04:44.809 I/WindowManager(  768): force=false forcefkg=false top=Window{28139bb2 u0 com.android.settings/com.android.settings.SubSettings$WifiSubSettings}
06-11 17:04:44.809 D/WindowManager(  768): frame: Rect(0, 0 - 720, 1280) shown frame: RectF(0.0, 0.0, 720.0, 1280.0)
06-11 17:04:44.809 D/WindowManager(  768): attr: WM.LayoutParams{(0,0)(fillxfill) sim=#110 ty=1 fl=#81810100 wanim=0x1030467 vsysui=0x600 surfaceInsets=Rect(0, 0 - 0, 0) needsMenuKey=2} lp.flags=0x81810100
06-11 17:04:44.809 V/WindowManager(  768): ** SHOWING status bar: top is not fullscreen
06-11 17:04:44.809 V/WindowManager(  768): finishPostLayoutPolicyLw: mHideKeyguard=false
06-11 17:04:44.967 D/TaskPersister(  768): removeObsoleteFile: deleting file=648_task.xml
06-11 17:04:44.968 D/TaskPersister(  768): removeObsoleteFile: deleting file=647_task.xml
06-11 17:04:44.969 D/TaskPersister(  768): removeObsoleteFile: deleting file=648_task_thumbnail.png
06-11 17:04:44.969 D/TaskPersister(  768): removeObsoleteFile: deleting file=647_task_thumbnail.png
06-11 17:04:45.113 V/WLAN_PSA(  300): NL MSG, len[4068], NL type[0x1C] WNI type[0x5900] len[52239]
06-11 17:04:45.113 V/WLAN_PSA(  300): NL MSG, PID: 300
06-11 17:04:45.145 V/WLAN_PSA(  300): NL MSG, len[3969], NL type[0x1C] WNI type[0x5900] len[26895]
06-11 17:04:45.145 V/WLAN_PSA(  300): NL MSG, PID: 300
06-11 17:04:45.175 V/WLAN_PSA(  300): NL MSG, len[4001], NL type[0x1C] WNI type[0x5900] len[35087]
06-11 17:04:45.175 V/WLAN_PSA(  300): NL MSG, PID: 300
06-11 17:04:45.223 V/WLAN_PSA(  300): NL MSG, len[4035], NL type[0x1C] WNI type[0x5900] len[43791]
06-11 17:04:45.223 V/WLAN_PSA(  300): NL MSG, PID: 300
06-11 17:04:45.223 V/WLAN_PSA(  300): NL MSG, len[914], NL type[0x11] WNI type[0x5050] len[894]
06-11 17:04:45.223 V/WLAN_PSA(  300): NL MSG, PID: 300
06-11 17:04:45.224 V/WLAN_PSA(  300): NL MSG, len[3949], NL type[0x1C] WNI type[0x5900] len[21775]
06-11 17:04:45.224 V/WLAN_PSA(  300): NL MSG, PID: 300
06-11 17:04:45.224 I/WifiHAL (  768): Poll result = 1
06-11 17:04:45.224 I/WifiHAL (  768): Found some events!!!
06-11 17:04:45.224 D/WifiHAL (  768): no_seq_check received
06-11 17:04:45.224 I/WifiHAL (  768): event received NL80211_CMD_NEW_SCAN_RESULTS
06-11 17:04:45.225 I/WifiHAL (  768): event received NL80211_CMD_NEW_SCAN_RESULTS, vendor_id = 0x0
06-11 17:04:45.225 I/WifiHAL (  768): event ignored!!
06-11 17:04:45.225 D/wpa_supplicant( 3753): nl80211: Event message available
06-11 17:04:45.225 D/wpa_supplicant( 3753): nl80211: Drv Event 34 (NL80211_CMD_NEW_SCAN_RESULTS) received for wlan0
06-11 17:04:45.225 D/wpa_supplicant( 3753): wlan0: nl80211: New scan results available
06-11 17:04:45.225 D/wpa_supplicant( 3753): nl80211: Scan included frequencies: 2412 2417 2422 2427 2432 2437 2442 2447 2452 2457 2462 5180 5200 5220 5240 5260 5280 5300 5320 5500 5520 5540 5560 5580 5600 5620 5640 5660 5680 5700 5720 5745 5765 5785 5805 5825
06-11 17:04:45.225 D/wpa_supplicant( 3753): wlan0: Event SCAN_RESULTS (3) received
06-11 17:04:45.225 D/wpa_supplicant( 3753): wlan0: Scan completed in 2.337805 seconds
06-11 17:04:45.226 D/wpa_supplicant( 3753): nl80211: Associated on 2437 MHz
06-11 17:04:45.226 D/wpa_supplicant( 3753): nl80211: Associated with fc:dd:55:70:0b:6b
06-11 17:04:45.226 D/wpa_supplicant( 3753): nl80211: Received scan results (1 BSSes)
06-11 17:04:45.226 D/wpa_supplicant( 3753): nl80211: Scan results indicate BSS status with fc:dd:55:70:0b:6b as associated
06-11 17:04:45.226 D/wpa_supplicant( 3753): wlan0: BSS: Start scan result update 9
06-11 17:04:45.226 D/wpa_supplicant( 3753): BSS: last_scan_res_used=1/32
06-11 17:04:45.226 D/wpa_supplicant( 3753): wlan0: Scan-only results received
06-11 17:04:45.227 D/wpa_supplicant( 3753): CTRL_IFACE monitor sent successfully to /data/misc/wifi/sockets/wpa_ctrl_321-1\x00
06-11 17:04:45.227 D/wpa_supplicant( 3753): CTRL_IFACE monitor sent successfully to /data/misc/wifi/sockets/wpa_ctrl_768-3\x00
06-11 17:04:45.227 D/wpa_supplicant( 3753): wlan0: Radio work 'scan'@0xb88f67c8 done in 2.340905 seconds
06-11 17:04:45.232 D/wpa_supplicant( 3753): wlan0: Control interface command 'BSS RANGE=0- MASK=0x21987'
06-11 17:04:45.234 D/wpa_supplicant( 3753): wlan0: Control interface command 'STATUS-NO_EVENTS'
06-11 17:04:45.237 D/BatteryMeterView( 2887): onDraw level = 62
06-11 17:04:45.240 D/LBSSystemMonitorService(  768): handleMessage what - 4
06-11 17:04:45.240 D/Wiper_jni(  768): Send Network Location.
06-11 17:04:45.241 E/LocSvc_api_v02(  768): I/---> locClientSendReq line 2065 QMI_LOC_INJECT_WIFI_POSITION_REQ_V02
06-11 17:04:45.243 E/LocSvc_ApiV02(  768): I/<--- void globalRespCb(locClientHandleType, uint32_t, locClientRespIndUnionType, void*) line 111 QMI_LOC_INJECT_WIFI_POSITION_REQ_V02
06-11 17:04:45.752 D/BatteryMeterView( 2887): onDraw level = 72
06-11 17:04:45.772 I/SurfaceFlinger(  262): FPS: 11
06-11 17:04:45.983 D/VM_BMS  (  435): wake_lock acquired
06-11 17:04:45.984 D/VM_BMS  (  435): New BMS data - Size=56
06-11 17:04:45.984 D/VM_BMS  (  435): Start process_bms_data
06-11 17:04:45.984 D/VM_BMS  (  435): Battery charge_cycle=0 fcc_adjust=0 rbatt_adjust=0 cycle_changed=false
06-11 17:04:45.987 D/VM_BMS  (  435): For batt_temp=255 fcc_mah=2200
06-11 17:04:45.987 D/VM_BMS  (  435): Lookup fcc_mah=2200.000000  adjusted fcc_mah=2200.000000
06-11 17:04:45.987 D/VM_BMS  (  435): For ocv=6966944 batt_temp=255 soc=100
06-11 17:04:45.987 D/VM_BMS  (  435): fifo_count=2 acc_count=0
06-11 17:04:45.987 D/VM_BMS  (  435): INIT: ocv=6966944 last_ocv=6966944 batt_temp=255 soc=100
06-11 17:04:45.987 D/VM_BMS  (  435): For soc=100 batt_temp=255 slope=2000
06-11 17:04:45.987 D/VM_BMS  (  435): For soc=100 batt_temp=255 rbatt_sf=100
06-11 17:04:45.987 D/VM_BMS  (  435): rbatt_mohm_default=72, rbatt_mohm=72, sf=100 batt_temp=255
06-11 17:04:45.987 D/VM_BMS  (  435): Lookup rbatt=72.000000  adjusted rbatt=72.000000
06-11 17:04:45.987 D/VM_BMS  (  435): For ocv=6961077 batt_temp=255 soc=100
06-11 17:04:45.988 D/VM_BMS  (  435): FIFO=0 fifo_avg=3.800859 rbatt=0.122000 slope=0.200000 ibatt=25.927475 ocv=6.961078 soc=100 fcc_ah=2.200000 sample_count=128 sample_interval=70 seq_num=6
06-11 17:04:45.988 D/VM_BMS  (  435): For soc=100 batt_temp=255 slope=2000
06-11 17:04:45.988 D/VM_BMS  (  435): For soc=100 batt_temp=255 rbatt_sf=100
06-11 17:04:45.988 D/VM_BMS  (  435): rbatt_mohm_default=72, rbatt_mohm=72, sf=100 batt_temp=255
06-11 17:04:45.988 D/VM_BMS  (  435): Lookup rbatt=72.000000  adjusted rbatt=72.000000
06-11 17:04:45.988 D/VM_BMS  (  435): For ocv=6955217 batt_temp=255 soc=100
06-11 17:04:45.988 D/VM_BMS  (  435): FIFO=1 fifo_avg=3.798220 rbatt=0.122000 slope=0.200000 ibatt=25.901041 ocv=6.955217 soc=100 fcc_ah=2.200000 sample_count=128 sample_interval=70 seq_num=6
06-11 17:04:45.989 I/VM_BMS  (  435): power_supply_update: ocv_uv=6955217 ibatt=25901042 soc=100 seq_num=6
06-11 17:04:45.989 D/VM_BMS  (  435): End process_bms_data
06-11 17:04:45.989 D/VM_BMS  (  435): wake_lock released
06-11 17:04:46.270 D/BatteryMeterView( 2887): onDraw level = 82
06-11 17:04:46.786 D/BatteryMeterView( 2887): onDraw level = 92
06-11 17:04:46.806 I/SurfaceFlinger(  262): FPS: 4
06-11 17:04:46.880 D/wpa_supplicant( 3753): wlan0: Control interface command 'SIGNAL_POLL'
06-11 17:04:46.953 E/AudioPolicyManager(  288): unknown stream type 13
06-11 17:04:46.954 E/AudioPolicyManager(  288): unknown stream type 13
06-11 17:04:46.954 E/AudioPolicyManager(  288): unknown stream type 13
06-11 17:04:46.954 E/AudioPolicyManager(  288): unknown stream type 13
06-11 17:04:46.954 E/AudioPolicyManager(  288): unknown stream type 13
06-11 17:04:46.954 E/AudioPolicyManager(  288): unknown stream type 13
06-11 17:04:46.954 E/AudioPolicyManager(  288): unknown stream type 13
06-11 17:04:46.954 E/AudioPolicyManager(  288): unknown stream type 13
06-11 17:04:46.954 E/AudioPolicyManager(  288): unknown stream type 13
06-11 17:04:46.981 I/ViewRootImpl( 4855): CPU Rendering VSync enable = true
06-11 17:04:46.987 V/WindowManager(  768): Adding window Window{171e5c57 u0 PopupWindow:1922256a} at 6 of 11 (after Window{28139bb2 u0 com.android.settings/com.android.settings.SubSettings$WifiSubSettings})
06-11 17:04:47.005 I/WindowManager(  768): mDock rect: (0,0 - 720,1280)
06-11 17:04:47.005 V/WindowManager(  768): Status bar: dock=[0,50][720,1280] content=[0,50][720,1280] cur=[0,50][720,1280]
06-11 17:04:47.006 V/WindowManager(  768): layoutWindowLw(): normal window
06-11 17:04:47.006 V/WindowManager(  768): Compute frame : sim=#20 attach=null type=2015 flags=0x01000018 pf=[0,50][720,1280] df=[0,50][720,1280] of=[0,50][720,1280] cf=[0,50][720,1280] vf=[0,50][720,1280] dcf=[0,0][720,1280] sf=[0,50][720,1280]
06-11 17:04:47.006 V/WindowManager(  768): layoutWindowLw(com.android.settings/com.android.settings.SubSettings$WifiSubSettings): IN_SCREEN, INSET_DECOR
06-11 17:04:47.009 V/WindowManager(  768): Compute frame com.android.settings/com.android.settings.SubSettings$WifiSubSettings: sim=#110 attach=null type=1 flags=0x81810100 pf=[0,0][720,1280] df=[0,0][720,1280] of=[0,0][720,1280] cf=[0,50][720,1280] vf=[0,50][720,1280] dcf=[0,0][720,1280] sf=[0,50][720,1280]
06-11 17:04:47.009 V/WindowManager(  768): layoutWindowLw(PopupWindow:1922256a): attached to Window{28139bb2 u0 com.android.settings/com.android.settings.SubSettings$WifiSubSettings}
06-11 17:04:47.009 V/WindowManager(  768): Compute frame PopupWindow:1922256a: sim=#11 attach=Window{28139bb2 u0 com.android.settings/com.android.settings.SubSettings$WifiSubSettings} type=1000 flags=0x41860200 pf=[0,0][720,1280] df=[-10000,-10000][10000,10000] of=[-10000,-10000][10000,10000] cf=[-10000,-10000][10000,10000] vf=[-10000,-10000][10000,10000] dcf=[0,0][720,1280] sf=[0,50][720,1280]
06-11 17:04:47.009 I/WindowManager(  768): Win Window{1103cfcc u0 android}: isVisibleOrBehindKeyguardLw=true
06-11 17:04:47.009 I/WindowManager(  768): Win Window{2be9037a u0 StatusBar}: isVisibleOrBehindKeyguardLw=true
06-11 17:04:47.009 I/WindowManager(  768): Win Window{171e5c57 u0 PopupWindow:1922256a}: isVisibleOrBehindKeyguardLw=true
06-11 17:04:47.009 I/WindowManager(  768): Win Window{28139bb2 u0 com.android.settings/com.android.settings.SubSettings$WifiSubSettings}: isVisibleOrBehindKeyguardLw=true
06-11 17:04:47.009 V/WindowManager(  768): Fullscreen window: Window{28139bb2 u0 com.android.settings/com.android.settings.SubSettings$WifiSubSettings}
06-11 17:04:47.009 I/WindowManager(  768): Win Window{2bd17ad6 u0 com.android.phasebeam.PhaseBeamWallpaper}: isVisibleOrBehindKeyguardLw=false
06-11 17:04:47.009 I/WindowManager(  768): force=false forcefkg=false top=Window{28139bb2 u0 com.android.settings/com.android.settings.SubSettings$WifiSubSettings}
06-11 17:04:47.009 D/WindowManager(  768): frame: Rect(0, 0 - 720, 1280) shown frame: RectF(0.0, 0.0, 720.0, 1280.0)
06-11 17:04:47.010 D/WindowManager(  768): attr: WM.LayoutParams{(0,0)(fillxfill) sim=#110 ty=1 fl=#81810100 wanim=0x1030467 vsysui=0x600 surfaceInsets=Rect(0, 0 - 0, 0) needsMenuKey=2} lp.flags=0x81810100
06-11 17:04:47.010 V/WindowManager(  768): ** SHOWING status bar: top is not fullscreen
06-11 17:04:47.010 V/WindowManager(  768): finishPostLayoutPolicyLw: mHideKeyguard=false
06-11 17:04:47.026 I/WindowManager(  768): mDock rect: (0,0 - 720,1280)
06-11 17:04:47.026 V/WindowManager(  768): Status bar: dock=[0,50][720,1280] content=[0,50][720,1280] cur=[0,50][720,1280]
06-11 17:04:47.026 V/WindowManager(  768): layoutWindowLw(): normal window
06-11 17:04:47.027 V/WindowManager(  768): Compute frame : sim=#20 attach=null type=2015 flags=0x01000018 pf=[0,50][720,1280] df=[0,50][720,1280] of=[0,50][720,1280] cf=[0,50][720,1280] vf=[0,50][720,1280] dcf=[0,0][720,1280] sf=[0,50][720,1280]
06-11 17:04:47.027 V/WindowManager(  768): layoutWindowLw(com.android.settings/com.android.settings.SubSettings$WifiSubSettings): IN_SCREEN, INSET_DECOR
06-11 17:04:47.027 V/WindowManager(  768): Compute frame com.android.settings/com.android.settings.SubSettings$WifiSubSettings: sim=#110 attach=null type=1 flags=0x81810100 pf=[0,0][720,1280] df=[0,0][720,1280] of=[0,0][720,1280] cf=[0,50][720,1280] vf=[0,50][720,1280] dcf=[0,0][720,1280] sf=[0,50][720,1280]
06-11 17:04:47.027 V/WindowManager(  768): layoutWindowLw(PopupWindow:1922256a): attached to Window{28139bb2 u0 com.android.settings/com.android.settings.SubSettings$WifiSubSettings}
06-11 17:04:47.027 V/WindowManager(  768): Compute frame PopupWindow:1922256a: sim=#11 attach=Window{28139bb2 u0 com.android.settings/com.android.settings.SubSettings$WifiSubSettings} type=1000 flags=0x41860200 pf=[0,0][720,1280] df=[-10000,-10000][10000,10000] of=[-10000,-10000][10000,10000] cf=[-10000,-10000][10000,10000] vf=[-10000,-10000][10000,10000] dcf=[0,0][720,1280] sf=[0,50][720,1280]
06-11 17:04:47.027 I/WindowManager(  768): Win Window{1103cfcc u0 android}: isVisibleOrBehindKeyguardLw=true
06-11 17:04:47.027 I/WindowManager(  768): Win Window{2be9037a u0 StatusBar}: isVisibleOrBehindKeyguardLw=true
06-11 17:04:47.027 I/WindowManager(  768): Win Window{171e5c57 u0 PopupWindow:1922256a}: isVisibleOrBehindKeyguardLw=true
06-11 17:04:47.027 I/WindowManager(  768): Win Window{28139bb2 u0 com.android.settings/com.android.settings.SubSettings$WifiSubSettings}: isVisibleOrBehindKeyguardLw=true
06-11 17:04:47.028 V/WindowManager(  768): Fullscreen window: Window{28139bb2 u0 com.android.settings/com.android.settings.SubSettings$WifiSubSettings}
06-11 17:04:47.028 I/WindowManager(  768): Win Window{2bd17ad6 u0 com.android.phasebeam.PhaseBeamWallpaper}: isVisibleOrBehindKeyguardLw=false
06-11 17:04:47.028 I/WindowManager(  768): force=false forcefkg=false top=Window{28139bb2 u0 com.android.settings/com.android.settings.SubSettings$WifiSubSettings}
06-11 17:04:47.028 D/WindowManager(  768): frame: Rect(0, 0 - 720, 1280) shown frame: RectF(0.0, 0.0, 720.0, 1280.0)
06-11 17:04:47.028 D/WindowManager(  768): attr: WM.LayoutParams{(0,0)(fillxfill) sim=#110 ty=1 fl=#81810100 wanim=0x1030467 vsysui=0x600 surfaceInsets=Rect(0, 0 - 0, 0) needsMenuKey=2} lp.flags=0x81810100
06-11 17:04:47.028 V/WindowManager(  768): ** SHOWING status bar: top is not fullscreen
06-11 17:04:47.028 V/WindowManager(  768): finishPostLayoutPolicyLw: mHideKeyguard=false
06-11 17:04:47.108 E/AudioPolicyManager(  288): unknown stream type 13
06-11 17:04:47.108 E/AudioPolicyManager(  288): unknown stream type 13
06-11 17:04:47.108 E/AudioPolicyManager(  288): unknown stream type 13
06-11 17:04:47.108 E/AudioPolicyManager(  288): unknown stream type 13
06-11 17:04:47.108 E/AudioPolicyManager(  288): unknown stream type 13
06-11 17:04:47.108 E/AudioPolicyManager(  288): unknown stream type 13
06-11 17:04:47.108 E/AudioPolicyManager(  288): unknown stream type 13
06-11 17:04:47.108 E/AudioPolicyManager(  288): unknown stream type 13
06-11 17:04:47.108 E/AudioPolicyManager(  288): unknown stream type 13
06-11 17:04:47.108 E/AudioPolicyManager(  288): unknown stream type 13
06-11 17:04:47.108 E/AudioPolicyManager(  288): unknown stream type 13
06-11 17:04:47.108 E/AudioPolicyManager(  288): unknown stream type 13
06-11 17:04:47.108 E/AudioPolicyManager(  288): unknown stream type 13
06-11 17:04:47.108 E/AudioPolicyManager(  288): unknown stream type 13
06-11 17:04:47.108 E/AudioPolicyManager(  288): unknown stream type 13
06-11 17:04:47.108 E/AudioPolicyManager(  288): unknown stream type 13
06-11 17:04:47.108 E/AudioPolicyManager(  288): unknown stream type 13
06-11 17:04:47.146 I/WindowManager(  768): mDock rect: (0,0 - 720,1280)
06-11 17:04:47.147 V/WindowManager(  768): Status bar: dock=[0,50][720,1280] content=[0,50][720,1280] cur=[0,50][720,1280]
06-11 17:04:47.147 V/WindowManager(  768): layoutWindowLw(): normal window
06-11 17:04:47.147 V/WindowManager(  768): Compute frame : sim=#20 attach=null type=2015 flags=0x01000018 pf=[0,50][720,1280] df=[0,50][720,1280] of=[0,50][720,1280] cf=[0,50][720,1280] vf=[0,50][720,1280] dcf=[0,0][720,1280] sf=[0,50][720,1280]
06-11 17:04:47.147 V/WindowManager(  768): layoutWindowLw(com.android.settings/com.android.settings.SubSettings$WifiSubSettings): IN_SCREEN, INSET_DECOR
06-11 17:04:47.147 V/WindowManager(  768): Compute frame com.android.settings/com.android.settings.SubSettings$WifiSubSettings: sim=#110 attach=null type=1 flags=0x81810100 pf=[0,0][720,1280] df=[0,0][720,1280] of=[0,0][720,1280] cf=[0,50][720,1280] vf=[0,50][720,1280] dcf=[0,0][720,1280] sf=[0,50][720,1280]
06-11 17:04:47.147 V/WindowManager(  768): layoutWindowLw(PopupWindow:1922256a): attached to Window{28139bb2 u0 com.android.settings/com.android.settings.SubSettings$WifiSubSettings}
06-11 17:04:47.147 V/WindowManager(  768): Compute frame PopupWindow:1922256a: sim=#11 attach=Window{28139bb2 u0 com.android.settings/com.android.settings.SubSettings$WifiSubSettings} type=1000 flags=0x41860200 pf=[0,0][720,1280] df=[-10000,-10000][10000,10000] of=[-10000,-10000][10000,10000] cf=[-10000,-10000][10000,10000] vf=[-10000,-10000][10000,10000] dcf=[0,0][720,1280] sf=[0,50][720,1280]
06-11 17:04:47.148 I/WindowManager(  768): Win Window{1103cfcc u0 android}: isVisibleOrBehindKeyguardLw=true
06-11 17:04:47.148 I/WindowManager(  768): Win Window{2be9037a u0 StatusBar}: isVisibleOrBehindKeyguardLw=true
06-11 17:04:47.148 I/WindowManager(  768): Win Window{171e5c57 u0 PopupWindow:1922256a}: isVisibleOrBehindKeyguardLw=true
06-11 17:04:47.148 I/WindowManager(  768): Win Window{28139bb2 u0 com.android.settings/com.android.settings.SubSettings$WifiSubSettings}: isVisibleOrBehindKeyguardLw=true
06-11 17:04:47.148 V/WindowManager(  768): Fullscreen window: Window{28139bb2 u0 com.android.settings/com.android.settings.SubSettings$WifiSubSettings}
06-11 17:04:47.148 I/WindowManager(  768): Win Window{2bd17ad6 u0 com.android.phasebeam.PhaseBeamWallpaper}: isVisibleOrBehindKeyguardLw=false
06-11 17:04:47.148 I/WindowManager(  768): force=false forcefkg=false top=Window{28139bb2 u0 com.android.settings/com.android.settings.SubSettings$WifiSubSettings}
06-11 17:04:47.148 D/WindowManager(  768): frame: Rect(0, 0 - 720, 1280) shown frame: RectF(0.0, 0.0, 720.0, 1280.0)
06-11 17:04:47.148 D/WindowManager(  768): attr: WM.LayoutParams{(0,0)(fillxfill) sim=#110 ty=1 fl=#81810100 wanim=0x1030467 vsysui=0x600 surfaceInsets=Rect(0, 0 - 0, 0) needsMenuKey=2} lp.flags=0x81810100
06-11 17:04:47.148 V/WindowManager(  768): ** SHOWING status bar: top is not fullscreen
06-11 17:04:47.148 V/WindowManager(  768): finishPostLayoutPolicyLw: mHideKeyguard=false
06-11 17:04:47.151 I/WindowManager(  768): mDock rect: (0,0 - 720,1280)
06-11 17:04:47.151 V/WindowManager(  768): Status bar: dock=[0,50][720,1280] content=[0,50][720,1280] cur=[0,50][720,1280]
06-11 17:04:47.151 V/WindowManager(  768): layoutWindowLw(): normal window
06-11 17:04:47.152 V/WindowManager(  768): Compute frame : sim=#20 attach=null type=2015 flags=0x01000018 pf=[0,50][720,1280] df=[0,50][720,1280] of=[0,50][720,1280] cf=[0,50][720,1280] vf=[0,50][720,1280] dcf=[0,0][720,1280] sf=[0,50][720,1280]
06-11 17:04:47.152 V/WindowManager(  768): layoutWindowLw(com.android.settings/com.android.settings.SubSettings$WifiSubSettings): IN_SCREEN, INSET_DECOR
06-11 17:04:47.152 V/WindowManager(  768): Compute frame com.android.settings/com.android.settings.SubSettings$WifiSubSettings: sim=#110 attach=null type=1 flags=0x81810100 pf=[0,0][720,1280] df=[0,0][720,1280] of=[0,0][720,1280] cf=[0,50][720,1280] vf=[0,50][720,1280] dcf=[0,0][720,1280] sf=[0,50][720,1280]
06-11 17:04:47.153 V/WindowManager(  768): layoutWindowLw(PopupWindow:1922256a): attached to Window{28139bb2 u0 com.android.settings/com.android.settings.SubSettings$WifiSubSettings}
06-11 17:04:47.153 V/WindowManager(  768): Compute frame PopupWindow:1922256a: sim=#11 attach=Window{28139bb2 u0 com.android.settings/com.android.settings.SubSettings$WifiSubSettings} type=1000 flags=0x41860200 pf=[0,0][720,1280] df=[-10000,-10000][10000,10000] of=[-10000,-10000][10000,10000] cf=[-10000,-10000][10000,10000] vf=[-10000,-10000][10000,10000] dcf=[0,0][720,1280] sf=[0,50][720,1280]
06-11 17:04:47.153 I/WindowManager(  768): Win Window{1103cfcc u0 android}: isVisibleOrBehindKeyguardLw=true
06-11 17:04:47.153 I/WindowManager(  768): Win Window{2be9037a u0 StatusBar}: isVisibleOrBehindKeyguardLw=true
06-11 17:04:47.153 I/WindowManager(  768): Win Window{171e5c57 u0 PopupWindow:1922256a}: isVisibleOrBehindKeyguardLw=true
06-11 17:04:47.153 I/WindowManager(  768): Win Window{28139bb2 u0 com.android.settings/com.android.settings.SubSettings$WifiSubSettings}: isVisibleOrBehindKeyguardLw=true
06-11 17:04:47.153 V/WindowManager(  768): Fullscreen window: Window{28139bb2 u0 com.android.settings/com.android.settings.SubSettings$WifiSubSettings}
06-11 17:04:47.153 I/WindowManager(  768): Win Window{2bd17ad6 u0 com.android.phasebeam.PhaseBeamWallpaper}: isVisibleOrBehindKeyguardLw=false
06-11 17:04:47.153 I/WindowManager(  768): force=false forcefkg=false top=Window{28139bb2 u0 com.android.settings/com.android.settings.SubSettings$WifiSubSettings}
06-11 17:04:47.153 D/WindowManager(  768): frame: Rect(0, 0 - 720, 1280) shown frame: RectF(0.0, 0.0, 720.0, 1280.0)
06-11 17:04:47.153 D/WindowManager(  768): attr: WM.LayoutParams{(0,0)(fillxfill) sim=#110 ty=1 fl=#81810100 wanim=0x1030467 vsysui=0x600 surfaceInsets=Rect(0, 0 - 0, 0) needsMenuKey=2} lp.flags=0x81810100
06-11 17:04:47.153 V/WindowManager(  768): ** SHOWING status bar: top is not fullscreen
06-11 17:04:47.153 V/WindowManager(  768): finishPostLayoutPolicyLw: mHideKeyguard=false
06-11 17:04:47.160 I/WindowManager(  768): Win Window{1103cfcc u0 android}: isVisibleOrBehindKeyguardLw=true
06-11 17:04:47.160 I/WindowManager(  768): Win Window{2be9037a u0 StatusBar}: isVisibleOrBehindKeyguardLw=true
06-11 17:04:47.160 I/WindowManager(  768): Win Window{171e5c57 u0 PopupWindow:1922256a}: isVisibleOrBehindKeyguardLw=true
06-11 17:04:47.160 I/WindowManager(  768): Win Window{28139bb2 u0 com.android.settings/com.android.settings.SubSettings$WifiSubSettings}: isVisibleOrBehindKeyguardLw=true
06-11 17:04:47.160 V/WindowManager(  768): Fullscreen window: Window{28139bb2 u0 com.android.settings/com.android.settings.SubSettings$WifiSubSettings}
06-11 17:04:47.160 I/WindowManager(  768): Win Window{2bd17ad6 u0 com.android.phasebeam.PhaseBeamWallpaper}: isVisibleOrBehindKeyguardLw=false
06-11 17:04:47.160 I/WindowManager(  768): force=false forcefkg=false top=Window{28139bb2 u0 com.android.settings/com.android.settings.SubSettings$WifiSubSettings}
06-11 17:04:47.160 D/WindowManager(  768): frame: Rect(0, 0 - 720, 1280) shown frame: RectF(0.0, 0.0, 720.0, 1280.0)
06-11 17:04:47.160 D/WindowManager(  768): attr: WM.LayoutParams{(0,0)(fillxfill) sim=#110 ty=1 fl=#81810100 wanim=0x1030467 vsysui=0x600 surfaceInsets=Rect(0, 0 - 0, 0) needsMenuKey=2} lp.flags=0x81810100
06-11 17:04:47.160 V/WindowManager(  768): ** SHOWING status bar: top is not fullscreen
06-11 17:04:47.160 V/WindowManager(  768): finishPostLayoutPolicyLw: mHideKeyguard=false
06-11 17:04:47.194 I/ServiceManager(  332): Waiting for service AtCmdFwd...
06-11 17:04:47.303 D/BatteryMeterView( 2887): onDraw level = 100
06-11 17:04:47.338 I/WindowManager(  768): Win Window{1103cfcc u0 android}: isVisibleOrBehindKeyguardLw=true
06-11 17:04:47.338 I/WindowManager(  768): Win Window{2be9037a u0 StatusBar}: isVisibleOrBehindKeyguardLw=true
06-11 17:04:47.338 I/WindowManager(  768): Win Window{171e5c57 u0 PopupWindow:1922256a}: isVisibleOrBehindKeyguardLw=true
06-11 17:04:47.338 I/WindowManager(  768): Win Window{28139bb2 u0 com.android.settings/com.android.settings.SubSettings$WifiSubSettings}: isVisibleOrBehindKeyguardLw=true
06-11 17:04:47.338 V/WindowManager(  768): Fullscreen window: Window{28139bb2 u0 com.android.settings/com.android.settings.SubSettings$WifiSubSettings}
06-11 17:04:47.339 I/WindowManager(  768): Win Window{2bd17ad6 u0 com.android.phasebeam.PhaseBeamWallpaper}: isVisibleOrBehindKeyguardLw=false
06-11 17:04:47.339 I/WindowManager(  768): force=false forcefkg=false top=Window{28139bb2 u0 com.android.settings/com.android.settings.SubSettings$WifiSubSettings}
06-11 17:04:47.339 D/WindowManager(  768): frame: Rect(0, 0 - 720, 1280) shown frame: RectF(0.0, 0.0, 720.0, 1280.0)
06-11 17:04:47.339 D/WindowManager(  768): attr: WM.LayoutParams{(0,0)(fillxfill) sim=#110 ty=1 fl=#81810100 wanim=0x1030467 vsysui=0x600 surfaceInsets=Rect(0, 0 - 0, 0) needsMenuKey=2} lp.flags=0x81810100
06-11 17:04:47.339 V/WindowManager(  768): ** SHOWING status bar: top is not fullscreen
06-11 17:04:47.339 V/WindowManager(  768): finishPostLayoutPolicyLw: mHideKeyguard=false
06-11 17:04:47.475 V/WLAN_PSA(  300): NL MSG, len[4052], NL type[0x1C] WNI type[0x5900] len[48143]
06-11 17:04:47.475 V/WLAN_PSA(  300): NL MSG, PID: 300
06-11 17:04:47.820 D/BatteryMeterView( 2887): onDraw level = 2
06-11 17:04:47.840 I/SurfaceFlinger(  262): FPS: 26
06-11 17:04:48.144 E/AudioPolicyManager(  288): unknown stream type 13
06-11 17:04:48.144 E/AudioPolicyManager(  288): unknown stream type 13
06-11 17:04:48.144 E/AudioPolicyManager(  288): unknown stream type 13
06-11 17:04:48.144 E/AudioPolicyManager(  288): unknown stream type 13
06-11 17:04:48.144 E/AudioPolicyManager(  288): unknown stream type 13
06-11 17:04:48.144 E/AudioPolicyManager(  288): unknown stream type 13
06-11 17:04:48.144 E/AudioPolicyManager(  288): unknown stream type 13
06-11 17:04:48.144 E/AudioPolicyManager(  288): unknown stream type 13
06-11 17:04:48.145 E/AudioPolicyManager(  288): unknown stream type 13
06-11 17:04:48.148 I/Timeline( 4855): Timeline: Activity_launch_request id:com.android.settings time:177693
06-11 17:04:48.149 I/ActivityManager(  768): START u0 {act=android.intent.action.MAIN cmp=com.android.settings/.SubSettings (has extras)} from uid 1000 on display 0
06-11 17:04:48.150 I/WindowManager(  768): mDock rect: (0,0 - 720,1280)
06-11 17:04:48.150 V/WindowManager(  768): Status bar: dock=[0,50][720,1280] content=[0,50][720,1280] cur=[0,50][720,1280]
06-11 17:04:48.150 V/WindowManager(  768): layoutWindowLw(): normal window
06-11 17:04:48.150 V/WindowManager(  768): Compute frame : sim=#20 attach=null type=2015 flags=0x01000018 pf=[0,50][720,1280] df=[0,50][720,1280] of=[0,50][720,1280] cf=[0,50][720,1280] vf=[0,50][720,1280] dcf=[0,0][720,1280] sf=[0,50][720,1280]
06-11 17:04:48.150 V/WindowManager(  768): layoutWindowLw(com.android.settings/com.android.settings.SubSettings$WifiSubSettings): IN_SCREEN, INSET_DECOR
06-11 17:04:48.150 V/WindowManager(  768): Compute frame com.android.settings/com.android.settings.SubSettings$WifiSubSettings: sim=#110 attach=null type=1 flags=0x81810100 pf=[0,0][720,1280] df=[0,0][720,1280] of=[0,0][720,1280] cf=[0,50][720,1280] vf=[0,50][720,1280] dcf=[0,0][720,1280] sf=[0,50][720,1280]
06-11 17:04:48.151 V/WindowManager(  768): layoutWindowLw(PopupWindow:1922256a): attached to Window{28139bb2 u0 com.android.settings/com.android.settings.SubSettings$WifiSubSettings}
06-11 17:04:48.151 V/WindowManager(  768): Compute frame PopupWindow:1922256a: sim=#11 attach=Window{28139bb2 u0 com.android.settings/com.android.settings.SubSettings$WifiSubSettings} type=1000 flags=0x41860200 pf=[0,0][720,1280] df=[-10000,-10000][10000,10000] of=[-10000,-10000][10000,10000] cf=[-10000,-10000][10000,10000] vf=[-10000,-10000][10000,10000] dcf=[0,0][720,1280] sf=[0,50][720,1280]
06-11 17:04:48.151 I/WindowManager(  768): Win Window{1103cfcc u0 android}: isVisibleOrBehindKeyguardLw=true
06-11 17:04:48.151 I/WindowManager(  768): Win Window{2be9037a u0 StatusBar}: isVisibleOrBehindKeyguardLw=true
06-11 17:04:48.152 I/WindowManager(  768): Win Window{171e5c57 u0 PopupWindow:1922256a}: isVisibleOrBehindKeyguardLw=true
06-11 17:04:48.153 I/WindowManager(  768): Win Window{28139bb2 u0 com.android.settings/com.android.settings.SubSettings$WifiSubSettings}: isVisibleOrBehindKeyguardLw=true
06-11 17:04:48.153 V/WindowManager(  768): Fullscreen window: Window{28139bb2 u0 com.android.settings/com.android.settings.SubSettings$WifiSubSettings}
06-11 17:04:48.153 I/WindowManager(  768): Win Window{2bd17ad6 u0 com.android.phasebeam.PhaseBeamWallpaper}: isVisibleOrBehindKeyguardLw=false
06-11 17:04:48.153 I/WindowManager(  768): force=false forcefkg=false top=Window{28139bb2 u0 com.android.settings/com.android.settings.SubSettings$WifiSubSettings}
06-11 17:04:48.153 D/WindowManager(  768): frame: Rect(0, 0 - 720, 1280) shown frame: RectF(0.0, 0.0, 720.0, 1280.0)
06-11 17:04:48.153 D/WindowManager(  768): attr: WM.LayoutParams{(0,0)(fillxfill) sim=#110 ty=1 fl=#81810100 wanim=0x1030467 vsysui=0x600 surfaceInsets=Rect(0, 0 - 0, 0) needsMenuKey=2} lp.flags=0x81810100
06-11 17:04:48.153 V/WindowManager(  768): ** SHOWING status bar: top is not fullscreen
06-11 17:04:48.153 V/WindowManager(  768): finishPostLayoutPolicyLw: mHideKeyguard=false
06-11 17:04:48.160 V/WindowManager(  768): addAppToken: AppWindowToken{21c65562 token=Token{2fea4c2d ActivityRecord{1a5a0344 u0 com.android.settings/.SubSettings t651}}} to stack=1 task=651 at 2
06-11 17:04:48.180 I/WindowManager(  768): mDock rect: (0,0 - 720,1280)
06-11 17:04:48.180 V/WindowManager(  768): Status bar: dock=[0,50][720,1280] content=[0,50][720,1280] cur=[0,50][720,1280]
06-11 17:04:48.180 V/WindowManager(  768): layoutWindowLw(): normal window
06-11 17:04:48.181 V/WindowManager(  768): Compute frame : sim=#20 attach=null type=2015 flags=0x01000018 pf=[0,50][720,1280] df=[0,50][720,1280] of=[0,50][720,1280] cf=[0,50][720,1280] vf=[0,50][720,1280] dcf=[0,0][720,1280] sf=[0,50][720,1280]
06-11 17:04:48.181 V/WindowManager(  768): layoutWindowLw(com.android.settings/com.android.settings.SubSettings$WifiSubSettings): IN_SCREEN, INSET_DECOR
06-11 17:04:48.181 V/WindowManager(  768): Compute frame com.android.settings/com.android.settings.SubSettings$WifiSubSettings: sim=#110 attach=null type=1 flags=0x81810100 pf=[0,0][720,1280] df=[0,0][720,1280] of=[0,0][720,1280] cf=[0,50][720,1280] vf=[0,50][720,1280] dcf=[0,0][720,1280] sf=[0,50][720,1280]
06-11 17:04:48.181 V/WindowManager(  768): layoutWindowLw(PopupWindow:1922256a): attached to Window{28139bb2 u0 com.android.settings/com.android.settings.SubSettings$WifiSubSettings}
06-11 17:04:48.185 V/WindowManager(  768): Compute frame PopupWindow:1922256a: sim=#11 attach=Window{28139bb2 u0 com.android.settings/com.android.settings.SubSettings$WifiSubSettings} type=1000 flags=0x41860200 pf=[0,0][720,1280] df=[-10000,-10000][10000,10000] of=[-10000,-10000][10000,10000] cf=[-10000,-10000][10000,10000] vf=[-10000,-10000][10000,10000] dcf=[0,0][720,1280] sf=[0,50][720,1280]
06-11 17:04:48.186 I/WindowManager(  768): Win Window{1103cfcc u0 android}: isVisibleOrBehindKeyguardLw=true
06-11 17:04:48.186 I/WindowManager(  768): Win Window{2be9037a u0 StatusBar}: isVisibleOrBehindKeyguardLw=true
06-11 17:04:48.190 I/WindowManager(  768): Win Window{171e5c57 u0 PopupWindow:1922256a EXITING}: isVisibleOrBehindKeyguardLw=false
06-11 17:04:48.190 I/WindowManager(  768): Win Window{28139bb2 u0 com.android.settings/com.android.settings.SubSettings$WifiSubSettings}: isVisibleOrBehindKeyguardLw=true
06-11 17:04:48.190 V/WindowManager(  768): Fullscreen window: Window{28139bb2 u0 com.android.settings/com.android.settings.SubSettings$WifiSubSettings}
06-11 17:04:48.190 I/WindowManager(  768): Win Window{2bd17ad6 u0 com.android.phasebeam.PhaseBeamWallpaper}: isVisibleOrBehindKeyguardLw=false
06-11 17:04:48.190 I/WindowManager(  768): force=false forcefkg=false top=Window{28139bb2 u0 com.android.settings/com.android.settings.SubSettings$WifiSubSettings}
06-11 17:04:48.190 D/WindowManager(  768): frame: Rect(0, 0 - 720, 1280) shown frame: RectF(0.0, 0.0, 720.0, 1280.0)
06-11 17:04:48.190 D/WindowManager(  768): attr: WM.LayoutParams{(0,0)(fillxfill) sim=#110 ty=1 fl=#81810100 wanim=0x1030467 vsysui=0x600 surfaceInsets=Rect(0, 0 - 0, 0) needsMenuKey=2} lp.flags=0x81810100
06-11 17:04:48.190 V/WindowManager(  768): ** SHOWING status bar: top is not fullscreen
06-11 17:04:48.190 V/WindowManager(  768): finishPostLayoutPolicyLw: mHideKeyguard=false
06-11 17:04:48.195 I/ServiceManager(  332): Waiting for service AtCmdFwd...
06-11 17:04:48.195 W/InputEventReceiver( 4855): Attempted to finish an input event but the input event receiver has already been disposed.
06-11 17:04:48.205 I/WindowManager(  768): Win Window{1103cfcc u0 android}: isVisibleOrBehindKeyguardLw=true
06-11 17:04:48.205 I/WindowManager(  768): Win Window{2be9037a u0 StatusBar}: isVisibleOrBehindKeyguardLw=true
06-11 17:04:48.205 I/WindowManager(  768): Win Window{171e5c57 u0 PopupWindow:1922256a EXITING}: isVisibleOrBehindKeyguardLw=false
06-11 17:04:48.205 I/WindowManager(  768): Win Window{28139bb2 u0 com.android.settings/com.android.settings.SubSettings$WifiSubSettings}: isVisibleOrBehindKeyguardLw=false
06-11 17:04:48.205 I/WindowManager(  768): Win Window{2bd17ad6 u0 com.android.phasebeam.PhaseBeamWallpaper}: isVisibleOrBehindKeyguardLw=false
06-11 17:04:48.205 I/WindowManager(  768): force=false forcefkg=false top=null
06-11 17:04:48.205 V/WindowManager(  768): finishPostLayoutPolicyLw: mHideKeyguard=false
06-11 17:04:48.248 D/SubSettings( 4855): Launching fragment com.android.settings.wifi.AdvancedWifiSettings
06-11 17:04:48.265 W/ResourceType( 4855): Failure getting entry for 0x7f090baa (t=8 e=2986) (error -75)
06-11 17:04:48.265 W/ResourceType( 4855): Failure getting entry for 0x7f090bab (t=8 e=2987) (error -75)
06-11 17:04:48.265 W/Resources( 4855): Converting to string: TypedValue{t=0x1/d=0x7f090bab a=-1 r=0x7f090bab}
06-11 17:04:48.265 W/Resources( 4855): Converting to string: TypedValue{t=0x1/d=0x7f090baa a=-1 r=0x7f090baa}
06-11 17:04:48.266 W/ResourceType( 4855): Failure getting entry for 0x7f090baa (t=8 e=2986) (error -75)
06-11 17:04:48.266 W/ResourceType( 4855): Failure getting entry for 0x7f090bab (t=8 e=2987) (error -75)
06-11 17:04:48.266 W/Resources( 4855): Converting to string: TypedValue{t=0x1/d=0x7f090bab a=-1 r=0x7f090bab}
06-11 17:04:48.287 E/AudioPolicyManager(  288): unknown stream type 13
06-11 17:04:48.288 E/AudioPolicyManager(  288): unknown stream type 13
06-11 17:04:48.288 E/AudioPolicyManager(  288): unknown stream type 13
06-11 17:04:48.288 E/AudioPolicyManager(  288): unknown stream type 13
