I/telpo_native(  751): 00
I/telpo_native(  751): 00
I/telpo_native(  751): 00
I/telpo_native(  751): 00
I/telpo_native(  751): 00
I/telpo_native(  751): 00
I/telpo_native(  751): 00
I/telpo_native(  751): 00
I/telpo_native(  751): 
D/telpo_native(  751): handle_emv_serial_read_write_cmd: parse successfully!
I/telpo_native(  751): handle_emv_serial_read_write_cmd: receive data length is 20
I/telpo_native(  751): 0b
I/telpo_native(  751): b0
I/telpo_native(  751): 96
I/telpo_native(  751): 69
I/telpo_native(  751): 04
I/telpo_native(  751): 00
I/telpo_native(  751): 00
I/telpo_native(  751): 00
I/telpo_native(  751): e8
I/telpo_native(  751): 00
I/telpo_native(  751): 04
I/telpo_native(  751): 01
I/telpo_native(  751): 00
I/telpo_native(  751): 00
I/telpo_native(  751): 00
I/telpo_native(  751): 00
I/telpo_native(  751): 00
I/telpo_native(  751): 00
I/telpo_native(  751): 00
I/telpo_native(  751): 00
I/telpo_native(  751): 
D/telpo_native( 6458): CallIntMethod return ret = 0 length = 20
D/BatteryMeterView( 3026): onDraw level = 52
D/PhoneStatusBar( 3026): disable: < expand ICONS alerts SYSTEM_INFO back HOME RECENT clock SEARCH >
I/WindowManager(  751): Win Window{2b5d0932 u0 android}: isVisibleOrBehindKeyguardLw=true
I/WindowManager(  751): Win Window{23583ca7 u0 StatusBar}: isVisibleOrBehindKeyguardLw=true
I/WindowManager(  751): Win Window{276e6867 u0 com.android.phasebeam.PhaseBeamWallpaper}: isVisibleOrBehindKeyguardLw=true
I/WindowManager(  751): Win Window{2b5c623f u0 com.interswitchng.interswitchpossdkdemo.telpo.v2.debug/com.interswitchng.smartpos.modules.main.MainActivity}: isVisibleOrBehindKeyguardLw=true
V/WindowManager(  751): Fullscreen window: Window{2b5c623f u0 com.interswitchng.interswitchpossdkdemo.telpo.v2.debug/com.interswitchng.smartpos.modules.main.MainActivity}
I/WindowManager(  751): force=false forcefkg=true top=Window{2b5c623f u0 com.interswitchng.interswitchpossdkdemo.telpo.v2.debug/com.interswitchng.smartpos.modules.main.MainActivity}
V/WindowManager(  751): Showing status bar: forced
V/WindowManager(  751): finishPostLayoutPolicyLw: mHideKeyguard=false
D/WindowManager(  751): PWM.startKeyguardExitAnimation
D/telpo_native(  751): usb_printer_write data start!
D/telpo_native(  751): usb_printer_write start!
E/telpo_native(  751): ret = 25
D/telpo_native(  751): handle_emv_serial_read_write_cmd: usb write length = 25
E/telpo_native(  751): serial_read:start read
I/WindowManager(  751): mDock rect: (0,0 - 720,1280)
E/telpo_native(  751): serial_read:serial_read read_size = 0
V/WindowManager(  751): Status bar: dock=[0,50][720,1280] content=[0,50][720,1280] cur=[0,50][720,1280]
V/WindowManager(  751): layoutWindowLw(): normal window
V/WindowManager(  751): Compute frame : sim=#20 attach=null type=2015 flags=0x01000018 pf=[0,50][720,1280] df=[0,50][720,1280] of=[0,50][720,1280] cf=[0,50][720,1280] vf=[0,50][720,1280] dcf=[0,0][720,1280] sf=[0,50][720,1280]
V/WindowManager(  751): Compute frame StatusBar: sim=#10 attach=null type=2000 flags=0x81960040 pf=[0,0][720,1280] df=[0,0][720,1280] of=[0,0][720,1280] cf=[0,50][720,1280] vf=[0,50][720,1280] dcf=[0,0][0,0] sf=[0,50][720,1280]
V/WindowManager(  751): layoutWindowLw(com.interswitchng.interswitchpossdkdemo.telpo.v2.debug/com.interswitchng.smartpos.modules.main.MainActivity): IN_SCREEN, INSET_DECOR
V/WindowManager(  751): Compute frame com.interswitchng.interswitchpossdkdemo.telpo.v2.debug/com.interswitchng.smartpos.modules.main.MainActivity: sim=#20 attach=null type=1 flags=0x81810100 pf=[0,0][720,1280] df=[0,0][720,1280] of=[0,0][720,1280] cf=[0,50][720,1280] vf=[0,50][720,1280] dcf=[0,0][720,1280] sf=[0,50][720,1280]
V/WindowManager(  751): layoutWindowLw(com.android.phasebeam.PhaseBeamWallpaper): IN_SCREEN
E/AudioPolicyManager(  301): unknown stream type 13
E/AudioPolicyManager(  301): unknown stream type 13
V/WindowManager(  751): Compute frame com.android.phasebeam.PhaseBeamWallpaper: sim=#0 attach=null type=2013 flags=0x00000308 pf=[0,0][720,1280] df=[-10000,-10000][10000,10000] of=[0,0][720,1280] cf=[0,0][720,1280] vf=[0,50][720,1280] dcf=[0,0][720,1280] sf=[0,50][720,1280]
E/AudioPolicyManager(  301): unknown stream type 13
E/AudioPolicyManager(  301): unknown stream type 13
E/AudioPolicyManager(  301): unknown stream type 13
E/AudioPolicyManager(  301): unknown stream type 13
E/AudioPolicyManager(  301): unknown stream type 13
E/AudioPolicyManager(  301): unknown stream type 13
I/WindowManager(  751): Win Window{2b5d0932 u0 android}: isVisibleOrBehindKeyguardLw=true
I/WindowManager(  751): Win Window{23583ca7 u0 StatusBar}: isVisibleOrBehindKeyguardLw=true
E/AudioPolicyManager(  301): unknown stream type 13
I/WindowManager(  751): Win Window{2b5c623f u0 com.interswitchng.interswitchpossdkdemo.telpo.v2.debug/com.interswitchng.smartpos.modules.main.MainActivity}: isVisibleOrBehindKeyguardLw=true
V/WindowManager(  751): Fullscreen window: Window{2b5c623f u0 com.interswitchng.interswitchpossdkdemo.telpo.v2.debug/com.interswitchng.smartpos.modules.main.MainActivity}
I/WindowManager(  751): Win Window{276e6867 u0 com.android.phasebeam.PhaseBeamWallpaper}: isVisibleOrBehindKeyguardLw=true
I/WindowManager(  751): force=false forcefkg=true top=Window{2b5c623f u0 com.interswitchng.interswitchpossdkdemo.telpo.v2.debug/com.interswitchng.smartpos.modules.main.MainActivity}
V/WindowManager(  751): Showing status bar: forced
V/WindowManager(  751): finishPostLayoutPolicyLw: mHideKeyguard=false
D/audio_hw_primary(  301): start_output_stream: enter: stream(0xb7d8e0b0)usecase(1: low-latency-playback) devices(0x2)
D/audio_hw_primary(  301): select_devices: out_snd_device(2: speaker) in_snd_device(0: )
D/hardware_info(  301): hw_info_append_hw_type : device_name = speaker
I/soundtrigger(  301): audio_extn_sound_trigger_update_device_status: device 0x2 of type 0 for Event 1, with Raise=0
D/telpo_native(  751): handle_emv_serial_read_write_cmd: usb_printer_read length = 20
I/telpo_native(  751): 0b
I/telpo_native(  751): b0
I/telpo_native(  751): 96
I/telpo_native(  751): 69
I/telpo_native(  751): 04
I/telpo_native(  751): 00
I/telpo_native(  751): 00
I/telpo_native(  751): 00
I/telpo_native(  751): e9
I/telpo_native(  751): 00
I/telpo_native(  751): 04
I/telpo_native(  751): 01
I/telpo_native(  751): 00
I/telpo_native(  751): 00
I/telpo_native(  751): 00
I/telpo_native(  751): 00
I/telpo_native(  751): 00
I/telpo_native(  751): 00
I/telpo_native(  751): 00
I/telpo_native(  751): 00
I/telpo_native(  751): 
D/telpo_native(  751): handle_emv_serial_read_write_cmd: parse successfully!
I/telpo_native(  751): handle_emv_serial_read_write_cmd: receive data length is 20
I/telpo_native(  751): 0b
I/telpo_native(  751): b0
I/telpo_native(  751): 96
I/telpo_native(  751): 69
I/telpo_native(  751): 04
I/telpo_native(  751): 00
I/telpo_native(  751): 00
I/telpo_native(  751): 00
I/telpo_native(  751): e9
I/telpo_native(  751): 00
I/telpo_native(  751): 04
I/telpo_native(  751): 01
I/telpo_native(  751): 00
I/telpo_native(  751): 00
I/telpo_native(  751): 00
I/telpo_native(  751): 00
I/telpo_native(  751): 00
I/telpo_native(  751): 00
I/telpo_native(  751): 00
I/telpo_native(  751): 00
I/telpo_native(  751): 
D/telpo_native( 6458): CallIntMethod return ret = 0 length = 20
W/audio_hw_utils(  301): audio_extn_utils_update_stream_app_type_cfg: App type could not be selected. Falling back to default
I/audio_hw_primary(  301): select_devices Selected apptype: 69936
D/soundtrigger(  301): audio_extn_sound_trigger_update_stream_status: uc_id 1 of type 0 for Event 3, with Raise=0
D/ACDB-LOADER(  301): ACDB -> send_audio_cal, acdb_id = 14, path =  0
D/ACDB-LOADER(  301): ACDB -> send_asm_topology
D/ACDB-LOADER(  301): ACDB -> ACDB_CMD_GET_AUDPROC_STREAM_TOPOLOGY_ID
D/ACDB-LOADER(  301): ACDB -> send_adm_topology
D/ACDB-LOADER(  301): ACDB -> ACDB_CMD_GET_AUDPROC_COMMON_TOPOLOGY_ID
D/ACDB-LOADER(  301): ACDB -> send_audtable
D/ACDB-LOADER(  301): ACDB -> ACDB_CMD_GET_AUDPROC_COMMON_TABLE
D/ACDB-LOADER(  301): ACDB -> AUDIO_SET_AUDPROC_CAL
D/ACDB-LOADER(  301): ACDB -> send_audvoltable
D/ACDB-LOADER(  301): ACDB -> ACDB_CMD_GET_AUDPROC_GAIN_DEP_STEP_TABLE
D/ACDB-LOADER(  301): ACDB -> AUDIO_SET_AUDPROC_VOL_CAL
D/ACDB-LOADER(  301): ACDB -> send_afe_cal
D/ACDB-LOADER(  301): ACDB -> ACDB_CMD_GET_AFE_COMMON_TABLE
D/ACDB-LOADER(  301): ACDB -> AUDIO_SET_AFE_CAL
D/ACDB-LOADER(  301): ACDB -> send_hw_delay : acdb_id = 14 path = 0
D/ACDB-LOADER(  301): ACDB -> ACDB_AVSYNC_INFO: ACDB_CMD_GET_DEVICE_PROPERTY
I/audio_hw_utils(  301): audio_extn_utils_send_app_type_cfg app_type 69936, acdb_dev_id 14, sample_rate 48000
D/audio_hw_primary(  301): select_devices: done
I/WindowManager(  751): mDock rect: (0,0 - 720,1280)
D/PhoneStatusBar( 3026): disable: < expand icons* alerts system_info* back HOME RECENT clock SEARCH >
V/WindowManager(  751): Status bar: dock=[0,50][720,1280] content=[0,50][720,1280] cur=[0,50][720,1280]
V/WindowManager(  751): layoutWindowLw(): normal window
V/WindowManager(  751): Compute frame : sim=#20 attach=null type=2015 flags=0x01000018 pf=[0,50][720,1280] df=[0,50][720,1280] of=[0,50][720,1280] cf=[0,50][720,1280] vf=[0,50][720,1280] dcf=[0,0][720,1280] sf=[0,50][720,1280]
V/WindowManager(  751): Compute frame StatusBar: sim=#10 attach=null type=2000 flags=0x81960040 pf=[0,0][720,1280] df=[0,0][720,1280] of=[0,0][720,1280] cf=[0,50][720,1280] vf=[0,50][720,1280] dcf=[0,0][0,0] sf=[0,50][720,1280]
V/WindowManager(  751): layoutWindowLw(com.interswitchng.interswitchpossdkdemo.telpo.v2.debug/com.interswitchng.smartpos.modules.main.MainActivity): IN_SCREEN, INSET_DECOR
V/WindowManager(  751): Compute frame com.interswitchng.interswitchpossdkdemo.telpo.v2.debug/com.interswitchng.smartpos.modules.main.MainActivity: sim=#20 attach=null type=1 flags=0x81810100 pf=[0,0][720,1280] df=[0,0][720,1280] of=[0,0][720,1280] cf=[0,50][720,1280] vf=[0,50][720,1280] dcf=[0,0][720,1280] sf=[0,50][720,1280]
V/WindowManager(  751): layoutWindowLw(com.android.phasebeam.PhaseBeamWallpaper): IN_SCREEN
V/WindowManager(  751): Compute frame com.android.phasebeam.PhaseBeamWallpaper: sim=#0 attach=null type=2013 flags=0x00000308 pf=[0,0][720,1280] df=[-10000,-10000][10000,10000] of=[0,0][720,1280] cf=[0,0][720,1280] vf=[0,50][720,1280] dcf=[0,0][720,1280] sf=[0,50][720,1280]
I/WindowManager(  751): Win Window{2b5d0932 u0 android}: isVisibleOrBehindKeyguardLw=true
I/WindowManager(  751): Win Window{23583ca7 u0 StatusBar}: isVisibleOrBehindKeyguardLw=true
I/WindowManager(  751): Win Window{2b5c623f u0 com.interswitchng.interswitchpossdkdemo.telpo.v2.debug/com.interswitchng.smartpos.modules.main.MainActivity}: isVisibleOrBehindKeyguardLw=true
V/WindowManager(  751): Fullscreen window: Window{2b5c623f u0 com.interswitchng.interswitchpossdkdemo.telpo.v2.debug/com.interswitchng.smartpos.modules.main.MainActivity}
I/WindowManager(  751): Win Window{276e6867 u0 com.android.phasebeam.PhaseBeamWallpaper}: isVisibleOrBehindKeyguardLw=true
I/WindowManager(  751): force=false forcefkg=true top=Window{2b5c623f u0 com.interswitchng.interswitchpossdkdemo.telpo.v2.debug/com.interswitchng.smartpos.modules.main.MainActivity}
V/WindowManager(  751): Showing status bar: forced
V/WindowManager(  751): finishPostLayoutPolicyLw: mHideKeyguard=false
D/BluetoothAdapter( 3026): 558694161: getState() :  mService = null. Returning STATE_OFF
D/BluetoothAdapter( 3026): 558694161: getState() :  mService = null. Returning STATE_OFF
I/WindowManager(  751): mDock rect: (0,0 - 720,1280)
V/WindowManager(  751): Status bar: dock=[0,50][720,1280] content=[0,50][720,1280] cur=[0,50][720,1280]
V/WindowManager(  751): layoutWindowLw(): normal window
V/WindowManager(  751): Compute frame : sim=#20 attach=null type=2015 flags=0x01000018 pf=[0,50][720,1280] df=[0,50][720,1280] of=[0,50][720,1280] cf=[0,50][720,1280] vf=[0,50][720,1280] dcf=[0,0][720,1280] sf=[0,50][720,1280]
V/WindowManager(  751): Compute frame StatusBar: sim=#10 attach=null type=2000 flags=0x81960040 pf=[0,0][720,1280] df=[0,0][720,1280] of=[0,0][720,1280] cf=[0,50][720,1280] vf=[0,50][720,1280] dcf=[0,0][0,0] sf=[0,50][720,1280]
V/WindowManager(  751): layoutWindowLw(com.interswitchng.interswitchpossdkdemo.telpo.v2.debug/com.interswitchng.smartpos.modules.main.MainActivity): IN_SCREEN, INSET_DECOR
V/WindowManager(  751): Compute frame com.interswitchng.interswitchpossdkdemo.telpo.v2.debug/com.interswitchng.smartpos.modules.main.MainActivity: sim=#20 attach=null type=1 flags=0x81810100 pf=[0,0][720,1280] df=[0,0][720,1280] of=[0,0][720,1280] cf=[0,50][720,1280] vf=[0,50][720,1280] dcf=[0,0][720,1280] sf=[0,50][720,1280]
V/WindowManager(  751): layoutWindowLw(com.android.phasebeam.PhaseBeamWallpaper): IN_SCREEN
V/WindowManager(  751): Compute frame com.android.phasebeam.PhaseBeamWallpaper: sim=#0 attach=null type=2013 flags=0x00000308 pf=[0,0][720,1280] df=[-10000,-10000][10000,10000] of=[0,0][720,1280] cf=[0,0][720,1280] vf=[0,50][720,1280] dcf=[0,0][720,1280] sf=[0,50][720,1280]
I/WindowManager(  751): Win Window{2b5d0932 u0 android}: isVisibleOrBehindKeyguardLw=true
I/WindowManager(  751): Win Window{23583ca7 u0 StatusBar}: isVisibleOrBehindKeyguardLw=true
I/WindowManager(  751): Win Window{2b5c623f u0 com.interswitchng.interswitchpossdkdemo.telpo.v2.debug/com.interswitchng.smartpos.modules.main.MainActivity}: isVisibleOrBehindKeyguardLw=true
V/WindowManager(  751): Fullscreen window: Window{2b5c623f u0 com.interswitchng.interswitchpossdkdemo.telpo.v2.debug/com.interswitchng.smartpos.modules.main.MainActivity}
I/WindowManager(  751): Win Window{276e6867 u0 com.android.phasebeam.PhaseBeamWallpaper}: isVisibleOrBehindKeyguardLw=true
I/WindowManager(  751): force=false forcefkg=true top=Window{2b5c623f u0 com.interswitchng.interswitchpossdkdemo.telpo.v2.debug/com.interswitchng.smartpos.modules.main.MainActivity}
V/WindowManager(  751): Showing status bar: forced
V/WindowManager(  751): finishPostLayoutPolicyLw: mHideKeyguard=false
I/WindowManager(  751): mDock rect: (0,0 - 720,1280)
V/WindowManager(  751): Status bar: dock=[0,50][720,1280] content=[0,50][720,1280] cur=[0,50][720,1280]
V/WindowManager(  751): layoutWindowLw(): normal window
V/WindowManager(  751): Compute frame : sim=#20 attach=null type=2015 flags=0x01000018 pf=[0,50][720,1280] df=[0,50][720,1280] of=[0,50][720,1280] cf=[0,50][720,1280] vf=[0,50][720,1280] dcf=[0,0][720,1280] sf=[0,50][720,1280]
V/WindowManager(  751): Compute frame StatusBar: sim=#10 attach=null type=2000 flags=0x81960040 pf=[0,0][720,1280] df=[0,0][720,1280] of=[0,0][720,1280] cf=[0,50][720,1280] vf=[0,50][720,1280] dcf=[0,0][0,0] sf=[0,50][720,1280]
V/WindowManager(  751): layoutWindowLw(com.interswitchng.interswitchpossdkdemo.telpo.v2.debug/com.interswitchng.smartpos.modules.main.MainActivity): IN_SCREEN, INSET_DECOR
V/WindowManager(  751): Compute frame com.interswitchng.interswitchpossdkdemo.telpo.v2.debug/com.interswitchng.smartpos.modules.main.MainActivity: sim=#20 attach=null type=1 flags=0x81810100 pf=[0,0][720,1280] df=[0,0][720,1280] of=[0,0][720,1280] cf=[0,50][720,1280] vf=[0,50][720,1280] dcf=[0,0][720,1280] sf=[0,50][720,1280]
V/WindowManager(  751): layoutWindowLw(com.android.phasebeam.PhaseBeamWallpaper): IN_SCREEN
V/WindowManager(  751): Compute frame com.android.phasebeam.PhaseBeamWallpaper: sim=#0 attach=null type=2013 flags=0x00000308 pf=[0,0][720,1280] df=[-10000,-10000][10000,10000] of=[0,0][720,1280] cf=[0,0][720,1280] vf=[0,50][720,1280] dcf=[0,0][720,1280] sf=[0,50][720,1280]
I/WindowManager(  751): Win Window{2b5d0932 u0 android}: isVisibleOrBehindKeyguardLw=true
I/WindowManager(  751): Win Window{23583ca7 u0 StatusBar}: isVisibleOrBehindKeyguardLw=true
I/WindowManager(  751): Win Window{2b5c623f u0 com.interswitchng.interswitchpossdkdemo.telpo.v2.debug/com.interswitchng.smartpos.modules.main.MainActivity}: isVisibleOrBehindKeyguardLw=true
V/WindowManager(  751): Fullscreen window: Window{2b5c623f u0 com.interswitchng.interswitchpossdkdemo.telpo.v2.debug/com.interswitchng.smartpos.modules.main.MainActivity}
I/WindowManager(  751): Win Window{276e6867 u0 com.android.phasebeam.PhaseBeamWallpaper}: isVisibleOrBehindKeyguardLw=true
I/WindowManager(  751): force=false forcefkg=true top=Window{2b5c623f u0 com.interswitchng.interswitchpossdkdemo.telpo.v2.debug/com.interswitchng.smartpos.modules.main.MainActivity}
V/WindowManager(  751): Showing status bar: forced
V/WindowManager(  751): finishPostLayoutPolicyLw: mHideKeyguard=false
I/WindowManager(  751): Win Window{2b5d0932 u0 android}: isVisibleOrBehindKeyguardLw=true
I/WindowManager(  751): Win Window{23583ca7 u0 StatusBar}: isVisibleOrBehindKeyguardLw=true
I/WindowManager(  751): Win Window{2b5c623f u0 com.interswitchng.interswitchpossdkdemo.telpo.v2.debug/com.interswitchng.smartpos.modules.main.MainActivity}: isVisibleOrBehindKeyguardLw=true
V/WindowManager(  751): Fullscreen window: Window{2b5c623f u0 com.interswitchng.interswitchpossdkdemo.telpo.v2.debug/com.interswitchng.smartpos.modules.main.MainActivity}
I/WindowManager(  751): Win Window{276e6867 u0 com.android.phasebeam.PhaseBeamWallpaper}: isVisibleOrBehindKeyguardLw=true
I/WindowManager(  751): force=false forcefkg=true top=Window{2b5c623f u0 com.interswitchng.interswitchpossdkdemo.telpo.v2.debug/com.interswitchng.smartpos.modules.main.MainActivity}
V/WindowManager(  751): Showing status bar: forced
V/WindowManager(  751): finishPostLayoutPolicyLw: mHideKeyguard=false
I/WindowManager(  751): mDock rect: (0,0 - 720,1280)
V/WindowManager(  751): Status bar: dock=[0,50][720,1280] content=[0,50][720,1280] cur=[0,50][720,1280]
V/WindowManager(  751): layoutWindowLw(): normal window
V/WindowManager(  751): Compute frame : sim=#20 attach=null type=2015 flags=0x01000018 pf=[0,50][720,1280] df=[0,50][720,1280] of=[0,50][720,1280] cf=[0,50][720,1280] vf=[0,50][720,1280] dcf=[0,0][720,1280] sf=[0,50][720,1280]
V/WindowManager(  751): Compute frame StatusBar: sim=#10 attach=null type=2000 flags=0x81960040 pf=[0,0][720,1280] df=[0,0][720,1280] of=[0,0][720,1280] cf=[0,50][720,1280] vf=[0,50][720,1280] dcf=[0,0][0,0] sf=[0,50][720,1280]
V/WindowManager(  751): layoutWindowLw(com.interswitchng.interswitchpossdkdemo.telpo.v2.debug/com.interswitchng.smartpos.modules.main.MainActivity): IN_SCREEN, INSET_DECOR
V/WindowManager(  751): Compute frame com.interswitchng.interswitchpossdkdemo.telpo.v2.debug/com.interswitchng.smartpos.modules.main.MainActivity: sim=#20 attach=null type=1 flags=0x81810100 pf=[0,0][720,1280] df=[0,0][720,1280] of=[0,0][720,1280] cf=[0,50][720,1280] vf=[0,50][720,1280] dcf=[0,0][720,1280] sf=[0,50][720,1280]
V/WindowManager(  751): layoutWindowLw(com.android.phasebeam.PhaseBeamWallpaper): IN_SCREEN
V/WindowManager(  751): Compute frame com.android.phasebeam.PhaseBeamWallpaper: sim=#0 attach=null type=2013 flags=0x00000308 pf=[0,0][720,1280] df=[-10000,-10000][10000,10000] of=[0,0][720,1280] cf=[0,0][720,1280] vf=[0,50][720,1280] dcf=[0,0][720,1280] sf=[0,50][720,1280]
I/WindowManager(  751): Win Window{2b5d0932 u0 android}: isVisibleOrBehindKeyguardLw=true
I/WindowManager(  751): Win Window{23583ca7 u0 StatusBar}: isVisibleOrBehindKeyguardLw=true
I/WindowManager(  751): Win Window{2b5c623f u0 com.interswitchng.interswitchpossdkdemo.telpo.v2.debug/com.interswitchng.smartpos.modules.main.MainActivity}: isVisibleOrBehindKeyguardLw=true
V/WindowManager(  751): Fullscreen window: Window{2b5c623f u0 com.interswitchng.interswitchpossdkdemo.telpo.v2.debug/com.interswitchng.smartpos.modules.main.MainActivity}
I/WindowManager(  751): Win Window{276e6867 u0 com.android.phasebeam.PhaseBeamWallpaper}: isVisibleOrBehindKeyguardLw=true
I/WindowManager(  751): force=false forcefkg=true top=Window{2b5c623f u0 com.interswitchng.interswitchpossdkdemo.telpo.v2.debug/com.interswitchng.smartpos.modules.main.MainActivity}
V/WindowManager(  751): Showing status bar: forced
V/WindowManager(  751): finishPostLayoutPolicyLw: mHideKeyguard=false
I/WindowManager(  751): mDock rect: (0,0 - 720,1280)
V/WindowManager(  751): Status bar: dock=[0,50][720,1280] content=[0,50][720,1280] cur=[0,50][720,1280]
V/WindowManager(  751): layoutWindowLw(): normal window
V/WindowManager(  751): Compute frame : sim=#20 attach=null type=2015 flags=0x01000018 pf=[0,50][720,1280] df=[0,50][720,1280] of=[0,50][720,1280] cf=[0,50][720,1280] vf=[0,50][720,1280] dcf=[0,0][720,1280] sf=[0,50][720,1280]
V/WindowManager(  751): layoutWindowLw(com.interswitchng.interswitchpossdkdemo.telpo.v2.debug/com.interswitchng.smartpos.modules.main.MainActivity): IN_SCREEN, INSET_DECOR
V/WindowManager(  751): Compute frame com.interswitchng.interswitchpossdkdemo.telpo.v2.debug/com.interswitchng.smartpos.modules.main.MainActivity: sim=#20 attach=null type=1 flags=0x81810100 pf=[0,0][720,1280] df=[0,0][720,1280] of=[0,0][720,1280] cf=[0,50][720,1280] vf=[0,50][720,1280] dcf=[0,0][720,1280] sf=[0,50][720,1280]
V/WindowManager(  751): layoutWindowLw(com.android.phasebeam.PhaseBeamWallpaper): IN_SCREEN
V/WindowManager(  751): Compute frame com.android.phasebeam.PhaseBeamWallpaper: sim=#0 attach=null type=2013 flags=0x00000308 pf=[0,0][720,1280] df=[-10000,-10000][10000,10000] of=[0,0][720,1280] cf=[0,0][720,1280] vf=[0,50][720,1280] dcf=[0,0][720,1280] sf=[0,50][720,1280]
I/WindowManager(  751): Win Window{2b5d0932 u0 android}: isVisibleOrBehindKeyguardLw=true
I/WindowManager(  751): Win Window{23583ca7 u0 StatusBar}: isVisibleOrBehindKeyguardLw=true
I/WindowManager(  751): Win Window{2b5c623f u0 com.interswitchng.interswitchpossdkdemo.telpo.v2.debug/com.interswitchng.smartpos.modules.main.MainActivity}: isVisibleOrBehindKeyguardLw=true
V/WindowManager(  751): Fullscreen window: Window{2b5c623f u0 com.interswitchng.interswitchpossdkdemo.telpo.v2.debug/com.interswitchng.smartpos.modules.main.MainActivity}
I/WindowManager(  751): Win Window{276e6867 u0 com.android.phasebeam.PhaseBeamWallpaper}: isVisibleOrBehindKeyguardLw=true
I/WindowManager(  751): force=false forcefkg=false top=Window{2b5c623f u0 com.interswitchng.interswitchpossdkdemo.telpo.v2.debug/com.interswitchng.smartpos.modules.main.MainActivity}
D/WindowManager(  751): frame: Rect(0, 0 - 720, 1280) shown frame: RectF(0.0, 1407.9688, 720.0, 2687.9688)
D/WindowManager(  751): attr: WM.LayoutParams{(0,0)(fillxfill) sim=#20 ty=1 fl=#81810100 wanim=0x1030467 vsysui=0x600 surfaceInsets=Rect(0, 0 - 0, 0) needsMenuKey=2} lp.flags=0x81810100
V/WindowManager(  751): ** SHOWING status bar: top is not fullscreen
V/WindowManager(  751): finishPostLayoutPolicyLw: mHideKeyguard=false
I/WindowManager(  751): mDock rect: (0,0 - 720,1280)
V/WindowManager(  751): Status bar: dock=[0,50][720,1280] content=[0,50][720,1280] cur=[0,50][720,1280]
V/WindowManager(  751): layoutWindowLw(): normal window
V/WindowManager(  751): Compute frame : sim=#20 attach=null type=2015 flags=0x01000018 pf=[0,50][720,1280] df=[0,50][720,1280] of=[0,50][720,1280] cf=[0,50][720,1280] vf=[0,50][720,1280] dcf=[0,0][720,1280] sf=[0,50][720,1280]
V/WindowManager(  751): layoutWindowLw(com.interswitchng.interswitchpossdkdemo.telpo.v2.debug/com.interswitchng.smartpos.modules.main.MainActivity): IN_SCREEN, INSET_DECOR
V/WindowManager(  751): Compute frame com.interswitchng.interswitchpossdkdemo.telpo.v2.debug/com.interswitchng.smartpos.modules.main.MainActivity: sim=#120 attach=null type=1 flags=0x81810100 pf=[0,0][720,1280] df=[0,0][720,1280] of=[0,0][720,1280] cf=[0,50][720,1280] vf=[0,50][720,1280] dcf=[0,0][720,1280] sf=[0,50][720,1280]
V/WindowManager(  751): layoutWindowLw(com.android.phasebeam.PhaseBeamWallpaper): IN_SCREEN
V/WindowManager(  751): Compute frame com.android.phasebeam.PhaseBeamWallpaper: sim=#0 attach=null type=2013 flags=0x00000308 pf=[0,0][720,1280] df=[-10000,-10000][10000,10000] of=[0,0][720,1280] cf=[0,0][720,1280] vf=[0,50][720,1280] dcf=[0,0][720,1280] sf=[0,50][720,1280]
I/WindowManager(  751): Win Window{2b5d0932 u0 android}: isVisibleOrBehindKeyguardLw=true
I/WindowManager(  751): Win Window{23583ca7 u0 StatusBar}: isVisibleOrBehindKeyguardLw=true
I/WindowManager(  751): Win Window{2b5c623f u0 com.interswitchng.interswitchpossdkdemo.telpo.v2.debug/com.interswitchng.smartpos.modules.main.MainActivity}: isVisibleOrBehindKeyguardLw=true
V/WindowManager(  751): Fullscreen window: Window{2b5c623f u0 com.interswitchng.interswitchpossdkdemo.telpo.v2.debug/com.interswitchng.smartpos.modules.main.MainActivity}
I/WindowManager(  751): Win Window{276e6867 u0 com.android.phasebeam.PhaseBeamWallpaper}: isVisibleOrBehindKeyguardLw=true
I/WindowManager(  751): force=false forcefkg=false top=Window{2b5c623f u0 com.interswitchng.interswitchpossdkdemo.telpo.v2.debug/com.interswitchng.smartpos.modules.main.MainActivity}
D/WindowManager(  751): frame: Rect(0, 0 - 720, 1280) shown frame: RectF(0.0, 1407.9688, 720.0, 2687.9688)
D/WindowManager(  751): attr: WM.LayoutParams{(0,0)(fillxfill) sim=#120 ty=1 fl=#81810100 wanim=0x1030467 vsysui=0x600 surfaceInsets=Rect(0, 0 - 0, 0) needsMenuKey=2} lp.flags=0x81810100
V/WindowManager(  751): ** SHOWING status bar: top is not fullscreen
V/WindowManager(  751): finishPostLayoutPolicyLw: mHideKeyguard=false
D/BatteryMeterView( 3026): onDraw level = 12
D/PhoneStatusBar( 3026): disable: < expand icons alerts system_info back home* recent* clock search* >
W/InputMethodManagerService(  751): Window already focused, ignoring focus gain of: com.android.internal.view.IInputMethodClient$Stub$Proxy@33164bd9 attribute=android.view.inputmethod.EditorInfo@e70999e, token = android.os.BinderProxy@37a13e5e
I/Timeline( 6458): Timeline: Activity_idle id: android.os.BinderProxy@3d57c5a5 time:861777
I/SurfaceFlinger(  260): FPS: 50
I/GoogleURLConnFactory( 7767): Using platform SSLCertificateSocketFactory
E/BaseAppContext( 7767): Tried to stop global GMSCore RequestQueue. This is likely unintended, so ignoring.
I/Authzen ( 7767): [DeviceStateSyncManager] The server is in sync with current state. Nothing to do
E/AudioPolicyManager(  301): unknown stream type 13
E/AudioPolicyManager(  301): unknown stream type 13
E/AudioPolicyManager(  301): unknown stream type 13
E/AudioPolicyManager(  301): unknown stream type 13
E/AudioPolicyManager(  301): unknown stream type 13
E/AudioPolicyManager(  301): unknown stream type 13
E/AudioPolicyManager(  301): unknown stream type 13
E/AudioPolicyManager(  301): unknown stream type 13
E/AudioPolicyManager(  301): unknown stream type 13
E/AudioPolicyManager(  301): unknown stream type 13
E/AudioPolicyManager(  301): unknown stream type 13
E/AudioPolicyManager(  301): unknown stream type 13
E/AudioPolicyManager(  301): unknown stream type 13
E/AudioPolicyManager(  301): unknown stream type 13
E/AudioPolicyManager(  301): unknown stream type 13
E/AudioPolicyManager(  301): unknown stream type 13
E/AudioPolicyManager(  301): unknown stream type 13
I/WindowManager(  751): Win Window{2b5d0932 u0 android}: isVisibleOrBehindKeyguardLw=true
I/WindowManager(  751): Win Window{23583ca7 u0 StatusBar}: isVisibleOrBehindKeyguardLw=true
I/WindowManager(  751): Win Window{2b5c623f u0 com.interswitchng.interswitchpossdkdemo.telpo.v2.debug/com.interswitchng.smartpos.modules.main.MainActivity}: isVisibleOrBehindKeyguardLw=true
V/WindowManager(  751): Fullscreen window: Window{2b5c623f u0 com.interswitchng.interswitchpossdkdemo.telpo.v2.debug/com.interswitchng.smartpos.modules.main.MainActivity}
I/WindowManager(  751): Win Window{276e6867 u0 com.android.phasebeam.PhaseBeamWallpaper}: isVisibleOrBehindKeyguardLw=true
I/WindowManager(  751): force=false forcefkg=false top=Window{2b5c623f u0 com.interswitchng.interswitchpossdkdemo.telpo.v2.debug/com.interswitchng.smartpos.modules.main.MainActivity}
D/WindowManager(  751): frame: Rect(0, 0 - 720, 1280) shown frame: RectF(0.0, 0.0, 720.0, 1280.0)
D/WindowManager(  751): attr: WM.LayoutParams{(0,0)(fillxfill) sim=#120 ty=1 fl=#81810100 wanim=0x1030467 vsysui=0x600 surfaceInsets=Rect(0, 0 - 0, 0) needsMenuKey=2} lp.flags=0x81810100
V/WindowManager(  751): ** SHOWING status bar: top is not fullscreen
V/WindowManager(  751): finishPostLayoutPolicyLw: mHideKeyguard=false
I/WindowManager(  751): mDock rect: (0,0 - 720,1280)
V/WindowManager(  751): Status bar: dock=[0,50][720,1280] content=[0,50][720,1280] cur=[0,50][720,1280]
V/WindowManager(  751): layoutWindowLw(): normal window
V/WindowManager(  751): Compute frame : sim=#20 attach=null type=2015 flags=0x01000018 pf=[0,50][720,1280] df=[0,50][720,1280] of=[0,50][720,1280] cf=[0,50][720,1280] vf=[0,50][720,1280] dcf=[0,0][720,1280] sf=[0,50][720,1280]
V/WindowManager(  751): layoutWindowLw(com.interswitchng.interswitchpossdkdemo.telpo.v2.debug/com.interswitchng.smartpos.modules.main.MainActivity): IN_SCREEN, INSET_DECOR
V/WindowManager(  751): Compute frame com.interswitchng.interswitchpossdkdemo.telpo.v2.debug/com.interswitchng.smartpos.modules.main.MainActivity: sim=#120 attach=null type=1 flags=0x81810100 pf=[0,0][720,1280] df=[0,0][720,1280] of=[0,0][720,1280] cf=[0,50][720,1280] vf=[0,50][720,1280] dcf=[0,0][720,1280] sf=[0,50][720,1280]
V/WindowManager(  751): layoutWindowLw(com.android.phasebeam.PhaseBeamWallpaper): IN_SCREEN
V/WindowManager(  751): Compute frame com.android.phasebeam.PhaseBeamWallpaper: sim=#0 attach=null type=2013 flags=0x00000308 pf=[0,0][720,1280] df=[-10000,-10000][10000,10000] of=[0,0][720,1280] cf=[0,0][720,1280] vf=[0,50][720,1280] dcf=[0,0][720,1280] sf=[0,50][720,1280]
I/WindowManager(  751): Win Window{2b5d0932 u0 android}: isVisibleOrBehindKeyguardLw=true
I/WindowManager(  751): Win Window{23583ca7 u0 StatusBar}: isVisibleOrBehindKeyguardLw=true
I/WindowManager(  751): Win Window{2b5c623f u0 com.interswitchng.interswitchpossdkdemo.telpo.v2.debug/com.interswitchng.smartpos.modules.main.MainActivity}: isVisibleOrBehindKeyguardLw=true
V/WindowManager(  751): Fullscreen window: Window{2b5c623f u0 com.interswitchng.interswitchpossdkdemo.telpo.v2.debug/com.interswitchng.smartpos.modules.main.MainActivity}
I/WindowManager(  751): Win Window{276e6867 u0 com.android.phasebeam.PhaseBeamWallpaper}: isVisibleOrBehindKeyguardLw=true
I/WindowManager(  751): force=false forcefkg=false top=Window{2b5c623f u0 com.interswitchng.interswitchpossdkdemo.telpo.v2.debug/com.interswitchng.smartpos.modules.main.MainActivity}
D/WindowManager(  751): frame: Rect(0, 0 - 720, 1280) shown frame: RectF(0.0, 0.0, 720.0, 1280.0)
D/WindowManager(  751): attr: WM.LayoutParams{(0,0)(fillxfill) sim=#120 ty=1 fl=#81810100 wanim=0x1030467 vsysui=0x600 surfaceInsets=Rect(0, 0 - 0, 0) needsMenuKey=2} lp.flags=0x81810100
V/WindowManager(  751): ** SHOWING status bar: top is not fullscreen
V/WindowManager(  751): finishPostLayoutPolicyLw: mHideKeyguard=false
I/WindowManager(  751): mDock rect: (0,0 - 720,1280)
V/WindowManager(  751): Status bar: dock=[0,50][720,1280] content=[0,50][720,1280] cur=[0,50][720,1280]
V/WindowManager(  751): layoutWindowLw(): normal window
V/WindowManager(  751): Compute frame : sim=#20 attach=null type=2015 flags=0x01000018 pf=[0,50][720,1280] df=[0,50][720,1280] of=[0,50][720,1280] cf=[0,50][720,1280] vf=[0,50][720,1280] dcf=[0,0][720,1280] sf=[0,50][720,1280]
V/WindowManager(  751): layoutWindowLw(com.interswitchng.interswitchpossdkdemo.telpo.v2.debug/com.interswitchng.smartpos.modules.main.MainActivity): IN_SCREEN, INSET_DECOR
V/WindowManager(  751): Compute frame com.interswitchng.interswitchpossdkdemo.telpo.v2.debug/com.interswitchng.smartpos.modules.main.MainActivity: sim=#120 attach=null type=1 flags=0x81810100 pf=[0,0][720,1280] df=[0,0][720,1280] of=[0,0][720,1280] cf=[0,50][720,1280] vf=[0,50][720,1280] dcf=[0,0][720,1280] sf=[0,50][720,1280]
I/WindowManager(  751): Win Window{2b5d0932 u0 android}: isVisibleOrBehindKeyguardLw=true
I/WindowManager(  751): Win Window{23583ca7 u0 StatusBar}: isVisibleOrBehindKeyguardLw=true
I/WindowManager(  751): Win Window{2b5c623f u0 com.interswitchng.interswitchpossdkdemo.telpo.v2.debug/com.interswitchng.smartpos.modules.main.MainActivity}: isVisibleOrBehindKeyguardLw=true
V/WindowManager(  751): Fullscreen window: Window{2b5c623f u0 com.interswitchng.interswitchpossdkdemo.telpo.v2.debug/com.interswitchng.smartpos.modules.main.MainActivity}
I/WindowManager(  751): Win Window{276e6867 u0 com.android.phasebeam.PhaseBeamWallpaper}: isVisibleOrBehindKeyguardLw=false
I/WindowManager(  751): force=false forcefkg=false top=Window{2b5c623f u0 com.interswitchng.interswitchpossdkdemo.telpo.v2.debug/com.interswitchng.smartpos.modules.main.MainActivity}
D/WindowManager(  751): frame: Rect(0, 0 - 720, 1280) shown frame: RectF(0.0, 0.0, 720.0, 1280.0)
D/WindowManager(  751): attr: WM.LayoutParams{(0,0)(fillxfill) sim=#120 ty=1 fl=#81810100 wanim=0x1030467 vsysui=0x600 surfaceInsets=Rect(0, 0 - 0, 0) needsMenuKey=2} lp.flags=0x81810100
V/WindowManager(  751): ** SHOWING status bar: top is not fullscreen
V/WindowManager(  751): finishPostLayoutPolicyLw: mHideKeyguard=false
D/telpo_native(  751): usb_printer_write data start!
D/telpo_native(  751): usb_printer_write start!
E/telpo_native(  751): ret = 25
D/telpo_native(  751): handle_emv_serial_read_write_cmd: usb write length = 25
E/telpo_native(  751): serial_read:start read
E/telpo_native(  751): serial_read:serial_read read_size = 0
D/telpo_native(  751): handle_emv_serial_read_write_cmd: usb_printer_read length = 20
I/telpo_native(  751): 0b
I/telpo_native(  751): b0
I/telpo_native(  751): 96
I/telpo_native(  751): 69
I/telpo_native(  751): 04
I/telpo_native(  751): 00
I/telpo_native(  751): 00
I/telpo_native(  751): 00
I/telpo_native(  751): ea
I/telpo_native(  751): 00
I/telpo_native(  751): 04
I/telpo_native(  751): 01
I/telpo_native(  751): 00
I/telpo_native(  751): 00
I/telpo_native(  751): 00
I/telpo_native(  751): 00
I/telpo_native(  751): 00
I/telpo_native(  751): 00
I/telpo_native(  751): 00
I/telpo_native(  751): 00
I/telpo_native(  751): 
D/telpo_native(  751): handle_emv_serial_read_write_cmd: parse successfully!
I/telpo_native(  751): handle_emv_serial_read_write_cmd: receive data length is 20
I/telpo_native(  751): 0b
I/telpo_native(  751): b0
I/telpo_native(  751): 96
I/telpo_native(  751): 69
I/telpo_native(  751): 04
I/telpo_native(  751): 00
I/telpo_native(  751): 00
I/telpo_native(  751): 00
I/telpo_native(  751): ea
I/telpo_native(  751): 00
I/telpo_native(  751): 04
I/telpo_native(  751): 01
I/telpo_native(  751): 00
I/telpo_native(  751): 00
I/telpo_native(  751): 00
I/telpo_native(  751): 00
I/telpo_native(  751): 00
I/telpo_native(  751): 00
I/telpo_native(  751): 00
I/telpo_native(  751): 00
I/telpo_native(  751): 
D/telpo_native( 6458): CallIntMethod return ret = 0 length = 20
D/BatteryMeterView( 3026): onDraw level = 22
I/WindowManager(  751): mDock rect: (0,0 - 720,1280)
V/WindowManager(  751): Status bar: dock=[0,50][720,1280] content=[0,50][720,1280] cur=[0,50][720,1280]
V/WindowManager(  751): layoutWindowLw(): normal window
V/WindowManager(  751): Compute frame : sim=#20 attach=null type=2015 flags=0x01000018 pf=[0,50][720,1280] df=[0,50][720,1280] of=[0,50][720,1280] cf=[0,50][720,1280] vf=[0,50][720,1280] dcf=[0,0][720,1280] sf=[0,50][720,1280]
V/WindowManager(  751): layoutWindowLw(com.interswitchng.interswitchpossdkdemo.telpo.v2.debug/com.interswitchng.smartpos.modules.main.MainActivity): IN_SCREEN, INSET_DECOR
V/WindowManager(  751): Compute frame com.interswitchng.interswitchpossdkdemo.telpo.v2.debug/com.interswitchng.smartpos.modules.main.MainActivity: sim=#120 attach=null type=1 flags=0x81810100 pf=[0,0][720,1280] df=[0,0][720,1280] of=[0,0][720,1280] cf=[0,50][720,1280] vf=[0,50][720,1280] dcf=[0,0][720,1280] sf=[0,50][720,1280]
I/WindowManager(  751): Win Window{2b5d0932 u0 android}: isVisibleOrBehindKeyguardLw=true
I/WindowManager(  751): Win Window{23583ca7 u0 StatusBar}: isVisibleOrBehindKeyguardLw=true
I/WindowManager(  751): Win Window{2b5c623f u0 com.interswitchng.interswitchpossdkdemo.telpo.v2.debug/com.interswitchng.smartpos.modules.main.MainActivity}: isVisibleOrBehindKeyguardLw=true
V/WindowManager(  751): Fullscreen window: Window{2b5c623f u0 com.interswitchng.interswitchpossdkdemo.telpo.v2.debug/com.interswitchng.smartpos.modules.main.MainActivity}
I/WindowManager(  751): Win Window{276e6867 u0 com.android.phasebeam.PhaseBeamWallpaper}: isVisibleOrBehindKeyguardLw=false
I/WindowManager(  751): force=false forcefkg=false top=Window{2b5c623f u0 com.interswitchng.interswitchpossdkdemo.telpo.v2.debug/com.interswitchng.smartpos.modules.main.MainActivity}
D/WindowManager(  751): frame: Rect(0, 0 - 720, 1280) shown frame: RectF(0.0, 0.0, 720.0, 1280.0)
D/WindowManager(  751): attr: WM.LayoutParams{(0,0)(fillxfill) sim=#120 ty=1 fl=#81810100 wanim=0x1030467 vsysui=0x600 surfaceInsets=Rect(0, 0 - 0, 0) needsMenuKey=2} lp.flags=0x81810100
V/WindowManager(  751): ** SHOWING status bar: top is not fullscreen
V/WindowManager(  751): finishPostLayoutPolicyLw: mHideKeyguard=false
I/WindowManager(  751): mDock rect: (0,0 - 720,1280)
V/WindowManager(  751): Status bar: dock=[0,50][720,1280] content=[0,50][720,1280] cur=[0,50][720,1280]
V/WindowManager(  751): layoutWindowLw(): normal window
V/WindowManager(  751): Compute frame : sim=#20 attach=null type=2015 flags=0x01000018 pf=[0,50][720,1280] df=[0,50][720,1280] of=[0,50][720,1280] cf=[0,50][720,1280] vf=[0,50][720,1280] dcf=[0,0][720,1280] sf=[0,50][720,1280]
V/WindowManager(  751): layoutWindowLw(com.interswitchng.interswitchpossdkdemo.telpo.v2.debug/com.interswitchng.smartpos.modules.main.MainActivity): IN_SCREEN, INSET_DECOR
V/WindowManager(  751): Compute frame com.interswitchng.interswitchpossdkdemo.telpo.v2.debug/com.interswitchng.smartpos.modules.main.MainActivity: sim=#120 attach=null type=1 flags=0x81810100 pf=[0,0][720,1280] df=[0,0][720,1280] of=[0,0][720,1280] cf=[0,50][720,1280] vf=[0,50][720,1280] dcf=[0,0][720,1280] sf=[0,50][720,1280]
I/WindowManager(  751): Win Window{2b5d0932 u0 android}: isVisibleOrBehindKeyguardLw=true
I/WindowManager(  751): Win Window{23583ca7 u0 StatusBar}: isVisibleOrBehindKeyguardLw=true
I/WindowManager(  751): Win Window{2b5c623f u0 com.interswitchng.interswitchpossdkdemo.telpo.v2.debug/com.interswitchng.smartpos.modules.main.MainActivity}: isVisibleOrBehindKeyguardLw=true
V/WindowManager(  751): Fullscreen window: Window{2b5c623f u0 com.interswitchng.interswitchpossdkdemo.telpo.v2.debug/com.interswitchng.smartpos.modules.main.MainActivity}
I/WindowManager(  751): Win Window{276e6867 u0 com.android.phasebeam.PhaseBeamWallpaper}: isVisibleOrBehindKeyguardLw=false
I/WindowManager(  751): force=false forcefkg=false top=Window{2b5c623f u0 com.interswitchng.interswitchpossdkdemo.telpo.v2.debug/com.interswitchng.smartpos.modules.main.MainActivity}
D/WindowManager(  751): frame: Rect(0, 0 - 720, 1280) shown frame: RectF(0.0, 0.0, 720.0, 1280.0)
D/WindowManager(  751): attr: WM.LayoutParams{(0,0)(fillxfill) sim=#120 ty=1 fl=#81810100 wanim=0x1030467 vsysui=0x600 surfaceInsets=Rect(0, 0 - 0, 0) needsMenuKey=2} lp.flags=0x81810100
V/WindowManager(  751): ** SHOWING status bar: top is not fullscreen
V/WindowManager(  751): finishPostLayoutPolicyLw: mHideKeyguard=false
D/telpo_native(  751): usb_printer_write data start!
D/telpo_native(  751): usb_printer_write start!
E/telpo_native(  751): ret = 25
D/telpo_native(  751): handle_emv_serial_read_write_cmd: usb write length = 25
E/telpo_native(  751): serial_read:start read
E/telpo_native(  751): serial_read:serial_read read_size = 0
D/telpo_native(  751): handle_emv_serial_read_write_cmd: usb_printer_read length = 20
I/telpo_native(  751): 0b
I/telpo_native(  751): b0
I/telpo_native(  751): 96
I/telpo_native(  751): 69
I/telpo_native(  751): 04
I/telpo_native(  751): 00
I/telpo_native(  751): 00
I/telpo_native(  751): 00
I/telpo_native(  751): eb
I/telpo_native(  751): 00
I/telpo_native(  751): 04
I/telpo_native(  751): 01
I/telpo_native(  751): 00
I/telpo_native(  751): 00
I/telpo_native(  751): 00
I/telpo_native(  751): 00
I/telpo_native(  751): 00
I/telpo_native(  751): 00
I/telpo_native(  751): 00
I/telpo_native(  751): 00
I/telpo_native(  751): 
D/telpo_native(  751): handle_emv_serial_read_write_cmd: parse successfully!
I/telpo_native(  751): handle_emv_serial_read_write_cmd: receive data length is 20
I/telpo_native(  751): 0b
I/telpo_native(  751): b0
I/telpo_native(  751): 96
I/telpo_native(  751): 69
I/telpo_native(  751): 04
I/telpo_native(  751): 00
I/telpo_native(  751): 00
I/telpo_native(  751): 00
I/telpo_native(  751): eb
I/telpo_native(  751): 00
I/telpo_native(  751): 04
I/telpo_native(  751): 01
I/telpo_native(  751): 00
I/telpo_native(  751): 00
I/telpo_native(  751): 00
I/telpo_native(  751): 00
I/telpo_native(  751): 00
I/telpo_native(  751): 00
I/telpo_native(  751): 00
I/telpo_native(  751): 00
I/telpo_native(  751): 
D/telpo_native( 6458): CallIntMethod return ret = 0 length = 20
D/WifiService(  751): New client listening to asynchronous messages
D/BatteryMeterView( 3026): onDraw level = 32
I/SurfaceFlinger(  260): FPS: 43
I/CastSocket( 7767): 22 >= 18. Adding new CastClientAuthKeyManager.
I/DeviceCache( 7767): Unable to convert the the network interface's MAC Address to string. MAC address cannot be null.
I/DeviceCache( 7767): Unable to convert the the network interface's MAC Address to string. MAC address cannot be null.
I/DeviceCache( 7767): Unable to convert the the network interface's MAC Address to string. MAC address cannot be null.
I/DeviceCache( 7767): Unable to convert the the network interface's MAC Address to string. MAC address cannot be null.
I/DeviceCache( 7767): Unable to convert the the network interface's MAC Address to string. MAC address cannot be null.
I/DeviceCache( 7767): Unable to convert the the network interface's MAC Address to string. MAC address cannot be null.
I/DeviceCache( 7767): Unable to convert the the network interface's MAC Address to string. MAC address cannot be null.
I/DeviceCache( 7767): Unable to convert the the network interface's MAC Address to string. MAC address cannot be null.
I/DeviceCache( 7767): Unable to convert the the network interface's MAC Address to string. MAC address cannot be null.
I/DeviceCache( 7767): Unable to convert the the network interface's MAC Address to string. MAC address cannot be null.
I/DeviceCache( 7767): Unable to convert the the network interface's MAC Address to string. MAC address cannot be null.
I/DeviceCache( 7767): Unable to convert the the network interface's MAC Address to string. MAC address cannot be null.
I/DeviceCache( 7767): Unable to convert the the network interface's MAC Address to string. MAC address cannot be null.
I/DeviceCache( 7767): Unable to convert the the network interface's MAC Address to string. MAC address cannot be null.
I/DeviceCache( 7767): Unable to convert the the network interface's MAC Address to string. MAC address cannot be null.
I/DeviceCache( 7767): Unable to convert the the network interface's MAC Address to string. MAC address cannot be null.
I/DeviceCache( 7767): Unable to convert the the network interface's MAC Address to string. MAC address cannot be null.
I/DeviceCache( 7767): Unable to convert the the network interface's MAC Address to string. MAC address cannot be null.
I/DeviceCache( 7767): Unable to convert the the network interface's MAC Address to string. MAC address cannot be null.
I/DeviceCache( 7767): Unable to convert the the network interface's MAC Address to string. MAC address cannot be null.
E/AudioPolicyManager(  301): unknown stream type 13
E/AudioPolicyManager(  301): unknown stream type 13
E/AudioPolicyManager(  301): unknown stream type 13
E/AudioPolicyManager(  301): unknown stream type 13
E/AudioPolicyManager(  301): unknown stream type 13
E/AudioPolicyManager(  301): unknown stream type 13
E/AudioPolicyManager(  301): unknown stream type 13
E/AudioPolicyManager(  301): unknown stream type 13
E/AudioPolicyManager(  301): unknown stream type 13
E/AudioPolicyManager(  301): unknown stream type 13
E/AudioPolicyManager(  301): unknown stream type 13
E/AudioPolicyManager(  301): unknown stream type 13
E/AudioPolicyManager(  301): unknown stream type 13
E/AudioPolicyManager(  301): unknown stream type 13
E/AudioPolicyManager(  301): unknown stream type 13
E/AudioPolicyManager(  301): unknown stream type 13
E/AudioPolicyManager(  301): unknown stream type 13
E/AudioPolicyManager(  301): unknown stream type 13
E/AudioPolicyManager(  301): unknown stream type 13
E/AudioPolicyManager(  301): unknown stream type 13
E/AudioPolicyManager(  301): unknown stream type 13
E/AudioPolicyManager(  301): unknown stream type 13
E/AudioPolicyManager(  301): unknown stream type 13
E/AudioPolicyManager(  301): unknown stream type 13
E/AudioPolicyManager(  301): unknown stream type 13
E/AudioPolicyManager(  301): unknown stream type 13
D/BatteryMeterView( 3026): onDraw level = 42
D/wpa_supplicant( 7163): wlan0: Control interface command 'SIGNAL_POLL'
D/BatteryMeterView( 3026): onDraw level = 52
I/SurfaceFlinger(  260): FPS: 7
D/BatteryMeterView( 3026): onDraw level = 62
D/BatteryMeterView( 3026): onDraw level = 72
I/SurfaceFlinger(  260): FPS: 4
V/WLAN_PSA(  312): NL MSG, len[4061], NL type[0x1C] WNI type[0x5900] len[50447]
V/WLAN_PSA(  312): NL MSG, PID: 312
D/BatteryMeterView( 3026): onDraw level = 82
D/BatteryMeterView( 3026): onDraw level = 92
I/SurfaceFlinger(  260): FPS: 4
D/audio_hw_primary(  301): out_standby: enter: stream (0xb7d8e0b0) usecase(1: low-latency-playback)
D/soundtrigger(  301): audio_extn_sound_trigger_update_stream_status: uc_id 1 of type 0 for Event 2, with Raise=0
D/hardware_info(  301): hw_info_append_hw_type : device_name = speaker
I/soundtrigger(  301): audio_extn_sound_trigger_update_device_status: device 0x2 of type 0 for Event 0, with Raise=0
D/wpa_supplicant( 7163): wlan0: Control interface command 'SIGNAL_POLL'
D/StatusBar.MSimNetworkController( 3026): refreshViews phoneId =0mMSimDataConnected =false
D/StatusBar.MSimNetworkController( 3026): refreshViews mMSimDataActivity =0
D/StatusBar.MSimNetworkController( 3026): refreshViews: Data not connected!! Set no data type icon / Roaming for phoneId: 0
D/StatusBar.MSimNetworkController( 3026): refreshViews connected={ wifi } level=0 mMSimcombinedSignalIconId=0x7f020352/com.android.systemui:drawable/stat_sys_wifi_signal_4_fully mMSimcombinedActivityIconId=0x7f020347 mAirplaneMode=false mMSimDataActivity=0 mMSimPhoneSignalIconId=0x7f020339/com.android.systemui:drawable/stat_sys_signal_null mMSimDataDirectionIconId=0x0 mMSimDataSignalIconId=0x7f020339 mMSimDataTypeIconId=0x0/(null) mNoMSimIconId=0x7f02009a/com.android.systemui:drawable/ic_qs_no_sim mMSimMobileActivityIconId=0x0/(null) mWifiIconId=0x7f020352 mBluetoothTetherIconId=0x10806a2
D/MSimSignalClusterView( 3026): wifi: VISIBLE sig=2130838354 act=2130838343
D/MSimSignalClusterView( 3026): mobile[0]: VISIBLE sig=2130838329 type=0
D/MSimSignalClusterView( 3026): wifi: VISIBLE sig=2130838354 act=2130838343
D/MSimSignalClusterView( 3026): mobile[1]: VISIBLE sig=2130838329 type=0
D/MSimSignalClusterView( 3026): wifi: VISIBLE sig=2130838354 act=2130838343
D/MSimSignalClusterView( 3026): mobile[0]: VISIBLE sig=2130838329 type=0
D/MSimSignalClusterView( 3026): wifi: VISIBLE sig=2130838354 act=2130838343
D/MSimSignalClusterView( 3026): mobile[0]: VISIBLE sig=2130838329 type=0
D/MSimSignalClusterView( 3026): wifi: VISIBLE sig=2130838354 act=2130838343
D/MSimSignalClusterView( 3026): mobile[0]: VISIBLE sig=2130838329 type=0
D/MSimSignalClusterView( 3026): wifi: VISIBLE sig=2130838354 act=2130838343
D/MSimSignalClusterView( 3026): mobile[1]: VISIBLE sig=2130838329 type=0
D/StatusBar.MSimNetworkController( 3026): refreshSignalCluster, mMSimPhoneSignalIconId[0]=com.android.systemui:drawable/stat_sys_signal_null mMSimDataSignalIconId[0]=com.android.systemui:drawable/stat_sys_signal_null mMSimDataTypeIconId[0]=(null) mMSimMobileActivityIconId[0]=(null) mNoMSimIconId[0]=com.android.systemui:drawable/ic_qs_no_sim
D/MSimSignalClusterView( 3026): wifi: VISIBLE sig=2130838354 act=2130838343
D/MSimSignalClusterView( 3026): mobile[0]: VISIBLE sig=2130838329 type=0
D/MSimSignalClusterView( 3026): wifi: VISIBLE sig=2130838354 act=2130838343
D/MSimSignalClusterView( 3026): mobile[1]: VISIBLE sig=2130838329 type=0
D/MSimSignalClusterView( 3026): wifi: VISIBLE sig=2130838354 act=2130838343
D/MSimSignalClusterView( 3026): mobile[0]: VISIBLE sig=2130838329 type=0
D/MSimSignalClusterView( 3026): wifi: VISIBLE sig=2130838354 act=2130838343
D/MSimSignalClusterView( 3026): mobile[0]: VISIBLE sig=2130838329 type=0
D/MSimSignalClusterView( 3026): wifi: VISIBLE sig=2130838354 act=2130838343
D/MSimSignalClusterView( 3026): mobile[0]: VISIBLE sig=2130838329 type=0
D/MSimSignalClusterView( 3026): wifi: VISIBLE sig=2130838354 act=2130838343
D/MSimSignalClusterView( 3026): mobile[1]: VISIBLE sig=2130838329 type=0
D/StatusBar.MSimNetworkController( 3026): refreshSignalCluster, mMSimPhoneSignalIconId[0]=com.android.systemui:drawable/stat_sys_signal_null mMSimDataSignalIconId[0]=com.android.systemui:drawable/stat_sys_signal_null mMSimDataTypeIconId[0]=(null) mMSimMobileActivityIconId[0]=(null) mNoMSimIconId[0]=com.android.systemui:drawable/ic_qs_no_sim
D/MSimSignalClusterView( 3026): wifi: VISIBLE sig=2130838354 act=2130838343
D/MSimSignalClusterView( 3026): mobile[0]: VISIBLE sig=2130838329 type=0
D/MSimSignalClusterView( 3026): wifi: VISIBLE sig=2130838354 act=2130838343
D/MSimSignalClusterView( 3026): mobile[1]: VISIBLE sig=2130838329 type=0
