D/MSimSignalClusterView( 3026): wifi: VISIBLE sig=2130838352 act=2130838343
D/MSimSignalClusterView( 3026): mobile[1]: VISIBLE sig=2130838329 type=0
D/StatusBar.MSimNetworkController( 3026): refreshSignalCluster, mMSimPhoneSignalIconId[0]=com.android.systemui:drawable/stat_sys_signal_null mMSimDataSignalIconId[0]=com.android.systemui:drawable/stat_sys_signal_null mMSimDataTypeIconId[0]=(null) mMSimMobileActivityIconId[0]=(null) mNoMSimIconId[0]=com.android.systemui:drawable/ic_qs_no_sim
D/BatteryMeterView( 3026): onDraw level = 2
D/telpo_native(  751): usb_printer_write data start!
D/telpo_native(  751): usb_printer_write start!
E/telpo_native(  751): ret = 25
D/telpo_native(  751): handle_emv_serial_read_write_cmd: usb write length = 25
E/telpo_native(  751): serial_read:start read
E/telpo_native(  751): serial_read:serial_read read_size = 0
D/telpo_native(  751): handle_emv_serial_read_write_cmd: usb_printer_read length = 20
I/telpo_native(  751): 0b
I/telpo_native(  751): b0
I/telpo_native(  751): 96
I/telpo_native(  751): 69
I/telpo_native(  751): 04
I/telpo_native(  751): 00
I/telpo_native(  751): 00
I/telpo_native(  751): 00
I/telpo_native(  751): 9b
I/telpo_native(  751): 00
I/telpo_native(  751): 04
I/telpo_native(  751): 01
I/telpo_native(  751): 00
I/telpo_native(  751): 00
I/telpo_native(  751): 00
I/telpo_native(  751): 00
I/telpo_native(  751): 00
I/telpo_native(  751): 00
I/telpo_native(  751): 00
I/telpo_native(  751): 00
I/telpo_native(  751): 
D/telpo_native(  751): handle_emv_serial_read_write_cmd: parse successfully!
I/telpo_native(  751): handle_emv_serial_read_write_cmd: receive data length is 20
I/telpo_native(  751): 0b
I/telpo_native(  751): b0
I/telpo_native(  751): 96
I/telpo_native(  751): 69
I/telpo_native(  751): 04
I/telpo_native(  751): 00
I/telpo_native(  751): 00
I/telpo_native(  751): 00
I/telpo_native(  751): 9b
I/telpo_native(  751): 00
I/telpo_native(  751): 04
I/telpo_native(  751): 01
I/telpo_native(  751): 00
I/telpo_native(  751): 00
I/telpo_native(  751): 00
I/telpo_native(  751): 00
I/telpo_native(  751): 00
I/telpo_native(  751): 00
I/telpo_native(  751): 00
I/telpo_native(  751): 00
I/telpo_native(  751): 
D/telpo_native( 6458): CallIntMethod return ret = 0 length = 20
D/BatteryMeterView( 3026): onDraw level = 12
I/SurfaceFlinger(  260): FPS: 5
D/telpo_native(  751): usb_printer_write data start!
D/telpo_native(  751): usb_printer_write start!
E/telpo_native(  751): ret = 25
D/telpo_native(  751): handle_emv_serial_read_write_cmd: usb write length = 25
E/telpo_native(  751): serial_read:start read
E/telpo_native(  751): serial_read:serial_read read_size = 0
D/telpo_native(  751): handle_emv_serial_read_write_cmd: usb_printer_read length = 20
I/telpo_native(  751): 0b
I/telpo_native(  751): b0
I/telpo_native(  751): 96
I/telpo_native(  751): 69
I/telpo_native(  751): 04
I/telpo_native(  751): 00
I/telpo_native(  751): 00
I/telpo_native(  751): 00
I/telpo_native(  751): 9c
I/telpo_native(  751): 00
I/telpo_native(  751): 04
I/telpo_native(  751): 01
I/telpo_native(  751): 00
I/telpo_native(  751): 00
I/telpo_native(  751): 00
I/telpo_native(  751): 00
I/telpo_native(  751): 00
I/telpo_native(  751): 00
I/telpo_native(  751): 00
I/telpo_native(  751): 00
I/telpo_native(  751): 
D/telpo_native(  751): handle_emv_serial_read_write_cmd: parse successfully!
I/telpo_native(  751): handle_emv_serial_read_write_cmd: receive data length is 20
I/telpo_native(  751): 0b
I/telpo_native(  751): b0
I/telpo_native(  751): 96
I/telpo_native(  751): 69
I/telpo_native(  751): 04
I/telpo_native(  751): 00
I/telpo_native(  751): 00
I/telpo_native(  751): 00
I/telpo_native(  751): 9c
I/telpo_native(  751): 00
I/telpo_native(  751): 04
I/telpo_native(  751): 01
I/telpo_native(  751): 00
I/telpo_native(  751): 00
I/telpo_native(  751): 00
I/telpo_native(  751): 00
I/telpo_native(  751): 00
I/telpo_native(  751): 00
I/telpo_native(  751): 00
I/telpo_native(  751): 00
I/telpo_native(  751): 
D/telpo_native( 6458): CallIntMethod return ret = 0 length = 20
D/BatteryMeterView( 3026): onDraw level = 22
E/WifiStateMachine(  751): WifiStateMachine CMD_START_SCAN source -2 txSuccessRate=46.70 rxSuccessRate=31.54 targetRoamBSSID=any RSSI=-56
D/telpo_native(  751): usb_printer_write data start!
D/telpo_native(  751): usb_printer_write start!
E/telpo_native(  751): ret = 25
D/telpo_native(  751): handle_emv_serial_read_write_cmd: usb write length = 25
E/telpo_native(  751): serial_read:start read
E/telpo_native(  751): serial_read:serial_read read_size = 0
D/telpo_native(  751): handle_emv_serial_read_write_cmd: usb_printer_read length = 20
I/telpo_native(  751): 0b
I/telpo_native(  751): b0
I/telpo_native(  751): 96
I/telpo_native(  751): 69
I/telpo_native(  751): 04
I/telpo_native(  751): 00
I/telpo_native(  751): 00
I/telpo_native(  751): 00
I/telpo_native(  751): 9d
I/telpo_native(  751): 00
I/telpo_native(  751): 04
I/telpo_native(  751): 01
I/telpo_native(  751): 00
I/telpo_native(  751): 00
I/telpo_native(  751): 00
I/telpo_native(  751): 00
I/telpo_native(  751): 00
I/telpo_native(  751): 00
I/telpo_native(  751): 00
I/telpo_native(  751): 00
I/telpo_native(  751): 
D/telpo_native(  751): handle_emv_serial_read_write_cmd: parse successfully!
I/telpo_native(  751): handle_emv_serial_read_write_cmd: receive data length is 20
I/telpo_native(  751): 0b
I/telpo_native(  751): b0
I/telpo_native(  751): 96
I/telpo_native(  751): 69
I/telpo_native(  751): 04
I/telpo_native(  751): 00
I/telpo_native(  751): 00
I/telpo_native(  751): 00
I/telpo_native(  751): 9d
I/telpo_native(  751): 00
I/telpo_native(  751): 04
I/telpo_native(  751): 01
I/telpo_native(  751): 00
I/telpo_native(  751): 00
I/telpo_native(  751): 00
I/telpo_native(  751): 00
I/telpo_native(  751): 00
I/telpo_native(  751): 00
I/telpo_native(  751): 00
I/telpo_native(  751): 00
I/telpo_native(  751): 
D/telpo_native( 6458): CallIntMethod return ret = 0 length = 20
D/BatteryMeterView( 3026): onDraw level = 32
I/SurfaceFlinger(  260): FPS: 4
D/telpo_native(  751): usb_printer_write data start!
D/telpo_native(  751): usb_printer_write start!
E/telpo_native(  751): ret = 25
D/telpo_native(  751): handle_emv_serial_read_write_cmd: usb write length = 25
E/telpo_native(  751): serial_read:start read
E/telpo_native(  751): serial_read:serial_read read_size = 0
D/telpo_native(  751): handle_emv_serial_read_write_cmd: usb_printer_read length = 20
I/telpo_native(  751): 0b
I/telpo_native(  751): b0
I/telpo_native(  751): 96
I/telpo_native(  751): 69
I/telpo_native(  751): 04
I/telpo_native(  751): 00
I/telpo_native(  751): 00
I/telpo_native(  751): 00
I/telpo_native(  751): 9e
I/telpo_native(  751): 00
I/telpo_native(  751): 04
I/telpo_native(  751): 01
I/telpo_native(  751): 00
I/telpo_native(  751): 00
I/telpo_native(  751): 00
I/telpo_native(  751): 00
I/telpo_native(  751): 00
I/telpo_native(  751): 00
I/telpo_native(  751): 00
I/telpo_native(  751): 00
I/telpo_native(  751): 
D/telpo_native(  751): handle_emv_serial_read_write_cmd: parse successfully!
I/telpo_native(  751): handle_emv_serial_read_write_cmd: receive data length is 20
I/telpo_native(  751): 0b
I/telpo_native(  751): b0
I/telpo_native(  751): 96
I/telpo_native(  751): 69
I/telpo_native(  751): 04
I/telpo_native(  751): 00
I/telpo_native(  751): 00
I/telpo_native(  751): 00
I/telpo_native(  751): 9e
I/telpo_native(  751): 00
I/telpo_native(  751): 04
I/telpo_native(  751): 01
I/telpo_native(  751): 00
I/telpo_native(  751): 00
I/telpo_native(  751): 00
I/telpo_native(  751): 00
I/telpo_native(  751): 00
I/telpo_native(  751): 00
I/telpo_native(  751): 00
I/telpo_native(  751): 00
I/telpo_native(  751): 
D/telpo_native( 6458): CallIntMethod return ret = 0 length = 20
D/wpa_supplicant( 7163): wlan0: Control interface command 'SIGNAL_POLL'
D/BatteryMeterView( 3026): onDraw level = 42
D/telpo_native(  751): usb_printer_write data start!
D/telpo_native(  751): usb_printer_write start!
E/telpo_native(  751): ret = 25
D/telpo_native(  751): handle_emv_serial_read_write_cmd: usb write length = 25
E/telpo_native(  751): serial_read:start read
E/telpo_native(  751): serial_read:serial_read read_size = 0
D/telpo_native(  751): handle_emv_serial_read_write_cmd: usb_printer_read length = 20
I/telpo_native(  751): 0b
I/telpo_native(  751): b0
I/telpo_native(  751): 96
I/telpo_native(  751): 69
I/telpo_native(  751): 04
I/telpo_native(  751): 00
I/telpo_native(  751): 00
I/telpo_native(  751): 00
I/telpo_native(  751): 9f
I/telpo_native(  751): 00
I/telpo_native(  751): 04
I/telpo_native(  751): 01
I/telpo_native(  751): 00
I/telpo_native(  751): 00
I/telpo_native(  751): 00
I/telpo_native(  751): 00
I/telpo_native(  751): 00
I/telpo_native(  751): 00
I/telpo_native(  751): 00
I/telpo_native(  751): 00
I/telpo_native(  751): 
D/telpo_native(  751): handle_emv_serial_read_write_cmd: parse successfully!
I/telpo_native(  751): handle_emv_serial_read_write_cmd: receive data length is 20
I/telpo_native(  751): 0b
I/telpo_native(  751): b0
I/telpo_native(  751): 96
I/telpo_native(  751): 69
I/telpo_native(  751): 04
I/telpo_native(  751): 00
I/telpo_native(  751): 00
I/telpo_native(  751): 00
I/telpo_native(  751): 9f
I/telpo_native(  751): 00
I/telpo_native(  751): 04
I/telpo_native(  751): 01
I/telpo_native(  751): 00
I/telpo_native(  751): 00
I/telpo_native(  751): 00
I/telpo_native(  751): 00
I/telpo_native(  751): 00
I/telpo_native(  751): 00
I/telpo_native(  751): 00
I/telpo_native(  751): 00
I/telpo_native(  751): 
D/telpo_native( 6458): CallIntMethod return ret = 0 length = 20
D/BatteryMeterView( 3026): onDraw level = 52
I/SurfaceFlinger(  260): FPS: 4
D/telpo_native(  751): usb_printer_write data start!
D/telpo_native(  751): usb_printer_write start!
E/telpo_native(  751): ret = 25
D/telpo_native(  751): handle_emv_serial_read_write_cmd: usb write length = 25
E/telpo_native(  751): serial_read:start read
E/telpo_native(  751): serial_read:serial_read read_size = 0
D/telpo_native(  751): handle_emv_serial_read_write_cmd: usb_printer_read length = 20
I/telpo_native(  751): 0b
I/telpo_native(  751): b0
I/telpo_native(  751): 96
I/telpo_native(  751): 69
I/telpo_native(  751): 04
I/telpo_native(  751): 00
I/telpo_native(  751): 00
I/telpo_native(  751): 00
I/telpo_native(  751): a0
I/telpo_native(  751): 00
I/telpo_native(  751): 04
I/telpo_native(  751): 01
I/telpo_native(  751): 00
I/telpo_native(  751): 00
I/telpo_native(  751): 00
I/telpo_native(  751): 00
I/telpo_native(  751): 00
I/telpo_native(  751): 00
I/telpo_native(  751): 00
I/telpo_native(  751): 00
I/telpo_native(  751): 
D/telpo_native(  751): handle_emv_serial_read_write_cmd: parse successfully!
I/telpo_native(  751): handle_emv_serial_read_write_cmd: receive data length is 20
I/telpo_native(  751): 0b
I/telpo_native(  751): b0
I/telpo_native(  751): 96
I/telpo_native(  751): 69
I/telpo_native(  751): 04
I/telpo_native(  751): 00
I/telpo_native(  751): 00
I/telpo_native(  751): 00
I/telpo_native(  751): a0
I/telpo_native(  751): 00
I/telpo_native(  751): 04
I/telpo_native(  751): 01
I/telpo_native(  751): 00
I/telpo_native(  751): 00
I/telpo_native(  751): 00
I/telpo_native(  751): 00
I/telpo_native(  751): 00
I/telpo_native(  751): 00
I/telpo_native(  751): 00
I/telpo_native(  751): 00
I/telpo_native(  751): 
D/telpo_native( 6458): CallIntMethod return ret = 0 length = 20
D/BatteryMeterView( 3026): onDraw level = 62
D/telpo_native(  751): usb_printer_write data start!
D/telpo_native(  751): usb_printer_write start!
E/telpo_native(  751): ret = 25
D/telpo_native(  751): handle_emv_serial_read_write_cmd: usb write length = 25
E/telpo_native(  751): serial_read:start read
E/telpo_native(  751): serial_read:serial_read read_size = 0
D/telpo_native(  751): handle_emv_serial_read_write_cmd: usb_printer_read length = 20
I/telpo_native(  751): 0b
I/telpo_native(  751): b0
I/telpo_native(  751): 96
I/telpo_native(  751): 69
I/telpo_native(  751): 04
I/telpo_native(  751): 00
I/telpo_native(  751): 00
I/telpo_native(  751): 00
I/telpo_native(  751): a1
I/telpo_native(  751): 00
I/telpo_native(  751): 04
I/telpo_native(  751): 01
I/telpo_native(  751): 00
I/telpo_native(  751): 00
I/telpo_native(  751): 00
I/telpo_native(  751): 00
I/telpo_native(  751): 00
I/telpo_native(  751): 00
I/telpo_native(  751): 00
I/telpo_native(  751): 00
I/telpo_native(  751): 
D/telpo_native(  751): handle_emv_serial_read_write_cmd: parse successfully!
I/telpo_native(  751): handle_emv_serial_read_write_cmd: receive data length is 20
I/telpo_native(  751): 0b
I/telpo_native(  751): b0
I/telpo_native(  751): 96
I/telpo_native(  751): 69
I/telpo_native(  751): 04
I/telpo_native(  751): 00
I/telpo_native(  751): 00
I/telpo_native(  751): 00
I/telpo_native(  751): a1
I/telpo_native(  751): 00
I/telpo_native(  751): 04
I/telpo_native(  751): 01
I/telpo_native(  751): 00
I/telpo_native(  751): 00
I/telpo_native(  751): 00
I/telpo_native(  751): 00
I/telpo_native(  751): 00
I/telpo_native(  751): 00
I/telpo_native(  751): 00
I/telpo_native(  751): 00
I/telpo_native(  751): 
D/telpo_native( 6458): CallIntMethod return ret = 0 length = 20
D/BatteryMeterView( 3026): onDraw level = 72
I/SurfaceFlinger(  260): FPS: 4
V/WLAN_PSA(  312): NL MSG, len[4074], NL type[0x1C] WNI type[0x5900] len[53775]
V/WLAN_PSA(  312): NL MSG, PID: 312
D/telpo_native(  751): usb_printer_write data start!
D/telpo_native(  751): usb_printer_write start!
E/telpo_native(  751): ret = 25
D/telpo_native(  751): handle_emv_serial_read_write_cmd: usb write length = 25
E/telpo_native(  751): Cannot find response header
D/telpo_native(  751): handle_emv_serial_read_write_cmd: not enough data receive,continue
E/telpo_native(  751): serial_read:start read
E/telpo_native(  751): serial_read:serial_read read_size = 0
D/telpo_native(  751): handle_emv_serial_read_write_cmd: usb_printer_read length = 20
I/telpo_native(  751): 0b
I/telpo_native(  751): b0
I/telpo_native(  751): 96
I/telpo_native(  751): 69
I/telpo_native(  751): 04
I/telpo_native(  751): 00
I/telpo_native(  751): 00
I/telpo_native(  751): 00
I/telpo_native(  751): a2
I/telpo_native(  751): 00
I/telpo_native(  751): 04
I/telpo_native(  751): 01
I/telpo_native(  751): 00
I/telpo_native(  751): 00
I/telpo_native(  751): 00
I/telpo_native(  751): 00
I/telpo_native(  751): 00
I/telpo_native(  751): 00
I/telpo_native(  751): 00
I/telpo_native(  751): 00
I/telpo_native(  751): 
D/telpo_native(  751): handle_emv_serial_read_write_cmd: parse successfully!
I/telpo_native(  751): handle_emv_serial_read_write_cmd: receive data length is 20
I/telpo_native(  751): 0b
I/telpo_native(  751): b0
I/telpo_native(  751): 96
I/telpo_native(  751): 69
I/telpo_native(  751): 04
I/telpo_native(  751): 00
I/telpo_native(  751): 00
I/telpo_native(  751): 00
I/telpo_native(  751): a2
I/telpo_native(  751): 00
I/telpo_native(  751): 04
I/telpo_native(  751): 01
I/telpo_native(  751): 00
I/telpo_native(  751): 00
I/telpo_native(  751): 00
I/telpo_native(  751): 00
I/telpo_native(  751): 00
I/telpo_native(  751): 00
I/telpo_native(  751): 00
I/telpo_native(  751): 00
I/telpo_native(  751): 
D/telpo_native( 6458): CallIntMethod return ret = 0 length = 20
D/BatteryMeterView( 3026): onDraw level = 82
D/telpo_native(  751): usb_printer_write data start!
D/telpo_native(  751): usb_printer_write start!
E/telpo_native(  751): ret = 25
D/telpo_native(  751): handle_emv_serial_read_write_cmd: usb write length = 25
E/telpo_native(  751): serial_read:start read
E/telpo_native(  751): serial_read:serial_read read_size = 0
D/telpo_native(  751): handle_emv_serial_read_write_cmd: usb_printer_read length = 20
I/telpo_native(  751): 0b
I/telpo_native(  751): b0
I/telpo_native(  751): 96
I/telpo_native(  751): 69
I/telpo_native(  751): 04
I/telpo_native(  751): 00
I/telpo_native(  751): 00
I/telpo_native(  751): 00
I/telpo_native(  751): a3
I/telpo_native(  751): 00
I/telpo_native(  751): 04
I/telpo_native(  751): 01
I/telpo_native(  751): 00
I/telpo_native(  751): 00
I/telpo_native(  751): 00
I/telpo_native(  751): 00
I/telpo_native(  751): 00
I/telpo_native(  751): 00
I/telpo_native(  751): 00
I/telpo_native(  751): 00
I/telpo_native(  751): 
D/telpo_native(  751): handle_emv_serial_read_write_cmd: parse successfully!
I/telpo_native(  751): handle_emv_serial_read_write_cmd: receive data length is 20
I/telpo_native(  751): 0b
I/telpo_native(  751): b0
I/telpo_native(  751): 96
I/telpo_native(  751): 69
I/telpo_native(  751): 04
I/telpo_native(  751): 00
I/telpo_native(  751): 00
I/telpo_native(  751): 00
I/telpo_native(  751): a3
I/telpo_native(  751): 00
I/telpo_native(  751): 04
I/telpo_native(  751): 01
I/telpo_native(  751): 00
I/telpo_native(  751): 00
I/telpo_native(  751): 00
I/telpo_native(  751): 00
I/telpo_native(  751): 00
I/telpo_native(  751): 00
I/telpo_native(  751): 00
I/telpo_native(  751): 00
I/telpo_native(  751): 
D/telpo_native( 6458): CallIntMethod return ret = 0 length = 20
D/BatteryMeterView( 3026): onDraw level = 92
I/SurfaceFlinger(  260): FPS: 4
D/telpo_native(  751): usb_printer_write data start!
D/telpo_native(  751): usb_printer_write start!
E/telpo_native(  751): ret = 25
D/telpo_native(  751): handle_emv_serial_read_write_cmd: usb write length = 25
E/telpo_native(  751): serial_read:start read
E/telpo_native(  751): serial_read:serial_read read_size = 0
D/telpo_native(  751): handle_emv_serial_read_write_cmd: usb_printer_read length = 20
I/telpo_native(  751): 0b
I/telpo_native(  751): b0
I/telpo_native(  751): 96
I/telpo_native(  751): 69
I/telpo_native(  751): 04
I/telpo_native(  751): 00
I/telpo_native(  751): 00
I/telpo_native(  751): 00
I/telpo_native(  751): a4
I/telpo_native(  751): 00
I/telpo_native(  751): 04
I/telpo_native(  751): 01
I/telpo_native(  751): 00
I/telpo_native(  751): 00
I/telpo_native(  751): 00
I/telpo_native(  751): 00
I/telpo_native(  751): 00
I/telpo_native(  751): 00
I/telpo_native(  751): 00
I/telpo_native(  751): 00
I/telpo_native(  751): 
D/telpo_native(  751): handle_emv_serial_read_write_cmd: parse successfully!
I/telpo_native(  751): handle_emv_serial_read_write_cmd: receive data length is 20
I/telpo_native(  751): 0b
I/telpo_native(  751): b0
I/telpo_native(  751): 96
I/telpo_native(  751): 69
I/telpo_native(  751): 04
I/telpo_native(  751): 00
I/telpo_native(  751): 00
I/telpo_native(  751): 00
I/telpo_native(  751): a4
I/telpo_native(  751): 00
I/telpo_native(  751): 04
I/telpo_native(  751): 01
I/telpo_native(  751): 00
I/telpo_native(  751): 00
I/telpo_native(  751): 00
I/telpo_native(  751): 00
I/telpo_native(  751): 00
I/telpo_native(  751): 00
I/telpo_native(  751): 00
I/telpo_native(  751): 00
I/telpo_native(  751): 
D/telpo_native( 6458): CallIntMethod return ret = 0 length = 20
D/wpa_supplicant( 7163): wlan0: Control interface command 'SIGNAL_POLL'
D/BatteryMeterView( 3026): onDraw level = 100
D/telpo_native(  751): usb_printer_write data start!
D/telpo_native(  751): usb_printer_write start!
E/telpo_native(  751): ret = 25
D/telpo_native(  751): handle_emv_serial_read_write_cmd: usb write length = 25
E/telpo_native(  751): serial_read:start read
E/telpo_native(  751): serial_read:serial_read read_size = 0
D/telpo_native(  751): handle_emv_serial_read_write_cmd: usb_printer_read length = 20
I/telpo_native(  751): 0b
I/telpo_native(  751): b0
I/telpo_native(  751): 96
I/telpo_native(  751): 69
I/telpo_native(  751): 04
I/telpo_native(  751): 00
I/telpo_native(  751): 00
I/telpo_native(  751): 00
I/telpo_native(  751): a5
I/telpo_native(  751): 00
I/telpo_native(  751): 04
I/telpo_native(  751): 01
I/telpo_native(  751): 00
I/telpo_native(  751): 00
I/telpo_native(  751): 00
I/telpo_native(  751): 00
I/telpo_native(  751): 00
I/telpo_native(  751): 00
I/telpo_native(  751): 00
I/telpo_native(  751): 00
I/telpo_native(  751): 
D/telpo_native(  751): handle_emv_serial_read_write_cmd: parse successfully!
I/telpo_native(  751): handle_emv_serial_read_write_cmd: receive data length is 20
I/telpo_native(  751): 0b
I/telpo_native(  751): b0
I/telpo_native(  751): 96
I/telpo_native(  751): 69
I/telpo_native(  751): 04
I/telpo_native(  751): 00
I/telpo_native(  751): 00
I/telpo_native(  751): 00
I/telpo_native(  751): a5
I/telpo_native(  751): 00
I/telpo_native(  751): 04
I/telpo_native(  751): 01
I/telpo_native(  751): 00
I/telpo_native(  751): 00
I/telpo_native(  751): 00
I/telpo_native(  751): 00
I/telpo_native(  751): 00
I/telpo_native(  751): 00
I/telpo_native(  751): 00
I/telpo_native(  751): 00
I/telpo_native(  751): 
D/telpo_native( 6458): CallIntMethod return ret = 0 length = 20
D/BatteryMeterView( 3026): onDraw level = 2
I/SurfaceFlinger(  260): FPS: 4
D/telpo_native(  751): usb_printer_write data start!
D/telpo_native(  751): usb_printer_write start!
E/telpo_native(  751): ret = 25
D/telpo_native(  751): handle_emv_serial_read_write_cmd: usb write length = 25
E/telpo_native(  751): serial_read:start read
E/telpo_native(  751): serial_read:serial_read read_size = 0
D/telpo_native(  751): handle_emv_serial_read_write_cmd: usb_printer_read length = 20
I/telpo_native(  751): 0b
I/telpo_native(  751): b0
I/telpo_native(  751): 96
I/telpo_native(  751): 69
I/telpo_native(  751): 04
I/telpo_native(  751): 00
I/telpo_native(  751): 00
I/telpo_native(  751): 00
I/telpo_native(  751): a6
I/telpo_native(  751): 00
I/telpo_native(  751): 04
I/telpo_native(  751): 01
I/telpo_native(  751): 00
I/telpo_native(  751): 00
I/telpo_native(  751): 00
I/telpo_native(  751): 00
I/telpo_native(  751): 00
I/telpo_native(  751): 00
I/telpo_native(  751): 00
I/telpo_native(  751): 00
I/telpo_native(  751): 
D/telpo_native(  751): handle_emv_serial_read_write_cmd: parse successfully!
I/telpo_native(  751): handle_emv_serial_read_write_cmd: receive data length is 20
I/telpo_native(  751): 0b
I/telpo_native(  751): b0
I/telpo_native(  751): 96
I/telpo_native(  751): 69
I/telpo_native(  751): 04
I/telpo_native(  751): 00
I/telpo_native(  751): 00
I/telpo_native(  751): 00
I/telpo_native(  751): a6
I/telpo_native(  751): 00
I/telpo_native(  751): 04
I/telpo_native(  751): 01
I/telpo_native(  751): 00
I/telpo_native(  751): 00
I/telpo_native(  751): 00
I/telpo_native(  751): 00
I/telpo_native(  751): 00
I/telpo_native(  751): 00
I/telpo_native(  751): 00
I/telpo_native(  751): 00
I/telpo_native(  751): 
D/telpo_native( 6458): CallIntMethod return ret = 0 length = 20
D/VM_BMS  (  440): wake_lock acquired
D/VM_BMS  (  440): New BMS data - Size=56
D/VM_BMS  (  440): Start process_bms_data
D/VM_BMS  (  440): Battery charge_cycle=0 fcc_adjust=0 rbatt_adjust=0 cycle_changed=false
D/VM_BMS  (  440): For batt_temp=255 fcc_mah=2200
D/VM_BMS  (  440): Lookup fcc_mah=2200.000000  adjusted fcc_mah=2200.000000
D/VM_BMS  (  440): For ocv=6489217 batt_temp=255 soc=100
D/VM_BMS  (  440): fifo_count=2 acc_count=0
D/VM_BMS  (  440): INIT: ocv=6489217 last_ocv=6489217 batt_temp=255 soc=100
D/VM_BMS  (  440): For soc=100 batt_temp=255 slope=2000
D/VM_BMS  (  440): For soc=100 batt_temp=255 rbatt_sf=100
D/VM_BMS  (  440): rbatt_mohm_default=72, rbatt_mohm=72, sf=100 batt_temp=255
D/VM_BMS  (  440): Lookup rbatt=72.000000  adjusted rbatt=72.000000
D/VM_BMS  (  440): For ocv=6484234 batt_temp=255 soc=100
D/VM_BMS  (  440): FIFO=0 fifo_avg=3.800062 rbatt=0.122000 slope=0.200000 ibatt=22.021832 ocv=6.484234 soc=100 fcc_ah=2.200000 sample_count=128 sample_interval=70 seq_num=49
D/VM_BMS  (  440): For soc=100 batt_temp=255 slope=2000
D/VM_BMS  (  440): For soc=100 batt_temp=255 rbatt_sf=100
D/VM_BMS  (  440): rbatt_mohm_default=72, rbatt_mohm=72, sf=100 batt_temp=255
D/VM_BMS  (  440): Lookup rbatt=72.000000  adjusted rbatt=72.000000
D/VM_BMS  (  440): For ocv=6479260 batt_temp=255 soc=100
D/VM_BMS  (  440): FIFO=1 fifo_avg=3.800062 rbatt=0.122000 slope=0.200000 ibatt=21.981026 ocv=6.479260 soc=100 fcc_ah=2.200000 sample_count=128 sample_interval=70 seq_num=49
I/VM_BMS  (  440): power_supply_update: ocv_uv=6479260 ibatt=21981026 soc=100 seq_num=49
D/VM_BMS  (  440): End process_bms_data
D/VM_BMS  (  440): wake_lock released
D/BatteryMeterView( 3026): onDraw level = 12
I/PowerManagerService(  751): Going to sleep due to screen timeout (uid 1000)...
D/telpo_native(  751): usb_printer_write data start!
D/telpo_native(  751): usb_printer_write start!
E/telpo_native(  751): ret = 25
D/telpo_native(  751): handle_emv_serial_read_write_cmd: usb write length = 25
E/telpo_native(  751): serial_read:start read
E/telpo_native(  751): serial_read:serial_read read_size = 0
D/telpo_native(  751): handle_emv_serial_read_write_cmd: usb_printer_read length = 20
I/telpo_native(  751): 0b
I/telpo_native(  751): b0
I/telpo_native(  751): 96
I/telpo_native(  751): 69
I/telpo_native(  751): 04
I/telpo_native(  751): 00
I/telpo_native(  751): 00
I/telpo_native(  751): 00
I/telpo_native(  751): a7
I/telpo_native(  751): 00
I/telpo_native(  751): 04
I/telpo_native(  751): 01
I/telpo_native(  751): 00
I/telpo_native(  751): 00
I/telpo_native(  751): 00
I/telpo_native(  751): 00
I/telpo_native(  751): 00
I/telpo_native(  751): 00
I/telpo_native(  751): 00
I/telpo_native(  751): 00
I/telpo_native(  751): 
D/telpo_native(  751): handle_emv_serial_read_write_cmd: parse successfully!
I/telpo_native(  751): handle_emv_serial_read_write_cmd: receive data length is 20
I/telpo_native(  751): 0b
I/telpo_native(  751): b0
I/telpo_native(  751): 96
I/telpo_native(  751): 69
I/telpo_native(  751): 04
I/telpo_native(  751): 00
I/telpo_native(  751): 00
I/telpo_native(  751): 00
I/telpo_native(  751): a7
I/telpo_native(  751): 00
I/telpo_native(  751): 04
I/telpo_native(  751): 01
I/telpo_native(  751): 00
I/telpo_native(  751): 00
I/telpo_native(  751): 00
I/telpo_native(  751): 00
I/telpo_native(  751): 00
I/telpo_native(  751): 00
I/telpo_native(  751): 00
I/telpo_native(  751): 00
I/telpo_native(  751): 
D/telpo_native( 6458): CallIntMethod return ret = 0 length = 20
D/BatteryMeterView( 3026): onDraw level = 22
I/SurfaceFlinger(  260): FPS: 20
I/WindowManager(  751): Screen turned off...
I/DisplayManagerService(  751): Display device changed: DisplayDeviceInfo{"Built-in Screen": uniqueId="local:0", 720 x 1280, 60.0 fps, supportedRefreshRates [60.0], density 320, 160.421 x 160.157 dpi, appVsyncOff 0, presDeadline 17666667, touch INTERNAL, rotation 0, type BUILT_IN, state OFF, FLAG_DEFAULT_DISPLAY, FLAG_ROTATES_WITH_CONTENT, FLAG_SECURE, FLAG_SUPPORTS_PROTECTED_BUFFERS}
E/libnav  (  361): AbaSetOriginalBacklightLevel: bad input paramters
D/telpo_native(  751): usb_printer_write data start!
D/telpo_native(  751): usb_printer_write start!
E/telpo_native(  751): ret = 25
D/telpo_native(  751): handle_emv_serial_read_write_cmd: usb write length = 25
V/ActivityManager(  751): Display changed displayId=0
E/telpo_native(  751): serial_read:start read
E/telpo_native(  751): serial_read:serial_read read_size = 0
D/telpo_native(  751): handle_emv_serial_read_write_cmd: usb_printer_read length = 20
I/telpo_native(  751): 0b
I/telpo_native(  751): b0
I/telpo_native(  751): 96
I/telpo_native(  751): 69
I/telpo_native(  751): 04
I/telpo_native(  751): 00
I/telpo_native(  751): 00
I/telpo_native(  751): 00
I/telpo_native(  751): a8
I/telpo_native(  751): 00
I/telpo_native(  751): 04
I/telpo_native(  751): 01
I/telpo_native(  751): 00
I/telpo_native(  751): 00
I/telpo_native(  751): 00
I/telpo_native(  751): 00
I/telpo_native(  751): 00
I/telpo_native(  751): 00
I/telpo_native(  751): 00
I/telpo_native(  751): 00
I/telpo_native(  751): 
D/telpo_native(  751): handle_emv_serial_read_write_cmd: parse successfully!
I/telpo_native(  751): handle_emv_serial_read_write_cmd: receive data length is 20
I/telpo_native(  751): 0b
I/telpo_native(  751): b0
I/telpo_native(  751): 96
I/telpo_native(  751): 69
I/telpo_native(  751): 04
I/telpo_native(  751): 00
I/telpo_native(  751): 00
I/telpo_native(  751): 00
I/telpo_native(  751): a8
I/telpo_native(  751): 00
I/telpo_native(  751): 04
I/telpo_native(  751): 01
I/telpo_native(  751): 00
I/telpo_native(  751): 00
I/telpo_native(  751): 00
I/telpo_native(  751): 00
I/telpo_native(  751): 00
I/telpo_native(  751): 00
I/telpo_native(  751): 00
I/telpo_native(  751): 00
I/telpo_native(  751): 
D/SurfaceFlinger(  260): Set power mode=0, type=0 flinger=0xb72bf5f8
D/telpo_native( 6458): CallIntMethod return ret = 0 length = 20
D/qdhwcomposer(  260): hwc_setPowerMode: Setting mode 0 on display: 0
E/qdutils (  260): int qdutils::getHDMINode(): Failed to open fb node 1
E/qdutils (  260): int qdutils::getHDMINode(): Failed to open fb node 2
E/qdutils (  260): int qdutils::getHDMINode(): Failed to find HDMI node
I/WindowManager(  751): Win Window{2b5d0932 u0 android}: isVisibleOrBehindKeyguardLw=true
I/WindowManager(  751): Win Window{23583ca7 u0 StatusBar}: isVisibleOrBehindKeyguardLw=true
I/WindowManager(  751): Win Window{2b5c623f u0 com.interswitchng.interswitchpossdkdemo.telpo.v2.debug/com.interswitchng.smartpos.modules.main.MainActivity}: isVisibleOrBehindKeyguardLw=true
V/WindowManager(  751): Fullscreen window: Window{2b5c623f u0 com.interswitchng.interswitchpossdkdemo.telpo.v2.debug/com.interswitchng.smartpos.modules.main.MainActivity}
I/WindowManager(  751): Win Window{276e6867 u0 com.android.phasebeam.PhaseBeamWallpaper}: isVisibleOrBehindKeyguardLw=false
I/WindowManager(  751): force=false forcefkg=false top=Window{2b5c623f u0 com.interswitchng.interswitchpossdkdemo.telpo.v2.debug/com.interswitchng.smartpos.modules.main.MainActivity}
D/WindowManager(  751): frame: Rect(0, 0 - 720, 1280) shown frame: RectF(0.0, 0.0, 720.0, 1280.0)
D/WindowManager(  751): attr: WM.LayoutParams{(0,0)(fillxfill) sim=#20 ty=1 fl=#81810100 wanim=0x1030467 vsysui=0x600 surfaceInsets=Rect(0, 0 - 0, 0) needsMenuKey=2} lp.flags=0x81810100
V/WindowManager(  751): ** SHOWING status bar: top is not fullscreen
V/WindowManager(  751): finishPostLayoutPolicyLw: mHideKeyguard=false
I/WindowManager(  751): Win Window{2b5d0932 u0 android}: isVisibleOrBehindKeyguardLw=true
I/WindowManager(  751): Win Window{23583ca7 u0 StatusBar}: isVisibleOrBehindKeyguardLw=true
I/WindowManager(  751): Win Window{2b5c623f u0 com.interswitchng.interswitchpossdkdemo.telpo.v2.debug/com.interswitchng.smartpos.modules.main.MainActivity}: isVisibleOrBehindKeyguardLw=true
V/WindowManager(  751): Fullscreen window: Window{2b5c623f u0 com.interswitchng.interswitchpossdkdemo.telpo.v2.debug/com.interswitchng.smartpos.modules.main.MainActivity}
I/WindowManager(  751): Win Window{276e6867 u0 com.android.phasebeam.PhaseBeamWallpaper}: isVisibleOrBehindKeyguardLw=false
I/WindowManager(  751): force=false forcefkg=false top=Window{2b5c623f u0 com.interswitchng.interswitchpossdkdemo.telpo.v2.debug/com.interswitchng.smartpos.modules.main.MainActivity}
D/WindowManager(  751): frame: Rect(0, 0 - 720, 1280) shown frame: RectF(0.0, 0.0, 720.0, 1280.0)
D/WindowManager(  751): attr: WM.LayoutParams{(0,0)(fillxfill) sim=#20 ty=1 fl=#81810100 wanim=0x1030467 vsysui=0x600 surfaceInsets=Rect(0, 0 - 0, 0) needsMenuKey=2} lp.flags=0x81810100
V/WindowManager(  751): ** SHOWING status bar: top is not fullscreen
V/WindowManager(  751): finishPostLayoutPolicyLw: mHideKeyguard=false
I/qdhwcomposer(  260): handle_blank_event: dpy:0 panel power state: 0
E/qdutils (  260): int qdutils::getHDMINode(): Failed to open fb node 1
E/qdutils (  260): int qdutils::getHDMINode(): Failed to open fb node 2
E/qdutils (  260): int qdutils::getHDMINode(): Failed to find HDMI node
D/qdhwcomposer(  260): hwc_setPowerMode: Done setting mode 0 on display 0
E/qdutils (  260): int qdutils::getHDMINode(): Failed to open fb node 1
E/qdutils (  260): int qdutils::getHDMINode(): Failed to open fb node 2
E/qdutils (  260): int qdutils::getHDMINode(): Failed to find HDMI node
D/SurfaceControl(  751): Excessive delay in setPowerMode(): 398ms
I/QCOM PowerHAL(  751): Got set_interactive hint
I/WindowManager(  751): Going to sleep...
I/DreamManagerService(  751): Entering dreamland.
I/PowerManagerService(  751): Dozing...
I/DreamController(  751): Starting dream: name=ComponentInfo{com.android.systemui/com.android.systemui.doze.DozeService}, isTest=false, canDoze=true, userId=0
E/WifiStateMachine(  751): cancelDelayedScan -> 59
V/SRS_Proc(  301): ParamSet string: screen_state=off
D/audio_hw_primary(  301): adev_set_parameters: enter: screen_state=off
D/audio_hw_extn(  301): audio_extn_set_anc_parameters: anc_enabled:0
E/audio_a2dp_hw(  301): adev_set_parameters: ERROR: set param called even when stream out is null
E/native  (  751): do suspend true
D/wpa_supplicant( 7163): wlan0: Control interface command 'DRIVER SETSUSPENDMODE 1'
V/WLAN_PSA(  312): NL MSG, len[048], NL type[0x11] WNI type[0x5050] len[028]
V/WLAN_PSA(  312): NL MSG, PID: 312
V/WLAN_PSA(  312): NL MSG, len[048], NL type[0x11] WNI type[0x5050] len[028]
V/WLAN_PSA(  312): NL MSG, PID: 312
V/WLAN_PSA(  312): NL MSG, len[3999], NL type[0x1C] WNI type[0x5900] len[34575]
V/WLAN_PSA(  312): NL MSG, PID: 312
V/WLAN_PSA(  312): NL MSG, len[048], NL type[0x11] WNI type[0x5050] len[028]
V/WLAN_PSA(  312): NL MSG, PID: 312
V/WLAN_PSA(  312): NL MSG, len[048], NL type[0x11] WNI type[0x5050] len[028]
V/WLAN_PSA(  312): NL MSG, PID: 312
V/WLAN_PSA(  312): NL MSG, len[048], NL type[0x11] WNI type[0x5050] len[028]
V/WLAN_PSA(  312): NL MSG, PID: 312
V/WLAN_PSA(  312): NL MSG, len[048], NL type[0x11] WNI type[0x5050] len[028]
D/wpa_supplicant( 7163): wpa_driver_nl80211_driver_cmd SETSUSPENDMODE 1 len = 0, 4096
V/WLAN_PSA(  312): NL MSG, PID: 312
V/WLAN_PSA(  312): NL MSG, len[4006], NL type[0x1C] WNI type[0x5900] len[36367]
V/WLAN_PSA(  312): NL MSG, PID: 312
D/StatusBar.MSimNetworkController( 3026): getPhoneId phoneId: 0
D/StatusBar.MSimNetworkController( 3026): onDataActivity received on phoneId :0direction=0
D/StatusBar.MSimNetworkController( 3026): updateDataIcon phoneId =0
D/StatusBar.MSimNetworkController( 3026): updateDataIcon dataSub =0
D/StatusBar.MSimNetworkController( 3026): updateDataIcon  when SimState =ABSENT
D/StatusBar.MSimNetworkController( 3026): updateDataIcon when mMSimDataConnected[0] =false mMSimMobileActivityIconId[0] = 0
D/StatusBar.MSimNetworkController( 3026): refreshViews phoneId =0mMSimDataConnected =false
D/StatusBar.MSimNetworkController( 3026): refreshViews mMSimDataActivity =0
D/StatusBar.MSimNetworkController( 3026): refreshViews: Data not connected!! Set no data type icon / Roaming for phoneId: 0
D/StatusBar.MSimNetworkController( 3026): refreshViews connected={ wifi } level=0 mMSimcombinedSignalIconId=0x7f020350/com.android.systemui:drawable/stat_sys_wifi_signal_3_fully mMSimcombinedActivityIconId=0x7f020347 mAirplaneMode=false mMSimDataActivity=0 mMSimPhoneSignalIconId=0x7f020339/com.android.systemui:drawable/stat_sys_signal_null mMSimDataDirectionIconId=0x0 mMSimDataSignalIconId=0x7f020339 mMSimDataTypeIconId=0x0/(null) mNoMSimIconId=0x7f02009a/com.android.systemui:drawable/ic_qs_no_sim mMSimMobileActivityIconId=0x0/(null) mWifiIconId=0x7f020350 mBluetoothTetherIconId=0x10806a2
D/StatusBar.MSimNetworkController( 3026): getPhoneId phoneId: 1
D/StatusBar.MSimNetworkController( 3026): onDataActivity received on phoneId :1direction=0
D/StatusBar.MSimNetworkController( 3026): updateDataIcon phoneId =1
D/StatusBar.MSimNetworkController( 3026): updateDataIcon dataSub =0
D/StatusBar.MSimNetworkController( 3026): updateDataIconi: phoneId1 is not DDS.  Clear the mMSimDataConnected Flag and return
D/StatusBar.MSimNetworkController( 3026): refreshViews phoneId =1mMSimDataConnected =false
D/StatusBar.MSimNetworkController( 3026): refreshViews mMSimDataActivity =0
D/StatusBar.MSimNetworkController( 3026): refreshViews: Data not connected!! Set no data type icon / Roaming for phoneId: 1
D/StatusBar.MSimNetworkController( 3026): refreshViews connected={ wifi } level=0 mMSimcombinedSignalIconId=0x7f020350/com.android.systemui:drawable/stat_sys_wifi_signal_3_fully mMSimcombinedActivityIconId=0x7f020347 mAirplaneMode=false mMSimDataActivity=0 mMSimPhoneSignalIconId=0x7f020339/com.android.systemui:drawable/stat_sys_signal_null mMSimDataDirectionIconId=0x0 mMSimDataSignalIconId=0x7f020339 mMSimDataTypeIconId=0x0/(null) mNoMSimIconId=0x7f02009a/com.android.systemui:drawable/ic_qs_no_sim mMSimMobileActivityIconId=0x0/(null) mWifiIconId=0x7f020350 mBluetoothTetherIconId=0x10806a2
D/StatusBar.MSimNetworkController( 3026): getPhoneId phoneId: 0
D/StatusBar.MSimNetworkController( 3026): onDataActivity received on phoneId :0direction=0
D/StatusBar.MSimNetworkController( 3026): updateDataIcon phoneId =0
D/StatusBar.MSimNetworkController( 3026): updateDataIcon dataSub =0
D/StatusBar.MSimNetworkController( 3026): updateDataIcon  when SimState =ABSENT
D/StatusBar.MSimNetworkController( 3026): updateDataIcon when mMSimDataConnected[0] =false mMSimMobileActivityIconId[0] = 0
D/StatusBar.MSimNetworkController( 3026): refreshViews phoneId =0mMSimDataConnected =false
D/StatusBar.MSimNetworkController( 3026): refreshViews mMSimDataActivity =0
D/StatusBar.MSimNetworkController( 3026): refreshViews: Data not connected!! Set no data type icon / Roaming for phoneId: 0
D/StatusBar.MSimNetworkController( 3026): refreshViews connected={ wifi } level=0 mMSimcombinedSignalIconId=0x7f020350/com.android.systemui:drawable/stat_sys_wifi_signal_3_fully mMSimcombinedActivityIconId=0x7f020347 mAirplaneMode=false mMSimDataActivity=0 mMSimPhoneSignalIconId=0x7f020339/com.android.systemui:drawable/stat_sys_signal_null mMSimDataDirectionIconId=0x0 mMSimDataSignalIconId=0x7f020339 mMSimDataTypeIconId=0x0/(null) mNoMSimIconId=0x7f02009a/com.android.systemui:drawable/ic_qs_no_sim mMSimMobileActivityIconId=0x0/(null) mWifiIconId=0x7f020350 mBluetoothTetherIconId=0x10806a2
D/StatusBar.MSimNetworkController( 3026): getPhoneId phoneId: 1
D/StatusBar.MSimNetworkController( 3026): onDataActivity received on phoneId :1direction=0
D/StatusBar.MSimNetworkController( 3026): updateDataIcon phoneId =1
D/StatusBar.MSimNetworkController( 3026): updateDataIcon dataSub =0
D/StatusBar.MSimNetworkController( 3026): updateDataIconi: phoneId1 is not DDS.  Clear the mMSimDataConnected Flag and return
D/StatusBar.MSimNetworkController( 3026): refreshViews phoneId =1mMSimDataConnected =false
D/StatusBar.MSimNetworkController( 3026): refreshViews mMSimDataActivity =0
D/StatusBar.MSimNetworkController( 3026): refreshViews: Data not connected!! Set no data type icon / Roaming for phoneId: 1
D/StatusBar.MSimNetworkController( 3026): refreshViews connected={ wifi } level=0 mMSimcombinedSignalIconId=0x7f020350/com.android.systemui:drawable/stat_sys_wifi_signal_3_fully mMSimcombinedActivityIconId=0x7f020347 mAirplaneMode=false mMSimDataActivity=0 mMSimPhoneSignalIconId=0x7f020339/com.android.systemui:drawable/stat_sys_signal_null mMSimDataDirectionIconId=0x0 mMSimDataSignalIconId=0x7f020339 mMSimDataTypeIconId=0x0/(null) mNoMSimIconId=0x7f02009a/com.android.systemui:drawable/ic_qs_no_sim mMSimMobileActivityIconId=0x0/(null) mWifiIconId=0x7f020350 mBluetoothTetherIconId=0x10806a2
D/StatusBar.MSimNetworkController( 3026): getPhoneId phoneId: 0
D/StatusBar.MSimNetworkController( 3026): onDataActivity received on phoneId :0direction=0
D/StatusBar.MSimNetworkController( 3026): updateDataIcon phoneId =0
D/StatusBar.MSimNetworkController( 3026): updateDataIcon dataSub =0
D/StatusBar.MSimNetworkController( 3026): updateDataIcon  when SimState =ABSENT
D/StatusBar.MSimNetworkController( 3026): updateDataIcon when mMSimDataConnected[0] =false mMSimMobileActivityIconId[0] = 0
D/StatusBar.MSimNetworkController( 3026): refreshViews phoneId =0mMSimDataConnected =false
D/StatusBar.MSimNetworkController( 3026): refreshViews mMSimDataActivity =0
D/StatusBar.MSimNetworkController( 3026): refreshViews: Data not connected!! Set no data type icon / Roaming for phoneId: 0
D/StatusBar.MSimNetworkController( 3026): refreshViews connected={ wifi } level=0 mMSimcombinedSignalIconId=0x7f020350/com.android.systemui:drawable/stat_sys_wifi_signal_3_fully mMSimcombinedActivityIconId=0x7f020347 mAirplaneMode=false mMSimDataActivity=0 mMSimPhoneSignalIconId=0x7f020339/com.android.systemui:drawable/stat_sys_signal_null mMSimDataDirectionIconId=0x0 mMSimDataSignalIconId=0x7f020339 mMSimDataTypeIconId=0x0/(null) mNoMSimIconId=0x7f02009a/com.android.systemui:drawable/ic_qs_no_sim mMSimMobileActivityIconId=0x0/(null) mWifiIconId=0x7f020350 mBluetoothTetherIconId=0x10806a2
D/StatusBar.MSimNetworkController( 3026): getPhoneId phoneId: 1
D/StatusBar.MSimNetworkController( 3026): onDataActivity received on phoneId :1direction=0
D/StatusBar.MSimNetworkController( 3026): updateDataIcon phoneId =1
D/StatusBar.MSimNetworkController( 3026): updateDataIcon dataSub =0
D/StatusBar.MSimNetworkController( 3026): updateDataIconi: phoneId1 is not DDS.  Clear the mMSimDataConnected Flag and return
D/StatusBar.MSimNetworkController( 3026): refreshViews phoneId =1mMSimDataConnected =false
D/StatusBar.MSimNetworkController( 3026): refreshViews mMSimDataActivity =0
D/StatusBar.MSimNetworkController( 3026): refreshViews: Data not connected!! Set no data type icon / Roaming for phoneId: 1
D/StatusBar.MSimNetworkController( 3026): refreshViews connected={ wifi } level=0 mMSimcombinedSignalIconId=0x7f020350/com.android.systemui:drawable/stat_sys_wifi_signal_3_fully mMSimcombinedActivityIconId=0x7f020347 mAirplaneMode=false mMSimDataActivity=0 mMSimPhoneSignalIconId=0x7f020339/com.android.systemui:drawable/stat_sys_signal_null mMSimDataDirectionIconId=0x0 mMSimDataSignalIconId=0x7f020339 mMSimDataTypeIconId=0x0/(null) mNoMSimIconId=0x7f02009a/com.android.systemui:drawable/ic_qs_no_sim mMSimMobileActivityIconId=0x0/(null) mWifiIconId=0x7f020350 mBluetoothTetherIconId=0x10806a2
D/StatusBar.MSimNetworkController( 3026): getPhoneId phoneId: 0
D/StatusBar.MSimNetworkController( 3026): onDataActivity received on phoneId :0direction=0
D/StatusBar.MSimNetworkController( 3026): updateDataIcon phoneId =0
D/StatusBar.MSimNetworkController( 3026): updateDataIcon dataSub =0
D/StatusBar.MSimNetworkController( 3026): updateDataIcon  when SimState =ABSENT
D/StatusBar.MSimNetworkController( 3026): updateDataIcon when mMSimDataConnected[0] =false mMSimMobileActivityIconId[0] = 0
D/StatusBar.MSimNetworkController( 3026): refreshViews phoneId =0mMSimDataConnected =false
D/StatusBar.MSimNetworkController( 3026): refreshViews mMSimDataActivity =0
D/StatusBar.MSimNetworkController( 3026): refreshViews: Data not connected!! Set no data type icon / Roaming for phoneId: 0
D/StatusBar.MSimNetworkController( 3026): refreshViews connected={ wifi } level=0 mMSimcombinedSignalIconId=0x7f020350/com.android.systemui:drawable/stat_sys_wifi_signal_3_fully mMSimcombinedActivityIconId=0x7f020347 mAirplaneMode=false mMSimDataActivity=0 mMSimPhoneSignalIconId=0x7f020339/com.android.systemui:drawable/stat_sys_signal_null mMSimDataDirectionIconId=0x0 mMSimDataSignalIconId=0x7f020339 mMSimDataTypeIconId=0x0/(null) mNoMSimIconId=0x7f02009a/com.android.systemui:drawable/ic_qs_no_sim mMSimMobileActivityIconId=0x0/(null) mWifiIconId=0x7f020350 mBluetoothTetherIconId=0x10806a2
D/StatusBar.MSimNetworkController( 3026): getPhoneId phoneId: 1
D/StatusBar.MSimNetworkController( 3026): onDataActivity received on phoneId :1direction=0
D/StatusBar.MSimNetworkController( 3026): updateDataIcon phoneId =1
D/StatusBar.MSimNetworkController( 3026): updateDataIcon dataSub =0
D/StatusBar.MSimNetworkController( 3026): updateDataIconi: phoneId1 is not DDS.  Clear the mMSimDataConnected Flag and return
D/StatusBar.MSimNetworkController( 3026): refreshViews phoneId =1mMSimDataConnected =false
D/StatusBar.MSimNetworkController( 3026): refreshViews mMSimDataActivity =0
D/StatusBar.MSimNetworkController( 3026): refreshViews: Data not connected!! Set no data type icon / Roaming for phoneId: 1
D/StatusBar.MSimNetworkController( 3026): refreshViews connected={ wifi } level=0 mMSimcombinedSignalIconId=0x7f020350/com.android.systemui:drawable/stat_sys_wifi_signal_3_fully mMSimcombinedActivityIconId=0x7f020347 mAirplaneMode=false mMSimDataActivity=0 mMSimPhoneSignalIconId=0x7f020339/com.android.systemui:drawable/stat_sys_signal_null mMSimDataDirectionIconId=0x0 mMSimDataSignalIconId=0x7f020339 mMSimDataTypeIconId=0x0/(null) mNoMSimIconId=0x7f02009a/com.android.systemui:drawable/ic_qs_no_sim mMSimMobileActivityIconId=0x0/(null) mWifiIconId=0x7f020350 mBluetoothTetherIconId=0x10806a2
D/StatusBar.MSimNetworkController( 3026): getPhoneId phoneId: 0
D/StatusBar.MSimNetworkController( 3026): onDataActivity received on phoneId :0direction=0
D/StatusBar.MSimNetworkController( 3026): updateDataIcon phoneId =0
D/telpo_native(  751): usb_printer_write data start!
D/telpo_native(  751): usb_printer_write start!
E/telpo_native(  751): ret = 25
D/telpo_native(  751): handle_emv_serial_read_write_cmd: usb write length = 25
D/StatusBar.MSimNetworkController( 3026): updateDataIcon dataSub =0
D/StatusBar.MSimNetworkController( 3026): updateDataIcon  when SimState =ABSENT
D/StatusBar.MSimNetworkController( 3026): updateDataIcon when mMSimDataConnected[0] =false mMSimMobileActivityIconId[0] = 0
D/StatusBar.MSimNetworkController( 3026): refreshViews phoneId =0mMSimDataConnected =false
D/StatusBar.MSimNetworkController( 3026): refreshViews mMSimDataActivity =0
E/telpo_native(  751): serial_read:start read
E/telpo_native(  751): serial_read:serial_read read_size = 0
D/telpo_native(  751): handle_emv_serial_read_write_cmd: usb_printer_read length = 20
I/telpo_native(  751): 0b
I/telpo_native(  751): b0
I/telpo_native(  751): 96
I/telpo_native(  751): 69
I/telpo_native(  751): 04
I/telpo_native(  751): 00
I/telpo_native(  751): 00
I/telpo_native(  751): 00
I/telpo_native(  751): a9
I/telpo_native(  751): 00
I/telpo_native(  751): 04
I/telpo_native(  751): 01
I/telpo_native(  751): 00
I/telpo_native(  751): 00
I/telpo_native(  751): 00
I/telpo_native(  751): 00
I/telpo_native(  751): 00
I/telpo_native(  751): 00
I/telpo_native(  751): 00
I/telpo_native(  751): 00
I/telpo_native(  751): 
D/telpo_native(  751): handle_emv_serial_read_write_cmd: parse successfully!
I/telpo_native(  751): handle_emv_serial_read_write_cmd: receive data length is 20
I/telpo_native(  751): 0b
I/telpo_native(  751): b0
I/telpo_native(  751): 96
I/telpo_native(  751): 69
I/telpo_native(  751): 04
I/telpo_native(  751): 00
I/telpo_native(  751): 00
I/telpo_native(  751): 00
I/telpo_native(  751): a9
I/telpo_native(  751): 00
I/telpo_native(  751): 04
I/telpo_native(  751): 01
I/telpo_native(  751): 00
I/telpo_native(  751): 00
I/telpo_native(  751): 00
I/telpo_native(  751): 00
I/telpo_native(  751): 00
I/telpo_native(  751): 00
I/telpo_native(  751): 00
I/telpo_native(  751): 00
I/telpo_native(  751): 
D/telpo_native( 6458): CallIntMethod return ret = 0 length = 20
D/StatusBar.MSimNetworkController( 3026): refreshViews: Data not connected!! Set no data type icon / Roaming for phoneId: 0
D/StatusBar.MSimNetworkController( 3026): refreshViews connected={ wifi } level=0 mMSimcombinedSignalIconId=0x7f020350/com.android.systemui:drawable/stat_sys_wifi_signal_3_fully mMSimcombinedActivityIconId=0x7f020347 mAirplaneMode=false mMSimDataActivity=0 mMSimPhoneSignalIconId=0x7f020339/com.android.systemui:drawable/stat_sys_signal_null mMSimDataDirectionIconId=0x0 mMSimDataSignalIconId=0x7f020339 mMSimDataTypeIconId=0x0/(null) mNoMSimIconId=0x7f02009a/com.android.systemui:drawable/ic_qs_no_sim mMSimMobileActivityIconId=0x0/(null) mWifiIconId=0x7f020350 mBluetoothTetherIconId=0x10806a2
D/StatusBar.MSimNetworkController( 3026): getPhoneId phoneId: 1
D/StatusBar.MSimNetworkController( 3026): onDataActivity received on phoneId :1direction=0
D/StatusBar.MSimNetworkController( 3026): updateDataIcon phoneId =1
D/StatusBar.MSimNetworkController( 3026): updateDataIcon dataSub =0
D/StatusBar.MSimNetworkController( 3026): updateDataIconi: phoneId1 is not DDS.  Clear the mMSimDataConnected Flag and return
D/StatusBar.MSimNetworkController( 3026): refreshViews phoneId =1mMSimDataConnected =false
D/StatusBar.MSimNetworkController( 3026): refreshViews mMSimDataActivity =0
D/StatusBar.MSimNetworkController( 3026): refreshViews: Data not connected!! Set no data type icon / Roaming for phoneId: 1
D/StatusBar.MSimNetworkController( 3026): refreshViews connected={ wifi } level=0 mMSimcombinedSignalIconId=0x7f020350/com.android.systemui:drawable/stat_sys_wifi_signal_3_fully mMSimcombinedActivityIconId=0x7f020347 mAirplaneMode=false mMSimDataActivity=0 mMSimPhoneSignalIconId=0x7f020339/com.android.systemui:drawable/stat_sys_signal_null mMSimDataDirectionIconId=0x0 mMSimDataSignalIconId=0x7f020339 mMSimDataTypeIconId=0x0/(null) mNoMSimIconId=0x7f02009a/com.android.systemui:drawable/ic_qs_no_sim mMSimMobileActivityIconId=0x0/(null) mWifiIconId=0x7f020350 mBluetoothTetherIconId=0x10806a2
D/StatusBar.MSimNetworkController( 3026): getPhoneId phoneId: 0
D/StatusBar.MSimNetworkController( 3026): onDataActivity received on phoneId :0direction=0
D/StatusBar.MSimNetworkController( 3026): updateDataIcon phoneId =0
