--------- beginning of main
06-11 17:02:43.166 W/MS_RegisterService( 3937): Not eligible for registration.
06-11 17:02:43.211 I/WearableService( 3256): Wear is not allowed to run on this device. Not starting Wear service.
06-11 17:02:43.228 D/WearableService( 3256): callingUid 10005, callindPid: 3256
06-11 17:02:43.305 W/NearbyMessages( 3256): NetworkPollManager:  RPC was requested, but deemed unnecessary.
06-11 17:02:43.316 E/Volley  ( 3776): [115] c.a: Unexpected response code 400 for https://android.clients.google.com/fdfe/selfUpdate?ex=1
06-11 17:02:43.320 D/BatteryMeterView( 2887): onDraw level = 12
06-11 17:02:43.335 I/CallBack( 4461): failure:response status error code:500;errorNo:500
06-11 17:02:43.337 D/OTA AppReceiver( 4461): getAccessToken failure retCode = 4AppException = com.common.pos.otaservices.app.AppException: java.lang.Exception
06-11 17:02:43.345 W/Finsky  ( 3776): [1] com.google.android.finsky.hygiene.d.a(34): Self-update check failed with error: DisplayErrorMessage[Error retrieving information from server. DF-DFERH-01]
06-11 17:02:43.346 W/Finsky  ( 3776): [1] com.google.android.finsky.hygiene.DailyHygiene.a(282): Concluding Daily Hygiene because unauthenticated
06-11 17:02:43.416 D/DormancyReceiver( 4565): Received Unexpected Intent Intent { act=android.intent.action.BOOT_COMPLETED flg=0x8000010 cmp=com.qualcomm.fastdormancy/.FastDormancyReceiver (has extras) }
06-11 17:02:43.451 I/SystemUpdateTask( 3937): cancelUpdate (empty URL)
06-11 17:02:43.451 I/CmaSystemUpdateService( 3937): active receiver: disabled
06-11 17:02:43.458 W/Finsky  ( 3776): [1] com.google.android.finsky.hygiene.DailyHygiene.d(471): Concluding Daily Hygiene because unauthenticated
06-11 17:02:43.459 I/Finsky  ( 3776): [1] com.google.android.finsky.hygiene.DailyHygiene.a(846): Scheduling new run in 286 minutes (failures=4)
06-11 17:02:43.481 I/GCoreUlr( 3256): Starting service, intent=Intent { act=com.google.android.location.reporting.ACTION_UPDATE_WORLD cmp=com.google.android.gms/com.google.android.location.reporting.service.DispatchingService (has extras) }, extras=Bundle[{receiverAction=android.intent.action.BOOT_COMPLETED}]
06-11 17:02:43.485 W/Finsky  ( 3776): [1] com.google.android.finsky.application.FinskyAppImpl.af(1062): No account configured on this device.
06-11 17:02:43.498 E/LevelDb ( 3256): LevelDb failed to load (1), returning NoOpLevelDb
06-11 17:02:43.498 E/GCoreUlr( 3256): Created NoOpLevelDb
06-11 17:02:43.514 W/WearSignatureVerifier( 3937): No package com.google.android.wearable.app.cn
06-11 17:02:43.516 E/MDM     ( 3937): [192] vdc.a: Couldn't connect to Google API client: jvc{statusCode=API_UNAVAILABLE, resolution=null, message=null}
06-11 17:02:43.534 I/MS_RegisterService( 3937): Not registered and not registration not allowed. User override:false
06-11 17:02:43.541 I/CheckinTask( 3937): cookie is null
06-11 17:02:43.674 I/SurfaceFlinger(  262): FPS: 39
06-11 17:02:43.696 D/wpa_supplicant( 3753): wlan0: Control interface command 'SIGNAL_POLL'
06-11 17:02:43.699 V/WLAN_PSA(  300): NL MSG, len[4060], NL type[0x1C] WNI type[0x5900] len[50191]
06-11 17:02:43.699 V/WLAN_PSA(  300): NL MSG, PID: 300
06-11 17:02:43.777 I/GCoreUlr( 3256): WorldUpdater received intent Intent { act=com.google.android.location.reporting.ACTION_UPDATE_WORLD cmp=com.google.android.gms/com.google.android.location.reporting.service.DispatchingService (has extras) } with receiverAction android.intent.action.BOOT_COMPLETED
06-11 17:02:43.817 I/GCoreUlr( 3256): Starting service, intent=Intent { act=com.google.android.location.reporting.ACTION_UPDATE_WORLD cmp=com.google.android.gms/com.google.android.location.reporting.service.DispatchingService (has extras) }, extras=Bundle[{receiverAction=com.google.android.location.reporting.PHENOTYPE_FLAGS_CHANGED}]
06-11 17:02:43.836 D/BatteryMeterView( 2887): onDraw level = 22
06-11 17:02:43.878 I/GCore-Chimera-Crash( 3937): Cg8KCWNvbnRhaW5lchCq7T4=
06-11 17:02:43.878 I/GCore-Chimera-Crash( 3937): GCore-Chimera-Crash
06-11 17:02:43.892 I/DeviceDrDatabaseHelper( 3937): Cleaning stale data from database!
06-11 17:02:43.955 I/GCoreUlr( 3256): WorldUpdater:android.intent.action.BOOT_COMPLETED: Ensuring that reporting is stopped because of reasons: (no Google accounts)
06-11 17:02:43.963 W/DeviceDoctorHandler( 3937): Crash Hash: c2bd1833ea997f647d150f0a1debab9e4bb96504
06-11 17:02:43.969 I/GCoreUlr( 3256): Unbound from all location providers
06-11 17:02:43.969 I/GCoreUlr( 3256): Place inference reporting - stop
--------- beginning of crash
06-11 17:02:43.976 E/AndroidRuntime( 3937): FATAL EXCEPTION: Thread-149
06-11 17:02:43.976 E/AndroidRuntime( 3937): Process: com.google.android.gms, PID: 3937
06-11 17:02:43.976 E/AndroidRuntime( 3937): java.lang.RuntimeException: An error occured while executing doInBackground()
06-11 17:02:43.976 E/AndroidRuntime( 3937): 	at android.os.AsyncTask$3.done(AsyncTask.java:304)
06-11 17:02:43.976 E/AndroidRuntime( 3937): 	at java.util.concurrent.FutureTask.finishCompletion(FutureTask.java:355)
06-11 17:02:43.976 E/AndroidRuntime( 3937): 	at java.util.concurrent.FutureTask.setException(FutureTask.java:222)
06-11 17:02:43.976 E/AndroidRuntime( 3937): 	at java.util.concurrent.FutureTask.run(FutureTask.java:242)
06-11 17:02:43.976 E/AndroidRuntime( 3937): 	at java.lang.Thread.run(Thread.java:818)
06-11 17:02:43.976 E/AndroidRuntime( 3937): Caused by: java.lang.UnsatisfiedLinkError: dalvik.system.PathClassLoader[DexPathList[[zip file "/system/framework/com.android.location.provider.jar", zip file "/system/framework/com.android.media.remotedisplay.jar", zip file "/system/priv-app/GmsCore/GmsCore.apk"],nativeLibraryDirectories=[/vendor/lib, /system/lib]]] couldn't find "libgmscore.so"
06-11 17:02:43.976 E/AndroidRuntime( 3937): 	at java.lang.Runtime.loadLibrary(Runtime.java:366)
06-11 17:02:43.976 E/AndroidRuntime( 3937): 	at java.lang.System.loadLibrary(System.java:988)
06-11 17:02:43.976 E/AndroidRuntime( 3937): 	at com.google.android.gms.org.conscrypt.NativeCrypto.<clinit>(:com.google.android.gms:1026)
06-11 17:02:43.976 E/AndroidRuntime( 3937): 	at com.google.android.gms.org.conscrypt.OpenSSLContextImpl$TLSv12.<init>(:com.google.android.gms:152)
06-11 17:02:43.976 E/AndroidRuntime( 3937): 	at com.google.android.gms.org.conscrypt.OpenSSLContextImpl.getPreferred(:com.google.android.gms:55)
06-11 17:02:43.976 E/AndroidRuntime( 3937): 	at com.google.android.gms.common.net.SocketFactoryCreatorImpl.a(:com.google.android.gms:65)
06-11 17:02:43.976 E/AndroidRuntime( 3937): 	at com.google.android.gms.common.net.SocketFactoryCreatorImpl.newSocketFactory(:com.google.android.gms:32)
06-11 17:02:43.976 E/AndroidRuntime( 3937): 	at lff.a(:com.google.android.gms:24)
06-11 17:02:43.976 E/AndroidRuntime( 3937): 	at com.google.android.gms.common.net.SSLCertificateSocketFactory.getDelegate(:com.google.android.gms:242)
06-11 17:02:43.976 E/AndroidRuntime( 3937): 	at com.google.android.gms.common.net.SSLCertificateSocketFactory.createSocket(:com.google.android.gms:498)
06-11 17:02:43.976 E/AndroidRuntime( 3937): 	at com.android.okhttp.Connection.upgradeToTls(Connection.java:175)
06-11 17:02:43.976 E/AndroidRuntime( 3937): 	at com.android.okhttp.Connection.connect(Connection.java:155)
06-11 17:02:43.976 E/AndroidRuntime( 3937): 	at com.android.okhttp.internal.http.HttpEngine.connect(HttpEngine.java:276)
06-11 17:02:43.976 E/AndroidRuntime( 3937): 	at com.android.okhttp.internal.http.HttpEngine.sendRequest(HttpEngine.java:211)
06-11 17:02:43.976 E/AndroidRuntime( 3937): 	at com.android.okhttp.internal.http.HttpURLConnectionImpl.execute(HttpURLConnectionImpl.java:382)
06-11 17:02:43.976 E/AndroidRuntime( 3937): 	at com.android.okhttp.internal.http.HttpURLConnectionImpl.connect(HttpURLConnectionImpl.java:106)
06-11 17:02:43.976 E/AndroidRuntime( 3937): 	at com.android.okhttp.internal.http.HttpURLConnectionImpl.getOutputStream(HttpURLConnectionImpl.java:217)
06-11 17:02:43.976 E/AndroidRuntime( 3937): 	at com.android.okhttp.internal.http.DelegatingHttpsURLConnection.getOutputStream(DelegatingHttpsURLConnection.java:218)
06-11 17:02:43.976 E/AndroidRuntime( 3937): 	at com.android.okhttp.internal.http.HttpsURLConnectionImpl.getOutputStream(HttpsURLConnectionImpl.java:25)
06-11 17:02:43.976 E/AndroidRuntime( 3937): 	at jgf.a(:com.google.android.gms:677)
06-11 17:02:43.976 E/AndroidRuntime( 3937): 	at jgf.a(:com.google.android.gms:332)
06-11 17:02:43.976 E/AndroidRuntime( 3937): 	at jfw.a(:com.google.android.gms:1213)
06-11 17:02:43.976 E/AndroidRuntime( 3937): 	at jfw.doInBackground(:com.google.android.gms:1154)
06-11 17:02:43.976 E/AndroidRuntime( 3937): 	at android.os.AsyncTask$2.call(AsyncTask.java:292)
06-11 17:02:43.976 E/AndroidRuntime( 3937): 	at java.util.concurrent.FutureTask.run(FutureTask.java:237)
06-11 17:02:43.976 E/AndroidRuntime( 3937): 	... 1 more
06-11 17:02:43.989 I/Process ( 3937): Sending signal. PID: 3937 SIG: 9
06-11 17:02:44.050 I/GCoreUlr( 3256): DispatchingService ignoring Intent { act=android.net.wifi.WIFI_STATE_CHANGED flg=0x4000010 (has extras) } because ULR inactive
06-11 17:02:44.085 I/GCoreUlr( 3256): WorldUpdater received intent Intent { act=com.google.android.location.reporting.ACTION_UPDATE_WORLD cmp=com.google.android.gms/com.google.android.location.reporting.service.DispatchingService (has extras) } with receiverAction com.google.android.location.reporting.PHENOTYPE_FLAGS_CHANGED
06-11 17:02:44.118 I/Finsky  ( 3776): [1] com.google.android.finsky.utils.by.onTrimMemory(2): Memory trim requested to level 60
06-11 17:02:44.133 I/ServiceManager(  332): Waiting for service AtCmdFwd...
06-11 17:02:44.340 D/BatteryMeterView( 2887): onDraw level = 32
06-11 17:02:44.417 E/GCoreUlr( 3256): Bad errorId configuring silent feedback
06-11 17:02:44.418 I/GCoreUlr( 3256): WorldUpdater:com.google.android.location.reporting.PHENOTYPE_FLAGS_CHANGED: Ensuring that reporting is stopped because of reasons: (no Google accounts)
06-11 17:02:44.427 I/GCoreUlr( 3256): Unbound from all location providers
06-11 17:02:44.427 I/GCoreUlr( 3256): Place inference reporting - stop
06-11 17:02:44.462 I/GCoreUlr( 3256): DispatchingService.onDestroy()
06-11 17:02:44.467 I/GCoreUlr( 3256): Stopping handler for UlrDispSvcFast
06-11 17:02:44.471 I/GCoreUlr( 3256): Unbound from all location providers
06-11 17:02:44.471 I/GCoreUlr( 3256): Place inference reporting - stop
06-11 17:02:44.537 W/AndroidIME( 4602): com.google.android.apps.inputmethod.libs.hmm.AbstractHmmEngineFactory: You need to override this method to specify your own downloadable data consumer ID.
06-11 17:02:44.537 W/AndroidIME( 4602): com.google.android.apps.inputmethod.libs.hmm.AbstractHmmEngineFactory: You need to override this method to specify your own downloadable data consumer ID.
06-11 17:02:44.537 W/AndroidIME( 4602): com.google.android.apps.inputmethod.libs.hmm.AbstractHmmEngineFactory: You need to override this method to specify your own downloadable data consumer ID.
06-11 17:02:44.550 W/AndroidIME( 4602): com.google.android.apps.inputmethod.libs.hmm.AbstractHmmEngineFactory: You need to override this method to specify your own downloadable data consumer ID.
06-11 17:02:44.550 W/AndroidIME( 4602): com.google.android.apps.inputmethod.libs.hmm.AbstractHmmEngineFactory: You need to override this method to specify your own downloadable data consumer ID.
06-11 17:02:44.551 W/AndroidIME( 4602): com.google.android.apps.inputmethod.libs.hmm.AbstractHmmEngineFactory: You need to override this method to specify your own downloadable data consumer ID.
06-11 17:02:44.688 I/SurfaceFlinger(  262): FPS: 23
06-11 17:02:44.861 D/QcrilMsgTunnelAutoboot( 3965): ComponentInfo{com.qualcomm.qcrilmsgtunnel/com.qualcomm.qcrilmsgtunnel.QcrilMsgTunnelService} started successfully
06-11 17:02:44.863 V/XDivert ( 3221): Action intent recieved:Intent { act=android.intent.action.BOOT_COMPLETED flg=0x8000010 cmp=com.qti.xdivert/.XDivert (has extras) }
06-11 17:02:44.863 D/XDivertUtility( 3221): init...
06-11 17:02:44.864 W/XDivertUtility( 3221): init() called multiple times!  sInstance = com.qti.xdivert.XDivertUtility@3a391274
06-11 17:02:44.867 D/BatteryMeterView( 2887): onDraw level = 42
06-11 17:02:45.134 I/ServiceManager(  332): Waiting for service AtCmdFwd...
06-11 17:02:45.183 D/ VTCallUtils.( 4630): in createCsvtService
06-11 17:02:45.184 D/ VTCallUtils.( 4630): createCsvtService: intent = Intent { act=org.codeaurora.ims.csvt.ICsvtService cmp=org.codeaurora.ims/com.qualcomm.ims.csvt.CsvtService }
06-11 17:02:45.235 D/ VTCallUtils.( 4630): ICsvtService bound request : true
06-11 17:02:45.236 V/VT/VideoCallApp( 4630): !!VideoCallApp onCreate()...mIsLandscape=false
06-11 17:02:45.240 D/VTCallReceiver( 4630): Receive calling android.intent.action.BOOT_COMPLETED
06-11 17:02:45.243 D/CsvtService( 3221): onCreate
06-11 17:02:45.263 I/art     (  320): Explicit concurrent mark sweep GC freed 704(30KB) AllocSpace objects, 0(0B) LOS objects, 91% free, 97KB/1121KB, paused 277us total 31.157ms
06-11 17:02:45.282 I/art     (  320): Explicit concurrent mark sweep GC freed 7(240B) AllocSpace objects, 0(0B) LOS objects, 91% free, 97KB/1121KB, paused 223us total 17.633ms
06-11 17:02:45.300 I/art     (  320): Explicit concurrent mark sweep GC freed 5(160B) AllocSpace objects, 0(0B) LOS objects, 91% free, 97KB/1121KB, paused 261us total 17.197ms
06-11 17:02:45.370 D/BatteryMeterView( 2887): onDraw level = 52
06-11 17:02:45.396 E/JavaBinder(  768): !!! FAILED BINDER TRANSACTION !!!
06-11 17:02:45.465 D/CsvtService( 3221): acquireTelephonyManager
06-11 17:02:45.523 D/CsvtService( 3221): onCreate: Initialization is completed
06-11 17:02:45.524 I/CsvtService( 3221): Csvt Service bound
06-11 17:02:45.526 D/CsvtCallTracker( 3221): handleMessage what=4
06-11 17:02:45.527 D/CsvtCallTracker( 3221): openImsService
06-11 17:02:45.529 D/ImsServiceClassTracker( 3221): updateVtCapability false
06-11 17:02:45.531 D/ VTCallUtils.( 4630): Csvt Service Connectedorg.codeaurora.ims.csvt.ICsvtService$Stub$Proxy@180fbda4
06-11 17:02:45.531 D/ImsServiceSub( 3221): getServiceId returns 2
06-11 17:02:45.531 D/ImsSenderRxr( 3221): [0003]> REQUEST_IMS_REGISTRATION_STATE[SUB0]
06-11 17:02:45.531 D/ImsSenderRxr( 3221): Message data: [0, 0, 0, 12, 11, 13, 3, 0, 0, 0, 16, 1, 24, 1, 32, 0][SUB0]
06-11 17:02:45.534 D/VideoCall_ImsVideoGlobals( 3221): SetActiveSub, Sub # 1
06-11 17:02:45.534 D/ImsServiceSub( 3221): setPhoneId old Phone Id = 0, new Phone Id = 0
06-11 17:02:45.534 D/ImsService( 3221): Open returns serviceId 2
06-11 17:02:45.534 D/CsvtCallTracker( 3221): openImsService: serviceid = 2
06-11 17:02:45.535 D/CsvtCallTracker( 3221): onReceive : intent = Intent { act=com.android.ims.IMS_SERVICE_UP flg=0x20000010 (has extras) }
06-11 17:02:45.535 D/CsvtCallTracker( 3221): onReceive : intent phoneId = 0 mPhoneId = 0
06-11 17:02:45.537 V/ImsSenderRxr( 3221): Read packet: 19 bytes
06-11 17:02:45.537 V/ImsSenderRxr( 3221): processResponse[SUB0]
06-11 17:02:45.537 D/ImsSenderRxr( 3221): Response data: [11, 13, 3, 0, 0, 0, 16, 2, 24, 1, 32, 0, 8, 2, 21, 0, 0, 0, 0][SUB0]
06-11 17:02:45.537 D/ImsSenderRxr( 3221):  Tag 3 2 1 0[SUB0]
06-11 17:02:45.537 D/ImsSenderRxr( 3221):  responseImsRegistration[SUB0]
06-11 17:02:45.537 D/ImsSenderRxr( 3221): Ims registrationorg.codeaurora.ims.ImsQmiIF$Registration@b0ee1e0[SUB0]
06-11 17:02:45.537 D/ImsSenderRxr( 3221): [0003]< REQUEST_IMS_REGISTRATION_STATE org.codeaurora.ims.ImsQmiIF$Registration@b0ee1e0[SUB0]
06-11 17:02:45.540 D/CsvtService( 3221): PhoneStateListener: CallState: 0 sub = 2147483643 phoneId = 0
06-11 17:02:45.541 D/CsvtService( 3221): PhoneStateListener: CallState: 0 sub = 2147483644 phoneId = 1
06-11 17:02:45.541 D/CsvtCallTracker( 3221): handleMessage what=4
06-11 17:02:45.541 D/CsvtCallTracker( 3221): openImsService
06-11 17:02:45.541 D/CsvtCallTracker( 3221): openImsService: ImsManager already opened
06-11 17:02:45.541 D/ImsServiceSub( 3221): Message received: what = 3
06-11 17:02:45.541 D/ImsServiceSub( 3221): handleImsStateChanged
06-11 17:02:45.548 D/CsvtCallTracker( 3221): onImsDisconnected imsReasonInfo:ImsReasonInfo :: {101, 10100, 0, null}
06-11 17:02:45.567 I/CsvtService AutoBoot( 4681): Received boot complete.CsvtEnabled = false
06-11 17:02:45.570 D/RemoteServiceConnector( 4630): VT RemoteService connected
06-11 17:02:45.638 I/LoadedApk( 4664): No resource references to update in package FFFFFFFFFFFFFFFFFFFFFF
06-11 17:02:45.702 I/SurfaceFlinger(  262): FPS: 55
06-11 17:02:45.886 D/BatteryMeterView( 2887): onDraw level = 62
06-11 17:02:46.070 I/Finsky  ( 3776): [1] com.google.android.vending.verifier.VerifyInstalledPackagesReceiver.onReceive(5): Verify installed apps requested
06-11 17:02:46.072 E/NativeLibraryUtils( 4664): Unable to locate gmscore in dalvik.system.PathClassLoader[DexPathList[[zip file "/system/framework/com.android.location.provider.jar", zip file "/system/framework/com.android.media.remotedisplay.jar", zip file "/system/priv-app/GmsCore/GmsCore.apk"],nativeLibraryDirectories=[/vendor/lib, /system/lib]]]
06-11 17:02:46.072 E/NativeLibraryUtils( 4664): java.lang.UnsatisfiedLinkError: dalvik.system.PathClassLoader[DexPathList[[zip file "/system/framework/com.android.location.provider.jar", zip file "/system/framework/com.android.media.remotedisplay.jar", zip file "/system/priv-app/GmsCore/GmsCore.apk"],nativeLibraryDirectories=[/vendor/lib, /system/lib]]] couldn't find "libgmscore.so"
06-11 17:02:46.072 E/NativeLibraryUtils( 4664): 	at java.lang.Runtime.loadLibrary(Runtime.java:366)
06-11 17:02:46.072 E/NativeLibraryUtils( 4664): 	at java.lang.System.loadLibrary(System.java:988)
06-11 17:02:46.072 E/NativeLibraryUtils( 4664): 	at lpm.b(:com.google.android.gms:882)
06-11 17:02:46.072 E/NativeLibraryUtils( 4664): 	at com.google.android.gms.common.security.ProviderInstallerImpl.a(:com.google.android.gms:210)
06-11 17:02:46.072 E/NativeLibraryUtils( 4664): 	at com.google.android.gms.common.security.ProviderInstallerImpl.insertProvider(:com.google.android.gms:1178)
06-11 17:02:46.072 E/NativeLibraryUtils( 4664): 	at com.google.android.gms.common.security.ProviderInstallerImpl.insertProviderGated(:com.google.android.gms:109)
06-11 17:02:46.072 E/NativeLibraryUtils( 4664): 	at com.google.android.gms.common.app.GmsApplication.onCreate(:com.google.android.gms:186)
06-11 17:02:46.072 E/NativeLibraryUtils( 4664): 	at android.app.Instrumentation.callApplicationOnCreate(Instrumentation.java:1012)
06-11 17:02:46.072 E/NativeLibraryUtils( 4664): 	at android.app.ActivityThread.handleBindApplication(ActivityThread.java:4553)
06-11 17:02:46.072 E/NativeLibraryUtils( 4664): 	at android.app.ActivityThread.access$1500(ActivityThread.java:151)
06-11 17:02:46.072 E/NativeLibraryUtils( 4664): 	at android.app.ActivityThread$H.handleMessage(ActivityThread.java:1364)
06-11 17:02:46.072 E/NativeLibraryUtils( 4664): 	at android.os.Handler.dispatchMessage(Handler.java:102)
06-11 17:02:46.072 E/NativeLibraryUtils( 4664): 	at android.os.Looper.loop(Looper.java:135)
06-11 17:02:46.072 E/NativeLibraryUtils( 4664): 	at android.app.ActivityThread.main(ActivityThread.java:5254)
06-11 17:02:46.072 E/NativeLibraryUtils( 4664): 	at java.lang.reflect.Method.invoke(Native Method)
06-11 17:02:46.072 E/NativeLibraryUtils( 4664): 	at java.lang.reflect.Method.invoke(Method.java:372)
06-11 17:02:46.072 E/NativeLibraryUtils( 4664): 	at com.android.internal.os.ZygoteInit$MethodAndArgsCaller.run(ZygoteInit.java:925)
06-11 17:02:46.072 E/NativeLibraryUtils( 4664): 	at com.android.internal.os.ZygoteInit.main(ZygoteInit.java:720)
06-11 17:02:46.096 W/GmsApplication( 4664): Unable to install secure provider, due to exception:
06-11 17:02:46.096 W/GmsApplication( 4664): java.lang.SecurityException
06-11 17:02:46.096 W/GmsApplication( 4664): 	at com.google.android.gms.common.security.ProviderInstallerImpl.a(:com.google.android.gms:211)
06-11 17:02:46.096 W/GmsApplication( 4664): 	at com.google.android.gms.common.security.ProviderInstallerImpl.insertProvider(:com.google.android.gms:1178)
06-11 17:02:46.096 W/GmsApplication( 4664): 	at com.google.android.gms.common.security.ProviderInstallerImpl.insertProviderGated(:com.google.android.gms:109)
06-11 17:02:46.096 W/GmsApplication( 4664): 	at com.google.android.gms.common.app.GmsApplication.onCreate(:com.google.android.gms:186)
06-11 17:02:46.096 W/GmsApplication( 4664): 	at android.app.Instrumentation.callApplicationOnCreate(Instrumentation.java:1012)
06-11 17:02:46.096 W/GmsApplication( 4664): 	at android.app.ActivityThread.handleBindApplication(ActivityThread.java:4553)
06-11 17:02:46.096 W/GmsApplication( 4664): 	at android.app.ActivityThread.access$1500(ActivityThread.java:151)
06-11 17:02:46.096 W/GmsApplication( 4664): 	at android.app.ActivityThread$H.handleMessage(ActivityThread.java:1364)
06-11 17:02:46.096 W/GmsApplication( 4664): 	at android.os.Handler.dispatchMessage(Handler.java:102)
06-11 17:02:46.096 W/GmsApplication( 4664): 	at android.os.Looper.loop(Looper.java:135)
06-11 17:02:46.096 W/GmsApplication( 4664): 	at android.app.ActivityThread.main(ActivityThread.java:5254)
06-11 17:02:46.096 W/GmsApplication( 4664): 	at java.lang.reflect.Method.invoke(Native Method)
06-11 17:02:46.096 W/GmsApplication( 4664): 	at java.lang.reflect.Method.invoke(Method.java:372)
06-11 17:02:46.096 W/GmsApplication( 4664): 	at com.android.internal.os.ZygoteInit$MethodAndArgsCaller.run(ZygoteInit.java:925)
06-11 17:02:46.096 W/GmsApplication( 4664): 	at com.android.internal.os.ZygoteInit.main(ZygoteInit.java:720)
06-11 17:02:46.100 I/Finsky  ( 3776): [139] com.google.android.vending.verifier.bo.a(7): Verifying installed packages
06-11 17:02:46.140 I/ServiceManager(  332): Waiting for service AtCmdFwd...
06-11 17:02:46.226 E/NativeLibraryUtils( 4664): Unable to locate gmscore in dalvik.system.PathClassLoader[DexPathList[[zip file "/system/framework/com.android.location.provider.jar", zip file "/system/framework/com.android.media.remotedisplay.jar", zip file "/system/priv-app/GmsCore/GmsCore.apk"],nativeLibraryDirectories=[/vendor/lib, /system/lib]]]
06-11 17:02:46.226 E/NativeLibraryUtils( 4664): java.lang.UnsatisfiedLinkError: dalvik.system.PathClassLoader[DexPathList[[zip file "/system/framework/com.android.location.provider.jar", zip file "/system/framework/com.android.media.remotedisplay.jar", zip file "/system/priv-app/GmsCore/GmsCore.apk"],nativeLibraryDirectories=[/vendor/lib, /system/lib]]] couldn't find "libgmscore.so"
06-11 17:02:46.226 E/NativeLibraryUtils( 4664): 	at java.lang.Runtime.loadLibrary(Runtime.java:366)
06-11 17:02:46.226 E/NativeLibraryUtils( 4664): 	at java.lang.System.loadLibrary(System.java:988)
06-11 17:02:46.226 E/NativeLibraryUtils( 4664): 	at lpm.b(:com.google.android.gms:882)
06-11 17:02:46.226 E/NativeLibraryUtils( 4664): 	at com.google.android.gms.common.security.ProviderInstallerImpl.a(:com.google.android.gms:210)
06-11 17:02:46.226 E/NativeLibraryUtils( 4664): 	at com.google.android.gms.common.security.ProviderInstallerImpl.insertProvider(:com.google.android.gms:1178)
06-11 17:02:46.226 E/NativeLibraryUtils( 4664): 	at com.google.android.gms.common.security.ProviderInstallerImpl.insertProviderGated(:com.google.android.gms:109)
06-11 17:02:46.226 E/NativeLibraryUtils( 4664): 	at com.google.android.gms.common.app.GmsApplication.onCreate(:com.google.android.gms:195)
06-11 17:02:46.226 E/NativeLibraryUtils( 4664): 	at android.app.Instrumentation.callApplicationOnCreate(Instrumentation.java:1012)
06-11 17:02:46.226 E/NativeLibraryUtils( 4664): 	at android.app.ActivityThread.handleBindApplication(ActivityThread.java:4553)
06-11 17:02:46.226 E/NativeLibraryUtils( 4664): 	at android.app.ActivityThread.access$1500(ActivityThread.java:151)
06-11 17:02:46.226 E/NativeLibraryUtils( 4664): 	at android.app.ActivityThread$H.handleMessage(ActivityThread.java:1364)
06-11 17:02:46.226 E/NativeLibraryUtils( 4664): 	at android.os.Handler.dispatchMessage(Handler.java:102)
06-11 17:02:46.226 E/NativeLibraryUtils( 4664): 	at android.os.Looper.loop(Looper.java:135)
06-11 17:02:46.226 E/NativeLibraryUtils( 4664): 	at android.app.ActivityThread.main(ActivityThread.java:5254)
06-11 17:02:46.226 E/NativeLibraryUtils( 4664): 	at java.lang.reflect.Method.invoke(Native Method)
06-11 17:02:46.226 E/NativeLibraryUtils( 4664): 	at java.lang.reflect.Method.invoke(Method.java:372)
06-11 17:02:46.226 E/NativeLibraryUtils( 4664): 	at com.android.internal.os.ZygoteInit$MethodAndArgsCaller.run(ZygoteInit.java:925)
06-11 17:02:46.226 E/NativeLibraryUtils( 4664): 	at com.android.internal.os.ZygoteInit.main(ZygoteInit.java:720)
06-11 17:02:46.227 W/GmsApplication( 4664): Still unable to install secure provider, due to exception:
06-11 17:02:46.227 W/GmsApplication( 4664): java.lang.SecurityException
06-11 17:02:46.227 W/GmsApplication( 4664): 	at com.google.android.gms.common.security.ProviderInstallerImpl.a(:com.google.android.gms:211)
06-11 17:02:46.227 W/GmsApplication( 4664): 	at com.google.android.gms.common.security.ProviderInstallerImpl.insertProvider(:com.google.android.gms:1178)
06-11 17:02:46.227 W/GmsApplication( 4664): 	at com.google.android.gms.common.security.ProviderInstallerImpl.insertProviderGated(:com.google.android.gms:109)
06-11 17:02:46.227 W/GmsApplication( 4664): 	at com.google.android.gms.common.app.GmsApplication.onCreate(:com.google.android.gms:186)
06-11 17:02:46.227 W/GmsApplication( 4664): 	at android.app.Instrumentation.callApplicationOnCreate(Instrumentation.java:1012)
06-11 17:02:46.227 W/GmsApplication( 4664): 	at android.app.ActivityThread.handleBindApplication(ActivityThread.java:4553)
06-11 17:02:46.227 W/GmsApplication( 4664): 	at android.app.ActivityThread.access$1500(ActivityThread.java:151)
06-11 17:02:46.227 W/GmsApplication( 4664): 	at android.app.ActivityThread$H.handleMessage(ActivityThread.java:1364)
06-11 17:02:46.227 W/GmsApplication( 4664): 	at android.os.Handler.dispatchMessage(Handler.java:102)
06-11 17:02:46.227 W/GmsApplication( 4664): 	at android.os.Looper.loop(Looper.java:135)
06-11 17:02:46.227 W/GmsApplication( 4664): 	at android.app.ActivityThread.main(ActivityThread.java:5254)
06-11 17:02:46.227 W/GmsApplication( 4664): 	at java.lang.reflect.Method.invoke(Native Method)
06-11 17:02:46.227 W/GmsApplication( 4664): 	at java.lang.reflect.Method.invoke(Method.java:372)
06-11 17:02:46.227 W/GmsApplication( 4664): 	at com.android.internal.os.ZygoteInit$MethodAndArgsCaller.run(ZygoteInit.java:925)
06-11 17:02:46.227 W/GmsApplication( 4664): 	at com.android.internal.os.ZygoteInit.main(ZygoteInit.java:720)
06-11 17:02:46.347 I/Finsky  ( 3776): [1] com.google.android.vending.verifier.bo.c(50): Done verifying installed packages
06-11 17:02:46.398 I/art     ( 3256): Background sticky concurrent mark sweep GC freed 5539(330KB) AllocSpace objects, 6(96KB) LOS objects, 6% free, 8MB/8MB, paused 5.776ms total 31.271ms
06-11 17:02:46.403 D/BatteryMeterView( 2887): onDraw level = 72
06-11 17:02:46.457 I/CheckinChimeraService( 4664): System re-creates CheckinService with null intent.
06-11 17:02:46.489 I/CheckinService( 4664): Disabling old GoogleServicesFramework version
06-11 17:02:46.619 I/PlayCommon( 3776): [109] com.google.android.play.a.g.e(220): Preparing logs for uploading
06-11 17:02:46.648 W/PlayCommon( 3776): [109] com.google.android.play.a.g.a(482): No account for auth token provided
06-11 17:02:46.648 I/PlayCommon( 3776): [109] com.google.android.play.a.g.a(329): Connecting to server: https://play.googleapis.com/play/log?format=raw&proto_v2=true
06-11 17:02:46.704 D/wpa_supplicant( 3753): wlan0: Control interface command 'SIGNAL_POLL'
06-11 17:02:46.717 I/CheckinChimeraService( 4664): Checking schedule, now: 1591866166716 next: 0
06-11 17:02:46.735 I/SurfaceFlinger(  262): FPS: 60
06-11 17:02:46.743 I/CheckinChimeraService( 4664): active receiver: enabled
06-11 17:02:46.788 I/CheckinChimeraService( 4664): Preparing to send checkin request
06-11 17:02:46.838 W/art     ( 4664): Suspending all threads took: 6.159ms
06-11 17:02:46.889 D/PhoneStatusBar( 2887): disable: < expand ICONS alerts SYSTEM_INFO back HOME RECENT clock SEARCH >
06-11 17:02:46.923 I/EventLogChimeraService( 4664): Accumulating logs since 87286
06-11 17:02:46.930 W/AudioTrack( 2887): AUDIO_OUTPUT_FLAG_FAST denied by client
06-11 17:02:46.945 E/AudioPolicyManager(  288): unknown stream type 13
06-11 17:02:46.945 E/AudioPolicyManager(  288): unknown stream type 13
06-11 17:02:46.945 E/AudioPolicyManager(  288): unknown stream type 13
06-11 17:02:46.945 E/AudioPolicyManager(  288): unknown stream type 13
06-11 17:02:46.945 E/AudioPolicyManager(  288): unknown stream type 13
06-11 17:02:46.945 E/AudioPolicyManager(  288): unknown stream type 13
06-11 17:02:46.945 E/AudioPolicyManager(  288): unknown stream type 13
06-11 17:02:46.945 E/AudioPolicyManager(  288): unknown stream type 13
06-11 17:02:46.945 E/AudioPolicyManager(  288): unknown stream type 13
06-11 17:02:46.946 D/audio_hw_primary(  288): out_set_parameters: enter: usecase(1: low-latency-playback) kvpairs: routing=2
06-11 17:02:46.948 E/AudioPolicyManager(  288): unknown stream type 13
06-11 17:02:46.950 D/PhoneStatusBar( 2887): disable: < expand icons* alerts system_info* back HOME RECENT clock SEARCH >
06-11 17:02:46.962 D/audio_hw_primary(  288): start_output_stream: enter: stream(0xb8c93108)usecase(1: low-latency-playback) devices(0x2)
06-11 17:02:46.963 D/audio_hw_primary(  288): select_devices: out_snd_device(2: speaker) in_snd_device(0: )
06-11 17:02:46.963 D/hardware_info(  288): hw_info_append_hw_type : device_name = speaker
06-11 17:02:46.963 I/soundtrigger(  288): audio_extn_sound_trigger_update_device_status: device 0x2 of type 0 for Event 1, with Raise=0
06-11 17:02:46.968 W/audio_hw_utils(  288): audio_extn_utils_update_stream_app_type_cfg: App type could not be selected. Falling back to default
06-11 17:02:46.968 I/audio_hw_primary(  288): select_devices Selected apptype: 69936
06-11 17:02:46.968 D/soundtrigger(  288): audio_extn_sound_trigger_update_stream_status: uc_id 1 of type 0 for Event 3, with Raise=0
06-11 17:02:46.968 D/ACDB-LOADER(  288): ACDB -> send_audio_cal, acdb_id = 14, path =  0
06-11 17:02:46.968 D/ACDB-LOADER(  288): ACDB -> send_asm_topology
06-11 17:02:46.968 D/ACDB-LOADER(  288): ACDB -> ACDB_CMD_GET_AUDPROC_STREAM_TOPOLOGY_ID
06-11 17:02:46.968 D/ACDB-LOADER(  288): ACDB -> send_adm_topology
06-11 17:02:46.968 D/ACDB-LOADER(  288): ACDB -> ACDB_CMD_GET_AUDPROC_COMMON_TOPOLOGY_ID
06-11 17:02:46.968 D/ACDB-LOADER(  288): ACDB -> send_audtable
06-11 17:02:46.968 D/ACDB-LOADER(  288): ACDB -> ACDB_CMD_GET_AUDPROC_COMMON_TABLE
06-11 17:02:46.968 D/ACDB-LOADER(  288): ACDB -> AUDIO_SET_AUDPROC_CAL
06-11 17:02:46.969 D/ACDB-LOADER(  288): ACDB -> send_audvoltable
06-11 17:02:46.969 D/ACDB-LOADER(  288): ACDB -> ACDB_CMD_GET_AUDPROC_GAIN_DEP_STEP_TABLE
06-11 17:02:46.969 D/ACDB-LOADER(  288): ACDB -> AUDIO_SET_AUDPROC_VOL_CAL
06-11 17:02:46.969 D/ACDB-LOADER(  288): ACDB -> send_afe_cal
06-11 17:02:46.969 D/ACDB-LOADER(  288): ACDB -> ACDB_CMD_GET_AFE_COMMON_TABLE
06-11 17:02:46.969 D/ACDB-LOADER(  288): ACDB -> AUDIO_SET_AFE_CAL
06-11 17:02:46.969 D/ACDB-LOADER(  288): ACDB -> send_hw_delay : acdb_id = 14 path = 0
06-11 17:02:46.969 D/ACDB-LOADER(  288): ACDB -> ACDB_AVSYNC_INFO: ACDB_CMD_GET_DEVICE_PROPERTY
06-11 17:02:46.969 I/audio_hw_utils(  288): audio_extn_utils_send_app_type_cfg app_type 69936, acdb_dev_id 14, sample_rate 48000
06-11 17:02:46.971 D/audio_hw_primary(  288): select_devices: done
06-11 17:02:46.986 D/BluetoothAdapter( 2887): 135470620: getState() :  mService = null. Returning STATE_OFF
06-11 17:02:46.988 D/BluetoothAdapter( 2887): 135470620: getState() :  mService = null. Returning STATE_OFF
06-11 17:02:47.013 D/BatteryMeterView( 2887): onDraw level = 72
06-11 17:02:47.015 D/PhoneStatusBar( 2887): disable: < expand icons alerts system_info back home* recent* clock search* >
06-11 17:02:47.030 W/InstanceID/Rpc( 4664): Found 10005
06-11 17:02:47.141 W/Atfwd_Sendcmd(  332): AtCmdFwd service not published, waiting... retryCnt : 3
06-11 17:02:47.210 I/Auth    ( 4664): [WorkAccount] update authenticator enabled for boot or update
06-11 17:02:47.216 W/WakefulBroadcastReceiver( 3256): No active wake lock id #1
06-11 17:02:47.236 I/EasyUnlock( 3256): [EasyUnlockService] EasyUnlock not enabled, skipping initialization.
06-11 17:02:47.238 W/art     ( 4664): Suspending all threads took: 6.570ms
06-11 17:02:47.260 E/AudioPolicyManager(  288): unknown stream type 13
06-11 17:02:47.260 E/AudioPolicyManager(  288): unknown stream type 13
06-11 17:02:47.260 E/AudioPolicyManager(  288): unknown stream type 13
06-11 17:02:47.260 E/AudioPolicyManager(  288): unknown stream type 13
06-11 17:02:47.260 E/AudioPolicyManager(  288): unknown stream type 13
06-11 17:02:47.260 E/AudioPolicyManager(  288): unknown stream type 13
06-11 17:02:47.260 E/AudioPolicyManager(  288): unknown stream type 13
06-11 17:02:47.260 E/AudioPolicyManager(  288): unknown stream type 13
06-11 17:02:47.260 E/AudioPolicyManager(  288): unknown stream type 13
06-11 17:02:47.260 E/AudioPolicyManager(  288): unknown stream type 13
06-11 17:02:47.260 E/AudioPolicyManager(  288): unknown stream type 13
06-11 17:02:47.260 E/AudioPolicyManager(  288): unknown stream type 13
06-11 17:02:47.260 E/AudioPolicyManager(  288): unknown stream type 13
06-11 17:02:47.261 E/AudioPolicyManager(  288): unknown stream type 13
06-11 17:02:47.261 E/AudioPolicyManager(  288): unknown stream type 13
06-11 17:02:47.261 E/AudioPolicyManager(  288): unknown stream type 13
06-11 17:02:47.261 E/AudioPolicyManager(  288): unknown stream type 13
06-11 17:02:47.316 I/Auth    ( 4664): [AddAccount,UncertifiedNotificationIntentOperation] UncertifiedNotification is disabled on this device.
06-11 17:02:47.397 I/Auth    ( 4664): [FRP,FrpUpdateIntentOperation] No frp data present in app restriction, using current google accounts.
06-11 17:02:47.404 I/Backup  ( 4664): [ComponentEnabler] Disabling target components
06-11 17:02:47.448 I/CheckinTask( 4664): Get token from PseudonymousIdApi: 204=zFBQlU2AVFuf9X8qVsdbqGKgUR4cWr4TBGBtV_5CPeWEtxFDYhIiGHfYhX1bD5OwczzcNL6ZaVDl7DSl86Pf6T5PmfpcUFgRO1Y4kdm25d9H3N8y2bVdhsUx2YaCq-9ZXwAAAqivkaZDXMub32ftkkNV0TgLh3R9znL3i3-R-y0
06-11 17:02:47.463 W/Auth    ( 4664): [DataBlockManagerHelper] Supplied DataBlockContainer is null. Proceeding to erase stored data.
06-11 17:02:47.487 I/art     ( 4664): Note: end time exceeds epoch: 
06-11 17:02:47.506 W/art     ( 4664): Suspending all threads took: 10.753ms
06-11 17:02:47.517 I/Auth    ( 4664): [FactoryResetProtectionManager] Write complete, result: 102400.
06-11 17:02:47.519 D/BatteryMeterView( 2887): onDraw level = 82
06-11 17:02:47.529 I/GoogleURLConnFactory( 4664): Using platform SSLCertificateSocketFactory
06-11 17:02:47.548 E/BaseAppContext( 4664): Tried to stop global GMSCore RequestQueue. This is likely unintended, so ignoring.
06-11 17:02:47.567 I/Backup  ( 4664): [ComponentEnabler] Enabling source components
06-11 17:02:47.598 I/ClearcutBootCompleteIntentOperation( 3256): Device boot count in clearcut increased.
06-11 17:02:47.613 I/CheckinRequestBuilder( 4664): Checkin reason type: 0 attempt count: 1
06-11 17:02:47.651 I/Authzen ( 4664): [AuthZenEventHandler] Handling event: android.intent.action.BOOT_COMPLETED
06-11 17:02:47.679 I/Fido    ( 4664): [FidoInitIntentOperation] Initializing Fido module, InitRuntimeState=2
06-11 17:02:47.685 I/Authzen ( 4664): [TransactionCache] Clearing transaction cache
06-11 17:02:47.834 I/GCM-GMS ( 4664): Scheduling task to register GMS
06-11 17:02:47.976 E/Icing   ( 4664): Native load error: dalvik.system.PathClassLoader[DexPathList[[zip file "/system/framework/com.android.location.provider.jar", zip file "/system/framework/com.android.media.remotedisplay.jar", zip file "/system/priv-app/GmsCore/GmsCore.apk"],nativeLibraryDirectories=[/vendor/lib, /system/lib]]] couldn't find "libAppDataSearch.so": java.lang.UnsatisfiedLinkError: dalvik.system.PathClassLoader[DexPathList[[zip file "/system/framework/com.android.location.provider.jar", zip file "/system/framework/com.android.media.remotedisplay.jar", zip file "/system/priv-app/GmsCore/GmsCore.apk"],nativeLibraryDirectories=[/vendor/lib, /system/lib]]] couldn't find "libAppDataSearch.so"
06-11 17:02:48.011 I/CheckinRequestBuilder( 4664): Unknown state of subscriptions on the device
06-11 17:02:48.036 D/BatteryMeterView( 2887): onDraw level = 92
06-11 17:02:48.041 I/Icing   ( 4664): Storage manager: low false usage 0 Bytes avail 4.95GB capacity 5.44GB
06-11 17:02:48.064 W/IcingInternalCorpora( 4664): Could not query ContactsProvider; disabled? Wiping local DB.
06-11 17:02:48.070 I/IcingInternalCorpora( 4664): Could not fetch deleted contacts - no contacts provider present?
06-11 17:02:48.074 I/SurfaceFlinger(  262): FPS: 41
06-11 17:02:48.125 W/IcingInternalCorpora( 4664): getNumBytesRead when not calculated.
06-11 17:02:48.160 I/PlayCommon( 3776): [109] com.google.android.play.a.g.a(386): Successfully uploaded logs.
06-11 17:02:48.178 I/PlayCommon( 3776): [109] com.google.android.play.a.g.e(220): Preparing logs for uploading
06-11 17:02:48.178 I/PlayCommon( 3776): [109] com.google.android.play.a.g.e(224): No file ready to send
06-11 17:02:48.201 I/FA-SVC  ( 4664): App measurement is starting up, version: 10298
06-11 17:02:48.229 E/Icing   ( 4664): Unable to initalize native index Could not create native index: java.io.IOException: Could not create native index
06-11 17:02:48.256 I/art     ( 4664): Rejecting re-init on previously-failed class java.lang.Class<lga>
06-11 17:02:48.257 I/art     ( 4664): Rejecting re-init on previously-failed class java.lang.Class<lga>
06-11 17:02:48.318 E/Icing   ( 4664): Not initialized
06-11 17:02:48.321 E/AppDataSearchHelper( 4664): Could not connect to AppDataSearch for onTableChanged, error 16
06-11 17:02:48.321 I/FA-SVC  ( 4664): This instance being marked as an uploader
06-11 17:02:48.419 V/WLAN_PSA(  300): NL MSG, len[4091], NL type[0x1C] WNI type[0x5900] len[58127]
06-11 17:02:48.419 V/WLAN_PSA(  300): NL MSG, PID: 300
06-11 17:02:48.427 W/Nearby  ( 3256): Bind call too late - someone already tried to get: interface atyb
06-11 17:02:48.523 W/IcingInternalCorpora( 4664): Could not query ContactsProvider; disabled? Wiping local DB.
06-11 17:02:48.527 I/MS_RegisterService( 4664): RegisterService intent:Intent { act=com.google.android.gms.matchstick.register_intent_action cat=[targeted_intent_op_prefix:com.google.android.libraries.matchstick.net.SilentRegisterIntentOperation] cmp=com.google.android.gms/.chimera.GmsIntentOperationService } isPeriodic:false
06-11 17:02:48.536 I/IcingInternalCorpora( 4664): Could not fetch deleted contacts - no contacts provider present?
06-11 17:02:48.542 W/IcingInternalCorpora( 4664): getNumBytesRead when not calculated.
06-11 17:02:48.552 D/BatteryMeterView( 2887): onDraw level = 100
06-11 17:02:48.583 W/InputEventReceiver(  768): Attempted to finish an input event but the input event receiver has already been disposed.
06-11 17:02:48.664 I/Authzen ( 4664): [DeviceStateSyncManager] The server is in sync with current state. Nothing to do
06-11 17:02:48.785 W/NearbyMessages( 3256): NetworkPollManager:  RPC was requested, but deemed unnecessary.
06-11 17:02:48.796 W/WearSignatureVerifier( 4664): No package com.google.android.wearable.app.cn
06-11 17:02:48.797 W/WearSignatureVerifier( 4664): No package com.google.android.wearable.app.cn
06-11 17:02:48.798 W/WearSignatureVerifier( 4664): No package com.google.android.wearable.app.cn
06-11 17:02:48.815 W/WearSignatureVerifier( 4664): No package com.google.android.wearable.app.cn
06-11 17:02:48.845 I/WearableService( 3256): Wear is not allowed to run on this device. Not starting Wear service.
06-11 17:02:48.853 D/WearableService( 3256): callingUid 10005, callindPid: 3256
06-11 17:02:48.888 I/MS_PhoneUtils( 4664): Phone type: 1
06-11 17:02:48.903 I/CmaSystemUpdateService( 4664): Runtime init receiver: Intent { act=android.intent.action.BOOT_COMPLETED flg=0x8000010 cmp=com.google.android.gms/.chimera.GmsIntentOperationService (has extras) } with flags: 2
06-11 17:02:48.907 I/CmaSystemUpdateService( 4664): receiver: Intent { act=android.intent.action.BOOT_COMPLETED flg=0x8000010 cmp=com.google.android.gms/.chimera.GmsIntentOperationService (has extras) }
06-11 17:02:48.928 W/MS_RegisterService( 4664): Not eligible for registration.
06-11 17:02:48.987 I/Adreno-EGL( 4301): <qeglDrvAPI_eglInitialize:379>: EGL 1.4 QUALCOMM build: AU_LINUX_ANDROID_LA.BR.1.2.3_RB1.05.01.00.036.053_msm8909_LA.BR.1.2.3_RB1__release_AU (Ibddc658e36)
06-11 17:02:48.987 I/Adreno-EGL( 4301): OpenGL ES Shader Compiler Version: E031.25.03.04
06-11 17:02:48.987 I/Adreno-EGL( 4301): Build Date: 09/21/15 Mon
06-11 17:02:48.987 I/Adreno-EGL( 4301): Local Branch: mybranch14356399
06-11 17:02:48.987 I/Adreno-EGL( 4301): Remote Branch: quic/LA.BR.1.2.3_rb1.81
06-11 17:02:48.987 I/Adreno-EGL( 4301): Local Patches: NONE
06-11 17:02:48.987 I/Adreno-EGL( 4301): Reconstruct Branch: AU_LINUX_ANDROID_LA.BR.1.2.3_RB1.05.01.00.036.053 + 7c4888a + 22ca218 + 855d166 + 95575a0 + 4193eef + 64d916f + 88f4cbe + c272012 + 046ce63 + 9b2bddc + d5b5339 + a2bdc2f +  NOTHING
06-11 17:02:49.015 W/WearSignatureVerifier( 4664): No package com.google.android.wearable.app.cn
06-11 17:02:49.022 E/MDM     ( 4664): [300] vdc.a: Couldn't connect to Google API client: jvc{statusCode=API_UNAVAILABLE, resolution=null, message=null}
06-11 17:02:49.034 I/SystemUpdateTask( 4664): cancelUpdate (empty URL)
06-11 17:02:49.034 I/CmaSystemUpdateService( 4664): active receiver: disabled
06-11 17:02:49.069 D/BatteryMeterView( 2887): onDraw level = 2
06-11 17:02:49.077 I/Adreno-EGL( 4301): <qeglDrvAPI_eglInitialize:379>: EGL 1.4 QUALCOMM build: AU_LINUX_ANDROID_LA.BR.1.2.3_RB1.05.01.00.036.053_msm8909_LA.BR.1.2.3_RB1__release_AU (Ibddc658e36)
06-11 17:02:49.077 I/Adreno-EGL( 4301): OpenGL ES Shader Compiler Version: E031.25.03.04
06-11 17:02:49.077 I/Adreno-EGL( 4301): Build Date: 09/21/15 Mon
06-11 17:02:49.077 I/Adreno-EGL( 4301): Local Branch: mybranch14356399
06-11 17:02:49.077 I/Adreno-EGL( 4301): Remote Branch: quic/LA.BR.1.2.3_rb1.81
06-11 17:02:49.077 I/Adreno-EGL( 4301): Local Patches: NONE
06-11 17:02:49.077 I/Adreno-EGL( 4301): Reconstruct Branch: AU_LINUX_ANDROID_LA.BR.1.2.3_RB1.05.01.00.036.053 + 7c4888a + 22ca218 + 855d166 + 95575a0 + 4193eef + 64d916f + 88f4cbe + c272012 + 046ce63 + 9b2bddc + d5b5339 + a2bdc2f +  NOTHING
06-11 17:02:49.089 I/SurfaceFlinger(  262): FPS: 24
06-11 17:02:49.156 I/Adreno-EGL( 4301): <qeglDrvAPI_eglInitialize:379>: EGL 1.4 QUALCOMM build: AU_LINUX_ANDROID_LA.BR.1.2.3_RB1.05.01.00.036.053_msm8909_LA.BR.1.2.3_RB1__release_AU (Ibddc658e36)
06-11 17:02:49.156 I/Adreno-EGL( 4301): OpenGL ES Shader Compiler Version: E031.25.03.04
06-11 17:02:49.156 I/Adreno-EGL( 4301): Build Date: 09/21/15 Mon
06-11 17:02:49.156 I/Adreno-EGL( 4301): Local Branch: mybranch14356399
06-11 17:02:49.156 I/Adreno-EGL( 4301): Remote Branch: quic/LA.BR.1.2.3_rb1.81
06-11 17:02:49.156 I/Adreno-EGL( 4301): Local Patches: NONE
06-11 17:02:49.156 I/Adreno-EGL( 4301): Reconstruct Branch: AU_LINUX_ANDROID_LA.BR.1.2.3_RB1.05.01.00.036.053 + 7c4888a + 22ca218 + 855d166 + 95575a0 + 4193eef + 64d916f + 88f4cbe + c272012 + 046ce63 + 9b2bddc + d5b5339 + a2bdc2f +  NOTHING
06-11 17:02:49.183 I/Ads     ( 4664): Parental control value is stale. Refreshing.
06-11 17:02:49.195 I/Ads     ( 4664): Initialized AdMob from dev at 146496160 in container 10.2.98 (236-146496160)
06-11 17:02:49.250 I/GCoreUlr( 3256): Starting service, intent=Intent { act=com.google.android.location.reporting.ACTION_UPDATE_WORLD cmp=com.google.android.gms/com.google.android.location.reporting.service.DispatchingService (has extras) }, extras=Bundle[{receiverAction=android.intent.action.BOOT_COMPLETED}]
06-11 17:02:49.325 I/Wear_Controller( 4664): Wear is not allowed to run on this device. Not starting control service.
06-11 17:02:49.333 E/LevelDb ( 3256): LevelDb failed to load (1), returning NoOpLevelDb
06-11 17:02:49.333 E/GCoreUlr( 3256): Created NoOpLevelDb
06-11 17:02:49.413 I/GCoreUlr( 3256): WorldUpdater received intent Intent { act=com.google.android.location.reporting.ACTION_UPDATE_WORLD cmp=com.google.android.gms/com.google.android.location.reporting.service.DispatchingService (has extras) } with receiverAction android.intent.action.BOOT_COMPLETED
06-11 17:02:49.463 I/GCoreUlr( 3256): Starting service, intent=Intent { act=com.google.android.location.reporting.ACTION_UPDATE_WORLD cmp=com.google.android.gms/com.google.android.location.reporting.service.DispatchingService (has extras) }, extras=Bundle[{receiverAction=com.google.android.location.reporting.PHENOTYPE_FLAGS_CHANGED}]
06-11 17:02:49.561 I/GCoreUlr( 3256): WorldUpdater:android.intent.action.BOOT_COMPLETED: Ensuring that reporting is stopped because of reasons: (no Google accounts)
06-11 17:02:49.577 I/GCoreUlr( 3256): Unbound from all location providers
06-11 17:02:49.577 I/GCoreUlr( 3256): Place inference reporting - stop
06-11 17:02:49.585 D/BatteryMeterView( 2887): onDraw level = 12
06-11 17:02:49.627 I/GCoreUlr( 3256): DispatchingService ignoring Intent { act=android.net.wifi.WIFI_STATE_CHANGED flg=0x4000010 (has extras) } because ULR inactive
06-11 17:02:49.680 I/GCoreUlr( 3256): WorldUpdater received intent Intent { act=com.google.android.location.reporting.ACTION_UPDATE_WORLD cmp=com.google.android.gms/com.google.android.location.reporting.service.DispatchingService (has extras) } with receiverAction com.google.android.location.reporting.PHENOTYPE_FLAGS_CHANGED
06-11 17:02:49.711 D/wpa_supplicant( 3753): wlan0: Control interface command 'SIGNAL_POLL'
06-11 17:02:49.760 E/GCoreUlr( 3256): Bad errorId configuring silent feedback
06-11 17:02:49.761 I/GCoreUlr( 3256): WorldUpdater:com.google.android.location.reporting.PHENOTYPE_FLAGS_CHANGED: Ensuring that reporting is stopped because of reasons: (no Google accounts)
06-11 17:02:49.779 I/GCoreUlr( 3256): Unbound from all location providers
06-11 17:02:49.779 I/GCoreUlr( 3256): Place inference reporting - stop
06-11 17:02:49.808 I/GCoreUlr( 3256): DispatchingService.onDestroy()
06-11 17:02:49.811 I/GCoreUlr( 3256): Stopping handler for UlrDispSvcFast
06-11 17:02:49.816 I/GCoreUlr( 3256): Unbound from all location providers
06-11 17:02:49.816 I/GCoreUlr( 3256): Place inference reporting - stop
06-11 17:02:49.907 I/CastSocket( 4664): 22 >= 18. Adding new CastClientAuthKeyManager.
06-11 17:02:49.940 I/DeviceCache( 4664): Unable to convert the the network interface's MAC Address to string. MAC address cannot be null.
06-11 17:02:49.941 I/DeviceCache( 4664): Unable to convert the the network interface's MAC Address to string. MAC address cannot be null.
06-11 17:02:49.942 I/DeviceCache( 4664): Unable to convert the the network interface's MAC Address to string. MAC address cannot be null.
06-11 17:02:49.943 I/DeviceCache( 4664): Unable to convert the the network interface's MAC Address to string. MAC address cannot be null.
06-11 17:02:49.943 I/DeviceCache( 4664): Unable to convert the the network interface's MAC Address to string. MAC address cannot be null.
06-11 17:02:49.943 I/DeviceCache( 4664): Unable to convert the the network interface's MAC Address to string. MAC address cannot be null.
06-11 17:02:49.944 I/DeviceCache( 4664): Unable to convert the the network interface's MAC Address to string. MAC address cannot be null.
06-11 17:02:49.945 I/DeviceCache( 4664): Unable to convert the the network interface's MAC Address to string. MAC address cannot be null.
06-11 17:02:49.945 I/DeviceCache( 4664): Unable to convert the the network interface's MAC Address to string. MAC address cannot be null.
06-11 17:02:49.946 I/DeviceCache( 4664): Unable to convert the the network interface's MAC Address to string. MAC address cannot be null.
06-11 17:02:49.946 I/DeviceCache( 4664): Unable to convert the the network interface's MAC Address to string. MAC address cannot be null.
06-11 17:02:49.946 I/DeviceCache( 4664): Unable to convert the the network interface's MAC Address to string. MAC address cannot be null.
06-11 17:02:49.947 I/DeviceCache( 4664): Unable to convert the the network interface's MAC Address to string. MAC address cannot be null.
06-11 17:02:49.947 I/DeviceCache( 4664): Unable to convert the the network interface's MAC Address to string. MAC address cannot be null.
06-11 17:02:49.948 I/DeviceCache( 4664): Unable to convert the the network interface's MAC Address to string. MAC address cannot be null.
06-11 17:02:49.948 I/DeviceCache( 4664): Unable to convert the the network interface's MAC Address to string. MAC address cannot be null.
06-11 17:02:49.948 I/DeviceCache( 4664): Unable to convert the the network interface's MAC Address to string. MAC address cannot be null.
06-11 17:02:49.950 I/DeviceCache( 4664): Unable to convert the the network interface's MAC Address to string. MAC address cannot be null.
06-11 17:02:49.950 I/DeviceCache( 4664): Unable to convert the the network interface's MAC Address to string. MAC address cannot be null.
06-11 17:02:49.951 I/DeviceCache( 4664): Unable to convert the the network interface's MAC Address to string. MAC address cannot be null.
06-11 17:02:50.000 W/Finsky  ( 3776): [106] com.google.android.finsky.application.FinskyAppImpl.af(1062): No account configured on this device.
06-11 17:02:50.004 I/Finsky  ( 3776): [106] com.google.android.finsky.services.e.a(8): Received content filters request from sharedUserId=com.google.uid.shared:10005
