D/telpo_native(  751): handle_emv_serial_read_write_cmd: usb_printer_read length = 20
I/telpo_native(  751): 0b
I/telpo_native(  751): b0
I/telpo_native(  751): 96
I/telpo_native(  751): 69
I/telpo_native(  751): 04
I/telpo_native(  751): 00
I/telpo_native(  751): 00
I/telpo_native(  751): 00
I/telpo_native(  751): 87
I/telpo_native(  751): 00
I/telpo_native(  751): 04
I/telpo_native(  751): 01
I/telpo_native(  751): 00
I/telpo_native(  751): 00
I/telpo_native(  751): 00
I/telpo_native(  751): 00
I/telpo_native(  751): 00
I/telpo_native(  751): 00
I/telpo_native(  751): 00
I/telpo_native(  751): 00
I/telpo_native(  751): 
D/telpo_native(  751): handle_emv_serial_read_write_cmd: parse successfully!
I/telpo_native(  751): handle_emv_serial_read_write_cmd: receive data length is 20
I/telpo_native(  751): 0b
I/telpo_native(  751): b0
I/telpo_native(  751): 96
I/telpo_native(  751): 69
I/telpo_native(  751): 04
I/telpo_native(  751): 00
I/telpo_native(  751): 00
I/telpo_native(  751): 00
I/telpo_native(  751): 87
I/telpo_native(  751): 00
I/telpo_native(  751): 04
I/telpo_native(  751): 01
I/telpo_native(  751): 00
I/telpo_native(  751): 00
I/telpo_native(  751): 00
I/telpo_native(  751): 00
I/telpo_native(  751): 00
I/telpo_native(  751): 00
I/telpo_native(  751): 00
I/telpo_native(  751): 00
I/telpo_native(  751): 
D/telpo_native( 6458): CallIntMethod return ret = 0 length = 20
D/wpa_supplicant( 7163): wlan0: Control interface command 'SIGNAL_POLL'
D/telpo_native(  751): usb_printer_write data start!
D/telpo_native(  751): usb_printer_write start!
E/telpo_native(  751): ret = 25
D/telpo_native(  751): handle_emv_serial_read_write_cmd: usb write length = 25
D/BatteryMeterView( 3026): onDraw level = 32
E/telpo_native(  751): serial_read:start read
E/telpo_native(  751): serial_read:serial_read read_size = 0
D/telpo_native(  751): handle_emv_serial_read_write_cmd: usb_printer_read length = 20
I/telpo_native(  751): 0b
I/telpo_native(  751): b0
I/telpo_native(  751): 96
I/telpo_native(  751): 69
I/telpo_native(  751): 04
I/telpo_native(  751): 00
I/telpo_native(  751): 00
I/telpo_native(  751): 00
I/telpo_native(  751): 88
I/telpo_native(  751): 00
I/telpo_native(  751): 04
I/telpo_native(  751): 01
I/telpo_native(  751): 00
I/telpo_native(  751): 00
I/telpo_native(  751): 00
I/telpo_native(  751): 00
I/telpo_native(  751): 00
I/telpo_native(  751): 00
I/telpo_native(  751): 00
I/telpo_native(  751): 00
I/telpo_native(  751): 
D/telpo_native(  751): handle_emv_serial_read_write_cmd: parse successfully!
I/telpo_native(  751): handle_emv_serial_read_write_cmd: receive data length is 20
I/telpo_native(  751): 0b
I/telpo_native(  751): b0
I/telpo_native(  751): 96
I/telpo_native(  751): 69
I/telpo_native(  751): 04
I/telpo_native(  751): 00
I/telpo_native(  751): 00
I/telpo_native(  751): 00
I/telpo_native(  751): 88
I/telpo_native(  751): 00
I/telpo_native(  751): 04
I/telpo_native(  751): 01
I/telpo_native(  751): 00
I/telpo_native(  751): 00
I/telpo_native(  751): 00
I/telpo_native(  751): 00
I/telpo_native(  751): 00
I/telpo_native(  751): 00
I/telpo_native(  751): 00
I/telpo_native(  751): 00
I/telpo_native(  751): 
D/telpo_native( 6458): CallIntMethod return ret = 0 length = 20
I/SurfaceFlinger(  260): FPS: 4
I/art     ( 5680): Rejecting re-init on previously-failed class java.lang.Class<com.google.android.gms.org.conscrypt.NativeCrypto>
I/art     ( 5680): Rejecting re-init on previously-failed class java.lang.Class<com.google.android.gms.org.conscrypt.NativeCrypto>
D/ConnectivityService(  751): reportBadNetwork(NetworkAgentInfo [WIFI () - 101]) by 10005
D/NetworkMonitor/NetworkAgentInfo [WIFI () - 101](  751): ValidatedState{ when=0 what=532488 arg1=10005 target=com.android.internal.util.StateMachine$SmHandler }
D/NetworkMonitor/NetworkAgentInfo [WIFI () - 101](  751): DefaultState{ when=0 what=532488 arg1=10005 target=com.android.internal.util.StateMachine$SmHandler }
D/NetworkMonitor/NetworkAgentInfo [WIFI () - 101](  751): Forcing reevaluation
D/NetworkMonitor/NetworkAgentInfo [WIFI () - 101](  751): EvaluatingState{ when=-1ms what=532486 arg1=9 target=com.android.internal.util.StateMachine$SmHandler }
D/NetworkMonitor/NetworkAgentInfo [WIFI () - 101](  751): Validated
D/ConnectivityService(  751): setProvNotificationVisibleIntent: E visible=false networkType=0 extraInfo=null
D/ConnectivityService(  751): Validated NetworkAgentInfo [WIFI () - 101]
D/telpo_native(  751): usb_printer_write data start!
D/telpo_native(  751): usb_printer_write start!
E/telpo_native(  751): ret = 25
D/telpo_native(  751): handle_emv_serial_read_write_cmd: usb write length = 25
E/telpo_native(  751): serial_read:start read
E/telpo_native(  751): serial_read:serial_read read_size = 0
D/BatteryMeterView( 3026): onDraw level = 42
D/telpo_native(  751): handle_emv_serial_read_write_cmd: usb_printer_read length = 20
I/telpo_native(  751): 0b
I/telpo_native(  751): b0
I/telpo_native(  751): 96
I/telpo_native(  751): 69
I/telpo_native(  751): 04
I/telpo_native(  751): 00
I/telpo_native(  751): 00
I/telpo_native(  751): 00
I/telpo_native(  751): 89
I/telpo_native(  751): 00
I/telpo_native(  751): 04
I/telpo_native(  751): 01
I/telpo_native(  751): 00
I/telpo_native(  751): 00
I/telpo_native(  751): 00
I/telpo_native(  751): 00
I/telpo_native(  751): 00
I/telpo_native(  751): 00
I/telpo_native(  751): 00
I/telpo_native(  751): 00
I/telpo_native(  751): 
D/telpo_native(  751): handle_emv_serial_read_write_cmd: parse successfully!
I/telpo_native(  751): handle_emv_serial_read_write_cmd: receive data length is 20
I/telpo_native(  751): 0b
I/telpo_native(  751): b0
I/telpo_native(  751): 96
I/telpo_native(  751): 69
I/telpo_native(  751): 04
I/telpo_native(  751): 00
I/telpo_native(  751): 00
I/telpo_native(  751): 00
I/telpo_native(  751): 89
I/telpo_native(  751): 00
I/telpo_native(  751): 04
I/telpo_native(  751): 01
I/telpo_native(  751): 00
I/telpo_native(  751): 00
I/telpo_native(  751): 00
I/telpo_native(  751): 00
I/telpo_native(  751): 00
I/telpo_native(  751): 00
I/telpo_native(  751): 00
I/telpo_native(  751): 00
I/telpo_native(  751): 
D/telpo_native( 6458): CallIntMethod return ret = 0 length = 20
V/WLAN_PSA(  312): NL MSG, len[4037], NL type[0x1C] WNI type[0x5900] len[44303]
V/WLAN_PSA(  312): NL MSG, PID: 312
D/BatteryMeterView( 3026): onDraw level = 52
D/telpo_native(  751): usb_printer_write data start!
D/telpo_native(  751): usb_printer_write start!
E/telpo_native(  751): ret = 25
D/telpo_native(  751): handle_emv_serial_read_write_cmd: usb write length = 25
E/telpo_native(  751): serial_read:start read
E/telpo_native(  751): serial_read:serial_read read_size = 0
D/telpo_native(  751): handle_emv_serial_read_write_cmd: usb_printer_read length = 20
I/telpo_native(  751): 0b
I/telpo_native(  751): b0
I/telpo_native(  751): 96
I/telpo_native(  751): 69
I/telpo_native(  751): 04
I/telpo_native(  751): 00
I/telpo_native(  751): 00
I/telpo_native(  751): 00
I/telpo_native(  751): 8a
I/telpo_native(  751): 00
I/telpo_native(  751): 04
I/telpo_native(  751): 01
I/telpo_native(  751): 00
I/telpo_native(  751): 00
I/telpo_native(  751): 00
I/telpo_native(  751): 00
I/telpo_native(  751): 00
I/telpo_native(  751): 00
I/telpo_native(  751): 00
I/telpo_native(  751): 00
I/telpo_native(  751): 
D/telpo_native(  751): handle_emv_serial_read_write_cmd: parse successfully!
I/telpo_native(  751): handle_emv_serial_read_write_cmd: receive data length is 20
I/telpo_native(  751): 0b
I/telpo_native(  751): b0
I/telpo_native(  751): 96
I/telpo_native(  751): 69
I/telpo_native(  751): 04
I/telpo_native(  751): 00
I/telpo_native(  751): 00
I/telpo_native(  751): 00
I/telpo_native(  751): 8a
I/telpo_native(  751): 00
I/telpo_native(  751): 04
I/telpo_native(  751): 01
I/telpo_native(  751): 00
I/telpo_native(  751): 00
I/telpo_native(  751): 00
I/telpo_native(  751): 00
I/telpo_native(  751): 00
I/telpo_native(  751): 00
I/telpo_native(  751): 00
I/telpo_native(  751): 00
I/telpo_native(  751): 
D/telpo_native( 6458): CallIntMethod return ret = 0 length = 20
I/SurfaceFlinger(  260): FPS: 4
D/BatteryMeterView( 3026): onDraw level = 62
D/telpo_native(  751): usb_printer_write data start!
D/telpo_native(  751): usb_printer_write start!
E/telpo_native(  751): ret = 25
D/telpo_native(  751): handle_emv_serial_read_write_cmd: usb write length = 25
E/telpo_native(  751): serial_read:start read
E/telpo_native(  751): serial_read:serial_read read_size = 0
D/telpo_native(  751): handle_emv_serial_read_write_cmd: usb_printer_read length = 20
I/telpo_native(  751): 0b
I/telpo_native(  751): b0
I/telpo_native(  751): 96
I/telpo_native(  751): 69
I/telpo_native(  751): 04
I/telpo_native(  751): 00
I/telpo_native(  751): 00
I/telpo_native(  751): 00
I/telpo_native(  751): 8b
I/telpo_native(  751): 00
I/telpo_native(  751): 04
I/telpo_native(  751): 01
I/telpo_native(  751): 00
I/telpo_native(  751): 00
I/telpo_native(  751): 00
I/telpo_native(  751): 00
I/telpo_native(  751): 00
I/telpo_native(  751): 00
I/telpo_native(  751): 00
I/telpo_native(  751): 00
I/telpo_native(  751): 
D/telpo_native(  751): handle_emv_serial_read_write_cmd: parse successfully!
I/telpo_native(  751): handle_emv_serial_read_write_cmd: receive data length is 20
I/telpo_native(  751): 0b
I/telpo_native(  751): b0
I/telpo_native(  751): 96
I/telpo_native(  751): 69
I/telpo_native(  751): 04
I/telpo_native(  751): 00
I/telpo_native(  751): 00
I/telpo_native(  751): 00
I/telpo_native(  751): 8b
I/telpo_native(  751): 00
I/telpo_native(  751): 04
I/telpo_native(  751): 01
I/telpo_native(  751): 00
I/telpo_native(  751): 00
I/telpo_native(  751): 00
I/telpo_native(  751): 00
I/telpo_native(  751): 00
I/telpo_native(  751): 00
I/telpo_native(  751): 00
I/telpo_native(  751): 00
I/telpo_native(  751): 
D/telpo_native( 6458): CallIntMethod return ret = 0 length = 20
D/BatteryMeterView( 3026): onDraw level = 72
D/telpo_native(  751): usb_printer_write data start!
D/telpo_native(  751): usb_printer_write start!
E/telpo_native(  751): ret = 25
D/telpo_native(  751): handle_emv_serial_read_write_cmd: usb write length = 25
E/telpo_native(  751): serial_read:start read
E/telpo_native(  751): serial_read:serial_read read_size = 0
I/SurfaceFlinger(  260): FPS: 4
D/telpo_native(  751): handle_emv_serial_read_write_cmd: usb_printer_read length = 20
I/telpo_native(  751): 0b
I/telpo_native(  751): b0
I/telpo_native(  751): 96
I/telpo_native(  751): 69
I/telpo_native(  751): 04
I/telpo_native(  751): 00
I/telpo_native(  751): 00
I/telpo_native(  751): 00
I/telpo_native(  751): 8c
I/telpo_native(  751): 00
I/telpo_native(  751): 04
I/telpo_native(  751): 01
I/telpo_native(  751): 00
I/telpo_native(  751): 00
I/telpo_native(  751): 00
I/telpo_native(  751): 00
I/telpo_native(  751): 00
I/telpo_native(  751): 00
I/telpo_native(  751): 00
I/telpo_native(  751): 00
I/telpo_native(  751): 
D/telpo_native(  751): handle_emv_serial_read_write_cmd: parse successfully!
I/telpo_native(  751): handle_emv_serial_read_write_cmd: receive data length is 20
I/telpo_native(  751): 0b
I/telpo_native(  751): b0
I/telpo_native(  751): 96
I/telpo_native(  751): 69
I/telpo_native(  751): 04
I/telpo_native(  751): 00
I/telpo_native(  751): 00
I/telpo_native(  751): 00
I/telpo_native(  751): 8c
I/telpo_native(  751): 00
I/telpo_native(  751): 04
I/telpo_native(  751): 01
I/telpo_native(  751): 00
I/telpo_native(  751): 00
I/telpo_native(  751): 00
I/telpo_native(  751): 00
I/telpo_native(  751): 00
I/telpo_native(  751): 00
I/telpo_native(  751): 00
I/telpo_native(  751): 00
I/telpo_native(  751): 
D/telpo_native( 6458): CallIntMethod return ret = 0 length = 20
D/BatteryMeterView( 3026): onDraw level = 82
D/telpo_native(  751): usb_printer_write data start!
D/telpo_native(  751): usb_printer_write start!
E/telpo_native(  751): ret = 25
D/telpo_native(  751): handle_emv_serial_read_write_cmd: usb write length = 25
E/telpo_native(  751): Cannot find response header
D/telpo_native(  751): handle_emv_serial_read_write_cmd: not enough data receive,continue
E/telpo_native(  751): serial_read:start read
E/telpo_native(  751): serial_read:serial_read read_size = 0
D/telpo_native(  751): handle_emv_serial_read_write_cmd: usb_printer_read length = 20
I/telpo_native(  751): 0b
I/telpo_native(  751): b0
I/telpo_native(  751): 96
I/telpo_native(  751): 69
I/telpo_native(  751): 04
I/telpo_native(  751): 00
I/telpo_native(  751): 00
I/telpo_native(  751): 00
I/telpo_native(  751): 8d
I/telpo_native(  751): 00
I/telpo_native(  751): 04
I/telpo_native(  751): 01
I/telpo_native(  751): 00
I/telpo_native(  751): 00
I/telpo_native(  751): 00
I/telpo_native(  751): 00
I/telpo_native(  751): 00
I/telpo_native(  751): 00
I/telpo_native(  751): 00
I/telpo_native(  751): 00
I/telpo_native(  751): 
D/telpo_native(  751): handle_emv_serial_read_write_cmd: parse successfully!
I/telpo_native(  751): handle_emv_serial_read_write_cmd: receive data length is 20
I/telpo_native(  751): 0b
I/telpo_native(  751): b0
I/telpo_native(  751): 96
I/telpo_native(  751): 69
I/telpo_native(  751): 04
I/telpo_native(  751): 00
I/telpo_native(  751): 00
I/telpo_native(  751): 00
I/telpo_native(  751): 8d
I/telpo_native(  751): 00
I/telpo_native(  751): 04
I/telpo_native(  751): 01
I/telpo_native(  751): 00
I/telpo_native(  751): 00
I/telpo_native(  751): 00
I/telpo_native(  751): 00
I/telpo_native(  751): 00
I/telpo_native(  751): 00
I/telpo_native(  751): 00
I/telpo_native(  751): 00
I/telpo_native(  751): 
D/telpo_native( 6458): CallIntMethod return ret = 0 length = 20
D/wpa_supplicant( 7163): wlan0: Control interface command 'SIGNAL_POLL'
D/BatteryMeterView( 3026): onDraw level = 92
I/SurfaceFlinger(  260): FPS: 6
D/telpo_native(  751): usb_printer_write data start!
D/telpo_native(  751): usb_printer_write start!
E/telpo_native(  751): ret = 25
D/telpo_native(  751): handle_emv_serial_read_write_cmd: usb write length = 25
E/telpo_native(  751): serial_read:start read
E/telpo_native(  751): serial_read:serial_read read_size = 0
D/telpo_native(  751): handle_emv_serial_read_write_cmd: usb_printer_read length = 20
I/telpo_native(  751): 0b
I/telpo_native(  751): b0
I/telpo_native(  751): 96
I/telpo_native(  751): 69
I/telpo_native(  751): 04
I/telpo_native(  751): 00
I/telpo_native(  751): 00
I/telpo_native(  751): 00
I/telpo_native(  751): 8e
I/telpo_native(  751): 00
I/telpo_native(  751): 04
I/telpo_native(  751): 01
I/telpo_native(  751): 00
I/telpo_native(  751): 00
I/telpo_native(  751): 00
I/telpo_native(  751): 00
I/telpo_native(  751): 00
I/telpo_native(  751): 00
I/telpo_native(  751): 00
I/telpo_native(  751): 00
I/telpo_native(  751): 
D/telpo_native(  751): handle_emv_serial_read_write_cmd: parse successfully!
I/telpo_native(  751): handle_emv_serial_read_write_cmd: receive data length is 20
I/telpo_native(  751): 0b
I/telpo_native(  751): b0
I/telpo_native(  751): 96
I/telpo_native(  751): 69
I/telpo_native(  751): 04
I/telpo_native(  751): 00
I/telpo_native(  751): 00
I/telpo_native(  751): 00
I/telpo_native(  751): 8e
I/telpo_native(  751): 00
I/telpo_native(  751): 04
I/telpo_native(  751): 01
I/telpo_native(  751): 00
I/telpo_native(  751): 00
I/telpo_native(  751): 00
I/telpo_native(  751): 00
I/telpo_native(  751): 00
I/telpo_native(  751): 00
I/telpo_native(  751): 00
I/telpo_native(  751): 00
I/telpo_native(  751): 
D/telpo_native( 6458): CallIntMethod return ret = 0 length = 20
D/BatteryMeterView( 3026): onDraw level = 100
D/telpo_native(  751): usb_printer_write data start!
D/telpo_native(  751): usb_printer_write start!
E/telpo_native(  751): ret = 25
D/telpo_native(  751): handle_emv_serial_read_write_cmd: usb write length = 25
E/telpo_native(  751): serial_read:start read
E/telpo_native(  751): serial_read:serial_read read_size = 0
D/telpo_native(  751): handle_emv_serial_read_write_cmd: usb_printer_read length = 20
I/telpo_native(  751): 0b
I/telpo_native(  751): b0
I/telpo_native(  751): 96
I/telpo_native(  751): 69
I/telpo_native(  751): 04
I/telpo_native(  751): 00
I/telpo_native(  751): 00
I/telpo_native(  751): 00
I/telpo_native(  751): 8f
I/telpo_native(  751): 00
I/telpo_native(  751): 04
I/telpo_native(  751): 01
I/telpo_native(  751): 00
I/telpo_native(  751): 00
I/telpo_native(  751): 00
I/telpo_native(  751): 00
I/telpo_native(  751): 00
I/telpo_native(  751): 00
I/telpo_native(  751): 00
I/telpo_native(  751): 00
I/telpo_native(  751): 
D/telpo_native(  751): handle_emv_serial_read_write_cmd: parse successfully!
I/telpo_native(  751): handle_emv_serial_read_write_cmd: receive data length is 20
I/telpo_native(  751): 0b
I/telpo_native(  751): b0
I/telpo_native(  751): 96
I/telpo_native(  751): 69
I/telpo_native(  751): 04
I/telpo_native(  751): 00
I/telpo_native(  751): 00
I/telpo_native(  751): 00
I/telpo_native(  751): 8f
I/telpo_native(  751): 00
I/telpo_native(  751): 04
I/telpo_native(  751): 01
I/telpo_native(  751): 00
I/telpo_native(  751): 00
I/telpo_native(  751): 00
I/telpo_native(  751): 00
I/telpo_native(  751): 00
I/telpo_native(  751): 00
I/telpo_native(  751): 00
I/telpo_native(  751): 00
I/telpo_native(  751): 
D/telpo_native( 6458): CallIntMethod return ret = 0 length = 20
D/BatteryMeterView( 3026): onDraw level = 2
I/SurfaceFlinger(  260): FPS: 3
D/telpo_native(  751): usb_printer_write data start!
D/telpo_native(  751): usb_printer_write start!
E/telpo_native(  751): ret = 25
D/telpo_native(  751): handle_emv_serial_read_write_cmd: usb write length = 25
E/telpo_native(  751): Cannot find response header
D/telpo_native(  751): handle_emv_serial_read_write_cmd: not enough data receive,continue
E/telpo_native(  751): serial_read:start read
E/telpo_native(  751): serial_read:serial_read read_size = 0
D/telpo_native(  751): handle_emv_serial_read_write_cmd: usb_printer_read length = 20
I/telpo_native(  751): 0b
I/telpo_native(  751): b0
I/telpo_native(  751): 96
I/telpo_native(  751): 69
I/telpo_native(  751): 04
I/telpo_native(  751): 00
I/telpo_native(  751): 00
I/telpo_native(  751): 00
I/telpo_native(  751): 90
I/telpo_native(  751): 00
I/telpo_native(  751): 04
I/telpo_native(  751): 01
I/telpo_native(  751): 00
I/telpo_native(  751): 00
I/telpo_native(  751): 00
I/telpo_native(  751): 00
I/telpo_native(  751): 00
I/telpo_native(  751): 00
I/telpo_native(  751): 00
I/telpo_native(  751): 00
I/telpo_native(  751): 
D/telpo_native(  751): handle_emv_serial_read_write_cmd: parse successfully!
I/telpo_native(  751): handle_emv_serial_read_write_cmd: receive data length is 20
I/telpo_native(  751): 0b
I/telpo_native(  751): b0
I/telpo_native(  751): 96
I/telpo_native(  751): 69
I/telpo_native(  751): 04
I/telpo_native(  751): 00
I/telpo_native(  751): 00
I/telpo_native(  751): 00
I/telpo_native(  751): 90
I/telpo_native(  751): 00
I/telpo_native(  751): 04
I/telpo_native(  751): 01
I/telpo_native(  751): 00
I/telpo_native(  751): 00
I/telpo_native(  751): 00
I/telpo_native(  751): 00
I/telpo_native(  751): 00
I/telpo_native(  751): 00
I/telpo_native(  751): 00
I/telpo_native(  751): 00
I/telpo_native(  751): 
D/telpo_native( 6458): CallIntMethod return ret = 0 length = 20
D/BatteryMeterView( 3026): onDraw level = 12
D/telpo_native(  751): usb_printer_write data start!
D/telpo_native(  751): usb_printer_write start!
E/telpo_native(  751): ret = 25
D/telpo_native(  751): handle_emv_serial_read_write_cmd: usb write length = 25
E/telpo_native(  751): serial_read:start read
E/telpo_native(  751): serial_read:serial_read read_size = 0
D/telpo_native(  751): handle_emv_serial_read_write_cmd: usb_printer_read length = 20
I/telpo_native(  751): 0b
I/telpo_native(  751): b0
I/telpo_native(  751): 96
I/telpo_native(  751): 69
I/telpo_native(  751): 04
I/telpo_native(  751): 00
I/telpo_native(  751): 00
I/telpo_native(  751): 00
I/telpo_native(  751): 91
I/telpo_native(  751): 00
I/telpo_native(  751): 04
I/telpo_native(  751): 01
I/telpo_native(  751): 00
I/telpo_native(  751): 00
I/telpo_native(  751): 00
I/telpo_native(  751): 00
I/telpo_native(  751): 00
I/telpo_native(  751): 00
I/telpo_native(  751): 00
I/telpo_native(  751): 00
I/telpo_native(  751): 
D/telpo_native(  751): handle_emv_serial_read_write_cmd: parse successfully!
I/telpo_native(  751): handle_emv_serial_read_write_cmd: receive data length is 20
I/telpo_native(  751): 0b
I/telpo_native(  751): b0
I/telpo_native(  751): 96
I/telpo_native(  751): 69
I/telpo_native(  751): 04
I/telpo_native(  751): 00
I/telpo_native(  751): 00
I/telpo_native(  751): 00
I/telpo_native(  751): 91
I/telpo_native(  751): 00
I/telpo_native(  751): 04
I/telpo_native(  751): 01
I/telpo_native(  751): 00
I/telpo_native(  751): 00
I/telpo_native(  751): 00
I/telpo_native(  751): 00
I/telpo_native(  751): 00
I/telpo_native(  751): 00
I/telpo_native(  751): 00
I/telpo_native(  751): 00
I/telpo_native(  751): 
D/telpo_native( 6458): CallIntMethod return ret = 0 length = 20
D/BatteryMeterView( 3026): onDraw level = 22
I/SurfaceFlinger(  260): FPS: 5
D/telpo_native(  751): usb_printer_write data start!
D/telpo_native(  751): usb_printer_write start!
E/telpo_native(  751): ret = 25
D/telpo_native(  751): handle_emv_serial_read_write_cmd: usb write length = 25
E/telpo_native(  751): serial_read:start read
E/telpo_native(  751): serial_read:serial_read read_size = 0
D/telpo_native(  751): handle_emv_serial_read_write_cmd: usb_printer_read length = 20
I/telpo_native(  751): 0b
I/telpo_native(  751): b0
I/telpo_native(  751): 96
I/telpo_native(  751): 69
I/telpo_native(  751): 04
I/telpo_native(  751): 00
I/telpo_native(  751): 00
I/telpo_native(  751): 00
I/telpo_native(  751): 92
I/telpo_native(  751): 00
I/telpo_native(  751): 04
I/telpo_native(  751): 01
I/telpo_native(  751): 00
I/telpo_native(  751): 00
I/telpo_native(  751): 00
I/telpo_native(  751): 00
I/telpo_native(  751): 00
I/telpo_native(  751): 00
I/telpo_native(  751): 00
I/telpo_native(  751): 00
I/telpo_native(  751): 
D/telpo_native(  751): handle_emv_serial_read_write_cmd: parse successfully!
I/telpo_native(  751): handle_emv_serial_read_write_cmd: receive data length is 20
I/telpo_native(  751): 0b
I/telpo_native(  751): b0
I/telpo_native(  751): 96
I/telpo_native(  751): 69
I/telpo_native(  751): 04
I/telpo_native(  751): 00
I/telpo_native(  751): 00
I/telpo_native(  751): 00
I/telpo_native(  751): 92
I/telpo_native(  751): 00
I/telpo_native(  751): 04
I/telpo_native(  751): 01
I/telpo_native(  751): 00
I/telpo_native(  751): 00
I/telpo_native(  751): 00
I/telpo_native(  751): 00
I/telpo_native(  751): 00
I/telpo_native(  751): 00
I/telpo_native(  751): 00
I/telpo_native(  751): 00
I/telpo_native(  751): 
D/telpo_native( 6458): CallIntMethod return ret = 0 length = 20
V/WLAN_PSA(  312): NL MSG, len[4085], NL type[0x1C] WNI type[0x5900] len[56591]
V/WLAN_PSA(  312): NL MSG, PID: 312
D/wpa_supplicant( 7163): wlan0: Control interface command 'SIGNAL_POLL'
D/BatteryMeterView( 3026): onDraw level = 32
D/telpo_native(  751): usb_printer_write data start!
D/telpo_native(  751): usb_printer_write start!
E/telpo_native(  751): ret = 25
D/telpo_native(  751): handle_emv_serial_read_write_cmd: usb write length = 25
E/telpo_native(  751): serial_read:start read
E/telpo_native(  751): serial_read:serial_read read_size = 0
D/telpo_native(  751): handle_emv_serial_read_write_cmd: usb_printer_read length = 20
I/telpo_native(  751): 0b
I/telpo_native(  751): b0
I/telpo_native(  751): 96
I/telpo_native(  751): 69
I/telpo_native(  751): 04
I/telpo_native(  751): 00
I/telpo_native(  751): 00
I/telpo_native(  751): 00
I/telpo_native(  751): 93
I/telpo_native(  751): 00
I/telpo_native(  751): 04
I/telpo_native(  751): 01
I/telpo_native(  751): 00
I/telpo_native(  751): 00
I/telpo_native(  751): 00
I/telpo_native(  751): 00
I/telpo_native(  751): 00
I/telpo_native(  751): 00
I/telpo_native(  751): 00
I/telpo_native(  751): 00
I/telpo_native(  751): 
D/telpo_native(  751): handle_emv_serial_read_write_cmd: parse successfully!
I/telpo_native(  751): handle_emv_serial_read_write_cmd: receive data length is 20
I/telpo_native(  751): 0b
I/telpo_native(  751): b0
I/telpo_native(  751): 96
I/telpo_native(  751): 69
I/telpo_native(  751): 04
I/telpo_native(  751): 00
I/telpo_native(  751): 00
I/telpo_native(  751): 00
I/telpo_native(  751): 93
I/telpo_native(  751): 00
I/telpo_native(  751): 04
I/telpo_native(  751): 01
I/telpo_native(  751): 00
I/telpo_native(  751): 00
I/telpo_native(  751): 00
I/telpo_native(  751): 00
I/telpo_native(  751): 00
I/telpo_native(  751): 00
I/telpo_native(  751): 00
I/telpo_native(  751): 00
I/telpo_native(  751): 
D/telpo_native( 6458): CallIntMethod return ret = 0 length = 20
D/BatteryMeterView( 3026): onDraw level = 42
I/SurfaceFlinger(  260): FPS: 4
D/telpo_native(  751): usb_printer_write data start!
D/telpo_native(  751): usb_printer_write start!
E/telpo_native(  751): ret = 25
D/telpo_native(  751): handle_emv_serial_read_write_cmd: usb write length = 25
E/telpo_native(  751): serial_read:start read
E/telpo_native(  751): serial_read:serial_read read_size = 0
D/telpo_native(  751): handle_emv_serial_read_write_cmd: usb_printer_read length = 20
I/telpo_native(  751): 0b
I/telpo_native(  751): b0
I/telpo_native(  751): 96
I/telpo_native(  751): 69
I/telpo_native(  751): 04
I/telpo_native(  751): 00
I/telpo_native(  751): 00
I/telpo_native(  751): 00
I/telpo_native(  751): 94
I/telpo_native(  751): 00
I/telpo_native(  751): 04
I/telpo_native(  751): 01
I/telpo_native(  751): 00
I/telpo_native(  751): 00
I/telpo_native(  751): 00
I/telpo_native(  751): 00
I/telpo_native(  751): 00
I/telpo_native(  751): 00
I/telpo_native(  751): 00
I/telpo_native(  751): 00
I/telpo_native(  751): 
D/telpo_native(  751): handle_emv_serial_read_write_cmd: parse successfully!
I/telpo_native(  751): handle_emv_serial_read_write_cmd: receive data length is 20
I/telpo_native(  751): 0b
I/telpo_native(  751): b0
I/telpo_native(  751): 96
I/telpo_native(  751): 69
I/telpo_native(  751): 04
I/telpo_native(  751): 00
I/telpo_native(  751): 00
I/telpo_native(  751): 00
I/telpo_native(  751): 94
I/telpo_native(  751): 00
I/telpo_native(  751): 04
I/telpo_native(  751): 01
I/telpo_native(  751): 00
I/telpo_native(  751): 00
I/telpo_native(  751): 00
I/telpo_native(  751): 00
I/telpo_native(  751): 00
I/telpo_native(  751): 00
I/telpo_native(  751): 00
I/telpo_native(  751): 00
I/telpo_native(  751): 
D/telpo_native( 6458): CallIntMethod return ret = 0 length = 20
D/BatteryMeterView( 3026): onDraw level = 52
D/telpo_native(  751): usb_printer_write data start!
D/telpo_native(  751): usb_printer_write start!
E/telpo_native(  751): ret = 25
D/telpo_native(  751): handle_emv_serial_read_write_cmd: usb write length = 25
E/telpo_native(  751): serial_read:start read
E/telpo_native(  751): serial_read:serial_read read_size = 0
D/telpo_native(  751): handle_emv_serial_read_write_cmd: usb_printer_read length = 20
I/telpo_native(  751): 0b
I/telpo_native(  751): b0
I/telpo_native(  751): 96
I/telpo_native(  751): 69
I/telpo_native(  751): 04
I/telpo_native(  751): 00
I/telpo_native(  751): 00
I/telpo_native(  751): 00
I/telpo_native(  751): 95
I/telpo_native(  751): 00
I/telpo_native(  751): 04
I/telpo_native(  751): 01
I/telpo_native(  751): 00
I/telpo_native(  751): 00
I/telpo_native(  751): 00
I/telpo_native(  751): 00
I/telpo_native(  751): 00
I/telpo_native(  751): 00
I/telpo_native(  751): 00
I/telpo_native(  751): 00
I/telpo_native(  751): 
D/telpo_native(  751): handle_emv_serial_read_write_cmd: parse successfully!
I/telpo_native(  751): handle_emv_serial_read_write_cmd: receive data length is 20
I/telpo_native(  751): 0b
I/telpo_native(  751): b0
I/telpo_native(  751): 96
I/telpo_native(  751): 69
I/telpo_native(  751): 04
I/telpo_native(  751): 00
I/telpo_native(  751): 00
I/telpo_native(  751): 00
I/telpo_native(  751): 95
I/telpo_native(  751): 00
I/telpo_native(  751): 04
I/telpo_native(  751): 01
I/telpo_native(  751): 00
I/telpo_native(  751): 00
I/telpo_native(  751): 00
I/telpo_native(  751): 00
I/telpo_native(  751): 00
I/telpo_native(  751): 00
I/telpo_native(  751): 00
I/telpo_native(  751): 00
I/telpo_native(  751): 
D/telpo_native( 6458): CallIntMethod return ret = 0 length = 20
D/BatteryMeterView( 3026): onDraw level = 62
I/SurfaceFlinger(  260): FPS: 4
D/telpo_native(  751): usb_printer_write data start!
D/telpo_native(  751): usb_printer_write start!
E/telpo_native(  751): ret = 25
D/telpo_native(  751): handle_emv_serial_read_write_cmd: usb write length = 25
E/telpo_native(  751): serial_read:start read
E/telpo_native(  751): serial_read:serial_read read_size = 0
D/telpo_native(  751): handle_emv_serial_read_write_cmd: usb_printer_read length = 20
I/telpo_native(  751): 0b
I/telpo_native(  751): b0
I/telpo_native(  751): 96
I/telpo_native(  751): 69
I/telpo_native(  751): 04
I/telpo_native(  751): 00
I/telpo_native(  751): 00
I/telpo_native(  751): 00
I/telpo_native(  751): 96
I/telpo_native(  751): 00
I/telpo_native(  751): 04
I/telpo_native(  751): 01
I/telpo_native(  751): 00
I/telpo_native(  751): 00
I/telpo_native(  751): 00
I/telpo_native(  751): 00
I/telpo_native(  751): 00
I/telpo_native(  751): 00
I/telpo_native(  751): 00
I/telpo_native(  751): 00
I/telpo_native(  751): 
D/telpo_native(  751): handle_emv_serial_read_write_cmd: parse successfully!
I/telpo_native(  751): handle_emv_serial_read_write_cmd: receive data length is 20
I/telpo_native(  751): 0b
I/telpo_native(  751): b0
I/telpo_native(  751): 96
I/telpo_native(  751): 69
I/telpo_native(  751): 04
I/telpo_native(  751): 00
I/telpo_native(  751): 00
I/telpo_native(  751): 00
I/telpo_native(  751): 96
I/telpo_native(  751): 00
I/telpo_native(  751): 04
I/telpo_native(  751): 01
I/telpo_native(  751): 00
I/telpo_native(  751): 00
I/telpo_native(  751): 00
I/telpo_native(  751): 00
I/telpo_native(  751): 00
I/telpo_native(  751): 00
I/telpo_native(  751): 00
I/telpo_native(  751): 00
I/telpo_native(  751): 
D/telpo_native( 6458): CallIntMethod return ret = 0 length = 20
D/BatteryMeterView( 3026): onDraw level = 72
D/telpo_native(  751): usb_printer_write data start!
D/telpo_native(  751): usb_printer_write start!
E/telpo_native(  751): ret = 25
D/telpo_native(  751): handle_emv_serial_read_write_cmd: usb write length = 25
E/telpo_native(  751): serial_read:start read
E/telpo_native(  751): serial_read:serial_read read_size = 0
D/telpo_native(  751): handle_emv_serial_read_write_cmd: usb_printer_read length = 20
I/telpo_native(  751): 0b
I/telpo_native(  751): b0
I/telpo_native(  751): 96
I/telpo_native(  751): 69
I/telpo_native(  751): 04
I/telpo_native(  751): 00
I/telpo_native(  751): 00
I/telpo_native(  751): 00
I/telpo_native(  751): 97
I/telpo_native(  751): 00
I/telpo_native(  751): 04
I/telpo_native(  751): 01
I/telpo_native(  751): 00
I/telpo_native(  751): 00
I/telpo_native(  751): 00
I/telpo_native(  751): 00
I/telpo_native(  751): 00
I/telpo_native(  751): 00
I/telpo_native(  751): 00
I/telpo_native(  751): 00
I/telpo_native(  751): 
D/telpo_native(  751): handle_emv_serial_read_write_cmd: parse successfully!
I/telpo_native(  751): handle_emv_serial_read_write_cmd: receive data length is 20
I/telpo_native(  751): 0b
I/telpo_native(  751): b0
I/telpo_native(  751): 96
I/telpo_native(  751): 69
I/telpo_native(  751): 04
I/telpo_native(  751): 00
I/telpo_native(  751): 00
I/telpo_native(  751): 00
I/telpo_native(  751): 97
I/telpo_native(  751): 00
I/telpo_native(  751): 04
I/telpo_native(  751): 01
I/telpo_native(  751): 00
I/telpo_native(  751): 00
I/telpo_native(  751): 00
I/telpo_native(  751): 00
I/telpo_native(  751): 00
I/telpo_native(  751): 00
I/telpo_native(  751): 00
I/telpo_native(  751): 00
I/telpo_native(  751): 
D/telpo_native( 6458): CallIntMethod return ret = 0 length = 20
D/BatteryMeterView( 3026): onDraw level = 82
I/SurfaceFlinger(  260): FPS: 4
D/telpo_native(  751): usb_printer_write data start!
D/telpo_native(  751): usb_printer_write start!
E/telpo_native(  751): ret = 25
D/telpo_native(  751): handle_emv_serial_read_write_cmd: usb write length = 25
E/telpo_native(  751): Cannot find response header
D/telpo_native(  751): handle_emv_serial_read_write_cmd: not enough data receive,continue
E/telpo_native(  751): serial_read:start read
E/telpo_native(  751): serial_read:serial_read read_size = 0
D/telpo_native(  751): handle_emv_serial_read_write_cmd: usb_printer_read length = 20
I/telpo_native(  751): 0b
I/telpo_native(  751): b0
I/telpo_native(  751): 96
I/telpo_native(  751): 69
I/telpo_native(  751): 04
I/telpo_native(  751): 00
I/telpo_native(  751): 00
I/telpo_native(  751): 00
I/telpo_native(  751): 98
I/telpo_native(  751): 00
I/telpo_native(  751): 04
I/telpo_native(  751): 01
I/telpo_native(  751): 00
I/telpo_native(  751): 00
I/telpo_native(  751): 00
I/telpo_native(  751): 00
I/telpo_native(  751): 00
I/telpo_native(  751): 00
I/telpo_native(  751): 00
I/telpo_native(  751): 00
I/telpo_native(  751): 
D/telpo_native(  751): handle_emv_serial_read_write_cmd: parse successfully!
I/telpo_native(  751): handle_emv_serial_read_write_cmd: receive data length is 20
I/telpo_native(  751): 0b
I/telpo_native(  751): b0
I/telpo_native(  751): 96
I/telpo_native(  751): 69
I/telpo_native(  751): 04
I/telpo_native(  751): 00
I/telpo_native(  751): 00
I/telpo_native(  751): 00
I/telpo_native(  751): 98
I/telpo_native(  751): 00
I/telpo_native(  751): 04
I/telpo_native(  751): 01
I/telpo_native(  751): 00
I/telpo_native(  751): 00
I/telpo_native(  751): 00
I/telpo_native(  751): 00
I/telpo_native(  751): 00
I/telpo_native(  751): 00
I/telpo_native(  751): 00
I/telpo_native(  751): 00
I/telpo_native(  751): 
D/telpo_native( 6458): CallIntMethod return ret = 0 length = 20
D/StatusBar.MSimNetworkController( 3026): refreshViews phoneId =0mMSimDataConnected =false
D/StatusBar.MSimNetworkController( 3026): refreshViews mMSimDataActivity =0
D/StatusBar.MSimNetworkController( 3026): refreshViews: Data not connected!! Set no data type icon / Roaming for phoneId: 0
D/StatusBar.MSimNetworkController( 3026): refreshViews connected={ wifi } level=0 mMSimcombinedSignalIconId=0x7f020350/com.android.systemui:drawable/stat_sys_wifi_signal_3_fully mMSimcombinedActivityIconId=0x7f020348 mAirplaneMode=false mMSimDataActivity=0 mMSimPhoneSignalIconId=0x7f020339/com.android.systemui:drawable/stat_sys_signal_null mMSimDataDirectionIconId=0x0 mMSimDataSignalIconId=0x7f020339 mMSimDataTypeIconId=0x0/(null) mNoMSimIconId=0x7f02009a/com.android.systemui:drawable/ic_qs_no_sim mMSimMobileActivityIconId=0x0/(null) mWifiIconId=0x7f020350 mBluetoothTetherIconId=0x10806a2
D/MSimSignalClusterView( 3026): wifi: VISIBLE sig=2130838352 act=2130838344
D/MSimSignalClusterView( 3026): mobile[0]: VISIBLE sig=2130838329 type=0
D/MSimSignalClusterView( 3026): wifi: VISIBLE sig=2130838352 act=2130838344
D/MSimSignalClusterView( 3026): mobile[1]: VISIBLE sig=2130838329 type=0
D/MSimSignalClusterView( 3026): wifi: VISIBLE sig=2130838352 act=2130838344
D/MSimSignalClusterView( 3026): mobile[0]: VISIBLE sig=2130838329 type=0
D/MSimSignalClusterView( 3026): wifi: VISIBLE sig=2130838352 act=2130838344
D/MSimSignalClusterView( 3026): mobile[0]: VISIBLE sig=2130838329 type=0
D/MSimSignalClusterView( 3026): wifi: VISIBLE sig=2130838352 act=2130838344
D/MSimSignalClusterView( 3026): mobile[0]: VISIBLE sig=2130838329 type=0
D/MSimSignalClusterView( 3026): wifi: VISIBLE sig=2130838352 act=2130838344
D/MSimSignalClusterView( 3026): mobile[1]: VISIBLE sig=2130838329 type=0
D/StatusBar.MSimNetworkController( 3026): refreshSignalCluster, mMSimPhoneSignalIconId[0]=com.android.systemui:drawable/stat_sys_signal_null mMSimDataSignalIconId[0]=com.android.systemui:drawable/stat_sys_signal_null mMSimDataTypeIconId[0]=(null) mMSimMobileActivityIconId[0]=(null) mNoMSimIconId[0]=com.android.systemui:drawable/ic_qs_no_sim
D/MSimSignalClusterView( 3026): wifi: VISIBLE sig=2130838352 act=2130838344
D/MSimSignalClusterView( 3026): mobile[0]: VISIBLE sig=2130838329 type=0
D/MSimSignalClusterView( 3026): wifi: VISIBLE sig=2130838352 act=2130838344
D/MSimSignalClusterView( 3026): mobile[1]: VISIBLE sig=2130838329 type=0
D/MSimSignalClusterView( 3026): wifi: VISIBLE sig=2130838352 act=2130838344
D/MSimSignalClusterView( 3026): mobile[0]: VISIBLE sig=2130838329 type=0
D/MSimSignalClusterView( 3026): wifi: VISIBLE sig=2130838352 act=2130838344
D/MSimSignalClusterView( 3026): mobile[0]: VISIBLE sig=2130838329 type=0
D/MSimSignalClusterView( 3026): wifi: VISIBLE sig=2130838352 act=2130838344
D/MSimSignalClusterView( 3026): mobile[0]: VISIBLE sig=2130838329 type=0
D/MSimSignalClusterView( 3026): wifi: VISIBLE sig=2130838352 act=2130838344
D/MSimSignalClusterView( 3026): mobile[1]: VISIBLE sig=2130838329 type=0
D/StatusBar.MSimNetworkController( 3026): refreshSignalCluster, mMSimPhoneSignalIconId[0]=com.android.systemui:drawable/stat_sys_signal_null mMSimDataSignalIconId[0]=com.android.systemui:drawable/stat_sys_signal_null mMSimDataTypeIconId[0]=(null) mMSimMobileActivityIconId[0]=(null) mNoMSimIconId[0]=com.android.systemui:drawable/ic_qs_no_sim
D/MSimSignalClusterView( 3026): wifi: VISIBLE sig=2130838352 act=2130838344
D/MSimSignalClusterView( 3026): mobile[0]: VISIBLE sig=2130838329 type=0
D/MSimSignalClusterView( 3026): wifi: VISIBLE sig=2130838352 act=2130838344
D/MSimSignalClusterView( 3026): mobile[1]: VISIBLE sig=2130838329 type=0
D/MSimSignalClusterView( 3026): wifi: VISIBLE sig=2130838352 act=2130838344
D/MSimSignalClusterView( 3026): mobile[0]: VISIBLE sig=2130838329 type=0
D/MSimSignalClusterView( 3026): wifi: VISIBLE sig=2130838352 act=2130838344
D/MSimSignalClusterView( 3026): mobile[0]: VISIBLE sig=2130838329 type=0
D/MSimSignalClusterView( 3026): wifi: VISIBLE sig=2130838352 act=2130838344
D/MSimSignalClusterView( 3026): mobile[0]: VISIBLE sig=2130838329 type=0
D/MSimSignalClusterView( 3026): wifi: VISIBLE sig=2130838352 act=2130838344
D/MSimSignalClusterView( 3026): mobile[1]: VISIBLE sig=2130838329 type=0
D/StatusBar.MSimNetworkController( 3026): refreshSignalCluster, mMSimPhoneSignalIconId[0]=com.android.systemui:drawable/stat_sys_signal_null mMSimDataSignalIconId[0]=com.android.systemui:drawable/stat_sys_signal_null mMSimDataTypeIconId[0]=(null) mMSimMobileActivityIconId[0]=(null) mNoMSimIconId[0]=com.android.systemui:drawable/ic_qs_no_sim
D/MSimSignalClusterView( 3026): wifi: VISIBLE sig=2130838352 act=2130838344
D/MSimSignalClusterView( 3026): mobile[0]: VISIBLE sig=2130838329 type=0
D/MSimSignalClusterView( 3026): wifi: VISIBLE sig=2130838352 act=2130838344
D/MSimSignalClusterView( 3026): mobile[1]: VISIBLE sig=2130838329 type=0
D/MSimSignalClusterView( 3026): wifi: VISIBLE sig=2130838352 act=2130838344
D/MSimSignalClusterView( 3026): mobile[0]: VISIBLE sig=2130838329 type=0
D/MSimSignalClusterView( 3026): wifi: VISIBLE sig=2130838352 act=2130838344
D/MSimSignalClusterView( 3026): mobile[0]: VISIBLE sig=2130838329 type=0
D/MSimSignalClusterView( 3026): wifi: VISIBLE sig=2130838352 act=2130838344
D/MSimSignalClusterView( 3026): mobile[0]: VISIBLE sig=2130838329 type=0
D/MSimSignalClusterView( 3026): wifi: VISIBLE sig=2130838352 act=2130838344
D/MSimSignalClusterView( 3026): mobile[1]: VISIBLE sig=2130838329 type=0
D/StatusBar.MSimNetworkController( 3026): refreshSignalCluster, mMSimPhoneSignalIconId[0]=com.android.systemui:drawable/stat_sys_signal_null mMSimDataSignalIconId[0]=com.android.systemui:drawable/stat_sys_signal_null mMSimDataTypeIconId[0]=(null) mMSimMobileActivityIconId[0]=(null) mNoMSimIconId[0]=com.android.systemui:drawable/ic_qs_no_sim
D/wpa_supplicant( 7163): wlan0: Control interface command 'SIGNAL_POLL'
V/WLAN_PSA(  312): NL MSG, len[4019], NL type[0x1C] WNI type[0x5900] len[39695]
V/WLAN_PSA(  312): NL MSG, PID: 312
D/BatteryMeterView( 3026): onDraw level = 92
D/telpo_native(  751): usb_printer_write data start!
D/telpo_native(  751): usb_printer_write start!
E/telpo_native(  751): ret = 25
D/telpo_native(  751): handle_emv_serial_read_write_cmd: usb write length = 25
E/telpo_native(  751): serial_read:start read
E/telpo_native(  751): serial_read:serial_read read_size = 0
D/telpo_native(  751): handle_emv_serial_read_write_cmd: usb_printer_read length = 20
I/telpo_native(  751): 0b
I/telpo_native(  751): b0
I/telpo_native(  751): 96
I/telpo_native(  751): 69
I/telpo_native(  751): 04
I/telpo_native(  751): 00
I/telpo_native(  751): 00
I/telpo_native(  751): 00
I/telpo_native(  751): 99
I/telpo_native(  751): 00
I/telpo_native(  751): 04
I/telpo_native(  751): 01
I/telpo_native(  751): 00
I/telpo_native(  751): 00
I/telpo_native(  751): 00
I/telpo_native(  751): 00
I/telpo_native(  751): 00
I/telpo_native(  751): 00
I/telpo_native(  751): 00
I/telpo_native(  751): 00
I/telpo_native(  751): 
D/telpo_native(  751): handle_emv_serial_read_write_cmd: parse successfully!
I/telpo_native(  751): handle_emv_serial_read_write_cmd: receive data length is 20
I/telpo_native(  751): 0b
I/telpo_native(  751): b0
I/telpo_native(  751): 96
I/telpo_native(  751): 69
I/telpo_native(  751): 04
I/telpo_native(  751): 00
I/telpo_native(  751): 00
I/telpo_native(  751): 00
I/telpo_native(  751): 99
I/telpo_native(  751): 00
I/telpo_native(  751): 04
I/telpo_native(  751): 01
I/telpo_native(  751): 00
I/telpo_native(  751): 00
I/telpo_native(  751): 00
I/telpo_native(  751): 00
I/telpo_native(  751): 00
I/telpo_native(  751): 00
I/telpo_native(  751): 00
I/telpo_native(  751): 00
I/telpo_native(  751): 
D/telpo_native( 6458): CallIntMethod return ret = 0 length = 20
D/BatteryMeterView( 3026): onDraw level = 100
I/SurfaceFlinger(  260): FPS: 4
D/telpo_native(  751): usb_printer_write data start!
D/telpo_native(  751): usb_printer_write start!
E/telpo_native(  751): ret = 25
D/telpo_native(  751): handle_emv_serial_read_write_cmd: usb write length = 25
E/telpo_native(  751): Cannot find response header
D/telpo_native(  751): handle_emv_serial_read_write_cmd: not enough data receive,continue
E/telpo_native(  751): serial_read:start read
E/telpo_native(  751): serial_read:serial_read read_size = 0
D/telpo_native(  751): handle_emv_serial_read_write_cmd: usb_printer_read length = 20
I/telpo_native(  751): 0b
I/telpo_native(  751): b0
I/telpo_native(  751): 96
I/telpo_native(  751): 69
I/telpo_native(  751): 04
I/telpo_native(  751): 00
I/telpo_native(  751): 00
I/telpo_native(  751): 00
I/telpo_native(  751): 9a
I/telpo_native(  751): 00
I/telpo_native(  751): 04
I/telpo_native(  751): 01
I/telpo_native(  751): 00
I/telpo_native(  751): 00
I/telpo_native(  751): 00
I/telpo_native(  751): 00
I/telpo_native(  751): 00
I/telpo_native(  751): 00
I/telpo_native(  751): 00
I/telpo_native(  751): 00
I/telpo_native(  751): 
D/telpo_native(  751): handle_emv_serial_read_write_cmd: parse successfully!
I/telpo_native(  751): handle_emv_serial_read_write_cmd: receive data length is 20
I/telpo_native(  751): 0b
I/telpo_native(  751): b0
I/telpo_native(  751): 96
I/telpo_native(  751): 69
I/telpo_native(  751): 04
I/telpo_native(  751): 00
I/telpo_native(  751): 00
I/telpo_native(  751): 00
I/telpo_native(  751): 9a
I/telpo_native(  751): 00
I/telpo_native(  751): 04
I/telpo_native(  751): 01
I/telpo_native(  751): 00
I/telpo_native(  751): 00
I/telpo_native(  751): 00
I/telpo_native(  751): 00
I/telpo_native(  751): 00
I/telpo_native(  751): 00
I/telpo_native(  751): 00
I/telpo_native(  751): 00
I/telpo_native(  751): 
D/telpo_native( 6458): CallIntMethod return ret = 0 length = 20
D/StatusBar.MSimNetworkController( 3026): refreshViews phoneId =0mMSimDataConnected =false
D/StatusBar.MSimNetworkController( 3026): refreshViews mMSimDataActivity =0
D/StatusBar.MSimNetworkController( 3026): refreshViews: Data not connected!! Set no data type icon / Roaming for phoneId: 0
D/StatusBar.MSimNetworkController( 3026): refreshViews connected={ wifi } level=0 mMSimcombinedSignalIconId=0x7f020350/com.android.systemui:drawable/stat_sys_wifi_signal_3_fully mMSimcombinedActivityIconId=0x7f020347 mAirplaneMode=false mMSimDataActivity=0 mMSimPhoneSignalIconId=0x7f020339/com.android.systemui:drawable/stat_sys_signal_null mMSimDataDirectionIconId=0x0 mMSimDataSignalIconId=0x7f020339 mMSimDataTypeIconId=0x0/(null) mNoMSimIconId=0x7f02009a/com.android.systemui:drawable/ic_qs_no_sim mMSimMobileActivityIconId=0x0/(null) mWifiIconId=0x7f020350 mBluetoothTetherIconId=0x10806a2
D/MSimSignalClusterView( 3026): wifi: VISIBLE sig=2130838352 act=2130838343
D/MSimSignalClusterView( 3026): mobile[0]: VISIBLE sig=2130838329 type=0
D/MSimSignalClusterView( 3026): wifi: VISIBLE sig=2130838352 act=2130838343
D/MSimSignalClusterView( 3026): mobile[1]: VISIBLE sig=2130838329 type=0
D/MSimSignalClusterView( 3026): wifi: VISIBLE sig=2130838352 act=2130838343
D/MSimSignalClusterView( 3026): mobile[0]: VISIBLE sig=2130838329 type=0
D/MSimSignalClusterView( 3026): wifi: VISIBLE sig=2130838352 act=2130838343
D/MSimSignalClusterView( 3026): mobile[0]: VISIBLE sig=2130838329 type=0
D/MSimSignalClusterView( 3026): wifi: VISIBLE sig=2130838352 act=2130838343
D/MSimSignalClusterView( 3026): mobile[0]: VISIBLE sig=2130838329 type=0
D/MSimSignalClusterView( 3026): wifi: VISIBLE sig=2130838352 act=2130838343
D/MSimSignalClusterView( 3026): mobile[1]: VISIBLE sig=2130838329 type=0
D/StatusBar.MSimNetworkController( 3026): refreshSignalCluster, mMSimPhoneSignalIconId[0]=com.android.systemui:drawable/stat_sys_signal_null mMSimDataSignalIconId[0]=com.android.systemui:drawable/stat_sys_signal_null mMSimDataTypeIconId[0]=(null) mMSimMobileActivityIconId[0]=(null) mNoMSimIconId[0]=com.android.systemui:drawable/ic_qs_no_sim
D/MSimSignalClusterView( 3026): wifi: VISIBLE sig=2130838352 act=2130838343
D/MSimSignalClusterView( 3026): mobile[0]: VISIBLE sig=2130838329 type=0
D/MSimSignalClusterView( 3026): wifi: VISIBLE sig=2130838352 act=2130838343
D/MSimSignalClusterView( 3026): mobile[1]: VISIBLE sig=2130838329 type=0
D/MSimSignalClusterView( 3026): wifi: VISIBLE sig=2130838352 act=2130838343
D/MSimSignalClusterView( 3026): mobile[0]: VISIBLE sig=2130838329 type=0
D/MSimSignalClusterView( 3026): wifi: VISIBLE sig=2130838352 act=2130838343
D/MSimSignalClusterView( 3026): mobile[0]: VISIBLE sig=2130838329 type=0
D/MSimSignalClusterView( 3026): wifi: VISIBLE sig=2130838352 act=2130838343
D/MSimSignalClusterView( 3026): mobile[0]: VISIBLE sig=2130838329 type=0
D/MSimSignalClusterView( 3026): wifi: VISIBLE sig=2130838352 act=2130838343
D/MSimSignalClusterView( 3026): mobile[1]: VISIBLE sig=2130838329 type=0
D/StatusBar.MSimNetworkController( 3026): refreshSignalCluster, mMSimPhoneSignalIconId[0]=com.android.systemui:drawable/stat_sys_signal_null mMSimDataSignalIconId[0]=com.android.systemui:drawable/stat_sys_signal_null mMSimDataTypeIconId[0]=(null) mMSimMobileActivityIconId[0]=(null) mNoMSimIconId[0]=com.android.systemui:drawable/ic_qs_no_sim
D/MSimSignalClusterView( 3026): wifi: VISIBLE sig=2130838352 act=2130838343
D/MSimSignalClusterView( 3026): mobile[0]: VISIBLE sig=2130838329 type=0
D/MSimSignalClusterView( 3026): wifi: VISIBLE sig=2130838352 act=2130838343
D/MSimSignalClusterView( 3026): mobile[1]: VISIBLE sig=2130838329 type=0
D/MSimSignalClusterView( 3026): wifi: VISIBLE sig=2130838352 act=2130838343
D/MSimSignalClusterView( 3026): mobile[0]: VISIBLE sig=2130838329 type=0
D/MSimSignalClusterView( 3026): wifi: VISIBLE sig=2130838352 act=2130838343
D/MSimSignalClusterView( 3026): mobile[0]: VISIBLE sig=2130838329 type=0
D/MSimSignalClusterView( 3026): wifi: VISIBLE sig=2130838352 act=2130838343
D/MSimSignalClusterView( 3026): mobile[0]: VISIBLE sig=2130838329 type=0
D/MSimSignalClusterView( 3026): wifi: VISIBLE sig=2130838352 act=2130838343
D/MSimSignalClusterView( 3026): mobile[1]: VISIBLE sig=2130838329 type=0
D/StatusBar.MSimNetworkController( 3026): refreshSignalCluster, mMSimPhoneSignalIconId[0]=com.android.systemui:drawable/stat_sys_signal_null mMSimDataSignalIconId[0]=com.android.systemui:drawable/stat_sys_signal_null mMSimDataTypeIconId[0]=(null) mMSimMobileActivityIconId[0]=(null) mNoMSimIconId[0]=com.android.systemui:drawable/ic_qs_no_sim
D/MSimSignalClusterView( 3026): wifi: VISIBLE sig=2130838352 act=2130838343
D/MSimSignalClusterView( 3026): mobile[0]: VISIBLE sig=2130838329 type=0
D/MSimSignalClusterView( 3026): wifi: VISIBLE sig=2130838352 act=2130838343
D/MSimSignalClusterView( 3026): mobile[1]: VISIBLE sig=2130838329 type=0
D/MSimSignalClusterView( 3026): wifi: VISIBLE sig=2130838352 act=2130838343
D/MSimSignalClusterView( 3026): mobile[0]: VISIBLE sig=2130838329 type=0
D/MSimSignalClusterView( 3026): wifi: VISIBLE sig=2130838352 act=2130838343
D/MSimSignalClusterView( 3026): mobile[0]: VISIBLE sig=2130838329 type=0
D/MSimSignalClusterView( 3026): wifi: VISIBLE sig=2130838352 act=2130838343
D/MSimSignalClusterView( 3026): mobile[0]: VISIBLE sig=2130838329 type=0
