06-11 17:02:50.011 W/Finsky  ( 3776): [106] com.google.android.finsky.application.FinskyAppImpl.af(1062): No account configured on this device.
06-11 17:02:50.014 E/Ads     ( 4664): Error while retrieving parental controls.
06-11 17:02:50.014 E/Ads     ( 4664): java.lang.NullPointerException: Attempt to read from field 'java.lang.String android.accounts.Account.type' on a null object reference
06-11 17:02:50.014 E/Ads     ( 4664): 	at android.os.Parcel.readException(Parcel.java:1552)
06-11 17:02:50.014 E/Ads     ( 4664): 	at android.os.Parcel.readException(Parcel.java:1499)
06-11 17:02:50.014 E/Ads     ( 4664): 	at bbu.a(:com.google.android.gms:139)
06-11 17:02:50.014 E/Ads     ( 4664): 	at com.google.android.gms.ads.play.c.onServiceConnected(:com.google.android.gms:175)
06-11 17:02:50.014 E/Ads     ( 4664): 	at android.app.LoadedApk$ServiceDispatcher.doConnected(LoadedApk.java:1208)
06-11 17:02:50.014 E/Ads     ( 4664): 	at android.app.LoadedApk$ServiceDispatcher$RunConnection.run(LoadedApk.java:1225)
06-11 17:02:50.014 E/Ads     ( 4664): 	at android.os.Handler.handleCallback(Handler.java:739)
06-11 17:02:50.014 E/Ads     ( 4664): 	at android.os.Handler.dispatchMessage(Handler.java:95)
06-11 17:02:50.014 E/Ads     ( 4664): 	at android.os.Looper.loop(Looper.java:135)
06-11 17:02:50.014 E/Ads     ( 4664): 	at android.app.ActivityThread.main(ActivityThread.java:5254)
06-11 17:02:50.014 E/Ads     ( 4664): 	at java.lang.reflect.Method.invoke(Native Method)
06-11 17:02:50.014 E/Ads     ( 4664): 	at java.lang.reflect.Method.invoke(Method.java:372)
06-11 17:02:50.014 E/Ads     ( 4664): 	at com.android.internal.os.ZygoteInit$MethodAndArgsCaller.run(ZygoteInit.java:925)
06-11 17:02:50.014 E/Ads     ( 4664): 	at com.android.internal.os.ZygoteInit.main(ZygoteInit.java:720)
06-11 17:02:50.088 I/CheckinUtil( 4664): Classify the device as Phone.
06-11 17:02:50.102 D/BatteryMeterView( 2887): onDraw level = 22
06-11 17:02:50.109 I/MS_RegisterService( 4664): Not registered and not registration not allowed. User override:false
06-11 17:02:50.124 I/SurfaceFlinger(  262): FPS: 22
06-11 17:02:50.186 D/audio_hw_primary(  288): out_standby: enter: stream (0xb8c93108) usecase(1: low-latency-playback)
06-11 17:02:50.200 I/CheckinTask( 4664): set cookie as: NID=204=zFBQlU2AVFuf9X8qVsdbqGKgUR4cWr4TBGBtV_5CPeWEtxFDYhIiGHfYhX1bD5OwczzcNL6ZaVDl7DSl86Pf6T5PmfpcUFgRO1Y4kdm25d9H3N8y2bVdhsUx2YaCq-9ZXwAAAqivkaZDXMub32ftkkNV0TgLh3R9znL3i3-R-y0
06-11 17:02:50.238 D/soundtrigger(  288): audio_extn_sound_trigger_update_stream_status: uc_id 1 of type 0 for Event 2, with Raise=0
06-11 17:02:50.238 D/hardware_info(  288): hw_info_append_hw_type : device_name = speaker
06-11 17:02:50.240 I/soundtrigger(  288): audio_extn_sound_trigger_update_device_status: device 0x2 of type 0 for Event 0, with Raise=0
06-11 17:02:50.304 I/CheckinUtil( 3256): Classify the device as Phone.
06-11 17:02:50.369 D/VM_BMS  (  435): wake_lock acquired
06-11 17:02:50.369 D/VM_BMS  (  435): New BMS data - Size=56
06-11 17:02:50.369 D/VM_BMS  (  435): Start process_bms_data
06-11 17:02:50.370 D/VM_BMS  (  435): Battery charge_cycle=0 fcc_adjust=0 rbatt_adjust=0 cycle_changed=false
06-11 17:02:50.371 D/VM_BMS  (  435): For batt_temp=255 fcc_mah=2200
06-11 17:02:50.372 D/VM_BMS  (  435): Lookup fcc_mah=2200.000000  adjusted fcc_mah=2200.000000
06-11 17:02:50.372 D/VM_BMS  (  435): For ocv=7038285 batt_temp=255 soc=100
06-11 17:02:50.372 D/VM_BMS  (  435): fifo_count=2 acc_count=0
06-11 17:02:50.372 D/VM_BMS  (  435): INIT: ocv=7038285 last_ocv=7038285 batt_temp=255 soc=100
06-11 17:02:50.372 D/VM_BMS  (  435): For soc=100 batt_temp=255 slope=2000
06-11 17:02:50.372 D/VM_BMS  (  435): For soc=100 batt_temp=255 rbatt_sf=100
06-11 17:02:50.372 D/VM_BMS  (  435): rbatt_mohm_default=72, rbatt_mohm=72, sf=100 batt_temp=255
06-11 17:02:50.372 D/VM_BMS  (  435): Lookup rbatt=72.000000  adjusted rbatt=72.000000
06-11 17:02:50.372 D/VM_BMS  (  435): For ocv=7032262 batt_temp=255 soc=100
06-11 17:02:50.372 D/VM_BMS  (  435): FIFO=0 fifo_avg=3.787698 rbatt=0.122000 slope=0.200000 ibatt=26.619469 ocv=7.032262 soc=100 fcc_ah=2.200000 sample_count=128 sample_interval=70 seq_num=0
06-11 17:02:50.372 D/VM_BMS  (  435): For soc=100 batt_temp=255 slope=2000
06-11 17:02:50.372 D/VM_BMS  (  435): For soc=100 batt_temp=255 rbatt_sf=100
06-11 17:02:50.372 D/VM_BMS  (  435): rbatt_mohm_default=72, rbatt_mohm=72, sf=100 batt_temp=255
06-11 17:02:50.372 D/VM_BMS  (  435): Lookup rbatt=72.000000  adjusted rbatt=72.000000
06-11 17:02:50.372 D/VM_BMS  (  435): For ocv=7026253 batt_temp=255 soc=100
06-11 17:02:50.372 D/VM_BMS  (  435): FIFO=1 fifo_avg=3.789742 rbatt=0.122000 slope=0.200000 ibatt=26.553408 ocv=7.026254 soc=100 fcc_ah=2.200000 sample_count=128 sample_interval=70 seq_num=0
06-11 17:02:50.428 I/GCore-Chimera-Crash( 4664): Cg8KCWNvbnRhaW5lchCq7T4=
06-11 17:02:50.428 I/GCore-Chimera-Crash( 4664): GCore-Chimera-Crash
06-11 17:02:50.438 I/VM_BMS  (  435): power_supply_update: ocv_uv=7026253 ibatt=26553408 soc=100 seq_num=0
06-11 17:02:50.438 D/VM_BMS  (  435): End process_bms_data
06-11 17:02:50.438 D/VM_BMS  (  435): wake_lock released
06-11 17:02:50.467 I/DeviceDrDatabaseHelper( 4664): Cleaning stale data from database!
06-11 17:02:50.558 D/BatteryMeterView( 2887): on charging...
06-11 17:02:50.559 D/BatteryMeterView( 2887): on charging...
06-11 17:02:50.559 D/BatteryMeterView( 2887): on charging...
06-11 17:02:50.569 D/BatteryMeterView( 2887): onDraw level = 32
06-11 17:02:50.590 D/BatteryMeterView( 2887): onDraw level = 42
06-11 17:02:50.607 I/art     ( 3256): Rejecting re-init on previously-failed class java.lang.Class<com.google.android.gms.org.conscrypt.NativeCrypto>
06-11 17:02:50.614 I/art     ( 3256): Rejecting re-init on previously-failed class java.lang.Class<com.google.android.gms.org.conscrypt.NativeCrypto>
06-11 17:02:50.618 D/NetworkMonitor/NetworkAgentInfo [WIFI () - 100](  768): ValidatedState{ when=0 what=532488 arg1=10005 target=com.android.internal.util.StateMachine$SmHandler }
06-11 17:02:50.618 D/NetworkMonitor/NetworkAgentInfo [WIFI () - 100](  768): DefaultState{ when=-1ms what=532488 arg1=10005 target=com.android.internal.util.StateMachine$SmHandler }
06-11 17:02:50.618 D/NetworkMonitor/NetworkAgentInfo [WIFI () - 100](  768): Forcing reevaluation
06-11 17:02:50.619 D/NetworkMonitor/NetworkAgentInfo [WIFI () - 100](  768): EvaluatingState{ when=0 what=532486 arg1=3 target=com.android.internal.util.StateMachine$SmHandler }
06-11 17:02:50.619 D/NetworkMonitor/NetworkAgentInfo [WIFI () - 100](  768): Validated
06-11 17:02:50.629 W/DeviceDoctorHandler( 4664): Crash Hash: c2bd1833ea997f647d150f0a1debab9e4bb96504
06-11 17:02:50.643 E/AndroidRuntime( 4664): FATAL EXCEPTION: Thread-228
06-11 17:02:50.643 E/AndroidRuntime( 4664): Process: com.google.android.gms, PID: 4664
06-11 17:02:50.643 E/AndroidRuntime( 4664): java.lang.RuntimeException: An error occured while executing doInBackground()
06-11 17:02:50.643 E/AndroidRuntime( 4664): 	at android.os.AsyncTask$3.done(AsyncTask.java:304)
06-11 17:02:50.643 E/AndroidRuntime( 4664): 	at java.util.concurrent.FutureTask.finishCompletion(FutureTask.java:355)
06-11 17:02:50.643 E/AndroidRuntime( 4664): 	at java.util.concurrent.FutureTask.setException(FutureTask.java:222)
06-11 17:02:50.643 E/AndroidRuntime( 4664): 	at java.util.concurrent.FutureTask.run(FutureTask.java:242)
06-11 17:02:50.643 E/AndroidRuntime( 4664): 	at java.lang.Thread.run(Thread.java:818)
06-11 17:02:50.643 E/AndroidRuntime( 4664): Caused by: java.lang.UnsatisfiedLinkError: dalvik.system.PathClassLoader[DexPathList[[zip file "/system/framework/com.android.location.provider.jar", zip file "/system/framework/com.android.media.remotedisplay.jar", zip file "/system/priv-app/GmsCore/GmsCore.apk"],nativeLibraryDirectories=[/vendor/lib, /system/lib]]] couldn't find "libgmscore.so"
06-11 17:02:50.643 E/AndroidRuntime( 4664): 	at java.lang.Runtime.loadLibrary(Runtime.java:366)
06-11 17:02:50.643 E/AndroidRuntime( 4664): 	at java.lang.System.loadLibrary(System.java:988)
06-11 17:02:50.643 E/AndroidRuntime( 4664): 	at com.google.android.gms.org.conscrypt.NativeCrypto.<clinit>(:com.google.android.gms:1026)
06-11 17:02:50.643 E/AndroidRuntime( 4664): 	at com.google.android.gms.org.conscrypt.OpenSSLContextImpl$TLSv12.<init>(:com.google.android.gms:152)
06-11 17:02:50.643 E/AndroidRuntime( 4664): 	at com.google.android.gms.org.conscrypt.OpenSSLContextImpl.getPreferred(:com.google.android.gms:55)
06-11 17:02:50.643 E/AndroidRuntime( 4664): 	at com.google.android.gms.common.net.SocketFactoryCreatorImpl.a(:com.google.android.gms:65)
06-11 17:02:50.643 E/AndroidRuntime( 4664): 	at com.google.android.gms.common.net.SocketFactoryCreatorImpl.newSocketFactory(:com.google.android.gms:32)
06-11 17:02:50.643 E/AndroidRuntime( 4664): 	at lff.a(:com.google.android.gms:24)
06-11 17:02:50.643 E/AndroidRuntime( 4664): 	at com.google.android.gms.common.net.SSLCertificateSocketFactory.getDelegate(:com.google.android.gms:242)
06-11 17:02:50.643 E/AndroidRuntime( 4664): 	at com.google.android.gms.common.net.SSLCertificateSocketFactory.createSocket(:com.google.android.gms:498)
06-11 17:02:50.643 E/AndroidRuntime( 4664): 	at com.android.okhttp.Connection.upgradeToTls(Connection.java:175)
06-11 17:02:50.643 E/AndroidRuntime( 4664): 	at com.android.okhttp.Connection.connect(Connection.java:155)
06-11 17:02:50.643 E/AndroidRuntime( 4664): 	at com.android.okhttp.internal.http.HttpEngine.connect(HttpEngine.java:276)
06-11 17:02:50.643 E/AndroidRuntime( 4664): 	at com.android.okhttp.internal.http.HttpEngine.sendRequest(HttpEngine.java:211)
06-11 17:02:50.643 E/AndroidRuntime( 4664): 	at com.android.okhttp.internal.http.HttpURLConnectionImpl.execute(HttpURLConnectionImpl.java:382)
06-11 17:02:50.643 E/AndroidRuntime( 4664): 	at com.android.okhttp.internal.http.HttpURLConnectionImpl.connect(HttpURLConnectionImpl.java:106)
06-11 17:02:50.643 E/AndroidRuntime( 4664): 	at com.android.okhttp.internal.http.HttpURLConnectionImpl.getOutputStream(HttpURLConnectionImpl.java:217)
06-11 17:02:50.643 E/AndroidRuntime( 4664): 	at com.android.okhttp.internal.http.DelegatingHttpsURLConnection.getOutputStream(DelegatingHttpsURLConnection.java:218)
06-11 17:02:50.643 E/AndroidRuntime( 4664): 	at com.android.okhttp.internal.http.HttpsURLConnectionImpl.getOutputStream(HttpsURLConnectionImpl.java:25)
06-11 17:02:50.643 E/AndroidRuntime( 4664): 	at jgf.a(:com.google.android.gms:677)
06-11 17:02:50.643 E/AndroidRuntime( 4664): 	at jgf.a(:com.google.android.gms:332)
06-11 17:02:50.643 E/AndroidRuntime( 4664): 	at jfw.a(:com.google.android.gms:1213)
06-11 17:02:50.643 E/AndroidRuntime( 4664): 	at jfw.doInBackground(:com.google.android.gms:1154)
06-11 17:02:50.643 E/AndroidRuntime( 4664): 	at android.os.AsyncTask$2.call(AsyncTask.java:292)
06-11 17:02:50.643 E/AndroidRuntime( 4664): 	at java.util.concurrent.FutureTask.run(FutureTask.java:237)
06-11 17:02:50.643 E/AndroidRuntime( 4664): 	... 1 more
06-11 17:02:50.647 I/Process ( 4664): Sending signal. PID: 4664 SIG: 9
06-11 17:02:50.676 E/lowmemorykiller(  259): Error writing /proc/4664/oom_score_adj; errno=22
06-11 17:02:50.712 E/AudioPolicyManager(  288): unknown stream type 13
06-11 17:02:50.712 E/AudioPolicyManager(  288): unknown stream type 13
06-11 17:02:50.712 E/AudioPolicyManager(  288): unknown stream type 13
06-11 17:02:50.713 E/AudioPolicyManager(  288): unknown stream type 13
06-11 17:02:50.713 E/AudioPolicyManager(  288): unknown stream type 13
06-11 17:02:50.713 E/AudioPolicyManager(  288): unknown stream type 13
06-11 17:02:50.713 E/AudioPolicyManager(  288): unknown stream type 13
06-11 17:02:50.713 E/AudioPolicyManager(  288): unknown stream type 13
06-11 17:02:50.713 E/AudioPolicyManager(  288): unknown stream type 13
06-11 17:02:50.718 I/art     ( 3256): Rejecting re-init on previously-failed class java.lang.Class<com.google.android.gms.org.conscrypt.NativeCrypto>
06-11 17:02:50.722 D/audio_hw_primary(  288): start_output_stream: enter: stream(0xb8c93108)usecase(1: low-latency-playback) devices(0x2)
06-11 17:02:50.722 D/audio_hw_primary(  288): select_devices: out_snd_device(2: speaker) in_snd_device(0: )
06-11 17:02:50.722 D/hardware_info(  288): hw_info_append_hw_type : device_name = speaker
06-11 17:02:50.722 I/soundtrigger(  288): audio_extn_sound_trigger_update_device_status: device 0x2 of type 0 for Event 1, with Raise=0
06-11 17:02:50.725 W/audio_hw_utils(  288): audio_extn_utils_update_stream_app_type_cfg: App type could not be selected. Falling back to default
06-11 17:02:50.725 I/audio_hw_primary(  288): select_devices Selected apptype: 69936
06-11 17:02:50.725 D/soundtrigger(  288): audio_extn_sound_trigger_update_stream_status: uc_id 1 of type 0 for Event 3, with Raise=0
06-11 17:02:50.725 D/ACDB-LOADER(  288): ACDB -> send_audio_cal, acdb_id = 14, path =  0
06-11 17:02:50.725 D/ACDB-LOADER(  288): ACDB -> send_asm_topology
06-11 17:02:50.725 D/ACDB-LOADER(  288): ACDB -> ACDB_CMD_GET_AUDPROC_STREAM_TOPOLOGY_ID
06-11 17:02:50.725 D/ACDB-LOADER(  288): ACDB -> send_adm_topology
06-11 17:02:50.725 D/ACDB-LOADER(  288): ACDB -> ACDB_CMD_GET_AUDPROC_COMMON_TOPOLOGY_ID
06-11 17:02:50.725 D/ACDB-LOADER(  288): ACDB -> send_audtable
06-11 17:02:50.725 D/ACDB-LOADER(  288): ACDB -> ACDB_CMD_GET_AUDPROC_COMMON_TABLE
06-11 17:02:50.725 D/ACDB-LOADER(  288): ACDB -> AUDIO_SET_AUDPROC_CAL
06-11 17:02:50.725 D/ACDB-LOADER(  288): ACDB -> send_audvoltable
06-11 17:02:50.725 D/ACDB-LOADER(  288): ACDB -> ACDB_CMD_GET_AUDPROC_GAIN_DEP_STEP_TABLE
06-11 17:02:50.725 D/ACDB-LOADER(  288): ACDB -> AUDIO_SET_AUDPROC_VOL_CAL
06-11 17:02:50.725 D/ACDB-LOADER(  288): ACDB -> send_afe_cal
06-11 17:02:50.725 D/ACDB-LOADER(  288): ACDB -> ACDB_CMD_GET_AFE_COMMON_TABLE
06-11 17:02:50.725 D/ACDB-LOADER(  288): ACDB -> AUDIO_SET_AFE_CAL
06-11 17:02:50.725 D/ACDB-LOADER(  288): ACDB -> send_hw_delay : acdb_id = 14 path = 0
06-11 17:02:50.725 D/ACDB-LOADER(  288): ACDB -> ACDB_AVSYNC_INFO: ACDB_CMD_GET_DEVICE_PROPERTY
06-11 17:02:50.726 I/audio_hw_utils(  288): audio_extn_utils_send_app_type_cfg app_type 69936, acdb_dev_id 14, sample_rate 48000
06-11 17:02:50.726 D/audio_hw_primary(  288): select_devices: done
06-11 17:02:50.736 D/PermissionCache(  262): checking android.permission.READ_FRAME_BUFFER for uid=1000 => granted (247 us)
06-11 17:02:50.782 I/ViewRootImpl(  768): CPU Rendering VSync enable = true
06-11 17:02:50.840 I/Finsky  ( 3776): [1] com.google.android.finsky.utils.by.onTrimMemory(2): Memory trim requested to level 80
06-11 17:02:50.853 I/GCore-Chimera-Crash( 3256): Cg8KCWNvbnRhaW5lchCq7T4=
06-11 17:02:50.853 I/GCore-Chimera-Crash( 3256): GCore-Chimera-Crash
06-11 17:02:50.889 I/DeviceDrDatabaseHelper( 3256): Cleaning stale data from database!
06-11 17:02:50.889 E/AudioPolicyManager(  288): unknown stream type 13
06-11 17:02:50.889 E/AudioPolicyManager(  288): unknown stream type 13
06-11 17:02:50.889 E/AudioPolicyManager(  288): unknown stream type 13
06-11 17:02:50.889 E/AudioPolicyManager(  288): unknown stream type 13
06-11 17:02:50.889 E/AudioPolicyManager(  288): unknown stream type 13
06-11 17:02:50.889 E/AudioPolicyManager(  288): unknown stream type 13
06-11 17:02:50.889 E/AudioPolicyManager(  288): unknown stream type 13
06-11 17:02:50.889 E/AudioPolicyManager(  288): unknown stream type 13
06-11 17:02:50.889 E/AudioPolicyManager(  288): unknown stream type 13
06-11 17:02:50.889 E/AudioPolicyManager(  288): unknown stream type 13
06-11 17:02:50.889 E/AudioPolicyManager(  288): unknown stream type 13
06-11 17:02:50.889 E/AudioPolicyManager(  288): unknown stream type 13
06-11 17:02:50.889 E/AudioPolicyManager(  288): unknown stream type 13
06-11 17:02:50.889 E/AudioPolicyManager(  288): unknown stream type 13
06-11 17:02:50.889 E/AudioPolicyManager(  288): unknown stream type 13
06-11 17:02:50.889 E/AudioPolicyManager(  288): unknown stream type 13
06-11 17:02:50.889 E/AudioPolicyManager(  288): unknown stream type 13
06-11 17:02:50.940 W/DeviceDoctorHandler( 3256): Crash Hash: 6fdff2e05012cc40cdde6e1476f792a50c2768ff
06-11 17:02:50.950 E/AndroidRuntime( 3256): FATAL EXCEPTION: Thread-252
06-11 17:02:50.950 E/AndroidRuntime( 3256): Process: com.google.android.gms.persistent, PID: 3256
06-11 17:02:50.950 E/AndroidRuntime( 3256): java.lang.UnsatisfiedLinkError: com.google.android.gms.org.conscrypt.NativeCrypto
06-11 17:02:50.950 E/AndroidRuntime( 3256): 	at com.google.android.gms.org.conscrypt.OpenSSLContextImpl$TLSv12.<init>(:com.google.android.gms:152)
06-11 17:02:50.950 E/AndroidRuntime( 3256): 	at com.google.android.gms.org.conscrypt.OpenSSLContextImpl.getPreferred(:com.google.android.gms:55)
06-11 17:02:50.950 E/AndroidRuntime( 3256): 	at com.google.android.gms.common.net.SocketFactoryCreatorImpl.a(:com.google.android.gms:65)
06-11 17:02:50.950 E/AndroidRuntime( 3256): 	at com.google.android.gms.common.net.SocketFactoryCreatorImpl.newSocketFactory(:com.google.android.gms:32)
06-11 17:02:50.950 E/AndroidRuntime( 3256): 	at lff.a(:com.google.android.gms:24)
06-11 17:02:50.950 E/AndroidRuntime( 3256): 	at com.google.android.gms.common.net.SSLCertificateSocketFactory.getDelegate(:com.google.android.gms:242)
06-11 17:02:50.950 E/AndroidRuntime( 3256): 	at com.google.android.gms.common.net.SSLCertificateSocketFactory.createSocket(:com.google.android.gms:498)
06-11 17:02:50.950 E/AndroidRuntime( 3256): 	at com.android.okhttp.Connection.upgradeToTls(Connection.java:175)
06-11 17:02:50.950 E/AndroidRuntime( 3256): 	at com.android.okhttp.Connection.connect(Connection.java:155)
06-11 17:02:50.950 E/AndroidRuntime( 3256): 	at com.android.okhttp.internal.http.HttpEngine.connect(HttpEngine.java:276)
06-11 17:02:50.950 E/AndroidRuntime( 3256): 	at com.android.okhttp.internal.http.HttpEngine.sendRequest(HttpEngine.java:211)
06-11 17:02:50.950 E/AndroidRuntime( 3256): 	at com.android.okhttp.internal.http.HttpURLConnectionImpl.execute(HttpURLConnectionImpl.java:382)
06-11 17:02:50.950 E/AndroidRuntime( 3256): 	at com.android.okhttp.internal.http.HttpURLConnectionImpl.connect(HttpURLConnectionImpl.java:106)
06-11 17:02:50.950 E/AndroidRuntime( 3256): 	at com.android.okhttp.internal.http.HttpURLConnectionImpl.getOutputStream(HttpURLConnectionImpl.java:217)
06-11 17:02:50.950 E/AndroidRuntime( 3256): 	at com.android.okhttp.internal.http.DelegatingHttpsURLConnection.getOutputStream(DelegatingHttpsURLConnection.java:218)
06-11 17:02:50.950 E/AndroidRuntime( 3256): 	at com.android.okhttp.internal.http.HttpsURLConnectionImpl.getOutputStream(HttpsURLConnectionImpl.java:25)
06-11 17:02:50.950 E/AndroidRuntime( 3256): 	at lty.a(:com.google.android.gms:154)
06-11 17:02:50.950 E/AndroidRuntime( 3256): 	at lty.a(:com.google.android.gms:113)
06-11 17:02:50.950 E/AndroidRuntime( 3256): 	at lty.run(:com.google.android.gms:91)
06-11 17:02:50.950 E/AndroidRuntime( 3256): 	at java.lang.Thread.run(Thread.java:818)
06-11 17:02:51.095 D/GpsStatusListenerHelper(  768): Remote Listener died: android.location.IGpsStatusListener$Stub$Proxy@7c658cd
06-11 17:02:51.104 D/BatteryMeterView( 2887): onDraw level = 52
06-11 17:02:51.139 I/SurfaceFlinger(  262): FPS: 26
06-11 17:02:51.231 E/configtext----( 4084): configtextpath:/storage/emulated/0/config.txt
06-11 17:02:51.233 E/config----( 4084): config.txt,:http://api.telpotms.com
06-11 17:02:51.233 E/config----( 4084): baseurl:http://api.telpotms.com
06-11 17:02:51.233 E/AppReceiver( 4084): set EN http://api.telpotms.com
06-11 17:02:51.233 E/UPGRADE_LIST_URL-----( 4084): http://api.telpotms.com/apps/get_upgrade_list
06-11 17:02:51.233 E/AppReceiver( 4084): token available
06-11 17:02:51.237 E/NlpProxy(  768): Service Primary Disconnected
06-11 17:02:51.238 W/NlpProxy(  768): Remote Service GNP will be reconnected
06-11 17:02:51.338 W/NlpProxy(  768): Reconnect GNP retry #1
06-11 17:02:51.346 I/IndexDatabaseHelper( 4855): Using schema version: 115
06-11 17:02:51.362 I/IndexDatabaseHelper( 4855): Index is fine
06-11 17:02:51.374 W/art     ( 4877): Suspending all threads took: 6.209ms
06-11 17:02:51.375 D/Index   ( 4855): Locale 'en_US' is already indexed
06-11 17:02:51.396 I/LoadedApk( 4877): No resource references to update in package FFFFFFFFFFFFFFFFFFFFFF
06-11 17:02:51.426 I/Lte4GEnabler( 4855): get preferred network type=22
06-11 17:02:51.434 W/Settings( 4855): Setting airplane_mode_on has moved from android.provider.Settings.System to android.provider.Settings.Global, returning read-only value.
06-11 17:02:51.471 I/ViewRootImpl( 4855): CPU Rendering VSync enable = true
06-11 17:02:51.476 D/OpenGLRenderer( 4855): Use EGL_SWAP_BEHAVIOR_PRESERVED: true
06-11 17:02:51.484 E/NativeLibraryUtils( 4877): Unable to locate gmscore in dalvik.system.PathClassLoader[DexPathList[[zip file "/system/framework/com.android.location.provider.jar", zip file "/system/framework/com.android.media.remotedisplay.jar", zip file "/system/priv-app/GmsCore/GmsCore.apk"],nativeLibraryDirectories=[/vendor/lib, /system/lib]]]
06-11 17:02:51.484 E/NativeLibraryUtils( 4877): java.lang.UnsatisfiedLinkError: dalvik.system.PathClassLoader[DexPathList[[zip file "/system/framework/com.android.location.provider.jar", zip file "/system/framework/com.android.media.remotedisplay.jar", zip file "/system/priv-app/GmsCore/GmsCore.apk"],nativeLibraryDirectories=[/vendor/lib, /system/lib]]] couldn't find "libgmscore.so"
06-11 17:02:51.484 E/NativeLibraryUtils( 4877): 	at java.lang.Runtime.loadLibrary(Runtime.java:366)
06-11 17:02:51.484 E/NativeLibraryUtils( 4877): 	at java.lang.System.loadLibrary(System.java:988)
06-11 17:02:51.484 E/NativeLibraryUtils( 4877): 	at lpm.b(:com.google.android.gms:882)
06-11 17:02:51.484 E/NativeLibraryUtils( 4877): 	at com.google.android.gms.common.security.ProviderInstallerImpl.a(:com.google.android.gms:210)
06-11 17:02:51.484 E/NativeLibraryUtils( 4877): 	at com.google.android.gms.common.security.ProviderInstallerImpl.insertProvider(:com.google.android.gms:1178)
06-11 17:02:51.484 E/NativeLibraryUtils( 4877): 	at com.google.android.gms.common.security.ProviderInstallerImpl.insertProviderGated(:com.google.android.gms:109)
06-11 17:02:51.484 E/NativeLibraryUtils( 4877): 	at com.google.android.gms.common.app.GmsApplication.onCreate(:com.google.android.gms:186)
06-11 17:02:51.484 E/NativeLibraryUtils( 4877): 	at android.app.Instrumentation.callApplicationOnCreate(Instrumentation.java:1012)
06-11 17:02:51.484 E/NativeLibraryUtils( 4877): 	at android.app.ActivityThread.handleBindApplication(ActivityThread.java:4553)
06-11 17:02:51.484 E/NativeLibraryUtils( 4877): 	at android.app.ActivityThread.access$1500(ActivityThread.java:151)
06-11 17:02:51.484 E/NativeLibraryUtils( 4877): 	at android.app.ActivityThread$H.handleMessage(ActivityThread.java:1364)
06-11 17:02:51.484 E/NativeLibraryUtils( 4877): 	at android.os.Handler.dispatchMessage(Handler.java:102)
06-11 17:02:51.484 E/NativeLibraryUtils( 4877): 	at android.os.Looper.loop(Looper.java:135)
06-11 17:02:51.484 E/NativeLibraryUtils( 4877): 	at android.app.ActivityThread.main(ActivityThread.java:5254)
06-11 17:02:51.484 E/NativeLibraryUtils( 4877): 	at java.lang.reflect.Method.invoke(Native Method)
06-11 17:02:51.484 E/NativeLibraryUtils( 4877): 	at java.lang.reflect.Method.invoke(Method.java:372)
06-11 17:02:51.484 E/NativeLibraryUtils( 4877): 	at com.android.internal.os.ZygoteInit$MethodAndArgsCaller.run(ZygoteInit.java:925)
06-11 17:02:51.484 E/NativeLibraryUtils( 4877): 	at com.android.internal.os.ZygoteInit.main(ZygoteInit.java:720)
06-11 17:02:51.486 D/Atlas   ( 4855): Validating map...
06-11 17:02:51.492 W/GmsApplication( 4877): Unable to install secure provider, due to exception:
06-11 17:02:51.492 W/GmsApplication( 4877): java.lang.SecurityException
06-11 17:02:51.492 W/GmsApplication( 4877): 	at com.google.android.gms.common.security.ProviderInstallerImpl.a(:com.google.android.gms:211)
06-11 17:02:51.492 W/GmsApplication( 4877): 	at com.google.android.gms.common.security.ProviderInstallerImpl.insertProvider(:com.google.android.gms:1178)
06-11 17:02:51.492 W/GmsApplication( 4877): 	at com.google.android.gms.common.security.ProviderInstallerImpl.insertProviderGated(:com.google.android.gms:109)
06-11 17:02:51.492 W/GmsApplication( 4877): 	at com.google.android.gms.common.app.GmsApplication.onCreate(:com.google.android.gms:186)
06-11 17:02:51.492 W/GmsApplication( 4877): 	at android.app.Instrumentation.callApplicationOnCreate(Instrumentation.java:1012)
06-11 17:02:51.492 W/GmsApplication( 4877): 	at android.app.ActivityThread.handleBindApplication(ActivityThread.java:4553)
06-11 17:02:51.492 W/GmsApplication( 4877): 	at android.app.ActivityThread.access$1500(ActivityThread.java:151)
06-11 17:02:51.492 W/GmsApplication( 4877): 	at android.app.ActivityThread$H.handleMessage(ActivityThread.java:1364)
06-11 17:02:51.492 W/GmsApplication( 4877): 	at android.os.Handler.dispatchMessage(Handler.java:102)
06-11 17:02:51.492 W/GmsApplication( 4877): 	at android.os.Looper.loop(Looper.java:135)
06-11 17:02:51.492 W/GmsApplication( 4877): 	at android.app.ActivityThread.main(ActivityThread.java:5254)
06-11 17:02:51.492 W/GmsApplication( 4877): 	at java.lang.reflect.Method.invoke(Native Method)
06-11 17:02:51.492 W/GmsApplication( 4877): 	at java.lang.reflect.Method.invoke(Method.java:372)
06-11 17:02:51.492 W/GmsApplication( 4877): 	at com.android.internal.os.ZygoteInit$MethodAndArgsCaller.run(ZygoteInit.java:925)
06-11 17:02:51.492 W/GmsApplication( 4877): 	at com.android.internal.os.ZygoteInit.main(ZygoteInit.java:720)
06-11 17:02:51.580 I/Adreno-EGL( 4855): <qeglDrvAPI_eglInitialize:379>: EGL 1.4 QUALCOMM build: AU_LINUX_ANDROID_LA.BR.1.2.3_RB1.05.01.00.036.053_msm8909_LA.BR.1.2.3_RB1__release_AU (Ibddc658e36)
06-11 17:02:51.580 I/Adreno-EGL( 4855): OpenGL ES Shader Compiler Version: E031.25.03.04
06-11 17:02:51.580 I/Adreno-EGL( 4855): Build Date: 09/21/15 Mon
06-11 17:02:51.580 I/Adreno-EGL( 4855): Local Branch: mybranch14356399
06-11 17:02:51.580 I/Adreno-EGL( 4855): Remote Branch: quic/LA.BR.1.2.3_rb1.81
06-11 17:02:51.580 I/Adreno-EGL( 4855): Local Patches: NONE
06-11 17:02:51.580 I/Adreno-EGL( 4855): Reconstruct Branch: AU_LINUX_ANDROID_LA.BR.1.2.3_RB1.05.01.00.036.053 + 7c4888a + 22ca218 + 855d166 + 95575a0 + 4193eef + 64d916f + 88f4cbe + c272012 + 046ce63 + 9b2bddc + d5b5339 + a2bdc2f +  NOTHING
06-11 17:02:51.582 I/OpenGLRenderer( 4855): Initialized EGL, version 1.4
06-11 17:02:51.588 E/NativeLibraryUtils( 4877): Unable to locate gmscore in dalvik.system.PathClassLoader[DexPathList[[zip file "/system/framework/com.android.location.provider.jar", zip file "/system/framework/com.android.media.remotedisplay.jar", zip file "/system/priv-app/GmsCore/GmsCore.apk"],nativeLibraryDirectories=[/vendor/lib, /system/lib]]]
06-11 17:02:51.588 E/NativeLibraryUtils( 4877): java.lang.UnsatisfiedLinkError: dalvik.system.PathClassLoader[DexPathList[[zip file "/system/framework/com.android.location.provider.jar", zip file "/system/framework/com.android.media.remotedisplay.jar", zip file "/system/priv-app/GmsCore/GmsCore.apk"],nativeLibraryDirectories=[/vendor/lib, /system/lib]]] couldn't find "libgmscore.so"
06-11 17:02:51.588 E/NativeLibraryUtils( 4877): 	at java.lang.Runtime.loadLibrary(Runtime.java:366)
06-11 17:02:51.588 E/NativeLibraryUtils( 4877): 	at java.lang.System.loadLibrary(System.java:988)
06-11 17:02:51.588 E/NativeLibraryUtils( 4877): 	at lpm.b(:com.google.android.gms:882)
06-11 17:02:51.588 E/NativeLibraryUtils( 4877): 	at com.google.android.gms.common.security.ProviderInstallerImpl.a(:com.google.android.gms:210)
06-11 17:02:51.588 E/NativeLibraryUtils( 4877): 	at com.google.android.gms.common.security.ProviderInstallerImpl.insertProvider(:com.google.android.gms:1178)
06-11 17:02:51.588 E/NativeLibraryUtils( 4877): 	at com.google.android.gms.common.security.ProviderInstallerImpl.insertProviderGated(:com.google.android.gms:109)
06-11 17:02:51.588 E/NativeLibraryUtils( 4877): 	at com.google.android.gms.common.app.GmsApplication.onCreate(:com.google.android.gms:195)
06-11 17:02:51.588 E/NativeLibraryUtils( 4877): 	at android.app.Instrumentation.callApplicationOnCreate(Instrumentation.java:1012)
06-11 17:02:51.588 E/NativeLibraryUtils( 4877): 	at android.app.ActivityThread.handleBindApplication(ActivityThread.java:4553)
06-11 17:02:51.588 E/NativeLibraryUtils( 4877): 	at android.app.ActivityThread.access$1500(ActivityThread.java:151)
06-11 17:02:51.588 E/NativeLibraryUtils( 4877): 	at android.app.ActivityThread$H.handleMessage(ActivityThread.java:1364)
06-11 17:02:51.588 E/NativeLibraryUtils( 4877): 	at android.os.Handler.dispatchMessage(Handler.java:102)
06-11 17:02:51.588 E/NativeLibraryUtils( 4877): 	at android.os.Looper.loop(Looper.java:135)
06-11 17:02:51.588 E/NativeLibraryUtils( 4877): 	at android.app.ActivityThread.main(ActivityThread.java:5254)
06-11 17:02:51.588 E/NativeLibraryUtils( 4877): 	at java.lang.reflect.Method.invoke(Native Method)
06-11 17:02:51.588 E/NativeLibraryUtils( 4877): 	at java.lang.reflect.Method.invoke(Method.java:372)
06-11 17:02:51.588 E/NativeLibraryUtils( 4877): 	at com.android.internal.os.ZygoteInit$MethodAndArgsCaller.run(ZygoteInit.java:925)
06-11 17:02:51.588 E/NativeLibraryUtils( 4877): 	at com.android.internal.os.ZygoteInit.main(ZygoteInit.java:720)
06-11 17:02:51.589 W/GmsApplication( 4877): Still unable to install secure provider, due to exception:
06-11 17:02:51.589 W/GmsApplication( 4877): java.lang.SecurityException
06-11 17:02:51.589 W/GmsApplication( 4877): 	at com.google.android.gms.common.security.ProviderInstallerImpl.a(:com.google.android.gms:211)
06-11 17:02:51.589 W/GmsApplication( 4877): 	at com.google.android.gms.common.security.ProviderInstallerImpl.insertProvider(:com.google.android.gms:1178)
06-11 17:02:51.589 W/GmsApplication( 4877): 	at com.google.android.gms.common.security.ProviderInstallerImpl.insertProviderGated(:com.google.android.gms:109)
06-11 17:02:51.589 W/GmsApplication( 4877): 	at com.google.android.gms.common.app.GmsApplication.onCreate(:com.google.android.gms:186)
06-11 17:02:51.589 W/GmsApplication( 4877): 	at android.app.Instrumentation.callApplicationOnCreate(Instrumentation.java:1012)
06-11 17:02:51.589 W/GmsApplication( 4877): 	at android.app.ActivityThread.handleBindApplication(ActivityThread.java:4553)
06-11 17:02:51.589 W/GmsApplication( 4877): 	at android.app.ActivityThread.access$1500(ActivityThread.java:151)
06-11 17:02:51.589 W/GmsApplication( 4877): 	at android.app.ActivityThread$H.handleMessage(ActivityThread.java:1364)
06-11 17:02:51.589 W/GmsApplication( 4877): 	at android.os.Handler.dispatchMessage(Handler.java:102)
06-11 17:02:51.589 W/GmsApplication( 4877): 	at android.os.Looper.loop(Looper.java:135)
06-11 17:02:51.589 W/GmsApplication( 4877): 	at android.app.ActivityThread.main(ActivityThread.java:5254)
06-11 17:02:51.589 W/GmsApplication( 4877): 	at java.lang.reflect.Method.invoke(Native Method)
06-11 17:02:51.589 W/GmsApplication( 4877): 	at java.lang.reflect.Method.invoke(Method.java:372)
06-11 17:02:51.589 W/GmsApplication( 4877): 	at com.android.internal.os.ZygoteInit$MethodAndArgsCaller.run(ZygoteInit.java:925)
06-11 17:02:51.589 W/GmsApplication( 4877): 	at com.android.internal.os.ZygoteInit.main(ZygoteInit.java:720)
06-11 17:02:51.613 D/OpenGLRenderer( 4855): Enabling debug mode 0
06-11 17:02:51.619 D/BatteryMeterView( 2887): onDraw level = 62
06-11 17:02:51.741 I/GCoreNlp( 4877): shouldConfirmNlp, NLP off. Ensuring opt-in disabled
06-11 17:02:51.795 D/DashboardSummary( 4855): rebuildUI took: 153 ms
06-11 17:02:51.796 D/DashboardSummary( 4855): Received ACTION_SIM_STATE_CHANGED or ACTION_AIRPLANE_MODE_CHANGED
06-11 17:02:51.829 W/ResourceType( 2887): No package identifier when getting value for resource number 0x00000000
06-11 17:02:51.829 W/PackageManager( 2887): Failure retrieving resources for com.telpo.tpui: Resource ID #0x0
06-11 17:02:51.858 I/art     ( 4877): Rejecting re-init on previously-failed class java.lang.Class<lga>
06-11 17:02:51.859 I/art     ( 4877): Rejecting re-init on previously-failed class java.lang.Class<lga>
06-11 17:02:52.054 D/OTA AppReceiver( 4461): isNetWorkConnected =true
06-11 17:02:52.056 E/OTA AppReceiver( 4461): http://api.telpotms.com
06-11 17:02:52.056 D/OTA AppReceiver( 4461): getAccessToken begin
06-11 17:02:52.057 E/OTA AppReceiver( 4461): http://api.telpotms.com
06-11 17:02:52.059 E/params  ( 4461): grant_type=client_credentials&client_secret=bf579895ae4e5964bb4e78a09c01551b&client_id=shengyihuo
06-11 17:02:52.101 I/ActivityManager(  768): Displayed com.android.settings/.Settings: +1s342ms
06-11 17:02:52.101 I/Timeline(  768): Timeline: Activity_windows_visible id: ActivityRecord{35689fa5 u0 com.android.settings/.Settings t648} time:61647
06-11 17:02:52.136 D/BatteryMeterView( 2887): onDraw level = 72
06-11 17:02:52.152 I/SurfaceFlinger(  262): FPS: 33
06-11 17:02:52.237 D/DashboardSummary( 4855): rebuildUI took: 95 ms
06-11 17:02:52.348 I/Timeline( 4855): Timeline: Activity_idle id: android.os.BinderProxy@7add359 time:61894
06-11 17:02:52.474 V/WLAN_PSA(  300): NL MSG, len[4028], NL type[0x1C] WNI type[0x5900] len[41999]
06-11 17:02:52.475 V/WLAN_PSA(  300): NL MSG, PID: 300
06-11 17:02:52.627 V/PackageManager(  768): Sending package changed: package=com.google.android.gms components=[com.google.android.gms.mdm.receivers.AccountsChangedReceiver, com.google.android.gms.mdm.receivers.ConnectivityReceiver, com.google.android.location.internal.LocationContentProvider]
06-11 17:02:52.655 D/BatteryMeterView( 2887): onDraw level = 82
06-11 17:02:52.656 I/InputReader(  768): Reconfiguring input devices.  changes=0x00000010
06-11 17:02:52.660 D/CardEmulationManager( 3164): Current default: null
06-11 17:02:52.662 D/CardEmulationManager( 3164): No default set, last payment service removed.
06-11 17:02:52.662 D/RegisteredAidCache( 3164): onServicesUpdated
06-11 17:02:52.674 W/Searchables(  768): No global search activity found
06-11 17:02:52.725 D/baidu_location_service( 4203): NetworkCommunicationException!
06-11 17:02:52.727 D/RegisteredAidCache( 3164): Not updating routing table because NFC is off.
06-11 17:02:52.728 D/RegisteredNfcid2Cache( 3164): onServicesUpdated
06-11 17:02:52.729 D/RegisteredNfcid2Cache( 3164): generateAidCacheLocked: mNfcid2Cache size 0
06-11 17:02:52.729 D/RegisteredNfcid2Cache( 3164): Not updating routing table because NFC is off.
06-11 17:02:52.729 D/baidu_location_service( 4162): NetworkCommunicationException!
06-11 17:02:52.733 D/wpa_supplicant( 3753): wlan0: Control interface command 'SIGNAL_POLL'
06-11 17:02:52.775 W/Finsky  ( 3776): [1] com.google.android.finsky.application.FinskyAppImpl.af(1062): No account configured on this device.
06-11 17:02:52.780 W/Finsky  ( 3776): [1] com.google.android.finsky.application.FinskyAppImpl.af(1062): No account configured on this device.
06-11 17:02:52.790 I/Finsky  ( 3776): [1] com.google.android.finsky.utils.by.onTrimMemory(2): Memory trim requested to level 80
06-11 17:02:52.802 D/GestureManagerService( 3198): echo 0 to /sys/class/gesture/gesture_ft5x06/enable
06-11 17:02:52.803 W/GestureManagerService( 3198): failed to set node: java.io.FileNotFoundException: /sys/class/gesture/gesture_ft5x06/enable: open failed: ENOENT (No such file or directory)
06-11 17:02:52.816 D/DashboardSummary( 4855): rebuildUI took: 170 ms
06-11 17:02:52.891 I/LoadedApk( 4917): No resource references to update in package FFFFFFFFFFFFFFFFFFFFFF
06-11 17:02:52.980 W/art     ( 4917): Suspending all threads took: 19.682ms
06-11 17:02:53.034 W/Backup  ( 4877): [GmsBackupAccountManager] Backup account not found in gmscore.
06-11 17:02:53.070 I/art     ( 4877): Background partial concurrent mark sweep GC freed 1451(107KB) AllocSpace objects, 1(16KB) LOS objects, 39% free, 4MB/7MB, paused 9.421ms total 71.293ms
06-11 17:02:53.162 E/NativeLibraryUtils( 4917): Unable to locate gmscore in dalvik.system.PathClassLoader[DexPathList[[zip file "/system/framework/com.android.location.provider.jar", zip file "/system/framework/com.android.media.remotedisplay.jar", zip file "/system/priv-app/GmsCore/GmsCore.apk"],nativeLibraryDirectories=[/vendor/lib, /system/lib]]]
06-11 17:02:53.162 E/NativeLibraryUtils( 4917): java.lang.UnsatisfiedLinkError: dalvik.system.PathClassLoader[DexPathList[[zip file "/system/framework/com.android.location.provider.jar", zip file "/system/framework/com.android.media.remotedisplay.jar", zip file "/system/priv-app/GmsCore/GmsCore.apk"],nativeLibraryDirectories=[/vendor/lib, /system/lib]]] couldn't find "libgmscore.so"
06-11 17:02:53.162 E/NativeLibraryUtils( 4917): 	at java.lang.Runtime.loadLibrary(Runtime.java:366)
06-11 17:02:53.162 E/NativeLibraryUtils( 4917): 	at java.lang.System.loadLibrary(System.java:988)
06-11 17:02:53.162 E/NativeLibraryUtils( 4917): 	at lpm.b(:com.google.android.gms:882)
06-11 17:02:53.162 E/NativeLibraryUtils( 4917): 	at com.google.android.gms.common.security.ProviderInstallerImpl.a(:com.google.android.gms:210)
06-11 17:02:53.162 E/NativeLibraryUtils( 4917): 	at com.google.android.gms.common.security.ProviderInstallerImpl.insertProvider(:com.google.android.gms:1178)
06-11 17:02:53.162 E/NativeLibraryUtils( 4917): 	at com.google.android.gms.common.security.ProviderInstallerImpl.insertProviderGated(:com.google.android.gms:109)
06-11 17:02:53.162 E/NativeLibraryUtils( 4917): 	at com.google.android.gms.common.app.GmsApplication.onCreate(:com.google.android.gms:186)
06-11 17:02:53.162 E/NativeLibraryUtils( 4917): 	at android.app.Instrumentation.callApplicationOnCreate(Instrumentation.java:1012)
06-11 17:02:53.162 E/NativeLibraryUtils( 4917): 	at android.app.ActivityThread.handleBindApplication(ActivityThread.java:4553)
06-11 17:02:53.162 E/NativeLibraryUtils( 4917): 	at android.app.ActivityThread.access$1500(ActivityThread.java:151)
06-11 17:02:53.162 E/NativeLibraryUtils( 4917): 	at android.app.ActivityThread$H.handleMessage(ActivityThread.java:1364)
06-11 17:02:53.162 E/NativeLibraryUtils( 4917): 	at android.os.Handler.dispatchMessage(Handler.java:102)
06-11 17:02:53.162 E/NativeLibraryUtils( 4917): 	at android.os.Looper.loop(Looper.java:135)
06-11 17:02:53.162 E/NativeLibraryUtils( 4917): 	at android.app.ActivityThread.main(ActivityThread.java:5254)
06-11 17:02:53.162 E/NativeLibraryUtils( 4917): 	at java.lang.reflect.Method.invoke(Native Method)
06-11 17:02:53.162 E/NativeLibraryUtils( 4917): 	at java.lang.reflect.Method.invoke(Method.java:372)
06-11 17:02:53.162 E/NativeLibraryUtils( 4917): 	at com.android.internal.os.ZygoteInit$MethodAndArgsCaller.run(ZygoteInit.java:925)
06-11 17:02:53.162 E/NativeLibraryUtils( 4917): 	at com.android.internal.os.ZygoteInit.main(ZygoteInit.java:720)
06-11 17:02:53.169 I/SurfaceFlinger(  262): FPS: 30
06-11 17:02:53.169 D/BatteryMeterView( 2887): onDraw level = 92
06-11 17:02:53.171 W/GmsApplication( 4917): Unable to install secure provider, due to exception:
06-11 17:02:53.171 W/GmsApplication( 4917): java.lang.SecurityException
06-11 17:02:53.171 W/GmsApplication( 4917): 	at com.google.android.gms.common.security.ProviderInstallerImpl.a(:com.google.android.gms:211)
06-11 17:02:53.171 W/GmsApplication( 4917): 	at com.google.android.gms.common.security.ProviderInstallerImpl.insertProvider(:com.google.android.gms:1178)
06-11 17:02:53.171 W/GmsApplication( 4917): 	at com.google.android.gms.common.security.ProviderInstallerImpl.insertProviderGated(:com.google.android.gms:109)
06-11 17:02:53.171 W/GmsApplication( 4917): 	at com.google.android.gms.common.app.GmsApplication.onCreate(:com.google.android.gms:186)
06-11 17:02:53.171 W/GmsApplication( 4917): 	at android.app.Instrumentation.callApplicationOnCreate(Instrumentation.java:1012)
06-11 17:02:53.171 W/GmsApplication( 4917): 	at android.app.ActivityThread.handleBindApplication(ActivityThread.java:4553)
06-11 17:02:53.171 W/GmsApplication( 4917): 	at android.app.ActivityThread.access$1500(ActivityThread.java:151)
06-11 17:02:53.171 W/GmsApplication( 4917): 	at android.app.ActivityThread$H.handleMessage(ActivityThread.java:1364)
06-11 17:02:53.171 W/GmsApplication( 4917): 	at android.os.Handler.dispatchMessage(Handler.java:102)
06-11 17:02:53.171 W/GmsApplication( 4917): 	at android.os.Looper.loop(Looper.java:135)
06-11 17:02:53.171 W/GmsApplication( 4917): 	at android.app.ActivityThread.main(ActivityThread.java:5254)
06-11 17:02:53.171 W/GmsApplication( 4917): 	at java.lang.reflect.Method.invoke(Native Method)
06-11 17:02:53.171 W/GmsApplication( 4917): 	at java.lang.reflect.Method.invoke(Method.java:372)
06-11 17:02:53.171 W/GmsApplication( 4917): 	at com.android.internal.os.ZygoteInit$MethodAndArgsCaller.run(ZygoteInit.java:925)
06-11 17:02:53.171 W/GmsApplication( 4917): 	at com.android.internal.os.ZygoteInit.main(ZygoteInit.java:720)
06-11 17:02:53.256 E/CallBack( 4461): :{"access_token":"a4e664542cd2ee6c91613a6e68fba372bf0abd02","expires_in":3600,"token_type":"Bearer","scope":null}
06-11 17:02:53.263 E/NativeLibraryUtils( 4917): Unable to locate gmscore in dalvik.system.PathClassLoader[DexPathList[[zip file "/system/framework/com.android.location.provider.jar", zip file "/system/framework/com.android.media.remotedisplay.jar", zip file "/system/priv-app/GmsCore/GmsCore.apk"],nativeLibraryDirectories=[/vendor/lib, /system/lib]]]
06-11 17:02:53.263 E/NativeLibraryUtils( 4917): java.lang.UnsatisfiedLinkError: dalvik.system.PathClassLoader[DexPathList[[zip file "/system/framework/com.android.location.provider.jar", zip file "/system/framework/com.android.media.remotedisplay.jar", zip file "/system/priv-app/GmsCore/GmsCore.apk"],nativeLibraryDirectories=[/vendor/lib, /system/lib]]] couldn't find "libgmscore.so"
06-11 17:02:53.263 E/NativeLibraryUtils( 4917): 	at java.lang.Runtime.loadLibrary(Runtime.java:366)
06-11 17:02:53.263 E/NativeLibraryUtils( 4917): 	at java.lang.System.loadLibrary(System.java:988)
06-11 17:02:53.263 E/NativeLibraryUtils( 4917): 	at lpm.b(:com.google.android.gms:882)
06-11 17:02:53.263 E/NativeLibraryUtils( 4917): 	at com.google.android.gms.common.security.ProviderInstallerImpl.a(:com.google.android.gms:210)
06-11 17:02:53.263 E/NativeLibraryUtils( 4917): 	at com.google.android.gms.common.security.ProviderInstallerImpl.insertProvider(:com.google.android.gms:1178)
06-11 17:02:53.263 E/NativeLibraryUtils( 4917): 	at com.google.android.gms.common.security.ProviderInstallerImpl.insertProviderGated(:com.google.android.gms:109)
06-11 17:02:53.263 E/NativeLibraryUtils( 4917): 	at com.google.android.gms.common.app.GmsApplication.onCreate(:com.google.android.gms:195)
06-11 17:02:53.263 E/NativeLibraryUtils( 4917): 	at android.app.Instrumentation.callApplicationOnCreate(Instrumentation.java:1012)
06-11 17:02:53.263 E/NativeLibraryUtils( 4917): 	at android.app.ActivityThread.handleBindApplication(ActivityThread.java:4553)
06-11 17:02:53.263 E/NativeLibraryUtils( 4917): 	at android.app.ActivityThread.access$1500(ActivityThread.java:151)
06-11 17:02:53.263 E/NativeLibraryUtils( 4917): 	at android.app.ActivityThread$H.handleMessage(ActivityThread.java:1364)
06-11 17:02:53.263 E/NativeLibraryUtils( 4917): 	at android.os.Handler.dispatchMessage(Handler.java:102)
06-11 17:02:53.263 E/NativeLibraryUtils( 4917): 	at android.os.Looper.loop(Looper.java:135)
06-11 17:02:53.263 E/NativeLibraryUtils( 4917): 	at android.app.ActivityThread.main(ActivityThread.java:5254)
06-11 17:02:53.263 E/NativeLibraryUtils( 4917): 	at java.lang.reflect.Method.invoke(Native Method)
06-11 17:02:53.263 E/NativeLibraryUtils( 4917): 	at java.lang.reflect.Method.invoke(Method.java:372)
06-11 17:02:53.263 E/NativeLibraryUtils( 4917): 	at com.android.internal.os.ZygoteInit$MethodAndArgsCaller.run(ZygoteInit.java:925)
06-11 17:02:53.263 E/NativeLibraryUtils( 4917): 	at com.android.internal.os.ZygoteInit.main(ZygoteInit.java:720)
06-11 17:02:53.263 W/GmsApplication( 4917): Still unable to install secure provider, due to exception:
06-11 17:02:53.263 W/GmsApplication( 4917): java.lang.SecurityException
06-11 17:02:53.263 W/GmsApplication( 4917): 	at com.google.android.gms.common.security.ProviderInstallerImpl.a(:com.google.android.gms:211)
06-11 17:02:53.263 W/GmsApplication( 4917): 	at com.google.android.gms.common.security.ProviderInstallerImpl.insertProvider(:com.google.android.gms:1178)
06-11 17:02:53.263 W/GmsApplication( 4917): 	at com.google.android.gms.common.security.ProviderInstallerImpl.insertProviderGated(:com.google.android.gms:109)
06-11 17:02:53.263 W/GmsApplication( 4917): 	at com.google.android.gms.common.app.GmsApplication.onCreate(:com.google.android.gms:186)
06-11 17:02:53.263 W/GmsApplication( 4917): 	at android.app.Instrumentation.callApplicationOnCreate(Instrumentation.java:1012)
06-11 17:02:53.263 W/GmsApplication( 4917): 	at android.app.ActivityThread.handleBindApplication(ActivityThread.java:4553)
06-11 17:02:53.263 W/GmsApplication( 4917): 	at android.app.ActivityThread.access$1500(ActivityThread.java:151)
06-11 17:02:53.263 W/GmsApplication( 4917): 	at android.app.ActivityThread$H.handleMessage(ActivityThread.java:1364)
06-11 17:02:53.263 W/GmsApplication( 4917): 	at android.os.Handler.dispatchMessage(Handler.java:102)
06-11 17:02:53.263 W/GmsApplication( 4917): 	at android.os.Looper.loop(Looper.java:135)
06-11 17:02:53.263 W/GmsApplication( 4917): 	at android.app.ActivityThread.main(ActivityThread.java:5254)
06-11 17:02:53.263 W/GmsApplication( 4917): 	at java.lang.reflect.Method.invoke(Native Method)
06-11 17:02:53.263 W/GmsApplication( 4917): 	at java.lang.reflect.Method.invoke(Method.java:372)
06-11 17:02:53.263 W/GmsApplication( 4917): 	at com.android.internal.os.ZygoteInit$MethodAndArgsCaller.run(ZygoteInit.java:925)
06-11 17:02:53.263 W/GmsApplication( 4917): 	at com.android.internal.os.ZygoteInit.main(ZygoteInit.java:720)
06-11 17:02:53.319 E/OTA AppReceiver( 4461): 
06-11 17:02:53.319 E/OTA AppReceiver( 4461): access_token:a4e664542cd2ee6c91613a6e68fba372bf0abd02
06-11 17:02:53.319 E/OTA AppReceiver( 4461): Expires_in:3600
06-11 17:02:53.319 D/OTA AppReceiver( 4461): getAccessToken startService
06-11 17:02:53.321 E/OTAServices( 4461): OTAServices onStartCommand
06-11 17:02:53.322 E/OTAServices( 4461): upgradeFile.exists() = false
06-11 17:02:53.322 E/OTAServices( 4461): GlobalParams.isDownloading = false
06-11 17:02:53.322 D/OTAServices( 4461): startServiceTag = 1
06-11 17:02:53.323 E/OTAServices( 4461): --runRequestSystemUpgradeTask
06-11 17:02:53.323 D/OTAServices( 4461): sn = 1912G90045200121
06-11 17:02:53.396 D/OTAServices( 4461): Version = 5.1.1
06-11 17:02:53.470 I/Timeline( 4855): Timeline: Activity_launch_request id:com.android.settings time:63015
06-11 17:02:53.475 E/AudioPolicyManager(  288): unknown stream type 13
06-11 17:02:53.475 E/AudioPolicyManager(  288): unknown stream type 13
06-11 17:02:53.475 E/AudioPolicyManager(  288): unknown stream type 13
06-11 17:02:53.475 E/AudioPolicyManager(  288): unknown stream type 13
06-11 17:02:53.476 E/AudioPolicyManager(  288): unknown stream type 13
06-11 17:02:53.476 E/AudioPolicyManager(  288): unknown stream type 13
06-11 17:02:53.476 E/AudioPolicyManager(  288): unknown stream type 13
06-11 17:02:53.476 E/AudioPolicyManager(  288): unknown stream type 13
06-11 17:02:53.476 E/AudioPolicyManager(  288): unknown stream type 13
06-11 17:02:53.513 D/OTAServices( 4461): Fwversion = 2.2.5
06-11 17:02:53.513 D/OTAServices( 4461): Device_model = TPS900
06-11 17:02:53.524 D/Wear_Controller( 4917): Received broadcast action=android.intent.action.PACKAGE_CHANGED and uri=com.google.android.gms
06-11 17:02:53.633 E/AudioPolicyManager(  288): unknown stream type 13
06-11 17:02:53.633 E/AudioPolicyManager(  288): unknown stream type 13
06-11 17:02:53.633 E/AudioPolicyManager(  288): unknown stream type 13
06-11 17:02:53.633 E/AudioPolicyManager(  288): unknown stream type 13
06-11 17:02:53.633 E/AudioPolicyManager(  288): unknown stream type 13
06-11 17:02:53.633 E/AudioPolicyManager(  288): unknown stream type 13
06-11 17:02:53.633 E/AudioPolicyManager(  288): unknown stream type 13
06-11 17:02:53.633 E/AudioPolicyManager(  288): unknown stream type 13
06-11 17:02:53.633 E/AudioPolicyManager(  288): unknown stream type 13
06-11 17:02:53.633 E/AudioPolicyManager(  288): unknown stream type 13
06-11 17:02:53.633 E/AudioPolicyManager(  288): unknown stream type 13
06-11 17:02:53.633 E/AudioPolicyManager(  288): unknown stream type 13
06-11 17:02:53.633 E/AudioPolicyManager(  288): unknown stream type 13
06-11 17:02:53.633 E/AudioPolicyManager(  288): unknown stream type 13
06-11 17:02:53.633 E/AudioPolicyManager(  288): unknown stream type 13
06-11 17:02:53.633 E/AudioPolicyManager(  288): unknown stream type 13
06-11 17:02:53.633 E/AudioPolicyManager(  288): unknown stream type 13
06-11 17:02:53.653 E/Icing   ( 4917): Native load error: dalvik.system.PathClassLoader[DexPathList[[zip file "/system/framework/com.android.location.provider.jar", zip file "/system/framework/com.android.media.remotedisplay.jar", zip file "/system/priv-app/GmsCore/GmsCore.apk"],nativeLibraryDirectories=[/vendor/lib, /system/lib]]] couldn't find "libAppDataSearch.so": java.lang.UnsatisfiedLinkError: dalvik.system.PathClassLoader[DexPathList[[zip file "/system/framework/com.android.location.provider.jar", zip file "/system/framework/com.android.media.remotedisplay.jar", zip file "/system/priv-app/GmsCore/GmsCore.apk"],nativeLibraryDirectories=[/vendor/lib, /system/lib]]] couldn't find "libAppDataSearch.so"
06-11 17:02:53.686 D/BatteryMeterView( 2887): onDraw level = 100
06-11 17:02:53.689 D/OTAServices( 4461): wirelessModule = msm8909
