D/telpo_native(  759): handle_emv_serial_read_write_cmd: usb write length = 25
E/telpo_native(  759): serial_read:start read
E/telpo_native(  759): serial_read:serial_read read_size = 0
D/telpo_native(  759): handle_emv_serial_read_write_cmd: usb_printer_read length = 20
I/telpo_native(  759): 0b
I/telpo_native(  759): b0
I/telpo_native(  759): 96
I/telpo_native(  759): 69
I/telpo_native(  759): 04
I/telpo_native(  759): 00
I/telpo_native(  759): 00
I/telpo_native(  759): 00
I/telpo_native(  759): 58
I/telpo_native(  759): 00
I/telpo_native(  759): 04
I/telpo_native(  759): 01
I/telpo_native(  759): 00
I/telpo_native(  759): 00
I/telpo_native(  759): 00
I/telpo_native(  759): 00
I/telpo_native(  759): 00
I/telpo_native(  759): 00
I/telpo_native(  759): 00
I/telpo_native(  759): 00
I/telpo_native(  759): 
D/telpo_native(  759): handle_emv_serial_read_write_cmd: parse successfully!
I/telpo_native(  759): handle_emv_serial_read_write_cmd: receive data length is 20
I/telpo_native(  759): 0b
I/telpo_native(  759): b0
I/telpo_native(  759): 96
I/telpo_native(  759): 69
I/telpo_native(  759): 04
I/telpo_native(  759): 00
I/telpo_native(  759): 00
I/telpo_native(  759): 00
I/telpo_native(  759): 58
I/telpo_native(  759): 00
I/telpo_native(  759): 04
I/telpo_native(  759): 01
I/telpo_native(  759): 00
I/telpo_native(  759): 00
I/telpo_native(  759): 00
I/telpo_native(  759): 00
I/telpo_native(  759): 00
I/telpo_native(  759): 00
I/telpo_native(  759): 00
I/telpo_native(  759): 00
I/telpo_native(  759): 
D/telpo_native(19709): CallIntMethod return ret = 0 length = 20
D/telpo_native(  759): usb_printer_write data start!
D/telpo_native(  759): usb_printer_write start!
E/telpo_native(  759): ret = 25
D/telpo_native(  759): handle_emv_serial_read_write_cmd: usb write length = 25
E/telpo_native(  759): serial_read:start read
E/telpo_native(  759): serial_read:serial_read read_size = 0
D/telpo_native(  759): handle_emv_serial_read_write_cmd: usb_printer_read length = 20
I/telpo_native(  759): 0b
I/telpo_native(  759): b0
I/telpo_native(  759): 96
I/telpo_native(  759): 69
I/telpo_native(  759): 04
I/telpo_native(  759): 00
I/telpo_native(  759): 00
I/telpo_native(  759): 00
I/telpo_native(  759): 59
I/telpo_native(  759): 00
I/telpo_native(  759): 04
I/telpo_native(  759): 01
I/telpo_native(  759): 00
I/telpo_native(  759): 00
I/telpo_native(  759): 00
I/telpo_native(  759): 00
I/telpo_native(  759): 00
I/telpo_native(  759): 00
I/telpo_native(  759): 00
I/telpo_native(  759): 00
I/telpo_native(  759): 
D/telpo_native(  759): handle_emv_serial_read_write_cmd: parse successfully!
I/telpo_native(  759): handle_emv_serial_read_write_cmd: receive data length is 20
I/telpo_native(  759): 0b
I/telpo_native(  759): b0
I/telpo_native(  759): 96
I/telpo_native(  759): 69
I/telpo_native(  759): 04
I/telpo_native(  759): 00
I/telpo_native(  759): 00
I/telpo_native(  759): 00
I/telpo_native(  759): 59
I/telpo_native(  759): 00
I/telpo_native(  759): 04
I/telpo_native(  759): 01
I/telpo_native(  759): 00
I/telpo_native(  759): 00
I/telpo_native(  759): 00
I/telpo_native(  759): 00
I/telpo_native(  759): 00
I/telpo_native(  759): 00
I/telpo_native(  759): 00
I/telpo_native(  759): 00
I/telpo_native(  759): 
D/telpo_native(19709): CallIntMethod return ret = 0 length = 20
D/BatteryMeterView( 3211): not on charging...
D/BatteryMeterView( 3211): not on charging...
D/BatteryMeterView( 3211): not on charging...
D/BatteryMeterView( 3211): onDraw level = 6
I/SurfaceFlinger(  260): FPS: 3
D/BatteryMeterView( 3211): onDraw level = 6
D/telpo_native(  759): usb_printer_write data start!
D/telpo_native(  759): usb_printer_write start!
E/telpo_native(  759): ret = 25
D/telpo_native(  759): handle_emv_serial_read_write_cmd: usb write length = 25
E/telpo_native(  759): serial_read:start read
E/telpo_native(  759): serial_read:serial_read read_size = 0
D/telpo_native(  759): handle_emv_serial_read_write_cmd: usb_printer_read length = 20
I/telpo_native(  759): 0b
I/telpo_native(  759): b0
I/telpo_native(  759): 96
I/telpo_native(  759): 69
I/telpo_native(  759): 04
I/telpo_native(  759): 00
I/telpo_native(  759): 00
I/telpo_native(  759): 00
I/telpo_native(  759): 5a
I/telpo_native(  759): 00
I/telpo_native(  759): 04
I/telpo_native(  759): 01
I/telpo_native(  759): 00
I/telpo_native(  759): 00
I/telpo_native(  759): 00
I/telpo_native(  759): 00
I/telpo_native(  759): 00
I/telpo_native(  759): 00
I/telpo_native(  759): 00
I/telpo_native(  759): 00
I/telpo_native(  759): 
D/telpo_native(  759): handle_emv_serial_read_write_cmd: parse successfully!
I/telpo_native(  759): handle_emv_serial_read_write_cmd: receive data length is 20
I/telpo_native(  759): 0b
I/telpo_native(  759): b0
I/telpo_native(  759): 96
I/telpo_native(  759): 69
I/telpo_native(  759): 04
I/telpo_native(  759): 00
I/telpo_native(  759): 00
I/telpo_native(  759): 00
I/telpo_native(  759): 5a
I/telpo_native(  759): 00
I/telpo_native(  759): 04
I/telpo_native(  759): 01
I/telpo_native(  759): 00
I/telpo_native(  759): 00
I/telpo_native(  759): 00
I/telpo_native(  759): 00
I/telpo_native(  759): 00
I/telpo_native(  759): 00
I/telpo_native(  759): 00
I/telpo_native(  759): 00
I/telpo_native(  759): 
D/telpo_native(19709): CallIntMethod return ret = 0 length = 20
D/telpo_native(  759): usb_printer_write data start!
D/telpo_native(  759): usb_printer_write start!
E/telpo_native(  759): ret = 25
D/telpo_native(  759): handle_emv_serial_read_write_cmd: usb write length = 25
E/telpo_native(  759): serial_read:start read
E/telpo_native(  759): serial_read:serial_read read_size = 0
D/telpo_native(  759): handle_emv_serial_read_write_cmd: usb_printer_read length = 20
I/telpo_native(  759): 0b
I/telpo_native(  759): b0
I/telpo_native(  759): 96
I/telpo_native(  759): 69
I/telpo_native(  759): 04
I/telpo_native(  759): 00
I/telpo_native(  759): 00
I/telpo_native(  759): 00
I/telpo_native(  759): 5b
I/telpo_native(  759): 00
I/telpo_native(  759): 04
I/telpo_native(  759): 01
I/telpo_native(  759): 00
I/telpo_native(  759): 00
I/telpo_native(  759): 00
I/telpo_native(  759): 00
I/telpo_native(  759): 00
I/telpo_native(  759): 00
I/telpo_native(  759): 00
I/telpo_native(  759): 00
I/telpo_native(  759): 
D/telpo_native(  759): handle_emv_serial_read_write_cmd: parse successfully!
I/telpo_native(  759): handle_emv_serial_read_write_cmd: receive data length is 20
I/telpo_native(  759): 0b
I/telpo_native(  759): b0
I/telpo_native(  759): 96
I/telpo_native(  759): 69
I/telpo_native(  759): 04
I/telpo_native(  759): 00
I/telpo_native(  759): 00
I/telpo_native(  759): 00
I/telpo_native(  759): 5b
I/telpo_native(  759): 00
I/telpo_native(  759): 04
I/telpo_native(  759): 01
I/telpo_native(  759): 00
I/telpo_native(  759): 00
I/telpo_native(  759): 00
I/telpo_native(  759): 00
I/telpo_native(  759): 00
I/telpo_native(  759): 00
I/telpo_native(  759): 00
I/telpo_native(  759): 00
I/telpo_native(  759): 
D/telpo_native(19709): CallIntMethod return ret = 0 length = 20
D/BatteryMeterView( 3211): not on charging...
D/BatteryMeterView( 3211): not on charging...
D/BatteryMeterView( 3211): not on charging...
D/BatteryMeterView( 3211): onDraw level = 6
D/BatteryMeterView( 3211): onDraw level = 6
I/SurfaceFlinger(  260): FPS: 3
D/telpo_native(  759): usb_printer_write data start!
D/telpo_native(  759): usb_printer_write start!
E/telpo_native(  759): ret = 25
D/telpo_native(  759): handle_emv_serial_read_write_cmd: usb write length = 25
E/telpo_native(  759): serial_read:start read
E/telpo_native(  759): serial_read:serial_read read_size = 0
D/telpo_native(  759): handle_emv_serial_read_write_cmd: usb_printer_read length = 20
I/telpo_native(  759): 0b
I/telpo_native(  759): b0
I/telpo_native(  759): 96
I/telpo_native(  759): 69
I/telpo_native(  759): 04
I/telpo_native(  759): 00
I/telpo_native(  759): 00
I/telpo_native(  759): 00
I/telpo_native(  759): 5c
I/telpo_native(  759): 00
I/telpo_native(  759): 04
I/telpo_native(  759): 01
I/telpo_native(  759): 00
I/telpo_native(  759): 00
I/telpo_native(  759): 00
I/telpo_native(  759): 00
I/telpo_native(  759): 00
I/telpo_native(  759): 00
I/telpo_native(  759): 00
I/telpo_native(  759): 00
I/telpo_native(  759): 
D/telpo_native(  759): handle_emv_serial_read_write_cmd: parse successfully!
I/telpo_native(  759): handle_emv_serial_read_write_cmd: receive data length is 20
I/telpo_native(  759): 0b
I/telpo_native(  759): b0
I/telpo_native(  759): 96
I/telpo_native(  759): 69
I/telpo_native(  759): 04
I/telpo_native(  759): 00
I/telpo_native(  759): 00
I/telpo_native(  759): 00
I/telpo_native(  759): 5c
I/telpo_native(  759): 00
I/telpo_native(  759): 04
I/telpo_native(  759): 01
I/telpo_native(  759): 00
I/telpo_native(  759): 00
I/telpo_native(  759): 00
I/telpo_native(  759): 00
I/telpo_native(  759): 00
I/telpo_native(  759): 00
I/telpo_native(  759): 00
I/telpo_native(  759): 00
I/telpo_native(  759): 
D/telpo_native(19709): CallIntMethod return ret = 0 length = 20
D/wpa_supplicant( 3788): wlan0: Control interface command 'SIGNAL_POLL'
D/telpo_native(  759): usb_printer_write data start!
D/telpo_native(  759): usb_printer_write start!
E/telpo_native(  759): ret = 25
D/telpo_native(  759): handle_emv_serial_read_write_cmd: usb write length = 25
E/telpo_native(  759): serial_read:start read
E/telpo_native(  759): serial_read:serial_read read_size = 0
D/telpo_native(  759): handle_emv_serial_read_write_cmd: usb_printer_read length = 20
I/telpo_native(  759): 0b
I/telpo_native(  759): b0
I/telpo_native(  759): 96
I/telpo_native(  759): 69
I/telpo_native(  759): 04
I/telpo_native(  759): 00
I/telpo_native(  759): 00
I/telpo_native(  759): 00
I/telpo_native(  759): 5d
I/telpo_native(  759): 00
I/telpo_native(  759): 04
I/telpo_native(  759): 01
I/telpo_native(  759): 00
I/telpo_native(  759): 00
I/telpo_native(  759): 00
I/telpo_native(  759): 00
I/telpo_native(  759): 00
I/telpo_native(  759): 00
I/telpo_native(  759): 00
I/telpo_native(  759): 00
I/telpo_native(  759): 
D/telpo_native(  759): handle_emv_serial_read_write_cmd: parse successfully!
I/telpo_native(  759): handle_emv_serial_read_write_cmd: receive data length is 20
I/telpo_native(  759): 0b
I/telpo_native(  759): b0
I/telpo_native(  759): 96
I/telpo_native(  759): 69
I/telpo_native(  759): 04
I/telpo_native(  759): 00
I/telpo_native(  759): 00
I/telpo_native(  759): 00
I/telpo_native(  759): 5d
I/telpo_native(  759): 00
I/telpo_native(  759): 04
I/telpo_native(  759): 01
I/telpo_native(  759): 00
I/telpo_native(  759): 00
I/telpo_native(  759): 00
I/telpo_native(  759): 00
I/telpo_native(  759): 00
I/telpo_native(  759): 00
I/telpo_native(  759): 00
I/telpo_native(  759): 00
I/telpo_native(  759): 
D/telpo_native(19709): CallIntMethod return ret = 0 length = 20
D/BatteryMeterView( 3211): not on charging...
D/BatteryMeterView( 3211): not on charging...
D/BatteryMeterView( 3211): not on charging...
D/BatteryMeterView( 3211): onDraw level = 6
D/BatteryMeterView( 3211): onDraw level = 6
I/SurfaceFlinger(  260): FPS: 3
D/telpo_native(  759): usb_printer_write data start!
D/telpo_native(  759): usb_printer_write start!
E/telpo_native(  759): ret = 25
D/telpo_native(  759): handle_emv_serial_read_write_cmd: usb write length = 25
E/telpo_native(  759): serial_read:start read
E/telpo_native(  759): serial_read:serial_read read_size = 0
D/telpo_native(  759): handle_emv_serial_read_write_cmd: usb_printer_read length = 20
I/telpo_native(  759): 0b
I/telpo_native(  759): b0
I/telpo_native(  759): 96
I/telpo_native(  759): 69
I/telpo_native(  759): 04
I/telpo_native(  759): 00
I/telpo_native(  759): 00
I/telpo_native(  759): 00
I/telpo_native(  759): 5e
I/telpo_native(  759): 00
I/telpo_native(  759): 04
I/telpo_native(  759): 01
I/telpo_native(  759): 00
I/telpo_native(  759): 00
I/telpo_native(  759): 00
I/telpo_native(  759): 00
I/telpo_native(  759): 00
I/telpo_native(  759): 00
I/telpo_native(  759): 00
I/telpo_native(  759): 00
I/telpo_native(  759): 
D/telpo_native(  759): handle_emv_serial_read_write_cmd: parse successfully!
I/telpo_native(  759): handle_emv_serial_read_write_cmd: receive data length is 20
I/telpo_native(  759): 0b
I/telpo_native(  759): b0
I/telpo_native(  759): 96
I/telpo_native(  759): 69
I/telpo_native(  759): 04
I/telpo_native(  759): 00
I/telpo_native(  759): 00
I/telpo_native(  759): 00
I/telpo_native(  759): 5e
I/telpo_native(  759): 00
I/telpo_native(  759): 04
I/telpo_native(  759): 01
I/telpo_native(  759): 00
I/telpo_native(  759): 00
I/telpo_native(  759): 00
I/telpo_native(  759): 00
I/telpo_native(  759): 00
I/telpo_native(  759): 00
I/telpo_native(  759): 00
I/telpo_native(  759): 00
I/telpo_native(  759): 
D/telpo_native(19709): CallIntMethod return ret = 0 length = 20
D/telpo_native(  759): usb_printer_write data start!
D/telpo_native(  759): usb_printer_write start!
E/telpo_native(  759): ret = 25
D/telpo_native(  759): handle_emv_serial_read_write_cmd: usb write length = 25
E/telpo_native(  759): serial_read:start read
E/telpo_native(  759): serial_read:serial_read read_size = 0
D/telpo_native(  759): handle_emv_serial_read_write_cmd: usb_printer_read length = 20
I/telpo_native(  759): 0b
I/telpo_native(  759): b0
I/telpo_native(  759): 96
I/telpo_native(  759): 69
I/telpo_native(  759): 04
I/telpo_native(  759): 00
I/telpo_native(  759): 00
I/telpo_native(  759): 00
I/telpo_native(  759): 5f
I/telpo_native(  759): 00
I/telpo_native(  759): 04
I/telpo_native(  759): 01
I/telpo_native(  759): 00
I/telpo_native(  759): 00
I/telpo_native(  759): 00
I/telpo_native(  759): 00
I/telpo_native(  759): 00
I/telpo_native(  759): 00
I/telpo_native(  759): 00
I/telpo_native(  759): 00
I/telpo_native(  759): 
D/telpo_native(  759): handle_emv_serial_read_write_cmd: parse successfully!
I/telpo_native(  759): handle_emv_serial_read_write_cmd: receive data length is 20
I/telpo_native(  759): 0b
I/telpo_native(  759): b0
I/telpo_native(  759): 96
I/telpo_native(  759): 69
I/telpo_native(  759): 04
I/telpo_native(  759): 00
I/telpo_native(  759): 00
I/telpo_native(  759): 00
I/telpo_native(  759): 5f
I/telpo_native(  759): 00
I/telpo_native(  759): 04
I/telpo_native(  759): 01
I/telpo_native(  759): 00
I/telpo_native(  759): 00
I/telpo_native(  759): 00
I/telpo_native(  759): 00
I/telpo_native(  759): 00
I/telpo_native(  759): 00
I/telpo_native(  759): 00
I/telpo_native(  759): 00
I/telpo_native(  759): 
D/telpo_native(19709): CallIntMethod return ret = 0 length = 20
D/BatteryMeterView( 3211): not on charging...
D/BatteryMeterView( 3211): not on charging...
D/BatteryMeterView( 3211): not on charging...
D/BatteryMeterView( 3211): onDraw level = 6
D/BatteryMeterView( 3211): onDraw level = 6
I/SurfaceFlinger(  260): FPS: 3
D/telpo_native(  759): usb_printer_write data start!
D/telpo_native(  759): usb_printer_write start!
E/telpo_native(  759): ret = 25
D/telpo_native(  759): handle_emv_serial_read_write_cmd: usb write length = 25
V/WLAN_PSA(  315): NL MSG, len[4074], NL type[0x1C] WNI type[0x5900] len[53775]
V/WLAN_PSA(  315): NL MSG, PID: 315
E/telpo_native(  759): serial_read:start read
E/telpo_native(  759): serial_read:serial_read read_size = 0
D/telpo_native(  759): handle_emv_serial_read_write_cmd: usb_printer_read length = 20
I/telpo_native(  759): 0b
I/telpo_native(  759): b0
I/telpo_native(  759): 96
I/telpo_native(  759): 69
I/telpo_native(  759): 04
I/telpo_native(  759): 00
I/telpo_native(  759): 00
I/telpo_native(  759): 00
I/telpo_native(  759): 60
I/telpo_native(  759): 00
I/telpo_native(  759): 04
I/telpo_native(  759): 01
I/telpo_native(  759): 00
I/telpo_native(  759): 00
I/telpo_native(  759): 00
I/telpo_native(  759): 00
I/telpo_native(  759): 00
I/telpo_native(  759): 00
I/telpo_native(  759): 00
I/telpo_native(  759): 00
I/telpo_native(  759): 
D/telpo_native(  759): handle_emv_serial_read_write_cmd: parse successfully!
I/telpo_native(  759): handle_emv_serial_read_write_cmd: receive data length is 20
I/telpo_native(  759): 0b
I/telpo_native(  759): b0
I/telpo_native(  759): 96
I/telpo_native(  759): 69
I/telpo_native(  759): 04
I/telpo_native(  759): 00
I/telpo_native(  759): 00
I/telpo_native(  759): 00
I/telpo_native(  759): 60
I/telpo_native(  759): 00
I/telpo_native(  759): 04
I/telpo_native(  759): 01
I/telpo_native(  759): 00
I/telpo_native(  759): 00
I/telpo_native(  759): 00
I/telpo_native(  759): 00
I/telpo_native(  759): 00
I/telpo_native(  759): 00
I/telpo_native(  759): 00
I/telpo_native(  759): 00
I/telpo_native(  759): 
D/telpo_native(19709): CallIntMethod return ret = 0 length = 20
D/telpo_native(  759): usb_printer_write data start!
D/telpo_native(  759): usb_printer_write start!
E/telpo_native(  759): ret = 25
D/telpo_native(  759): handle_emv_serial_read_write_cmd: usb write length = 25
E/telpo_native(  759): serial_read:start read
E/telpo_native(  759): serial_read:serial_read read_size = 0
D/telpo_native(  759): handle_emv_serial_read_write_cmd: usb_printer_read length = 20
I/telpo_native(  759): 0b
I/telpo_native(  759): b0
I/telpo_native(  759): 96
I/telpo_native(  759): 69
I/telpo_native(  759): 04
I/telpo_native(  759): 00
I/telpo_native(  759): 00
I/telpo_native(  759): 00
I/telpo_native(  759): 61
I/telpo_native(  759): 00
I/telpo_native(  759): 04
I/telpo_native(  759): 01
I/telpo_native(  759): 00
I/telpo_native(  759): 00
I/telpo_native(  759): 00
I/telpo_native(  759): 00
I/telpo_native(  759): 00
I/telpo_native(  759): 00
I/telpo_native(  759): 00
I/telpo_native(  759): 00
I/telpo_native(  759): 
D/telpo_native(  759): handle_emv_serial_read_write_cmd: parse successfully!
I/telpo_native(  759): handle_emv_serial_read_write_cmd: receive data length is 20
I/telpo_native(  759): 0b
I/telpo_native(  759): b0
I/telpo_native(  759): 96
I/telpo_native(  759): 69
I/telpo_native(  759): 04
I/telpo_native(  759): 00
I/telpo_native(  759): 00
I/telpo_native(  759): 00
I/telpo_native(  759): 61
I/telpo_native(  759): 00
I/telpo_native(  759): 04
I/telpo_native(  759): 01
I/telpo_native(  759): 00
I/telpo_native(  759): 00
I/telpo_native(  759): 00
I/telpo_native(  759): 00
I/telpo_native(  759): 00
I/telpo_native(  759): 00
I/telpo_native(  759): 00
I/telpo_native(  759): 00
I/telpo_native(  759): 
D/telpo_native(19709): CallIntMethod return ret = 0 length = 20
D/BatteryMeterView( 3211): not on charging...
D/BatteryMeterView( 3211): not on charging...
D/BatteryMeterView( 3211): not on charging...
D/BatteryMeterView( 3211): onDraw level = 6
D/BatteryMeterView( 3211): onDraw level = 6
I/SurfaceFlinger(  260): FPS: 3
D/wpa_supplicant( 3788): wlan0: Control interface command 'SIGNAL_POLL'
D/telpo_native(  759): usb_printer_write data start!
D/telpo_native(  759): usb_printer_write start!
E/telpo_native(  759): ret = 25
D/telpo_native(  759): handle_emv_serial_read_write_cmd: usb write length = 25
E/telpo_native(  759): serial_read:start read
E/telpo_native(  759): serial_read:serial_read read_size = 0
D/telpo_native(  759): handle_emv_serial_read_write_cmd: usb_printer_read length = 20
I/telpo_native(  759): 0b
I/telpo_native(  759): b0
I/telpo_native(  759): 96
I/telpo_native(  759): 69
I/telpo_native(  759): 04
I/telpo_native(  759): 00
I/telpo_native(  759): 00
I/telpo_native(  759): 00
I/telpo_native(  759): 62
I/telpo_native(  759): 00
I/telpo_native(  759): 04
I/telpo_native(  759): 01
I/telpo_native(  759): 00
I/telpo_native(  759): 00
I/telpo_native(  759): 00
I/telpo_native(  759): 00
I/telpo_native(  759): 00
I/telpo_native(  759): 00
I/telpo_native(  759): 00
I/telpo_native(  759): 00
I/telpo_native(  759): 
D/telpo_native(  759): handle_emv_serial_read_write_cmd: parse successfully!
I/telpo_native(  759): handle_emv_serial_read_write_cmd: receive data length is 20
I/telpo_native(  759): 0b
I/telpo_native(  759): b0
I/telpo_native(  759): 96
I/telpo_native(  759): 69
I/telpo_native(  759): 04
I/telpo_native(  759): 00
I/telpo_native(  759): 00
I/telpo_native(  759): 00
I/telpo_native(  759): 62
I/telpo_native(  759): 00
I/telpo_native(  759): 04
I/telpo_native(  759): 01
I/telpo_native(  759): 00
I/telpo_native(  759): 00
I/telpo_native(  759): 00
I/telpo_native(  759): 00
I/telpo_native(  759): 00
I/telpo_native(  759): 00
I/telpo_native(  759): 00
I/telpo_native(  759): 00
I/telpo_native(  759): 
D/telpo_native(19709): CallIntMethod return ret = 0 length = 20
D/telpo_native(  759): usb_printer_write data start!
D/telpo_native(  759): usb_printer_write start!
E/telpo_native(  759): ret = 25
D/telpo_native(  759): handle_emv_serial_read_write_cmd: usb write length = 25
E/telpo_native(  759): serial_read:start read
E/telpo_native(  759): serial_read:serial_read read_size = 0
D/telpo_native(  759): handle_emv_serial_read_write_cmd: usb_printer_read length = 20
I/telpo_native(  759): 0b
I/telpo_native(  759): b0
I/telpo_native(  759): 96
I/telpo_native(  759): 69
I/telpo_native(  759): 04
I/telpo_native(  759): 00
I/telpo_native(  759): 00
I/telpo_native(  759): 00
I/telpo_native(  759): 63
I/telpo_native(  759): 00
I/telpo_native(  759): 04
I/telpo_native(  759): 01
I/telpo_native(  759): 00
I/telpo_native(  759): 00
I/telpo_native(  759): 00
I/telpo_native(  759): 00
I/telpo_native(  759): 00
I/telpo_native(  759): 00
I/telpo_native(  759): 00
I/telpo_native(  759): 00
I/telpo_native(  759): 
D/telpo_native(  759): handle_emv_serial_read_write_cmd: parse successfully!
I/telpo_native(  759): handle_emv_serial_read_write_cmd: receive data length is 20
I/telpo_native(  759): 0b
I/telpo_native(  759): b0
I/telpo_native(  759): 96
I/telpo_native(  759): 69
I/telpo_native(  759): 04
I/telpo_native(  759): 00
I/telpo_native(  759): 00
I/telpo_native(  759): 00
I/telpo_native(  759): 63
I/telpo_native(  759): 00
I/telpo_native(  759): 04
I/telpo_native(  759): 01
I/telpo_native(  759): 00
I/telpo_native(  759): 00
I/telpo_native(  759): 00
I/telpo_native(  759): 00
I/telpo_native(  759): 00
I/telpo_native(  759): 00
I/telpo_native(  759): 00
I/telpo_native(  759): 00
I/telpo_native(  759): 
D/telpo_native(19709): CallIntMethod return ret = 0 length = 20
D/BatteryMeterView( 3211): not on charging...
D/BatteryMeterView( 3211): not on charging...
D/BatteryMeterView( 3211): not on charging...
D/BatteryMeterView( 3211): onDraw level = 6
D/BatteryMeterView( 3211): onDraw level = 6
I/SurfaceFlinger(  260): FPS: 3
D/telpo_native(  759): usb_printer_write data start!
D/telpo_native(  759): usb_printer_write start!
E/telpo_native(  759): ret = 25
D/telpo_native(  759): handle_emv_serial_read_write_cmd: usb write length = 25
E/telpo_native(  759): serial_read:start read
E/telpo_native(  759): serial_read:serial_read read_size = 0
D/telpo_native(  759): handle_emv_serial_read_write_cmd: usb_printer_read length = 20
I/telpo_native(  759): 0b
I/telpo_native(  759): b0
I/telpo_native(  759): 96
I/telpo_native(  759): 69
I/telpo_native(  759): 04
I/telpo_native(  759): 00
I/telpo_native(  759): 00
I/telpo_native(  759): 00
I/telpo_native(  759): 64
I/telpo_native(  759): 00
I/telpo_native(  759): 04
I/telpo_native(  759): 01
I/telpo_native(  759): 00
I/telpo_native(  759): 00
I/telpo_native(  759): 00
I/telpo_native(  759): 00
I/telpo_native(  759): 00
I/telpo_native(  759): 00
I/telpo_native(  759): 00
I/telpo_native(  759): 00
I/telpo_native(  759): 
D/telpo_native(  759): handle_emv_serial_read_write_cmd: parse successfully!
I/telpo_native(  759): handle_emv_serial_read_write_cmd: receive data length is 20
I/telpo_native(  759): 0b
I/telpo_native(  759): b0
I/telpo_native(  759): 96
I/telpo_native(  759): 69
I/telpo_native(  759): 04
I/telpo_native(  759): 00
I/telpo_native(  759): 00
I/telpo_native(  759): 00
I/telpo_native(  759): 64
I/telpo_native(  759): 00
I/telpo_native(  759): 04
I/telpo_native(  759): 01
I/telpo_native(  759): 00
I/telpo_native(  759): 00
I/telpo_native(  759): 00
I/telpo_native(  759): 00
I/telpo_native(  759): 00
I/telpo_native(  759): 00
I/telpo_native(  759): 00
I/telpo_native(  759): 00
I/telpo_native(  759): 
D/telpo_native(19709): CallIntMethod return ret = 0 length = 20
D/telpo_native(  759): usb_printer_write data start!
D/telpo_native(  759): usb_printer_write start!
E/telpo_native(  759): ret = 25
D/telpo_native(  759): handle_emv_serial_read_write_cmd: usb write length = 25
E/telpo_native(  759): serial_read:start read
E/telpo_native(  759): serial_read:serial_read read_size = 0
D/telpo_native(  759): handle_emv_serial_read_write_cmd: usb_printer_read length = 20
I/telpo_native(  759): 0b
I/telpo_native(  759): b0
I/telpo_native(  759): 96
I/telpo_native(  759): 69
I/telpo_native(  759): 04
I/telpo_native(  759): 00
I/telpo_native(  759): 00
I/telpo_native(  759): 00
I/telpo_native(  759): 65
I/telpo_native(  759): 00
I/telpo_native(  759): 04
I/telpo_native(  759): 01
I/telpo_native(  759): 00
I/telpo_native(  759): 00
I/telpo_native(  759): 00
I/telpo_native(  759): 00
I/telpo_native(  759): 00
I/telpo_native(  759): 00
I/telpo_native(  759): 00
I/telpo_native(  759): 00
I/telpo_native(  759): 
D/telpo_native(  759): handle_emv_serial_read_write_cmd: parse successfully!
I/telpo_native(  759): handle_emv_serial_read_write_cmd: receive data length is 20
I/telpo_native(  759): 0b
I/telpo_native(  759): b0
I/telpo_native(  759): 96
I/telpo_native(  759): 69
I/telpo_native(  759): 04
I/telpo_native(  759): 00
I/telpo_native(  759): 00
I/telpo_native(  759): 00
I/telpo_native(  759): 65
I/telpo_native(  759): 00
I/telpo_native(  759): 04
I/telpo_native(  759): 01
I/telpo_native(  759): 00
I/telpo_native(  759): 00
I/telpo_native(  759): 00
I/telpo_native(  759): 00
I/telpo_native(  759): 00
I/telpo_native(  759): 00
I/telpo_native(  759): 00
I/telpo_native(  759): 00
I/telpo_native(  759): 
D/telpo_native(19709): CallIntMethod return ret = 0 length = 20
D/BatteryMeterView( 3211): not on charging...
D/BatteryMeterView( 3211): not on charging...
D/BatteryMeterView( 3211): not on charging...
D/BatteryMeterView( 3211): onDraw level = 6
D/BatteryMeterView( 3211): onDraw level = 6
I/SurfaceFlinger(  260): FPS: 3
D/telpo_native(  759): usb_printer_write data start!
D/telpo_native(  759): usb_printer_write start!
E/telpo_native(  759): ret = 25
D/telpo_native(  759): handle_emv_serial_read_write_cmd: usb write length = 25
E/telpo_native(  759): serial_read:start read
E/telpo_native(  759): serial_read:serial_read read_size = 0
D/telpo_native(  759): handle_emv_serial_read_write_cmd: usb_printer_read length = 20
I/telpo_native(  759): 0b
I/telpo_native(  759): b0
I/telpo_native(  759): 96
I/telpo_native(  759): 69
I/telpo_native(  759): 04
I/telpo_native(  759): 00
I/telpo_native(  759): 00
I/telpo_native(  759): 00
I/telpo_native(  759): 66
I/telpo_native(  759): 00
I/telpo_native(  759): 04
I/telpo_native(  759): 01
I/telpo_native(  759): 00
I/telpo_native(  759): 00
I/telpo_native(  759): 00
I/telpo_native(  759): 00
I/telpo_native(  759): 00
I/telpo_native(  759): 00
I/telpo_native(  759): 00
I/telpo_native(  759): 00
I/telpo_native(  759): 
D/telpo_native(  759): handle_emv_serial_read_write_cmd: parse successfully!
I/telpo_native(  759): handle_emv_serial_read_write_cmd: receive data length is 20
I/telpo_native(  759): 0b
I/telpo_native(  759): b0
I/telpo_native(  759): 96
I/telpo_native(  759): 69
I/telpo_native(  759): 04
I/telpo_native(  759): 00
I/telpo_native(  759): 00
I/telpo_native(  759): 00
I/telpo_native(  759): 66
I/telpo_native(  759): 00
I/telpo_native(  759): 04
I/telpo_native(  759): 01
I/telpo_native(  759): 00
I/telpo_native(  759): 00
I/telpo_native(  759): 00
I/telpo_native(  759): 00
I/telpo_native(  759): 00
I/telpo_native(  759): 00
I/telpo_native(  759): 00
I/telpo_native(  759): 00
I/telpo_native(  759): 
D/telpo_native(19709): CallIntMethod return ret = 0 length = 20
D/telpo_native(  759): usb_printer_write data start!
D/telpo_native(  759): usb_printer_write start!
E/telpo_native(  759): ret = 25
D/telpo_native(  759): handle_emv_serial_read_write_cmd: usb write length = 25
E/telpo_native(  759): serial_read:start read
E/telpo_native(  759): serial_read:serial_read read_size = 0
D/telpo_native(  759): handle_emv_serial_read_write_cmd: usb_printer_read length = 20
I/telpo_native(  759): 0b
I/telpo_native(  759): b0
I/telpo_native(  759): 96
I/telpo_native(  759): 69
I/telpo_native(  759): 04
I/telpo_native(  759): 00
I/telpo_native(  759): 00
I/telpo_native(  759): 00
I/telpo_native(  759): 67
I/telpo_native(  759): 00
I/telpo_native(  759): 04
I/telpo_native(  759): 01
I/telpo_native(  759): 00
I/telpo_native(  759): 00
I/telpo_native(  759): 00
I/telpo_native(  759): 00
I/telpo_native(  759): 00
I/telpo_native(  759): 00
I/telpo_native(  759): 00
I/telpo_native(  759): 00
I/telpo_native(  759): 
D/telpo_native(  759): handle_emv_serial_read_write_cmd: parse successfully!
I/telpo_native(  759): handle_emv_serial_read_write_cmd: receive data length is 20
I/telpo_native(  759): 0b
I/telpo_native(  759): b0
I/telpo_native(  759): 96
I/telpo_native(  759): 69
I/telpo_native(  759): 04
I/telpo_native(  759): 00
I/telpo_native(  759): 00
I/telpo_native(  759): 00
I/telpo_native(  759): 67
I/telpo_native(  759): 00
I/telpo_native(  759): 04
I/telpo_native(  759): 01
I/telpo_native(  759): 00
I/telpo_native(  759): 00
I/telpo_native(  759): 00
I/telpo_native(  759): 00
I/telpo_native(  759): 00
I/telpo_native(  759): 00
I/telpo_native(  759): 00
I/telpo_native(  759): 00
I/telpo_native(  759): 
D/telpo_native(19709): CallIntMethod return ret = 0 length = 20
D/wpa_supplicant( 3788): wlan0: Control interface command 'SIGNAL_POLL'
V/WLAN_PSA(  315): NL MSG, len[4051], NL type[0x1C] WNI type[0x5900] len[47887]
V/WLAN_PSA(  315): NL MSG, PID: 315
D/BatteryMeterView( 3211): not on charging...
D/BatteryMeterView( 3211): not on charging...
D/BatteryMeterView( 3211): not on charging...
D/BatteryMeterView( 3211): onDraw level = 6
D/BatteryMeterView( 3211): onDraw level = 6
I/SurfaceFlinger(  260): FPS: 3
D/telpo_native(  759): usb_printer_write data start!
D/telpo_native(  759): usb_printer_write start!
E/telpo_native(  759): ret = 25
D/telpo_native(  759): handle_emv_serial_read_write_cmd: usb write length = 25
E/telpo_native(  759): serial_read:start read
E/telpo_native(  759): serial_read:serial_read read_size = 0
D/telpo_native(  759): handle_emv_serial_read_write_cmd: usb_printer_read length = 20
I/telpo_native(  759): 0b
I/telpo_native(  759): b0
I/telpo_native(  759): 96
I/telpo_native(  759): 69
I/telpo_native(  759): 04
I/telpo_native(  759): 00
I/telpo_native(  759): 00
I/telpo_native(  759): 00
I/telpo_native(  759): 68
I/telpo_native(  759): 00
I/telpo_native(  759): 04
I/telpo_native(  759): 01
I/telpo_native(  759): 00
I/telpo_native(  759): 00
I/telpo_native(  759): 00
I/telpo_native(  759): 00
I/telpo_native(  759): 00
I/telpo_native(  759): 00
I/telpo_native(  759): 00
I/telpo_native(  759): 00
I/telpo_native(  759): 
D/telpo_native(  759): handle_emv_serial_read_write_cmd: parse successfully!
I/telpo_native(  759): handle_emv_serial_read_write_cmd: receive data length is 20
I/telpo_native(  759): 0b
I/telpo_native(  759): b0
I/telpo_native(  759): 96
I/telpo_native(  759): 69
I/telpo_native(  759): 04
I/telpo_native(  759): 00
I/telpo_native(  759): 00
I/telpo_native(  759): 00
I/telpo_native(  759): 68
I/telpo_native(  759): 00
I/telpo_native(  759): 04
I/telpo_native(  759): 01
I/telpo_native(  759): 00
I/telpo_native(  759): 00
I/telpo_native(  759): 00
I/telpo_native(  759): 00
I/telpo_native(  759): 00
I/telpo_native(  759): 00
I/telpo_native(  759): 00
I/telpo_native(  759): 00
I/telpo_native(  759): 
D/telpo_native(19709): CallIntMethod return ret = 0 length = 20
D/telpo_native(  759): usb_printer_write data start!
D/telpo_native(  759): usb_printer_write start!
E/telpo_native(  759): ret = 25
D/telpo_native(  759): handle_emv_serial_read_write_cmd: usb write length = 25
E/telpo_native(  759): serial_read:start read
E/telpo_native(  759): serial_read:serial_read read_size = 0
D/telpo_native(  759): handle_emv_serial_read_write_cmd: usb_printer_read length = 20
I/telpo_native(  759): 0b
I/telpo_native(  759): b0
I/telpo_native(  759): 96
I/telpo_native(  759): 69
I/telpo_native(  759): 04
I/telpo_native(  759): 00
I/telpo_native(  759): 00
I/telpo_native(  759): 00
I/telpo_native(  759): 69
I/telpo_native(  759): 00
I/telpo_native(  759): 04
I/telpo_native(  759): 01
I/telpo_native(  759): 00
I/telpo_native(  759): 00
I/telpo_native(  759): 00
I/telpo_native(  759): 00
I/telpo_native(  759): 00
I/telpo_native(  759): 00
I/telpo_native(  759): 00
I/telpo_native(  759): 00
I/telpo_native(  759): 
D/telpo_native(  759): handle_emv_serial_read_write_cmd: parse successfully!
I/telpo_native(  759): handle_emv_serial_read_write_cmd: receive data length is 20
I/telpo_native(  759): 0b
I/telpo_native(  759): b0
I/telpo_native(  759): 96
I/telpo_native(  759): 69
I/telpo_native(  759): 04
I/telpo_native(  759): 00
I/telpo_native(  759): 00
I/telpo_native(  759): 00
I/telpo_native(  759): 69
I/telpo_native(  759): 00
I/telpo_native(  759): 04
I/telpo_native(  759): 01
I/telpo_native(  759): 00
I/telpo_native(  759): 00
I/telpo_native(  759): 00
I/telpo_native(  759): 00
I/telpo_native(  759): 00
I/telpo_native(  759): 00
I/telpo_native(  759): 00
I/telpo_native(  759): 00
I/telpo_native(  759): 
D/telpo_native(19709): CallIntMethod return ret = 0 length = 20
D/telpo_native(  759): usb_printer_write data start!
D/telpo_native(  759): usb_printer_write start!
E/telpo_native(  759): ret = 25
D/telpo_native(  759): handle_emv_serial_read_write_cmd: usb write length = 25
E/telpo_native(  759): serial_read:start read
E/telpo_native(  759): serial_read:serial_read read_size = 0
D/telpo_native(  759): handle_emv_serial_read_write_cmd: usb_printer_read length = 20
I/telpo_native(  759): 0b
I/telpo_native(  759): b0
I/telpo_native(  759): 96
I/telpo_native(  759): 69
I/telpo_native(  759): 04
I/telpo_native(  759): 00
I/telpo_native(  759): 00
I/telpo_native(  759): 00
I/telpo_native(  759): 6a
I/telpo_native(  759): 00
I/telpo_native(  759): 04
I/telpo_native(  759): 01
I/telpo_native(  759): 00
I/telpo_native(  759): 00
I/telpo_native(  759): 00
I/telpo_native(  759): 00
I/telpo_native(  759): 00
I/telpo_native(  759): 00
I/telpo_native(  759): 00
I/telpo_native(  759): 00
I/telpo_native(  759): 
D/telpo_native(  759): handle_emv_serial_read_write_cmd: parse successfully!
I/telpo_native(  759): handle_emv_serial_read_write_cmd: receive data length is 20
I/telpo_native(  759): 0b
I/telpo_native(  759): b0
I/telpo_native(  759): 96
I/telpo_native(  759): 69
I/telpo_native(  759): 04
I/telpo_native(  759): 00
I/telpo_native(  759): 00
I/telpo_native(  759): 00
I/telpo_native(  759): 6a
I/telpo_native(  759): 00
I/telpo_native(  759): 04
I/telpo_native(  759): 01
I/telpo_native(  759): 00
I/telpo_native(  759): 00
I/telpo_native(  759): 00
I/telpo_native(  759): 00
I/telpo_native(  759): 00
I/telpo_native(  759): 00
I/telpo_native(  759): 00
I/telpo_native(  759): 00
I/telpo_native(  759): 
D/telpo_native(19709): CallIntMethod return ret = 0 length = 20
D/BatteryMeterView( 3211): not on charging...
D/BatteryMeterView( 3211): not on charging...
D/BatteryMeterView( 3211): not on charging...
D/BatteryMeterView( 3211): onDraw level = 6
D/BatteryMeterView( 3211): onDraw level = 6
I/SurfaceFlinger(  260): FPS: 3
D/telpo_native(  759): usb_printer_write data start!
D/telpo_native(  759): usb_printer_write start!
E/telpo_native(  759): ret = 25
D/telpo_native(  759): handle_emv_serial_read_write_cmd: usb write length = 25
E/telpo_native(  759): serial_read:start read
E/telpo_native(  759): serial_read:serial_read read_size = 0
D/telpo_native(  759): handle_emv_serial_read_write_cmd: usb_printer_read length = 20
I/telpo_native(  759): 0b
I/telpo_native(  759): b0
I/telpo_native(  759): 96
I/telpo_native(  759): 69
I/telpo_native(  759): 04
I/telpo_native(  759): 00
I/telpo_native(  759): 00
I/telpo_native(  759): 00
I/telpo_native(  759): 6b
I/telpo_native(  759): 00
I/telpo_native(  759): 04
I/telpo_native(  759): 01
I/telpo_native(  759): 00
I/telpo_native(  759): 00
I/telpo_native(  759): 00
I/telpo_native(  759): 00
I/telpo_native(  759): 00
I/telpo_native(  759): 00
I/telpo_native(  759): 00
I/telpo_native(  759): 00
I/telpo_native(  759): 
D/telpo_native(  759): handle_emv_serial_read_write_cmd: parse successfully!
I/telpo_native(  759): handle_emv_serial_read_write_cmd: receive data length is 20
I/telpo_native(  759): 0b
I/telpo_native(  759): b0
I/telpo_native(  759): 96
I/telpo_native(  759): 69
I/telpo_native(  759): 04
I/telpo_native(  759): 00
I/telpo_native(  759): 00
I/telpo_native(  759): 00
I/telpo_native(  759): 6b
I/telpo_native(  759): 00
I/telpo_native(  759): 04
I/telpo_native(  759): 01
I/telpo_native(  759): 00
I/telpo_native(  759): 00
I/telpo_native(  759): 00
I/telpo_native(  759): 00
I/telpo_native(  759): 00
I/telpo_native(  759): 00
I/telpo_native(  759): 00
I/telpo_native(  759): 00
I/telpo_native(  759): 
D/telpo_native(19709): CallIntMethod return ret = 0 length = 20
D/VM_BMS  (  481): wake_lock acquired
D/VM_BMS  (  481): New BMS data - Size=56
D/VM_BMS  (  481): Start process_bms_data
D/VM_BMS  (  481): Battery charge_cycle=0 fcc_adjust=0 rbatt_adjust=0 cycle_changed=false
D/VM_BMS  (  481): For batt_temp=255 fcc_mah=2200
D/VM_BMS  (  481): Lookup fcc_mah=2200.000000  adjusted fcc_mah=2200.000000
D/VM_BMS  (  481): For ocv=3805750 batt_temp=255 soc=37
D/VM_BMS  (  481): fifo_count=2 acc_count=0
D/VM_BMS  (  481): INIT: ocv=3805750 last_ocv=3805750 batt_temp=255 soc=37
D/VM_BMS  (  481): For soc=37 batt_temp=255 slope=3000
D/VM_BMS  (  481): For soc=37 batt_temp=255 rbatt_sf=105
D/VM_BMS  (  481): rbatt_mohm_default=72, rbatt_mohm=75, sf=105 batt_temp=255
D/VM_BMS  (  481): Lookup rbatt=75.000000  adjusted rbatt=75.000000
D/VM_BMS  (  481): For ocv=3805737 batt_temp=255 soc=37
D/VM_BMS  (  481): FIFO=0 fifo_avg=3.801288 rbatt=0.125000 slope=0.300000 ibatt=0.035648 ocv=3.805738 soc=37 fcc_ah=2.200000 sample_count=128 sample_interval=70 seq_num=6295
D/VM_BMS  (  481): For soc=37 batt_temp=255 slope=3000
D/VM_BMS  (  481): For soc=37 batt_temp=255 rbatt_sf=105
D/VM_BMS  (  481): rbatt_mohm_default=72, rbatt_mohm=75, sf=105 batt_temp=255
D/VM_BMS  (  481): Lookup rbatt=75.000000  adjusted rbatt=75.000000
D/VM_BMS  (  481): For ocv=3805727 batt_temp=255 soc=37
D/VM_BMS  (  481): FIFO=1 fifo_avg=3.802173 rbatt=0.125000 slope=0.300000 ibatt=0.028474 ocv=3.805727 soc=37 fcc_ah=2.200000 sample_count=128 sample_interval=70 seq_num=6295
I/VM_BMS  (  481): power_supply_update: ocv_uv=3805727 ibatt=28474 soc=37 seq_num=6295
D/VM_BMS  (  481): End process_bms_data
D/VM_BMS  (  481): wake_lock released
D/BatteryMeterView( 3211): not on charging...
D/BatteryMeterView( 3211): not on charging...
D/BatteryMeterView( 3211): not on charging...
D/BatteryMeterView( 3211): onDraw level = 6
D/BatteryMeterView( 3211): onDraw level = 6
D/telpo_native(  759): usb_printer_write data start!
D/telpo_native(  759): usb_printer_write start!
E/telpo_native(  759): ret = 25
D/telpo_native(  759): handle_emv_serial_read_write_cmd: usb write length = 25
E/telpo_native(  759): serial_read:start read
E/telpo_native(  759): serial_read:serial_read read_size = 0
D/telpo_native(  759): handle_emv_serial_read_write_cmd: usb_printer_read length = 20
I/telpo_native(  759): 0b
I/telpo_native(  759): b0
I/telpo_native(  759): 96
I/telpo_native(  759): 69
I/telpo_native(  759): 04
I/telpo_native(  759): 00
I/telpo_native(  759): 00
I/telpo_native(  759): 00
I/telpo_native(  759): 6c
I/telpo_native(  759): 00
I/telpo_native(  759): 04
I/telpo_native(  759): 01
I/telpo_native(  759): 00
I/telpo_native(  759): 00
I/telpo_native(  759): 00
I/telpo_native(  759): 00
I/telpo_native(  759): 00
I/telpo_native(  759): 00
I/telpo_native(  759): 00
I/telpo_native(  759): 00
I/telpo_native(  759): 
D/telpo_native(  759): handle_emv_serial_read_write_cmd: parse successfully!
I/telpo_native(  759): handle_emv_serial_read_write_cmd: receive data length is 20
I/telpo_native(  759): 0b
I/telpo_native(  759): b0
I/telpo_native(  759): 96
I/telpo_native(  759): 69
I/telpo_native(  759): 04
I/telpo_native(  759): 00
I/telpo_native(  759): 00
I/telpo_native(  759): 00
I/telpo_native(  759): 6c
I/telpo_native(  759): 00
I/telpo_native(  759): 04
I/telpo_native(  759): 01
I/telpo_native(  759): 00
I/telpo_native(  759): 00
I/telpo_native(  759): 00
I/telpo_native(  759): 00
I/telpo_native(  759): 00
I/telpo_native(  759): 00
I/telpo_native(  759): 00
I/telpo_native(  759): 00
I/telpo_native(  759): 
D/telpo_native(19709): CallIntMethod return ret = 0 length = 20
D/telpo_native(  759): usb_printer_write data start!
D/telpo_native(  759): usb_printer_write start!
E/telpo_native(  759): ret = 25
D/telpo_native(  759): handle_emv_serial_read_write_cmd: usb write length = 25
E/telpo_native(  759): serial_read:start read
E/telpo_native(  759): serial_read:serial_read read_size = 0
D/telpo_native(  759): handle_emv_serial_read_write_cmd: usb_printer_read length = 20
I/telpo_native(  759): 0b
I/telpo_native(  759): b0
I/telpo_native(  759): 96
I/telpo_native(  759): 69
I/telpo_native(  759): 04
I/telpo_native(  759): 00
I/telpo_native(  759): 00
I/telpo_native(  759): 00
I/telpo_native(  759): 6d
I/telpo_native(  759): 00
I/telpo_native(  759): 04
I/telpo_native(  759): 01
I/telpo_native(  759): 00
I/telpo_native(  759): 00
I/telpo_native(  759): 00
I/telpo_native(  759): 00
I/telpo_native(  759): 00
I/telpo_native(  759): 00
I/telpo_native(  759): 00
I/telpo_native(  759): 00
I/telpo_native(  759): 
D/telpo_native(  759): handle_emv_serial_read_write_cmd: parse successfully!
I/telpo_native(  759): handle_emv_serial_read_write_cmd: receive data length is 20
I/telpo_native(  759): 0b
I/telpo_native(  759): b0
I/telpo_native(  759): 96
I/telpo_native(  759): 69
I/telpo_native(  759): 04
I/telpo_native(  759): 00
I/telpo_native(  759): 00
I/telpo_native(  759): 00
I/telpo_native(  759): 6d
I/telpo_native(  759): 00
I/telpo_native(  759): 04
I/telpo_native(  759): 01
I/telpo_native(  759): 00
I/telpo_native(  759): 00
I/telpo_native(  759): 00
I/telpo_native(  759): 00
I/telpo_native(  759): 00
I/telpo_native(  759): 00
I/telpo_native(  759): 00
I/telpo_native(  759): 00
I/telpo_native(  759): 
D/telpo_native(19709): CallIntMethod return ret = 0 length = 20
D/BatteryMeterView( 3211): not on charging...
D/BatteryMeterView( 3211): not on charging...
D/BatteryMeterView( 3211): not on charging...
D/BatteryMeterView( 3211): onDraw level = 6
D/wpa_supplicant( 3788): wlan0: Control interface command 'SIGNAL_POLL'
I/SurfaceFlinger(  260): FPS: 6
D/BatteryMeterView( 3211): onDraw level = 6
D/telpo_native(  759): usb_printer_write data start!
D/telpo_native(  759): usb_printer_write start!
E/telpo_native(  759): ret = 25
D/telpo_native(  759): handle_emv_serial_read_write_cmd: usb write length = 25
E/telpo_native(  759): serial_read:start read
E/telpo_native(  759): serial_read:serial_read read_size = 0
D/telpo_native(  759): handle_emv_serial_read_write_cmd: usb_printer_read length = 20
I/telpo_native(  759): 0b
I/telpo_native(  759): b0
I/telpo_native(  759): 96
I/telpo_native(  759): 69
I/telpo_native(  759): 04
I/telpo_native(  759): 00
I/telpo_native(  759): 00
I/telpo_native(  759): 00
I/telpo_native(  759): 6e
I/telpo_native(  759): 00
I/telpo_native(  759): 04
I/telpo_native(  759): 01
I/telpo_native(  759): 00
I/telpo_native(  759): 00
I/telpo_native(  759): 00
I/telpo_native(  759): 00
I/telpo_native(  759): 00
I/telpo_native(  759): 00
I/telpo_native(  759): 00
I/telpo_native(  759): 00
I/telpo_native(  759): 
D/telpo_native(  759): handle_emv_serial_read_write_cmd: parse successfully!
I/telpo_native(  759): handle_emv_serial_read_write_cmd: receive data length is 20
I/telpo_native(  759): 0b
I/telpo_native(  759): b0
I/telpo_native(  759): 96
I/telpo_native(  759): 69
I/telpo_native(  759): 04
I/telpo_native(  759): 00
I/telpo_native(  759): 00
I/telpo_native(  759): 00
I/telpo_native(  759): 6e
I/telpo_native(  759): 00
I/telpo_native(  759): 04
I/telpo_native(  759): 01
I/telpo_native(  759): 00
I/telpo_native(  759): 00
I/telpo_native(  759): 00
I/telpo_native(  759): 00
I/telpo_native(  759): 00
I/telpo_native(  759): 00
I/telpo_native(  759): 00
I/telpo_native(  759): 00
I/telpo_native(  759): 
D/telpo_native(19709): CallIntMethod return ret = 0 length = 20
D/telpo_native(  759): usb_printer_write data start!
D/telpo_native(  759): usb_printer_write start!
E/telpo_native(  759): ret = 25
D/telpo_native(  759): handle_emv_serial_read_write_cmd: usb write length = 25
E/telpo_native(  759): serial_read:start read
E/telpo_native(  759): serial_read:serial_read read_size = 0
D/telpo_native(  759): handle_emv_serial_read_write_cmd: usb_printer_read length = 20
I/telpo_native(  759): 0b
I/telpo_native(  759): b0
I/telpo_native(  759): 96
I/telpo_native(  759): 69
I/telpo_native(  759): 04
I/telpo_native(  759): 00
I/telpo_native(  759): 00
I/telpo_native(  759): 00
I/telpo_native(  759): 6f
I/telpo_native(  759): 00
I/telpo_native(  759): 04
I/telpo_native(  759): 01
I/telpo_native(  759): 00
I/telpo_native(  759): 00
I/telpo_native(  759): 00
I/telpo_native(  759): 00
I/telpo_native(  759): 00
I/telpo_native(  759): 00
I/telpo_native(  759): 00
I/telpo_native(  759): 00
I/telpo_native(  759): 
D/telpo_native(  759): handle_emv_serial_read_write_cmd: parse successfully!
I/telpo_native(  759): handle_emv_serial_read_write_cmd: receive data length is 20
I/telpo_native(  759): 0b
I/telpo_native(  759): b0
I/telpo_native(  759): 96
I/telpo_native(  759): 69
I/telpo_native(  759): 04
I/telpo_native(  759): 00
I/telpo_native(  759): 00
I/telpo_native(  759): 00
I/telpo_native(  759): 6f
I/telpo_native(  759): 00
I/telpo_native(  759): 04
I/telpo_native(  759): 01
I/telpo_native(  759): 00
I/telpo_native(  759): 00
I/telpo_native(  759): 00
I/telpo_native(  759): 00
I/telpo_native(  759): 00
I/telpo_native(  759): 00
I/telpo_native(  759): 00
I/telpo_native(  759): 00
I/telpo_native(  759): 
D/telpo_native(19709): CallIntMethod return ret = 0 length = 20
V/WLAN_PSA(  315): NL MSG, len[4042], NL type[0x1C] WNI type[0x5900] len[45583]
V/WLAN_PSA(  315): NL MSG, PID: 315
D/BatteryMeterView( 3211): not on charging...
D/BatteryMeterView( 3211): not on charging...
D/BatteryMeterView( 3211): not on charging...
D/BatteryMeterView( 3211): onDraw level = 6
D/BatteryMeterView( 3211): onDraw level = 6
I/SurfaceFlinger(  260): FPS: 3
D/telpo_native(  759): usb_printer_write data start!
D/telpo_native(  759): usb_printer_write start!
E/telpo_native(  759): ret = 25
D/telpo_native(  759): handle_emv_serial_read_write_cmd: usb write length = 25
E/telpo_native(  759): serial_read:start read
E/telpo_native(  759): serial_read:serial_read read_size = 0
D/telpo_native(  759): handle_emv_serial_read_write_cmd: usb_printer_read length = 20
I/telpo_native(  759): 0b
I/telpo_native(  759): b0
I/telpo_native(  759): 96
I/telpo_native(  759): 69
I/telpo_native(  759): 04
I/telpo_native(  759): 00
I/telpo_native(  759): 00
I/telpo_native(  759): 00
I/telpo_native(  759): 70
I/telpo_native(  759): 00
I/telpo_native(  759): 04
I/telpo_native(  759): 01
I/telpo_native(  759): 00
I/telpo_native(  759): 00
I/telpo_native(  759): 00
I/telpo_native(  759): 00
I/telpo_native(  759): 00
I/telpo_native(  759): 00
I/telpo_native(  759): 00
I/telpo_native(  759): 00
I/telpo_native(  759): 
D/telpo_native(  759): handle_emv_serial_read_write_cmd: parse successfully!
I/telpo_native(  759): handle_emv_serial_read_write_cmd: receive data length is 20
I/telpo_native(  759): 0b
I/telpo_native(  759): b0
I/telpo_native(  759): 96
I/telpo_native(  759): 69
I/telpo_native(  759): 04
I/telpo_native(  759): 00
I/telpo_native(  759): 00
I/telpo_native(  759): 00
I/telpo_native(  759): 70
I/telpo_native(  759): 00
I/telpo_native(  759): 04
I/telpo_native(  759): 01
I/telpo_native(  759): 00
I/telpo_native(  759): 00
I/telpo_native(  759): 00
I/telpo_native(  759): 00
I/telpo_native(  759): 00
I/telpo_native(  759): 00
I/telpo_native(  759): 00
I/telpo_native(  759): 00
I/telpo_native(  759): 
D/telpo_native(19709): CallIntMethod return ret = 0 length = 20
E/WifiStateMachine(  759): WifiStateMachine CMD_START_SCAN source -2 txSuccessRate=69.41 rxSuccessRate=52.81 targetRoamBSSID=any RSSI=-44
D/telpo_native(  759): usb_printer_write data start!
D/telpo_native(  759): usb_printer_write start!
E/telpo_native(  759): ret = 25
D/telpo_native(  759): handle_emv_serial_read_write_cmd: usb write length = 25
E/telpo_native(  759): serial_read:start read
