D/VM_BMS  (  481): For batt_temp=255 fcc_mah=2200
D/VM_BMS  (  481): Lookup fcc_mah=2200.000000  adjusted fcc_mah=2200.000000
D/VM_BMS  (  481): For ocv=3805515 batt_temp=255 soc=37
D/VM_BMS  (  481): fifo_count=0 acc_count=8
D/VM_BMS  (  481): INIT: ocv=3805515 last_ocv=3805515 batt_temp=255 soc=37
D/VM_BMS  (  481): For soc=37 batt_temp=255 slope=3000
D/VM_BMS  (  481): For soc=37 batt_temp=255 rbatt_sf=105
D/VM_BMS  (  481): rbatt_mohm_default=72, rbatt_mohm=75, sf=105 batt_temp=255
D/VM_BMS  (  481): Lookup rbatt=75.000000  adjusted rbatt=75.000000
D/VM_BMS  (  481): For ocv=3805515 batt_temp=255 soc=37
D/VM_BMS  (  481): FIFO=0 fifo_avg=3.806071 rbatt=0.125000 slope=0.300000 ibatt=-0.004448 ocv=3.805515 soc=37 fcc_ah=2.200000 sample_count=8 sample_interval=70 seq_num=6523
I/VM_BMS  (  481): power_supply_update: ocv_uv=3805515 ibatt=-4447 soc=37 seq_num=6523
D/VM_BMS  (  481): End process_bms_data
D/VM_BMS  (  481): wake_lock released
E/telpo_native(  759): serial_read:start read
E/telpo_native(  759): serial_read:serial_read read_size = 0
D/telpo_native(  759): handle_emv_serial_read_write_cmd: usb_printer_read length = 20
I/telpo_native(  759): 0b
I/telpo_native(  759): b0
I/telpo_native(  759): 96
I/telpo_native(  759): 69
I/telpo_native(  759): 04
I/telpo_native(  759): 00
I/telpo_native(  759): 00
I/telpo_native(  759): 00
I/telpo_native(  759): 80
I/telpo_native(  759): 00
I/telpo_native(  759): 04
I/telpo_native(  759): 01
I/telpo_native(  759): 00
I/telpo_native(  759): 00
I/telpo_native(  759): 00
I/telpo_native(  759): 00
I/telpo_native(  759): 00
I/telpo_native(  759): 00
I/telpo_native(  759): 00
I/telpo_native(  759): 00
I/telpo_native(  759): 
D/telpo_native(  759): handle_emv_serial_read_write_cmd: parse successfully!
I/telpo_native(  759): handle_emv_serial_read_write_cmd: receive data length is 20
I/telpo_native(  759): 0b
I/telpo_native(  759): b0
I/telpo_native(  759): 96
I/telpo_native(  759): 69
I/telpo_native(  759): 04
I/telpo_native(  759): 00
I/telpo_native(  759): 00
I/telpo_native(  759): 00
I/telpo_native(  759): 80
I/telpo_native(  759): 00
I/telpo_native(  759): 04
I/telpo_native(  759): 01
I/telpo_native(  759): 00
I/telpo_native(  759): 00
I/telpo_native(  759): 00
I/telpo_native(  759): 00
I/telpo_native(  759): 00
I/telpo_native(  759): 00
I/telpo_native(  759): 00
I/telpo_native(  759): 00
I/telpo_native(  759): 
D/telpo_native(19709): CallIntMethod return ret = 0 length = 20
D/BatteryMeterView( 3211): not on charging...
D/BatteryMeterView( 3211): not on charging...
D/BatteryMeterView( 3211): not on charging...
I/qdhwcomposer(  260): handle_blank_event: dpy:0 panel power state: 0
E/qdutils (  260): int qdutils::getHDMINode(): Failed to open fb node 1
E/qdutils (  260): int qdutils::getHDMINode(): Failed to open fb node 2
E/qdutils (  260): int qdutils::getHDMINode(): Failed to find HDMI node
D/VM_BMS  (  481): wake_lock acquired
D/VM_BMS  (  481): New BMS data - Size=56
D/VM_BMS  (  481): Start process_bms_data
D/VM_BMS  (  481): Battery charge_cycle=0 fcc_adjust=0 rbatt_adjust=0 cycle_changed=false
D/telpo_native(  759): usb_printer_write data start!
D/telpo_native(  759): usb_printer_write start!
E/telpo_native(  759): ret = 25
D/telpo_native(  759): handle_emv_serial_read_write_cmd: usb write length = 25
D/VM_BMS  (  481): For batt_temp=255 fcc_mah=2200
D/VM_BMS  (  481): Lookup fcc_mah=2200.000000  adjusted fcc_mah=2200.000000
D/VM_BMS  (  481): For ocv=3805515 batt_temp=255 soc=37
D/VM_BMS  (  481): fifo_count=0 acc_count=8
D/VM_BMS  (  481): INIT: ocv=3805515 last_ocv=3805515 batt_temp=255 soc=37
D/VM_BMS  (  481): For soc=37 batt_temp=255 slope=3000
D/VM_BMS  (  481): For soc=37 batt_temp=255 rbatt_sf=105
D/VM_BMS  (  481): rbatt_mohm_default=72, rbatt_mohm=75, sf=105 batt_temp=255
D/VM_BMS  (  481): Lookup rbatt=75.000000  adjusted rbatt=75.000000
D/VM_BMS  (  481): For ocv=3805515 batt_temp=255 soc=37
D/VM_BMS  (  481): FIFO=0 fifo_avg=3.805816 rbatt=0.125000 slope=0.300000 ibatt=-0.002407 ocv=3.805515 soc=37 fcc_ah=2.200000 sample_count=8 sample_interval=70 seq_num=6524
E/libsuspend(  759): Error writing to /sys/power/state: Device or resource busy
E/telpo_native(  759): Cannot find response header
D/telpo_native(  759): handle_emv_serial_read_write_cmd: not enough data receive,continue
I/VM_BMS  (  481): power_supply_update: ocv_uv=3805515 ibatt=-2406 soc=37 seq_num=6524
D/VM_BMS  (  481): End process_bms_data
D/VM_BMS  (  481): wake_lock released
E/telpo_native(  759): Cannot find response header
D/telpo_native(  759): handle_emv_serial_read_write_cmd: not enough data receive,continue
E/telpo_native(  759): serial_read:start read
E/telpo_native(  759): serial_read:serial_read read_size = 0
D/telpo_native(  759): handle_emv_serial_read_write_cmd: usb_printer_read length = 20
I/telpo_native(  759): 0b
I/telpo_native(  759): b0
I/telpo_native(  759): 96
I/telpo_native(  759): 69
I/telpo_native(  759): 04
I/telpo_native(  759): 00
I/telpo_native(  759): 00
I/telpo_native(  759): 00
I/telpo_native(  759): 81
I/telpo_native(  759): 00
I/telpo_native(  759): 04
I/telpo_native(  759): 01
I/telpo_native(  759): 00
I/telpo_native(  759): 00
I/telpo_native(  759): 00
I/telpo_native(  759): 00
I/telpo_native(  759): 00
I/telpo_native(  759): 00
I/telpo_native(  759): 00
I/telpo_native(  759): 00
I/telpo_native(  759): 
D/telpo_native(  759): handle_emv_serial_read_write_cmd: parse successfully!
I/telpo_native(  759): handle_emv_serial_read_write_cmd: receive data length is 20
I/telpo_native(  759): 0b
I/telpo_native(  759): b0
I/telpo_native(  759): 96
I/telpo_native(  759): 69
I/telpo_native(  759): 04
I/telpo_native(  759): 00
I/telpo_native(  759): 00
I/telpo_native(  759): 00
I/telpo_native(  759): 81
I/telpo_native(  759): 00
I/telpo_native(  759): 04
I/telpo_native(  759): 01
I/telpo_native(  759): 00
I/telpo_native(  759): 00
I/telpo_native(  759): 00
I/telpo_native(  759): 00
I/telpo_native(  759): 00
I/telpo_native(  759): 00
I/telpo_native(  759): 00
I/telpo_native(  759): 00
I/telpo_native(  759): 
D/telpo_native(19709): CallIntMethod return ret = 0 length = 20
D/WindowManager(  759): interceptKeyTq keycode=26 interactive=false keyguardActive=true policyFlags=2000000
W/ContextImpl(  759): Calling a method in the system process without a qualified user: android.app.ContextImpl.sendBroadcast:1441 com.android.internal.policy.impl.PhoneWindowManager.interceptKeyBeforeQueueing:5372 com.android.server.wm.InputMonitor.interceptKeyBeforeQueueing:370 com.android.server.input.InputManagerService.interceptKeyBeforeQueueing:1476 <bottom of call stack> 
I/PowerManagerService(  759): Waking up from dozing (uid 1000)...
I/QCOM PowerHAL(  759): Got set_interactive hint
I/DisplayPowerController(  759): Blocking screen on until initial contents have been drawn.
I/WindowManager(  759): Screen turning on...
I/WindowManager(  759): Win Window{25b4575f u0 android}: isVisibleOrBehindKeyguardLw=true
I/WindowManager(  759): Win Window{38e045e0 u0 StatusBar}: isVisibleOrBehindKeyguardLw=true
I/WindowManager(  759): Win Window{1d6ae551 u0 com.android.phasebeam.PhaseBeamWallpaper}: isVisibleOrBehindKeyguardLw=true
I/WindowManager(  759): Win Window{3d0e02fa u0 com.interswitchng.interswitchpossdkdemo.telpo.v2.debug/com.interswitchng.smartpos.modules.main.MainActivity}: isVisibleOrBehindKeyguardLw=true
V/WindowManager(  759): Fullscreen window: Window{3d0e02fa u0 com.interswitchng.interswitchpossdkdemo.telpo.v2.debug/com.interswitchng.smartpos.modules.main.MainActivity}
I/WindowManager(  759): force=false forcefkg=true top=Window{3d0e02fa u0 com.interswitchng.interswitchpossdkdemo.telpo.v2.debug/com.interswitchng.smartpos.modules.main.MainActivity}
V/WindowManager(  759): Showing status bar: forced
V/WindowManager(  759): finishPostLayoutPolicyLw: mHideKeyguard=false
I/WindowManager(  759): Waking up...
V/KeyguardServiceDelegate(  759): onScreenTurnedOn(showListener = com.android.internal.policy.impl.PhoneWindowManager$2@1f933922)
D/SurfaceFlinger(  260): Set power mode=2, type=0 flinger=0xb84d55f8
D/qdhwcomposer(  260): hwc_setPowerMode: Setting mode 2 on display: 0
E/qdutils (  260): int qdutils::getHDMINode(): Failed to open fb node 1
E/qdutils (  260): int qdutils::getHDMINode(): Failed to open fb node 2
E/qdutils (  260): int qdutils::getHDMINode(): Failed to find HDMI node
I/DisplayManagerService(  759): Display device changed: DisplayDeviceInfo{"Built-in Screen": uniqueId="local:0", 720 x 1280, 60.0 fps, supportedRefreshRates [60.0], density 320, 160.421 x 160.157 dpi, appVsyncOff 0, presDeadline 17666667, touch INTERNAL, rotation 0, type BUILT_IN, state ON, FLAG_DEFAULT_DISPLAY, FLAG_ROTATES_WITH_CONTENT, FLAG_SECURE, FLAG_SUPPORTS_PROTECTED_BUFFERS}
V/ActivityManager(  759): Display changed displayId=0
D/VTCallReceiver( 4966): Receive calling org.codeaurora.PowerKeyDown.Mute
D/VTCallReceiver( 4966): received silence ringer intent, to silence the ringer
D/VT/VideoCallApp( 4966): HandleMessage : 5017
D/VT/VideoCallApp( 4966): App still in idle state, handle message: 5017
D/VT/VideoCallApp( 4966): Error Scenario Exit
D/VT/VideoCallApp( 4966): closeCallScreen()...
I/WindowManager(  759): Win Window{25b4575f u0 android}: isVisibleOrBehindKeyguardLw=true
I/WindowManager(  759): Win Window{38e045e0 u0 StatusBar}: isVisibleOrBehindKeyguardLw=true
I/WindowManager(  759): Win Window{1d6ae551 u0 com.android.phasebeam.PhaseBeamWallpaper}: isVisibleOrBehindKeyguardLw=true
I/WindowManager(  759): Win Window{3d0e02fa u0 com.interswitchng.interswitchpossdkdemo.telpo.v2.debug/com.interswitchng.smartpos.modules.main.MainActivity}: isVisibleOrBehindKeyguardLw=true
V/WindowManager(  759): Fullscreen window: Window{3d0e02fa u0 com.interswitchng.interswitchpossdkdemo.telpo.v2.debug/com.interswitchng.smartpos.modules.main.MainActivity}
I/WindowManager(  759): force=false forcefkg=true top=Window{3d0e02fa u0 com.interswitchng.interswitchpossdkdemo.telpo.v2.debug/com.interswitchng.smartpos.modules.main.MainActivity}
V/WindowManager(  759): Showing status bar: forced
V/WindowManager(  759): finishPostLayoutPolicyLw: mHideKeyguard=false
I/WindowManager(  759): Win Window{25b4575f u0 android}: isVisibleOrBehindKeyguardLw=true
I/WindowManager(  759): Win Window{38e045e0 u0 StatusBar}: isVisibleOrBehindKeyguardLw=true
I/WindowManager(  759): Win Window{1d6ae551 u0 com.android.phasebeam.PhaseBeamWallpaper}: isVisibleOrBehindKeyguardLw=true
I/WindowManager(  759): Win Window{3d0e02fa u0 com.interswitchng.interswitchpossdkdemo.telpo.v2.debug/com.interswitchng.smartpos.modules.main.MainActivity}: isVisibleOrBehindKeyguardLw=true
V/WindowManager(  759): Fullscreen window: Window{3d0e02fa u0 com.interswitchng.interswitchpossdkdemo.telpo.v2.debug/com.interswitchng.smartpos.modules.main.MainActivity}
I/WindowManager(  759): force=false forcefkg=true top=Window{3d0e02fa u0 com.interswitchng.interswitchpossdkdemo.telpo.v2.debug/com.interswitchng.smartpos.modules.main.MainActivity}
V/WindowManager(  759): Showing status bar: forced
V/WindowManager(  759): finishPostLayoutPolicyLw: mHideKeyguard=false
I/WindowManager(  759): Win Window{25b4575f u0 android}: isVisibleOrBehindKeyguardLw=true
I/WindowManager(  759): Win Window{38e045e0 u0 StatusBar}: isVisibleOrBehindKeyguardLw=true
I/WindowManager(  759): Win Window{1d6ae551 u0 com.android.phasebeam.PhaseBeamWallpaper}: isVisibleOrBehindKeyguardLw=true
I/WindowManager(  759): Win Window{3d0e02fa u0 com.interswitchng.interswitchpossdkdemo.telpo.v2.debug/com.interswitchng.smartpos.modules.main.MainActivity}: isVisibleOrBehindKeyguardLw=true
V/WindowManager(  759): Fullscreen window: Window{3d0e02fa u0 com.interswitchng.interswitchpossdkdemo.telpo.v2.debug/com.interswitchng.smartpos.modules.main.MainActivity}
I/WindowManager(  759): force=false forcefkg=true top=Window{3d0e02fa u0 com.interswitchng.interswitchpossdkdemo.telpo.v2.debug/com.interswitchng.smartpos.modules.main.MainActivity}
V/WindowManager(  759): Showing status bar: forced
V/WindowManager(  759): finishPostLayoutPolicyLw: mHideKeyguard=false
E/WifiStateMachine(  759): cancelDelayedScan -> 271
D/wpa_supplicant( 3788): wlan0: Control interface command 'SIGNAL_POLL'
V/WLAN_PSA(  315): NL MSG, len[4032], NL type[0x1C] WNI type[0x5900] len[43023]
V/WLAN_PSA(  315): NL MSG, PID: 315
V/SRS_Proc(  303): ParamSet string: screen_state=on
D/audio_hw_primary(  303): adev_set_parameters: enter: screen_state=on
D/audio_hw_extn(  303): audio_extn_set_anc_parameters: anc_enabled:0
E/audio_a2dp_hw(  303): adev_set_parameters: ERROR: set param called even when stream out is null
D/WindowManager(  759): interceptKeyTq keycode=26 interactive=true keyguardActive=true policyFlags=22000000
E/native  (  759): do suspend false
D/wpa_supplicant( 3788): wlan0: Control interface command 'DRIVER SETSUSPENDMODE 0'
D/wpa_supplicant( 3788): wpa_driver_nl80211_driver_cmd SETSUSPENDMODE 0 len = 0, 4096
I/WifiHAL (  759): Poll result = 1
I/WifiHAL (  759): Found some events!!!
D/WifiHAL (  759): no_seq_check received
I/WifiHAL (  759): event received NL80211_CMD_SET_REKEY_OFFLOAD
I/WifiHAL (  759): event received NL80211_CMD_SET_REKEY_OFFLOAD, vendor_id = 0x0
I/WifiHAL (  759): event ignored!!
D/wpa_supplicant( 3788): wlan0: Control interface command 'BLACKLIST clear'
V/WLAN_PSA(  315): NL MSG, len[4032], NL type[0x1C] WNI type[0x5900] len[43023]
V/WLAN_PSA(  315): NL MSG, PID: 315
D/wpa_supplicant( 3788): nl80211: Event message available
D/wpa_supplicant( 3788): nl80211: Drv Event 79 (NL80211_CMD_SET_REKEY_OFFLOAD) received for wlan0
D/wpa_supplicant( 3788): nl80211: Rekey offload event for BSSID fc:dd:55:70:0b:6b
D/wpa_supplicant( 3788): nl80211: Rekey offload - Replay Counter - hexdump(len=8): 00 00 00 00 00 00 00 01
D/wpa_supplicant( 3788): wlan0: Event DRIVER_GTK_REKEY (37) received
I/qdhwcomposer(  260): handle_blank_event: dpy:0 panel power state: 1
E/qdutils (  260): int qdutils::getHDMINode(): Failed to open fb node 1
E/qdutils (  260): int qdutils::getHDMINode(): Failed to open fb node 2
E/qdutils (  260): int qdutils::getHDMINode(): Failed to find HDMI node
D/qdhwcomposer(  260): hwc_setPowerMode: Done setting mode 2 on display 0
D/WindowManager(  759): interceptKeyTq keycode=224 interactive=true keyguardActive=true policyFlags=22000000
D/WindowManager(  759): Wakeup key down!
W/ContextImpl(  759): Calling a method in the system process without a qualified user: android.app.ContextImpl.sendBroadcast:1441 com.android.internal.policy.impl.PhoneWindowManager.interceptKeyBeforeQueueing:5509 com.android.server.wm.InputMonitor.interceptKeyBeforeQueueing:370 com.android.server.input.InputManagerService.interceptKeyBeforeQueueing:1476 <bottom of call stack> 
D/WindowManager(  759): interceptKeyTq keycode=224 interactive=true keyguardActive=true policyFlags=22000000
D/WindowManager(  759): Wakeup key down!
W/ContextImpl(  759): Calling a method in the system process without a qualified user: android.app.ContextImpl.sendBroadcast:1441 com.android.internal.policy.impl.PhoneWindowManager.interceptKeyBeforeQueueing:5509 com.android.server.wm.InputMonitor.interceptKeyBeforeQueueing:370 com.android.server.input.InputManagerService.interceptKeyBeforeQueueing:1476 <bottom of call stack> 
D/Max32555StateMachine(  759): Recevie action ACTION_SLEEP_OFF
D/SurfaceControl(  759): Excessive delay in setPowerMode(): 431ms
D/Max32555StateMachine(  759): Recevie action ACTION_SLEEP_OFF
W/Max32555StateMachine(  759):  StateNormal 
D/Max32555StateMachine(  759): Exit normal state!
D/Max32555StateMachine(  759): Send status change msg!
D/Max32555StateMachine(  759): Enter connecting state!
D/UsbSession(  759): Thread sleep interrupt!!
W/System.err(  759): java.lang.InterruptedException
W/System.err(  759): 	at java.lang.Thread.sleep(Native Method)
W/System.err(  759): 	at java.lang.Thread.sleep(Thread.java:1031)
W/System.err(  759): 	at java.lang.Thread.sleep(Thread.java:985)
W/System.err(  759): 	at com.common.sdk.max3255.UsbSession$RootPermissionsCheck.run(UsbSession.java:372)
D/telpo_native(  759): opend device fd = 299
D/telpo_native(  759): serial_init_jni: Called! iRet = 0
D/telpo_native(  759): transmit: Called!
D/telpo_native(  759): command = 04
D/telpo_native(  759): libusb_transmit cmd...
D/telpo_native(  759): usb_printer_write data start!
E/telpo_native(  759): ret = 17
I/telpo_native(  759): 69
I/telpo_native(  759): 96
I/telpo_native(  759): b0
I/telpo_native(  759): 0b
I/telpo_native(  759): 01
I/telpo_native(  759): 00
I/telpo_native(  759): 00
I/telpo_native(  759): 00
I/telpo_native(  759): cd
I/telpo_native(  759): 00
I/telpo_native(  759): 00
I/telpo_native(  759): 01
I/telpo_native(  759): 00
I/telpo_native(  759): 00
I/telpo_native(  759): 00
I/telpo_native(  759): 00
I/telpo_native(  759): 04
I/telpo_native(  759): 
D/telpo_native(  759): handle_serial_read_write_cmd: usb write length = 17
D/Max32555Service(  759): Max3255StatusHandler: Max3255 status change!!
D/Max32555Service(  759): Max3255StatusHandler: Max3255 status not normal!!
I/WindowManager(  759): mDock rect: (0,0 - 720,1280)
V/WindowManager(  759): Status bar: dock=[0,50][720,1280] content=[0,50][720,1280] cur=[0,50][720,1280]
V/WindowManager(  759): layoutWindowLw(): normal window
V/WindowManager(  759): Compute frame : sim=#20 attach=null type=2015 flags=0x01000018 pf=[0,50][720,1280] df=[0,50][720,1280] of=[0,50][720,1280] cf=[0,50][720,1280] vf=[0,50][720,1280] dcf=[0,0][720,1280] sf=[0,50][720,1280]
V/WindowManager(  759): Compute frame StatusBar: sim=#10 attach=null type=2000 flags=0x81960040 pf=[0,0][720,1280] df=[0,0][720,1280] of=[0,0][720,1280] cf=[0,50][720,1280] vf=[0,50][720,1280] dcf=[0,0][0,0] sf=[0,50][720,1280]
V/WindowManager(  759): layoutWindowLw(com.android.phasebeam.PhaseBeamWallpaper): IN_SCREEN
V/WindowManager(  759): Compute frame com.android.phasebeam.PhaseBeamWallpaper: sim=#0 attach=null type=2013 flags=0x00000308 pf=[0,0][720,1280] df=[-10000,-10000][10000,10000] of=[0,0][720,1280] cf=[0,0][720,1280] vf=[0,50][720,1280] dcf=[0,0][720,1280] sf=[0,50][720,1280]
V/WindowManager(  759): layoutWindowLw(com.interswitchng.interswitchpossdkdemo.telpo.v2.debug/com.interswitchng.smartpos.modules.main.MainActivity): IN_SCREEN, INSET_DECOR
V/WindowManager(  759): Compute frame com.interswitchng.interswitchpossdkdemo.telpo.v2.debug/com.interswitchng.smartpos.modules.main.MainActivity: sim=#20 attach=null type=1 flags=0x81810100 pf=[0,0][720,1280] df=[0,0][720,1280] of=[0,0][720,1280] cf=[0,50][720,1280] vf=[0,50][720,1280] dcf=[0,0][720,1280] sf=[0,50][720,1280]
I/WindowManager(  759): Win Window{25b4575f u0 android}: isVisibleOrBehindKeyguardLw=true
I/WindowManager(  759): Win Window{38e045e0 u0 StatusBar}: isVisibleOrBehindKeyguardLw=true
I/WindowManager(  759): Win Window{1d6ae551 u0 com.android.phasebeam.PhaseBeamWallpaper}: isVisibleOrBehindKeyguardLw=true
I/WindowManager(  759): Win Window{3d0e02fa u0 com.interswitchng.interswitchpossdkdemo.telpo.v2.debug/com.interswitchng.smartpos.modules.main.MainActivity}: isVisibleOrBehindKeyguardLw=true
V/WindowManager(  759): Fullscreen window: Window{3d0e02fa u0 com.interswitchng.interswitchpossdkdemo.telpo.v2.debug/com.interswitchng.smartpos.modules.main.MainActivity}
I/WindowManager(  759): force=false forcefkg=true top=Window{3d0e02fa u0 com.interswitchng.interswitchpossdkdemo.telpo.v2.debug/com.interswitchng.smartpos.modules.main.MainActivity}
V/WindowManager(  759): Showing status bar: forced
V/WindowManager(  759): finishPostLayoutPolicyLw: mHideKeyguard=false
W/ContextImpl(  759): Calling a method in the system process without a qualified user: android.app.ContextImpl.sendBroadcast:1441 com.common.sdk.max3255.Max32555Service$Max3255StatusHandler.handleMessage:291 android.os.Handler.dispatchMessage:102 android.os.Looper.loop:135 com.android.server.SystemServer.run:290 
V/KeyguardServiceDelegate(  759): **** SHOWN CALLED ****
D/WindowManager(  759): mKeyguardDelegate.ShowListener.onShown.
W/WindowManager(  759): Setting mKeyguardDrawComplete
D/WindowManager(  759): finishScreenTurningOn: mAwake=true, mScreenOnEarly=true, mScreenOnFully=false, mKeyguardDrawComplete=true, mWindowManagerDrawComplete=false
E/telpo_native(  759): serial_read:start read
E/telpo_native(  759): serial_read:serial_read read_size = 0
D/StatusBar.MSimNetworkController( 3211): refreshViews phoneId =0mMSimDataConnected =false
D/StatusBar.MSimNetworkController( 3211): refreshViews mMSimDataActivity =0
I/WindowManager(  759): mDock rect: (0,0 - 720,1280)
V/WindowManager(  759): Status bar: dock=[0,50][720,1280] content=[0,50][720,1280] cur=[0,50][720,1280]
V/WindowManager(  759): layoutWindowLw(): normal window
V/WindowManager(  759): Compute frame : sim=#20 attach=null type=2015 flags=0x01000018 pf=[0,50][720,1280] df=[0,50][720,1280] of=[0,50][720,1280] cf=[0,50][720,1280] vf=[0,50][720,1280] dcf=[0,0][720,1280] sf=[0,50][720,1280]
V/WindowManager(  759): Compute frame StatusBar: sim=#10 attach=null type=2000 flags=0x81960040 pf=[0,0][720,1280] df=[0,0][720,1280] of=[0,0][720,1280] cf=[0,50][720,1280] vf=[0,50][720,1280] dcf=[0,0][0,0] sf=[0,50][720,1280]
V/WindowManager(  759): layoutWindowLw(com.android.phasebeam.PhaseBeamWallpaper): IN_SCREEN
V/WindowManager(  759): Compute frame com.android.phasebeam.PhaseBeamWallpaper: sim=#0 attach=null type=2013 flags=0x00000308 pf=[0,0][720,1280] df=[-10000,-10000][10000,10000] of=[0,0][720,1280] cf=[0,0][720,1280] vf=[0,50][720,1280] dcf=[0,0][720,1280] sf=[0,50][720,1280]
V/WindowManager(  759): layoutWindowLw(com.interswitchng.interswitchpossdkdemo.telpo.v2.debug/com.interswitchng.smartpos.modules.main.MainActivity): IN_SCREEN, INSET_DECOR
V/WindowManager(  759): Compute frame com.interswitchng.interswitchpossdkdemo.telpo.v2.debug/com.interswitchng.smartpos.modules.main.MainActivity: sim=#20 attach=null type=1 flags=0x81810100 pf=[0,0][720,1280] df=[0,0][720,1280] of=[0,0][720,1280] cf=[0,50][720,1280] vf=[0,50][720,1280] dcf=[0,0][720,1280] sf=[0,50][720,1280]
I/WindowManager(  759): Win Window{25b4575f u0 android}: isVisibleOrBehindKeyguardLw=true
I/WindowManager(  759): Win Window{38e045e0 u0 StatusBar}: isVisibleOrBehindKeyguardLw=true
I/WindowManager(  759): Win Window{1d6ae551 u0 com.android.phasebeam.PhaseBeamWallpaper}: isVisibleOrBehindKeyguardLw=true
I/WindowManager(  759): Win Window{3d0e02fa u0 com.interswitchng.interswitchpossdkdemo.telpo.v2.debug/com.interswitchng.smartpos.modules.main.MainActivity}: isVisibleOrBehindKeyguardLw=true
V/WindowManager(  759): Fullscreen window: Window{3d0e02fa u0 com.interswitchng.interswitchpossdkdemo.telpo.v2.debug/com.interswitchng.smartpos.modules.main.MainActivity}
I/WindowManager(  759): force=false forcefkg=true top=Window{3d0e02fa u0 com.interswitchng.interswitchpossdkdemo.telpo.v2.debug/com.interswitchng.smartpos.modules.main.MainActivity}
V/WindowManager(  759): Showing status bar: forced
V/WindowManager(  759): finishPostLayoutPolicyLw: mHideKeyguard=false
D/telpo_native(  759): handle_serial_read_write_cmd: usb_printer_read length = 24
D/telpo_native(  759): rcvData = 0b
D/telpo_native(  759): rcvData = b0
D/telpo_native(  759): rcvData = 96
D/telpo_native(  759): rcvData = 69
D/telpo_native(  759): rcvData = 08
D/telpo_native(  759): rcvData = 00
D/telpo_native(  759): rcvData = 00
D/telpo_native(  759): rcvData = 00
D/telpo_native(  759): rcvData = cd
D/telpo_native(  759): rcvData = 00
D/telpo_native(  759): rcvData = 00
D/telpo_native(  759): rcvData = 01
D/telpo_native(  759): rcvData = 00
D/telpo_native(  759): rcvData = 00
D/telpo_native(  759): rcvData = 00
D/telpo_native(  759): rcvData = 00
D/telpo_native(  759): rcvData = 00
D/telpo_native(  759): rcvData = 00
D/telpo_native(  759): rcvData = 00
D/telpo_native(  759): rcvData = 00
D/telpo_native(  759): rcvData = 01
D/telpo_native(  759): rcvData = 00
D/telpo_native(  759): rcvData = 00
D/telpo_native(  759): rcvData = 00
W/telpo_native(  759): response data len is 8
D/telpo_native(  759): handle_serial_read_write_cmd: parse successfully!
I/telpo_native(  759): handle_serial_read_write_cmd: receive data length is 8
I/telpo_native(  759): 00
I/telpo_native(  759): 00
I/telpo_native(  759): 00
I/telpo_native(  759): 00
I/telpo_native(  759): 01
I/telpo_native(  759): 00
I/telpo_native(  759): 00
I/telpo_native(  759): 00
I/telpo_native(  759): 
D/UsbSession(  759): this version is a mergeversion
D/telpo_native(  759): transmit: Called!
D/telpo_native(  759): command = 09
D/telpo_native(  759): libusb_transmit cmd...
D/telpo_native(  759): usb_printer_write data start!
E/telpo_native(  759): ret = 17
I/telpo_native(  759): 69
I/telpo_native(  759): 96
I/telpo_native(  759): b0
I/telpo_native(  759): 0b
I/telpo_native(  759): 01
I/telpo_native(  759): 00
I/telpo_native(  759): 00
I/telpo_native(  759): 00
I/telpo_native(  759): ce
I/telpo_native(  759): 00
I/telpo_native(  759): 00
I/telpo_native(  759): 01
I/telpo_native(  759): 00
I/telpo_native(  759): 00
I/telpo_native(  759): 00
I/telpo_native(  759): 00
I/telpo_native(  759): 09
I/telpo_native(  759): 
D/telpo_native(  759): handle_serial_read_write_cmd: usb write length = 17
W/ThermalPrinterService(  759): ThermalPrinterService: 3255 disconnect!
I/WindowManager(  759): All windows ready for display!
W/WindowManager(  759): Setting mWindowManagerDrawComplete
D/WindowManager(  759): finishScreenTurningOn: mAwake=true, mScreenOnEarly=true, mScreenOnFully=false, mKeyguardDrawComplete=true, mWindowManagerDrawComplete=true
I/WindowManager(  759): Finished screen turning on...
D/StatusBar.MSimNetworkController( 3211): refreshViews: Data not connected!! Set no data type icon / Roaming for phoneId: 0
D/StatusBar.MSimNetworkController( 3211): refreshViews connected={ wifi } level=3 mMSimcombinedSignalIconId=0x7f020352/com.android.systemui:drawable/stat_sys_wifi_signal_4_fully mMSimcombinedActivityIconId=0x7f020347 mAirplaneMode=false mMSimDataActivity=0 mMSimPhoneSignalIconId=0x7f020339/com.android.systemui:drawable/stat_sys_signal_null mMSimDataDirectionIconId=0x0 mMSimDataSignalIconId=0x7f020339 mMSimDataTypeIconId=0x0/(null) mNoMSimIconId=0x7f02009a/com.android.systemui:drawable/ic_qs_no_sim mMSimMobileActivityIconId=0x0/(null) mWifiIconId=0x7f020352 mBluetoothTetherIconId=0x10806a2
E/telpo_native(  759): serial_read:start read
E/telpo_native(  759): serial_read:serial_read read_size = 0
D/telpo_native(  759): handle_serial_read_write_cmd: usb_printer_read length = 24
D/telpo_native(  759): rcvData = 0b
D/telpo_native(  759): rcvData = b0
D/telpo_native(  759): rcvData = 96
D/telpo_native(  759): rcvData = 69
D/telpo_native(  759): rcvData = 08
D/telpo_native(  759): rcvData = 00
D/telpo_native(  759): rcvData = 00
D/telpo_native(  759): rcvData = 00
D/telpo_native(  759): rcvData = ce
D/telpo_native(  759): rcvData = 00
D/telpo_native(  759): rcvData = 00
D/telpo_native(  759): rcvData = 01
D/telpo_native(  759): rcvData = 00
D/telpo_native(  759): rcvData = 00
D/telpo_native(  759): rcvData = 00
D/telpo_native(  759): rcvData = 00
D/telpo_native(  759): rcvData = 00
D/telpo_native(  759): rcvData = 00
D/telpo_native(  759): rcvData = 00
D/telpo_native(  759): rcvData = 00
D/telpo_native(  759): rcvData = 01
D/telpo_native(  759): rcvData = 00
D/telpo_native(  759): rcvData = 00
D/telpo_native(  759): rcvData = 00
W/telpo_native(  759): response data len is 8
D/telpo_native(  759): handle_serial_read_write_cmd: parse successfully!
I/telpo_native(  759): handle_serial_read_write_cmd: receive data length is 8
I/telpo_native(  759): 00
I/telpo_native(  759): 00
I/telpo_native(  759): 00
I/telpo_native(  759): 00
I/telpo_native(  759): 01
I/telpo_native(  759): 00
I/telpo_native(  759): 00
I/telpo_native(  759): 00
I/telpo_native(  759): 
I/WindowManager(  759): Win Window{25b4575f u0 android}: isVisibleOrBehindKeyguardLw=true
I/WindowManager(  759): Win Window{38e045e0 u0 StatusBar}: isVisibleOrBehindKeyguardLw=true
I/WindowManager(  759): Win Window{1d6ae551 u0 com.android.phasebeam.PhaseBeamWallpaper}: isVisibleOrBehindKeyguardLw=true
I/WindowManager(  759): Win Window{3d0e02fa u0 com.interswitchng.interswitchpossdkdemo.telpo.v2.debug/com.interswitchng.smartpos.modules.main.MainActivity}: isVisibleOrBehindKeyguardLw=true
V/WindowManager(  759): Fullscreen window: Window{3d0e02fa u0 com.interswitchng.interswitchpossdkdemo.telpo.v2.debug/com.interswitchng.smartpos.modules.main.MainActivity}
I/WindowManager(  759): force=false forcefkg=true top=Window{3d0e02fa u0 com.interswitchng.interswitchpossdkdemo.telpo.v2.debug/com.interswitchng.smartpos.modules.main.MainActivity}
V/WindowManager(  759): Showing status bar: forced
V/WindowManager(  759): finishPostLayoutPolicyLw: mHideKeyguard=false
D/BatteryMeterView( 3211): not on charging...
I/SurfaceFlinger(  260): FPS: 4
D/BatteryMeterView( 3211): not on charging...
D/UsbSession(  759): authorizationLevel = 1
D/telpo_native(  759): usb_printer_write data start!
D/telpo_native(  759): usb_printer_write start!
E/telpo_native(  759): ret = 25
D/telpo_native(  759): handle_emv_serial_read_write_cmd: usb write length = 25
I/DisplayPowerController(  759): Unblocked screen on after 492 ms
D/BatteryMeterView( 3211): not on charging...
D/UsbSession(  759):  firmware is financial
D/UsbSession(  759): checkBootloaderFlag match the product.type,no need to switch
E/telpo_native(  759): serial_read:start read
E/telpo_native(  759): serial_read:serial_read read_size = 0
D/telpo_native(  759): handle_emv_serial_read_write_cmd: usb_printer_read length = 20
I/telpo_native(  759): 0b
I/telpo_native(  759): b0
I/telpo_native(  759): 96
I/telpo_native(  759): 69
I/telpo_native(  759): 04
I/telpo_native(  759): 00
I/telpo_native(  759): 00
I/telpo_native(  759): 00
I/telpo_native(  759): 82
I/telpo_native(  759): 00
I/telpo_native(  759): 04
I/telpo_native(  759): 01
I/telpo_native(  759): 00
I/telpo_native(  759): 00
I/telpo_native(  759): 00
I/telpo_native(  759): 00
I/telpo_native(  759): 00
I/telpo_native(  759): 00
I/telpo_native(  759): 00
I/telpo_native(  759): 00
I/telpo_native(  759): 
D/telpo_native(  759): handle_emv_serial_read_write_cmd: parse successfully!
I/telpo_native(  759): handle_emv_serial_read_write_cmd: receive data length is 20
I/telpo_native(  759): 0b
I/telpo_native(  759): b0
I/telpo_native(  759): 96
I/telpo_native(  759): 69
I/telpo_native(  759): 04
I/telpo_native(  759): 00
I/telpo_native(  759): 00
I/telpo_native(  759): 00
I/telpo_native(  759): 82
I/telpo_native(  759): 00
I/telpo_native(  759): 04
I/telpo_native(  759): 01
I/telpo_native(  759): 00
I/telpo_native(  759): 00
I/telpo_native(  759): 00
I/telpo_native(  759): 00
I/telpo_native(  759): 00
I/telpo_native(  759): 00
I/telpo_native(  759): 00
I/telpo_native(  759): 00
I/telpo_native(  759): 
D/telpo_native(  759): transmit: Called!
D/telpo_native(  759): command = 04
D/telpo_native(  759): libusb_transmit cmd...
D/telpo_native(  759): usb_printer_write data start!
D/telpo_native(19709): CallIntMethod return ret = 0 length = 20
E/telpo_native(  759): ret = 17
I/telpo_native(  759): 69
I/telpo_native(  759): 96
I/telpo_native(  759): b0
I/telpo_native(  759): 0b
I/telpo_native(  759): 01
I/telpo_native(  759): 00
I/telpo_native(  759): 00
I/telpo_native(  759): 00
I/telpo_native(  759): cf
I/telpo_native(  759): 00
I/telpo_native(  759): 00
I/telpo_native(  759): 01
I/telpo_native(  759): 00
I/telpo_native(  759): 00
I/telpo_native(  759): 00
I/telpo_native(  759): 00
I/telpo_native(  759): 04
I/telpo_native(  759): 
D/telpo_native(  759): handle_serial_read_write_cmd: usb write length = 17
I/DreamManagerService(  759): Gently waking up from dream.
E/telpo_native(  759): serial_read:start read
E/telpo_native(  759): serial_read:serial_read read_size = 0
D/telpo_native(  759): handle_serial_read_write_cmd: usb_printer_read length = 24
D/telpo_native(  759): rcvData = 0b
D/telpo_native(  759): rcvData = b0
D/telpo_native(  759): rcvData = 96
D/telpo_native(  759): rcvData = 69
D/telpo_native(  759): rcvData = 08
D/telpo_native(  759): rcvData = 00
D/telpo_native(  759): rcvData = 00
D/telpo_native(  759): rcvData = 00
D/telpo_native(  759): rcvData = cf
D/telpo_native(  759): rcvData = 00
D/telpo_native(  759): rcvData = 00
D/telpo_native(  759): rcvData = 01
D/telpo_native(  759): rcvData = 00
D/telpo_native(  759): rcvData = 00
D/telpo_native(  759): rcvData = 00
D/telpo_native(  759): rcvData = 00
D/telpo_native(  759): rcvData = 00
D/telpo_native(  759): rcvData = 00
D/telpo_native(  759): rcvData = 00
D/telpo_native(  759): rcvData = 00
D/telpo_native(  759): rcvData = 01
D/telpo_native(  759): rcvData = 00
D/telpo_native(  759): rcvData = 00
D/telpo_native(  759): rcvData = 00
W/telpo_native(  759): response data len is 8
D/telpo_native(  759): handle_serial_read_write_cmd: parse successfully!
I/telpo_native(  759): handle_serial_read_write_cmd: receive data length is 8
I/telpo_native(  759): 00
I/telpo_native(  759): 00
I/telpo_native(  759): 00
I/telpo_native(  759): 00
I/telpo_native(  759): 01
I/telpo_native(  759): 00
I/telpo_native(  759): 00
I/telpo_native(  759): 00
I/telpo_native(  759): 
D/UsbSession(  759): check MODE is work_mode
D/GestureManagerService( 3540): echo 0 to /sys/class/gesture/gesture_ft5x06/pocket
D/UsbSession(  759): use vendor's firmware
D/UsbSession(  759): the firmware exists
W/GestureManagerService( 3540): failed to set node: java.io.FileNotFoundException: /sys/class/gesture/gesture_ft5x06/pocket: open failed: ENOENT (No such file or directory)
D/UsbSession(  759): updatVersion = FIRMWARE-V1.10-Build.20190725
D/telpo_native(  759): transmit: Called!
D/telpo_native(  759): command = 17
D/telpo_native(  759): libusb_transmit cmd...
D/telpo_native(  759): usb_printer_write data start!
E/telpo_native(  759): ret = 17
I/telpo_native(  759): 69
I/telpo_native(  759): 96
I/telpo_native(  759): b0
I/telpo_native(  759): 0b
I/DreamManagerService(  759): Leaving dreamland.
I/DreamController(  759): Stopping dream: name=ComponentInfo{com.android.systemui/com.android.systemui.doze.DozeService}, isTest=false, canDoze=true, userId=0
I/telpo_native(  759): 01
I/telpo_native(  759): 00
I/telpo_native(  759): 00
I/telpo_native(  759): 00
I/telpo_native(  759): d0
I/telpo_native(  759): 00
I/telpo_native(  759): 02
I/telpo_native(  759): 01
I/telpo_native(  759): 00
I/telpo_native(  759): 00
I/telpo_native(  759): 00
I/telpo_native(  759): 00
I/telpo_native(  759): 17
I/telpo_native(  759): 
D/telpo_native(  759): handle_serial_read_write_cmd: usb write length = 17
E/telpo_native(  759): serial_read:start read
E/telpo_native(  759): serial_read:serial_read read_size = 0
D/StatusBar.MSimNetworkController( 3211): getPhoneId phoneId: 0
D/StatusBar.MSimNetworkController( 3211): onDataActivity received on phoneId :0direction=0
D/StatusBar.MSimNetworkController( 3211): updateDataIcon phoneId =0
D/telpo_native(  759): handle_serial_read_write_cmd: usb_printer_read length = 51
D/telpo_native(  759): rcvData = 0b
D/telpo_native(  759): rcvData = b0
D/telpo_native(  759): rcvData = 96
D/telpo_native(  759): rcvData = 69
D/telpo_native(  759): rcvData = 23
D/telpo_native(  759): rcvData = 00
D/telpo_native(  759): rcvData = 00
D/telpo_native(  759): rcvData = 00
D/telpo_native(  759): rcvData = d0
D/telpo_native(  759): rcvData = 00
D/telpo_native(  759): rcvData = 02
D/telpo_native(  759): rcvData = 01
D/telpo_native(  759): rcvData = 00
D/telpo_native(  759): rcvData = 00
D/telpo_native(  759): rcvData = 00
D/telpo_native(  759): rcvData = 00
D/telpo_native(  759): rcvData = 00
D/telpo_native(  759): rcvData = 00
D/StatusBar.MSimNetworkController( 3211): updateDataIcon dataSub =0
D/telpo_native(  759): rcvData = 00
D/telpo_native(  759): rcvData = 00
D/telpo_native(  759): rcvData = 1e
D/StatusBar.MSimNetworkController( 3211): updateDataIcon  when SimState =ABSENT
D/telpo_native(  759): rcvData = 46
D/telpo_native(  759): rcvData = 49
D/StatusBar.MSimNetworkController( 3211): updateDataIcon when mMSimDataConnected[0] =false mMSimMobileActivityIconId[0] = 0
D/telpo_native(  759): rcvData = 52
D/telpo_native(  759): rcvData = 4d
D/StatusBar.MSimNetworkController( 3211): refreshViews phoneId =0mMSimDataConnected =false
D/telpo_native(  759): rcvData = 57
D/telpo_native(  759): rcvData = 41
D/telpo_native(  759): rcvData = 52
D/StatusBar.MSimNetworkController( 3211): refreshViews mMSimDataActivity =0
D/telpo_native(  759): rcvData = 45
D/telpo_native(  759): rcvData = 2d
D/telpo_native(  759): rcvData = 56
D/telpo_native(  759): rcvData = 31
D/telpo_native(  759): rcvData = 2e
D/telpo_native(  759): rcvData = 31
D/telpo_native(  759): rcvData = 30
D/telpo_native(  759): rcvData = 2d
D/telpo_native(  759): rcvData = 42
D/telpo_native(  759): rcvData = 75
D/telpo_native(  759): rcvData = 69
D/telpo_native(  759): rcvData = 6c
D/telpo_native(  759): rcvData = 64
D/telpo_native(  759): rcvData = 2e
D/telpo_native(  759): rcvData = 32
D/telpo_native(  759): rcvData = 30
D/telpo_native(  759): rcvData = 31
D/telpo_native(  759): rcvData = 39
D/telpo_native(  759): rcvData = 30
D/telpo_native(  759): rcvData = 37
D/telpo_native(  759): rcvData = 32
D/telpo_native(  759): rcvData = 35
D/telpo_native(  759): rcvData = 00
W/telpo_native(  759): response data len is 35
D/telpo_native(  759): handle_serial_read_write_cmd: parse successfully!
I/telpo_native(  759): handle_serial_read_write_cmd: receive data length is 35
I/telpo_native(  759): 00
I/telpo_native(  759): 00
I/telpo_native(  759): 00
I/telpo_native(  759): 00
I/telpo_native(  759): 1e
I/telpo_native(  759): 46
I/telpo_native(  759): 49
I/telpo_native(  759): 52
I/telpo_native(  759): 4d
I/telpo_native(  759): 57
I/telpo_native(  759): 41
I/telpo_native(  759): 52
I/telpo_native(  759): 45
I/telpo_native(  759): 2d
I/telpo_native(  759): 56
I/telpo_native(  759): 31
I/telpo_native(  759): 2e
I/telpo_native(  759): 31
I/telpo_native(  759): 30
I/telpo_native(  759): 2d
I/telpo_native(  759): 42
I/telpo_native(  759): 75
I/telpo_native(  759): 69
I/telpo_native(  759): 6c
I/telpo_native(  759): 64
I/telpo_native(  759): 2e
I/telpo_native(  759): 32
I/telpo_native(  759): 30
I/telpo_native(  759): 31
I/telpo_native(  759): 39
I/telpo_native(  759): 30
I/telpo_native(  759): 37
I/telpo_native(  759): 32
I/telpo_native(  759): 35
I/telpo_native(  759): 00
I/telpo_native(  759): 
D/UsbSession(  759): getVersion = FIRMWARE-V1.10-Build.20190725
E/UsbSession(  759): Updatefirware is the same of Currentfirware,The UpdatefirwareNum is20190725
D/UsbSession(  759): no find a local firware need to update
W/Max32555StateMachine(  759):  StateConnectting 
W/Max32555StateMachine(  759): Do nothing!
W/Max32555StateMachine(  759):  StateConnectting 
D/Max32555StateMachine(  759): Exit connecting state!
D/Max32555StateMachine(  759): Send status change msg!
D/Max32555StateMachine(  759): Enter normal state!
D/Max32555Service(  759): Max3255StatusHandler: Max3255 status change!!
D/Max32555Service(  759): Max3255StatusHandler: Max3255 status normal!!
W/ContextImpl(  759): Calling a method in the system process without a qualified user: android.app.ContextImpl.sendBroadcast:1441 com.common.sdk.max3255.Max32555Service$Max3255StatusHandler.handleMessage:285 android.os.Handler.dispatchMessage:102 android.os.Looper.loop:135 com.android.server.SystemServer.run:290 
D/StatusBar.MSimNetworkController( 3211): refreshViews: Data not connected!! Set no data type icon / Roaming for phoneId: 0
W/ThermalPrinterService(  759): ThermalPrinterService: 3255 connect!
D/telpo_native(  759): transmit: Called!
D/telpo_native(  759): command = 08
D/telpo_native(  759): libusb_transmit cmd...
D/StatusBar.MSimNetworkController( 3211): refreshViews connected={ wifi } level=3 mMSimcombinedSignalIconId=0x7f020352/com.android.systemui:drawable/stat_sys_wifi_signal_4_fully mMSimcombinedActivityIconId=0x7f020347 mAirplaneMode=false mMSimDataActivity=0 mMSimPhoneSignalIconId=0x7f020339/com.android.systemui:drawable/stat_sys_signal_null mMSimDataDirectionIconId=0x0 mMSimDataSignalIconId=0x7f020339 mMSimDataTypeIconId=0x0/(null) mNoMSimIconId=0x7f02009a/com.android.systemui:drawable/ic_qs_no_sim mMSimMobileActivityIconId=0x0/(null) mWifiIconId=0x7f020352 mBluetoothTetherIconId=0x10806a2
D/telpo_native(  759): usb_printer_write data start!
E/telpo_native(  759): ret = 17
I/telpo_native(  759): 69
I/telpo_native(  759): 96
I/telpo_native(  759): b0
I/telpo_native(  759): 0b
I/telpo_native(  759): 01
I/telpo_native(  759): 00
I/telpo_native(  759): 00
I/telpo_native(  759): 00
I/telpo_native(  759): d1
I/telpo_native(  759): 00
I/telpo_native(  759): 00
I/telpo_native(  759): 01
I/telpo_native(  759): 00
I/telpo_native(  759): 00
I/telpo_native(  759): 00
I/telpo_native(  759): 00
I/telpo_native(  759): 08
I/telpo_native(  759): 
D/telpo_native(  759): handle_serial_read_write_cmd: usb write length = 17
I/PPDaemon(  347): int ScreenRefresher::Refresh(uint32_t, uint32_t)(): Skipping refresh request! refCount 1, state 5
I/PPDaemon(  347): int ScreenRefresher::Refresh(uint32_t, uint32_t)(): Skipping refresh request! refCount 2, state 5
E/telpo_native(  759): serial_read:start read
E/telpo_native(  759): serial_read:serial_read read_size = 0
D/telpo_native(  759): handle_serial_read_write_cmd: usb_printer_read length = 56
D/telpo_native(  759): rcvData = 0b
D/telpo_native(  759): rcvData = b0
D/telpo_native(  759): rcvData = 96
D/telpo_native(  759): rcvData = 69
D/telpo_native(  759): rcvData = 28
D/telpo_native(  759): rcvData = 00
D/telpo_native(  759): rcvData = 00
D/telpo_native(  759): rcvData = 00
D/telpo_native(  759): rcvData = d1
D/telpo_native(  759): rcvData = 00
D/telpo_native(  759): rcvData = 00
D/telpo_native(  759): rcvData = 01
D/telpo_n