D/wpa_supplicant( 7163): CTRL_IFACE: GET_NETWORK id=3 name='auth_alg'
D/wpa_supplicant( 7163): CTRL_IFACE: Failed to get network variable 'auth_alg'
D/wpa_supplicant( 7163): wlan0: Control interface command 'GET_NETWORK 3 pairwise'
D/wpa_supplicant( 7163): CTRL_IFACE: GET_NETWORK id=3 name='pairwise'
D/wpa_supplicant( 7163): wlan0: Control interface command 'GET_NETWORK 3 group'
D/wpa_supplicant( 7163): CTRL_IFACE: GET_NETWORK id=3 name='group'
D/wpa_supplicant( 7163): wlan0: Control interface command 'GET_NETWORK 3 eap'
D/wpa_supplicant( 7163): CTRL_IFACE: GET_NETWORK id=3 name='eap'
D/wpa_supplicant( 7163): CTRL_IFACE: Failed to get network variable 'eap'
D/wpa_supplicant( 7163): wlan0: Control interface command 'GET_NETWORK 3 phase2'
D/wpa_supplicant( 7163): CTRL_IFACE: GET_NETWORK id=3 name='phase2'
D/wpa_supplicant( 7163): CTRL_IFACE: Failed to get network variable 'phase2'
D/wpa_supplicant( 7163): wlan0: Control interface command 'GET_NETWORK 3 identity'
D/wpa_supplicant( 7163): CTRL_IFACE: GET_NETWORK id=3 name='identity'
D/wpa_supplicant( 7163): CTRL_IFACE: Failed to get network variable 'identity'
D/wpa_supplicant( 7163): wlan0: Control interface command 'GET_NETWORK 3 anonymous_identity'
D/wpa_supplicant( 7163): CTRL_IFACE: GET_NETWORK id=3 name='anonymous_identity'
D/wpa_supplicant( 7163): CTRL_IFACE: Failed to get network variable 'anonymous_identity'
D/wpa_supplicant( 7163): wlan0: Control interface command 'GET_NETWORK 3 password'
D/wpa_supplicant( 7163): CTRL_IFACE: GET_NETWORK id=3 name='password'
D/wpa_supplicant( 7163): CTRL_IFACE: Failed to get network variable 'password'
D/wpa_supplicant( 7163): wlan0: Control interface command 'GET_NETWORK 3 client_cert'
D/wpa_supplicant( 7163): CTRL_IFACE: GET_NETWORK id=3 name='client_cert'
D/wpa_supplicant( 7163): CTRL_IFACE: Failed to get network variable 'client_cert'
D/wpa_supplicant( 7163): wlan0: Control interface command 'GET_NETWORK 3 ca_cert'
D/wpa_supplicant( 7163): CTRL_IFACE: GET_NETWORK id=3 name='ca_cert'
D/wpa_supplicant( 7163): CTRL_IFACE: Failed to get network variable 'ca_cert'
D/wpa_supplicant( 7163): wlan0: Control interface command 'GET_NETWORK 3 subject_match'
D/wpa_supplicant( 7163): CTRL_IFACE: GET_NETWORK id=3 name='subject_match'
D/wpa_supplicant( 7163): CTRL_IFACE: Failed to get network variable 'subject_match'
D/wpa_supplicant( 7163): wlan0: Control interface command 'GET_NETWORK 3 engine'
D/wpa_supplicant( 7163): CTRL_IFACE: GET_NETWORK id=3 name='engine'
D/wpa_supplicant( 7163): wlan0: Control interface command 'GET_NETWORK 3 engine_id'
D/wpa_supplicant( 7163): CTRL_IFACE: GET_NETWORK id=3 name='engine_id'
D/wpa_supplicant( 7163): CTRL_IFACE: Failed to get network variable 'engine_id'
D/wpa_supplicant( 7163): wlan0: Control interface command 'GET_NETWORK 3 key_id'
D/wpa_supplicant( 7163): CTRL_IFACE: GET_NETWORK id=3 name='key_id'
D/wpa_supplicant( 7163): CTRL_IFACE: Failed to get network variable 'key_id'
D/wpa_supplicant( 7163): wlan0: Control interface command 'GET_NETWORK 3 private_key'
D/wpa_supplicant( 7163): CTRL_IFACE: GET_NETWORK id=3 name='private_key'
D/wpa_supplicant( 7163): CTRL_IFACE: Failed to get network variable 'private_key'
D/wpa_supplicant( 7163): wlan0: Control interface command 'LIST_NETWORKS LAST_ID=3'
D/wpa_supplicant( 7163): wlan0: Control interface command 'SET device_name TPS900'
D/wpa_supplicant( 7163): CTRL_IFACE SET 'device_name'='TPS900'
D/wpa_supplicant( 7163): device_name='TPS900'
D/wpa_supplicant( 7163): wlan0: Control interface command 'SET manufacturer unknown'
D/wpa_supplicant( 7163): CTRL_IFACE SET 'manufacturer'='unknown'
D/wpa_supplicant( 7163): manufacturer='unknown'
D/wpa_supplicant( 7163): wlan0: Control interface command 'SET model_name TPS900'
D/wpa_supplicant( 7163): CTRL_IFACE SET 'model_name'='TPS900'
D/wpa_supplicant( 7163): model_name='TPS900'
D/wpa_supplicant( 7163): wlan0: Control interface command 'SET model_number TPS900'
D/wpa_supplicant( 7163): CTRL_IFACE SET 'model_number'='TPS900'
D/wpa_supplicant( 7163): model_number='TPS900'
D/wpa_supplicant( 7163): wlan0: Control interface command 'SET serial_number 1912G90045200121'
D/wpa_supplicant( 7163): CTRL_IFACE SET 'serial_number'='1912G90045200121'
D/wpa_supplicant( 7163): serial_number='1912G90045200121'
D/wpa_supplicant( 7163): wlan0: Control interface command 'SET config_methods physical_display virtual_push_button'
D/wpa_supplicant( 7163): CTRL_IFACE SET 'config_methods'='physical_display virtual_push_button'
D/wpa_supplicant( 7163): config_methods='physical_display virtual_push_button'
D/wpa_supplicant( 7163): wlan0: Control interface command 'SET device_type 10-0050F204-5'
D/wpa_supplicant( 7163): CTRL_IFACE SET 'device_type'='10-0050F204-5'
D/wpa_supplicant( 7163): wlan0: Control interface command 'SCAN_INTERVAL 15'
D/wpa_supplicant( 7163): wlan0: Setting scan interval: 15 sec
D/WifiNative-HAL(  751): Setting external_sim to 1
D/wpa_supplicant( 7163): wlan0: Control interface command 'SET external_sim 1'
D/wpa_supplicant( 7163): CTRL_IFACE SET 'external_sim'='1'
D/wpa_supplicant( 7163): external_sim=1
D/WifiStateMachine(  751): Setting OUI to DA-A1-19
I/WifiNative-HAL(  751): startHal
D/wifi    (  751): setting scan oui 0xb74eca20
I/WifiHAL (  751): GSCAN: Set scanning MAC OUI, halHandle = 0xb74828b8
I/WifiHAL (  751): ******HexDump len:0*********
I/WifiHAL (  751): ******HexDump End***********
E/WifiHAL (  751): virtual int WifiVendorCommand::create() ifindex obtained:25
E/WifiHAL (  751): virtual int WifiVendorCommand::set_iface_id(const char*) ifindex obtained:25
I/WifiHAL (  751): MAC_OUI - da:a1:19
D/WifiHAL (  751): virtual int WifiVendorCommand::requestResponse(): request a response
E/WifiHAL (  751): wifi_error wifi_set_scanning_mac_oui(wifi_interface_handle, byte*): requestResponse Error:-524
D/wpa_supplicant( 7163): wlan0: Control interface command 'STA_AUTOCONNECT 0'
D/wpa_supplicant( 7163): wlan0: Control interface command 'DRIVER BTCOEXSCAN-STOP'
D/wpa_supplicant( 7163): wpa_driver_nl80211_driver_cmd BTCOEXSCAN-STOP len = 0, 4096
D/wpa_supplicant( 7163): wlan0: Control interface command 'DRIVER RXFILTER-STOP'
D/wpa_supplicant( 7163): wpa_driver_nl80211_driver_cmd RXFILTER-STOP len = 0, 4096
D/wpa_supplicant( 7163): wlan0: Control interface command 'DRIVER RXFILTER-ADD 3'
D/wpa_supplicant( 7163): wpa_driver_nl80211_driver_cmd RXFILTER-ADD 3 len = 0, 4096
D/wpa_supplicant( 7163): wlan0: Control interface command 'DRIVER RXFILTER-START'
D/wpa_supplicant( 7163): wpa_driver_nl80211_driver_cmd RXFILTER-START len = 0, 4096
D/wpa_supplicant( 7163): wlan0: Control interface command 'DRIVER RXFILTER-STOP'
D/wpa_supplicant( 7163): wpa_driver_nl80211_driver_cmd RXFILTER-STOP len = 0, 4096
V/WLAN_PSA(  312): NL MSG, len[4035], NL type[0x1C] WNI type[0x5900] len[43791]
V/WLAN_PSA(  312): NL MSG, PID: 312
D/wpa_supplicant( 7163): wlan0: Control interface command 'DRIVER RXFILTER-REMOVE 2'
D/wpa_supplicant( 7163): wpa_driver_nl80211_driver_cmd RXFILTER-REMOVE 2 len = 0, 4096
D/wpa_supplicant( 7163): wlan0: Control interface command 'DRIVER RXFILTER-START'
D/wpa_supplicant( 7163): wpa_driver_nl80211_driver_cmd RXFILTER-START len = 0, 4096
D/wpa_supplicant( 7163): wlan0: Control interface command 'STATUS'
D/wpa_supplicant( 7163): CTRL_IFACE monitor sent successfully to /data/misc/wifi/sockets/wpa_ctrl_751-6\x00
E/native  (  751): do suspend false
D/wpa_supplicant( 7163): wlan0: Control interface command 'DRIVER SETSUSPENDMODE 0'
D/wpa_supplicant( 7163): wpa_driver_nl80211_driver_cmd SETSUSPENDMODE 0 len = 0, 4096
D/wpa_supplicant( 7163): wlan0: Control interface command 'SET ps 1'
D/wpa_supplicant( 7163): CTRL_IFACE SET 'ps'='1'
D/wpa_supplicant( 7163): nl80211: set_p2p_powersave (legacy_ps=1 opp_ps=-1 ctwindow=-1)
D/WifiScanningService(  751): SCAN_AVAILABLE : 3
D/RttService(  751): SCAN_AVAILABLE : 3
D/RttService(  751): DefaultState got{ when=0 what=160512 target=com.android.internal.util.StateMachine$SmHandler }
D/WifiScanningService(  751): DefaultState got{ when=-1ms what=160006 target=com.android.internal.util.StateMachine$SmHandler }
I/WifiNative-HAL(  751): startHal
D/wifi    (  751): getting scan capabilities on interface[1] = 0xb74eca20
I/WifiHAL (  751): GSCAN : Get Capabilities
E/WifiHAL (  751): wifi_error wifi_get_gscan_capabilities(wifi_interface_handle, wifi_gscan_capabilities*): GSCAN is not supported by driver
D/wifi    (  751): failed to get capabilities : -3
E/WifiScanningService(  751): could not get scan capabilities
D/CommandListener(  296): Setting iface cfg
D/CommandListener(  296): Trying to bring up p2p0
D/WifiMonitor(  751): startMonitoring(p2p0) with mConnected = true
D/wpa_supplicant( 7163): wlan0: Control interface command 'DRIVER SETBAND 0'
D/wpa_supplicant( 7163): wpa_driver_nl80211_driver_cmd SETBAND 0 len = 0, 4096
D/wpa_supplicant( 7163): wlan0: Event CHANNEL_LIST_CHANGED (30) received
I/wpa_supplicant( 7163): wlan0: CTRL-EVENT-REGDOM-CHANGE init=USER type=UNKNOWN
D/wpa_supplicant( 7163): CTRL_IFACE monitor sent successfully to /data/misc/wifi/sockets/wpa_ctrl_751-6\x00
D/wpa_supplicant( 7163): nl80211: Regulatory information - country=00
D/wpa_supplicant( 7163): nl80211: 2402-2472 @ 40 MHz 20 mBm
D/wpa_supplicant( 7163): nl80211: 2457-2482 @ 40 MHz 20 mBm (no IR)
D/wpa_supplicant( 7163): nl80211: 2474-2494 @ 20 MHz 20 mBm (no OFDM) (no IR)
D/wpa_supplicant( 7163): nl80211: 5170-5250 @ 80 MHz 20 mBm (no IR)
D/wpa_supplicant( 7163): nl80211: 5250-5330 @ 80 MHz 20 mBm (no IR)
D/wpa_supplicant( 7163): nl80211: 5490-5710 @ 80 MHz 20 mBm (no IR)
D/wpa_supplicant( 7163): nl80211: 5735-5835 @ 80 MHz 20 mBm (no IR)
D/wpa_supplicant( 7163): nl80211: 57240-63720 @ 2160 MHz 0 mBm
D/wpa_supplicant( 7163): nl80211: Added 802.11b mode based on 802.11g information
D/wpa_supplicant( 7163): P2P: Add operating class 81
D/wpa_supplicant( 7163): P2P: Channels - hexdump(len=11): 01 02 03 04 05 06 07 08 09 0a 0b
D/wpa_supplicant( 7163): P2P: Update channel list
D/wpa_supplicant( 7163): P2P: channels: 81:1,2,3,4,5,6,7,8,9,10,11
D/wpa_supplicant( 7163): P2P: cli_channels:
D/wpa_supplicant( 7163): p2p0: Updating hw mode
D/wpa_supplicant( 7163): nl80211: Regulatory information - country=00
D/wpa_supplicant( 7163): nl80211: 2402-2472 @ 40 MHz 20 mBm
D/wpa_supplicant( 7163): nl80211: 2457-2482 @ 40 MHz 20 mBm (no IR)
D/wpa_supplicant( 7163): nl80211: 2474-2494 @ 20 MHz 20 mBm (no OFDM) (no IR)
D/wpa_supplicant( 7163): nl80211: 5170-5250 @ 80 MHz 20 mBm (no IR)
D/wpa_supplicant( 7163): nl80211: 5250-5330 @ 80 MHz 20 mBm (no IR)
D/wpa_supplicant( 7163): nl80211: 5490-5710 @ 80 MHz 20 mBm (no IR)
D/wpa_supplicant( 7163): nl80211: 5735-5835 @ 80 MHz 20 mBm (no IR)
D/wpa_supplicant( 7163): nl80211: 57240-63720 @ 2160 MHz 0 mBm
D/wpa_supplicant( 7163): nl80211: Added 802.11b mode based on 802.11g information
D/wpa_supplicant( 7163): RX global ctrl_iface - hexdump(len=26): 53 45 54 20 70 65 72 73 69 73 74 65 6e 74 5f 72 65 63 6f 6e 6e 65 63 74 20 31
D/wpa_supplicant( 7163): GLOBAL_CTRL_IFACE SET 'persistent_reconnect'='1'
D/wpa_supplicant( 7163): p2p0: Control interface command 'SET persistent_reconnect 1'
D/wpa_supplicant( 7163): CTRL_IFACE SET 'persistent_reconnect'='1'
D/wpa_supplicant( 7163): persistent_reconnect=1
D/wpa_supplicant( 7163): P2P: New SSID postfix: -Android_f0a7
D/wpa_supplicant( 7163): wlan0: Control interface command 'BSS_FLUSH 0'
D/wpa_supplicant( 7163): wlan0: Control interface command 'SCAN TYPE=ONLY'
D/wpa_supplicant( 7163): wlan0: Setting scan request: 0.000000 sec
D/wpa_supplicant( 7163): wlan0: State: DISCONNECTED -> SCANNING
D/wpa_supplicant( 7163): CTRL_IFACE monitor sent successfully to /data/misc/wifi/sockets/wpa_ctrl_751-6\x00
D/wpa_supplicant( 7163): wlan0: Starting AP scan for wildcard SSID
D/wpa_supplicant( 7163): wlan0: Add radio work 'scan'@0xb7ab1c18
D/wpa_supplicant( 7163): wlan0: First radio work item in the queue - schedule start immediately
D/wpa_supplicant( 7163): wlan0: Starting radio work 'scan'@0xb7ab1c18 after 0.000060 second wait
D/wpa_supplicant( 7163): wlan0: nl80211: scan request
D/wpa_supplicant( 7163): nl80211: Scan SSID - hexdump(len=0): [NULL]
D/wpa_supplicant( 7163): nl80211: Add NL80211_SCAN_FLAG_FLUSH
V/WLAN_PSA(  312): NL MSG, len[4088], NL type[0x1C] WNI type[0x5900] len[57359]
V/WLAN_PSA(  312): NL MSG, PID: 312
V/WLAN_PSA(  312): NL MSG, len[048], NL type[0x11] WNI type[0x5050] len[028]
V/WLAN_PSA(  312): NL MSG, PID: 312
V/WLAN_PSA(  312): NL MSG, len[048], NL type[0x11] WNI type[0x5050] len[028]
V/WLAN_PSA(  312): NL MSG, PID: 312
I/WifiHAL (  751): Poll result = 1
I/WifiHAL (  751): Found some events!!!
D/WifiHAL (  751): no_seq_check received
I/WifiHAL (  751): event received NL80211_CMD_TRIGGER_SCAN
I/WifiHAL (  751): event received NL80211_CMD_TRIGGER_SCAN, vendor_id = 0x0
I/WifiHAL (  751): event ignored!!
D/wpa_supplicant( 7163): Scan requested (ret=0) - scan timeout 10 seconds
D/wpa_supplicant( 7163): RX global ctrl_iface - hexdump(len=28): 53 45 54 20 64 65 76 69 63 65 5f 6e 61 6d 65 20 41 6e 64 72 6f 69 64 5f 66 30 61 37
D/wpa_supplicant( 7163): GLOBAL_CTRL_IFACE SET 'device_name'='Android_f0a7'
D/wpa_supplicant( 7163): p2p0: Control interface command 'SET device_name Android_f0a7'
D/wpa_supplicant( 7163): CTRL_IFACE SET 'device_name'='Android_f0a7'
D/wpa_supplicant( 7163): device_name='Android_f0a7'
D/wpa_supplicant( 7163): RX global ctrl_iface - hexdump(len=34): 53 45 54 20 70 32 70 5f 73 73 69 64 5f 70 6f 73 74 66 69 78 20 2d 41 6e 64 72 6f 69 64 5f 66 30 ...
D/wpa_supplicant( 7163): GLOBAL_CTRL_IFACE SET 'p2p_ssid_postfix'='-Android_f0a7'
D/wpa_supplicant( 7163): p2p0: Control interface command 'SET p2p_ssid_postfix -Android_f0a7'
D/wpa_supplicant( 7163): CTRL_IFACE SET 'p2p_ssid_postfix'='-Android_f0a7'
D/wpa_supplicant( 7163): p2p_ssid_postfix='-Android_f0a7'
D/wpa_supplicant( 7163): P2P: New SSID postfix: -Android_f0a7
D/wpa_supplicant( 7163): nl80211: Event message available
D/wpa_supplicant( 7163): nl80211: Drv Event 33 (NL80211_CMD_TRIGGER_SCAN) received for wlan0
D/wpa_supplicant( 7163): wlan0: nl80211: Scan trigger
D/wpa_supplicant( 7163): wlan0: Event SCAN_STARTED (49) received
D/wpa_supplicant( 7163): wlan0: Own scan request started a scan in 0.001061 seconds
D/wpa_supplicant( 7163): CTRL_IFACE monitor sent successfully to /data/misc/wifi/sockets/wpa_ctrl_751-6\x00
D/wpa_supplicant( 7163): RX global ctrl_iface - hexdump(len=29): 53 45 54 20 64 65 76 69 63 65 5f 74 79 70 65 20 31 30 2d 30 30 35 30 46 32 30 34 2d 35
D/wpa_supplicant( 7163): GLOBAL_CTRL_IFACE SET 'device_type'='10-0050F204-5'
D/wpa_supplicant( 7163): p2p0: Control interface command 'SET device_type 10-0050F204-5'
D/wpa_supplicant( 7163): CTRL_IFACE SET 'device_type'='10-0050F204-5'
D/wpa_supplicant( 7163): RTM_NEWLINK: ifi_index=26 ifname=p2p0 operstate=2 linkmode=1 ifi_family=0 ifi_flags=0x1003 ([UP])
D/wpa_supplicant( 7163): RX global ctrl_iface - hexdump(len=62): 53 45 54 20 63 6f 6e 66 69 67 5f 6d 65 74 68 6f 64 73 20 76 69 72 74 75 61 6c 5f 70 75 73 68 5f ...
D/wpa_supplicant( 7163): GLOBAL_CTRL_IFACE SET 'config_methods'='virtual_push_button physical_display keypad'
D/wpa_supplicant( 7163): p2p0: Control interface command 'SET config_methods virtual_push_button physical_display keypad'
D/wpa_supplicant( 7163): CTRL_IFACE SET 'config_methods'='virtual_push_button physical_display keypad'
D/wpa_supplicant( 7163): config_methods='virtual_push_button physical_display keypad'
D/wpa_supplicant( 7163): p2p0: Control interface command 'P2P_SET conc_pref sta'
D/wpa_supplicant( 7163): Single channel concurrency preference: sta
D/WifiNative-HAL(  751): p2pGetDeviceAddress
D/wpa_supplicant( 7163): RX global ctrl_iface - hexdump(len=6): 53 54 41 54 55 53
D/WifiNative-HAL(  751): p2pGetDeviceAddress returning 02:0a:f5:80:04:84
V/WLAN_PSA(  312): NL MSG, len[048], NL type[0x11] WNI type[0x5050] len[028]
V/WLAN_PSA(  312): NL MSG, PID: 312
V/WLAN_PSA(  312): NL MSG, len[914], NL type[0x11] WNI type[0x5050] len[894]
V/WLAN_PSA(  312): NL MSG, PID: 312
V/WLAN_PSA(  312): NL MSG, len[048], NL type[0x11] WNI type[0x5050] len[028]
V/WLAN_PSA(  312): NL MSG, PID: 312
V/WLAN_PSA(  312): NL MSG, len[4078], NL type[0x1C] WNI type[0x5900] len[54799]
V/WLAN_PSA(  312): NL MSG, PID: 312
D/wpa_supplicant( 7163): p2p0: Control interface command 'P2P_FLUSH'
D/wpa_supplicant( 7163): P2P: Stopping find
D/wpa_supplicant( 7163): P2P: Clear timeout (state=IDLE)
D/wpa_supplicant( 7163): P2P: State IDLE -> IDLE
D/wpa_supplicant( 7163): wpa_driver_set_ap_wps_p2p_ie: Entry
D/wpa_supplicant( 7163): P2P: Stopping find
D/wpa_supplicant( 7163): P2P: Clear timeout (state=IDLE)
D/wpa_supplicant( 7163): P2P: State IDLE -> IDLE
D/wpa_supplicant( 7163): wpa_driver_set_ap_wps_p2p_ie: Entry
D/wpa_supplicant( 7163): p2p0: Control interface command 'P2P_SERVICE_FLUSH'
D/wpa_supplicant( 7163): p2p0: Control interface command 'LIST_NETWORKS'
D/wpa_supplicant( 7163): RX global ctrl_iface - hexdump(len=11): 53 41 56 45 5f 43 4f 4e 46 49 47
D/wpa_supplicant( 7163): Writing configuration file '/data/misc/wifi/wpa_supplicant.conf.tmp'
D/wpa_supplicant( 7163): Configuration file '/data/misc/wifi/wpa_supplicant.conf' written successfully
D/wpa_supplicant( 7163): wlan0: CTRL_IFACE: SAVE_CONFIG - Configuration updated
D/wpa_supplicant( 7163): Writing configuration file '/data/misc/wifi/p2p_supplicant.conf.tmp'
D/wpa_supplicant( 7163): Configuration file '/data/misc/wifi/p2p_supplicant.conf' written successfully
D/wpa_supplicant( 7163): p2p0: CTRL_IFACE: SAVE_CONFIG - Configuration updated
V/WLAN_PSA(  312): NL MSG, len[4008], NL type[0x1C] WNI type[0x5900] len[36879]
V/WLAN_PSA(  312): NL MSG, PID: 312
V/PhoneStatusBarPolicy( 3026): updateCast: isCasting: false
D/StatusBar.MSimNetworkController( 3026): refreshViews phoneId =0mMSimDataConnected =false
D/StatusBar.MSimNetworkController( 3026): refreshViews mMSimDataActivity =0
D/StatusBar.MSimNetworkController( 3026): refreshViews: Data not connected!! Set no data type icon / Roaming for phoneId: 0
D/StatusBar.MSimNetworkController( 3026): refreshViews connected={ } level=0 mMSimcombinedSignalIconId=0x7f020339/com.android.systemui:drawable/stat_sys_signal_null mMSimcombinedActivityIconId=0x0 mAirplaneMode=false mMSimDataActivity=0 mMSimPhoneSignalIconId=0x7f020339/com.android.systemui:drawable/stat_sys_signal_null mMSimDataDirectionIconId=0x0 mMSimDataSignalIconId=0x7f020339 mMSimDataTypeIconId=0x0/(null) mNoMSimIconId=0x7f02009a/com.android.systemui:drawable/ic_qs_no_sim mMSimMobileActivityIconId=0x0/(null) mWifiIconId=0x7f020353 mBluetoothTetherIconId=0x10806a2
D/StatusBar.MSimNetworkController( 3026): refreshViews phoneId =0mMSimDataConnected =false
D/StatusBar.MSimNetworkController( 3026): refreshViews mMSimDataActivity =0
V/WLAN_PSA(  312): NL MSG, len[3940], NL type[0x1C] WNI type[0x5900] len[19471]
V/WLAN_PSA(  312): NL MSG, PID: 312
D/StatusBar.MSimNetworkController( 3026): refreshViews: Data not connected!! Set no data type icon / Roaming for phoneId: 0
D/StatusBar.MSimNetworkController( 3026): refreshViews connected={ } level=0 mMSimcombinedSignalIconId=0x7f020339/com.android.systemui:drawable/stat_sys_signal_null mMSimcombinedActivityIconId=0x0 mAirplaneMode=false mMSimDataActivity=0 mMSimPhoneSignalIconId=0x7f020339/com.android.systemui:drawable/stat_sys_signal_null mMSimDataDirectionIconId=0x0 mMSimDataSignalIconId=0x7f020339 mMSimDataTypeIconId=0x0/(null) mNoMSimIconId=0x7f02009a/com.android.systemui:drawable/ic_qs_no_sim mMSimMobileActivityIconId=0x0/(null) mWifiIconId=0x7f020353 mBluetoothTetherIconId=0x10806a2
D/BatteryMeterView( 3026): onDraw level = 42
I/SurfaceFlinger(  260): FPS: 27
V/WLAN_PSA(  312): NL MSG, len[4007], NL type[0x1C] WNI type[0x5900] len[36623]
V/WLAN_PSA(  312): NL MSG, PID: 312
V/WLAN_PSA(  312): NL MSG, len[3978], NL type[0x1C] WNI type[0x5900] len[29199]
V/WLAN_PSA(  312): NL MSG, PID: 312
V/WLAN_PSA(  312): NL MSG, len[3978], NL type[0x1C] WNI type[0x5900] len[29199]
V/WLAN_PSA(  312): NL MSG, PID: 312
D/wpa_supplicant( 7163): EAPOL: disable timer tick
V/WLAN_PSA(  312): NL MSG, len[4031], NL type[0x1C] WNI type[0x5900] len[42767]
V/WLAN_PSA(  312): NL MSG, PID: 312
V/WLAN_PSA(  312): NL MSG, len[4012], NL type[0x1C] WNI type[0x5900] len[37903]
V/WLAN_PSA(  312): NL MSG, PID: 312
V/WLAN_PSA(  312): NL MSG, len[4045], NL type[0x1C] WNI type[0x5900] len[46351]
V/WLAN_PSA(  312): NL MSG, PID: 312
V/WLAN_PSA(  312): NL MSG, len[4090], NL type[0x1C] WNI type[0x5900] len[57871]
V/WLAN_PSA(  312): NL MSG, PID: 312
D/BatteryMeterView( 3026): onDraw level = 52
V/WLAN_PSA(  312): NL MSG, len[914], NL type[0x11] WNI type[0x5050] len[894]
V/WLAN_PSA(  312): NL MSG, PID: 312
D/wpa_supplicant( 7163): nl80211: Event message available
D/wpa_supplicant( 7163): nl80211: Drv Event 36 (NL80211_CMD_REG_CHANGE) received for wlan0
D/wpa_supplicant( 7163): nl80211: Regulatory domain change
D/wpa_supplicant( 7163):  * initiator=1
D/wpa_supplicant( 7163):  * type=0
D/wpa_supplicant( 7163):  * alpha2=US
D/wpa_supplicant( 7163): wlan0: Event CHANNEL_LIST_CHANGED (30) received
I/wpa_supplicant( 7163): wlan0: CTRL-EVENT-REGDOM-CHANGE init=USER type=COUNTRY alpha2=US
D/wpa_supplicant( 7163): CTRL_IFACE monitor sent successfully to /data/misc/wifi/sockets/wpa_ctrl_751-6\x00
I/WifiHAL (  751): Poll result = 1
I/WifiHAL (  751): Found some events!!!
D/WifiHAL (  751): no_seq_check received
I/WifiHAL (  751): event received NL80211_CMD_REG_CHANGE
I/WifiHAL (  751): event received NL80211_CMD_REG_CHANGE, vendor_id = 0x0
I/WifiHAL (  751): event ignored!!
V/WLAN_PSA(  312): NL MSG, len[4074], NL type[0x1C] WNI type[0x5900] len[53775]
V/WLAN_PSA(  312): NL MSG, PID: 312
I/WifiHAL (  751): Poll result = 1
I/WifiHAL (  751): Found some events!!!
D/WifiHAL (  751): no_seq_check received
I/WifiHAL (  751): event received NL80211_CMD_NEW_SCAN_RESULTS
I/WifiHAL (  751): event received NL80211_CMD_NEW_SCAN_RESULTS, vendor_id = 0x0
I/WifiHAL (  751): event ignored!!
D/wpa_supplicant( 7163): nl80211: Regulatory information - country=US
D/wpa_supplicant( 7163): nl80211: 2402-2472 @ 40 MHz 30 mBm
D/wpa_supplicant( 7163): nl80211: 5170-5250 @ 80 MHz 24 mBm
D/wpa_supplicant( 7163): nl80211: 5250-5330 @ 80 MHz 24 mBm (DFS)
D/wpa_supplicant( 7163): nl80211: 5490-5730 @ 80 MHz 24 mBm (DFS)
D/wpa_supplicant( 7163): nl80211: 5735-5835 @ 80 MHz 30 mBm
D/wpa_supplicant( 7163): nl80211: 57240-63720 @ 2160 MHz 40 mBm
D/wpa_supplicant( 7163): nl80211: Added 802.11b mode based on 802.11g information
D/wpa_supplicant( 7163): P2P: Add operating class 81
D/wpa_supplicant( 7163): P2P: Channels - hexdump(len=11): 01 02 03 04 05 06 07 08 09 0a 0b
D/wpa_supplicant( 7163): P2P: Add operating class 115
D/wpa_supplicant( 7163): P2P: Channels - hexdump(len=4): 24 28 2c 30
D/wpa_supplicant( 7163): P2P: Add operating class 124
D/wpa_supplicant( 7163): P2P: Channels - hexdump(len=4): 95 99 9d a1
D/wpa_supplicant( 7163): P2P: Add operating class 116
D/wpa_supplicant( 7163): P2P: Channels - hexdump(len=2): 24 2c
D/wpa_supplicant( 7163): P2P: Add operating class 117
D/wpa_supplicant( 7163): P2P: Channels - hexdump(len=2): 28 30
D/wpa_supplicant( 7163): P2P: Add operating class 126
D/wpa_supplicant( 7163): P2P: Channels - hexdump(len=2): 95 9d
D/wpa_supplicant( 7163): P2P: Add operating class 127
D/wpa_supplicant( 7163): P2P: Channels - hexdump(len=2): 99 a1
D/wpa_supplicant( 7163): P2P: Update channel list
D/wpa_supplicant( 7163): P2P: channels: 81:1,2,3,4,5,6,7,8,9,10,11 115:36,40,44,48 124:149,153,157,161 116:36,44 117:40,48 126:149,157 127:153,161
D/wpa_supplicant( 7163): P2P: cli_channels:
D/wpa_supplicant( 7163): p2p0: Updating hw mode
D/wpa_supplicant( 7163): nl80211: Regulatory information - country=US
D/wpa_supplicant( 7163): nl80211: 2402-2472 @ 40 MHz 30 mBm
D/wpa_supplicant( 7163): nl80211: 5170-5250 @ 80 MHz 24 mBm
D/wpa_supplicant( 7163): nl80211: 5250-5330 @ 80 MHz 24 mBm (DFS)
D/wpa_supplicant( 7163): nl80211: 5490-5730 @ 80 MHz 24 mBm (DFS)
V/WLAN_PSA(  312): NL MSG, len[174], NL type[0x11] WNI type[0x5050] len[154]
V/WLAN_PSA(  312): NL MSG, PID: 312
V/WLAN_PSA(  312): NL MSG, len[4029], NL type[0x1C] WNI type[0x5900] len[42255]
V/WLAN_PSA(  312): NL MSG, PID: 312
V/WLAN_PSA(  312): NL MSG, len[4075], NL type[0x1C] WNI type[0x5900] len[54031]
V/WLAN_PSA(  312): NL MSG, PID: 312
V/WLAN_PSA(  312): NL MSG, len[4046], NL type[0x1C] WNI type[0x5900] len[46607]
V/WLAN_PSA(  312): NL MSG, PID: 312
D/wpa_supplicant( 7163): nl80211: 5735-5835 @ 80 MHz 30 mBm
D/wpa_supplicant( 7163): nl80211: 57240-63720 @ 2160 MHz 40 mBm
D/wpa_supplicant( 7163): nl80211: Added 802.11b mode based on 802.11g information
D/wpa_supplicant( 7163): nl80211: Event message available
D/wpa_supplicant( 7163): nl80211: Drv Event 34 (NL80211_CMD_NEW_SCAN_RESULTS) received for wlan0
D/wpa_supplicant( 7163): wlan0: nl80211: New scan results available
D/wpa_supplicant( 7163): nl80211: Scan included frequencies: 2412 2417 2422 2427 2432 2437 2442 2447 2452 2457 2462 2467 2472 2484 5180 5200 5220 5240 5260 5280 5300 5320 5500 5520 5540 5560 5580 5600 5620 5640 5660 5680 5700 5745 5765 5785 5805 5825
D/wpa_supplicant( 7163): wlan0: Event SCAN_RESULTS (3) received
V/WLAN_PSA(  312): NL MSG, len[3931], NL type[0x1C] WNI type[0x5900] len[17167]
V/WLAN_PSA(  312): NL MSG, PID: 312
D/wpa_supplicant( 7163): wlan0: Scan completed in 0.679225 seconds
D/wpa_supplicant( 7163): nl80211: Received scan results (1 BSSes)
D/wpa_supplicant( 7163): wlan0: BSS: Start scan result update 1
D/wpa_supplicant( 7163): wlan0: BSS: Add new id 0 BSSID fc:dd:55:70:0b:6b SSID 'Swift-LTE-0B6B'
D/wpa_supplicant( 7163): CTRL_IFACE monitor sent successfully to /data/misc/wifi/sockets/wpa_ctrl_751-6\x00
D/wpa_supplicant( 7163): BSS: last_scan_res_used=1/32
D/wpa_supplicant( 7163): wlan0: Scan-only results received
D/wpa_supplicant( 7163): CTRL_IFACE monitor sent successfully to /data/misc/wifi/sockets/wpa_ctrl_751-6\x00
D/wpa_supplicant( 7163): CTRL_IFACE monitor sent successfully to /data/misc/wifi/sockets/wpa_ctrl_751-6\x00
D/wpa_supplicant( 7163): wlan0: Radio work 'scan'@0xb7ab1c18 done in 0.684427 seconds
D/wpa_supplicant( 7163): wlan0: Control interface command 'BSS RANGE=0- MASK=0x21987'
V/WLAN_PSA(  312): NL MSG, len[4078], NL type[0x1C] WNI type[0x5900] len[54799]
V/WLAN_PSA(  312): NL MSG, PID: 312
D/wpa_supplicant( 7163): wlan0: Control interface command 'STATUS-NO_EVENTS'
E/WifiStateMachine(  751): WifiStateMachine shouldSwitchNetwork  txSuccessRate=841.00 rxSuccessRate=612.50 delta 1000 -> 1
E/WifiConfigStore(  751):  rewrite network history for "Swift-LTE-0B6B"-WPA_PSK
E/WifiStateMachine(  751): CMD_AUTO_CONNECT sup state ScanState my state DisconnectedState nid=3 roam=3
E/WifiConfigStore(  751): saveWifiConfigBSSID Setting BSSID for "Swift-LTE-0B6B"-WPA_PSK to any
E/wifi_gbk2utf(  751): g_pItemList is NULL
D/wpa_supplicant( 7163): wlan0: Control interface command 'SET_NETWORK [REMOVED]'
D/wpa_supplicant( 7163): CTRL_IFACE: SET_NETWORK id=3 name='bssid'
D/wpa_supplicant( 7163): CTRL_IFACE: value - hexdump(len=3): [REMOVED]
D/wpa_supplicant( 7163): BSSID any
D/LBSSystemMonitorService(  751): handleMessage what - 4
D/Wiper_jni(  751): Send Network Location.
E/LocSvc_api_v02(  751): I/---> locClientSendReq line 2065 QMI_LOC_INJECT_WIFI_POSITION_REQ_V02
D/wpa_supplicant( 7163): wlan0: Control interface command 'SAVE_CONFIG'
D/wpa_supplicant( 7163): Writing configuration file '/data/misc/wifi/wpa_supplicant.conf.tmp'
E/LocSvc_ApiV02(  751): I/<--- void globalRespCb(locClientHandleType, uint32_t, locClientRespIndUnionType, void*) line 111 QMI_LOC_INJECT_WIFI_POSITION_REQ_V02
D/wpa_supplicant( 7163): Configuration file '/data/misc/wifi/wpa_supplicant.conf' written successfully
D/wpa_supplicant( 7163): CTRL_IFACE: SAVE_CONFIG - Configuration updated
E/WifiStateMachine(  751): CMD_AUTO_CONNECT will save config -> "Swift-LTE-0B6B" nid=3
D/wpa_supplicant( 7163): wlan0: Control interface command 'GET_NETWORK 3 ssid'
D/wpa_supplicant( 7163): CTRL_IFACE: GET_NETWORK id=3 name='ssid'
D/wpa_supplicant( 7163): wlan0: Control interface command 'GET_NETWORK 3 bssid'
D/wpa_supplicant( 7163): CTRL_IFACE: GET_NETWORK id=3 name='bssid'
D/wpa_supplicant( 7163): CTRL_IFACE: Failed to get network variable 'bssid'
D/wpa_supplicant( 7163): wlan0: Control interface command 'GET_NETWORK 3 priority'
D/wpa_supplicant( 7163): CTRL_IFACE: GET_NETWORK id=3 name='priority'
D/wpa_supplicant( 7163): wlan0: Control interface command 'GET_NETWORK 3 sim_num'
D/wpa_supplicant( 7163): CTRL_IFACE: GET_NETWORK id=3 name='sim_num'
D/wpa_supplicant( 7163): wlan0: Control interface command 'GET_NETWORK 3 scan_ssid'
D/wpa_supplicant( 7163): CTRL_IFACE: GET_NETWORK id=3 name='scan_ssid'
D/wpa_supplicant( 7163): wlan0: Control interface command 'GET_NETWORK 3 wep_tx_keyidx'
D/wpa_supplicant( 7163): CTRL_IFACE: GET_NETWORK id=3 name='wep_tx_keyidx'
D/wpa_supplicant( 7163): wlan0: Control interface command 'GET_NETWORK 3 wep_key0'
D/wpa_supplicant( 7163): CTRL_IFACE: GET_NETWORK id=3 name='wep_key0'
D/wpa_supplicant( 7163): CTRL_IFACE: Failed to get network variable 'wep_key0'
D/wpa_supplicant( 7163): wlan0: Control interface command 'GET_NETWORK 3 wep_key1'
D/wpa_supplicant( 7163): CTRL_IFACE: GET_NETWORK id=3 name='wep_key1'
D/wpa_supplicant( 7163): CTRL_IFACE: Failed to get network variable 'wep_key1'
D/wpa_supplicant( 7163): wlan0: Control interface command 'GET_NETWORK 3 wep_key2'
D/wpa_supplicant( 7163): CTRL_IFACE: GET_NETWORK id=3 name='wep_key2'
D/wpa_supplicant( 7163): CTRL_IFACE: Failed to get network variable 'wep_key2'
D/wpa_supplicant( 7163): wlan0: Control interface command 'GET_NETWORK 3 wep_key3'
D/wpa_supplicant( 7163): CTRL_IFACE: GET_NETWORK id=3 name='wep_key3'
D/wpa_supplicant( 7163): CTRL_IFACE: Failed to get network variable 'wep_key3'
D/wpa_supplicant( 7163): wlan0: Control interface command 'GET_NETWORK 3 psk'
D/wpa_supplicant( 7163): CTRL_IFACE: GET_NETWORK id=3 name='psk'
D/wpa_supplicant( 7163): Do not allow key_data field to be exposed
D/wpa_supplicant( 7163): wlan0: Control interface command 'GET_NETWORK 3 proto'
D/wpa_supplicant( 7163): CTRL_IFACE: GET_NETWORK id=3 name='proto'
D/wpa_supplicant( 7163): wlan0: Control interface command 'GET_NETWORK 3 key_mgmt'
D/wpa_supplicant( 7163): CTRL_IFACE: GET_NETWORK id=3 name='key_mgmt'
D/wpa_supplicant( 7163): wlan0: Control interface command 'GET_NETWORK 3 auth_alg'
D/wpa_supplicant( 7163): CTRL_IFACE: GET_NETWORK id=3 name='auth_alg'
D/wpa_supplicant( 7163): CTRL_IFACE: Failed to get network variable 'auth_alg'
D/wpa_supplicant( 7163): wlan0: Control interface command 'GET_NETWORK 3 pairwise'
D/wpa_supplicant( 7163): CTRL_IFACE: GET_NETWORK id=3 name='pairwise'
D/wpa_supplicant( 7163): wlan0: Control interface command 'GET_NETWORK 3 group'
D/wpa_supplicant( 7163): CTRL_IFACE: GET_NETWORK id=3 name='group'
D/wpa_supplicant( 7163): wlan0: Control interface command 'GET_NETWORK 3 eap'
D/wpa_supplicant( 7163): CTRL_IFACE: GET_NETWORK id=3 name='eap'
D/wpa_supplicant( 7163): CTRL_IFACE: Failed to get network variable 'eap'
D/wpa_supplicant( 7163): wlan0: Control interface command 'GET_NETWORK 3 phase2'
D/wpa_supplicant( 7163): CTRL_IFACE: GET_NETWORK id=3 name='phase2'
D/wpa_supplicant( 7163): CTRL_IFACE: Failed to get network variable 'phase2'
D/wpa_supplicant( 7163): wlan0: Control interface command 'GET_NETWORK 3 identity'
D/wpa_supplicant( 7163): CTRL_IFACE: GET_NETWORK id=3 name='identity'
D/wpa_supplicant( 7163): CTRL_IFACE: Failed to get network variable 'identity'
D/wpa_supplicant( 7163): wlan0: Control interface command 'GET_NETWORK 3 anonymous_identity'
D/wpa_supplicant( 7163): CTRL_IFACE: GET_NETWORK id=3 name='anonymous_identity'
D/wpa_supplicant( 7163): CTRL_IFACE: Failed to get network variable 'anonymous_identity'
D/wpa_supplicant( 7163): wlan0: Control interface command 'GET_NETWORK 3 password'
D/wpa_supplicant( 7163): CTRL_IFACE: GET_NETWORK id=3 name='password'
D/wpa_supplicant( 7163): CTRL_IFACE: Failed to get network variable 'password'
D/wpa_supplicant( 7163): wlan0: Control interface command 'GET_NETWORK 3 client_cert'
D/wpa_supplicant( 7163): CTRL_IFACE: GET_NETWORK id=3 name='client_cert'
D/wpa_supplicant( 7163): CTRL_IFACE: Failed to get network variable 'client_cert'
D/wpa_supplicant( 7163): wlan0: Control interface command 'GET_NETWORK 3 ca_cert'
D/wpa_supplicant( 7163): CTRL_IFACE: GET_NETWORK id=3 name='ca_cert'
D/wpa_supplicant( 7163): CTRL_IFACE: Failed to get network variable 'ca_cert'
D/wpa_supplicant( 7163): wlan0: Control interface command 'GET_NETWORK 3 subject_match'
D/wpa_supplicant( 7163): CTRL_IFACE: GET_NETWORK id=3 name='subject_match'
D/wpa_supplicant( 7163): CTRL_IFACE: Failed to get network variable 'subject_match'
D/wpa_supplicant( 7163): wlan0: Control interface command 'GET_NETWORK 3 engine'
D/wpa_supplicant( 7163): CTRL_IFACE: GET_NETWORK id=3 name='engine'
D/wpa_supplicant( 7163): wlan0: Control interface command 'GET_NETWORK 3 engine_id'
D/wpa_supplicant( 7163): CTRL_IFACE: GET_NETWORK id=3 name='engine_id'
D/wpa_supplicant( 7163): CTRL_IFACE: Failed to get network variable 'engine_id'
D/wpa_supplicant( 7163): wlan0: Control interface command 'GET_NETWORK 3 key_id'
D/wpa_supplicant( 7163): CTRL_IFACE: GET_NETWORK id=3 name='key_id'
D/wpa_supplicant( 7163): CTRL_IFACE: Failed to get network variable 'key_id'
D/wpa_supplicant( 7163): wlan0: Control interface command 'GET_NETWORK 3 private_key'
D/wpa_supplicant( 7163): CTRL_IFACE: GET_NETWORK id=3 name='private_key'
D/wpa_supplicant( 7163): CTRL_IFACE: Failed to get network variable 'private_key'
E/WifiConfigStore(  751): will read network variables netId=3
D/wpa_supplicant( 7163): wlan0: Control interface command 'GET_NETWORK 3 ssid'
D/wpa_supplicant( 7163): CTRL_IFACE: GET_NETWORK id=3 name='ssid'
D/wpa_supplicant( 7163): wlan0: Control interface command 'GET_NETWORK 3 bssid'
D/wpa_supplicant( 7163): CTRL_IFACE: GET_NETWORK id=3 name='bssid'
D/wpa_supplicant( 7163): CTRL_IFACE: Failed to get network variable 'bssid'
D/wpa_supplicant( 7163): wlan0: Control interface command 'GET_NETWORK 3 priority'
D/wpa_supplicant( 7163): CTRL_IFACE: GET_NETWORK id=3 name='priority'
D/wpa_supplicant( 7163): wlan0: Control interface command 'GET_NETWORK 3 sim_num'
D/wpa_supplicant( 7163): CTRL_IFACE: GET_NETWORK id=3 name='sim_num'
D/wpa_supplicant( 7163): wlan0: Control interface command 'GET_NETWORK 3 scan_ssid'
D/wpa_supplicant( 7163): CTRL_IFACE: GET_NETWORK id=3 name='scan_ssid'
D/wpa_supplicant( 7163): wlan0: Control interface command 'GET_NETWORK 3 wep_tx_keyidx'
D/wpa_supplicant( 7163): CTRL_IFACE: GET_NETWORK id=3 name='wep_tx_keyidx'
D/wpa_supplicant( 7163): wlan0: Control interface command 'GET_NETWORK 3 wep_key0'
D/wpa_supplicant( 7163): CTRL_IFACE: GET_NETWORK id=3 name='wep_key0'
D/wpa_supplicant( 7163): CTRL_IFACE: Failed to get network variable 'wep_key0'
D/wpa_supplicant( 7163): wlan0: Control interface command 'GET_NETWORK 3 wep_key1'
D/wpa_supplicant( 7163): CTRL_IFACE: GET_NETWORK id=3 name='wep_key1'
D/wpa_supplicant( 7163): CTRL_IFACE: Failed to get network variable 'wep_key1'
D/wpa_supplicant( 7163): wlan0: Control interface command 'GET_NETWORK 3 wep_key2'
D/wpa_supplicant( 7163): CTRL_IFACE: GET_NETWORK id=3 name='wep_key2'
D/wpa_supplicant( 7163): CTRL_IFACE: Failed to get network variable 'wep_key2'
D/wpa_supplicant( 7163): wlan0: Control interface command 'GET_NETWORK 3 wep_key3'
D/wpa_supplicant( 7163): CTRL_IFACE: GET_NETWORK id=3 name='wep_key3'
D/wpa_supplicant( 7163): CTRL_IFACE: Failed to get network variable 'wep_key3'
D/wpa_supplicant( 7163): wlan0: Control interface command 'GET_NETWORK 3 psk'
D/wpa_supplicant( 7163): CTRL_IFACE: GET_NETWORK id=3 name='psk'
D/wpa_supplicant( 7163): Do not allow key_data field to be exposed
D/wpa_supplicant( 7163): wlan0: Control interface command 'GET_NETWORK 3 proto'
D/wpa_supplicant( 7163): CTRL_IFACE: GET_NETWORK id=3 name='proto'
D/wpa_supplicant( 7163): wlan0: Control interface command 'GET_NETWORK 3 key_mgmt'
D/wpa_supplicant( 7163): CTRL_IFACE: GET_NETWORK id=3 name='key_mgmt'
D/wpa_supplicant( 7163): wlan0: Control interface command 'GET_NETWORK 3 auth_alg'
D/wpa_supplicant( 7163): CTRL_IFACE: GET_NETWORK id=3 name='auth_alg'
D/wpa_supplicant( 7163): CTRL_IFACE: Failed to get network variable 'auth_alg'
D/wpa_supplicant( 7163): wlan0: Control interface command 'GET_NETWORK 3 pairwise'
D/wpa_supplicant( 7163): CTRL_IFACE: GET_NETWORK id=3 name='pairwise'
D/wpa_supplicant( 7163): wlan0: Control interface command 'GET_NETWORK 3 group'
D/wpa_supplicant( 7163): CTRL_IFACE: GET_NETWORK id=3 name='group'
D/wpa_supplicant( 7163): wlan0: Control interface command 'GET_NETWORK 3 eap'
D/wpa_supplicant( 7163): CTRL_IFACE: GET_NETWORK id=3 name='eap'
D/wpa_supplicant( 7163): CTRL_IFACE: Failed to get network variable 'eap'
D/wpa_supplicant( 7163): wlan0: Control interface command 'GET_NETWORK 3 phase2'
D/wpa_supplicant( 7163): CTRL_IFACE: GET_NETWORK id=3 name='phase2'
D/wpa_supplicant( 7163): CTRL_IFACE: Failed to get network variable 'phase2'
D/wpa_supplicant( 7163): wlan0: Control interface command 'GET_NETWORK 3 identity'
D/wpa_supplicant( 7163): CTRL_IFACE: GET_NETWORK id=3 name='identity'
D/wpa_supplicant( 7163): CTRL_IFACE: Failed to get network variable 'identity'
D/wpa_supplicant( 7163): wlan0: Control interface command 'GET_NETWORK 3 anonymous_identity'
D/wpa_supplicant( 7163): CTRL_IFACE: GET_NETWORK id=3 name='anonymous_identity'
D/wpa_supplicant( 7163): CTRL_IFACE: Failed to get network variable 'anonymous_identity'
D/wpa_supplicant( 7163): wlan0: Control interface command 'GET_NETWORK 3 password'
D/wpa_supplicant( 7163): CTRL_IFACE: GET_NETWORK id=3 name='password'
D/wpa_supplicant( 7163): CTRL_IFACE: Failed to get network variable 'password'
D/wpa_supplicant( 7163): wlan0: Control interface command 'GET_NETWORK 3 client_cert'
D/wpa_supplicant( 7163): CTRL_IFACE: GET_NETWORK id=3 name='client_cert'
D/wpa_supplicant( 7163): CTRL_IFACE: Failed to get network variable 'client_cert'
D/wpa_supplicant( 7163): wlan0: Control interface command 'GET_NETWORK 3 ca_cert'
D/wpa_supplicant( 7163): CTRL_IFACE: GET_NETWORK id=3 name='ca_cert'
D/wpa_supplicant( 7163): CTRL_IFACE: Failed to get network variable 'ca_cert'
D/wpa_supplicant( 7163): wlan0: Control interface command 'GET_NETWORK 3 subject_match'
D/wpa_supplicant( 7163): CTRL_IFACE: GET_NETWORK id=3 name='subject_match'
D/wpa_supplicant( 7163): CTRL_IFACE: Failed to get network variable 'subject_match'
D/wpa_supplicant( 7163): wlan0: Control interface command 'GET_NETWORK 3 engine'
D/wpa_supplicant( 7163): CTRL_IFACE: GET_NETWORK id=3 name='engine'
D/wpa_supplicant( 7163): wlan0: Control interface command 'GET_NETWORK 3 engine_id'
D/wpa_supplicant( 7163): CTRL_IFACE: GET_NETWORK id=3 name='engine_id'
D/wpa_supplicant( 7163): CTRL_IFACE: Failed to get network variable 'engine_id'
D/wpa_supplicant( 7163): wlan0: Control interface command 'GET_NETWORK 3 key_id'
D/wpa_supplicant( 7163): CTRL_IFACE: GET_NETWORK id=3 name='key_id'
D/wpa_supplicant( 7163): CTRL_IFACE: Failed to get network variable 'key_id'
D/wpa_supplicant( 7163): wlan0: Control interface command 'GET_NETWORK 3 private_key'
D/wpa_supplicant( 7163): CTRL_IFACE: GET_NETWORK id=3 name='private_key'
D/wpa_supplicant( 7163): CTRL_IFACE: Failed to get network variable 'private_key'
D/wpa_supplicant( 7163): wlan0: Control interface command 'SAVE_CONFIG'
D/wpa_supplicant( 7163): Writing configuration file '/data/misc/wifi/wpa_supplicant.conf.tmp'
D/wpa_supplicant( 7163): Configuration file '/data/misc/wifi/wpa_supplicant.conf' written successfully
D/wpa_supplicant( 7163): CTRL_IFACE: SAVE_CONFIG - Configuration updated
E/WifiStateMachine(  751): CMD_AUTO_CONNECT did save config ->  nid=3
D/wpa_supplicant( 7163): wlan0: Control interface command 'ENABLE_NETWORK 3'
D/wpa_supplicant( 7163): CTRL_IFACE: ENABLE_NETWORK id=3
D/wpa_supplicant( 7163): wlan0: Control interface command 'GET_NETWORK 3 ssid'
D/wpa_supplicant( 7163): CTRL_IFACE: GET_NETWORK id=3 name='ssid'
D/wpa_supplicant( 7163): wlan0: Control interface command 'GET_NETWORK 3 bssid'
D/wpa_supplicant( 7163): CTRL_IFACE: GET_NETWORK id=3 name='bssid'
D/wpa_supplicant( 7163): CTRL_IFACE: Failed to get network variable 'bssid'
D/wpa_supplicant( 7163): wlan0: Control interface command 'GET_NETWORK 3 priority'
D/wpa_supplicant( 7163): CTRL_IFACE: GET_NETWORK id=3 name='priority'
D/wpa_supplicant( 7163): wlan0: Control interface command 'GET_NETWORK 3 sim_num'
D/wpa_supplicant( 7163): CTRL_IFACE: GET_NETWORK id=3 name='sim_num'
D/wpa_supplicant( 7163): wlan0: Control interface command 'GET_NETWORK 3 scan_ssid'
D/wpa_supplicant( 7163): CTRL_IFACE: GET_NETWORK id=3 name='scan_ssid'
D/wpa_supplicant( 7163): wlan0: Control interface command 'GET_NETWORK 3 wep_tx_keyidx'
D/wpa_supplicant( 7163): CTRL_IFACE: GET_NETWORK id=3 name='wep_tx_keyidx'
D/wpa_supplicant( 7163): wlan0: Control interface command 'GET_NETWORK 3 wep_key0'
D/wpa_supplicant( 7163): CTRL_IFACE: GET_NETWORK id=3 name='wep_key0'
D/wpa_supplicant( 7163): CTRL_IFACE: Failed to get network variable 'wep_key0'
D/wpa_supplicant( 7163): wlan0: Control interface command 'GET_NETWORK 3 wep_key1'
D/wpa_supplicant( 7163): CTRL_IFACE: GET_NETWORK id=3 name='wep_key1'
D/wpa_supplicant( 7163): CTRL_IFACE: Failed to get network variable 'wep_key1'
D/wpa_supplicant( 7163): wlan0: Control interface command 'GET_NETWORK 3 wep_key2'
D/wpa_supplicant( 7163): CTRL_IFACE: GET_NETWORK id=3 name='wep_key2'
D/wpa_supplicant( 7163): CTRL_IFACE: Failed to get network variable 'wep_key2'
D/wpa_supplicant( 7163): wlan0: Control interface command 'GET_NETWORK 3 wep_key3'
D/wpa_supplicant( 7163): CTRL_IFACE: GET_NETWORK id=3 name='wep_key3'
D/wpa_supplicant( 7163): CTRL_IFACE: Failed to get network variable 'wep_key3'
D/wpa_supplicant( 7163): wlan0: Control interface command 'GET_NETWORK 3 psk'
D/wpa_supplicant( 7163): CTRL_IFACE: GET_NETWORK id=3 name='psk'
D/wpa_supplicant( 7163): Do not allow key_data field to be exposed
D/wpa_supplicant( 7163): wlan0: Control interface command 'GET_NETWORK 3 proto'
D/wpa_supplicant( 7163): CTRL_IFACE: GET_NETWORK id=3 name='proto'
D/wpa_supplicant( 7163): wlan0: Control interface command 'GET_NETWORK 3 key_mgmt'
D/wpa_supplicant( 7163): CTRL_IFACE: GET_NETWORK id=3 name='key_mgmt'
D/wpa_supplicant( 7163): wlan0: Control interface command 'GET_NETWORK 3 auth_alg'
D/wpa_supplicant( 7163): CTRL_IFACE: GET_NETWORK id=3 name='auth_alg'
D/wpa_supplicant( 7163): CTRL_IFACE: Failed to get network variable 'auth_alg'
D/wpa_supplicant( 7163): wlan0: Control interface command 'GET_NETWORK 3 pairwise'
D/wpa_supplicant( 7163): CTRL_IFACE: GET_NETWORK id=3 name='pairwise'
D/wpa_supplicant( 7163): wlan0: Control interface command 'GET_NETWORK 3 group'
D/wpa_supplicant( 7163): CTRL_IFACE: GET_NETWORK id=3 name='group'
D/wpa_supplicant( 7163): wlan0: Control interface command 'GET_NETWORK 3 eap'
D/wpa_supplicant( 7163): CTRL_IFACE: GET_NETWORK id=3 name='eap'
D/wpa_supplicant( 7163): CTRL_IFACE: Failed to get network variable 'eap'
D/wpa_supplicant( 7163): wlan0: Control interface command 'GET_NETWORK 3 phase2'
D/wpa_supplicant( 7163): CTRL_IFACE: GET_NETWORK id=3 name='phase2'
D/wpa_supplicant( 7163): CTRL_IFACE: Failed to get network variable 'phase2'
D/wpa_supplicant( 7163): wlan0: Control interface command 'GET_NETWORK 3 identity'
D/wpa_supplicant( 7163): CTRL_IFACE: GET_NETWORK id=3 name='identity'
D/wpa_supplicant( 7163): CTRL_IFACE: Failed to get network variable 'identity'
D/wpa_supplicant( 7163): wlan0: Control interface command 'GET_NETWORK 3 anonymous_identity'
D/wpa_supplicant( 7163): CTRL_IFACE: GET_NETWORK id=3 name='anonymous_identity'
D/wpa_supplicant( 7163): CTRL_IFACE: Failed to get network variable 'anonymous_identity'
D/wpa_supplicant( 7163): wlan0: Control interface command 'GET_NETWORK 3 password'
D/wpa_supplicant( 7163): CTRL_IFACE: GET_NETWORK id=3 name='password'
D/wpa_supplicant( 7163): CTRL_IFACE: Failed to get network variable 'password'
D/wpa_supplicant( 7163): wlan0: Control interface command 'GET_NETWORK 3 client_cert'
D/wpa_supplicant( 7163): CTRL_IFACE: GET_NETWORK id=3 name='client_cert'
D/wpa_supplicant( 7163): CTRL_IFACE: Failed to get network variable 'client_cert'
D/wpa_supplicant( 7163): wlan0: Control interface command 'GET_NETWORK 3 ca_cert'
D/wpa_supplicant( 7163): CTRL_IFACE: GET_NETWORK id=3 name='ca_cert'
D/wpa_supplicant( 7163): CTRL_IFACE: Failed to get network variable 'ca_cert'
D/wpa_supplicant( 7163): wlan0: Control interface command 'GET_NETWORK 3 subject_match'
D/wpa_supplicant( 7163): CTRL_IFACE: GET_NETWORK id=3 name='subject_match'
D/wpa_supplicant( 7163): CTRL_IFACE: Failed to get network variable 'subject_match'
D/wpa_supplicant( 7163): wlan0: Control interface command 'GET_NETWORK 3 engine'
D/wpa_supplicant( 7163): CTRL_IFACE: GET_NETWORK id=3 name='engine'
D/wpa_supplicant( 7163): wlan0: Control interface command 'GET_NETWORK 3 engine_id'
D/wpa_supplicant( 7163): CTRL_IFACE: GET_NETWORK id=3 name='engine_id'
D/wpa_supplicant( 7163): CTRL_IFACE: Failed to get network variable 'engine_id'
D/wpa_supplicant( 7163): wlan0: Control interface command 'GET_NETWORK 3 key_id'
D/wpa_supplicant( 7163): CTRL_IFACE: GET_NETWORK id=3 name='key_id'
D/wpa_supplicant( 7163): CTRL_IFACE: Failed to get network variable 'key_id'
D/wpa_supplicant( 7163): wlan0: Control interface command 'GET_NETWORK 3 private_key'
D/wpa_supplicant( 7163): CTRL_IFACE: GET_NETWORK id=3 name='private_key'
D/wpa_supplicant( 7163): CTRL_IFACE: Failed to get network variable 'private_key'
E/wifi_gbk2utf(  751): g_pItemList is NULL
D/wpa_supplicant( 7163): wlan0: Control interface command 'SET_NETWORK [REMOVED]'
D/wpa_supplicant( 7163): CTRL_IFACE: SET_NETWORK id=3 name='priority'
D/wpa_supplicant( 7163): CTRL_IFACE: value - hexdump(len=3): [REMOVED]
D/wpa_supplicant( 7163): priority=226 (0xe2)
E/WifiConfigStore(  751): will read network variables netId=3
D/wpa_supplicant( 7163): wlan0: Control interface command 'GET_NETWORK 3 ssid'
D/wpa_supplicant( 7163): CTRL_IFACE: GET_NETWORK id=3 name='ssid'
D/wpa_supplicant( 7163): wlan0: Control interface command 'GET_NETWORK 3 bssid'
D/wpa_supplicant( 7163): CTRL_IFACE: GET_NETWORK id=3 name='bssid'
D/wpa_supplicant( 7163): CTRL_IFACE: Failed to get network variable 'bssid'
D/wpa_supplicant( 7163): wlan0: Control interface command 'GET_NETWORK 3 priority'
D/wpa_supplicant( 7163): CTRL_IFACE: GET_NETWORK id=3 name='priority'
D/wpa_supplicant( 7163): wlan0: Control interface command 'GET_NETWORK 3 sim_num'
D/wpa_supplicant( 7163): CTRL_IFACE: GET_NETWORK id=3 name='sim_num'
D/wpa_supplicant( 7163): wlan0: Control interface command 'GET_NETWORK 3 scan_ssid'
D/wpa_supplicant( 7163): CTRL_IFACE: GET_NETWORK id=3 name='scan_ssid'
D/wpa_supplicant( 7163): wlan0: Control interface command 'GET_NETWORK 3 wep_tx_keyidx'
D/wpa_supplicant( 7163): CTRL_IFACE: GET_NETWORK id=3 name='wep_tx_keyidx'
D/wpa_supplicant( 7163): wlan0: Control interface command 'GET_NETWORK 3 wep_key0'
D/wpa_supplicant( 7163): CTRL_IFACE: GET_NETWORK id=3 name='wep_key0'
D/wpa_supplicant( 7163): CTRL_IFACE: Failed to get network variable 'wep_key0'
D/wpa_supplicant( 7163): wlan0: Control interface command 'GET_NETWORK 3 wep_key1'
D/wpa_supplicant( 7163): CTRL_IFACE: GET_NETWORK id=3 name='wep_key1'
D/wpa_supplicant( 7163): CTRL_IFACE: Failed to get network variable 'wep_key1'
D/wpa_supplicant( 7163): wlan0: Control interface command 'GET_NETWORK 3 wep_key2'
D/wpa_supplicant( 7163): CTRL_IFACE: GET_NETWORK id=3 name='wep_key2'
D/wpa_supplicant( 7163): CTRL_IFACE: Failed to get network variable 'wep_key2'
D/wpa_supplicant( 7163): wlan0: Control interface command 'GET_NETWORK 3 wep_key3'
D/wpa_supplicant( 7163): CTRL_IFACE: GET_NETWORK id=3 name='wep_key3'
D/wpa_supplicant( 7163): CTRL_IFACE: Failed to get network variable 'wep_key3'
D/wpa_supplicant( 7163): wlan0: Control interface command 'GET_NETWORK 3 psk'
D/wpa_supplicant( 7163): CTRL_IFACE: GET_NETWORK id=3 name='psk'
D/wpa_supplicant( 7163): Do not allow key_data field to be exposed
D/wpa_supplicant( 7163): wlan0: Control interface command 'GET_NETWORK 3 proto'
D/wpa_supplicant( 7163): CTRL_IFACE: GET_NETWORK id=3 name='proto'
D/wpa_supplicant( 7163): wlan0: Control interface command 'GET_NETWORK 3 key_mgmt'
D/wpa_supplicant( 7163): CTRL_IFACE: GET_NETWORK id=3 name='key_mgmt'
D/wpa_supplicant( 7163): wlan0: Control interface command 'GET_NETWORK 3 auth_alg'
D/wpa_supplicant( 7163): CTRL_IFACE: GET_NETWORK id=3 name='auth_alg'
D/wpa_supplicant( 7163): CTRL_IFACE: Failed to get network variable 'auth_alg'
D/wpa_supplicant( 7163): wlan0: Control interface command 'GET_NETWORK 3 pairwise'
D/wpa_supplicant( 7163): CTRL_IFACE: GET_NETWORK id=3 name='pairwise'
D/wpa_supplicant( 7163): wlan0: Control interface command 'GET_NETWORK 3 group'
D/wpa_supplicant( 7163): CTRL_IFACE: GET_NETWORK id=3 name='group'
D/wpa_supplicant( 7163): wlan0: Control interface command 'GET_NETWORK 3 eap'
D/wpa_supplicant( 7163): CTRL_IFACE: GET_NETWORK id=3 name='eap'
D/wpa_supplicant( 7163): CTRL_IFACE: Failed to get network variable 'eap'
D/wpa_supplicant( 7163): wlan0: Control interface command 'GET_NETWORK 3 phase2'
D/wpa_supplicant( 7163): CTRL_IFACE: GET_NETWORK id=3 name='phase2'
D/wpa_supplicant( 7163): CTRL_IFACE: Failed to get network variable 'phase2'
