I/telpo_native(  759): handle_emv_serial_read_write_cmd: receive data length is 20
I/telpo_native(  759): 0b
I/telpo_native(  759): b0
I/telpo_native(  759): 96
I/telpo_native(  759): 69
I/telpo_native(  759): 04
I/telpo_native(  759): 00
I/telpo_native(  759): 00
I/telpo_native(  759): 00
I/telpo_native(  759): 42
I/telpo_native(  759): 00
I/telpo_native(  759): 04
I/telpo_native(  759): 01
I/telpo_native(  759): 00
I/telpo_native(  759): 00
I/telpo_native(  759): 00
I/telpo_native(  759): 00
I/telpo_native(  759): 00
I/telpo_native(  759): 00
I/telpo_native(  759): 00
I/telpo_native(  759): 00
I/telpo_native(  759): 
D/telpo_native(19709): CallIntMethod return ret = 0 length = 20
D/wpa_supplicant( 3788): wlan0: Control interface command 'SIGNAL_POLL'
W/EmvService(19709): InputPin: 1
E/EMV_LIB (19709): Send APDU:13
E/EMV_LIB (19709): <<<   >>> [13]
E/EMV_LIB (19709): 00 20 00 80 08 24 42 51 FF FF FF FF FF 
D/telpo_native(  759): usb_printer_write data start!
D/telpo_native(  759): usb_printer_write start!
E/telpo_native(  759): ret = 38
D/telpo_native(  759): handle_emv_serial_read_write_cmd: usb write length = 38
E/telpo_native(  759): Cannot find response header
D/telpo_native(  759): handle_emv_serial_read_write_cmd: not enough data receive,continue
E/telpo_native(  759): Cannot find response header
D/telpo_native(  759): handle_emv_serial_read_write_cmd: not enough data receive,continue
E/telpo_native(  759): Cannot find response header
D/telpo_native(  759): handle_emv_serial_read_write_cmd: not enough data receive,continue
E/telpo_native(  759): Cannot find response header
D/telpo_native(  759): handle_emv_serial_read_write_cmd: not enough data receive,continue
E/telpo_native(  759): Cannot find response header
D/telpo_native(  759): handle_emv_serial_read_write_cmd: not enough data receive,continue
E/telpo_native(  759): Cannot find response header
D/telpo_native(  759): handle_emv_serial_read_write_cmd: not enough data receive,continue
E/telpo_native(  759): Cannot find response header
D/telpo_native(  759): handle_emv_serial_read_write_cmd: not enough data receive,continue
E/telpo_native(  759): Cannot find response header
D/telpo_native(  759): handle_emv_serial_read_write_cmd: not enough data receive,continue
E/telpo_native(  759): Cannot find response header
D/telpo_native(  759): handle_emv_serial_read_write_cmd: not enough data receive,continue
E/telpo_native(  759): serial_read:start read
E/telpo_native(  759): serial_read:serial_read read_size = 0
D/telpo_native(  759): handle_emv_serial_read_write_cmd: usb_printer_read length = 26
I/telpo_native(  759): 0b
I/telpo_native(  759): b0
I/telpo_native(  759): 96
I/telpo_native(  759): 69
I/telpo_native(  759): 0a
I/telpo_native(  759): 00
I/telpo_native(  759): 00
I/telpo_native(  759): 00
I/telpo_native(  759): 43
I/telpo_native(  759): 00
I/telpo_native(  759): 04
I/telpo_native(  759): 01
I/telpo_native(  759): 00
I/telpo_native(  759): 00
I/telpo_native(  759): 00
I/telpo_native(  759): 00
I/telpo_native(  759): 00
I/telpo_native(  759): 00
I/telpo_native(  759): 00
I/telpo_native(  759): 00
I/telpo_native(  759): 02
I/telpo_native(  759): 00
I/telpo_native(  759): 00
I/telpo_native(  759): 00
I/telpo_native(  759): 90
I/telpo_native(  759): 00
I/telpo_native(  759): 
D/telpo_native(  759): handle_emv_serial_read_write_cmd: parse successfully!
I/telpo_native(  759): handle_emv_serial_read_write_cmd: receive data length is 26
I/telpo_native(  759): 0b
I/telpo_native(  759): b0
I/telpo_native(  759): 96
I/telpo_native(  759): 69
I/telpo_native(  759): 0a
I/telpo_native(  759): 00
I/telpo_native(  759): 00
I/telpo_native(  759): 00
I/telpo_native(  759): 43
I/telpo_native(  759): 00
I/telpo_native(  759): 04
I/telpo_native(  759): 01
I/telpo_native(  759): 00
I/telpo_native(  759): 00
I/telpo_native(  759): 00
I/telpo_native(  759): 00
I/telpo_native(  759): 00
I/telpo_native(  759): 00
I/telpo_native(  759): 00
I/telpo_native(  759): 00
I/telpo_native(  759): 02
I/telpo_native(  759): 00
I/telpo_native(  759): 00
I/telpo_native(  759): 00
I/telpo_native(  759): 90
I/telpo_native(  759): 00
I/telpo_native(  759): 
D/telpo_native(19709): CallIntMethod return ret = 0 length = 26
E/EMV_LIB (19709): Receive APDU:2
E/EMV_LIB (19709): <<< Receive APDU: >>> [2]
E/EMV_LIB (19709): 90 00 
E/EMV_LIB (19709): Cvm_Excute ret = 1
E/EMV_LIB (19709): CVM [2] Checked Successfully
E/EMV_LIB (19709): <<< emv tlv tag Get [0x95] >>> [5]
E/EMV_LIB (19709): 04 80 80 00 00 
E/EMV_LIB (19709): <<< emv tlv tag Set [0x95] >>> [5]
E/EMV_LIB (19709): 04 80 00 00 00 
E/EMV_LIB (19709): <<< emv tlv tag Get [0x9B] >>> [2]
E/EMV_LIB (19709): 80 00 
E/EMV_LIB (19709): <<< emv tlv tag Set [0x9B] >>> [2]
E/EMV_LIB (19709): C0 00 
E/EMV_LIB (19709): <<< emv tlv tag Set [0x9F34] >>> [3]
E/EMV_LIB (19709): 41 03 02 
E/EMV_LIB (19709): <<< emv tlv tag Get [0x5A] >>> [8]
E/EMV_LIB (19709): 51 99 11 07 54 30 94 55 
E/EMV_LIB (19709): CheckException methid :1952540784
W/EmvService(19709): CheckExceptionPan: 0
E/EMV_LIB (19709): CheckException ret :0
E/EMV_LIB (19709): OnEmvCheckException ret = 0
E/EMV_LIB (19709): <<< emv tlv tag Get [0x9F1B] >>> [4]
E/EMV_LIB (19709): 7F FF FF FF 
E/EMV_LIB (19709): <<< emv tlv tag Get [0x9F02] >>> [6]
E/EMV_LIB (19709): 00 00 00 00 00 01 
E/EMV_LIB (19709): <<< emv tlv tag Get [0x9F02] >>> [6]
E/EMV_LIB (19709): 00 00 00 00 00 01 
E/EMV_LIB (19709): <<< emv tlv tag Get [0x9F1B] >>> [4]
E/EMV_LIB (19709): 7F FF FF FF 
E/EMV_LIB (19709): <<< emv tlv tag Get [0x9B] >>> [2]
E/EMV_LIB (19709): C0 00 
E/EMV_LIB (19709): <<< emv tlv tag Set [0x9B] >>> [2]
E/EMV_LIB (19709): C8 00 
E/EMV_LIB (19709): <<< emv tlv tag Get [0x8C] >>> [39]
E/EMV_LIB (19709): 9F 02 06 9F 03 06 9F 1A 02 95 05 5F 2A 02 9A 03 9C 01 9F 37 04 9F 35 01 9F 45 02 9F 4C 08 9F 34 03 9F 21 03 9F 7C 14 
E/EMV_LIB (19709): <<< emv tlv tag Get [0x95] >>> [5]
E/EMV_LIB (19709): 04 80 00 00 00 
E/EMV_LIB (19709): <<< emv tlv tag Get [0x9F0E] >>> [5]
E/EMV_LIB (19709): 00 00 00 00 00 
E/EMV_LIB (19709): <<< IAC >>> [5]
E/EMV_LIB (19709): 00 00 00 00 00 
E/EMV_LIB (19709): <<< TAC >>> [5]
E/EMV_LIB (19709): 00 10 00 00 00 
E/EMV_LIB (19709): <<< TVR >>> [5]
E/EMV_LIB (19709): 04 80 00 00 00 
E/EMV_LIB (19709): <<< emv tlv tag Get [0x95] >>> [5]
E/EMV_LIB (19709): 04 80 00 00 00 
E/EMV_LIB (19709): <<< emv tlv tag Get [0x9F0F] >>> [5]
E/EMV_LIB (19709): BC 70 BC 98 00 
E/EMV_LIB (19709): <<< IAC >>> [5]
E/EMV_LIB (19709): BC 70 BC 98 00 
E/EMV_LIB (19709): <<< TAC >>> [5]
E/EMV_LIB (19709): FC F8 E4 F8 80 
E/EMV_LIB (19709): <<< TVR >>> [5]
E/EMV_LIB (19709): 04 80 00 00 00 
E/EMV_LIB (19709): Check Online  
E/EMV_LIB (19709): Result: Generate ARQC
E/EMV_LIB (19709): 1st GenerateAC Command [80]
E/EMV_LIB (19709): <<< emv tlv tag Get [0x8C] >>> [39]
E/EMV_LIB (19709): 9F 02 06 9F 03 06 9F 1A 02 95 05 5F 2A 02 9A 03 9C 01 9F 37 04 9F 35 01 9F 45 02 9F 4C 08 9F 34 03 9F 21 03 9F 7C 14 
E/EMV_LIB (19709): <<< construct_dol >>> [39]
E/EMV_LIB (19709): 9F 02 06 9F 03 06 9F 1A 02 95 05 5F 2A 02 9A 03 9C 01 9F 37 04 9F 35 01 9F 45 02 9F 4C 08 9F 34 03 9F 21 03 9F 7C 14 
E/EMV_LIB (19709): DOL Request Tag:9F02
E/EMV_LIB (19709): <<< emv tlv tag Get [0x9F02] >>> [6]
E/EMV_LIB (19709): 00 00 00 00 00 01 
E/EMV_LIB (19709): <<< Value: >>> [6]
E/EMV_LIB (19709): 00 00 00 00 00 01 
E/EMV_LIB (19709): DOL Request Tag:9F03
E/EMV_LIB (19709): <<< emv tlv tag Get [0x9F03] >>> [6]
E/EMV_LIB (19709): 00 00 00 00 00 00 
E/EMV_LIB (19709): <<< Value: >>> [6]
E/EMV_LIB (19709): 00 00 00 00 00 00 
E/EMV_LIB (19709): DOL Request Tag:9F1A
E/EMV_LIB (19709): <<< emv tlv tag Get [0x9F1A] >>> [2]
E/EMV_LIB (19709): 05 66 
E/EMV_LIB (19709): <<< Value: >>> [2]
E/EMV_LIB (19709): 05 66 
E/EMV_LIB (19709): DOL Request Tag:95
E/EMV_LIB (19709): <<< emv tlv tag Get [0x95] >>> [5]
E/EMV_LIB (19709): 04 80 00 00 00 
E/EMV_LIB (19709): <<< Value: >>> [5]
E/EMV_LIB (19709): 04 80 00 00 00 
E/EMV_LIB (19709): DOL Request Tag:5F2A
E/EMV_LIB (19709): <<< emv tlv tag Get [0x5F2A] >>> [2]
E/EMV_LIB (19709): 05 66 
E/EMV_LIB (19709): <<< Value: >>> [2]
E/EMV_LIB (19709): 05 66 
E/EMV_LIB (19709): DOL Request Tag:9A
E/EMV_LIB (19709): <<< emv tlv tag Get [0x9A] >>> [3]
E/EMV_LIB (19709): 20 06 10 
E/EMV_LIB (19709): <<< Value: >>> [3]
E/EMV_LIB (19709): 20 06 10 
E/EMV_LIB (19709): DOL Request Tag:9C
E/EMV_LIB (19709): <<< emv tlv tag Get [0x9C] >>> [1]
E/EMV_LIB (19709): 00 
E/EMV_LIB (19709): <<< Value: >>> [1]
E/EMV_LIB (19709): 00 
E/EMV_LIB (19709): DOL Request Tag:9F37
E/EMV_LIB (19709): <<< emv tlv tag Get [0x9F37] >>> [4]
E/EMV_LIB (19709): 49 BC AF CC 
E/EMV_LIB (19709): <<< Value: >>> [4]
E/EMV_LIB (19709): 49 BC AF CC 
E/EMV_LIB (19709): DOL Request Tag:9F35
E/EMV_LIB (19709): <<< emv tlv tag Get [0x9F35] >>> [1]
E/EMV_LIB (19709): 22 
E/EMV_LIB (19709): <<< Value: >>> [1]
E/EMV_LIB (19709): 22 
E/EMV_LIB (19709): DOL Request Tag:9F45
E/EMV_LIB (19709): <<< Value: >>> [0]
E/EMV_LIB (19709): DOL Unknown Tag: 0x9F45, Len:2
E/EMV_LIB (19709): Require input Tag: 9F45
E/EMV_LIB (19709): jni_RequireTagValue, Tag:9F45
W/EmvService(19709): RequireTagValue: 1
E/EMV_LIB (19709): <<< emv tlv tag Set [0x9F45] >>> [2]
E/EMV_LIB (19709): 00 00 
E/EMV_LIB (19709): DOL Request Tag:9F4C
E/EMV_LIB (19709): <<< Value: >>> [0]
E/EMV_LIB (19709): DOL Unknown Tag: 0x9F4C, Len:8
E/EMV_LIB (19709): Require input Tag: 9F4C
E/EMV_LIB (19709): jni_RequireTagValue, Tag:9F4C
W/EmvService(19709): RequireTagValue: 1
E/EMV_LIB (19709): <<< emv tlv tag Set [0x9F4C] >>> [8]
E/EMV_LIB (19709): 00 00 00 00 00 00 00 00 
E/EMV_LIB (19709): DOL Request Tag:9F34
E/EMV_LIB (19709): <<< emv tlv tag Get [0x9F34] >>> [3]
E/EMV_LIB (19709): 41 03 02 
E/EMV_LIB (19709): <<< Value: >>> [3]
E/EMV_LIB (19709): 41 03 02 
E/EMV_LIB (19709): DOL Request Tag:9F21
E/EMV_LIB (19709): <<< emv tlv tag Get [0x9F21] >>> [3]
E/EMV_LIB (19709): 19 42 43 
E/EMV_LIB (19709): <<< Value: >>> [3]
E/EMV_LIB (19709): 19 42 43 
E/EMV_LIB (19709): DOL Request Tag:9F7C
E/EMV_LIB (19709): <<< Value: >>> [0]
E/EMV_LIB (19709): DOL Unknown Tag: 0x9F7C, Len:20
E/EMV_LIB (19709): Require input Tag: 9F7C
E/EMV_LIB (19709): jni_RequireTagValue, Tag:9F7C
W/EmvService(19709): RequireTagValue: 1
E/EMV_LIB (19709): <<< emv tlv tag Set [0x9F7C] >>> [20]
E/EMV_LIB (19709): 00 00 00 00 00 00 00 00 00 00 00 00 00 00 00 00 00 00 00 00 
E/EMV_LIB (19709): Generate_AC Is CDA = 0
E/EMV_LIB (19709): Send APDU:72
E/EMV_LIB (19709): <<<   >>> [72]
E/EMV_LIB (19709): 80 AE 80 00 42 00 00 00 00 00 01 00 00 00 00 00 00 05 66 04 80 00 00 00 05 66 20 06 10 00 49 BC AF CC 22 00 00 00 00 00 00 00 00 00 00 41 03 02 19 42 43 00 00 00 00 00 00 00 00 00 00 00 00 00 00 00 00 00 00 00 00 00 
D/telpo_native(  759): usb_printer_write data start!
D/telpo_native(  759): usb_printer_write start!
E/telpo_native(  759): ret = 97
D/telpo_native(  759): handle_emv_serial_read_write_cmd: usb write length = 97
E/telpo_native(  759): Cannot find response header
D/telpo_native(  759): handle_emv_serial_read_write_cmd: not enough data receive,continue
E/telpo_native(  759): Cannot find response header
D/telpo_native(  759): handle_emv_serial_read_write_cmd: not enough data receive,continue
E/telpo_native(  759): Cannot find response header
D/telpo_native(  759): handle_emv_serial_read_write_cmd: not enough data receive,continue
E/telpo_native(  759): Cannot find response header
D/telpo_native(  759): handle_emv_serial_read_write_cmd: not enough data receive,continue
E/telpo_native(  759): Cannot find response header
D/telpo_native(  759): handle_emv_serial_read_write_cmd: not enough data receive,continue
E/telpo_native(  759): Cannot find response header
D/telpo_native(  759): handle_emv_serial_read_write_cmd: not enough data receive,continue
E/telpo_native(  759): Cannot find response header
D/telpo_native(  759): handle_emv_serial_read_write_cmd: not enough data receive,continue
E/telpo_native(  759): Cannot find response header
D/telpo_native(  759): handle_emv_serial_read_write_cmd: not enough data receive,continue
E/telpo_native(  759): Cannot find response header
D/telpo_native(  759): handle_emv_serial_read_write_cmd: not enough data receive,continue
E/telpo_native(  759): Cannot find response header
D/telpo_native(  759): handle_emv_serial_read_write_cmd: not enough data receive,continue
E/telpo_native(  759): Cannot find response header
D/telpo_native(  759): handle_emv_serial_read_write_cmd: not enough data receive,continue
D/audio_hw_primary(  303): out_standby: enter: stream (0xb726f5d8) usecase(0: deep-buffer-playback)
E/telpo_native(  759): Cannot find response header
D/telpo_native(  759): handle_emv_serial_read_write_cmd: not enough data receive,continue
D/BatteryMeterView( 3211): not on charging...
D/BatteryMeterView( 3211): not on charging...
D/BatteryMeterView( 3211): not on charging...
E/telpo_native(  759): Cannot find response header
D/telpo_native(  759): handle_emv_serial_read_write_cmd: not enough data receive,continue
D/BatteryMeterView( 3211): onDraw level = 6
E/telpo_native(  759): Cannot find response header
D/telpo_native(  759): handle_emv_serial_read_write_cmd: not enough data receive,continue
E/telpo_native(  759): Cannot find response header
D/telpo_native(  759): handle_emv_serial_read_write_cmd: not enough data receive,continue
I/SurfaceFlinger(  260): FPS: 32
D/BatteryMeterView( 3211): onDraw level = 6
E/telpo_native(  759): Cannot find response header
D/telpo_native(  759): handle_emv_serial_read_write_cmd: not enough data receive,continue
E/telpo_native(  759): Cannot find response header
D/telpo_native(  759): handle_emv_serial_read_write_cmd: not enough data receive,continue
E/telpo_native(  759): Cannot find response header
D/telpo_native(  759): handle_emv_serial_read_write_cmd: not enough data receive,continue
E/telpo_native(  759): Cannot find response header
D/telpo_native(  759): handle_emv_serial_read_write_cmd: not enough data receive,continue
E/telpo_native(  759): Cannot find response header
D/telpo_native(  759): handle_emv_serial_read_write_cmd: not enough data receive,continue
E/telpo_native(  759): Cannot find response header
D/telpo_native(  759): handle_emv_serial_read_write_cmd: not enough data receive,continue
E/telpo_native(  759): Cannot find response header
D/telpo_native(  759): handle_emv_serial_read_write_cmd: not enough data receive,continue
E/telpo_native(  759): Cannot find response header
D/telpo_native(  759): handle_emv_serial_read_write_cmd: not enough data receive,continue
E/telpo_native(  759): Cannot find response header
D/telpo_native(  759): handle_emv_serial_read_write_cmd: not enough data receive,continue
E/telpo_native(  759): Cannot find response header
D/telpo_native(  759): handle_emv_serial_read_write_cmd: not enough data receive,continue
E/telpo_native(  759): serial_read:start read
E/telpo_native(  759): serial_read:serial_read read_size = 0
D/telpo_native(  759): handle_emv_serial_read_write_cmd: usb_printer_read length = 69
I/telpo_native(  759): 0b
I/telpo_native(  759): b0
I/telpo_native(  759): 96
I/telpo_native(  759): 69
I/telpo_native(  759): 35
I/telpo_native(  759): 00
I/telpo_native(  759): 00
I/telpo_native(  759): 00
I/telpo_native(  759): 44
I/telpo_native(  759): 00
I/telpo_native(  759): 04
I/telpo_native(  759): 01
I/telpo_native(  759): 00
I/telpo_native(  759): 00
I/telpo_native(  759): 00
I/telpo_native(  759): 00
I/telpo_native(  759): 00
I/telpo_native(  759): 00
I/telpo_native(  759): 00
I/telpo_native(  759): 00
I/telpo_native(  759): 2d
I/telpo_native(  759): 00
I/telpo_native(  759): 00
I/telpo_native(  759): 00
I/telpo_native(  759): 77
I/telpo_native(  759): 29
I/telpo_native(  759): 9f
I/telpo_native(  759): 27
I/telpo_native(  759): 01
I/telpo_native(  759): 80
I/telpo_native(  759): 9f
I/telpo_native(  759): 36
I/telpo_native(  759): 02
I/telpo_native(  759): 06
I/telpo_native(  759): c6
I/telpo_native(  759): 9f
I/telpo_native(  759): 26
I/telpo_native(  759): 08
I/telpo_native(  759): 4c
I/telpo_native(  759): 18
I/telpo_native(  759): 9a
I/telpo_native(  759): 16
I/telpo_native(  759): 85
I/telpo_native(  759): 8c
I/telpo_native(  759): a9
I/telpo_native(  759): 40
I/telpo_native(  759): 9f
I/telpo_native(  759): 10
I/telpo_native(  759): 12
I/telpo_native(  759): 01
I/telpo_native(  759): 10
I/telpo_native(  759): a5
I/telpo_native(  759): 00
I/telpo_native(  759): 03
I/telpo_native(  759): 02
I/telpo_native(  759): 00
I/telpo_native(  759): 00
I/telpo_native(  759): 00
I/telpo_native(  759): 00
I/telpo_native(  759): 00
I/telpo_native(  759): 00
I/telpo_native(  759): 00
I/telpo_native(  759): 00
I/telpo_native(  759): 00
I/telpo_native(  759): 00
I/telpo_native(  759): 00
I/telpo_native(  759): ff
I/telpo_native(  759): 90
I/telpo_native(  759): 00
I/telpo_native(  759): 
D/telpo_native(  759): handle_emv_serial_read_write_cmd: parse successfully!
I/telpo_native(  759): handle_emv_serial_read_write_cmd: receive data length is 69
I/telpo_native(  759): 0b
I/telpo_native(  759): b0
I/telpo_native(  759): 96
I/telpo_native(  759): 69
I/telpo_native(  759): 35
I/telpo_native(  759): 00
I/telpo_native(  759): 00
I/telpo_native(  759): 00
I/telpo_native(  759): 44
I/telpo_native(  759): 00
I/telpo_native(  759): 04
I/telpo_native(  759): 01
I/telpo_native(  759): 00
I/telpo_native(  759): 00
I/telpo_native(  759): 00
I/telpo_native(  759): 00
I/telpo_native(  759): 00
I/telpo_native(  759): 00
I/telpo_native(  759): 00
I/telpo_native(  759): 00
I/telpo_native(  759): 2d
I/telpo_native(  759): 00
I/telpo_native(  759): 00
I/telpo_native(  759): 00
I/telpo_native(  759): 77
I/telpo_native(  759): 29
I/telpo_native(  759): 9f
I/telpo_native(  759): 27
I/telpo_native(  759): 01
I/telpo_native(  759): 80
I/telpo_native(  759): 9f
I/telpo_native(  759): 36
I/telpo_native(  759): 02
I/telpo_native(  759): 06
I/telpo_native(  759): c6
I/telpo_native(  759): 9f
I/telpo_native(  759): 26
I/telpo_native(  759): 08
I/telpo_native(  759): 4c
I/telpo_native(  759): 18
I/telpo_native(  759): 9a
I/telpo_native(  759): 16
I/telpo_native(  759): 85
I/telpo_native(  759): 8c
I/telpo_native(  759): a9
I/telpo_native(  759): 40
I/telpo_native(  759): 9f
I/telpo_native(  759): 10
I/telpo_native(  759): 12
I/telpo_native(  759): 01
I/telpo_native(  759): 10
I/telpo_native(  759): a5
I/telpo_native(  759): 00
I/telpo_native(  759): 03
I/telpo_native(  759): 02
I/telpo_native(  759): 00
I/telpo_native(  759): 00
I/telpo_native(  759): 00
I/telpo_native(  759): 00
I/telpo_native(  759): 00
I/telpo_native(  759): 00
I/telpo_native(  759): 00
I/telpo_native(  759): 00
I/telpo_native(  759): 00
I/telpo_native(  759): 00
I/telpo_native(  759): 00
I/telpo_native(  759): ff
I/telpo_native(  759): 90
I/telpo_native(  759): 00
I/telpo_native(  759): 
D/telpo_native(  759): usb_printer_write data start!
D/telpo_native(  759): usb_printer_write start!
E/telpo_native(  759): ret = 25
D/telpo_native(  759): handle_emv_serial_read_write_cmd: usb write length = 25
D/telpo_native(19709): CallIntMethod return ret = 0 length = 69
E/EMV_LIB (19709): Receive APDU:45
E/EMV_LIB (19709): <<< Receive APDU: >>> [45]
E/EMV_LIB (19709): 77 29 9F 27 01 80 9F 36 02 06 C6 9F 26 08 4C 18 9A 16 85 8C A9 40 9F 10 12 01 10 A5 00 03 02 00 00 00 00 00 00 00 00 00 00 00 FF 90 00 
E/EMV_LIB (19709): Apdu_Generate_AC Res = 1
E/EMV_LIB (19709): CardAct_GenerateAC ret = 1
E/EMV_LIB (19709): Decode: 0x77,Primitive:0
E/EMV_LIB (19709): <<< emv tlv tag Set [0x9F27] >>> [1]
E/EMV_LIB (19709): 80 
E/EMV_LIB (19709): <<< emv tlv tag Set [0x9F36] >>> [2]
E/EMV_LIB (19709): 06 C6 
E/EMV_LIB (19709): <<< emv tlv tag Set [0x9F26] >>> [8]
E/EMV_LIB (19709): 4C 18 9A 16 85 8C A9 40 
E/EMV_LIB (19709): <<< emv tlv tag Set [0x9F10] >>> [18]
E/EMV_LIB (19709): 01 10 A5 00 03 02 00 00 00 00 00 00 00 00 00 00 00 FF 
E/EMV_LIB (19709): CardAct_DecodeData ret = 1
E/EMV_LIB (19709): <<< emv tlv tag Get [0x9F27] >>> [1]
E/EMV_LIB (19709): 80 
E/EMV_LIB (19709): 0x9F27 [80]
E/EMV_LIB (19709): <<< emv tlv tag Get [0x9F26] >>> [8]
E/EMV_LIB (19709): 4C 18 9A 16 85 8C A9 40 
E/EMV_LIB (19709): <<< emv tlv tag Get [0x9F36] >>> [2]
E/EMV_LIB (19709): 06 C6 
E/EMV_LIB (19709): ---- 1st Generate AC Result Start ----
E/EMV_LIB (19709): Result: ARQC
E/EMV_LIB (19709): IsAdvice [0]
E/EMV_LIB (19709): IsIssuerAuth_Fail [0]
E/EMV_LIB (19709): IsNoService [0]
E/EMV_LIB (19709): IsPinLimit [0]
E/EMV_LIB (19709): PaySys_CA [0]
E/EMV_LIB (19709): Other [1]
E/EMV_LIB (19709): ---- Generate AC Result End ----
E/EMV_LIB (19709): CardAct_CheckResult ret = 1
E/EMV_LIB (19709): <<< emv tlv tag Get [0x9B] >>> [2]
E/EMV_LIB (19709): C8 00 
E/EMV_LIB (19709): <<< emv tlv tag Set [0x9B] >>> [2]
E/EMV_LIB (19709): E8 00 
E/EMV_LIB (19709): <<< emv tlv tag Get [0x95] >>> [5]
E/EMV_LIB (19709): 04 80 00 00 00 
W/EmvService(19709): OnlineProcess: 1
E/EMV_LIB (19709): OnEmvRequireOnline Result = 1
E/EMV_LIB (19709): <<< emv tlv tag Set [0x91] >>> [0]
E/EMV_LIB (19709): <<< emv tlv tag Set [0x8A] >>> [2]
E/EMV_LIB (19709): 00 00 
E/EMV_LIB (19709): <<< emv tlv tag Set [0x8A] >>> [2]
E/EMV_LIB (19709): 00 00 
E/EMV_LIB (19709): 2nd GenerateAC Command [40]
E/EMV_LIB (19709): <<< emv tlv tag Get [0x8D] >>> [12]
E/EMV_LIB (19709): 91 0A 8A 02 95 05 9F 37 04 9F 4C 08 
E/EMV_LIB (19709): <<< construct_dol >>> [12]
E/EMV_LIB (19709): 91 0A 8A 02 95 05 9F 37 04 9F 4C 08 
E/EMV_LIB (19709): DOL Request Tag:91
E/EMV_LIB (19709): <<< emv tlv tag Get [0x91] >>> [0]
E/EMV_LIB (19709): <<< Value: >>> [0]
E/EMV_LIB (19709): DOL Unknown Tag: 0x91, Len:10
E/EMV_LIB (19709): Require input Tag: 91
E/EMV_LIB (19709): jni_RequireTagValue, Tag:91
W/EmvService(19709): RequireTagValue: 1
E/EMV_LIB (19709): <<< emv tlv tag Set [0x91] >>> [10]
E/EMV_LIB (19709): 00 00 00 00 00 00 00 00 00 00 
E/EMV_LIB (19709): DOL Request Tag:8A
E/EMV_LIB (19709): <<< emv tlv tag Get [0x8A] >>> [2]
E/EMV_LIB (19709): 00 00 
E/EMV_LIB (19709): <<< Value: >>> [2]
E/EMV_LIB (19709): 00 00 
E/EMV_LIB (19709): DOL Request Tag:95
E/EMV_LIB (19709): <<< emv tlv tag Get [0x95] >>> [5]
E/EMV_LIB (19709): 04 80 00 00 00 
E/EMV_LIB (19709): <<< Value: >>> [5]
E/EMV_LIB (19709): 04 80 00 00 00 
E/EMV_LIB (19709): DOL Request Tag:9F37
E/EMV_LIB (19709): <<< emv tlv tag Get [0x9F37] >>> [4]
E/EMV_LIB (19709): 49 BC AF CC 
E/EMV_LIB (19709): <<< Value: >>> [4]
E/EMV_LIB (19709): 49 BC AF CC 
E/EMV_LIB (19709): DOL Request Tag:9F4C
E/EMV_LIB (19709): <<< emv tlv tag Get [0x9F4C] >>> [8]
E/EMV_LIB (19709): 00 00 00 00 00 00 00 00 
E/EMV_LIB (19709): <<< Value: >>> [8]
E/EMV_LIB (19709): 00 00 00 00 00 00 00 00 
E/EMV_LIB (19709): Generate_AC Is CDA = 0
E/EMV_LIB (19709): Send APDU:35
E/EMV_LIB (19709): <<<   >>> [35]
E/EMV_LIB (19709): 80 AE 40 00 1D 00 00 00 00 00 00 00 00 00 00 00 00 04 80 00 00 00 49 BC AF CC 00 00 00 00 00 00 00 00 00 
E/telpo_native(  759): serial_read:start read
E/telpo_native(  759): serial_read:serial_read read_size = 0
D/telpo_native(  759): handle_emv_serial_read_write_cmd: usb_printer_read length = 20
I/telpo_native(  759): 0b
I/telpo_native(  759): b0
I/telpo_native(  759): 96
I/telpo_native(  759): 69
I/telpo_native(  759): 04
I/telpo_native(  759): 00
I/telpo_native(  759): 00
I/telpo_native(  759): 00
I/telpo_native(  759): 45
I/telpo_native(  759): 00
I/telpo_native(  759): 04
I/telpo_native(  759): 01
I/telpo_native(  759): 00
I/telpo_native(  759): 00
I/telpo_native(  759): 00
I/telpo_native(  759): 00
I/telpo_native(  759): 00
I/telpo_native(  759): 00
I/telpo_native(  759): 00
I/telpo_native(  759): 00
I/telpo_native(  759): 
D/telpo_native(  759): handle_emv_serial_read_write_cmd: parse successfully!
I/telpo_native(  759): handle_emv_serial_read_write_cmd: receive data length is 20
I/telpo_native(  759): 0b
I/telpo_native(  759): b0
I/telpo_native(  759): 96
I/telpo_native(  759): 69
I/telpo_native(  759): 04
I/telpo_native(  759): 00
I/telpo_native(  759): 00
I/telpo_native(  759): 00
I/telpo_native(  759): 45
I/telpo_native(  759): 00
I/telpo_native(  759): 04
I/telpo_native(  759): 01
I/telpo_native(  759): 00
I/telpo_native(  759): 00
I/telpo_native(  759): 00
I/telpo_native(  759): 00
I/telpo_native(  759): 00
I/telpo_native(  759): 00
I/telpo_native(  759): 00
I/telpo_native(  759): 00
I/telpo_native(  759): 
D/telpo_native(  759): usb_printer_write data start!
D/telpo_native(  759): usb_printer_write start!
E/telpo_native(  759): ret = 60
D/telpo_native(  759): handle_emv_serial_read_write_cmd: usb write length = 60
D/telpo_native(19709): CallIntMethod return ret = 0 length = 20
I/System.out(19709): Called PIN OKAY
E/telpo_native(  759): Cannot find response header
D/telpo_native(  759): handle_emv_serial_read_write_cmd: not enough data receive,continue
I/ViewRootImpl(19709): CPU Rendering VSync enable = true
E/telpo_native(  759): Cannot find response header
D/telpo_native(  759): handle_emv_serial_read_write_cmd: not enough data receive,continue
E/telpo_native(  759): Cannot find response header
D/telpo_native(  759): handle_emv_serial_read_write_cmd: not enough data receive,continue
I/WindowManager(  759): mDock rect: (0,0 - 720,1280)
V/WindowManager(  759): Status bar: dock=[0,50][720,1280] content=[0,50][720,1280] cur=[0,50][720,1280]
V/WindowManager(  759): layoutWindowLw(): normal window
V/WindowManager(  759): Compute frame : sim=#20 attach=null type=2015 flags=0x01000018 pf=[0,50][720,1280] df=[0,50][720,1280] of=[0,50][720,1280] cf=[0,50][720,1280] vf=[0,50][720,1280] dcf=[0,0][720,1280] sf=[0,50][720,1280]
V/WindowManager(  759): layoutWindowLw(Toast): normal window
V/WindowManager(  759): Compute frame Toast: sim=#20 attach=null type=2005 flags=0x01000098 pf=[0,50][720,1280] df=[0,50][720,1280] of=[0,50][720,1280] cf=[0,50][720,1280] vf=[0,50][720,1280] dcf=[0,0][720,1280] sf=[0,50][720,1280]
V/WindowManager(  759): layoutWindowLw(com.interswitchng.interswitchpossdkdemo.telpo.v2.debug/com.interswitchng.smartpos.modules.main.MainActivity): IN_SCREEN, INSET_DECOR
V/WindowManager(  759): Compute frame com.interswitchng.interswitchpossdkdemo.telpo.v2.debug/com.interswitchng.smartpos.modules.main.MainActivity: sim=#20 attach=null type=1 flags=0x81810100 pf=[0,0][720,1280] df=[0,0][720,1280] of=[0,0][720,1280] cf=[0,50][720,1280] vf=[0,50][720,1280] dcf=[0,0][720,1280] sf=[0,50][720,1280]
I/WindowManager(  759): Win Window{25b4575f u0 android}: isVisibleOrBehindKeyguardLw=true
I/WindowManager(  759): Win Window{38e045e0 u0 StatusBar}: isVisibleOrBehindKeyguardLw=true
I/WindowManager(  759): Win Window{124ae83f u0 Toast}: isVisibleOrBehindKeyguardLw=true
I/WindowManager(  759): Win Window{3d0e02fa u0 com.interswitchng.interswitchpossdkdemo.telpo.v2.debug/com.interswitchng.smartpos.modules.main.MainActivity}: isVisibleOrBehindKeyguardLw=true
V/WindowManager(  759): Fullscreen window: Window{3d0e02fa u0 com.interswitchng.interswitchpossdkdemo.telpo.v2.debug/com.interswitchng.smartpos.modules.main.MainActivity}
I/WindowManager(  759): Win Window{1d6ae551 u0 com.android.phasebeam.PhaseBeamWallpaper}: isVisibleOrBehindKeyguardLw=false
I/WindowManager(  759): force=false forcefkg=false top=Window{3d0e02fa u0 com.interswitchng.interswitchpossdkdemo.telpo.v2.debug/com.interswitchng.smartpos.modules.main.MainActivity}
D/WindowManager(  759): frame: Rect(0, 0 - 720, 1280) shown frame: RectF(0.0, 0.0, 720.0, 1280.0)
D/WindowManager(  759): attr: WM.LayoutParams{(0,0)(fillxfill) sim=#20 ty=1 fl=#81810100 wanim=0x1030467 vsysui=0x600 surfaceInsets=Rect(0, 0 - 0, 0) needsMenuKey=2} lp.flags=0x81810100
V/WindowManager(  759): ** SHOWING status bar: top is not fullscreen
V/WindowManager(  759): finishPostLayoutPolicyLw: mHideKeyguard=false
E/telpo_native(  759): Cannot find response header
D/telpo_native(  759): handle_emv_serial_read_write_cmd: not enough data receive,continue
D/soundtrigger(  303): audio_extn_sound_trigger_update_stream_status: uc_id 0 of type 0 for Event 2, with Raise=1
V/sound_trigger_hw(  303): handle_audio_concurrency: Enter, event type = 2
D/sound_trigger_platform(  303): platform_stdev_check_and_update_concurrency: concurrency active 0, tx 0, rx 0, concurrency session_allowed 1
D/hardware_info(  303): hw_info_append_hw_type : device_name = speaker
E/telpo_native(  759): Cannot find response header
D/telpo_native(  759): handle_emv_serial_read_write_cmd: not enough data receive,continue
I/soundtrigger(  303): audio_extn_sound_trigger_update_device_status: device 0x2 of type 0 for Event 0, with Raise=0
I/WindowManager(  759): mDock rect: (0,0 - 720,1280)
V/WindowManager(  759): Status bar: dock=[0,50][720,1280] content=[0,50][720,1280] cur=[0,50][720,1280]
V/WindowManager(  759): layoutWindowLw(): normal window
V/WindowManager(  759): Compute frame : sim=#20 attach=null type=2015 flags=0x01000018 pf=[0,50][720,1280] df=[0,50][720,1280] of=[0,50][720,1280] cf=[0,50][720,1280] vf=[0,50][720,1280] dcf=[0,0][720,1280] sf=[0,50][720,1280]
V/WindowManager(  759): layoutWindowLw(Toast): normal window
V/WindowManager(  759): Compute frame Toast: sim=#20 attach=null type=2005 flags=0x01000098 pf=[0,50][720,1280] df=[0,50][720,1280] of=[0,50][720,1280] cf=[0,50][720,1280] vf=[0,50][720,1280] dcf=[0,0][720,1280] sf=[0,50][720,1280]
V/WindowManager(  759): layoutWindowLw(com.interswitchng.interswitchpossdkdemo.telpo.v2.debug/com.interswitchng.smartpos.modules.main.MainActivity): IN_SCREEN, INSET_DECOR
V/WindowManager(  759): Compute frame com.interswitchng.interswitchpossdkdemo.telpo.v2.debug/com.interswitchng.smartpos.modules.main.MainActivity: sim=#20 attach=null type=1 flags=0x81810100 pf=[0,0][720,1280] df=[0,0][720,1280] of=[0,0][720,1280] cf=[0,50][720,1280] vf=[0,50][720,1280] dcf=[0,0][720,1280] sf=[0,50][720,1280]
I/WindowManager(  759): Win Window{25b4575f u0 android}: isVisibleOrBehindKeyguardLw=true
I/WindowManager(  759): Win Window{38e045e0 u0 StatusBar}: isVisibleOrBehindKeyguardLw=true
I/WindowManager(  759): Win Window{124ae83f u0 Toast}: isVisibleOrBehindKeyguardLw=true
I/WindowManager(  759): Win Window{3d0e02fa u0 com.interswitchng.interswitchpossdkdemo.telpo.v2.debug/com.interswitchng.smartpos.modules.main.MainActivity}: isVisibleOrBehindKeyguardLw=true
V/WindowManager(  759): Fullscreen window: Window{3d0e02fa u0 com.interswitchng.interswitchpossdkdemo.telpo.v2.debug/com.interswitchng.smartpos.modules.main.MainActivity}
I/WindowManager(  759): Win Window{1d6ae551 u0 com.android.phasebeam.PhaseBeamWallpaper}: isVisibleOrBehindKeyguardLw=false
I/WindowManager(  759): force=false forcefkg=false top=Window{3d0e02fa u0 com.interswitchng.interswitchpossdkdemo.telpo.v2.debug/com.interswitchng.smartpos.modules.main.MainActivity}
D/WindowManager(  759): frame: Rect(0, 0 - 720, 1280) shown frame: RectF(0.0, 0.0, 720.0, 1280.0)
D/WindowManager(  759): attr: WM.LayoutParams{(0,0)(fillxfill) sim=#20 ty=1 fl=#81810100 wanim=0x1030467 vsysui=0x600 surfaceInsets=Rect(0, 0 - 0, 0) needsMenuKey=2} lp.flags=0x81810100
V/WindowManager(  759): ** SHOWING status bar: top is not fullscreen
V/WindowManager(  759): finishPostLayoutPolicyLw: mHideKeyguard=false
E/telpo_native(  759): Cannot find response header
D/telpo_native(  759): handle_emv_serial_read_write_cmd: not enough data receive,continue
E/telpo_native(  759): Cannot find response header
D/telpo_native(  759): handle_emv_serial_read_write_cmd: not enough data receive,continue
E/telpo_native(  759): Cannot find response header
D/telpo_native(  759): handle_emv_serial_read_write_cmd: not enough data receive,continue
I/WindowManager(  759): mDock rect: (0,0 - 720,1280)
V/WindowManager(  759): Status bar: dock=[0,50][720,1280] content=[0,50][720,1280] cur=[0,50][720,1280]
V/WindowManager(  759): layoutWindowLw(): normal window
V/WindowManager(  759): Compute frame : sim=#20 attach=null type=2015 flags=0x01000018 pf=[0,50][720,1280] df=[0,50][720,1280] of=[0,50][720,1280] cf=[0,50][720,1280] vf=[0,50][720,1280] dcf=[0,0][720,1280] sf=[0,50][720,1280]
V/WindowManager(  759): layoutWindowLw(Toast): normal window
V/WindowManager(  759): Compute frame Toast: sim=#20 attach=null type=2005 flags=0x01000098 pf=[0,50][720,1280] df=[0,50][720,1280] of=[0,50][720,1280] cf=[0,50][720,1280] vf=[0,50][720,1280] dcf=[0,0][720,1280] sf=[0,50][720,1280]
V/WindowManager(  759): layoutWindowLw(com.interswitchng.interswitchpossdkdemo.telpo.v2.debug/com.interswitchng.smartpos.modules.main.MainActivity): IN_SCREEN, INSET_DECOR
V/WindowManager(  759): Compute frame com.interswitchng.interswitchpossdkdemo.telpo.v2.debug/com.interswitchng.smartpos.modules.main.MainActivity: sim=#20 attach=null type=1 flags=0x81810100 pf=[0,0][720,1280] df=[0,0][720,1280] of=[0,0][720,1280] cf=[0,50][720,1280] vf=[0,50][720,1280] dcf=[0,0][720,1280] sf=[0,50][720,1280]
I/WindowManager(  759): Win Window{25b4575f u0 android}: isVisibleOrBehindKeyguardLw=true
I/WindowManager(  759): Win Window{38e045e0 u0 StatusBar}: isVisibleOrBehindKeyguardLw=true
I/WindowManager(  759): Win Window{124ae83f u0 Toast}: isVisibleOrBehindKeyguardLw=true
I/WindowManager(  759): Win Window{3d0e02fa u0 com.interswitchng.interswitchpossdkdemo.telpo.v2.debug/com.interswitchng.smartpos.modules.main.MainActivity}: isVisibleOrBehindKeyguardLw=true
V/WindowManager(  759): Fullscreen window: Window{3d0e02fa u0 com.interswitchng.interswitchpossdkdemo.telpo.v2.debug/com.interswitchng.smartpos.modules.main.MainActivity}
I/WindowManager(  759): Win Window{1d6ae551 u0 com.android.phasebeam.PhaseBeamWallpaper}: isVisibleOrBehindKeyguardLw=false
I/WindowManager(  759): force=false forcefkg=false top=Window{3d0e02fa u0 com.interswitchng.interswitchpossdkdemo.telpo.v2.debug/com.interswitchng.smartpos.modules.main.MainActivity}
D/WindowManager(  759): frame: Rect(0, 0 - 720, 1280) shown frame: RectF(0.0, 0.0, 720.0, 1280.0)
D/WindowManager(  759): attr: WM.LayoutParams{(0,0)(fillxfill) sim=#20 ty=1 fl=#81810100 wanim=0x1030467 vsysui=0x600 surfaceInsets=Rect(0, 0 - 0, 0) needsMenuKey=2} lp.flags=0x81810100
V/WindowManager(  759): ** SHOWING status bar: top is not fullscreen
V/WindowManager(  759): finishPostLayoutPolicyLw: mHideKeyguard=false
E/telpo_native(  759): Cannot find response header
D/telpo_native(  759): handle_emv_serial_read_write_cmd: not enough data receive,continue
I/WindowManager(  759): Win Window{25b4575f u0 android}: isVisibleOrBehindKeyguardLw=true
I/WindowManager(  759): Win Window{38e045e0 u0 StatusBar}: isVisibleOrBehindKeyguardLw=true
I/WindowManager(  759): Win Window{124ae83f u0 Toast}: isVisibleOrBehindKeyguardLw=true
I/WindowManager(  759): Win Window{3d0e02fa u0 com.interswitchng.interswitchpossdkdemo.telpo.v2.debug/com.interswitchng.smartpos.modules.main.MainActivity}: isVisibleOrBehindKeyguardLw=true
V/WindowManager(  759): Fullscreen window: Window{3d0e02fa u0 com.interswitchng.interswitchpossdkdemo.telpo.v2.debug/com.interswitchng.smartpos.modules.main.MainActivity}
I/WindowManager(  759): Win Window{1d6ae551 u0 com.android.phasebeam.PhaseBeamWallpaper}: isVisibleOrBehindKeyguardLw=false
I/WindowManager(  759): force=false forcefkg=false top=Window{3d0e02fa u0 com.interswitchng.interswitchpossdkdemo.telpo.v2.debug/com.interswitchng.smartpos.modules.main.MainActivity}
D/WindowManager(  759): frame: Rect(0, 0 - 720, 1280) shown frame: RectF(0.0, 0.0, 720.0, 1280.0)
D/WindowManager(  759): attr: WM.LayoutParams{(0,0)(fillxfill) sim=#20 ty=1 fl=#81810100 wanim=0x1030467 vsysui=0x600 surfaceInsets=Rect(0, 0 - 0, 0) needsMenuKey=2} lp.flags=0x81810100
V/WindowManager(  759): ** SHOWING status bar: top is not fullscreen
V/WindowManager(  759): finishPostLayoutPolicyLw: mHideKeyguard=false
E/telpo_native(  759): Cannot find response header
D/telpo_native(  759): handle_emv_serial_read_write_cmd: not enough data receive,continue
D/VM_BMS  (  481): wake_lock acquired
D/VM_BMS  (  481): New BMS data - Size=56
D/VM_BMS  (  481): Start process_bms_data
D/VM_BMS  (  481): Battery charge_cycle=0 fcc_adjust=0 rbatt_adjust=0 cycle_changed=false
D/VM_BMS  (  481): For batt_temp=255 fcc_mah=2200
D/VM_BMS  (  481): Lookup fcc_mah=2200.000000  adjusted fcc_mah=2200.000000
D/VM_BMS  (  481): For ocv=3805807 batt_temp=255 soc=37
D/VM_BMS  (  481): fifo_count=2 acc_count=0
D/VM_BMS  (  481): INIT: ocv=3805807 last_ocv=3805807 batt_temp=255 soc=37
D/VM_BMS  (  481): For soc=37 batt_temp=255 slope=3000
D/VM_BMS  (  481): For soc=37 batt_temp=255 rbatt_sf=105
D/VM_BMS  (  481): rbatt_mohm_default=72, rbatt_mohm=75, sf=105 batt_temp=255
D/VM_BMS  (  481): Lookup rbatt=75.000000  adjusted rbatt=75.000000
D/VM_BMS  (  481): For ocv=3805783 batt_temp=255 soc=37
D/VM_BMS  (  481): FIFO=0 fifo_avg=3.796898 rbatt=0.125000 slope=0.300000 ibatt=0.071177 ocv=3.805783 soc=37 fcc_ah=2.200000 sample_count=128 sample_interval=70 seq_num=6294
D/VM_BMS  (  481): For soc=37 batt_temp=255 slope=3000
D/VM_BMS  (  481): For soc=37 batt_temp=255 rbatt_sf=105
D/VM_BMS  (  481): rbatt_mohm_default=72, rbatt_mohm=75, sf=105 batt_temp=255
D/VM_BMS  (  481): Lookup rbatt=75.000000  adjusted rbatt=75.000000
D/VM_BMS  (  481): For ocv=3805750 batt_temp=255 soc=37
D/VM_BMS  (  481): FIFO=1 fifo_avg=3.793655 rbatt=0.125000 slope=0.300000 ibatt=0.096893 ocv=3.805750 soc=37 fcc_ah=2.200000 sample_count=128 sample_interval=70 seq_num=6294
I/VM_BMS  (  481): power_supply_update: ocv_uv=3805750 ibatt=96893 soc=37 seq_num=6294
D/VM_BMS  (  481): End process_bms_data
D/VM_BMS  (  481): wake_lock released
E/telpo_native(  759): Cannot find response header
D/telpo_native(  759): handle_emv_serial_read_write_cmd: not enough data receive,continue
E/telpo_native(  759): Cannot find response header
D/telpo_native(  759): handle_emv_serial_read_write_cmd: not enough data receive,continue
E/telpo_native(  759): Cannot find response header
D/telpo_native(  759): handle_emv_serial_read_write_cmd: not enough data receive,continue
E/telpo_native(  759): Cannot find response header
D/telpo_native(  759): handle_emv_serial_read_write_cmd: not enough data receive,continue
E/telpo_native(  759): Cannot find response header
D/telpo_native(  759): handle_emv_serial_read_write_cmd: not enough data receive,continue
E/telpo_native(  759): Cannot find response header
D/telpo_native(  759): handle_emv_serial_read_write_cmd: not enough data receive,continue
E/telpo_native(  759): Cannot find response header
D/telpo_native(  759): handle_emv_serial_read_write_cmd: not enough data receive,continue
E/telpo_native(  759): Cannot find response header
D/telpo_native(  759): handle_emv_serial_read_write_cmd: not enough data receive,continue
E/telpo_native(  759): Cannot find response header
D/telpo_native(  759): handle_emv_serial_read_write_cmd: not enough data receive,continue
E/telpo_native(  759): Cannot find response header
D/telpo_native(  759): handle_emv_serial_read_write_cmd: not enough data receive,continue
E/telpo_native(  759): Cannot find response header
D/telpo_native(  759): handle_emv_serial_read_write_cmd: not enough data receive,continue
E/telpo_native(  759): Cannot find response header
D/telpo_native(  759): handle_emv_serial_read_write_cmd: not enough data receive,continue
E/telpo_native(  759): serial_read:start read
E/telpo_native(  759): serial_read:serial_read read_size = 0
D/telpo_native(  759): handle_emv_serial_read_write_cmd: usb_printer_read length = 69
I/telpo_native(  759): 0b
I/telpo_native(  759): b0
I/telpo_native(  759): 96
I/telpo_native(  759): 69
I/telpo_native(  759): 35
I/telpo_native(  759): 00
I/telpo_native(  759): 00
I/telpo_native(  759): 00
I/telpo_native(  759): 46
I/telpo_native(  759): 00
I/telpo_native(  759): 04
I/telpo_native(  759): 01
I/telpo_native(  759): 00
I/telpo_native(  759): 00
I/telpo_native(  759): 00
I/telpo_native(  759): 00
I/telpo_native(  759): 00
I/telpo_native(  759): 00
I/telpo_native(  759): 00
I/telpo_native(  759): 00
I/telpo_native(  759): 2d
I/telpo_native(  759): 00
I/telpo_native(  759): 00
I/telpo_native(  759): 00
I/telpo_native(  759): 77
I/telpo_native(  759): 29
I/telpo_native(  759): 9f
I/telpo_native(  759): 27
I/telpo_native(  759): 01
I/telpo_native(  759): 40
I/telpo_native(  759): 9f
I/telpo_native(  759): 36
I/telpo_native(  759): 02
I/telpo_native(  759): 06
I/telpo_native(  759): c6
I/telpo_native(  759): 9f
I/telpo_native(  759): 26
I/telpo_native(  759): 08
I/telpo_native(  759): cc
I/telpo_native(  759): 21
I/telpo_native(  759): 00
I/telpo_native(  759): f5
I/telpo_native(  759): 2e
I/telpo_native(  759): 16
I/telpo_native(  759): 88
I/telpo_native(  759): 1e
I/telpo_native(  759): 9f
I/telpo_native(  759): 10
I/telpo_native(  759): 12
I/telpo_native(  759): 01
I/telpo_native(  759): 10
I/telpo_native(  759): 65
I/telpo_native(  759): 00
I/telpo_native(  759): 03
I/telpo_native(  759): 02
I/telpo_native(  759): 00
I/telpo_native(  759): 00
I/telpo_native(  759): 00
I/telpo_native(  759): 00
I/telpo_native(  759): 00
I/telpo_native(  759): 00
I/telpo_native(  759): 00
I/telpo_native(  759): 00
I/telpo_native(  759): 00
I/telpo_native(  759): 00
I/telpo_native(  759): 00
I/telpo_native(  759): ff
I/telpo_native(  759): 90
I/telpo_native(  759): 00
I/telpo_native(  759): 
D/telpo_native(  759): handle_emv_serial_read_write_cmd: parse successfully!
I/telpo_native(  759): handle_emv_serial_read_write_cmd: receive data length is 69
I/telpo_native(  759): 0b
I/telpo_native(  759): b0
I/telpo_native(  759): 96
I/telpo_native(  759): 69
I/telpo_native(  759): 35
I/telpo_native(  759): 00
I/telpo_native(  759): 00
I/telpo_native(  759): 00
I/telpo_native(  759): 46
I/telpo_native(  759): 00
I/telpo_native(  759): 04
I/telpo_native(  759): 01
I/telpo_native(  759): 00
I/telpo_native(  759): 00
I/telpo_native(  759): 00
I/telpo_native(  759): 00
I/telpo_native(  759): 00
I/telpo_native(  759): 00
I/telpo_native(  759): 00
I/telpo_native(  759): 00
I/telpo_native(  759): 2d
I/telpo_native(  759): 00
I/telpo_native(  759): 00
I/telpo_native(  759): 00
I/telpo_native(  759): 77
I/telpo_native(  759): 29
I/telpo_native(  759): 9f
I/telpo_native(  759): 27
I/telpo_native(  759): 01
I/telpo_native(  759): 40
I/telpo_native(  759): 9f
I/telpo_native(  759): 36
I/telpo_native(  759): 02
I/telpo_native(  759): 06
I/telpo_native(  759): c6
I/telpo_native(  759): 9f
I/telpo_native(  759): 26
I/telpo_native(  759): 08
I/telpo_native(  759): cc
I/telpo_native(  759): 21
I/telpo_native(  759): 00
I/telpo_native(  759): f5
I/telpo_native(  759): 2e
I/telpo_native(  759): 16
I/telpo_native(  759): 88
I/telpo_native(  759): 1e
I/telpo_native(  759): 9f
I/telpo_native(  759): 10
I/telpo_native(  759): 12
I/telpo_native(  759): 01
I/telpo_native(  759): 10
I/telpo_native(  759): 65
I/telpo_native(  759): 00
I/telpo_native(  759): 03
I/telpo_native(  759): 02
I/telpo_native(  759): 00
I/telpo_native(  759): 00
I/telpo_native(  759): 00
I/telpo_native(  759): 00
I/telpo_native(  759): 00
I/telpo_native(  759): 00
I/telpo_native(  759): 00
I/telpo_native(  759): 00
I/telpo_native(  759): 00
I/telpo_native(  759): 00
I/telpo_native(  759): 00
I/telpo_native(  759): ff
I/telpo_native(  759): 90
I/telpo_native(  759): 00
I/telpo_native(  759): 
D/BatteryMeterView( 3211): not on charging...
D/telpo_native(19709): CallIntMethod return ret = 0 length = 69
E/EMV_LIB (19709): Receive APDU:45
E/EMV_LIB (19709): <<< Receive APDU: >>> [45]
E/EMV_LIB (19709): 77 29 9F 27 01 40 9F 36 02 06 C6 9F 26 08 CC 21 00 F5 2E 16 88 1E 9F 10 12 01 10 65 00 03 02 00 00 00 00 00 00 00 00 00 00 00 FF 90 00 
E/EMV_LIB (19709): Apdu_Generate_AC Res = 1
E/EMV_LIB (19709): CardAct_GenerateAC ret = 1
D/BatteryMeterView( 3211): not on charging...
E/EMV_LIB (19709): Del Tag:0x[9F27]
E/EMV_LIB (19709): Del Tag:0x[9F36]
E/EMV_LIB (19709): Del Tag:0x[9F26]
E/EMV_LIB (19709): Decode: 0x77,Primitive:0
E/EMV_LIB (19709): <<< emv tlv tag Set [0x9F27] >>> [1]
E/EMV_LIB (19709): 40 
E/EMV_LIB (19709): <<< emv tlv tag Set [0x9F36] >>> [2]
E/EMV_LIB (19709): 06 C6 
E/EMV_LIB (19709): <<< emv tlv tag Set [0x9F26] >>> [8]
E/EMV_LIB (19709): CC 21 00 F5 2E 16 88 1E 
E/EMV_LIB (19709): <<< emv tlv tag Set [0x9F10] >>> [18]
E/EMV_LIB (19709): 01 10 65 00 03 02 00 00 00 00 00 00 00 00 00 00 00 FF 
E/EMV_LIB (19709): CardAct_DecodeData ret = 1
E/EMV_LIB (19709): <<< emv tlv tag Get [0x9F27] >>> [1]
E/EMV_LIB (19709): 40 
E/EMV_LIB (19709): 0x9F27 [40]
E/EMV_LIB (19709): <<< emv tlv tag Get [0x9F26] >>> [8]
E/EMV_LIB (19709): CC 21 00 F5 2E 16 88 1E 
E/EMV_LIB (19709): <<< emv tlv tag Get [0x9F36] >>> [2]
E/EMV_LIB (19709): 06 C6 
E/EMV_LIB (19709): ---- 2nd Generate AC Result Start ----
E/EMV_LIB (19709): Result: TC
E/EMV_LIB (19709): IsAdvice [0]
E/EMV_LIB (19709): IsIssuerAuth_Fail [0]
E/EMV_LIB (19709): IsNoService [0]
E/EMV_LIB (19709): IsPinLimit [0]
E/EMV_LIB (19709): PaySys_CA [0]
E/EMV_LIB (19709): Other [1]
E/EMV_LIB (19709): ---- Generate AC Result End ----
E/EMV_LIB (19709): CardAct_CheckResult ret = 1
E/Telpo EMV Implementation(19709): Start App: RET CODE ==== 1
E/EMV_LIB (19709): remove /data/data/com.interswitchng.interswitchpossdkdemo.telpo.v2.debug/cache/TermCapks : 0
D/BatteryMeterView( 3211): onDraw level = 6
D/BatteryMeterView( 3211): not on charging...
E/EMV_LIB (19709): <<< emv tlv tag Get [0x84] >>> [7]
E/EMV_LIB (19709): A0 00 00 00 04 10 10 
E/EMV_LIB (19709): <<< emv tlv tag Get [0x8F] >>> [1]
E/EMV_LIB (19709): 05 
D/Telpo EMV Implementation(19709): KeyID ===== 5
D/Telpo EMV Implementation(19709): Add CAPK result == 1
D/Telpo EMV Implementation(19709): Selected RID == A000000004
D/Telpo EMV Implementation(19709): Add CAPK result == 1
D/Telpo EMV Implementation(19709): Selected RID == A000000004
D/Telpo EMV Implementation(19709): Add CAPK result == 1
D/Telpo EMV Implementation(19709): Selected RID == A000000004
D/Telpo EMV Implementation(19709): Add CAPK result == 1
D/Telpo EMV Implementation(19709): Selected RID == A000000004
D/Telpo EMV Implementation(19709): Add CAPK result == 1
D/Telpo EMV Implementation(19709): Selected RID == A000000004
D/Telpo EMV Implementation(19709): Add CAPK result == 1
D/Telpo EMV Implementation(19709): Selected RID == A000000004
D/Telpo EMV Implementation(19709): Add CAPK result == 1
D/Telpo EMV Implementation(19709): Selected RID == A000000004
D/BatteryMeterView( 3211): onDraw level = 6
D/Telpo EMV Implementation(19709): Add CAPK result == 1
D/Telpo EMV Implementation(19709): Selected RID == A000000004
D/Telpo EMV Implementation(19709): Add CAPK result == 1
D/Telpo EMV Implementation(19709): Selected RID == A000000004
D/Telpo EMV Implementation(19709): Add CAPK result == 1
D/Telpo EMV Implementation(19709): Selected RID == A000000004
D/Telpo EMV Implementation(19709): Add CAPK result == 1
D/Telpo EMV Implementation(19709): Selected RID == A000000004
D/Telpo EMV Implementation(19709): Add CAPK result == 1
D/Telpo EMV Implementation(19709): Selected RID == A000000004
D/Telpo EMV Implementation(19709): Add CAPK result == 1
D/Telpo EMV Implementation(19709): Selected RID == A000000004
D/Telpo EMV Implementation(19709): Add CAPK result == 1
D/Telpo EMV Implementation(19709): Selected RID == A000000004
D/Telpo EMV Implementation(19709): Add CAPK result == 1
D/Telpo EMV Implementation(19709): Selected RID == A000000004
D/Telpo EMV Implementation(19709): Add CAPK result == 1
D/Telpo EMV Implementation(19709): Selected RID == A000000004
E/Telpo EMV Card Reader Implementation(19709): Result code: 1
D/telpo_native(  759): usb_printer_write data start!
D/telpo_native(  759): usb_printer_write start!
E/telpo_native(  759): ret = 25
D/telpo_native(  759): handle_emv_serial_read_write_cmd: usb write length = 25
E/telpo_native(  759): serial_read:start read
E/telpo_native(  759): serial_read:serial_read read_size = 0
V/WLAN_PSA(  315): NL MSG, len[4033], NL type[0x1C] WNI type[0x5900] len[43279]
V/WLAN_PSA(  315): NL MSG, PID: 315
D/telpo_native(  759): handle_emv_serial_read_write_cmd: usb_printer_read length = 20
I/telpo_native(  759): 0b
I/telpo_native(  759): b0
I/telpo_native(  759): 96
I/telpo_native(  759): 69
I/telpo_native(  759): 04
I/telpo_native(  759): 00
I/telpo_native(  759): 00
I/telpo_native(  759): 00
I/telpo_native(  759): 47
I/telpo_native(  759): 00
I/telpo_native(  759): 04
I/telpo_native(  759): 01
I/telpo_native(  759): 00
I/telpo_native(  759): 00
I/telpo_native(  759): 00
I/telpo_native(  759): 00
I/telpo_native(  759): 00
I/telpo_native(  759): 00
I/telpo_native(  759): 00
I/telpo_native(  759): 00
I/telpo_native(  759): 
D/telpo_native(  759): handle_emv_serial_read_write_cmd: parse successfully!
I/telpo_native(  759): handle_emv_serial_read_write_cmd: receive data length is 20
I/telpo_native(  759): 0b
I/telpo_native(  759): b0
I/telpo_native(  759): 96
I/telpo_native(  759): 69
I/telpo_native(  759): 04
I/telpo_native(  759): 00
I/telpo_native(  759): 00
I/telpo_native(  759): 00
I/telpo_native(  759): 47
I/telpo_native(  759): 00
I/telpo_native(  759): 04
I/telpo_native(  759): 01
I/telpo_native(  759): 00
I/telpo_native(  759): 00
I/telpo_native(  759): 00
I/telpo_native(  759): 00
I/telpo_native(  759): 00
I/telpo_native(  759): 00
I/telpo_native(  759): 00
I/telpo_native(  759): 00
