I/telpo_native(  759): 
D/telpo_native(19709): CallIntMethod return ret = 0 length = 20
I/WindowManager(  759): Win Window{25b4575f u0 android}: isVisibleOrBehindKeyguardLw=true
I/WindowManager(  759): Win Window{38e045e0 u0 StatusBar}: isVisibleOrBehindKeyguardLw=true
I/WindowManager(  759): Win Window{124ae83f u0 Toast}: isVisibleOrBehindKeyguardLw=true
I/WindowManager(  759): Win Window{3d0e02fa u0 com.interswitchng.interswitchpossdkdemo.telpo.v2.debug/com.interswitchng.smartpos.modules.main.MainActivity}: isVisibleOrBehindKeyguardLw=true
V/WindowManager(  759): Fullscreen window: Window{3d0e02fa u0 com.interswitchng.interswitchpossdkdemo.telpo.v2.debug/com.interswitchng.smartpos.modules.main.MainActivity}
I/WindowManager(  759): Win Window{1d6ae551 u0 com.android.phasebeam.PhaseBeamWallpaper}: isVisibleOrBehindKeyguardLw=false
I/WindowManager(  759): force=false forcefkg=false top=Window{3d0e02fa u0 com.interswitchng.interswitchpossdkdemo.telpo.v2.debug/com.interswitchng.smartpos.modules.main.MainActivity}
D/WindowManager(  759): frame: Rect(0, 0 - 720, 1280) shown frame: RectF(0.0, 0.0, 720.0, 1280.0)
D/WindowManager(  759): attr: WM.LayoutParams{(0,0)(fillxfill) sim=#20 ty=1 fl=#81810100 wanim=0x1030467 vsysui=0x600 surfaceInsets=Rect(0, 0 - 0, 0) needsMenuKey=2} lp.flags=0x81810100
V/WindowManager(  759): ** SHOWING status bar: top is not fullscreen
V/WindowManager(  759): finishPostLayoutPolicyLw: mHideKeyguard=false
D/telpo_native(  759): usb_printer_write data start!
D/telpo_native(  759): usb_printer_write start!
E/telpo_native(  759): ret = 25
D/telpo_native(  759): handle_emv_serial_read_write_cmd: usb write length = 25
E/telpo_native(  759): Cannot find response header
D/telpo_native(  759): handle_emv_serial_read_write_cmd: not enough data receive,continue
E/telpo_native(  759): serial_read:start read
E/telpo_native(  759): serial_read:serial_read read_size = 0
D/telpo_native(  759): handle_emv_serial_read_write_cmd: usb_printer_read length = 20
I/telpo_native(  759): 0b
I/telpo_native(  759): b0
I/telpo_native(  759): 96
I/telpo_native(  759): 69
I/telpo_native(  759): 04
I/telpo_native(  759): 00
I/telpo_native(  759): 00
I/telpo_native(  759): 00
I/telpo_native(  759): 48
I/telpo_native(  759): 00
I/telpo_native(  759): 04
I/telpo_native(  759): 01
I/telpo_native(  759): 00
I/telpo_native(  759): 00
I/telpo_native(  759): 00
I/telpo_native(  759): 00
I/telpo_native(  759): 00
I/telpo_native(  759): 00
I/telpo_native(  759): 00
I/telpo_native(  759): 00
I/telpo_native(  759): 
D/telpo_native(  759): handle_emv_serial_read_write_cmd: parse successfully!
I/telpo_native(  759): handle_emv_serial_read_write_cmd: receive data length is 20
I/telpo_native(  759): 0b
I/telpo_native(  759): b0
I/telpo_native(  759): 96
I/telpo_native(  759): 69
I/telpo_native(  759): 04
I/telpo_native(  759): 00
I/telpo_native(  759): 00
I/telpo_native(  759): 00
I/telpo_native(  759): 48
I/telpo_native(  759): 00
I/telpo_native(  759): 04
I/telpo_native(  759): 01
I/telpo_native(  759): 00
I/telpo_native(  759): 00
I/telpo_native(  759): 00
I/telpo_native(  759): 00
I/telpo_native(  759): 00
I/telpo_native(  759): 00
I/telpo_native(  759): 00
I/telpo_native(  759): 00
I/telpo_native(  759): 
D/telpo_native(19709): CallIntMethod return ret = 0 length = 20
D/Telpo EMV Card Reader Implementation(19709): Offline approved
D/BatteryMeterView( 3211): not on charging...
D/BatteryMeterView( 3211): not on charging...
D/BatteryMeterView( 3211): not on charging...
D/BatteryMeterView( 3211): onDraw level = 6
D/BatteryMeterView( 3211): onDraw level = 6
I/SurfaceFlinger(  260): FPS: 36
D/Telpo EMV Card Reader Implementation(19709): cardPin-pinData from getTransactionInfo outside the let null
E/EMV_LIB (19709): <<< emv tlv tag Get [0x57] >>> [17]
E/EMV_LIB (19709): 51 99 11 07 54 30 94 55 D2 21 12 21 00 01 97 86 8F 
D/Telpo EMV Card Reader Implementation(19709): cardPin from getTransactionInfo 
E/EMV_LIB (19709): <<< emv tlv tag Get [0x9F02] >>> [6]
E/EMV_LIB (19709): 00 00 00 00 00 01 
E/EMV_LIB (19709): <<< emv tlv tag Get [0x9F03] >>> [6]
E/EMV_LIB (19709): 00 00 00 00 00 00 
E/EMV_LIB (19709): <<< emv tlv tag Get [0x82] >>> [2]
E/EMV_LIB (19709): 39 00 
E/EMV_LIB (19709): <<< emv tlv tag Get [0x9F36] >>> [2]
E/EMV_LIB (19709): 06 C6 
E/EMV_LIB (19709): <<< emv tlv tag Get [0x9F27] >>> [1]
E/EMV_LIB (19709): 40 
E/EMV_LIB (19709): <<< emv tlv tag Get [0x9F26] >>> [8]
E/EMV_LIB (19709): CC 21 00 F5 2E 16 88 1E 
E/EMV_LIB (19709): <<< emv tlv tag Get [0x9F34] >>> [3]
E/EMV_LIB (19709): 41 03 02 
E/EMV_LIB (19709): <<< emv tlv tag Get [0x9F10] >>> [18]
E/EMV_LIB (19709): 01 10 65 00 03 02 00 00 00 00 00 00 00 00 00 00 00 FF 
E/EMV_LIB (19709): <<< emv tlv tag Get [0x95] >>> [5]
E/EMV_LIB (19709): 04 80 00 00 00 
E/EMV_LIB (19709): <<< emv tlv tag Get [0x5F2A] >>> [2]
E/EMV_LIB (19709): 05 66 
E/EMV_LIB (19709): <<< emv tlv tag Get [0x5F2A] >>> [2]
E/EMV_LIB (19709): 05 66 
E/EMV_LIB (19709): <<< emv tlv tag Get [0x9F35] >>> [1]
E/EMV_LIB (19709): 22 
E/EMV_LIB (19709): <<< emv tlv tag Get [0x9F33] >>> [3]
E/EMV_LIB (19709): E0 F0 C8 
E/EMV_LIB (19709): <<< emv tlv tag Get [0x9A] >>> [3]
E/EMV_LIB (19709): 20 06 10 
E/EMV_LIB (19709): <<< emv tlv tag Get [0x9C] >>> [1]
E/EMV_LIB (19709): 00 
E/EMV_LIB (19709): <<< emv tlv tag Get [0x9F37] >>> [4]
E/EMV_LIB (19709): 49 BC AF CC 
E/EMV_LIB (19709): <<< emv tlv tag Get [0x9F26] >>> [8]
E/EMV_LIB (19709): CC 21 00 F5 2E 16 88 1E 
E/EMV_LIB (19709): <<< emv tlv tag Get [0x9F27] >>> [1]
E/EMV_LIB (19709): 40 
E/EMV_LIB (19709): <<< emv tlv tag Get [0x9F10] >>> [18]
E/EMV_LIB (19709): 01 10 65 00 03 02 00 00 00 00 00 00 00 00 00 00 00 FF 
E/EMV_LIB (19709): <<< emv tlv tag Get [0x9F37] >>> [4]
E/EMV_LIB (19709): 49 BC AF CC 
E/EMV_LIB (19709): <<< emv tlv tag Get [0x9F36] >>> [2]
E/EMV_LIB (19709): 06 C6 
E/EMV_LIB (19709): <<< emv tlv tag Get [0x95] >>> [5]
E/EMV_LIB (19709): 04 80 00 00 00 
E/EMV_LIB (19709): <<< emv tlv tag Get [0x9A] >>> [3]
E/EMV_LIB (19709): 20 06 10 
E/EMV_LIB (19709): <<< emv tlv tag Get [0x9C] >>> [1]
E/EMV_LIB (19709): 00 
E/EMV_LIB (19709): <<< emv tlv tag Get [0x9F02] >>> [6]
E/EMV_LIB (19709): 00 00 00 00 00 01 
E/EMV_LIB (19709): <<< emv tlv tag Get [0x5F2A] >>> [2]
E/EMV_LIB (19709): 05 66 
E/EMV_LIB (19709): <<< emv tlv tag Get [0x82] >>> [2]
E/EMV_LIB (19709): 39 00 
E/EMV_LIB (19709): <<< emv tlv tag Get [0x9F1A] >>> [2]
E/EMV_LIB (19709): 05 66 
E/EMV_LIB (19709): <<< emv tlv tag Get [0x9F34] >>> [3]
E/EMV_LIB (19709): 41 03 02 
E/EMV_LIB (19709): <<< emv tlv tag Get [0x9F33] >>> [3]
E/EMV_LIB (19709): E0 F0 C8 
E/EMV_LIB (19709): <<< emv tlv tag Get [0x9F35] >>> [1]
E/EMV_LIB (19709): 22 
E/EMV_LIB (19709): <<< emv tlv tag Get [0x84] >>> [7]
E/EMV_LIB (19709): A0 00 00 00 04 10 10 
E/EMV_LIB (19709): <<< emv tlv tag Get [0x9F09] >>> [2]
E/EMV_LIB (19709): 00 20 
E/EMV_LIB (19709): <<< emv tlv tag Get [0x9F03] >>> [6]
E/EMV_LIB (19709): 00 00 00 00 00 00 
E/EMV_LIB (19709): <<< emv tlv tag Get [0x5F34] >>> [1]
E/EMV_LIB (19709): 00 
E/EMV_LIB (19709): <<< emv tlv tag Get [0x9F09] >>> [2]
E/EMV_LIB (19709): 00 20 
E/EMV_LIB (19709): <<< emv tlv tag Get [0x9F06] >>> [7]
E/EMV_LIB (19709): A0 00 00 00 04 10 10 
E/EMV_LIB (19709): <<< emv tlv tag Get [0x5F34] >>> [1]
E/EMV_LIB (19709): 00 
D/amount kimono(19709): 1
E/purchaserequest(19709): 000000000001
D/OkHttp  (19709): --> POST https://kimono.interswitchng.com/kmw/kimonoservice http/1.1
D/OkHttp  (19709): Content-Type: text/xml
D/OkHttp  (19709): Content-Length: 1830
D/OkHttp  (19709): Accept: application/xml
D/OkHttp  (19709): Accept-Charset: utf-8
D/OkHttp  (19709): <?xml version="1.0" encoding="UTF-8" ?><purchaseRequest>
D/OkHttp  (19709):            <terminalInformation><batteryInformation>-1</batteryInformation> <currencyCode>566</currencyCode><languageInfo>EN</languageInfo><merchantId>2ISW1234567TEST</merchantId><merhcantLocation>1648C Oko-Awo Street,    Victoria Island</merhcantLocation> <posConditionCode>00</posConditionCode> <posDataCode>511101511344101</posDataCode> <posEntryMode>051</posEntryMode> <posGeoCode>00234000000000566</posGeoCode> <printerStatus>1</printerStatus><terminalId>2ISW0001</terminalId> <terminalType>TELPO</terminalType> <transmissionDate>2020-06-162T19:42:54</transmissionDate> <uniqueId></uniqueId></terminalInformation><cardData><cardSequenceNumber>000</cardSequenceNumber> <track2><pan>5199110754309455</pan> <expiryMonth>11</expiryMonth> <expiryYear>22</expiryYear> <track2>5199110754309455D2211221000197868F</track2></track2><emvData><AmountAuthorized>000000000001</AmountAuthorized> <AmountOther>000000000000</AmountOther> <ApplicationInterchangeProfile>3900</ApplicationInterchangeProfile> <atc>06C6</atc><Cryptogram>CC2100F52E16881E</Cryptogram> <CryptogramInformationData>40</CryptogramInformationData> <CvmResults>410302</CvmResults><iad>0110650003020000000000000000000000FF</iad> <TransactionCurrencyCode>566</TransactionCurrencyCode> <TerminalVerificationResult>0480000000</TerminalVerificationResult> <TerminalCountryCode>566</TerminalCountryCode> <TerminalType>22</TerminalType> <TerminalCapabilities>E0F0C8</TerminalCapabilities> <TransactionDate>200610</TransactionDate> <TransactionType>00</TransactionType> <UnpredictableNumber>49BCAFCC</UnpredictableNumber> <DedicatedFileName></DedicatedFileName></emvData></cardData><fromAccount>Savings</fromAccount> <stan>000017</stan> <minorAmount>1</minorAmount>  <keyLabel>000002</keyLabel></purchaseRequest>
D/OkHttp  (19709):         
D/OkHttp  (19709): --> END POST (1830-byte body)
D/telpo_native(  759): usb_printer_write data start!
D/telpo_native(  759): usb_printer_write start!
E/telpo_native(  759): ret = 25
D/telpo_native(  759): handle_emv_serial_read_write_cmd: usb write length = 25
E/telpo_native(  759): serial_read:start read
E/telpo_native(  759): serial_read:serial_read read_size = 0
D/telpo_native(  759): handle_emv_serial_read_write_cmd: usb_printer_read length = 20
I/telpo_native(  759): 0b
I/telpo_native(  759): b0
I/telpo_native(  759): 96
I/telpo_native(  759): 69
I/telpo_native(  759): 04
I/telpo_native(  759): 00
I/telpo_native(  759): 00
I/telpo_native(  759): 00
I/telpo_native(  759): 49
I/telpo_native(  759): 00
I/telpo_native(  759): 04
I/telpo_native(  759): 01
I/telpo_native(  759): 00
I/telpo_native(  759): 00
I/telpo_native(  759): 00
I/telpo_native(  759): 00
I/telpo_native(  759): 00
I/telpo_native(  759): 00
I/telpo_native(  759): 00
I/telpo_native(  759): 00
I/telpo_native(  759): 
D/telpo_native(  759): handle_emv_serial_read_write_cmd: parse successfully!
I/telpo_native(  759): handle_emv_serial_read_write_cmd: receive data length is 20
I/telpo_native(  759): 0b
I/telpo_native(  759): b0
I/telpo_native(  759): 96
I/telpo_native(  759): 69
I/telpo_native(  759): 04
I/telpo_native(  759): 00
I/telpo_native(  759): 00
I/telpo_native(  759): 00
I/telpo_native(  759): 49
I/telpo_native(  759): 00
I/telpo_native(  759): 04
I/telpo_native(  759): 01
I/telpo_native(  759): 00
I/telpo_native(  759): 00
I/telpo_native(  759): 00
I/telpo_native(  759): 00
I/telpo_native(  759): 00
I/telpo_native(  759): 00
I/telpo_native(  759): 00
I/telpo_native(  759): 00
I/telpo_native(  759): 
D/telpo_native(19709): CallIntMethod return ret = 0 length = 20
D/OkHttp  (19709): <-- HTTP FAILED: javax.net.ssl.SSLException: Read error: ssl=0xb7d2e228: I/O error during system call, Connection reset by peer
W/System.err(19709): javax.net.ssl.SSLException: Read error: ssl=0xb7d2e228: I/O error during system call, Connection reset by peer
W/System.err(19709): 	at com.android.org.conscrypt.NativeCrypto.SSL_read(Native Method)
W/System.err(19709): 	at com.android.org.conscrypt.OpenSSLSocketImpl$SSLInputStream.read(OpenSSLSocketImpl.java:699)
W/System.err(19709): 	at okio.Okio$2.read(Okio.java:140)
W/System.err(19709): 	at okio.AsyncTimeout$2.read(AsyncTimeout.java:237)
W/System.err(19709): 	at okio.RealBufferedSource.indexOf(RealBufferedSource.java:354)
W/System.err(19709): 	at okio.RealBufferedSource.readUtf8LineStrict(RealBufferedSource.java:226)
W/System.err(19709): 	at okhttp3.internal.http1.Http1Codec.readHeaderLine(Http1Codec.java:215)
W/System.err(19709): 	at okhttp3.internal.http1.Http1Codec.readResponseHeaders(Http1Codec.java:189)
W/System.err(19709): 	at okhttp3.internal.http.CallServerInterceptor.intercept(CallServerInterceptor.java:88)
W/System.err(19709): 	at okhttp3.internal.http.RealInterceptorChain.proceed(RealInterceptorChain.java:147)
W/System.err(19709): 	at okhttp3.internal.connection.ConnectInterceptor.intercept(ConnectInterceptor.java:45)
W/System.err(19709): 	at okhttp3.internal.http.RealInterceptorChain.proceed(RealInterceptorChain.java:147)
W/System.err(19709): 	at okhttp3.internal.http.RealInterceptorChain.proceed(RealInterceptorChain.java:121)
W/System.err(19709): 	at okhttp3.internal.cache.CacheInterceptor.intercept(CacheInterceptor.java:93)
W/System.err(19709): 	at okhttp3.internal.http.RealInterceptorChain.proceed(RealInterceptorChain.java:147)
W/System.err(19709): 	at okhttp3.internal.http.RealInterceptorChain.proceed(RealInterceptorChain.java:121)
W/System.err(19709): 	at okhttp3.internal.http.BridgeInterceptor.intercept(BridgeInterceptor.java:93)
W/System.err(19709): 	at okhttp3.internal.http.RealInterceptorChain.proceed(RealInterceptorChain.java:147)
W/System.err(19709): 	at okhttp3.internal.http.RetryAndFollowUpInterceptor.intercept(RetryAndFollowUpInterceptor.java:126)
W/System.err(19709): 	at okhttp3.internal.http.RealInterceptorChain.proceed(RealInterceptorChain.java:147)
W/System.err(19709): 	at okhttp3.internal.http.RealInterceptorChain.proceed(RealInterceptorChain.java:121)
W/System.err(19709): 	at com.interswitchng.smartpos.di.NetworkMoudleKt$networkModule$1$4$1.intercept(NetworkMoudle.kt:113)
W/System.err(19709): 	at okhttp3.internal.http.RealInterceptorChain.proceed(RealInterceptorChain.java:147)
W/System.err(19709): 	at okhttp3.internal.http.RealInterceptorChain.proceed(RealInterceptorChain.java:121)
W/System.err(19709): 	at okhttp3.logging.HttpLoggingInterceptor.intercept(HttpLoggingInterceptor.java:211)
W/System.err(19709): 	at okhttp3.internal.http.RealInterceptorChain.proceed(RealInterceptorChain.java:147)
W/System.err(19709): 	at okhttp3.internal.http.RealInterceptorChain.proceed(RealInterceptorChain.java:121)
W/System.err(19709): 	at okhttp3.RealCall.getResponseWithInterceptorChain(RealCall.java:254)
W/System.err(19709): 	at okhttp3.RealCall.execute(RealCall.java:92)
W/System.err(19709): 	at retrofit2.OkHttpCall.execute(OkHttpCall.java:186)
W/System.err(19709): 	at com.igweze.ebi.simplecalladapter.Simple.run(Simple.kt:16)
W/System.err(19709): 	at com.interswitchng.smartpos.shared.services.kimono.KimonoHttpServiceImpl.initiateCardPurchase(KimonoHttpServiceImpl.kt:139)
W/System.err(19709): 	at com.interswitchng.smartpos.modules.card.CardViewModel.initiateTransaction(CardViewModel.kt:415)
W/System.err(19709): 	at com.interswitchng.smartpos.modules.card.CardViewModel.access$initiateTransaction(CardViewModel.kt:25)
W/System.err(19709): 	at com.interswitchng.smartpos.modules.card.CardViewModel$processOnline$1$response$1.invokeSuspend(CardViewModel.kt:206)
W/System.err(19709): 	at kotlin.coroutines.jvm.internal.BaseContinuationImpl.resumeWith(ContinuationImpl.kt:33)
W/System.err(19709): 	at kotlinx.coroutines.DispatchedTask.run(Dispatched.kt:241)
W/System.err(19709): 	at kotlinx.coroutines.scheduling.CoroutineScheduler.runSafely(CoroutineScheduler.kt:594)
W/System.err(19709): 	at kotlinx.coroutines.scheduling.CoroutineScheduler.access$runSafely(CoroutineScheduler.kt:60)
W/System.err(19709): 	at kotlinx.coroutines.scheduling.CoroutineScheduler$Worker.run(CoroutineScheduler.kt:740)
I/System.out(19709): Called responseCode ----> 0x0x0
E/Reciept Fragment(19709): 0x0x0
E/Display Utils(19709): 1
E/Reciept fragment(19709):  0.01
E/WifiStateMachine(  759): WifiStateMachine CMD_START_SCAN source -2 txSuccessRate=1018.84 rxSuccessRate=817.83 targetRoamBSSID=any RSSI=-42
D/telpo_native(  759): usb_printer_write data start!
D/telpo_native(  759): usb_printer_write start!
E/telpo_native(  759): ret = 25
D/telpo_native(  759): handle_emv_serial_read_write_cmd: usb write length = 25
E/telpo_native(  759): serial_read:start read
E/telpo_native(  759): serial_read:serial_read read_size = 0
D/telpo_native(  759): handle_emv_serial_read_write_cmd: usb_printer_read length = 20
I/telpo_native(  759): 0b
I/telpo_native(  759): b0
I/telpo_native(  759): 96
I/telpo_native(  759): 69
I/telpo_native(  759): 04
I/telpo_native(  759): 00
I/telpo_native(  759): 00
I/telpo_native(  759): 00
I/telpo_native(  759): 4a
I/telpo_native(  759): 00
I/telpo_native(  759): 04
I/telpo_native(  759): 01
I/telpo_native(  759): 00
I/telpo_native(  759): 00
I/telpo_native(  759): 00
I/telpo_native(  759): 00
I/telpo_native(  759): 00
I/telpo_native(  759): 00
I/telpo_native(  759): 00
I/telpo_native(  759): 00
I/telpo_native(  759): 
D/telpo_native(  759): handle_emv_serial_read_write_cmd: parse successfully!
I/telpo_native(  759): handle_emv_serial_read_write_cmd: receive data length is 20
I/telpo_native(  759): 0b
I/telpo_native(  759): b0
I/telpo_native(  759): 96
I/telpo_native(  759): 69
I/telpo_native(  759): 04
I/telpo_native(  759): 00
I/telpo_native(  759): 00
I/telpo_native(  759): 00
I/telpo_native(  759): 4a
I/telpo_native(  759): 00
I/telpo_native(  759): 04
I/telpo_native(  759): 01
I/telpo_native(  759): 00
I/telpo_native(  759): 00
I/telpo_native(  759): 00
I/telpo_native(  759): 00
I/telpo_native(  759): 00
I/telpo_native(  759): 00
I/telpo_native(  759): 00
I/telpo_native(  759): 00
I/telpo_native(  759): 
D/telpo_native(19709): CallIntMethod return ret = 0 length = 20
I/SurfaceFlinger(  260): FPS: 43
D/BatteryMeterView( 3211): not on charging...
D/BatteryMeterView( 3211): not on charging...
D/BatteryMeterView( 3211): onDraw level = 6
D/BatteryMeterView( 3211): not on charging...
D/BatteryMeterView( 3211): onDraw level = 6
D/wpa_supplicant( 3788): wlan0: Control interface command 'SIGNAL_POLL'
D/telpo_native(  759): usb_printer_write data start!
D/telpo_native(  759): usb_printer_write start!
E/telpo_native(  759): ret = 25
D/telpo_native(  759): handle_emv_serial_read_write_cmd: usb write length = 25
E/telpo_native(  759): serial_read:start read
E/telpo_native(  759): serial_read:serial_read read_size = 0
D/telpo_native(  759): handle_emv_serial_read_write_cmd: usb_printer_read length = 20
I/telpo_native(  759): 0b
I/telpo_native(  759): b0
I/telpo_native(  759): 96
I/telpo_native(  759): 69
I/telpo_native(  759): 04
I/telpo_native(  759): 00
I/telpo_native(  759): 00
I/telpo_native(  759): 00
I/telpo_native(  759): 4b
I/telpo_native(  759): 00
I/telpo_native(  759): 04
I/telpo_native(  759): 01
I/telpo_native(  759): 00
I/telpo_native(  759): 00
I/telpo_native(  759): 00
I/telpo_native(  759): 00
I/telpo_native(  759): 00
I/telpo_native(  759): 00
I/telpo_native(  759): 00
I/telpo_native(  759): 00
I/telpo_native(  759): 
D/telpo_native(  759): handle_emv_serial_read_write_cmd: parse successfully!
I/telpo_native(  759): handle_emv_serial_read_write_cmd: receive data length is 20
I/telpo_native(  759): 0b
I/telpo_native(  759): b0
I/telpo_native(  759): 96
I/telpo_native(  759): 69
I/telpo_native(  759): 04
I/telpo_native(  759): 00
I/telpo_native(  759): 00
I/telpo_native(  759): 00
I/telpo_native(  759): 4b
I/telpo_native(  759): 00
I/telpo_native(  759): 04
I/telpo_native(  759): 01
I/telpo_native(  759): 00
I/telpo_native(  759): 00
I/telpo_native(  759): 00
I/telpo_native(  759): 00
I/telpo_native(  759): 00
I/telpo_native(  759): 00
I/telpo_native(  759): 00
I/telpo_native(  759): 00
I/telpo_native(  759): 
D/telpo_native(19709): CallIntMethod return ret = 0 length = 20
D/telpo_native(  759): usb_printer_write data start!
D/telpo_native(  759): usb_printer_write start!
E/telpo_native(  759): ret = 25
D/telpo_native(  759): handle_emv_serial_read_write_cmd: usb write length = 25
E/telpo_native(  759): serial_read:start read
E/telpo_native(  759): serial_read:serial_read read_size = 0
D/telpo_native(  759): handle_emv_serial_read_write_cmd: usb_printer_read length = 20
I/telpo_native(  759): 0b
I/telpo_native(  759): b0
I/telpo_native(  759): 96
I/telpo_native(  759): 69
I/telpo_native(  759): 04
I/telpo_native(  759): 00
I/telpo_native(  759): 00
I/telpo_native(  759): 00
I/telpo_native(  759): 4c
I/telpo_native(  759): 00
I/telpo_native(  759): 04
I/telpo_native(  759): 01
I/telpo_native(  759): 00
I/telpo_native(  759): 00
I/telpo_native(  759): 00
I/telpo_native(  759): 00
I/telpo_native(  759): 00
I/telpo_native(  759): 00
I/telpo_native(  759): 00
I/telpo_native(  759): 00
I/telpo_native(  759): 
D/telpo_native(  759): handle_emv_serial_read_write_cmd: parse successfully!
I/telpo_native(  759): handle_emv_serial_read_write_cmd: receive data length is 20
I/telpo_native(  759): 0b
I/telpo_native(  759): b0
I/telpo_native(  759): 96
I/telpo_native(  759): 69
I/telpo_native(  759): 04
I/telpo_native(  759): 00
I/telpo_native(  759): 00
I/telpo_native(  759): 00
I/telpo_native(  759): 4c
I/telpo_native(  759): 00
I/telpo_native(  759): 04
I/telpo_native(  759): 01
I/telpo_native(  759): 00
I/telpo_native(  759): 00
I/telpo_native(  759): 00
I/telpo_native(  759): 00
I/telpo_native(  759): 00
I/telpo_native(  759): 00
I/telpo_native(  759): 00
I/telpo_native(  759): 00
I/telpo_native(  759): 
D/telpo_native(19709): CallIntMethod return ret = 0 length = 20
D/BatteryMeterView( 3211): not on charging...
D/BatteryMeterView( 3211): not on charging...
D/BatteryMeterView( 3211): onDraw level = 6
D/BatteryMeterView( 3211): not on charging...
I/WindowManager(  759): mDock rect: (0,0 - 720,1280)
V/WindowManager(  759): Status bar: dock=[0,50][720,1280] content=[0,50][720,1280] cur=[0,50][720,1280]
V/WindowManager(  759): layoutWindowLw(): normal window
V/WindowManager(  759): Compute frame : sim=#20 attach=null type=2015 flags=0x01000018 pf=[0,50][720,1280] df=[0,50][720,1280] of=[0,50][720,1280] cf=[0,50][720,1280] vf=[0,50][720,1280] dcf=[0,0][720,1280] sf=[0,50][720,1280]
V/WindowManager(  759): layoutWindowLw(Toast): normal window
V/WindowManager(  759): Compute frame Toast: sim=#20 attach=null type=2005 flags=0x01000098 pf=[0,50][720,1280] df=[0,50][720,1280] of=[0,50][720,1280] cf=[0,50][720,1280] vf=[0,50][720,1280] dcf=[0,0][720,1280] sf=[0,50][720,1280]
V/WindowManager(  759): layoutWindowLw(com.interswitchng.interswitchpossdkdemo.telpo.v2.debug/com.interswitchng.smartpos.modules.main.MainActivity): IN_SCREEN, INSET_DECOR
V/WindowManager(  759): Compute frame com.interswitchng.interswitchpossdkdemo.telpo.v2.debug/com.interswitchng.smartpos.modules.main.MainActivity: sim=#20 attach=null type=1 flags=0x81810100 pf=[0,0][720,1280] df=[0,0][720,1280] of=[0,0][720,1280] cf=[0,50][720,1280] vf=[0,50][720,1280] dcf=[0,0][720,1280] sf=[0,50][720,1280]
I/WindowManager(  759): Win Window{25b4575f u0 android}: isVisibleOrBehindKeyguardLw=true
I/WindowManager(  759): Win Window{38e045e0 u0 StatusBar}: isVisibleOrBehindKeyguardLw=true
I/WindowManager(  759): Win Window{124ae83f u0 Toast EXITING}: isVisibleOrBehindKeyguardLw=false
I/WindowManager(  759): Win Window{3d0e02fa u0 com.interswitchng.interswitchpossdkdemo.telpo.v2.debug/com.interswitchng.smartpos.modules.main.MainActivity}: isVisibleOrBehindKeyguardLw=true
V/WindowManager(  759): Fullscreen window: Window{3d0e02fa u0 com.interswitchng.interswitchpossdkdemo.telpo.v2.debug/com.interswitchng.smartpos.modules.main.MainActivity}
I/WindowManager(  759): Win Window{1d6ae551 u0 com.android.phasebeam.PhaseBeamWallpaper}: isVisibleOrBehindKeyguardLw=false
I/WindowManager(  759): force=false forcefkg=false top=Window{3d0e02fa u0 com.interswitchng.interswitchpossdkdemo.telpo.v2.debug/com.interswitchng.smartpos.modules.main.MainActivity}
D/WindowManager(  759): frame: Rect(0, 0 - 720, 1280) shown frame: RectF(0.0, 0.0, 720.0, 1280.0)
D/WindowManager(  759): attr: WM.LayoutParams{(0,0)(fillxfill) sim=#20 ty=1 fl=#81810100 wanim=0x1030467 vsysui=0x600 surfaceInsets=Rect(0, 0 - 0, 0) needsMenuKey=2} lp.flags=0x81810100
V/WindowManager(  759): ** SHOWING status bar: top is not fullscreen
V/WindowManager(  759): finishPostLayoutPolicyLw: mHideKeyguard=false
D/BatteryMeterView( 3211): onDraw level = 6
I/SurfaceFlinger(  260): FPS: 16
D/telpo_native(  759): usb_printer_write data start!
D/telpo_native(  759): usb_printer_write start!
E/telpo_native(  759): ret = 25
D/telpo_native(  759): handle_emv_serial_read_write_cmd: usb write length = 25
E/telpo_native(  759): serial_read:start read
E/telpo_native(  759): serial_read:serial_read read_size = 0
D/telpo_native(  759): handle_emv_serial_read_write_cmd: usb_printer_read length = 20
I/telpo_native(  759): 0b
I/telpo_native(  759): b0
I/telpo_native(  759): 96
I/telpo_native(  759): 69
I/telpo_native(  759): 04
I/telpo_native(  759): 00
I/telpo_native(  759): 00
I/telpo_native(  759): 00
I/telpo_native(  759): 4d
I/telpo_native(  759): 00
I/telpo_native(  759): 04
I/telpo_native(  759): 01
I/telpo_native(  759): 00
I/telpo_native(  759): 00
I/telpo_native(  759): 00
I/telpo_native(  759): 00
I/telpo_native(  759): 00
I/telpo_native(  759): 00
I/telpo_native(  759): 00
I/telpo_native(  759): 00
I/telpo_native(  759): 
D/telpo_native(  759): handle_emv_serial_read_write_cmd: parse successfully!
I/telpo_native(  759): handle_emv_serial_read_write_cmd: receive data length is 20
I/telpo_native(  759): 0b
I/telpo_native(  759): b0
I/telpo_native(  759): 96
I/telpo_native(  759): 69
I/telpo_native(  759): 04
I/telpo_native(  759): 00
I/telpo_native(  759): 00
I/telpo_native(  759): 00
I/telpo_native(  759): 4d
I/telpo_native(  759): 00
I/telpo_native(  759): 04
I/telpo_native(  759): 01
I/telpo_native(  759): 00
I/telpo_native(  759): 00
I/telpo_native(  759): 00
I/telpo_native(  759): 00
I/telpo_native(  759): 00
I/telpo_native(  759): 00
I/telpo_native(  759): 00
I/telpo_native(  759): 00
I/telpo_native(  759): 
D/telpo_native(19709): CallIntMethod return ret = 0 length = 20
I/WindowManager(  759): Win Window{25b4575f u0 android}: isVisibleOrBehindKeyguardLw=true
I/WindowManager(  759): Win Window{38e045e0 u0 StatusBar}: isVisibleOrBehindKeyguardLw=true
I/WindowManager(  759): Win Window{124ae83f u0 Toast}: isVisibleOrBehindKeyguardLw=false
I/WindowManager(  759): Win Window{3d0e02fa u0 com.interswitchng.interswitchpossdkdemo.telpo.v2.debug/com.interswitchng.smartpos.modules.main.MainActivity}: isVisibleOrBehindKeyguardLw=true
V/WindowManager(  759): Fullscreen window: Window{3d0e02fa u0 com.interswitchng.interswitchpossdkdemo.telpo.v2.debug/com.interswitchng.smartpos.modules.main.MainActivity}
I/WindowManager(  759): Win Window{1d6ae551 u0 com.android.phasebeam.PhaseBeamWallpaper}: isVisibleOrBehindKeyguardLw=false
I/WindowManager(  759): force=false forcefkg=false top=Window{3d0e02fa u0 com.interswitchng.interswitchpossdkdemo.telpo.v2.debug/com.interswitchng.smartpos.modules.main.MainActivity}
D/WindowManager(  759): frame: Rect(0, 0 - 720, 1280) shown frame: RectF(0.0, 0.0, 720.0, 1280.0)
D/WindowManager(  759): attr: WM.LayoutParams{(0,0)(fillxfill) sim=#20 ty=1 fl=#81810100 wanim=0x1030467 vsysui=0x600 surfaceInsets=Rect(0, 0 - 0, 0) needsMenuKey=2} lp.flags=0x81810100
V/WindowManager(  759): ** SHOWING status bar: top is not fullscreen
V/WindowManager(  759): finishPostLayoutPolicyLw: mHideKeyguard=false
I/WindowManager(  759): mDock rect: (0,0 - 720,1280)
V/WindowManager(  759): Status bar: dock=[0,50][720,1280] content=[0,50][720,1280] cur=[0,50][720,1280]
V/WindowManager(  759): layoutWindowLw(): normal window
V/WindowManager(  759): Compute frame : sim=#20 attach=null type=2015 flags=0x01000018 pf=[0,50][720,1280] df=[0,50][720,1280] of=[0,50][720,1280] cf=[0,50][720,1280] vf=[0,50][720,1280] dcf=[0,0][720,1280] sf=[0,50][720,1280]
V/WindowManager(  759): layoutWindowLw(com.interswitchng.interswitchpossdkdemo.telpo.v2.debug/com.interswitchng.smartpos.modules.main.MainActivity): IN_SCREEN, INSET_DECOR
V/WindowManager(  759): Compute frame com.interswitchng.interswitchpossdkdemo.telpo.v2.debug/com.interswitchng.smartpos.modules.main.MainActivity: sim=#20 attach=null type=1 flags=0x81810100 pf=[0,0][720,1280] df=[0,0][720,1280] of=[0,0][720,1280] cf=[0,50][720,1280] vf=[0,50][720,1280] dcf=[0,0][720,1280] sf=[0,50][720,1280]
I/WindowManager(  759): Win Window{25b4575f u0 android}: isVisibleOrBehindKeyguardLw=true
I/WindowManager(  759): Win Window{38e045e0 u0 StatusBar}: isVisibleOrBehindKeyguardLw=true
I/WindowManager(  759): Win Window{3d0e02fa u0 com.interswitchng.interswitchpossdkdemo.telpo.v2.debug/com.interswitchng.smartpos.modules.main.MainActivity}: isVisibleOrBehindKeyguardLw=true
V/WindowManager(  759): Fullscreen window: Window{3d0e02fa u0 com.interswitchng.interswitchpossdkdemo.telpo.v2.debug/com.interswitchng.smartpos.modules.main.MainActivity}
I/WindowManager(  759): Win Window{1d6ae551 u0 com.android.phasebeam.PhaseBeamWallpaper}: isVisibleOrBehindKeyguardLw=false
I/WindowManager(  759): force=false forcefkg=false top=Window{3d0e02fa u0 com.interswitchng.interswitchpossdkdemo.telpo.v2.debug/com.interswitchng.smartpos.modules.main.MainActivity}
D/WindowManager(  759): frame: Rect(0, 0 - 720, 1280) shown frame: RectF(0.0, 0.0, 720.0, 1280.0)
D/WindowManager(  759): attr: WM.LayoutParams{(0,0)(fillxfill) sim=#20 ty=1 fl=#81810100 wanim=0x1030467 vsysui=0x600 surfaceInsets=Rect(0, 0 - 0, 0) needsMenuKey=2} lp.flags=0x81810100
V/WindowManager(  759): ** SHOWING status bar: top is not fullscreen
V/WindowManager(  759): finishPostLayoutPolicyLw: mHideKeyguard=false
D/telpo_native(  759): usb_printer_write data start!
D/telpo_native(  759): usb_printer_write start!
E/telpo_native(  759): ret = 25
D/telpo_native(  759): handle_emv_serial_read_write_cmd: usb write length = 25
E/telpo_native(  759): Cannot find response header
D/telpo_native(  759): handle_emv_serial_read_write_cmd: not enough data receive,continue
E/telpo_native(  759): serial_read:start read
E/telpo_native(  759): serial_read:serial_read read_size = 0
D/telpo_native(  759): handle_emv_serial_read_write_cmd: usb_printer_read length = 20
I/telpo_native(  759): 0b
I/telpo_native(  759): b0
I/telpo_native(  759): 96
I/telpo_native(  759): 69
I/telpo_native(  759): 04
I/telpo_native(  759): 00
I/telpo_native(  759): 00
I/telpo_native(  759): 00
I/telpo_native(  759): 4e
I/telpo_native(  759): 00
I/telpo_native(  759): 04
I/telpo_native(  759): 01
I/telpo_native(  759): 00
I/telpo_native(  759): 00
I/telpo_native(  759): 00
I/telpo_native(  759): 00
I/telpo_native(  759): 00
I/telpo_native(  759): 00
I/telpo_native(  759): 00
I/telpo_native(  759): 00
I/telpo_native(  759): 
D/telpo_native(  759): handle_emv_serial_read_write_cmd: parse successfully!
I/telpo_native(  759): handle_emv_serial_read_write_cmd: receive data length is 20
I/telpo_native(  759): 0b
I/telpo_native(  759): b0
I/telpo_native(  759): 96
I/telpo_native(  759): 69
I/telpo_native(  759): 04
I/telpo_native(  759): 00
I/telpo_native(  759): 00
I/telpo_native(  759): 00
I/telpo_native(  759): 4e
I/telpo_native(  759): 00
I/telpo_native(  759): 04
I/telpo_native(  759): 01
I/telpo_native(  759): 00
I/telpo_native(  759): 00
I/telpo_native(  759): 00
I/telpo_native(  759): 00
I/telpo_native(  759): 00
I/telpo_native(  759): 00
I/telpo_native(  759): 00
I/telpo_native(  759): 00
I/telpo_native(  759): 
D/telpo_native(19709): CallIntMethod return ret = 0 length = 20
D/BatteryMeterView( 3211): not on charging...
D/BatteryMeterView( 3211): not on charging...
D/BatteryMeterView( 3211): not on charging...
D/BatteryMeterView( 3211): onDraw level = 6
D/BatteryMeterView( 3211): onDraw level = 6
I/SurfaceFlinger(  260): FPS: 33
D/telpo_native(  759): usb_printer_write data start!
D/telpo_native(  759): usb_printer_write start!
E/telpo_native(  759): ret = 25
D/telpo_native(  759): handle_emv_serial_read_write_cmd: usb write length = 25
E/telpo_native(  759): serial_read:start read
E/telpo_native(  759): serial_read:serial_read read_size = 0
D/telpo_native(  759): handle_emv_serial_read_write_cmd: usb_printer_read length = 20
I/telpo_native(  759): 0b
I/telpo_native(  759): b0
I/telpo_native(  759): 96
I/telpo_native(  759): 69
I/telpo_native(  759): 04
I/telpo_native(  759): 00
I/telpo_native(  759): 00
I/telpo_native(  759): 00
I/telpo_native(  759): 4f
I/telpo_native(  759): 00
I/telpo_native(  759): 04
I/telpo_native(  759): 01
I/telpo_native(  759): 00
I/telpo_native(  759): 00
I/telpo_native(  759): 00
I/telpo_native(  759): 00
I/telpo_native(  759): 00
I/telpo_native(  759): 00
I/telpo_native(  759): 00
I/telpo_native(  759): 00
I/telpo_native(  759): 
D/telpo_native(  759): handle_emv_serial_read_write_cmd: parse successfully!
I/telpo_native(  759): handle_emv_serial_read_write_cmd: receive data length is 20
I/telpo_native(  759): 0b
I/telpo_native(  759): b0
I/telpo_native(  759): 96
I/telpo_native(  759): 69
I/telpo_native(  759): 04
I/telpo_native(  759): 00
I/telpo_native(  759): 00
I/telpo_native(  759): 00
I/telpo_native(  759): 4f
I/telpo_native(  759): 00
I/telpo_native(  759): 04
I/telpo_native(  759): 01
I/telpo_native(  759): 00
I/telpo_native(  759): 00
I/telpo_native(  759): 00
I/telpo_native(  759): 00
I/telpo_native(  759): 00
I/telpo_native(  759): 00
I/telpo_native(  759): 00
I/telpo_native(  759): 00
I/telpo_native(  759): 
D/telpo_native(19709): CallIntMethod return ret = 0 length = 20
D/telpo_native(  759): usb_printer_write data start!
D/telpo_native(  759): usb_printer_write start!
E/telpo_native(  759): ret = 25
D/telpo_native(  759): handle_emv_serial_read_write_cmd: usb write length = 25
E/telpo_native(  759): serial_read:start read
E/telpo_native(  759): serial_read:serial_read read_size = 0
D/telpo_native(  759): handle_emv_serial_read_write_cmd: usb_printer_read length = 20
I/telpo_native(  759): 0b
I/telpo_native(  759): b0
I/telpo_native(  759): 96
I/telpo_native(  759): 69
I/telpo_native(  759): 04
I/telpo_native(  759): 00
I/telpo_native(  759): 00
I/telpo_native(  759): 00
I/telpo_native(  759): 50
I/telpo_native(  759): 00
I/telpo_native(  759): 04
I/telpo_native(  759): 01
I/telpo_native(  759): 00
I/telpo_native(  759): 00
I/telpo_native(  759): 00
I/telpo_native(  759): 00
I/telpo_native(  759): 00
I/telpo_native(  759): 00
I/telpo_native(  759): 00
I/telpo_native(  759): 00
I/telpo_native(  759): 
D/telpo_native(  759): handle_emv_serial_read_write_cmd: parse successfully!
I/telpo_native(  759): handle_emv_serial_read_write_cmd: receive data length is 20
I/telpo_native(  759): 0b
I/telpo_native(  759): b0
I/telpo_native(  759): 96
I/telpo_native(  759): 69
I/telpo_native(  759): 04
I/telpo_native(  759): 00
I/telpo_native(  759): 00
I/telpo_native(  759): 00
I/telpo_native(  759): 50
I/telpo_native(  759): 00
I/telpo_native(  759): 04
I/telpo_native(  759): 01
I/telpo_native(  759): 00
I/telpo_native(  759): 00
I/telpo_native(  759): 00
I/telpo_native(  759): 00
I/telpo_native(  759): 00
I/telpo_native(  759): 00
I/telpo_native(  759): 00
I/telpo_native(  759): 00
I/telpo_native(  759): 
D/telpo_native(19709): CallIntMethod return ret = 0 length = 20
V/WLAN_PSA(  315): NL MSG, len[4089], NL type[0x1C] WNI type[0x5900] len[57615]
V/WLAN_PSA(  315): NL MSG, PID: 315
D/wpa_supplicant( 3788): wlan0: Control interface command 'SIGNAL_POLL'
D/BatteryMeterView( 3211): not on charging...
D/BatteryMeterView( 3211): not on charging...
D/BatteryMeterView( 3211): not on charging...
D/telpo_native(  759): usb_printer_write data start!
D/telpo_native(  759): usb_printer_write start!
E/telpo_native(  759): ret = 25
D/telpo_native(  759): handle_emv_serial_read_write_cmd: usb write length = 25
D/BatteryMeterView( 3211): onDraw level = 6
E/telpo_native(  759): serial_read:start read
E/telpo_native(  759): serial_read:serial_read read_size = 0
D/telpo_native(  759): handle_emv_serial_read_write_cmd: usb_printer_read length = 20
I/telpo_native(  759): 0b
I/telpo_native(  759): b0
I/telpo_native(  759): 96
I/telpo_native(  759): 69
I/telpo_native(  759): 04
I/telpo_native(  759): 00
I/telpo_native(  759): 00
I/telpo_native(  759): 00
I/telpo_native(  759): 51
I/telpo_native(  759): 00
I/telpo_native(  759): 04
I/telpo_native(  759): 01
I/telpo_native(  759): 00
I/telpo_native(  759): 00
I/telpo_native(  759): 00
I/telpo_native(  759): 00
I/telpo_native(  759): 00
I/telpo_native(  759): 00
I/telpo_native(  759): 00
I/telpo_native(  759): 00
I/telpo_native(  759): 
D/telpo_native(  759): handle_emv_serial_read_write_cmd: parse successfully!
I/telpo_native(  759): handle_emv_serial_read_write_cmd: receive data length is 20
I/telpo_native(  759): 0b
I/telpo_native(  759): b0
I/telpo_native(  759): 96
I/telpo_native(  759): 69
I/telpo_native(  759): 04
I/telpo_native(  759): 00
I/telpo_native(  759): 00
I/telpo_native(  759): 00
I/telpo_native(  759): 51
I/telpo_native(  759): 00
I/telpo_native(  759): 04
I/telpo_native(  759): 01
I/telpo_native(  759): 00
I/telpo_native(  759): 00
I/telpo_native(  759): 00
I/telpo_native(  759): 00
I/telpo_native(  759): 00
I/telpo_native(  759): 00
I/telpo_native(  759): 00
I/telpo_native(  759): 00
I/telpo_native(  759): 
D/telpo_native(19709): CallIntMethod return ret = 0 length = 20
D/BatteryMeterView( 3211): onDraw level = 6
I/SurfaceFlinger(  260): FPS: 3
D/telpo_native(  759): usb_printer_write data start!
D/telpo_native(  759): usb_printer_write start!
E/telpo_native(  759): ret = 25
D/telpo_native(  759): handle_emv_serial_read_write_cmd: usb write length = 25
E/telpo_native(  759): serial_read:start read
E/telpo_native(  759): serial_read:serial_read read_size = 0
D/telpo_native(  759): handle_emv_serial_read_write_cmd: usb_printer_read length = 20
I/telpo_native(  759): 0b
I/telpo_native(  759): b0
I/telpo_native(  759): 96
I/telpo_native(  759): 69
I/telpo_native(  759): 04
I/telpo_native(  759): 00
I/telpo_native(  759): 00
I/telpo_native(  759): 00
I/telpo_native(  759): 52
I/telpo_native(  759): 00
I/telpo_native(  759): 04
I/telpo_native(  759): 01
I/telpo_native(  759): 00
I/telpo_native(  759): 00
I/telpo_native(  759): 00
I/telpo_native(  759): 00
I/telpo_native(  759): 00
I/telpo_native(  759): 00
I/telpo_native(  759): 00
I/telpo_native(  759): 00
I/telpo_native(  759): 
D/telpo_native(  759): handle_emv_serial_read_write_cmd: parse successfully!
I/telpo_native(  759): handle_emv_serial_read_write_cmd: receive data length is 20
I/telpo_native(  759): 0b
I/telpo_native(  759): b0
I/telpo_native(  759): 96
I/telpo_native(  759): 69
I/telpo_native(  759): 04
I/telpo_native(  759): 00
I/telpo_native(  759): 00
I/telpo_native(  759): 00
I/telpo_native(  759): 52
I/telpo_native(  759): 00
I/telpo_native(  759): 04
I/telpo_native(  759): 01
I/telpo_native(  759): 00
I/telpo_native(  759): 00
I/telpo_native(  759): 00
I/telpo_native(  759): 00
I/telpo_native(  759): 00
I/telpo_native(  759): 00
I/telpo_native(  759): 00
I/telpo_native(  759): 00
I/telpo_native(  759): 
D/telpo_native(19709): CallIntMethod return ret = 0 length = 20
D/telpo_native(  759): usb_printer_write data start!
D/telpo_native(  759): usb_printer_write start!
E/telpo_native(  759): ret = 25
D/telpo_native(  759): handle_emv_serial_read_write_cmd: usb write length = 25
E/telpo_native(  759): serial_read:start read
E/telpo_native(  759): serial_read:serial_read read_size = 0
D/telpo_native(  759): handle_emv_serial_read_write_cmd: usb_printer_read length = 20
I/telpo_native(  759): 0b
I/telpo_native(  759): b0
I/telpo_native(  759): 96
I/telpo_native(  759): 69
I/telpo_native(  759): 04
I/telpo_native(  759): 00
I/telpo_native(  759): 00
I/telpo_native(  759): 00
I/telpo_native(  759): 53
I/telpo_native(  759): 00
I/telpo_native(  759): 04
I/telpo_native(  759): 01
I/telpo_native(  759): 00
I/telpo_native(  759): 00
I/telpo_native(  759): 00
I/telpo_native(  759): 00
I/telpo_native(  759): 00
I/telpo_native(  759): 00
I/telpo_native(  759): 00
I/telpo_native(  759): 00
I/telpo_native(  759): 
D/telpo_native(  759): handle_emv_serial_read_write_cmd: parse successfully!
I/telpo_native(  759): handle_emv_serial_read_write_cmd: receive data length is 20
I/telpo_native(  759): 0b
I/telpo_native(  759): b0
I/telpo_native(  759): 96
I/telpo_native(  759): 69
I/telpo_native(  759): 04
I/telpo_native(  759): 00
I/telpo_native(  759): 00
I/telpo_native(  759): 00
I/telpo_native(  759): 53
I/telpo_native(  759): 00
I/telpo_native(  759): 04
I/telpo_native(  759): 01
I/telpo_native(  759): 00
I/telpo_native(  759): 00
I/telpo_native(  759): 00
I/telpo_native(  759): 00
I/telpo_native(  759): 00
I/telpo_native(  759): 00
I/telpo_native(  759): 00
I/telpo_native(  759): 00
I/telpo_native(  759): 
D/telpo_native(19709): CallIntMethod return ret = 0 length = 20
D/BatteryMeterView( 3211): not on charging...
D/BatteryMeterView( 3211): not on charging...
D/BatteryMeterView( 3211): onDraw level = 6
D/BatteryMeterView( 3211): not on charging...
D/BatteryMeterView( 3211): onDraw level = 6
I/SurfaceFlinger(  260): FPS: 3
D/telpo_native(  759): usb_printer_write data start!
D/telpo_native(  759): usb_printer_write start!
E/telpo_native(  759): ret = 25
D/telpo_native(  759): handle_emv_serial_read_write_cmd: usb write length = 25
E/telpo_native(  759): serial_read:start read
E/telpo_native(  759): serial_read:serial_read read_size = 0
D/telpo_native(  759): handle_emv_serial_read_write_cmd: usb_printer_read length = 20
I/telpo_native(  759): 0b
I/telpo_native(  759): b0
I/telpo_native(  759): 96
I/telpo_native(  759): 69
I/telpo_native(  759): 04
I/telpo_native(  759): 00
I/telpo_native(  759): 00
I/telpo_native(  759): 00
I/telpo_native(  759): 54
I/telpo_native(  759): 00
I/telpo_native(  759): 04
I/telpo_native(  759): 01
I/telpo_native(  759): 00
I/telpo_native(  759): 00
I/telpo_native(  759): 00
I/telpo_native(  759): 00
I/telpo_native(  759): 00
I/telpo_native(  759): 00
I/telpo_native(  759): 00
I/telpo_native(  759): 00
I/telpo_native(  759): 
D/telpo_native(  759): handle_emv_serial_read_write_cmd: parse successfully!
I/telpo_native(  759): handle_emv_serial_read_write_cmd: receive data length is 20
I/telpo_native(  759): 0b
I/telpo_native(  759): b0
I/telpo_native(  759): 96
I/telpo_native(  759): 69
I/telpo_native(  759): 04
I/telpo_native(  759): 00
I/telpo_native(  759): 00
I/telpo_native(  759): 00
I/telpo_native(  759): 54
I/telpo_native(  759): 00
I/telpo_native(  759): 04
I/telpo_native(  759): 01
I/telpo_native(  759): 00
I/telpo_native(  759): 00
I/telpo_native(  759): 00
I/telpo_native(  759): 00
I/telpo_native(  759): 00
I/telpo_native(  759): 00
I/telpo_native(  759): 00
I/telpo_native(  759): 00
I/telpo_native(  759): 
D/telpo_native(19709): CallIntMethod return ret = 0 length = 20
D/telpo_native(  759): usb_printer_write data start!
D/telpo_native(  759): usb_printer_write start!
E/telpo_native(  759): ret = 25
D/telpo_native(  759): handle_emv_serial_read_write_cmd: usb write length = 25
E/telpo_native(  759): serial_read:start read
E/telpo_native(  759): serial_read:serial_read read_size = 0
D/telpo_native(  759): handle_emv_serial_read_write_cmd: usb_printer_read length = 20
I/telpo_native(  759): 0b
I/telpo_native(  759): b0
I/telpo_native(  759): 96
I/telpo_native(  759): 69
I/telpo_native(  759): 04
I/telpo_native(  759): 00
I/telpo_native(  759): 00
I/telpo_native(  759): 00
I/telpo_native(  759): 55
I/telpo_native(  759): 00
I/telpo_native(  759): 04
I/telpo_native(  759): 01
I/telpo_native(  759): 00
I/telpo_native(  759): 00
I/telpo_native(  759): 00
I/telpo_native(  759): 00
I/telpo_native(  759): 00
I/telpo_native(  759): 00
I/telpo_native(  759): 00
I/telpo_native(  759): 00
I/telpo_native(  759): 
D/telpo_native(  759): handle_emv_serial_read_write_cmd: parse successfully!
I/telpo_native(  759): handle_emv_serial_read_write_cmd: receive data length is 20
I/telpo_native(  759): 0b
I/telpo_native(  759): b0
I/telpo_native(  759): 96
I/telpo_native(  759): 69
I/telpo_native(  759): 04
I/telpo_native(  759): 00
I/telpo_native(  759): 00
I/telpo_native(  759): 00
I/telpo_native(  759): 55
I/telpo_native(  759): 00
I/telpo_native(  759): 04
I/telpo_native(  759): 01
I/telpo_native(  759): 00
I/telpo_native(  759): 00
I/telpo_native(  759): 00
I/telpo_native(  759): 00
I/telpo_native(  759): 00
I/telpo_native(  759): 00
I/telpo_native(  759): 00
I/telpo_native(  759): 00
I/telpo_native(  759): 
D/telpo_native(19709): CallIntMethod return ret = 0 length = 20
D/BatteryMeterView( 3211): not on charging...
D/BatteryMeterView( 3211): not on charging...
D/BatteryMeterView( 3211): not on charging...
D/BatteryMeterView( 3211): onDraw level = 6
D/BatteryMeterView( 3211): onDraw level = 6
I/SurfaceFlinger(  260): FPS: 3
D/telpo_native(  759): usb_printer_write data start!
D/telpo_native(  759): usb_printer_write start!
E/telpo_native(  759): ret = 25
D/telpo_native(  759): handle_emv_serial_read_write_cmd: usb write length = 25
E/telpo_native(  759): serial_read:start read
E/telpo_native(  759): serial_read:serial_read read_size = 0
D/telpo_native(  759): handle_emv_serial_read_write_cmd: usb_printer_read length = 20
I/telpo_native(  759): 0b
I/telpo_native(  759): b0
I/telpo_native(  759): 96
I/telpo_native(  759): 69
I/telpo_native(  759): 04
I/telpo_native(  759): 00
I/telpo_native(  759): 00
I/telpo_native(  759): 00
I/telpo_native(  759): 56
I/telpo_native(  759): 00
I/telpo_native(  759): 04
I/telpo_native(  759): 01
I/telpo_native(  759): 00
I/telpo_native(  759): 00
I/telpo_native(  759): 00
I/telpo_native(  759): 00
I/telpo_native(  759): 00
I/telpo_native(  759): 00
I/telpo_native(  759): 00
I/telpo_native(  759): 00
I/telpo_native(  759): 
D/telpo_native(  759): handle_emv_serial_read_write_cmd: parse successfully!
I/telpo_native(  759): handle_emv_serial_read_write_cmd: receive data length is 20
I/telpo_native(  759): 0b
I/telpo_native(  759): b0
I/telpo_native(  759): 96
I/telpo_native(  759): 69
I/telpo_native(  759): 04
I/telpo_native(  759): 00
I/telpo_native(  759): 00
I/telpo_native(  759): 00
I/telpo_native(  759): 56
I/telpo_native(  759): 00
I/telpo_native(  759): 04
I/telpo_native(  759): 01
I/telpo_native(  759): 00
I/telpo_native(  759): 00
I/telpo_native(  759): 00
I/telpo_native(  759): 00
I/telpo_native(  759): 00
I/telpo_native(  759): 00
I/telpo_native(  759): 00
I/telpo_native(  759): 00
I/telpo_native(  759): 
D/telpo_native(19709): CallIntMethod return ret = 0 length = 20
D/wpa_supplicant( 3788): wlan0: Control interface command 'SIGNAL_POLL'
V/WLAN_PSA(  315): NL MSG, len[4019], NL type[0x1C] WNI type[0x5900] len[39695]
V/WLAN_PSA(  315): NL MSG, PID: 315
D/telpo_native(  759): usb_printer_write data start!
D/telpo_native(  759): usb_printer_write start!
E/telpo_native(  759): ret = 25
D/telpo_native(  759): handle_emv_serial_read_write_cmd: usb write length = 25
E/telpo_native(  759): Cannot find response header
D/telpo_native(  759): handle_emv_serial_read_write_cmd: not enough data receive,continue
E/telpo_native(  759): serial_read:start read
E/telpo_native(  759): serial_read:serial_read read_size = 0
D/telpo_native(  759): handle_emv_serial_read_write_cmd: usb_printer_read length = 20
I/telpo_native(  759): 0b
I/telpo_native(  759): b0
I/telpo_native(  759): 96
I/telpo_native(  759): 69
I/telpo_native(  759): 04
I/telpo_native(  759): 00
I/telpo_native(  759): 00
I/telpo_native(  759): 00
I/telpo_native(  759): 57
I/telpo_native(  759): 00
I/telpo_native(  759): 04
I/telpo_native(  759): 01
I/telpo_native(  759): 00
I/telpo_native(  759): 00
I/telpo_native(  759): 00
I/telpo_native(  759): 00
I/telpo_native(  759): 00
I/telpo_native(  759): 00
I/telpo_native(  759): 00
I/telpo_native(  759): 00
I/telpo_native(  759): 
D/telpo_native(  759): handle_emv_serial_read_write_cmd: parse successfully!
I/telpo_native(  759): handle_emv_serial_read_write_cmd: receive data length is 20
I/telpo_native(  759): 0b
I/telpo_native(  759): b0
I/telpo_native(  759): 96
I/telpo_native(  759): 69
I/telpo_native(  759): 04
I/telpo_native(  759): 00
I/telpo_native(  759): 00
I/telpo_native(  759): 00
I/telpo_native(  759): 57
I/telpo_native(  759): 00
I/telpo_native(  759): 04
I/telpo_native(  759): 01
I/telpo_native(  759): 00
I/telpo_native(  759): 00
I/telpo_native(  759): 00
I/telpo_native(  759): 00
I/telpo_native(  759): 00
I/telpo_native(  759): 00
I/telpo_native(  759): 00
I/telpo_native(  759): 00
I/telpo_native(  759): 
D/telpo_native(19709): CallIntMethod return ret = 0 length = 20
D/BatteryMeterView( 3211): not on charging...
D/BatteryMeterView( 3211): not on charging...
D/BatteryMeterView( 3211): onDraw level = 6
D/BatteryMeterView( 3211): not on charging...
I/SurfaceFlinger(  260): FPS: 3
D/BatteryMeterView( 3211): onDraw level = 6
D/telpo_native(  759): usb_printer_write data start!
D/telpo_native(  759): usb_printer_write start!
E/telpo_native(  759): ret = 25
