V/WindowManager(  759): Compute frame com.interswitchng.interswitchpossdkdemo.telpo.v2.debug/com.interswitchng.smartpos.modules.main.MainActivity: sim=#20 attach=null type=1 flags=0x81810100 pf=[0,0][720,1280] df=[0,0][720,1280] of=[0,0][720,1280] cf=[0,50][720,1280] vf=[0,50][720,1280] dcf=[0,0][720,1280] sf=[0,50][720,1280]
I/WindowManager(  759): Win Window{25b4575f u0 android}: isVisibleOrBehindKeyguardLw=true
I/WindowManager(  759): Win Window{38e045e0 u0 StatusBar}: isVisibleOrBehindKeyguardLw=true
I/WindowManager(  759): Win Window{5712199 u0 Toast}: isVisibleOrBehindKeyguardLw=true
I/WindowManager(  759): Win Window{dd05747 u0 Toast EXITING}: isVisibleOrBehindKeyguardLw=false
I/WindowManager(  759): Win Window{3d0e02fa u0 com.interswitchng.interswitchpossdkdemo.telpo.v2.debug/com.interswitchng.smartpos.modules.main.MainActivity}: isVisibleOrBehindKeyguardLw=true
V/WindowManager(  759): Fullscreen window: Window{3d0e02fa u0 com.interswitchng.interswitchpossdkdemo.telpo.v2.debug/com.interswitchng.smartpos.modules.main.MainActivity}
I/WindowManager(  759): Win Window{1d6ae551 u0 com.android.phasebeam.PhaseBeamWallpaper}: isVisibleOrBehindKeyguardLw=false
I/WindowManager(  759): force=false forcefkg=false top=Window{3d0e02fa u0 com.interswitchng.interswitchpossdkdemo.telpo.v2.debug/com.interswitchng.smartpos.modules.main.MainActivity}
D/WindowManager(  759): frame: Rect(0, 0 - 720, 1280) shown frame: RectF(0.0, 0.0, 720.0, 1280.0)
D/WindowManager(  759): attr: WM.LayoutParams{(0,0)(fillxfill) sim=#20 ty=1 fl=#81810100 wanim=0x1030467 vsysui=0x600 surfaceInsets=Rect(0, 0 - 0, 0) needsMenuKey=2} lp.flags=0x81810100
V/WindowManager(  759): ** SHOWING status bar: top is not fullscreen
V/WindowManager(  759): finishPostLayoutPolicyLw: mHideKeyguard=false
I/WindowManager(  759): Win Window{25b4575f u0 android}: isVisibleOrBehindKeyguardLw=true
I/WindowManager(  759): Win Window{38e045e0 u0 StatusBar}: isVisibleOrBehindKeyguardLw=true
I/WindowManager(  759): Win Window{5712199 u0 Toast}: isVisibleOrBehindKeyguardLw=true
I/WindowManager(  759): Win Window{dd05747 u0 Toast EXITING}: isVisibleOrBehindKeyguardLw=false
I/WindowManager(  759): Win Window{3d0e02fa u0 com.interswitchng.interswitchpossdkdemo.telpo.v2.debug/com.interswitchng.smartpos.modules.main.MainActivity}: isVisibleOrBehindKeyguardLw=true
V/WindowManager(  759): Fullscreen window: Window{3d0e02fa u0 com.interswitchng.interswitchpossdkdemo.telpo.v2.debug/com.interswitchng.smartpos.modules.main.MainActivity}
I/WindowManager(  759): Win Window{1d6ae551 u0 com.android.phasebeam.PhaseBeamWallpaper}: isVisibleOrBehindKeyguardLw=false
I/WindowManager(  759): force=false forcefkg=false top=Window{3d0e02fa u0 com.interswitchng.interswitchpossdkdemo.telpo.v2.debug/com.interswitchng.smartpos.modules.main.MainActivity}
D/WindowManager(  759): frame: Rect(0, 0 - 720, 1280) shown frame: RectF(0.0, 0.0, 720.0, 1280.0)
D/WindowManager(  759): attr: WM.LayoutParams{(0,0)(fillxfill) sim=#20 ty=1 fl=#81810100 wanim=0x1030467 vsysui=0x600 surfaceInsets=Rect(0, 0 - 0, 0) needsMenuKey=2} lp.flags=0x81810100
V/WindowManager(  759): ** SHOWING status bar: top is not fullscreen
V/WindowManager(  759): finishPostLayoutPolicyLw: mHideKeyguard=false
I/WindowManager(  759): Win Window{25b4575f u0 android}: isVisibleOrBehindKeyguardLw=true
I/WindowManager(  759): Win Window{38e045e0 u0 StatusBar}: isVisibleOrBehindKeyguardLw=true
I/WindowManager(  759): Win Window{5712199 u0 Toast}: isVisibleOrBehindKeyguardLw=true
I/WindowManager(  759): Win Window{dd05747 u0 Toast}: isVisibleOrBehindKeyguardLw=false
I/WindowManager(  759): Win Window{3d0e02fa u0 com.interswitchng.interswitchpossdkdemo.telpo.v2.debug/com.interswitchng.smartpos.modules.main.MainActivity}: isVisibleOrBehindKeyguardLw=true
V/WindowManager(  759): Fullscreen window: Window{3d0e02fa u0 com.interswitchng.interswitchpossdkdemo.telpo.v2.debug/com.interswitchng.smartpos.modules.main.MainActivity}
I/WindowManager(  759): Win Window{1d6ae551 u0 com.android.phasebeam.PhaseBeamWallpaper}: isVisibleOrBehindKeyguardLw=false
I/WindowManager(  759): force=false forcefkg=false top=Window{3d0e02fa u0 com.interswitchng.interswitchpossdkdemo.telpo.v2.debug/com.interswitchng.smartpos.modules.main.MainActivity}
D/WindowManager(  759): frame: Rect(0, 0 - 720, 1280) shown frame: RectF(0.0, 0.0, 720.0, 1280.0)
D/WindowManager(  759): attr: WM.LayoutParams{(0,0)(fillxfill) sim=#20 ty=1 fl=#81810100 wanim=0x1030467 vsysui=0x600 surfaceInsets=Rect(0, 0 - 0, 0) needsMenuKey=2} lp.flags=0x81810100
V/WindowManager(  759): ** SHOWING status bar: top is not fullscreen
V/WindowManager(  759): finishPostLayoutPolicyLw: mHideKeyguard=false
I/WindowManager(  759): mDock rect: (0,0 - 720,1280)
V/WindowManager(  759): Status bar: dock=[0,50][720,1280] content=[0,50][720,1280] cur=[0,50][720,1280]
V/WindowManager(  759): layoutWindowLw(): normal window
V/WindowManager(  759): Compute frame : sim=#20 attach=null type=2015 flags=0x01000018 pf=[0,50][720,1280] df=[0,50][720,1280] of=[0,50][720,1280] cf=[0,50][720,1280] vf=[0,50][720,1280] dcf=[0,0][720,1280] sf=[0,50][720,1280]
V/WindowManager(  759): layoutWindowLw(Toast): normal window
V/WindowManager(  759): Compute frame Toast: sim=#20 attach=null type=2005 flags=0x01000098 pf=[0,50][720,1280] df=[0,50][720,1280] of=[0,50][720,1280] cf=[0,50][720,1280] vf=[0,50][720,1280] dcf=[0,0][720,1280] sf=[0,50][720,1280]
V/WindowManager(  759): layoutWindowLw(com.interswitchng.interswitchpossdkdemo.telpo.v2.debug/com.interswitchng.smartpos.modules.main.MainActivity): IN_SCREEN, INSET_DECOR
V/WindowManager(  759): Compute frame com.interswitchng.interswitchpossdkdemo.telpo.v2.debug/com.interswitchng.smartpos.modules.main.MainActivity: sim=#20 attach=null type=1 flags=0x81810100 pf=[0,0][720,1280] df=[0,0][720,1280] of=[0,0][720,1280] cf=[0,50][720,1280] vf=[0,50][720,1280] dcf=[0,0][720,1280] sf=[0,50][720,1280]
I/WindowManager(  759): Win Window{25b4575f u0 android}: isVisibleOrBehindKeyguardLw=true
I/WindowManager(  759): Win Window{38e045e0 u0 StatusBar}: isVisibleOrBehindKeyguardLw=true
I/WindowManager(  759): Win Window{5712199 u0 Toast}: isVisibleOrBehindKeyguardLw=true
I/WindowManager(  759): Win Window{3d0e02fa u0 com.interswitchng.interswitchpossdkdemo.telpo.v2.debug/com.interswitchng.smartpos.modules.main.MainActivity}: isVisibleOrBehindKeyguardLw=true
V/WindowManager(  759): Fullscreen window: Window{3d0e02fa u0 com.interswitchng.interswitchpossdkdemo.telpo.v2.debug/com.interswitchng.smartpos.modules.main.MainActivity}
I/WindowManager(  759): Win Window{1d6ae551 u0 com.android.phasebeam.PhaseBeamWallpaper}: isVisibleOrBehindKeyguardLw=false
I/WindowManager(  759): force=false forcefkg=false top=Window{3d0e02fa u0 com.interswitchng.interswitchpossdkdemo.telpo.v2.debug/com.interswitchng.smartpos.modules.main.MainActivity}
D/WindowManager(  759): frame: Rect(0, 0 - 720, 1280) shown frame: RectF(0.0, 0.0, 720.0, 1280.0)
D/WindowManager(  759): attr: WM.LayoutParams{(0,0)(fillxfill) sim=#20 ty=1 fl=#81810100 wanim=0x1030467 vsysui=0x600 surfaceInsets=Rect(0, 0 - 0, 0) needsMenuKey=2} lp.flags=0x81810100
V/WindowManager(  759): ** SHOWING status bar: top is not fullscreen
V/WindowManager(  759): finishPostLayoutPolicyLw: mHideKeyguard=false
I/WindowManager(  759): Win Window{25b4575f u0 android}: isVisibleOrBehindKeyguardLw=true
I/WindowManager(  759): Win Window{38e045e0 u0 StatusBar}: isVisibleOrBehindKeyguardLw=true
I/WindowManager(  759): Win Window{5712199 u0 Toast}: isVisibleOrBehindKeyguardLw=true
I/WindowManager(  759): Win Window{3d0e02fa u0 com.interswitchng.interswitchpossdkdemo.telpo.v2.debug/com.interswitchng.smartpos.modules.main.MainActivity}: isVisibleOrBehindKeyguardLw=true
V/WindowManager(  759): Fullscreen window: Window{3d0e02fa u0 com.interswitchng.interswitchpossdkdemo.telpo.v2.debug/com.interswitchng.smartpos.modules.main.MainActivity}
I/WindowManager(  759): Win Window{1d6ae551 u0 com.android.phasebeam.PhaseBeamWallpaper}: isVisibleOrBehindKeyguardLw=false
I/WindowManager(  759): force=false forcefkg=false top=Window{3d0e02fa u0 com.interswitchng.interswitchpossdkdemo.telpo.v2.debug/com.interswitchng.smartpos.modules.main.MainActivity}
D/WindowManager(  759): frame: Rect(0, 0 - 720, 1280) shown frame: RectF(0.0, 0.0, 720.0, 1280.0)
D/WindowManager(  759): attr: WM.LayoutParams{(0,0)(fillxfill) sim=#20 ty=1 fl=#81810100 wanim=0x1030467 vsysui=0x600 surfaceInsets=Rect(0, 0 - 0, 0) needsMenuKey=2} lp.flags=0x81810100
V/WindowManager(  759): ** SHOWING status bar: top is not fullscreen
V/WindowManager(  759): finishPostLayoutPolicyLw: mHideKeyguard=false
--------- beginning of main
E/PPDaemon(  347): MSMFB_NOTIFY_UPDATE start ioctl failed
E/PPDaemon(  347): MSMFB_NOTIFY_UPDATE start ioctl failed
E/PPDaemon(  347): MSMFB_NOTIFY_UPDATE start ioctl failed
E/PPDaemon(  347): MSMFB_NOTIFY_UPDATE start ioctl failed
E/PPDaemon(  347): MSMFB_NOTIFY_UPDATE start ioctl failed
E/PPDaemon(  347): MSMFB_NOTIFY_UPDATE start ioctl failed
E/PPDaemon(  347): MSMFB_NOTIFY_UPDATE start ioctl failed
E/PPDaemon(  347): MSMFB_NOTIFY_UPDATE start ioctl failed
E/PPDaemon(  347): MSMFB_NOTIFY_UPDATE start ioctl failed
E/PPDaemon(  347): MSMFB_NOTIFY_UPDATE start ioctl failed
E/PPDaemon(  347): MSMFB_NOTIFY_UPDATE start ioctl failed
E/PPDaemon(  347): MSMFB_NOTIFY_UPDATE start ioctl failed
E/PPDaemon(  347): MSMFB_NOTIFY_UPDATE start ioctl failed
E/PPDaemon(  347): MSMFB_NOTIFY_UPDATE start ioctl failed
E/PPDaemon(  347): MSMFB_NOTIFY_UPDATE start ioctl failed
E/PPDaemon(  347): MSMFB_NOTIFY_UPDATE start ioctl failed
E/PPDaemon(  347): MSMFB_NOTIFY_UPDATE start ioctl failed
E/PPDaemon(  347): MSMFB_NOTIFY_UPDATE start ioctl failed
E/PPDaemon(  347): MSMFB_NOTIFY_UPDATE start ioctl failed
E/PPDaemon(  347): MSMFB_NOTIFY_UPDATE start ioctl failed
E/PPDaemon(  347): MSMFB_NOTIFY_UPDATE start ioctl failed
E/PPDaemon(  347): MSMFB_NOTIFY_UPDATE start ioctl failed
E/PPDaemon(  347): MSMFB_NOTIFY_UPDATE start ioctl failed
E/PPDaemon(  347): MSMFB_NOTIFY_UPDATE start ioctl failed
E/PPDaemon(  347): MSMFB_NOTIFY_UPDATE start ioctl failed
E/PPDaemon(  347): MSMFB_NOTIFY_UPDATE start ioctl failed
E/PPDaemon(  347): MSMFB_NOTIFY_UPDATE start ioctl failed
E/PPDaemon(  347): MSMFB_NOTIFY_UPDATE start ioctl failed
E/PPDaemon(  347): MSMFB_NOTIFY_UPDATE start ioctl failed
E/PPDaemon(  347): MSMFB_NOTIFY_UPDATE start ioctl failed
E/PPDaemon(  347): MSMFB_NOTIFY_UPDATE start ioctl failed
E/PPDaemon(  347): MSMFB_NOTIFY_UPDATE start ioctl failed
E/PPDaemon(  347): MSMFB_NOTIFY_UPDATE start ioctl failed
E/PPDaemon(  347): MSMFB_NOTIFY_UPDATE start ioctl failed
E/PPDaemon(  347): MSMFB_NOTIFY_UPDATE start ioctl failed
E/PPDaemon(  347): MSMFB_NOTIFY_UPDATE start ioctl failed
E/PPDaemon(  347): MSMFB_NOTIFY_UPDATE start ioctl failed
E/PPDaemon(  347): MSMFB_NOTIFY_UPDATE start ioctl failed
E/PPDaemon(  347): MSMFB_NOTIFY_UPDATE start ioctl failed
E/PPDaemon(  347): MSMFB_NOTIFY_UPDATE start ioctl failed
E/PPDaemon(  347): MSMFB_NOTIFY_UPDATE start ioctl failed
E/PPDaemon(  347): MSMFB_NOTIFY_UPDATE start ioctl failed
E/PPDaemon(  347): MSMFB_NOTIFY_UPDATE start ioctl failed
E/PPDaemon(  347): MSMFB_NOTIFY_UPDATE start ioctl failed
E/PPDaemon(  347): MSMFB_NOTIFY_UPDATE start ioctl failed
E/PPDaemon(  347): MSMFB_NOTIFY_UPDATE start ioctl failed
E/PPDaemon(  347): MSMFB_NOTIFY_UPDATE start ioctl failed
E/PPDaemon(  347): MSMFB_NOTIFY_UPDATE start ioctl failed
E/PPDaemon(  347): MSMFB_NOTIFY_UPDATE start ioctl failed
E/PPDaemon(  347): MSMFB_NOTIFY_UPDATE start ioctl failed
E/PPDaemon(  347): MSMFB_NOTIFY_UPDATE start ioctl failed
E/PPDaemon(  347): MSMFB_NOTIFY_UPDATE start ioctl failed
E/PPDaemon(  347): MSMFB_NOTIFY_UPDATE start ioctl failed
E/PPDaemon(  347): MSMFB_NOTIFY_UPDATE start ioctl failed
E/PPDaemon(  347): MSMFB_NOTIFY_UPDATE start ioctl failed
E/PPDaemon(  347): MSMFB_NOTIFY_UPDATE start ioctl failed
E/PPDaemon(  347): MSMFB_NOTIFY_UPDATE start ioctl failed
E/PPDaemon(  347): MSMFB_NOTIFY_UPDATE start ioctl failed
E/PPDaemon(  347): MSMFB_NOTIFY_UPDATE start ioctl failed
E/PPDaemon(  347): MSMFB_NOTIFY_UPDATE start ioctl failed
E/PPDaemon(  347): MSMFB_NOTIFY_UPDATE start ioctl failed
E/PPDaemon(  347): MSMFB_NOTIFY_UPDATE start ioctl failed
E/PPDaemon(  347): MSMFB_NOTIFY_UPDATE start ioctl failed
E/PPDaemon(  347): MSMFB_NOTIFY_UPDATE start ioctl failed
E/PPDaemon(  347): MSMFB_NOTIFY_UPDATE start ioctl failed
E/PPDaemon(  347): MSMFB_NOTIFY_UPDATE start ioctl failed
E/PPDaemon(  347): MSMFB_NOTIFY_UPDATE start ioctl failed
E/PPDaemon(  347): MSMFB_NOTIFY_UPDATE start ioctl failed
E/PPDaemon(  347): MSMFB_NOTIFY_UPDATE start ioctl failed
E/PPDaemon(  347): MSMFB_NOTIFY_UPDATE start ioctl failed
E/PPDaemon(  347): MSMFB_NOTIFY_UPDATE start ioctl failed
E/PPDaemon(  347): MSMFB_NOTIFY_UPDATE start ioctl failed
E/PPDaemon(  347): MSMFB_NOTIFY_UPDATE start ioctl failed
E/PPDaemon(  347): MSMFB_NOTIFY_UPDATE start ioctl failed
E/PPDaemon(  347): MSMFB_NOTIFY_UPDATE start ioctl failed
E/PPDaemon(  347): MSMFB_NOTIFY_UPDATE start ioctl failed
E/PPDaemon(  347): MSMFB_NOTIFY_UPDATE start ioctl failed
E/PPDaemon(  347): MSMFB_NOTIFY_UPDATE start ioctl failed
E/PPDaemon(  347): MSMFB_NOTIFY_UPDATE start ioctl failed
E/PPDaemon(  347): MSMFB_NOTIFY_UPDATE start ioctl failed
E/PPDaemon(  347): MSMFB_NOTIFY_UPDATE start ioctl failed
E/PPDaemon(  347): MSMFB_NOTIFY_UPDATE start ioctl failed
E/PPDaemon(  347): MSMFB_NOTIFY_UPDATE start ioctl failed
E/PPDaemon(  347): MSMFB_NOTIFY_UPDATE start ioctl failed
E/PPDaemon(  347): MSMFB_NOTIFY_UPDATE start ioctl failed
E/PPDaemon(  347): MSMFB_NOTIFY_UPDATE start ioctl failed
E/PPDaemon(  347): MSMFB_NOTIFY_UPDATE start ioctl failed
E/PPDaemon(  347): MSMFB_NOTIFY_UPDATE start ioctl failed
E/PPDaemon(  347): MSMFB_NOTIFY_UPDATE start ioctl failed
E/PPDaemon(  347): MSMFB_NOTIFY_UPDATE start ioctl failed
E/PPDaemon(  347): MSMFB_NOTIFY_UPDATE start ioctl failed
E/PPDaemon(  347): MSMFB_NOTIFY_UPDATE start ioctl failed
E/PPDaemon(  347): MSMFB_NOTIFY_UPDATE start ioctl failed
E/PPDaemon(  347): MSMFB_NOTIFY_UPDATE start ioctl failed
E/PPDaemon(  347): MSMFB_NOTIFY_UPDATE start ioctl failed
E/PPDaemon(  347): MSMFB_NOTIFY_UPDATE start ioctl failed
E/PPDaemon(  347): MSMFB_NOTIFY_UPDATE start ioctl failed
E/PPDaemon(  347): MSMFB_NOTIFY_UPDATE start ioctl failed
E/PPDaemon(  347): MSMFB_NOTIFY_UPDATE start ioctl failed
E/PPDaemon(  347): MSMFB_NOTIFY_UPDATE start ioctl failed
E/PPDaemon(  347): MSMFB_NOTIFY_UPDATE start ioctl failed
E/PPDaemon(  347): MSMFB_NOTIFY_UPDATE start ioctl failed
E/PPDaemon(  347): MSMFB_NOTIFY_UPDATE start ioctl failed
E/PPDaemon(  347): MSMFB_NOTIFY_UPDATE start ioctl failed
E/PPDaemon(  347): MSMFB_NOTIFY_UPDATE start ioctl failed
E/PPDaemon(  347): MSMFB_NOTIFY_UPDATE start ioctl failed
E/PPDaemon(  347): MSMFB_NOTIFY_UPDATE start ioctl failed
E/PPDaemon(  347): MSMFB_NOTIFY_UPDATE start ioctl failed
E/PPDaemon(  347): MSMFB_NOTIFY_UPDATE start ioctl failed
E/PPDaemon(  347): MSMFB_NOTIFY_UPDATE start ioctl failed
E/PPDaemon(  347): MSMFB_NOTIFY_UPDATE start ioctl failed
E/PPDaemon(  347): MSMFB_NOTIFY_UPDATE start ioctl failed
E/PPDaemon(  347): MSMFB_NOTIFY_UPDATE start ioctl failed
E/PPDaemon(  347): MSMFB_NOTIFY_UPDATE start ioctl failed
E/PPDaemon(  347): MSMFB_NOTIFY_UPDATE start ioctl failed
E/PPDaemon(  347): MSMFB_NOTIFY_UPDATE start ioctl failed
E/PPDaemon(  347): MSMFB_NOTIFY_UPDATE start ioctl failed
E/PPDaemon(  347): MSMFB_NOTIFY_UPDATE start ioctl failed
E/PPDaemon(  347): MSMFB_NOTIFY_UPDATE start ioctl failed
E/PPDaemon(  347): MSMFB_NOTIFY_UPDATE start ioctl failed
E/PPDaemon(  347): MSMFB_NOTIFY_UPDATE start ioctl failed
E/PPDaemon(  347): MSMFB_NOTIFY_UPDATE start ioctl failed
E/PPDaemon(  347): MSMFB_NOTIFY_UPDATE start ioctl failed
E/PPDaemon(  347): MSMFB_NOTIFY_UPDATE start ioctl failed
E/PPDaemon(  347): MSMFB_NOTIFY_UPDATE start ioctl failed
E/PPDaemon(  347): MSMFB_NOTIFY_UPDATE start ioctl failed
E/PPDaemon(  347): MSMFB_NOTIFY_UPDATE start ioctl failed
E/PPDaemon(  347): MSMFB_NOTIFY_UPDATE start ioctl failed
E/PPDaemon(  347): MSMFB_NOTIFY_UPDATE start ioctl failed
E/PPDaemon(  347): MSMFB_NOTIFY_UPDATE start ioctl failed
E/PPDaemon(  347): MSMFB_NOTIFY_UPDATE start ioctl failed
E/PPDaemon(  347): MSMFB_NOTIFY_UPDATE start ioctl failed
E/PPDaemon(  347): MSMFB_NOTIFY_UPDATE start ioctl failed
E/PPDaemon(  347): MSMFB_NOTIFY_UPDATE start ioctl failed
E/PPDaemon(  347): MSMFB_NOTIFY_UPDATE start ioctl failed
E/PPDaemon(  347): MSMFB_NOTIFY_UPDATE start ioctl failed
E/PPDaemon(  347): MSMFB_NOTIFY_UPDATE start ioctl failed
E/PPDaemon(  347): MSMFB_NOTIFY_UPDATE start ioctl failed
E/PPDaemon(  347): MSMFB_NOTIFY_UPDATE start ioctl failed
E/PPDaemon(  347): MSMFB_NOTIFY_UPDATE start ioctl failed
E/PPDaemon(  347): MSMFB_NOTIFY_UPDATE start ioctl failed
E/PPDaemon(  347): MSMFB_NOTIFY_UPDATE start ioctl failed
E/PPDaemon(  347): MSMFB_NOTIFY_UPDATE start ioctl failed
E/PPDaemon(  347): MSMFB_NOTIFY_UPDATE start ioctl failed
E/PPDaemon(  347): MSMFB_NOTIFY_UPDATE start ioctl failed
E/PPDaemon(  347): MSMFB_NOTIFY_UPDATE start ioctl failed
E/PPDaemon(  347): MSMFB_NOTIFY_UPDATE start ioctl failed
E/PPDaemon(  347): MSMFB_NOTIFY_UPDATE start ioctl failed
E/PPDaemon(  347): MSMFB_NOTIFY_UPDATE start ioctl failed
E/PPDaemon(  347): MSMFB_NOTIFY_UPDATE start ioctl failed
E/PPDaemon(  347): MSMFB_NOTIFY_UPDATE start ioctl failed
E/PPDaemon(  347): MSMFB_NOTIFY_UPDATE start ioctl failed
E/PPDaemon(  347): MSMFB_NOTIFY_UPDATE start ioctl failed
E/PPDaemon(  347): MSMFB_NOTIFY_UPDATE start ioctl failed
E/PPDaemon(  347): MSMFB_NOTIFY_UPDATE start ioctl failed
E/PPDaemon(  347): MSMFB_NOTIFY_UPDATE start ioctl failed
E/PPDaemon(  347): MSMFB_NOTIFY_UPDATE start ioctl failed
E/PPDaemon(  347): MSMFB_NOTIFY_UPDATE start ioctl failed
E/PPDaemon(  347): MSMFB_NOTIFY_UPDATE start ioctl failed
E/PPDaemon(  347): MSMFB_NOTIFY_UPDATE start ioctl failed
E/PPDaemon(  347): MSMFB_NOTIFY_UPDATE start ioctl failed
E/PPDaemon(  347): MSMFB_NOTIFY_UPDATE start ioctl failed
E/PPDaemon(  347): MSMFB_NOTIFY_UPDATE start ioctl failed
E/PPDaemon(  347): MSMFB_NOTIFY_UPDATE start ioctl failed
E/PPDaemon(  347): MSMFB_NOTIFY_UPDATE start ioctl failed
E/PPDaemon(  347): MSMFB_NOTIFY_UPDATE start ioctl failed
E/PPDaemon(  347): MSMFB_NOTIFY_UPDATE start ioctl failed
E/PPDaemon(  347): MSMFB_NOTIFY_UPDATE start ioctl failed
E/PPDaemon(  347): MSMFB_NOTIFY_UPDATE start ioctl failed
E/PPDaemon(  347): MSMFB_NOTIFY_UPDATE start ioctl failed
E/PPDaemon(  347): MSMFB_NOTIFY_UPDATE start ioctl failed
E/PPDaemon(  347): MSMFB_NOTIFY_UPDATE start ioctl failed
E/PPDaemon(  347): MSMFB_NOTIFY_UPDATE start ioctl failed
E/PPDaemon(  347): MSMFB_NOTIFY_UPDATE start ioctl failed
E/PPDaemon(  347): MSMFB_NOTIFY_UPDATE start ioctl failed
E/PPDaemon(  347): MSMFB_NOTIFY_UPDATE start ioctl failed
E/PPDaemon(  347): MSMFB_NOTIFY_UPDATE start ioctl failed
E/PPDaemon(  347): MSMFB_NOTIFY_UPDATE start ioctl failed
E/PPDaemon(  347): MSMFB_NOTIFY_UPDATE start ioctl failed
E/PPDaemon(  347): MSMFB_NOTIFY_UPDATE start ioctl failed
E/PPDaemon(  347): MSMFB_NOTIFY_UPDATE start ioctl failed
E/PPDaemon(  347): MSMFB_NOTIFY_UPDATE start ioctl failed
E/PPDaemon(  347): MSMFB_NOTIFY_UPDATE start ioctl failed
E/PPDaemon(  347): MSMFB_NOTIFY_UPDATE start ioctl failed
E/PPDaemon(  347): MSMFB_NOTIFY_UPDATE start ioctl failed
E/PPDaemon(  347): MSMFB_NOTIFY_UPDATE start ioctl failed
E/PPDaemon(  347): MSMFB_NOTIFY_UPDATE start ioctl failed
E/PPDaemon(  347): MSMFB_NOTIFY_UPDATE start ioctl failed
E/PPDaemon(  347): MSMFB_NOTIFY_UPDATE start ioctl failed
E/qdoverlay(  260): Bad ov dump:  mdp_overlay z=0 alpha=255 mask=-1 flags=0x20000 id=-1
E/qdoverlay(  260): src msmfb_img w=736 h=1280 format=13 MDP_RGBA_8888
E/qdoverlay(  260): src_rect mdp_rect x=0 y=0 w=720 h=1280
E/qdoverlay(  260): dst_rect mdp_rect x=0 y=0 w=720 h=1280
E/PPDaemon(  347): MSMFB_NOTIFY_UPDATE start ioctl failed
E/PPDaemon(  347): MSMFB_NOTIFY_UPDATE start ioctl failed
E/PPDaemon(  347): MSMFB_NOTIFY_UPDATE start ioctl failed
E/PPDaemon(  347): MSMFB_NOTIFY_UPDATE start ioctl failed
E/PPDaemon(  347): MSMFB_NOTIFY_UPDATE start ioctl failed
E/PPDaemon(  347): MSMFB_NOTIFY_UPDATE start ioctl failed
E/PPDaemon(  347): MSMFB_NOTIFY_UPDATE start ioctl failed
E/PPDaemon(  347): MSMFB_NOTIFY_UPDATE start ioctl failed
E/PPDaemon(  347): MSMFB_NOTIFY_UPDATE start ioctl failed
E/PPDaemon(  347): MSMFB_NOTIFY_UPDATE start ioctl failed
E/PPDaemon(  347): MSMFB_NOTIFY_UPDATE start ioctl failed
E/PPDaemon(  347): MSMFB_NOTIFY_UPDATE start ioctl failed
E/PPDaemon(  347): MSMFB_NOTIFY_UPDATE start ioctl failed
E/PPDaemon(  347): MSMFB_NOTIFY_UPDATE start ioctl failed
E/PPDaemon(  347): MSMFB_NOTIFY_UPDATE start ioctl failed
E/PPDaemon(  347): MSMFB_NOTIFY_UPDATE start ioctl failed
E/qdhwcomposer(  260): hwc_sync: ioctl MSMFB_BUFFER_SYNC failed, err=Operation not permitted
E/PPDaemon(  347): MSMFB_NOTIFY_UPDATE start ioctl failed
E/PPDaemon(  347): MSMFB_NOTIFY_UPDATE start ioctl failed
E/qdhwcomposer(  260): hwc_sync: acq_fen_fd_cnt=1 flags=16 fd=13 dpy=0 numHwLayers=5
E/PPDaemon(  347): MSMFB_NOTIFY_UPDATE start ioctl failed
E/PPDaemon(  347): MSMFB_NOTIFY_UPDATE start ioctl failed
E/qdoverlay(  260): Failed to call ioctl MSMFB_DISPLAY_COMMIT err=Operation not permitted
E/PPDaemon(  347): MSMFB_NOTIFY_UPDATE start ioctl failed
E/qdoverlay(  260): static bool overlay::Overlay::displayCommit(const int&, const overlay::utils::Dim&, const overlay::utils::Dim&): commit failed
E/PPDaemon(  347): MSMFB_NOTIFY_UPDATE start ioctl failed
E/qdhwcomposer(  260): hwc_set_primary: display commit fail for 0 dpy!
E/PPDaemon(  347): MSMFB_NOTIFY_UPDATE start ioctl failed
E/PPDaemon(  347): MSMFB_NOTIFY_UPDATE start ioctl failed
E/PPDaemon(  347): MSMFB_NOTIFY_UPDATE start ioctl failed
E/PPDaemon(  347): MSMFB_NOTIFY_UPDATE start ioctl failed
E/PPDaemon(  347): MSMFB_NOTIFY_UPDATE start ioctl failed
E/PPDaemon(  347): MSMFB_NOTIFY_UPDATE start ioctl failed
E/PPDaemon(  347): MSMFB_NOTIFY_UPDATE start ioctl failed
E/PPDaemon(  347): MSMFB_NOTIFY_UPDATE start ioctl failed
E/PPDaemon(  347): MSMFB_NOTIFY_UPDATE start ioctl failed
E/PPDaemon(  347): MSMFB_NOTIFY_UPDATE start ioctl failed
E/PPDaemon(  347): MSMFB_NOTIFY_UPDATE start ioctl failed
E/PPDaemon(  347): MSMFB_NOTIFY_UPDATE start ioctl failed
E/PPDaemon(  347): MSMFB_NOTIFY_UPDATE start ioctl failed
E/PPDaemon(  347): MSMFB_NOTIFY_UPDATE start ioctl failed
E/PPDaemon(  347): MSMFB_NOTIFY_UPDATE start ioctl failed
E/PPDaemon(  347): MSMFB_NOTIFY_UPDATE start ioctl failed
E/PPDaemon(  347): MSMFB_NOTIFY_UPDATE start ioctl failed
E/PPDaemon(  347): MSMFB_NOTIFY_UPDATE start ioctl failed
E/PPDaemon(  347): MSMFB_NOTIFY_UPDATE start ioctl failed
E/PPDaemon(  347): MSMFB_NOTIFY_UPDATE start ioctl failed
E/PPDaemon(  347): MSMFB_NOTIFY_UPDATE start ioctl failed
E/PPDaemon(  347): MSMFB_NOTIFY_UPDATE start ioctl failed
E/PPDaemon(  347): MSMFB_NOTIFY_UPDATE start ioctl failed
E/PPDaemon(  347): MSMFB_NOTIFY_UPDATE start ioctl failed
E/PPDaemon(  347): MSMFB_NOTIFY_UPDATE start ioctl failed
E/PPDaemon(  347): MSMFB_NOTIFY_UPDATE start ioctl failed
E/PPDaemon(  347): MSMFB_NOTIFY_UPDATE start ioctl failed
E/PPDaemon(  347): MSMFB_NOTIFY_UPDATE start ioctl failed
E/PPDaemon(  347): MSMFB_NOTIFY_UPDATE start ioctl failed
E/PPDaemon(  347): MSMFB_NOTIFY_UPDATE start ioctl failed
E/PPDaemon(  347): MSMFB_NOTIFY_UPDATE start ioctl failed
E/PPDaemon(  347): MSMFB_NOTIFY_UPDATE start ioctl failed
E/PPDaemon(  347): MSMFB_NOTIFY_UPDATE start ioctl failed
E/PPDaemon(  347): MSMFB_NOTIFY_UPDATE start ioctl failed
E/PPDaemon(  347): MSMFB_NOTIFY_UPDATE start ioctl failed
E/PPDaemon(  347): MSMFB_NOTIFY_UPDATE start ioctl failed
E/PPDaemon(  347): MSMFB_NOTIFY_UPDATE start ioctl failed
E/PPDaemon(  347): MSMFB_NOTIFY_UPDATE start ioctl failed
E/PPDaemon(  347): MSMFB_NOTIFY_UPDATE start ioctl failed
E/PPDaemon(  347): MSMFB_NOTIFY_UPDATE start ioctl failed
E/PPDaemon(  347): MSMFB_NOTIFY_UPDATE start ioctl failed
E/PPDaemon(  347): MSMFB_NOTIFY_UPDATE start ioctl failed
E/PPDaemon(  347): MSMFB_NOTIFY_UPDATE start ioctl failed
E/PPDaemon(  347): MSMFB_NOTIFY_UPDATE start ioctl failed
E/PPDaemon(  347): MSMFB_NOTIFY_UPDATE start ioctl failed
E/PPDaemon(  347): MSMFB_NOTIFY_UPDATE start ioctl failed
E/PPDaemon(  347): MSMFB_NOTIFY_UPDATE start ioctl failed
E/PPDaemon(  347): MSMFB_NOTIFY_UPDATE start ioctl failed
E/PPDaemon(  347): MSMFB_NOTIFY_UPDATE start ioctl failed
E/PPDaemon(  347): MSMFB_NOTIFY_UPDATE start ioctl failed
E/PPDaemon(  347): MSMFB_NOTIFY_UPDATE start ioctl failed
E/PPDaemon(  347): MSMFB_NOTIFY_UPDATE start ioctl failed
E/PPDaemon(  347): MSMFB_NOTIFY_UPDATE start ioctl failed
E/PPDaemon(  347): MSMFB_NOTIFY_UPDATE start ioctl failed
E/PPDaemon(  347): MSMFB_NOTIFY_UPDATE start ioctl failed
E/PPDaemon(  347): MSMFB_NOTIFY_UPDATE start ioctl failed
E/PPDaemon(  347): MSMFB_NOTIFY_UPDATE start ioctl failed
E/PPDaemon(  347): MSMFB_NOTIFY_UPDATE start ioctl failed
E/PPDaemon(  347): MSMFB_NOTIFY_UPDATE start ioctl failed
E/PPDaemon(  347): MSMFB_NOTIFY_UPDATE start ioctl failed
E/PPDaemon(  347): MSMFB_NOTIFY_UPDATE start ioctl failed
E/PPDaemon(  347): MSMFB_NOTIFY_UPDATE start ioctl failed
E/PPDaemon(  347): MSMFB_NOTIFY_UPDATE start ioctl failed
E/PPDaemon(  347): MSMFB_NOTIFY_UPDATE start ioctl failed
E/PPDaemon(  347): MSMFB_NOTIFY_UPDATE start ioctl failed
E/PPDaemon(  347): MSMFB_NOTIFY_UPDATE start ioctl failed
E/PPDaemon(  347): MSMFB_NOTIFY_UPDATE start ioctl failed
E/PPDaemon(  347): MSMFB_NOTIFY_UPDATE start ioctl failed
E/PPDaemon(  347): MSMFB_NOTIFY_UPDATE start ioctl failed
E/PPDaemon(  347): MSMFB_NOTIFY_UPDATE start ioctl failed
E/PPDaemon(  347): MSMFB_NOTIFY_UPDATE start ioctl failed
E/PPDaemon(  347): MSMFB_NOTIFY_UPDATE start ioctl failed
E/PPDaemon(  347): MSMFB_NOTIFY_UPDATE start ioctl failed
E/PPDaemon(  347): MSMFB_NOTIFY_UPDATE start ioctl failed
E/PPDaemon(  347): MSMFB_NOTIFY_UPDATE start ioctl failed
E/PPDaemon(  347): MSMFB_NOTIFY_UPDATE start ioctl failed
E/PPDaemon(  347): MSMFB_NOTIFY_UPDATE start ioctl failed
E/PPDaemon(  347): MSMFB_NOTIFY_UPDATE start ioctl failed
E/PPDaemon(  347): MSMFB_NOTIFY_UPDATE start ioctl failed
E/PPDaemon(  347): MSMFB_NOTIFY_UPDATE start ioctl failed
E/PPDaemon(  347): MSMFB_NOTIFY_UPDATE start ioctl failed
E/PPDaemon(  347): MSMFB_NOTIFY_UPDATE start ioctl failed
E/PPDaemon(  347): MSMFB_NOTIFY_UPDATE start ioctl failed
E/PPDaemon(  347): MSMFB_NOTIFY_UPDATE start ioctl failed
E/PPDaemon(  347): MSMFB_NOTIFY_UPDATE start ioctl failed
E/PPDaemon(  347): MSMFB_NOTIFY_UPDATE start ioctl failed
E/PPDaemon(  347): MSMFB_NOTIFY_UPDATE start ioctl failed
E/PPDaemon(  347): MSMFB_NOTIFY_UPDATE start ioctl failed
E/PPDaemon(  347): MSMFB_NOTIFY_UPDATE start ioctl failed
E/PPDaemon(  347): MSMFB_NOTIFY_UPDATE start ioctl failed
E/PPDaemon(  347): MSMFB_NOTIFY_UPDATE start ioctl failed
E/PPDaemon(  347): MSMFB_NOTIFY_UPDATE start ioctl failed
E/PPDaemon(  347): MSMFB_NOTIFY_UPDATE start ioctl failed
E/PPDaemon(  347): MSMFB_NOTIFY_UPDATE start ioctl failed
E/PPDaemon(  347): MSMFB_NOTIFY_UPDATE start ioctl failed
E/PPDaemon(  347): MSMFB_NOTIFY_UPDATE start ioctl failed
E/PPDaemon(  347): MSMFB_NOTIFY_UPDATE start ioctl failed
E/PPDaemon(  347): MSMFB_NOTIFY_UPDATE start ioctl failed
E/PPDaemon(  347): MSMFB_NOTIFY_UPDATE start ioctl failed
E/PPDaemon(  347): MSMFB_NOTIFY_UPDATE start ioctl failed
E/PPDaemon(  347): MSMFB_NOTIFY_UPDATE start ioctl failed
E/PPDaemon(  347): MSMFB_NOTIFY_UPDATE start ioctl failed
E/PPDaemon(  347): MSMFB_NOTIFY_UPDATE start ioctl failed
E/PPDaemon(  347): MSMFB_NOTIFY_UPDATE start ioctl failed
E/PPDaemon(  347): MSMFB_NOTIFY_UPDATE start ioctl failed
E/PPDaemon(  347): MSMFB_NOTIFY_UPDATE start ioctl failed
E/PPDaemon(  347): MSMFB_NOTIFY_UPDATE start ioctl failed
E/PPDaemon(  347): MSMFB_NOTIFY_UPDATE start ioctl failed
E/PPDaemon(  347): MSMFB_NOTIFY_UPDATE start ioctl failed
E/PPDaemon(  347): MSMFB_NOTIFY_UPDATE start ioctl failed
E/PPDaemon(  347): MSMFB_NOTIFY_UPDATE start ioctl failed
E/PPDaemon(  347): MSMFB_NOTIFY_UPDATE start ioctl failed
E/PPDaemon(  347): MSMFB_NOTIFY_UPDATE start ioctl failed
E/PPDaemon(  347): MSMFB_NOTIFY_UPDATE start ioctl failed
E/PPDaemon(  347): MSMFB_NOTIFY_UPDATE start ioctl failed
E/PPDaemon(  347): MSMFB_NOTIFY_UPDATE start ioctl failed
E/PPDaemon(  347): MSMFB_NOTIFY_UPDATE start ioctl failed
E/PPDaemon(  347): MSMFB_NOTIFY_UPDATE start ioctl failed
E/PPDaemon(  347): MSMFB_NOTIFY_UPDATE start ioctl failed
E/PPDaemon(  347): MSMFB_NOTIFY_UPDATE start ioctl failed
E/PPDaemon(  347): MSMFB_NOTIFY_UPDATE start ioctl failed
E/PPDaemon(  347): MSMFB_NOTIFY_UPDATE start ioctl failed
E/PPDaemon(  347): MSMFB_NOTIFY_UPDATE start ioctl failed
E/PPDaemon(  347): MSMFB_NOTIFY_UPDATE start ioctl failed
E/PPDaemon(  347): MSMFB_NOTIFY_UPDATE start ioctl failed
E/PPDaemon(  347): MSMFB_NOTIFY_UPDATE start ioctl failed
E/PPDaemon(  347): MSMFB_NOTIFY_UPDATE start ioctl failed
E/qdoverlay(  260): Bad ov dump:  mdp_overlay z=0 alpha=255 mask=-1 flags=0x20000 id=-1
E/qdoverlay(  260): src msmfb_img w=736 h=1280 format=13 MDP_RGBA_8888
E/qdoverlay(  260): src_rect mdp_rect x=0 y=0 w=720 h=1280
E/qdoverlay(  260): dst_rect mdp_rect x=0 y=0 w=720 h=1280
E/qdhwcomposer(  260): hwc_sync: ioctl MSMFB_BUFFER_SYNC failed, err=Operation not permitted
E/qdhwcomposer(  260): hwc_sync: acq_fen_fd_cnt=1 flags=16 fd=13 dpy=0 numHwLayers=5
E/qdoverlay(  260): Failed to call ioctl MSMFB_DISPLAY_COMMIT err=Operation not permitted
E/qdoverlay(  260): static bool overlay::Overlay::displayCommit(const int&, const overlay::utils::Dim&, const overlay::utils::Dim&): commit failed
E/qdhwcomposer(  260): hwc_set_primary: display commit fail for 0 dpy!
E/PPDaemon(  347): MSMFB_NOTIFY_UPDATE start ioctl failed
E/PPDaemon(  347): MSMFB_NOTIFY_UPDATE start ioctl failed
E/PPDaemon(  347): MSMFB_NOTIFY_UPDATE start ioctl failed
E/PPDaemon(  347): MSMFB_NOTIFY_UPDATE start ioctl failed
E/PPDaemon(  347): MSMFB_NOTIFY_UPDATE start ioctl failed
E/PPDaemon(  347): MSMFB_NOTIFY_UPDATE start ioctl failed
E/PPDaemon(  347): MSMFB_NOTIFY_UPDATE start ioctl failed
E/PPDaemon(  347): MSMFB_NOTIFY_UPDATE start ioctl failed
E/PPDaemon(  347): MSMFB_NOTIFY_UPDATE start ioctl failed
E/PPDaemon(  347): MSMFB_NOTIFY_UPDATE start ioctl failed
E/PPDaemon(  347): MSMFB_NOTIFY_UPDATE start ioctl failed
E/PPDaemon(  347): MSMFB_NOTIFY_UPDATE start ioctl failed
E/PPDaemon(  347): MSMFB_NOTIFY_UPDATE start ioctl failed
E/PPDaemon(  347): MSMFB_NOTIFY_UPDATE start ioctl failed
E/PPDaemon(  347): MSMFB_NOTIFY_UPDATE start ioctl failed
E/PPDaemon(  347): MSMFB_NOTIFY_UPDATE start ioctl failed
E/PPDaemon(  347): MSMFB_NOTIFY_UPDATE start ioctl failed
E/PPDaemon(  347): MSMFB_NOTIFY_UPDATE start ioctl failed
E/PPDaemon(  347): MSMFB_NOTIFY_UPDATE start ioctl failed
E/PPDaemon(  347): MSMFB_NOTIFY_UPDATE start ioctl failed
E/PPDaemon(  347): MSMFB_NOTIFY_UPDATE start ioctl failed
E/PPDaemon(  347): MSMFB_NOTIFY_UPDATE start ioctl failed
E/PPDaemon(  347): MSMFB_NOTIFY_UPDATE start ioctl failed
E/PPDaemon(  347): MSMFB_NOTIFY_UPDATE start ioctl failed
E/PPDaemon(  347): MSMFB_NOTIFY_UPDATE start ioctl failed
E/PPDaemon(  347): MSMFB_NOTIFY_UPDATE start ioctl failed
E/PPDaemon(  347): MSMFB_NOTIFY_UPDATE start ioctl failed
E/PPDaemon(  347): MSMFB_NOTIFY_UPDATE start ioctl failed
E/PPDaemon(  347): MSMFB_NOTIFY_UPDATE start ioctl failed
E/PPDaemon(  347): MSMFB_NOTIFY_UPDATE start ioctl failed
E/PPDaemon(  347): MSMFB_NOTIFY_UPDATE start ioctl failed
E/PPDaemon(  347): MSMFB_NOTIFY_UPDATE start ioctl failed
E/PPDaemon(  347): MSMFB_NOTIFY_UPDATE start ioctl failed
E/PPDaemon(  347): MSMFB_NOTIFY_UPDATE start ioctl failed
E/PPDaemon(  347): MSMFB_NOTIFY_UPDATE start ioctl failed
E/PPDaemon(  347): MSMFB_NOTIFY_UPDATE start ioctl failed
E/PPDaemon(  347): MSMFB_NOTIFY_UPDATE start ioctl failed
E/PPDaemon(  347): MSMFB_NOTIFY_UPDATE start ioctl failed
E/PPDaemon(  347): MSMFB_NOTIFY_UPDATE start ioctl failed
E/PPDaemon(  347): MSMFB_NOTIFY_UPDATE start ioctl failed
E/PPDaemon(  347): MSMFB_NOTIFY_UPDATE start ioctl failed
E/PPDaemon(  347): MSMFB_NOTIFY_UPDATE start ioctl failed
E/PPDaemon(  347): MSMFB_NOTIFY_UPDATE start ioctl failed
E/PPDaemon(  347): MSMFB_NOTIFY_UPDATE start ioctl failed
E/PPDaemon(  347): MSMFB_NOTIFY_UPDATE start ioctl failed
E/PPDaemon(  347): MSMFB_NOTIFY_UPDATE start ioctl failed
E/PPDaemon(  347): MSMFB_NOTIFY_UPDATE start ioctl failed
E/PPDaemon(  347): MSMFB_NOTIFY_UPDATE start ioctl failed
E/PPDaemon(  347): MSMFB_NOTIFY_UPDATE start ioctl failed
E/PPDaemon(  347): MSMFB_NOTIFY_UPDATE start ioctl failed
E/PPDaemon(  347): MSMFB_NOTIFY_UPDATE start ioctl failed
E/PPDaemon(  347): MSMFB_NOTIFY_UPDATE start ioctl failed
E/PPDaemon(  347): MSMFB_NOTIFY_UPDATE start ioctl failed
E/PPDaemon(  347): MSMFB_NOTIFY_UPDATE start ioctl failed
E/PPDaemon(  347): MSMFB_NOTIFY_UPDATE start ioctl failed
E/PPDaemon(  347): MSMFB_NOTIFY_UPDATE start ioctl failed
E/PPDaemon(  347): MSMFB_NOTIFY_UPDATE start ioctl failed
E/PPDaemon(  347): MSMFB_NOTIFY_UPDATE start ioctl failed
E/PPDaemon(  347): MSMFB_NOTIFY_UPDATE start ioctl failed
E/PPDaemon(  347): MSMFB_NOTIFY_UPDATE start ioctl failed
E/PPDaemon(  347): MSMFB_NOTIFY_UPDATE start ioctl failed
E/PPDaemon(  347): MSMFB_NOTIFY_UPDATE start ioctl failed
E/PPDaemon(  347): MSMFB_NOTIFY_UPDATE start ioctl failed
E/PPDaemon(  347): MSMFB_NOTIFY_UPDATE start ioctl failed
E/PPDaemon(  347): MSMFB_NOTIFY_UPDATE start ioctl failed
E/PPDaemon(  347): MSMFB_NOTIFY_UPDATE start ioctl failed
E/PPDaemon(  347): MSMFB_NOTIFY_UPDATE start ioctl failed
E/PPDaemon(  347): MSMFB_NOTIFY_UPDATE start ioctl failed
E/PPDaemon(  347): MSMFB_NOTIFY_UPDATE start ioctl failed
E/PPDaemon(  347): MSMFB_NOTIFY_UPDATE start ioctl failed
E/PPDaemon(  347): MSMFB_NOTIFY_UPDATE start ioctl failed
E/PPDaemon(  347): MSMFB_NOTIFY_UPDATE start ioctl failed
E/PPDaemon(  347): MSMFB_NOTIFY_UPDATE start ioctl failed
E/PPDaemon(  347): MSMFB_NOTIFY_UPDATE start ioctl failed
E/PPDaemon(  347): MSMFB_NOTIFY_UPDATE start ioctl failed
E/PPDaemon(  347): MSMFB_NOTIFY_UPDATE start ioctl failed
E/PPDaemon(  347): MSMFB_NOTIFY_UPDATE start ioctl failed
E/PPDaemon(  347): MSMFB_NOTIFY_UPDATE start ioctl failed
E/PPDaemon(  347): MSMFB_NOTIFY_UPDATE start ioctl failed
E/PPDaemon(  347): MSMFB_NOTIFY_UPDATE start ioctl failed
E/PPDaemon(  347): MSMFB_NOTIFY_UPDATE start ioctl failed
E/PPDaemon(  347): MSMFB_NOTIFY_UPDATE start ioctl failed
E/PPDaemon(  347): MSMFB_NOTIFY_UPDATE start ioctl failed
E/PPDaemon(  347): MSMFB_NOTIFY_UPDATE start ioctl failed
E/PPDaemon(  347): MSMFB_NOTIFY_UPDATE start ioctl failed
E/PPDaemon(  347): MSMFB_NOTIFY_UPDATE start ioctl failed
E/PPDaemon(  347): MSMFB_NOTIFY_UPDATE start ioctl failed
E/PPDaemon(  347): MSMFB_NOTIFY_UPDATE start ioctl failed
E/PPDaemon(  347): MSMFB_NOTIFY_UPDATE start ioctl failed
E/PPDaemon(  347): MSMFB_NOTIFY_UPDATE start ioctl failed
E/PPDaemon(  347): MSMFB_NOTIFY_UPDATE start ioctl failed
E/PPDaemon(  347): MSMFB_NOTIFY_UPDATE start ioctl failed
E/PPDaemon(  347): MSMFB_NOTIFY_UPDATE start ioctl failed
E/PPDaemon(  347): MSMFB_NOTIFY_UPDATE start ioctl failed
E/PPDaemon(  347): MSMFB_NOTIFY_UPDATE start ioctl failed
E/PPDaemon(  347): MSMFB_NOTIFY_UPDATE start ioctl failed
E/PPDaemon(  347): MSMFB_NOTIFY_UPDATE start ioctl failed
E/PPDaemon(  347): MSMFB_NOTIFY_UPDATE start ioctl failed
E/PPDaemon(  347): MSMFB_NOTIFY_UPDATE start ioctl failed
E/PPDaemon(  347): MSMFB_NOTIFY_UPDATE start ioctl failed
E/PPDaemon(  347): MSMFB_NOTIFY_UPDATE start ioctl failed
E/PPDaemon(  347): MSMFB_NOTIFY_UPDATE start ioctl failed
E/PPDaemon(  347): MSMFB_NOTIFY_UPDATE start ioctl failed
E/PPDaemon(  347): MSMFB_NOTIFY_UPDATE start ioctl failed
E/PPDaemon(  347): MSMFB_NOTIFY_UPDATE start ioctl failed
E/PPDaemon(  347): MSMFB_NOTIFY_UPDATE start ioctl failed
E/PPDaemon(  347): MSMFB_NOTIFY_UPDATE start ioctl failed
E/PPDaemon(  347): MSMFB_NOTIFY_UPDATE start ioctl failed
E/PPDaemon(  347): MSMFB_NOTIFY_UPDATE start ioctl failed
E/PPDaemon(  347): MSMFB_NOTIFY_UPDATE start ioctl failed
E/PPDaemon(  347): MSMFB_NOTIFY_UPDATE start ioctl failed
E/PPDaemon(  347): MSMFB_NOTIFY_UPDATE start ioctl failed
E/PPDaemon(  347): MSMFB_NOTIFY_UPDATE start ioctl failed
E/PPDaemon(  347): MSMFB_NOTIFY_UPDATE start ioctl failed
E/PPDaemon(  347): MSMFB_NOTIFY_UPDATE start ioctl failed
E/PPDaemon(  347): MSMFB_NOTIFY_UPDATE start ioctl failed
E/PPDaemon(  347): MSMFB_NOTIFY_UPDATE start ioctl failed
E/PPDaemon(  347): MSMFB_NOTIFY_UPDATE start ioctl failed
E/PPDaemon(  347): MSMFB_NOTIFY_UPDATE start ioctl failed
E/PPDaemon(  347): MSMFB_NOTIFY_UPDATE start ioctl failed
E/PPDaemon(  347): MSMFB_NOTIFY_UPDATE start ioctl failed
E/PPDaemon(  347): MSMFB_NOTIFY_UPDATE start ioctl failed
E/PPDaemon(  347): MSMFB_NOTIFY_UPDATE start ioctl failed
E/PPDaemon(  347): MSMFB_NOTIFY_UPDATE start ioctl failed
E/PPDaemon(  347): MSMFB_NOTIFY_UPDATE start ioctl failed
E/PPDaemon(  347): MSMFB_NOTIFY_UPDATE start ioctl failed
E/PPDaemon(  347): MSMFB_NOTIFY_UPDATE start ioctl failed
E/PPDaemon(  347): MSMFB_NOTIFY_UPDATE start ioctl failed
E/PPDaemon(  347): MSMFB_NOTIFY_UPDATE start ioctl failed
E/PPDaemon(  347): MSMFB_NOTIFY_UPDATE start ioctl failed
E/PPDaemon(  347): MSMFB_NOTIFY_UPDATE start ioctl failed
E/PPDaemon(  347): MSMFB_NOTIFY_UPDATE start ioctl failed
E/PPDaemon(  347): MSMFB_NOTIFY_UPDATE start ioctl failed
E/PPDaemon(  347): MSMFB_NOTIFY_UPDATE start ioctl failed
E/PPDaemon(  347): MSMFB_NOTIFY_UPDATE start ioctl failed
E/PPDaemon(  347): MSMFB_NOTIFY_UPDATE start ioctl failed
E/PPDaemon(  347): MSMFB_NOTIFY_UPDATE start ioctl failed
E/PPDaemon(  347): MSMFB_NOTIFY_UPDATE start ioctl failed
E/PPDaemon(  347): MSMFB_NOTIFY_UPDATE start ioctl failed
E/PPDaemon(  347): MSMFB_NOTIFY_UPDATE start ioctl failed
E/PPDaemon(  347): MSMFB_NOTIFY_UPDATE start ioctl failed
E/PPDaemon(  347): MSMFB_NOTIFY_UPDATE start ioctl failed
E/PPDaemon(  347): MSMFB_NOTIFY_UPDATE start ioctl failed
E/PPDaemon(  347): MSMFB_NOTIFY_UPDATE start ioctl failed
E/PPDaemon(  347): MSMFB_NOTIFY_UPDATE start ioctl failed
E/PPDaemon(  347): MSMFB_NOTIFY_UPDATE start ioctl failed
E/PPDaemon(  347): MSMFB_NOTIFY_UPDATE start ioctl failed
E/PPDaemon(  347): MSMFB_NOTIFY_UPDATE start ioctl failed
E/PPDaemon(  347): MSMFB_NOTIFY_UPDATE start ioctl failed
E/PPDaemon(  347): MSMFB_NOTIFY_UPDATE start ioctl failed
E/PPDaemon(  347): MSMFB_NOTIFY_UPDATE start ioctl failed
E/PPDaemon(  347): MSMFB_NOTIFY_UPDATE start ioctl failed
E/PPDaemon(  347): MSMFB_NOTIFY_UPDATE start ioctl failed
E/PPDaemon(  347): MSMFB_NOTIFY_UPDATE start ioctl failed
E/PPDaemon(  347): MSMFB_NOTIFY_UPDATE start ioctl failed
E/PPDaemon(  347): MSMFB_NOTIFY_UPDATE start ioctl failed
E/PPDaemon(  347): MSMFB_NOTIFY_UPDATE start ioctl failed
E/PPDaemon(  347): MSMFB_NOTIFY_UPDATE start ioctl failed
E/PPDaemon(  347): MSMFB_NOTIFY_UPDATE start ioctl failed
E/PPDaemon(  347): MSMFB_NOTIFY_UPDATE start ioctl failed
E/PPDaemon(  347): MSMFB_NOTIFY_UPDATE start ioctl failed
E/PPDaemon(  347): MSMFB_NOTIFY_UPDATE start ioctl failed
E/PPDaemon(  347): MSMFB_NOTIFY_UPDATE start ioctl failed
E/PPDaemon(  347): MSMFB_NOTIFY_UPDATE start ioctl failed
E/PPDaemon(  347): MSMFB_NOTIFY_UPDATE start ioctl failed
E/PPDaemon(  347): MSMFB_NOTIFY_UPDATE start ioctl failed
E/PPDaemon(  347): MSMFB_NOTIFY_UPDATE start ioctl failed
E/PPDaemon(  347): MSMFB_NOTIFY_UPDATE start ioctl failed
E/PPDaemon(  347): MSMFB_NOTIFY_UPDATE start ioctl failed
E/PPDaemon(  347): MSMFB_NOTIFY_UPDATE start ioctl failed
E/PPDaemon(  347): MSMFB_NOTIFY_UPDATE start ioctl failed
E/PPDaemon(  347): MSMFB_NOTIFY_UPDATE start ioctl failed
E/PPDaemon(  347): MSMFB_NOTIFY_UPDATE start ioctl failed
E/PPDaemon(  347): MSMFB_NOTIFY_UPDATE start ioctl failed
E/PPDaemon(  347): MSMFB_NOTIFY_UPDATE start ioctl failed
E/PPDaemon(  347): MSMFB_NOTIFY_UPDATE start ioctl failed
E/PPDaemon(  347): MSMFB_NOTIFY_UPDATE start ioctl failed
E/PPDaemon(  347): MSMFB_NOTIFY_UPDATE start ioctl failed
E/PPDaemon(  347): MSMFB_NOTIFY_UPDATE start ioctl failed
E/PPDaemon(  347): MSMFB_NOTIFY_UPDATE start ioctl failed
E/PPDaemon(  347): MSMFB_NOTIFY_UPDATE start ioctl failed
E/PPDaemon(  347): MSMFB_NOTIFY_UPDATE start ioctl failed
E/PPDaemon(  347): MSMFB_NOTIFY_UPDATE start ioctl failed
E/PPDaemon(  347): MSMFB_NOTIFY_UPDATE start ioctl failed
E/PPDaemon(  347): MSMFB_NOTIFY_UPDATE start ioctl failed
E/PPDaemon(  347): MSMFB_NOTIFY_UPDATE start ioctl failed
E/PPDaemon(  347): MSMFB_NOTIFY_UPDATE start ioctl failed
E/PPDaemon(  347): MSMFB_NOTIFY_UPDATE start ioctl failed
E/PPDaemon(  347): MSMFB_NOTIFY_UPDATE start ioctl failed
E/PPDaemon(  347): MSMFB_NOTIFY_UPDATE start ioctl failed
E/PPDaemon(  347): MSMFB_NOTIFY_UPDATE start ioctl failed
E/PPDaemon(  347): MSMFB_NOTIFY_UPDATE start ioctl failed
E/PPDaemon(  347): MSMFB_NOTIFY_UPDATE start ioctl failed
E/PPDaemon(  347): MSMFB_NOTIFY_UPDATE start ioctl failed
E/PPDaemon(  347): MSMFB_NOTIFY_UPDATE start ioctl failed
E/PPDaemon(  347): MSMFB_NOTIFY_UPDATE start ioctl failed
E/PPDaemon(  347): MSMFB_NOTIFY_UPDATE start ioctl failed
E/PPDaemon(  347): MSMFB_NOTIFY_UPDATE start ioctl failed
E/PPDaemon(  347): MSMFB_NOTIFY_UPDATE start ioctl failed
E/PPDaemon(  347): MSMFB_NOTIFY_UPDATE start ioctl failed
E/PPDaemon(  347): MSMFB_NOTIFY_UPDATE start ioctl failed
E/PPDaemon(  347): MSMFB_NOTIFY_UPDATE start ioctl failed
E/PPDaemon(  347): MSMFB_NOTIFY_UPDATE start ioctl failed
E/PPDaemon(  347): MSMFB_NOTIFY_UPDATE start ioctl failed
E/PPDaemon(  347): MSMFB_NOTIFY_UPDATE start ioctl failed
E/PPDaemon(  347): MSMFB_NOTIFY_UPDATE start ioctl failed
E/PPDaemon(  347): MSMFB_NOTIFY_UPDATE start ioctl failed
E/PPDaemon(  347): MSMFB_NOTIFY_UPDATE start ioctl failed
E/PPDaemon(  347): MSMFB_NOTIFY_UPDATE start ioctl failed
E/PPDaemon(  347): MSMFB_NOTIFY_UPDATE start ioctl failed
E/PPDaemon(  347): MSMFB_NOTIFY_UPDATE start ioctl failed
E/PPDaemon(  347): MSMFB_NOTIFY_UPDATE start ioctl failed
E/PPDaemon(  347): MSMFB_NOTIFY_UPDATE start ioctl failed
E/PPDaemon(  347): MSMFB_NOTIFY_UPDATE start ioctl failed
E/PPDaemon(  347): MSMFB_NOTIFY_UPDATE start ioctl failed
E/PPDaemon(  347): MSMFB_NOTIFY_UPDATE start ioctl failed
E/PPDaemon(  347): MSMFB_NOTIFY_UPDATE start ioctl failed
E/PPDaemon(  347): MSMFB_NOTIFY_UPDATE start ioctl failed
E/PPDaemon(  347): MSMFB_NOTIFY_UPDATE start ioctl failed
E/PPDaemon(  347): MSMFB_NOTIFY_UPDATE start ioctl failed
E/PPDaemon(  347): MSMFB_NOTIFY_UPDATE start ioctl failed
E/PPDaemon(  347): MSMFB_NOTIFY_UPDATE start ioctl failed
E/PPDaemon(  347): MSMFB_NOTIFY_UPDATE start ioctl failed
E/PPDaemon(  347): MSMFB_NOTIFY_UPDATE start ioctl failed
E/qdoverlay(  260): Bad ov dump:  mdp_overlay z=0 alpha=255 mask=-1 flags=0x20000 id=-1
E/qdoverlay(  260): src msmfb_img w=736 h=1280 format=13 MDP_RGBA_8888
E/qdoverlay(  260): src_rect mdp_rect x=0 y=0 w=720 h=1280
E/qdoverlay(  260): dst_rect mdp_rect x=0 y=0 w=720 h=1280
E/qdhwcomposer(  260): hwc_sync: ioctl MSMFB_BUFFER_SYNC failed, err=Operation not permitted
E/qdhwcomposer(  260): hwc_sync: acq_fen_fd_cnt=1 flags=16 fd=13 dpy=0 numHwLayers=5
E/qdoverlay(  260): Failed to call ioctl MSMFB_DISPLAY_COMMIT err=Operation not permitted
E/qdoverlay(  260): static bool overlay::Overlay::displayCommit(const int&, const overlay::utils::Dim&, const overlay::utils::Dim&): commit failed
E/qdhwcomposer(  260): hwc_set_primary: display commit fail for 0 dpy!
E/PPDaemon(  347): MSMFB_NOTIFY_UPDATE start ioctl failed
E/AudioPolicyManager(  303): unknown stream type 13
E/AudioPolicyManager(  303): unknown stream type 13
E/AudioPolicyManager(  303): unknown stream type 13
E/AudioPolicyManager(  303): unknown stream type 13
E/AudioPolicyManager(  303): unknown stream type 13
E/AudioPolicyManager(  303): unknown stream type 13
E/AudioPolicyManager(  303): unknown stream type 13
E/AudioPolicyManager(  303): unknown stream type 13
E/AudioPolicyManager(  303): unknown stream type 13
E/AudioPolicyManager(  303): unknown stream type 13
E/AudioPolicyManager(  303): unknown stream type 13
E/AudioPolicyManager(  303): unknown stream type 13
E/AudioPolicyManager(  303): unknown stream type 13
E/AudioPolicyManager(  303): unknown stream type 13
E/AudioPolicyManager(  303): unknown stream type 13
E/AudioPolicyManager(  303): unknown stream type 13
E/AudioPolicyManager(  303): unknown stream type 13
E/AudioPolicyManager(  303): unknown stream type 13
E/AudioPolicyManager(  303): unknown stream type 13
I/WindowManager(  759): Win Window{25b4575f u0 android}: isVisibleOrBehindKeyguardLw=true
I/WindowManager(  759): Win Window{38e045e0 u0 StatusBar}: isVisibleOrBehindKeyguardLw=true
I/WindowManager(  759): Win Window{5712199 u0 Toast}: isVisibleOrBehindKeyguardLw=false
I/WindowManager(  759): Win Window{3d0e02fa u0 com.interswitchng.interswitchpossdkdemo.telpo.v2.debug/com.interswitchng.smartpos.modules.main.MainActivity}: isVisibleOrBehindKeyguardLw=true
V/WindowManager(  759): Fullscreen window: Window{3d0e02fa u0 com.interswitchng.interswitchpossdkdemo.telpo.v2.debug/com.interswitchng.smartpos.modules.main.MainActivity}
I/WindowManager(  759): Win Window{1d6ae551 u0 com.android.phasebeam.PhaseBeamWallpaper}: isVisibleOrBehindKeyguardLw=false
I/WindowManager(  759): force=false forcefkg=false top=Window{3d0e02fa u0 com.interswitchng.interswitchpossdkdemo.telpo.v2.debug/com.interswitchng.smartpos.modules.main.MainActivity}
D/WindowManager(  759): frame: Rect(0, 0 - 720, 1280) shown frame: RectF(0.0, 0.0, 720.0, 1280.0)
D/WindowManager(  759): attr: WM.LayoutParams{(0,0)(fillxfill) sim=#20 ty=1 fl=#81810100 wanim=0x1030467 vsysui=0x600 surfaceInsets=Rect(0, 0 - 0, 0) needsMenuKey=2} lp.flags=0x81810100
V/WindowManager(  759): ** SHOWING status bar: top is not fullscreen
V/WindowManager(  759): finishPostLayoutPolicyLw: mHideKeyguard=false
I/WindowManager(  759): mDock rect: (0,0 - 720,1280)
V/WindowManager(  759): Status bar: dock=[0,50][720,1280] content=[0,50][720,1280] cur=[0,50][720,1280]
V/WindowManager(  759): layoutWindowLw(): normal window
V/WindowManager(  759): Compute frame : sim=#20 attach=null type=2015 flags=0x01000018 pf=[0,50][720,1280] df=[0,50][720,1280] of=[0,50][720,1280] cf=[0,50][720,1280] vf=[0,50][720,1280] dcf=[0,0][720,1280] sf=[0,50][720,1280]
V/WindowManager(  759): layoutWindowLw(com.interswitchng.interswitchpossdkdemo.telpo.v2.debug/com.interswitchng.smartpos.modules.main.MainActivity): IN_SCREEN, INSET_DECOR
V/WindowManager(  759): Compute frame com.interswitchng.interswitchpossdkdemo.telpo.v2.debug/com.interswitchng.smartpos.modules.main.MainActivity: sim=#20 attach=null type=1 flags=0x81810100 pf=[0,0][720,1280] df=[0,0][720,1280] of=[0,0][720,1280] cf=[0,50][720,1280] vf=[0,50][720,1280] dcf=[0,0][720,1280] sf=[0,50][720,1280]
I/WindowManager(  759): Win Window{25b4575f u0 android}: isVisibleOrBehindKeyguardLw=true
I/WindowManager(  759): Win Window{38e045e0 u0 StatusBar}: isVisibleOrBehindKeyguardLw=true
I/WindowManager(  759): Win Window{3d0e02fa u0 com.interswitchng.interswitchpossdkdemo.telpo.v2.debug/com.interswitchng.smartpos.modules.main.MainActivity}: isVisibleOrBehindKeyguardLw=true
V/WindowManager(  759): Fullscreen window: Window{3d0e02fa u0 com.interswitchng.interswitchpossdkdemo.telpo.v2.debug/com.interswitchng.smartpos.modules.main.MainActivity}
I/WindowManager(  759): Win Window{1d6ae551 u0 com.android.phasebeam.PhaseBeamWallpaper}: isVisibleOrBehindKeyguardLw=false
I/WindowManager(  759): force=false forcefkg=false top=Window{3d0e02fa u0 com.interswitchng.interswitchpossdkdemo.telpo.v2.debug/com.interswitchng.smartpos.modules.main.MainActivity}
D/WindowManager(  759): frame: Rect(0, 0 - 720, 1280) shown frame: RectF(0.0, 0.0, 720.0, 1280.0)
D/WindowManager(  759): attr: WM.LayoutParams{(0,0)(fillxfill) sim=#20 ty=1 fl=#81810100 wanim=0x1030467 vsysui=0x600 surfaceInsets=Rect(0, 0 - 0, 0) needsMenuKey=2} lp.flags=0x81810100
V/WindowManager(  759): ** SHOWING status bar: top is not fullscreen
V/WindowManager(  759): finishPostLayoutPolicyLw: mHideKeyguard=false
D/telpo_native(  759): usb_printer_write data start!
D/telpo_native(  759): usb_printer_write start!
E/telpo_native(  759): ret = 25
D/telpo_native(  759): handle_emv_serial_read_write_cmd: usb write length = 25
E/telpo_native(  759): serial_read:start read
E/telpo_native(  759): serial_read:serial_read read_size = 0
D/telpo_native(  759): handle_emv_serial_read_write_cmd: usb_printer_read length = 20
I/telpo_native(  759): 0b
I/telpo_native(  759): b0
I/telpo_native(  759): 96
I/telpo_native(  759): 69
I/telpo_native(  759): 04
I/telpo_native(  759): 00
I/telpo_native(  759): 00
I/telpo_native(  759): 00
I/telpo_native(  759): 42
I/telpo_native(  759): 00
I/telpo_native(  759): 04
I/telpo_native(  759): 01
I/telpo_native(  759): 00
I/telpo_native(  759): 00
I/telpo_native(  759): 00
I/telpo_native(  759): 00
I/telpo_native(  759): 00
I/telpo_native(  759): 00
I/telpo_native(  759): 00
I/telpo_native(  759): 00
I/telpo_native(  759): 
D/telpo_native(  759): handle_emv_serial_read_write_cmd: parse successfully!
