D/StatusBar.MSimNetworkController( 3026): refreshViews connected={ wifi } level=0 mMSimcombinedSignalIconId=0x7f020350/com.android.systemui:drawable/stat_sys_wifi_signal_3_fully mMSimcombinedActivityIconId=0x0 mAirplaneMode=false mMSimDataActivity=0 mMSimPhoneSignalIconId=0x7f020339/com.android.systemui:drawable/stat_sys_signal_null mMSimDataDirectionIconId=0x0 mMSimDataSignalIconId=0x7f020339 mMSimDataTypeIconId=0x0/(null) mNoMSimIconId=0x7f02009a/com.android.systemui:drawable/ic_qs_no_sim mMSimMobileActivityIconId=0x0/(null) mWifiIconId=0x7f020350 mBluetoothTetherIconId=0x10806a2
D/MSimSignalClusterView( 3026): wifi: VISIBLE sig=2130838352 act=0
D/MSimSignalClusterView( 3026): mobile[0]: VISIBLE sig=2130838329 type=0
D/MSimSignalClusterView( 3026): wifi: VISIBLE sig=2130838352 act=0
D/MSimSignalClusterView( 3026): mobile[1]: VISIBLE sig=2130838329 type=0
D/MSimSignalClusterView( 3026): wifi: VISIBLE sig=2130838352 act=0
D/MSimSignalClusterView( 3026): mobile[0]: VISIBLE sig=2130838329 type=0
D/MSimSignalClusterView( 3026): wifi: VISIBLE sig=2130838352 act=0
D/MSimSignalClusterView( 3026): mobile[0]: VISIBLE sig=2130838329 type=0
D/MSimSignalClusterView( 3026): wifi: VISIBLE sig=2130838352 act=0
D/ConnectivityService(  751): Adding Route [0.0.0.0/0 -> 192.168.1.1 wlan0] to network 101
D/MSimSignalClusterView( 3026): mobile[0]: VISIBLE sig=2130838329 type=0
D/MSimSignalClusterView( 3026): wifi: VISIBLE sig=2130838352 act=0
D/MSimSignalClusterView( 3026): mobile[1]: VISIBLE sig=2130838329 type=0
D/StatusBar.MSimNetworkController( 3026): refreshSignalCluster, mMSimPhoneSignalIconId[0]=com.android.systemui:drawable/stat_sys_signal_null mMSimDataSignalIconId[0]=com.android.systemui:drawable/stat_sys_signal_null mMSimDataTypeIconId[0]=(null) mMSimMobileActivityIconId[0]=(null) mNoMSimIconId[0]=com.android.systemui:drawable/ic_qs_no_sim
D/MSimSignalClusterView( 3026): wifi: VISIBLE sig=2130838352 act=0
D/MSimSignalClusterView( 3026): mobile[0]: VISIBLE sig=2130838329 type=0
D/MSimSignalClusterView( 3026): wifi: VISIBLE sig=2130838352 act=0
D/MSimSignalClusterView( 3026): mobile[1]: VISIBLE sig=2130838329 type=0
D/MSimSignalClusterView( 3026): wifi: VISIBLE sig=2130838352 act=0
D/MSimSignalClusterView( 3026): mobile[0]: VISIBLE sig=2130838329 type=0
D/MSimSignalClusterView( 3026): wifi: VISIBLE sig=2130838352 act=0
D/MSimSignalClusterView( 3026): mobile[0]: VISIBLE sig=2130838329 type=0
D/MSimSignalClusterView( 3026): wifi: VISIBLE sig=2130838352 act=0
D/MSimSignalClusterView( 3026): mobile[0]: VISIBLE sig=2130838329 type=0
D/MSimSignalClusterView( 3026): wifi: VISIBLE sig=2130838352 act=0
D/ConnectivityService(  751): Setting Dns servers for network 101 to [/192.168.1.1]
D/MSimSignalClusterView( 3026): mobile[1]: VISIBLE sig=2130838329 type=0
D/StatusBar.MSimNetworkController( 3026): refreshSignalCluster, mMSimPhoneSignalIconId[0]=com.android.systemui:drawable/stat_sys_signal_null mMSimDataSignalIconId[0]=com.android.systemui:drawable/stat_sys_signal_null mMSimDataTypeIconId[0]=(null) mMSimMobileActivityIconId[0]=(null) mNoMSimIconId[0]=com.android.systemui:drawable/ic_qs_no_sim
D/MSimSignalClusterView( 3026): wifi: VISIBLE sig=2130838352 act=0
D/MSimSignalClusterView( 3026): mobile[0]: VISIBLE sig=2130838329 type=0
D/MSimSignalClusterView( 3026): wifi: VISIBLE sig=2130838352 act=0
D/MSimSignalClusterView( 3026): mobile[1]: VISIBLE sig=2130838329 type=0
D/MSimSignalClusterView( 3026): wifi: VISIBLE sig=2130838352 act=0
D/MSimSignalClusterView( 3026): mobile[0]: VISIBLE sig=2130838329 type=0
D/MSimSignalClusterView( 3026): wifi: VISIBLE sig=2130838352 act=0
D/MSimSignalClusterView( 3026): mobile[0]: VISIBLE sig=2130838329 type=0
D/MSimSignalClusterView( 3026): wifi: VISIBLE sig=2130838352 act=0
D/MSimSignalClusterView( 3026): mobile[0]: VISIBLE sig=2130838329 type=0
D/MSimSignalClusterView( 3026): wifi: VISIBLE sig=2130838352 act=0
D/MSimSignalClusterView( 3026): mobile[1]: VISIBLE sig=2130838329 type=0
D/StatusBar.MSimNetworkController( 3026): refreshSignalCluster, mMSimPhoneSignalIconId[0]=com.android.systemui:drawable/stat_sys_signal_null mMSimDataSignalIconId[0]=com.android.systemui:drawable/stat_sys_signal_null mMSimDataTypeIconId[0]=(null) mMSimMobileActivityIconId[0]=(null) mNoMSimIconId[0]=com.android.systemui:drawable/ic_qs_no_sim
D/MSimSignalClusterView( 3026): wifi: VISIBLE sig=2130838352 act=0
D/MSimSignalClusterView( 3026): mobile[0]: VISIBLE sig=2130838329 type=0
D/MSimSignalClusterView( 3026): wifi: VISIBLE sig=2130838352 act=0
D/MSimSignalClusterView( 3026): mobile[1]: VISIBLE sig=2130838329 type=0
D/MSimSignalClusterView( 3026): wifi: VISIBLE sig=2130838352 act=0
D/MSimSignalClusterView( 3026): mobile[0]: VISIBLE sig=2130838329 type=0
D/MSimSignalClusterView( 3026): wifi: VISIBLE sig=2130838352 act=0
D/MSimSignalClusterView( 3026): mobile[0]: VISIBLE sig=2130838329 type=0
D/MSimSignalClusterView( 3026): wifi: VISIBLE sig=2130838352 act=0
D/MSimSignalClusterView( 3026): mobile[0]: VISIBLE sig=2130838329 type=0
D/MSimSignalClusterView( 3026): wifi: VISIBLE sig=2130838352 act=0
D/MSimSignalClusterView( 3026): mobile[1]: VISIBLE sig=2130838329 type=0
D/StatusBar.MSimNetworkController( 3026): refreshSignalCluster, mMSimPhoneSignalIconId[0]=com.android.systemui:drawable/stat_sys_signal_null mMSimDataSignalIconId[0]=com.android.systemui:drawable/stat_sys_signal_null mMSimDataTypeIconId[0]=(null) mMSimMobileActivityIconId[0]=(null) mNoMSimIconId[0]=com.android.systemui:drawable/ic_qs_no_sim
D/ConnectivityService(  751): notifyType IP_CHANGED for NetworkAgentInfo [WIFI () - 101]
D/ConnectivityService(  751): notifyType PRECHECK for NetworkAgentInfo [WIFI () - 101]
D/ConnectivityService(  751): rematching NetworkAgentInfo [WIFI () - 101]
D/ConnectivityService(  751):    accepting network in place of null
D/NetworkMonitor/NetworkAgentInfo [WIFI () - 101](  751): DefaultState{ when=0 what=532481 target=com.android.internal.util.StateMachine$SmHandler }
D/NetworkMonitor/NetworkAgentInfo [WIFI () - 101](  751): Connected
D/NetworkMonitor/NetworkAgentInfo [WIFI () - 101](  751): EvaluatingState{ when=0 what=532486 arg1=1 target=com.android.internal.util.StateMachine$SmHandler }
D/NetworkMonitor/NetworkAgentInfo [WIFI () - 101](  751): Validated
D/ConnectivityService(  751): Switching to new default network: NetworkAgentInfo{ ni{[type: WIFI[], state: CONNECTED/CONNECTED, reason: (unspecified), extra: "Swift-LTE-0B6B", roaming: false, failover: false, isAvailable: true, isConnectedToProvisioningNetwork: false]}  network{101}  lp{{InterfaceName: wlan0 LinkAddresses: [192.168.1.106/24,fe80::20a:f5ff:fe80:484/64,]  Routes: [fe80::/64 -> :: wlan0,192.168.1.0/24 -> 0.0.0.0 wlan0,0.0.0.0/0 -> 192.168.1.1 wlan0,] DnsAddresses: [192.168.1.1,] Domains:  MTU: 0 TcpBufferSizes: 524288,1048576,2097152,262144,524288,1048576}}  nc{[ Transports: WIFI Capabilities: INTERNET&NOT_RESTRICTED&TRUSTED&NOT_VPN LinkUpBandwidth>=1048576Kbps LinkDnBandwidth>=1048576Kbps]}  Score{20}  everValidated{false}  lastValidated{false}  created{true}  explicitlySelected{false} }
D/ConnectivityService(  751): notifyType AVAILABLE for NetworkAgentInfo [WIFI () - 101]
D/ConnectivityManager.CallbackHandler( 3026): CM callback handler got msg 524290
D/CSLegacyTypeTracker(  751): Sending connected broadcast for type 1 NetworkAgentInfo [WIFI () - 101] isDefaultNetwork=true
D/ConnectivityService(  751): sendStickyBroadcast: action=android.net.conn.CONNECTIVITY_CHANGE_IMMEDIATE
D/ConnectivityService(  751): sendStickyBroadcast: action=android.net.conn.CONNECTIVITY_CHANGE
D/Tethering(  751): MasterInitialState.processMessage what=3
W/QCNEJ   ( 3328): |CORE| No family connected
D/ConnectivityService(  751): setProvNotificationVisibleIntent: E visible=false networkType=0 extraInfo=null
D/ConnectivityService(  751): Validated NetworkAgentInfo [WIFI () - 101]
D/ConnectivityService(  751): rematching NetworkAgentInfo [WIFI () - 101]
D/ConnectivityService(  751): Network NetworkAgentInfo [WIFI () - 101] was already satisfying request 1. No change.
D/ConnectivityService(  751): notifyType AVAILABLE for NetworkAgentInfo [WIFI () - 101]
D/ConnectivityManager.CallbackHandler( 3026): CM callback handler got msg 524290
D/PhoneInterfaceManager( 3384): [PhoneIntfMgr] getDataEnabled: subId=2147483643 phoneId=0
E/OTA AppReceiver( 5431): --ConnectivityManager.CONNECTIVITY_ACTION
E/OTA AppReceiver( 5431): isConnect = true
D/ConnectivityManager.CallbackHandler( 5884): CM callback handler got msg 524290
D/ConnectivityService(  751): sendStickyBroadcast: action=android.net.conn.INET_CONDITION_ACTION
D/ConnectivityManager.CallbackHandler( 5884): CM callback handler got msg 524290
D/PhoneInterfaceManager( 3384): [PhoneIntfMgr] getDataEnabled: subId=2147483643 retVal=true
D/TelephonyManager(  751): getDataEnabled: retVal=true
D/StatusBar.MSimNetworkController( 3026): updateConnectivity: intent=Intent { act=android.net.conn.INET_CONDITION_ACTION flg=0x4000010 (has extras) }
D/StatusBar.MSimNetworkController( 3026): updateConnectivity: networkInfo=[type: WIFI[], state: CONNECTED/CONNECTED, reason: (unspecified), extra: "Swift-LTE-0B6B", roaming: false, failover: false, isAvailable: true, isConnectedToProvisioningNetwork: false]
D/StatusBar.MSimNetworkController( 3026): updateConnectivity: connectionStatus=100
D/StatusBar.MSimNetworkController( 3026): updateDataNetType sub = 0 mMSimDataNetType = 0
D/TelephonyIcons( 3026): getDataTypeIcon sub=0
D/StatusBar.MSimNetworkController( 3026): updateDataIcon phoneId =0
W/Finsky  ( 4694): [1] com.google.android.finsky.application.FinskyAppImpl.af(1062): No account configured on this device.
D/StatusBar.MSimNetworkController( 3026): updateDataIcon dataSub =0
D/StatusBar.MSimNetworkController( 3026): updateDataIcon  when SimState =ABSENT
D/StatusBar.MSimNetworkController( 3026): updateDataIcon when mMSimDataConnected[0] =false mMSimMobileActivityIconId[0] = 0
D/StatusBar.MSimNetworkController( 3026): updateTelephonySignalStrength: phoneId =0
W/Finsky  ( 4694): [1] com.google.android.finsky.application.FinskyAppImpl.af(1062): No account configured on this device.
D/StatusBar.MSimNetworkController( 3026):  No service
D/TelephonyIcons( 3026): null signal icon name: drawable/stat_sys_signal_null
I/art     ( 5680): Rejecting re-init on previously-failed class java.lang.Class<com.google.android.gms.org.conscrypt.NativeCrypto>
W/Finsky  ( 4694): [1] com.google.android.finsky.application.FinskyAppImpl.af(1062): No account configured on this device.
D/StatusBar.MSimNetworkController( 3026): updateDataNetType: phoneId1 is not DDS(=SUB0)!
D/StatusBar.MSimNetworkController( 3026): updateDataIcon phoneId =1
I/art     ( 5680): Rejecting re-init on previously-failed class java.lang.Class<com.google.android.gms.org.conscrypt.NativeCrypto>
D/ConnectivityService(  751): reportBadNetwork(NetworkAgentInfo [WIFI () - 101]) by 10005
D/NetworkMonitor/NetworkAgentInfo [WIFI () - 101](  751): ValidatedState{ when=0 what=532488 arg1=10005 target=com.android.internal.util.StateMachine$SmHandler }
D/NetworkMonitor/NetworkAgentInfo [WIFI () - 101](  751): DefaultState{ when=0 what=532488 arg1=10005 target=com.android.internal.util.StateMachine$SmHandler }
D/NetworkMonitor/NetworkAgentInfo [WIFI () - 101](  751): Forcing reevaluation
D/NetworkMonitor/NetworkAgentInfo [WIFI () - 101](  751): EvaluatingState{ when=0 what=532486 arg1=2 target=com.android.internal.util.StateMachine$SmHandler }
D/NetworkMonitor/NetworkAgentInfo [WIFI () - 101](  751): Validated
D/ConnectivityService(  751): setProvNotificationVisibleIntent: E visible=false networkType=0 extraInfo=null
D/ConnectivityService(  751): Validated NetworkAgentInfo [WIFI () - 101]
D/StatusBar.MSimNetworkController( 3026): updateDataIcon dataSub =0
D/StatusBar.MSimNetworkController( 3026): updateDataIconi: phoneId1 is not DDS.  Clear the mMSimDataConnected Flag and return
D/StatusBar.MSimNetworkController( 3026): updateTelephonySignalStrength: phoneId =1
D/StatusBar.MSimNetworkController( 3026):  No service
D/TelephonyIcons( 3026): null signal icon name: drawable/stat_sys_signal_null
D/StatusBar.MSimNetworkController( 3026): refreshViews phoneId =0mMSimDataConnected =false
D/StatusBar.MSimNetworkController( 3026): refreshViews mMSimDataActivity =0
D/StatusBar.MSimNetworkController( 3026): refreshViews: Data not connected!! Set no data type icon / Roaming for phoneId: 0
D/StatusBar.MSimNetworkController( 3026): refreshViews connected={ wifi } level=0 mMSimcombinedSignalIconId=0x7f020350/com.android.systemui:drawable/stat_sys_wifi_signal_3_fully mMSimcombinedActivityIconId=0x0 mAirplaneMode=false mMSimDataActivity=0 mMSimPhoneSignalIconId=0x7f020339/com.android.systemui:drawable/stat_sys_signal_null mMSimDataDirectionIconId=0x0 mMSimDataSignalIconId=0x7f020339 mMSimDataTypeIconId=0x0/(null) mNoMSimIconId=0x7f02009a/com.android.systemui:drawable/ic_qs_no_sim mMSimMobileActivityIconId=0x0/(null) mWifiIconId=0x7f020350 mBluetoothTetherIconId=0x10806a2
D/BatteryMeterView( 3026): onDraw level = 92
I/iu.Environment( 5884): update connectivity state; isNetworkMetered? false, isRoaming? false, isBackgroundDataAllowed? true*
D/AppReceiver( 5059): --ConnectivityManager.CONNECTIVITY_ACTION
D/AppReceiver( 5059): isConnect = true
E/AppReceiver( 5059): 1 = true
E/configtext----( 5059): configtextpath:/storage/emulated/0/config.txt
E/config----( 5059): config.txt,:http://api.telpotms.com
E/config----( 5059): baseurl:http://api.telpotms.com
E/AppReceiver( 5059): set EN http://api.telpotms.com
E/UPGRADE_LIST_URL-----( 5059): http://api.telpotms.com/apps/get_upgrade_list
E/AppReceiver( 5059): token available
E/AppReceiver( 5059): getOMCSwitchurl:false
D/OMC AppReceiver( 5083): --ConnectivityManager.CONNECTIVITY_ACTION
D/OMC AppReceiver( 5083): isConnect = true
I/CheckinChimeraService( 5884): Checking schedule, now: 1591863579641 next: 0
I/CheckinChimeraService( 5884): active receiver: enabled
D/OMC AppReceiver( 5083): GlobalParams.TestHOST = 
D/OMC AppReceiver( 5083): GlobalParams.SN = 1912G90045200121
D/OMC AppReceiver( 5083): set EN
I/CheckinChimeraService( 5884): Preparing to send checkin request
I/iu.UploadsManager( 5884): num queued entries: 0
I/iu.UploadsManager( 5884): num updated entries: 0
I/iu.SyncManager( 5884): NEXT; no task
I/EventLogChimeraService( 5884): Accumulating logs since 1591863140541
E/params  ( 5083): sn=1912G90045200121
D/baidu_location_client( 5059): baidu location connected ...
D/baidu_location_service( 5126): baidu location service register ...
V/WLAN_PSA(  312): NL MSG, len[048], NL type[0x11] WNI type[0x5050] len[028]
V/WLAN_PSA(  312): NL MSG, PID: 312
V/WLAN_PSA(  312): NL MSG, len[048], NL type[0x11] WNI type[0x5050] len[028]
V/WLAN_PSA(  312): NL MSG, PID: 312
E/( 5059): get location start!
E/( 5059): (Longitude:3.237906,Latitude:6.455757)-3.237906,6.455757
E/( 5059): get location start!
E/( 5059): (Longitude:3.237906,Latitude:6.455757)-3.237906,6.455757
E/( 5059): get location start!
E/( 5059): (Longitude:3.237906,Latitude:6.455757)-3.237906,6.455757
D/baidu_location_service( 5185): baidu location service start1 ...5185
D/baidu_location_client( 5083): baidu location connected ...
I/RIDL-UI ( 7024): stdOut 1
I/RIDL-UI ( 7024): SQL [sqlite3, /data/misc/SelfHost/RIDL.db, select state from TransState] exitValue = 0
D/UpgradeReceiver( 3112): action ====> android.net.conn.CONNECTIVITY_CHANGE
D/baidu_location_service( 5185): baidu location service register ...
V/WLAN_PSA(  312): NL MSG, len[4087], NL type[0x1C] WNI type[0x5900] len[57103]
V/WLAN_PSA(  312): NL MSG, PID: 312
I/CheckinTask( 5884): Get token from PseudonymousIdApi: 204=zFBQlU2AVFuf9X8qVsdbqGKgUR4cWr4TBGBtV_5CPeWEtxFDYhIiGHfYhX1bD5OwczzcNL6ZaVDl7DSl86Pf6T5PmfpcUFgRO1Y4kdm25d9H3N8y2bVdhsUx2YaCq-9ZXwAAAqivkaZDXMub32ftkkNV0TgLh3R9znL3i3-R-y0
D/wpa_supplicant( 7163): EAPOL: startWhen --> 0
D/wpa_supplicant( 7163): EAPOL: disable timer tick
I/CheckinRequestBuilder( 5884): Checkin reason type: 12 attempt count: 1
E/ActivityThread( 5884): Failed to find provider info for com.google.android.wearable.settings
I/CheckinRequestBuilder( 5884): Unknown state of subscriptions on the device
D/BatteryMeterView( 3026): onDraw level = 100
I/SurfaceFlinger(  260): FPS: 27
I/Binder_3( 5452): type=1400 audit(0.0:205): avc: denied { read } for name="/" dev="tmpfs" ino=9283 scontext=u:r:untrusted_app:s0 tcontext=u:object_r:device:s0 tclass=dir permissive=1
I/Binder_3( 5452): type=1400 audit(0.0:206): avc: denied { open } for path="/dev" dev="tmpfs" ino=9283 scontext=u:r:untrusted_app:s0 tcontext=u:object_r:device:s0 tclass=dir permissive=1
I/CallBack( 5083): failure:unknownHostExceptioncan't resolve host;errorNo:0
D/OMC AppReceiver( 5083): handshake failure! Exception:com.common.pos.omcservices.app.AppException: java.lang.Exception
D/OMC AppReceiver( 5083): handshake end!
D/OMC AppReceiver( 5083): GlobalParams.TestHOST = 
D/OMC AppReceiver( 5083): GlobalParams.SN = 1912G90045200121
D/OMC AppReceiver( 5083): set EN
D/OMC AppReceiver( 5083): getAccessToken start
E/params  ( 5083): grant_type=client_credentials&client_secret=bf579895ae4e5964bb4e78a09c01551b&client_id=shengyihuo
W/System.err( 5083): java.io.IOException: ExceptionTarget host must not be null, or set in parameters. scheme=null, host=null, path=/oauth2/access_token
W/System.err( 5083): 	at net.tsz.afinal.http.HttpHandler.makeRequestWithRetries(HttpHandler.java:97)
W/System.err( 5083): 	at net.tsz.afinal.http.HttpHandler.doInBackground(HttpHandler.java:115)
W/System.err( 5083): 	at net.tsz.afinal.core.AsyncTask$2.call(AsyncTask.java:145)
W/System.err( 5083): 	at java.util.concurrent.FutureTask.run(FutureTask.java:237)
W/System.err( 5083): 	at java.util.concurrent.ThreadPoolExecutor.runWorker(ThreadPoolExecutor.java:1112)
W/System.err( 5083): 	at java.util.concurrent.ThreadPoolExecutor$Worker.run(ThreadPoolExecutor.java:587)
W/System.err( 5083): 	at java.lang.Thread.run(Thread.java:818)
I/CallBack( 5083): failure:ExceptionTarget host must not be null, or set in parameters. scheme=null, host=null, path=/oauth2/access_token;errorNo:0
D/OMC AppReceiver( 5083): getAccessToken failure!2130968590error
W/ProcessCpuTracker(  751): Skipping unknown process pid 7278
D/StatusBar.MSimNetworkController( 3026): refreshViews phoneId =0mMSimDataConnected =false
D/StatusBar.MSimNetworkController( 3026): refreshViews mMSimDataActivity =0
D/StatusBar.MSimNetworkController( 3026): refreshViews: Data not connected!! Set no data type icon / Roaming for phoneId: 0
D/StatusBar.MSimNetworkController( 3026): refreshViews connected={ wifi } level=0 mMSimcombinedSignalIconId=0x7f020350/com.android.systemui:drawable/stat_sys_wifi_signal_3_fully mMSimcombinedActivityIconId=0x7f020347 mAirplaneMode=false mMSimDataActivity=0 mMSimPhoneSignalIconId=0x7f020339/com.android.systemui:drawable/stat_sys_signal_null mMSimDataDirectionIconId=0x0 mMSimDataSignalIconId=0x7f020339 mMSimDataTypeIconId=0x0/(null) mNoMSimIconId=0x7f02009a/com.android.systemui:drawable/ic_qs_no_sim mMSimMobileActivityIconId=0x0/(null) mWifiIconId=0x7f020350 mBluetoothTetherIconId=0x10806a2
D/MSimSignalClusterView( 3026): wifi: VISIBLE sig=2130838352 act=2130838343
D/MSimSignalClusterView( 3026): mobile[0]: VISIBLE sig=2130838329 type=0
D/MSimSignalClusterView( 3026): wifi: VISIBLE sig=2130838352 act=2130838343
D/MSimSignalClusterView( 3026): mobile[1]: VISIBLE sig=2130838329 type=0
D/MSimSignalClusterView( 3026): wifi: VISIBLE sig=2130838352 act=2130838343
D/MSimSignalClusterView( 3026): mobile[0]: VISIBLE sig=2130838329 type=0
D/MSimSignalClusterView( 3026): wifi: VISIBLE sig=2130838352 act=2130838343
D/MSimSignalClusterView( 3026): mobile[0]: VISIBLE sig=2130838329 type=0
D/MSimSignalClusterView( 3026): wifi: VISIBLE sig=2130838352 act=2130838343
D/MSimSignalClusterView( 3026): mobile[0]: VISIBLE sig=2130838329 type=0
D/MSimSignalClusterView( 3026): wifi: VISIBLE sig=2130838352 act=2130838343
D/MSimSignalClusterView( 3026): mobile[1]: VISIBLE sig=2130838329 type=0
D/StatusBar.MSimNetworkController( 3026): refreshSignalCluster, mMSimPhoneSignalIconId[0]=com.android.systemui:drawable/stat_sys_signal_null mMSimDataSignalIconId[0]=com.android.systemui:drawable/stat_sys_signal_null mMSimDataTypeIconId[0]=(null) mMSimMobileActivityIconId[0]=(null) mNoMSimIconId[0]=com.android.systemui:drawable/ic_qs_no_sim
D/MSimSignalClusterView( 3026): wifi: VISIBLE sig=2130838352 act=2130838343
D/MSimSignalClusterView( 3026): mobile[0]: VISIBLE sig=2130838329 type=0
D/MSimSignalClusterView( 3026): wifi: VISIBLE sig=2130838352 act=2130838343
D/MSimSignalClusterView( 3026): mobile[1]: VISIBLE sig=2130838329 type=0
D/MSimSignalClusterView( 3026): wifi: VISIBLE sig=2130838352 act=2130838343
D/MSimSignalClusterView( 3026): mobile[0]: VISIBLE sig=2130838329 type=0
D/MSimSignalClusterView( 3026): wifi: VISIBLE sig=2130838352 act=2130838343
D/MSimSignalClusterView( 3026): mobile[0]: VISIBLE sig=2130838329 type=0
D/MSimSignalClusterView( 3026): wifi: VISIBLE sig=2130838352 act=2130838343
D/MSimSignalClusterView( 3026): mobile[0]: VISIBLE sig=2130838329 type=0
D/MSimSignalClusterView( 3026): wifi: VISIBLE sig=2130838352 act=2130838343
D/MSimSignalClusterView( 3026): mobile[1]: VISIBLE sig=2130838329 type=0
D/StatusBar.MSimNetworkController( 3026): refreshSignalCluster, mMSimPhoneSignalIconId[0]=com.android.systemui:drawable/stat_sys_signal_null mMSimDataSignalIconId[0]=com.android.systemui:drawable/stat_sys_signal_null mMSimDataTypeIconId[0]=(null) mMSimMobileActivityIconId[0]=(null) mNoMSimIconId[0]=com.android.systemui:drawable/ic_qs_no_sim
D/MSimSignalClusterView( 3026): wifi: VISIBLE sig=2130838352 act=2130838343
D/MSimSignalClusterView( 3026): mobile[0]: VISIBLE sig=2130838329 type=0
D/MSimSignalClusterView( 3026): wifi: VISIBLE sig=2130838352 act=2130838343
D/MSimSignalClusterView( 3026): mobile[1]: VISIBLE sig=2130838329 type=0
D/MSimSignalClusterView( 3026): wifi: VISIBLE sig=2130838352 act=2130838343
D/MSimSignalClusterView( 3026): mobile[0]: VISIBLE sig=2130838329 type=0
D/MSimSignalClusterView( 3026): wifi: VISIBLE sig=2130838352 act=2130838343
D/MSimSignalClusterView( 3026): mobile[0]: VISIBLE sig=2130838329 type=0
D/MSimSignalClusterView( 3026): wifi: VISIBLE sig=2130838352 act=2130838343
D/MSimSignalClusterView( 3026): mobile[0]: VISIBLE sig=2130838329 type=0
D/MSimSignalClusterView( 3026): wifi: VISIBLE sig=2130838352 act=2130838343
D/MSimSignalClusterView( 3026): mobile[1]: VISIBLE sig=2130838329 type=0
D/StatusBar.MSimNetworkController( 3026): refreshSignalCluster, mMSimPhoneSignalIconId[0]=com.android.systemui:drawable/stat_sys_signal_null mMSimDataSignalIconId[0]=com.android.systemui:drawable/stat_sys_signal_null mMSimDataTypeIconId[0]=(null) mMSimMobileActivityIconId[0]=(null) mNoMSimIconId[0]=com.android.systemui:drawable/ic_qs_no_sim
D/MSimSignalClusterView( 3026): wifi: VISIBLE sig=2130838352 act=2130838343
D/MSimSignalClusterView( 3026): mobile[0]: VISIBLE sig=2130838329 type=0
D/MSimSignalClusterView( 3026): wifi: VISIBLE sig=2130838352 act=2130838343
D/MSimSignalClusterView( 3026): mobile[1]: VISIBLE sig=2130838329 type=0
D/MSimSignalClusterView( 3026): wifi: VISIBLE sig=2130838352 act=2130838343
D/MSimSignalClusterView( 3026): mobile[0]: VISIBLE sig=2130838329 type=0
D/MSimSignalClusterView( 3026): wifi: VISIBLE sig=2130838352 act=2130838343
D/MSimSignalClusterView( 3026): mobile[0]: VISIBLE sig=2130838329 type=0
D/MSimSignalClusterView( 3026): wifi: VISIBLE sig=2130838352 act=2130838343
D/MSimSignalClusterView( 3026): mobile[0]: VISIBLE sig=2130838329 type=0
D/MSimSignalClusterView( 3026): wifi: VISIBLE sig=2130838352 act=2130838343
D/MSimSignalClusterView( 3026): mobile[1]: VISIBLE sig=2130838329 type=0
D/StatusBar.MSimNetworkController( 3026): refreshSignalCluster, mMSimPhoneSignalIconId[0]=com.android.systemui:drawable/stat_sys_signal_null mMSimDataSignalIconId[0]=com.android.systemui:drawable/stat_sys_signal_null mMSimDataTypeIconId[0]=(null) mMSimMobileActivityIconId[0]=(null) mNoMSimIconId[0]=com.android.systemui:drawable/ic_qs_no_sim
D/PhoneStatusBar( 3026): disable: < expand icons* alerts system_info* back home recent clock search >
I/WindowManager(  751): mDock rect: (0,0 - 720,1280)
V/WindowManager(  751): Status bar: dock=[0,50][720,1280] content=[0,50][720,1280] cur=[0,50][720,1280]
V/WindowManager(  751): layoutWindowLw(): normal window
V/WindowManager(  751): Compute frame : sim=#20 attach=null type=2015 flags=0x01000018 pf=[0,50][720,1280] df=[0,50][720,1280] of=[0,50][720,1280] cf=[0,50][720,1280] vf=[0,50][720,1280] dcf=[0,0][720,1280] sf=[0,50][720,1280]
V/WindowManager(  751): layoutWindowLw(com.android.settings/com.android.settings.SubSettings): IN_SCREEN, INSET_DECOR
V/WindowManager(  751): Compute frame com.android.settings/com.android.settings.SubSettings: sim=#110 attach=null type=1 flags=0x81810100 pf=[0,0][720,1280] df=[0,0][720,1280] of=[0,0][720,1280] cf=[0,50][720,1280] vf=[0,50][720,1280] dcf=[0,0][720,1280] sf=[0,50][720,1280]
I/WindowManager(  751): Win Window{2b5d0932 u0 android}: isVisibleOrBehindKeyguardLw=true
I/WindowManager(  751): Win Window{23583ca7 u0 StatusBar}: isVisibleOrBehindKeyguardLw=true
I/WindowManager(  751): Win Window{3eba8800 u0 com.android.settings/com.android.settings.SubSettings}: isVisibleOrBehindKeyguardLw=true
V/WindowManager(  751): Fullscreen window: Window{3eba8800 u0 com.android.settings/com.android.settings.SubSettings}
I/WindowManager(  751): Win Window{276e6867 u0 com.android.phasebeam.PhaseBeamWallpaper}: isVisibleOrBehindKeyguardLw=false
I/WindowManager(  751): force=false forcefkg=false top=Window{3eba8800 u0 com.android.settings/com.android.settings.SubSettings}
D/WindowManager(  751): frame: Rect(0, 0 - 720, 1280) shown frame: RectF(0.0, 0.0, 720.0, 1280.0)
D/WindowManager(  751): attr: WM.LayoutParams{(0,0)(fillxfill) sim=#110 ty=1 fl=#81810100 wanim=0x1030467 vsysui=0x600 surfaceInsets=Rect(0, 0 - 0, 0) needsMenuKey=2} lp.flags=0x81810100
V/WindowManager(  751): ** SHOWING status bar: top is not fullscreen
V/WindowManager(  751): finishPostLayoutPolicyLw: mHideKeyguard=false
I/WindowManager(  751): mDock rect: (0,0 - 720,1280)
V/WindowManager(  751): Status bar: dock=[0,50][720,1280] content=[0,50][720,1280] cur=[0,50][720,1280]
V/WindowManager(  751): layoutWindowLw(): normal window
V/WindowManager(  751): Compute frame : sim=#20 attach=null type=2015 flags=0x01000018 pf=[0,50][720,1280] df=[0,50][720,1280] of=[0,50][720,1280] cf=[0,50][720,1280] vf=[0,50][720,1280] dcf=[0,0][720,1280] sf=[0,50][720,1280]
V/WindowManager(  751): layoutWindowLw(com.android.settings/com.android.settings.SubSettings): IN_SCREEN, INSET_DECOR
V/WindowManager(  751): Compute frame com.android.settings/com.android.settings.SubSettings: sim=#110 attach=null type=1 flags=0x81810100 pf=[0,0][720,1280] df=[0,0][720,1280] of=[0,0][720,1280] cf=[0,50][720,1280] vf=[0,50][720,1280] dcf=[0,0][720,1280] sf=[0,50][720,1280]
I/WindowManager(  751): Win Window{2b5d0932 u0 android}: isVisibleOrBehindKeyguardLw=true
I/WindowManager(  751): Win Window{23583ca7 u0 StatusBar}: isVisibleOrBehindKeyguardLw=true
I/WindowManager(  751): Win Window{3eba8800 u0 com.android.settings/com.android.settings.SubSettings}: isVisibleOrBehindKeyguardLw=true
V/WindowManager(  751): Fullscreen window: Window{3eba8800 u0 com.android.settings/com.android.settings.SubSettings}
I/WindowManager(  751): Win Window{276e6867 u0 com.android.phasebeam.PhaseBeamWallpaper}: isVisibleOrBehindKeyguardLw=false
I/WindowManager(  751): force=false forcefkg=false top=Window{3eba8800 u0 com.android.settings/com.android.settings.SubSettings}
D/WindowManager(  751): frame: Rect(0, 0 - 720, 1280) shown frame: RectF(0.0, 0.0, 720.0, 1280.0)
D/WindowManager(  751): attr: WM.LayoutParams{(0,0)(fillxfill) sim=#110 ty=1 fl=#81810100 wanim=0x1030467 vsysui=0x600 surfaceInsets=Rect(0, 0 - 0, 0) needsMenuKey=2} lp.flags=0x81810100
V/WindowManager(  751): ** SHOWING status bar: top is not fullscreen
V/WindowManager(  751): finishPostLayoutPolicyLw: mHideKeyguard=false
W/InputMethodManagerService(  751): Window already focused, ignoring focus gain of: com.android.internal.view.IInputMethodClient$Stub$Proxy@de1c937 attribute=null, token = android.os.BinderProxy@3ee74e83
D/BatteryMeterView( 3026): onDraw level = 82
D/ConnectivityService(  751): NetTransition Wakelock (NetworkAgentInfo [WIFI () - 100] cleared because we found a replacement network
I/Adreno-EGL( 5250): <qeglDrvAPI_eglInitialize:379>: EGL 1.4 QUALCOMM build: AU_LINUX_ANDROID_LA.BR.1.2.3_RB1.05.01.00.036.053_msm8909_LA.BR.1.2.3_RB1__release_AU (Ibddc658e36)
I/Adreno-EGL( 5250): OpenGL ES Shader Compiler Version: E031.25.03.04
I/Adreno-EGL( 5250): Build Date: 09/21/15 Mon
I/Adreno-EGL( 5250): Local Branch: mybranch14356399
I/Adreno-EGL( 5250): Remote Branch: quic/LA.BR.1.2.3_rb1.81
I/Adreno-EGL( 5250): Local Patches: NONE
I/Adreno-EGL( 5250): Reconstruct Branch: AU_LINUX_ANDROID_LA.BR.1.2.3_RB1.05.01.00.036.053 + 7c4888a + 22ca218 + 855d166 + 95575a0 + 4193eef + 64d916f + 88f4cbe + c272012 + 046ce63 + 9b2bddc + d5b5339 + a2bdc2f +  NOTHING
I/Adreno-EGL( 5250): <qeglDrvAPI_eglInitialize:379>: EGL 1.4 QUALCOMM build: AU_LINUX_ANDROID_LA.BR.1.2.3_RB1.05.01.00.036.053_msm8909_LA.BR.1.2.3_RB1__release_AU (Ibddc658e36)
I/Adreno-EGL( 5250): OpenGL ES Shader Compiler Version: E031.25.03.04
I/Adreno-EGL( 5250): Build Date: 09/21/15 Mon
I/Adreno-EGL( 5250): Local Branch: mybranch14356399
I/Adreno-EGL( 5250): Remote Branch: quic/LA.BR.1.2.3_rb1.81
I/Adreno-EGL( 5250): Local Patches: NONE
I/Adreno-EGL( 5250): Reconstruct Branch: AU_LINUX_ANDROID_LA.BR.1.2.3_RB1.05.01.00.036.053 + 7c4888a + 22ca218 + 855d166 + 95575a0 + 4193eef + 64d916f + 88f4cbe + c272012 + 046ce63 + 9b2bddc + d5b5339 + a2bdc2f +  NOTHING
V/WLAN_PSA(  312): NL MSG, len[048], NL type[0x11] WNI type[0x5050] len[028]
V/WLAN_PSA(  312): NL MSG, PID: 312
V/WLAN_PSA(  312): NL MSG, len[048], NL type[0x11] WNI type[0x5050] len[028]
V/WLAN_PSA(  312): NL MSG, PID: 312
I/Adreno-EGL( 5250): <qeglDrvAPI_eglInitialize:379>: EGL 1.4 QUALCOMM build: AU_LINUX_ANDROID_LA.BR.1.2.3_RB1.05.01.00.036.053_msm8909_LA.BR.1.2.3_RB1__release_AU (Ibddc658e36)
I/Adreno-EGL( 5250): OpenGL ES Shader Compiler Version: E031.25.03.04
I/Adreno-EGL( 5250): Build Date: 09/21/15 Mon
I/Adreno-EGL( 5250): Local Branch: mybranch14356399
I/Adreno-EGL( 5250): Remote Branch: quic/LA.BR.1.2.3_rb1.81
I/Adreno-EGL( 5250): Local Patches: NONE
I/Adreno-EGL( 5250): Reconstruct Branch: AU_LINUX_ANDROID_LA.BR.1.2.3_RB1.05.01.00.036.053 + 7c4888a + 22ca218 + 855d166 + 95575a0 + 4193eef + 64d916f + 88f4cbe + c272012 + 046ce63 + 9b2bddc + d5b5339 + a2bdc2f +  NOTHING
D/wpa_supplicant( 7163): wlan0: Control interface command 'SIGNAL_POLL'
V/WLAN_PSA(  312): NL MSG, len[4091], NL type[0x1C] WNI type[0x5900] len[58127]
V/WLAN_PSA(  312): NL MSG, PID: 312
D/StatusBar.MSimNetworkController( 3026): refreshViews phoneId =0mMSimDataConnected =false
D/StatusBar.MSimNetworkController( 3026): refreshViews mMSimDataActivity =0
D/StatusBar.MSimNetworkController( 3026): refreshViews: Data not connected!! Set no data type icon / Roaming for phoneId: 0
D/StatusBar.MSimNetworkController( 3026): refreshViews connected={ wifi } level=0 mMSimcombinedSignalIconId=0x7f020350/com.android.systemui:drawable/stat_sys_wifi_signal_3_fully mMSimcombinedActivityIconId=0x7f020347 mAirplaneMode=false mMSimDataActivity=0 mMSimPhoneSignalIconId=0x7f020339/com.android.systemui:drawable/stat_sys_signal_null mMSimDataDirectionIconId=0x0 mMSimDataSignalIconId=0x7f020339 mMSimDataTypeIconId=0x0/(null) mNoMSimIconId=0x7f02009a/com.android.systemui:drawable/ic_qs_no_sim mMSimMobileActivityIconId=0x0/(null) mWifiIconId=0x7f020350 mBluetoothTetherIconId=0x10806a2
I/CheckinUtil( 5884): Classify the device as Phone.
D/OMC AppReceiver( 5083): (Longitude:3.237906,Latitude:6.455757)
D/baidu_location_service( 5185): baidu location service stop ...
D/BatteryMeterView( 3026): onDraw level = 92
I/CheckinTask( 5884): set cookie as: NID=204=zFBQlU2AVFuf9X8qVsdbqGKgUR4cWr4TBGBtV_5CPeWEtxFDYhIiGHfYhX1bD5OwczzcNL6ZaVDl7DSl86Pf6T5PmfpcUFgRO1Y4kdm25d9H3N8y2bVdhsUx2YaCq-9ZXwAAAqivkaZDXMub32ftkkNV0TgLh3R9znL3i3-R-y0
D/baidu_location_service( 5185): baidu location service has stoped ...
I/SurfaceFlinger(  260): FPS: 46
I/GCore-Chimera-Crash( 5884): Cg8KCWNvbnRhaW5lchCq7T4=
I/GCore-Chimera-Crash( 5884): GCore-Chimera-Crash
I/DeviceDrDatabaseHelper( 5884): Cleaning stale data from database!
W/DeviceDoctorHandler( 5884): Crash Hash: c2bd1833ea997f647d150f0a1debab9e4bb96504
E/AndroidRuntime( 5884): FATAL EXCEPTION: Thread-342
E/AndroidRuntime( 5884): Process: com.google.android.gms, PID: 5884
E/AndroidRuntime( 5884): java.lang.RuntimeException: An error occured while executing doInBackground()
E/AndroidRuntime( 5884): 	at android.os.AsyncTask$3.done(AsyncTask.java:304)
E/AndroidRuntime( 5884): 	at java.util.concurrent.FutureTask.finishCompletion(FutureTask.java:355)
E/AndroidRuntime( 5884): 	at java.util.concurrent.FutureTask.setException(FutureTask.java:222)
E/AndroidRuntime( 5884): 	at java.util.concurrent.FutureTask.run(FutureTask.java:242)
E/AndroidRuntime( 5884): 	at java.lang.Thread.run(Thread.java:818)
E/AndroidRuntime( 5884): Caused by: java.lang.UnsatisfiedLinkError: dalvik.system.PathClassLoader[DexPathList[[zip file "/system/framework/com.android.location.provider.jar", zip file "/system/framework/com.android.media.remotedisplay.jar", zip file "/system/priv-app/GmsCore/GmsCore.apk"],nativeLibraryDirectories=[/vendor/lib, /system/lib]]] couldn't find "libgmscore.so"
E/AndroidRuntime( 5884): 	at java.lang.Runtime.loadLibrary(Runtime.java:366)
E/AndroidRuntime( 5884): 	at java.lang.System.loadLibrary(System.java:988)
E/AndroidRuntime( 5884): 	at com.google.android.gms.org.conscrypt.NativeCrypto.<clinit>(:com.google.android.gms:1026)
E/AndroidRuntime( 5884): 	at com.google.android.gms.org.conscrypt.OpenSSLContextImpl$TLSv12.<init>(:com.google.android.gms:152)
E/AndroidRuntime( 5884): 	at com.google.android.gms.org.conscrypt.OpenSSLContextImpl.getPreferred(:com.google.android.gms:55)
E/AndroidRuntime( 5884): 	at com.google.android.gms.common.net.SocketFactoryCreatorImpl.a(:com.google.android.gms:65)
E/AndroidRuntime( 5884): 	at com.google.android.gms.common.net.SocketFactoryCreatorImpl.newSocketFactory(:com.google.android.gms:32)
E/AndroidRuntime( 5884): 	at lff.a(:com.google.android.gms:24)
E/AndroidRuntime( 5884): 	at com.google.android.gms.common.net.SSLCertificateSocketFactory.getDelegate(:com.google.android.gms:242)
E/AndroidRuntime( 5884): 	at com.google.android.gms.common.net.SSLCertificateSocketFactory.createSocket(:com.google.android.gms:498)
E/AndroidRuntime( 5884): 	at com.android.okhttp.Connection.upgradeToTls(Connection.java:175)
E/AndroidRuntime( 5884): 	at com.android.okhttp.Connection.connect(Connection.java:155)
E/AndroidRuntime( 5884): 	at com.android.okhttp.internal.http.HttpEngine.connect(HttpEngine.java:276)
E/AndroidRuntime( 5884): 	at com.android.okhttp.internal.http.HttpEngine.sendRequest(HttpEngine.java:211)
E/AndroidRuntime( 5884): 	at com.android.okhttp.internal.http.HttpURLConnectionImpl.execute(HttpURLConnectionImpl.java:382)
E/AndroidRuntime( 5884): 	at com.android.okhttp.internal.http.HttpURLConnectionImpl.connect(HttpURLConnectionImpl.java:106)
E/AndroidRuntime( 5884): 	at com.android.okhttp.internal.http.HttpURLConnectionImpl.getOutputStream(HttpURLConnectionImpl.java:217)
E/AndroidRuntime( 5884): 	at com.android.okhttp.internal.http.DelegatingHttpsURLConnection.getOutputStream(DelegatingHttpsURLConnection.java:218)
E/AndroidRuntime( 5884): 	at com.android.okhttp.internal.http.HttpsURLConnectionImpl.getOutputStream(HttpsURLConnectionImpl.java:25)
E/AndroidRuntime( 5884): 	at jgf.a(:com.google.android.gms:677)
E/AndroidRuntime( 5884): 	at jgf.a(:com.google.android.gms:332)
E/AndroidRuntime( 5884): 	at jfw.a(:com.google.android.gms:1213)
E/AndroidRuntime( 5884): 	at jfw.doInBackground(:com.google.android.gms:1154)
E/AndroidRuntime( 5884): 	at android.os.AsyncTask$2.call(AsyncTask.java:292)
E/AndroidRuntime( 5884): 	at java.util.concurrent.FutureTask.run(FutureTask.java:237)
E/AndroidRuntime( 5884): 	... 1 more
I/Process ( 5884): Sending signal. PID: 5884 SIG: 9
E/lowmemorykiller(  257): Error writing /proc/5884/oom_score_adj; errno=22
E/AudioPolicyManager(  301): unknown stream type 13
E/AudioPolicyManager(  301): unknown stream type 13
E/AudioPolicyManager(  301): unknown stream type 13
E/AudioPolicyManager(  301): unknown stream type 13
E/AudioPolicyManager(  301): unknown stream type 13
E/AudioPolicyManager(  301): unknown stream type 13
E/AudioPolicyManager(  301): unknown stream type 13
E/AudioPolicyManager(  301): unknown stream type 13
E/AudioPolicyManager(  301): unknown stream type 13
I/WindowManager(  751): Win Window{2b5d0932 u0 android}: isVisibleOrBehindKeyguardLw=true
I/WindowManager(  751): Win Window{23583ca7 u0 StatusBar}: isVisibleOrBehindKeyguardLw=true
I/WindowManager(  751): Win Window{3eba8800 u0 com.android.settings/com.android.settings.SubSettings}: isVisibleOrBehindKeyguardLw=false
I/WindowManager(  751): Win Window{276e6867 u0 com.android.phasebeam.PhaseBeamWallpaper}: isVisibleOrBehindKeyguardLw=false
I/WindowManager(  751): force=false forcefkg=false top=null
V/WindowManager(  751): finishPostLayoutPolicyLw: mHideKeyguard=false
E/omcswitch-time( 5059): 1591863581478
E/omcswitch---( 5059): result:{"result":1,"data":0},omcswitch:OmcSwitchReturnEntity{result=1, data=0},switch:false
D/ConnectivityService(  751): ConnectivityService NetworkRequestInfo binderDied(NetworkRequest [ id=3, legacyType=-1, [ Capabilities: INTERNET&NOT_RESTRICTED&TRUSTED&NOT_VPN] ], android.os.BinderProxy@1e7fc1d3)
D/ConnectivityService(  751): releasing NetworkRequest NetworkRequest [ id=3, legacyType=-1, [ Capabilities: INTERNET&NOT_RESTRICTED&TRUSTED&NOT_VPN] ]
D/WifiService(  751): Client connection lost with reason: 4
E/ConnectivityService(  751): RemoteException caught trying to send a callback msg for NetworkRequest [ id=3, legacyType=-1, [ Capabilities: INTERNET&NOT_RESTRICTED&TRUSTED&NOT_VPN] ]
I/ActivityManager(  751): Process com.google.android.gms (pid 5884) has died
W/ActivityManager(  751): Scheduling restart of crashed service com.google.android.gms/.checkin.CheckinService in 1000ms
I/WindowManager(  751): Win Window{2b5d0932 u0 android}: isVisibleOrBehindKeyguardLw=true
I/WindowManager(  751): Win Window{23583ca7 u0 StatusBar}: isVisibleOrBehindKeyguardLw=true
I/WindowManager(  751): Win Window{3eba8800 u0 com.android.settings/com.android.settings.SubSettings}: isVisibleOrBehindKeyguardLw=false
I/WindowManager(  751): Win Window{276e6867 u0 com.android.phasebeam.PhaseBeamWallpaper}: isVisibleOrBehindKeyguardLw=false
I/WindowManager(  751): force=false forcefkg=false top=null
V/WindowManager(  751): finishPostLayoutPolicyLw: mHideKeyguard=false
D/BatteryMeterView( 3026): onDraw level = 100
I/Finsky  ( 4694): [1] com.google.android.finsky.utils.by.onTrimMemory(2): Memory trim requested to level 60
I/WindowManager(  751): mDock rect: (0,0 - 720,1280)
V/WindowManager(  751): Status bar: dock=[0,50][720,1280] content=[0,50][720,1280] cur=[0,50][720,1280]
V/WindowManager(  751): layoutWindowLw(): normal window
V/WindowManager(  751): Compute frame : sim=#20 attach=null type=2015 flags=0x01000018 pf=[0,50][720,1280] df=[0,50][720,1280] of=[0,50][720,1280] cf=[0,50][720,1280] vf=[0,50][720,1280] dcf=[0,0][720,1280] sf=[0,50][720,1280]
I/WindowManager(  751): Win Window{2b5d0932 u0 android}: isVisibleOrBehindKeyguardLw=true
I/WindowManager(  751): Win Window{23583ca7 u0 StatusBar}: isVisibleOrBehindKeyguardLw=true
I/WindowManager(  751): Win Window{3eba8800 u0 com.android.settings/com.android.settings.SubSettings}: isVisibleOrBehindKeyguardLw=false
I/WindowManager(  751): Win Window{234e31b u0 com.android.settings/com.android.settings.SubSettings$WifiSubSettings}: isVisibleOrBehindKeyguardLw=false
I/WindowManager(  751): Win Window{276e6867 u0 com.android.phasebeam.PhaseBeamWallpaper}: isVisibleOrBehindKeyguardLw=false
I/WindowManager(  751): force=false forcefkg=false top=null
V/WindowManager(  751): finishPostLayoutPolicyLw: mHideKeyguard=false
D/Index   ( 6056): Deleting data for locale 'en_US' took 7 millis
E/AudioPolicyManager(  301): unknown stream type 13
E/AudioPolicyManager(  301): unknown stream type 13
E/AudioPolicyManager(  301): unknown stream type 13
E/AudioPolicyManager(  301): unknown stream type 13
E/AudioPolicyManager(  301): unknown stream type 13
E/AudioPolicyManager(  301): unknown stream type 13
E/AudioPolicyManager(  301): unknown stream type 13
E/AudioPolicyManager(  301): unknown stream type 13
E/AudioPolicyManager(  301): unknown stream type 13
E/AudioPolicyManager(  301): unknown stream type 13
E/AudioPolicyManager(  301): unknown stream type 13
E/AudioPolicyManager(  301): unknown stream type 13
E/AudioPolicyManager(  301): unknown stream type 13
E/AudioPolicyManager(  301): unknown stream type 13
E/AudioPolicyManager(  301): unknown stream type 13
E/AudioPolicyManager(  301): unknown stream type 13
E/AudioPolicyManager(  301): unknown stream type 13
D/Index   ( 6056): Indexing locale 'en_US' took 24 millis
I/WindowManager(  751): mDock rect: (0,0 - 720,1280)
V/WindowManager(  751): Status bar: dock=[0,50][720,1280] content=[0,50][720,1280] cur=[0,50][720,1280]
V/WindowManager(  751): layoutWindowLw(): normal window
V/WindowManager(  751): Compute frame : sim=#20 attach=null type=2015 flags=0x01000018 pf=[0,50][720,1280] df=[0,50][720,1280] of=[0,50][720,1280] cf=[0,50][720,1280] vf=[0,50][720,1280] dcf=[0,0][720,1280] sf=[0,50][720,1280]
I/WindowManager(  751): Win Window{2b5d0932 u0 android}: isVisibleOrBehindKeyguardLw=true
I/WindowManager(  751): Win Window{23583ca7 u0 StatusBar}: isVisibleOrBehindKeyguardLw=true
I/WindowManager(  751): Win Window{3eba8800 u0 com.android.settings/com.android.settings.SubSettings}: isVisibleOrBehindKeyguardLw=false
I/WindowManager(  751): Win Window{234e31b u0 com.android.settings/com.android.settings.SubSettings$WifiSubSettings}: isVisibleOrBehindKeyguardLw=false
I/WindowManager(  751): Win Window{276e6867 u0 com.android.phasebeam.PhaseBeamWallpaper}: isVisibleOrBehindKeyguardLw=false
I/WindowManager(  751): force=false forcefkg=false top=null
V/WindowManager(  751): finishPostLayoutPolicyLw: mHideKeyguard=false
I/WindowManager(  751): mDock rect: (0,0 - 720,1280)
V/WindowManager(  751): Status bar: dock=[0,50][720,1280] content=[0,50][720,1280] cur=[0,50][720,1280]
V/WindowManager(  751): layoutWindowLw(): normal window
V/WindowManager(  751): Compute frame : sim=#20 attach=null type=2015 flags=0x01000018 pf=[0,50][720,1280] df=[0,50][720,1280] of=[0,50][720,1280] cf=[0,50][720,1280] vf=[0,50][720,1280] dcf=[0,0][720,1280] sf=[0,50][720,1280]
V/WindowManager(  751): layoutWindowLw(com.android.settings/com.android.settings.SubSettings$WifiSubSettings): IN_SCREEN, INSET_DECOR
V/WindowManager(  751): Compute frame com.android.settings/com.android.settings.SubSettings$WifiSubSettings: sim=#10 attach=null type=1 flags=0x81810100 pf=[0,0][720,1280] df=[0,0][720,1280] of=[0,0][720,1280] cf=[0,50][720,1280] vf=[0,50][720,1280] dcf=[0,0][720,1280] sf=[0,50][720,1280]
I/WindowManager(  751): Win Window{2b5d0932 u0 android}: isVisibleOrBehindKeyguardLw=true
I/WindowManager(  751): Win Window{23583ca7 u0 StatusBar}: isVisibleOrBehindKeyguardLw=true
I/WindowManager(  751): Win Window{3eba8800 u0 com.android.settings/com.android.settings.SubSettings}: isVisibleOrBehindKeyguardLw=false
I/WindowManager(  751): Win Window{234e31b u0 com.android.settings/com.android.settings.SubSettings$WifiSubSettings}: isVisibleOrBehindKeyguardLw=true
V/WindowManager(  751): Fullscreen window: Window{234e31b u0 com.android.settings/com.android.settings.SubSettings$WifiSubSettings}
I/WindowManager(  751): Win Window{276e6867 u0 com.android.phasebeam.PhaseBeamWallpaper}: isVisibleOrBehindKeyguardLw=false
I/WindowManager(  751): force=false forcefkg=false top=Window{234e31b u0 com.android.settings/com.android.settings.SubSettings$WifiSubSettings}
D/WindowManager(  751): frame: Rect(0, 0 - 720, 1280) shown frame: RectF(0.0, 0.0, 720.0, 1280.0)
D/WindowManager(  751): attr: WM.LayoutParams{(0,0)(fillxfill) sim=#10 ty=1 fl=#81810100 wanim=0x1030467 vsysui=0x600 surfaceInsets=Rect(0, 0 - 0, 0) needsMenuKey=2} lp.flags=0x81810100
V/WindowManager(  751): ** SHOWING status bar: top is not fullscreen
V/WindowManager(  751): finishPostLayoutPolicyLw: mHideKeyguard=false
I/WindowManager(  751): Win Window{2b5d0932 u0 android}: isVisibleOrBehindKeyguardLw=true
I/WindowManager(  751): Win Window{23583ca7 u0 StatusBar}: isVisibleOrBehindKeyguardLw=true
I/WindowManager(  751): Win Window{3eba8800 u0 com.android.settings/com.android.settings.SubSettings}: isVisibleOrBehindKeyguardLw=false
I/WindowManager(  751): Win Window{234e31b u0 com.android.settings/com.android.settings.SubSettings$WifiSubSettings}: isVisibleOrBehindKeyguardLw=true
V/WindowManager(  751): Fullscreen window: Window{234e31b u0 com.android.settings/com.android.settings.SubSettings$WifiSubSettings}
I/WindowManager(  751): Win Window{276e6867 u0 com.android.phasebeam.PhaseBeamWallpaper}: isVisibleOrBehindKeyguardLw=false
I/WindowManager(  751): force=false forcefkg=false top=Window{234e31b u0 com.android.settings/com.android.settings.SubSettings$WifiSubSettings}
D/WindowManager(  751): frame: Rect(0, 0 - 720, 1280) shown frame: RectF(0.0, 0.0, 720.0, 1280.0)
D/WindowManager(  751): attr: WM.LayoutParams{(0,0)(fillxfill) sim=#10 ty=1 fl=#81810100 wanim=0x1030467 vsysui=0x600 surfaceInsets=Rect(0, 0 - 0, 0) needsMenuKey=2} lp.flags=0x81810100
V/WindowManager(  751): ** SHOWING status bar: top is not fullscreen
V/WindowManager(  751): finishPostLayoutPolicyLw: mHideKeyguard=false
E/WifiStateMachine(  751): WifiStateMachine CMD_START_SCAN source 1000 txSuccessRate=57.94 rxSuccessRate=41.78 targetRoamBSSID=any RSSI=-58
D/wpa_supplicant( 7163): wlan0: Control interface command 'SCAN TYPE=ONLY'
D/wpa_supplicant( 7163): wlan0: Setting scan request: 0.000000 sec
D/wpa_supplicant( 7163): wlan0: Starting AP scan for wildcard SSID
D/wpa_supplicant( 7163): wlan0: Add radio work 'scan'@0xb7adb878
D/wpa_supplicant( 7163): wlan0: First radio work item in the queue - schedule start immediately
D/wpa_supplicant( 7163): wlan0: Starting radio work 'scan'@0xb7adb878 after 0.000071 second wait
D/wpa_supplicant( 7163): wlan0: nl80211: scan request
D/wpa_supplicant( 7163): nl80211: Scan SSID - hexdump(len=0): [NULL]
V/WLAN_PSA(  312): NL MSG, len[914], NL type[0x11] WNI type[0x5050] len[894]
V/WLAN_PSA(  312): NL MSG, PID: 312
D/wpa_supplicant( 7163): Scan requested (ret=0) - scan timeout 30 seconds
V/WLAN_PSA(  312): NL MSG, len[048], NL type[0x11] WNI type[0x5050] len[028]
V/WLAN_PSA(  312): NL MSG, PID: 312
D/wpa_supplicant( 7163): nl80211: Event message available
I/WifiHAL (  751): Poll result = 1
D/wpa_supplicant( 7163): nl80211: Drv Event 33 (NL80211_CMD_TRIGGER_SCAN) received for wlan0
I/WifiHAL (  751): Found some events!!!
D/wpa_supplicant( 7163): wlan0: nl80211: Scan trigger
D/wpa_supplicant( 7163): wlan0: Event SCAN_STARTED (49) received
D/WifiHAL (  751): no_seq_check received
D/wpa_supplicant( 7163): wlan0: Own scan request started a scan in 0.000212 seconds
I/WifiHAL (  751): event received NL80211_CMD_TRIGGER_SCAN
I/WifiHAL (  751): event received NL80211_CMD_TRIGGER_SCAN, vendor_id = 0x0
I/WifiHAL (  751): event ignored!!
D/wpa_supplicant( 7163): CTRL_IFACE monitor sent successfully to /data/misc/wifi/sockets/wpa_ctrl_333-2\x00
V/WLAN_PSA(  312): NL MSG, len[4011], NL type[0x1C] WNI type[0x5900] len[37647]
V/WLAN_PSA(  312): NL MSG, PID: 312
D/wpa_supplicant( 7163): CTRL_IFACE monitor sent successfully to /data/misc/wifi/sockets/wpa_ctrl_751-6\x00
D/OpenGLRenderer( 6056): endAllStagingAnimators on 0xb709acf0 (RippleDrawable) with handle 0xb739ef60
I/WindowManager(  751): mDock rect: (0,0 - 720,1280)
V/WindowManager(  751): Status bar: dock=[0,50][720,1280] content=[0,50][720,1280] cur=[0,50][720,1280]
V/WindowManager(  751): layoutWindowLw(): normal window
V/WindowManager(  751): Compute frame : sim=#20 attach=null type=2015 flags=0x01000018 pf=[0,50][720,1280] df=[0,50][720,1280] of=[0,50][720,1280] cf=[0,50][720,1280] vf=[0,50][720,1280] dcf=[0,0][720,1280] sf=[0,50][720,1280]
V/WindowManager(  751): layoutWindowLw(com.android.settings/com.android.settings.SubSettings$WifiSubSettings): IN_SCREEN, INSET_DECOR
V/WindowManager(  751): Compute frame com.android.settings/com.android.settings.SubSettings$WifiSubSettings: sim=#10 attach=null type=1 flags=0x81810100 pf=[0,0][720,1280] df=[0,0][720,1280] of=[0,0][720,1280] cf=[0,50][720,1280] vf=[0,50][720,1280] dcf=[0,0][720,1280] sf=[0,50][720,1280]
I/WindowManager(  751): Win Window{2b5d0932 u0 android}: isVisibleOrBehindKeyguardLw=true
I/WindowManager(  751): Win Window{23583ca7 u0 StatusBar}: isVisibleOrBehindKeyguardLw=true
I/WindowManager(  751): Win Window{3eba8800 u0 com.android.settings/com.android.settings.SubSettings EXITING}: isVisibleOrBehindKeyguardLw=false
I/WindowManager(  751): Win Window{234e31b u0 com.android.settings/com.android.settings.SubSettings$WifiSubSettings}: isVisibleOrBehindKeyguardLw=true
V/WindowManager(  751): Fullscreen window: Window{234e31b u0 com.android.settings/com.android.settings.SubSettings$WifiSubSettings}
