--------- beginning of crash
F/libc    (  441): Fatal signal 13 (SIGPIPE), code 0 in tid 1189 (imsqmidaemon)
I/DEBUG   (  298): *** *** *** *** *** *** *** *** *** *** *** *** *** *** *** ***
I/DEBUG   (  298): Build fingerprint: 'qcom/msm8909/msm8909:5.1.1/LMY47V/09171022:user/release-keys'
I/DEBUG   (  298): Revision: '0'
I/DEBUG   (  298): ABI: 'arm'
I/DEBUG   (  298): pid: 441, tid: 1189, name: imsqmidaemon  >>> /system/bin/imsqmidaemon <<<
I/DEBUG   (  298): signal 13 (SIGPIPE), code 0 (SI_USER), fault addr --------
I/DEBUG   (  298):     r0 ffffffe0  r1 b78df000  r2 0000007c  r3 00000000
I/DEBUG   (  298):     r4 00000000  r5 00000000  r6 00000005  r7 00000122
I/DEBUG   (  298):     r8 b78df000  r9 b6c03088  sl b6ec6de4  fp b6c0b06c
I/DEBUG   (  298):     ip b68f9b88  sp b68f9b78  lr b6e84831  pc b6eaa1b8  cpsr 600b0010
I/DEBUG   (  298): 
I/DEBUG   (  298): backtrace:
I/DEBUG   (  298):     #00 pc 0003a1b8  /system/lib/libc.so (sendto+20)
I/DEBUG   (  298):     #01 pc 0001482d  /system/lib/libc.so (send+8)
I/DEBUG   (  298):     #02 pc 0000330f  /system/vendor/lib/libcneconn.so (send+202)
I/DEBUG   (  298):     #03 pc 00000da7  /system/vendor/lib/libNimsWrap.so (send+30)
I/DEBUG   (  298):     #04 pc 00001d0d  /system/bin/imsqmidaemon
I/DEBUG   (  298):     #05 pc 000062cb  /system/bin/imsqmidaemon
I/DEBUG   (  298):     #06 pc 00002c4f  /system/vendor/lib/libqmi_cci.so (qmi_cci_xport_recv+634)
I/DEBUG   (  298):     #07 pc 00004781  /system/vendor/lib/libqmi_cci.so
I/DEBUG   (  298):     #08 pc 000132b3  /system/lib/libc.so (__pthread_start(void*)+30)
I/DEBUG   (  298):     #09 pc 000111df  /system/lib/libc.so (__start_thread+6)
E/AndroidRuntime( 3273): FATAL EXCEPTION: Thread-196
E/AndroidRuntime( 3273): Process: com.google.android.gms.persistent, PID: 3273
E/AndroidRuntime( 3273): java.lang.UnsatisfiedLinkError: com.google.android.gms.org.conscrypt.NativeCrypto
E/AndroidRuntime( 3273): 	at com.google.android.gms.org.conscrypt.OpenSSLContextImpl$TLSv12.<init>(:com.google.android.gms:152)
E/AndroidRuntime( 3273): 	at com.google.android.gms.org.conscrypt.OpenSSLContextImpl.getPreferred(:com.google.android.gms:55)
E/AndroidRuntime( 3273): 	at com.google.android.gms.common.net.SocketFactoryCreatorImpl.a(:com.google.android.gms:65)
E/AndroidRuntime( 3273): 	at com.google.android.gms.common.net.SocketFactoryCreatorImpl.newSocketFactory(:com.google.android.gms:32)
E/AndroidRuntime( 3273): 	at lff.a(:com.google.android.gms:24)
E/AndroidRuntime( 3273): 	at com.google.android.gms.common.net.SSLCertificateSocketFactory.getDelegate(:com.google.android.gms:242)
E/AndroidRuntime( 3273): 	at com.google.android.gms.common.net.SSLCertificateSocketFactory.createSocket(:com.google.android.gms:498)
E/AndroidRuntime( 3273): 	at com.android.okhttp.Connection.upgradeToTls(Connection.java:175)
E/AndroidRuntime( 3273): 	at com.android.okhttp.Connection.connect(Connection.java:155)
E/AndroidRuntime( 3273): 	at com.android.okhttp.internal.http.HttpEngine.connect(HttpEngine.java:276)
E/AndroidRuntime( 3273): 	at com.android.okhttp.internal.http.HttpEngine.sendRequest(HttpEngine.java:211)
E/AndroidRuntime( 3273): 	at com.android.okhttp.internal.http.HttpURLConnectionImpl.execute(HttpURLConnectionImpl.java:382)
E/AndroidRuntime( 3273): 	at com.android.okhttp.internal.http.HttpURLConnectionImpl.connect(HttpURLConnectionImpl.java:106)
E/AndroidRuntime( 3273): 	at com.android.okhttp.internal.http.HttpURLConnectionImpl.getOutputStream(HttpURLConnectionImpl.java:217)
E/AndroidRuntime( 3273): 	at com.android.okhttp.internal.http.DelegatingHttpsURLConnection.getOutputStream(DelegatingHttpsURLConnection.java:218)
E/AndroidRuntime( 3273): 	at com.android.okhttp.internal.http.HttpsURLConnectionImpl.getOutputStream(HttpsURLConnectionImpl.java:25)
E/AndroidRuntime( 3273): 	at lty.a(:com.google.android.gms:154)
E/AndroidRuntime( 3273): 	at lty.a(:com.google.android.gms:113)
E/AndroidRuntime( 3273): 	at lty.run(:com.google.android.gms:91)
E/AndroidRuntime( 3273): 	at java.lang.Thread.run(Thread.java:818)
E/AndroidRuntime( 4914): FATAL EXCEPTION: Thread-142
E/AndroidRuntime( 4914): Process: com.google.android.gms, PID: 4914
E/AndroidRuntime( 4914): java.lang.RuntimeException: An error occured while executing doInBackground()
E/AndroidRuntime( 4914): 	at android.os.AsyncTask$3.done(AsyncTask.java:304)
E/AndroidRuntime( 4914): 	at java.util.concurrent.FutureTask.finishCompletion(FutureTask.java:355)
E/AndroidRuntime( 4914): 	at java.util.concurrent.FutureTask.setException(FutureTask.java:222)
E/AndroidRuntime( 4914): 	at java.util.concurrent.FutureTask.run(FutureTask.java:242)
E/AndroidRuntime( 4914): 	at java.lang.Thread.run(Thread.java:818)
E/AndroidRuntime( 4914): Caused by: java.lang.UnsatisfiedLinkError: dalvik.system.PathClassLoader[DexPathList[[zip file "/system/framework/com.android.location.provider.jar", zip file "/system/framework/com.android.media.remotedisplay.jar", zip file "/system/priv-app/GmsCore/GmsCore.apk"],nativeLibraryDirectories=[/vendor/lib, /system/lib]]] couldn't find "libgmscore.so"
E/AndroidRuntime( 4914): 	at java.lang.Runtime.loadLibrary(Runtime.java:366)
E/AndroidRuntime( 4914): 	at java.lang.System.loadLibrary(System.java:988)
E/AndroidRuntime( 4914): 	at com.google.android.gms.org.conscrypt.NativeCrypto.<clinit>(:com.google.android.gms:1026)
E/AndroidRuntime( 4914): 	at com.google.android.gms.org.conscrypt.OpenSSLContextImpl$TLSv12.<init>(:com.google.android.gms:152)
E/AndroidRuntime( 4914): 	at com.google.android.gms.org.conscrypt.OpenSSLContextImpl.getPreferred(:com.google.android.gms:55)
E/AndroidRuntime( 4914): 	at com.google.android.gms.common.net.SocketFactoryCreatorImpl.a(:com.google.android.gms:65)
E/AndroidRuntime( 4914): 	at com.google.android.gms.common.net.SocketFactoryCreatorImpl.newSocketFactory(:com.google.android.gms:32)
E/AndroidRuntime( 4914): 	at lff.a(:com.google.android.gms:24)
E/AndroidRuntime( 4914): 	at com.google.android.gms.common.net.SSLCertificateSocketFactory.getDelegate(:com.google.android.gms:242)
E/AndroidRuntime( 4914): 	at com.google.android.gms.common.net.SSLCertificateSocketFactory.createSocket(:com.google.android.gms:498)
E/AndroidRuntime( 4914): 	at com.android.okhttp.Connection.upgradeToTls(Connection.java:175)
E/AndroidRuntime( 4914): 	at com.android.okhttp.Connection.connect(Connection.java:155)
E/AndroidRuntime( 4914): 	at com.android.okhttp.internal.http.HttpEngine.connect(HttpEngine.java:276)
E/AndroidRuntime( 4914): 	at com.android.okhttp.internal.http.HttpEngine.sendRequest(HttpEngine.java:211)
E/AndroidRuntime( 4914): 	at com.android.okhttp.internal.http.HttpURLConnectionImpl.execute(HttpURLConnectionImpl.java:382)
E/AndroidRuntime( 4914): 	at com.android.okhttp.internal.http.HttpURLConnectionImpl.connect(HttpURLConnectionImpl.java:106)
E/AndroidRuntime( 4914): 	at com.android.okhttp.internal.http.HttpURLConnectionImpl.getOutputStream(HttpURLConnectionImpl.java:217)
E/AndroidRuntime( 4914): 	at com.android.okhttp.internal.http.DelegatingHttpsURLConnection.getOutputStream(DelegatingHttpsURLConnection.java:218)
E/AndroidRuntime( 4914): 	at com.android.okhttp.internal.http.HttpsURLConnectionImpl.getOutputStream(HttpsURLConnectionImpl.java:25)
E/AndroidRuntime( 4914): 	at jgf.a(:com.google.android.gms:677)
E/AndroidRuntime( 4914): 	at jgf.a(:com.google.android.gms:332)
E/AndroidRuntime( 4914): 	at jfw.a(:com.google.android.gms:1213)
E/AndroidRuntime( 4914): 	at jfw.doInBackground(:com.google.android.gms:1154)
E/AndroidRuntime( 4914): 	at android.os.AsyncTask$2.call(AsyncTask.java:292)
E/AndroidRuntime( 4914): 	at java.util.concurrent.FutureTask.run(FutureTask.java:237)
E/AndroidRuntime( 4914): 	... 1 more
E/AndroidRuntime( 5791): FATAL EXCEPTION: Thread-242
E/AndroidRuntime( 5791): Process: com.google.android.gms, PID: 5791
E/AndroidRuntime( 5791): java.lang.RuntimeException: An error occured while executing doInBackground()
E/AndroidRuntime( 5791): 	at android.os.AsyncTask$3.done(AsyncTask.java:304)
E/AndroidRuntime( 5791): 	at java.util.concurrent.FutureTask.finishCompletion(FutureTask.java:355)
E/AndroidRuntime( 5791): 	at java.util.concurrent.FutureTask.setException(FutureTask.java:222)
E/AndroidRuntime( 5791): 	at java.util.concurrent.FutureTask.run(FutureTask.java:242)
E/AndroidRuntime( 5791): 	at java.lang.Thread.run(Thread.java:818)
E/AndroidRuntime( 5791): Caused by: java.lang.UnsatisfiedLinkError: dalvik.system.PathClassLoader[DexPathList[[zip file "/system/framework/com.android.location.provider.jar", zip file "/system/framework/com.android.media.remotedisplay.jar", zip file "/system/priv-app/GmsCore/GmsCore.apk"],nativeLibraryDirectories=[/vendor/lib, /system/lib]]] couldn't find "libgmscore.so"
E/AndroidRuntime( 5791): 	at java.lang.Runtime.loadLibrary(Runtime.java:366)
E/AndroidRuntime( 5791): 	at java.lang.System.loadLibrary(System.java:988)
E/AndroidRuntime( 5791): 	at com.google.android.gms.org.conscrypt.NativeCrypto.<clinit>(:com.google.android.gms:1026)
E/AndroidRuntime( 5791): 	at com.google.android.gms.org.conscrypt.OpenSSLContextImpl$TLSv12.<init>(:com.google.android.gms:152)
E/AndroidRuntime( 5791): 	at com.google.android.gms.org.conscrypt.OpenSSLContextImpl.getPreferred(:com.google.android.gms:55)
E/AndroidRuntime( 5791): 	at com.google.android.gms.common.net.SocketFactoryCreatorImpl.a(:com.google.android.gms:65)
E/AndroidRuntime( 5791): 	at com.google.android.gms.common.net.SocketFactoryCreatorImpl.newSocketFactory(:com.google.android.gms:32)
E/AndroidRuntime( 5791): 	at lff.a(:com.google.android.gms:24)
E/AndroidRuntime( 5791): 	at com.google.android.gms.common.net.SSLCertificateSocketFactory.getDelegate(:com.google.android.gms:242)
E/AndroidRuntime( 5791): 	at com.google.android.gms.common.net.SSLCertificateSocketFactory.createSocket(:com.google.android.gms:498)
E/AndroidRuntime( 5791): 	at com.android.okhttp.Connection.upgradeToTls(Connection.java:175)
E/AndroidRuntime( 5791): 	at com.android.okhttp.Connection.connect(Connection.java:155)
E/AndroidRuntime( 5791): 	at com.android.okhttp.internal.http.HttpEngine.connect(HttpEngine.java:276)
E/AndroidRuntime( 5791): 	at com.android.okhttp.internal.http.HttpEngine.sendRequest(HttpEngine.java:211)
E/AndroidRuntime( 5791): 	at com.android.okhttp.internal.http.HttpURLConnectionImpl.execute(HttpURLConnectionImpl.java:382)
E/AndroidRuntime( 5791): 	at com.android.okhttp.internal.http.HttpURLConnectionImpl.connect(HttpURLConnectionImpl.java:106)
E/AndroidRuntime( 5791): 	at com.android.okhttp.internal.http.HttpURLConnectionImpl.getOutputStream(HttpURLConnectionImpl.java:217)
E/AndroidRuntime( 5791): 	at com.android.okhttp.internal.http.DelegatingHttpsURLConnection.getOutputStream(DelegatingHttpsURLConnection.java:218)
E/AndroidRuntime( 5791): 	at com.android.okhttp.internal.http.HttpsURLConnectionImpl.getOutputStream(HttpsURLConnectionImpl.java:25)
E/AndroidRuntime( 5791): 	at jgf.a(:com.google.android.gms:677)
E/AndroidRuntime( 5791): 	at jgf.a(:com.google.android.gms:332)
E/AndroidRuntime( 5791): 	at jfw.a(:com.google.android.gms:1213)
E/AndroidRuntime( 5791): 	at jfw.doInBackground(:com.google.android.gms:1154)
E/AndroidRuntime( 5791): 	at android.os.AsyncTask$2.call(AsyncTask.java:292)
E/AndroidRuntime( 5791): 	at java.util.concurrent.FutureTask.run(FutureTask.java:237)
E/AndroidRuntime( 5791): 	... 1 more
--------- beginning of system
V/WindowManager(  751): layoutWindowLw(com.android.settings/com.android.settings.SubSettings$WifiSubSettings): IN_SCREEN, INSET_DECOR
V/WindowManager(  751): Compute frame com.android.settings/com.android.settings.SubSettings$WifiSubSettings: sim=#110 attach=null type=1 flags=0x81810100 pf=[0,0][720,1280] df=[0,0][720,1280] of=[0,0][720,1280] cf=[0,50][720,1280] vf=[0,50][720,1280] dcf=[0,0][720,1280] sf=[0,50][720,1280]
I/WindowManager(  751): Win Window{2b5d0932 u0 android}: isVisibleOrBehindKeyguardLw=true
I/WindowManager(  751): Win Window{23583ca7 u0 StatusBar}: isVisibleOrBehindKeyguardLw=true
I/WindowManager(  751): Win Window{234e31b u0 com.android.settings/com.android.settings.SubSettings$WifiSubSettings}: isVisibleOrBehindKeyguardLw=true
V/WindowManager(  751): Fullscreen window: Window{234e31b u0 com.android.settings/com.android.settings.SubSettings$WifiSubSettings}
I/WindowManager(  751): Win Window{276e6867 u0 com.android.phasebeam.PhaseBeamWallpaper}: isVisibleOrBehindKeyguardLw=false
I/WindowManager(  751): force=false forcefkg=false top=Window{234e31b u0 com.android.settings/com.android.settings.SubSettings$WifiSubSettings}
D/WindowManager(  751): frame: Rect(0, 0 - 720, 1280) shown frame: RectF(0.0, 0.0, 720.0, 1280.0)
D/WindowManager(  751): attr: WM.LayoutParams{(0,0)(fillxfill) sim=#110 ty=1 fl=#81810100 wanim=0x1030467 vsysui=0x600 surfaceInsets=Rect(0, 0 - 0, 0) needsMenuKey=2} lp.flags=0x81810100
V/WindowManager(  751): ** SHOWING status bar: top is not fullscreen
V/WindowManager(  751): finishPostLayoutPolicyLw: mHideKeyguard=false
V/WindowManager(  751): Adding window Window{cee9382 u0 PopupWindow:1f3a01ba} at 6 of 11 (after Window{234e31b u0 com.android.settings/com.android.settings.SubSettings$WifiSubSettings})
I/WindowManager(  751): mDock rect: (0,0 - 720,1280)
V/WindowManager(  751): Status bar: dock=[0,50][720,1280] content=[0,50][720,1280] cur=[0,50][720,1280]
V/WindowManager(  751): layoutWindowLw(): normal window
V/WindowManager(  751): Compute frame : sim=#20 attach=null type=2015 flags=0x01000018 pf=[0,50][720,1280] df=[0,50][720,1280] of=[0,50][720,1280] cf=[0,50][720,1280] vf=[0,50][720,1280] dcf=[0,0][720,1280] sf=[0,50][720,1280]
V/WindowManager(  751): layoutWindowLw(com.android.settings/com.android.settings.SubSettings$WifiSubSettings): IN_SCREEN, INSET_DECOR
V/WindowManager(  751): Compute frame com.android.settings/com.android.settings.SubSettings$WifiSubSettings: sim=#110 attach=null type=1 flags=0x81810100 pf=[0,0][720,1280] df=[0,0][720,1280] of=[0,0][720,1280] cf=[0,50][720,1280] vf=[0,50][720,1280] dcf=[0,0][720,1280] sf=[0,50][720,1280]
V/WindowManager(  751): layoutWindowLw(PopupWindow:1f3a01ba): attached to Window{234e31b u0 com.android.settings/com.android.settings.SubSettings$WifiSubSettings}
V/WindowManager(  751): Compute frame PopupWindow:1f3a01ba: sim=#11 attach=Window{234e31b u0 com.android.settings/com.android.settings.SubSettings$WifiSubSettings} type=1000 flags=0x41860200 pf=[0,0][720,1280] df=[-10000,-10000][10000,10000] of=[-10000,-10000][10000,10000] cf=[-10000,-10000][10000,10000] vf=[-10000,-10000][10000,10000] dcf=[0,0][720,1280] sf=[0,50][720,1280]
I/WindowManager(  751): Win Window{2b5d0932 u0 android}: isVisibleOrBehindKeyguardLw=true
I/WindowManager(  751): Win Window{23583ca7 u0 StatusBar}: isVisibleOrBehindKeyguardLw=true
I/WindowManager(  751): Win Window{cee9382 u0 PopupWindow:1f3a01ba}: isVisibleOrBehindKeyguardLw=true
I/WindowManager(  751): Win Window{234e31b u0 com.android.settings/com.android.settings.SubSettings$WifiSubSettings}: isVisibleOrBehindKeyguardLw=true
V/WindowManager(  751): Fullscreen window: Window{234e31b u0 com.android.settings/com.android.settings.SubSettings$WifiSubSettings}
I/WindowManager(  751): Win Window{276e6867 u0 com.android.phasebeam.PhaseBeamWallpaper}: isVisibleOrBehindKeyguardLw=false
I/WindowManager(  751): force=false forcefkg=false top=Window{234e31b u0 com.android.settings/com.android.settings.SubSettings$WifiSubSettings}
D/WindowManager(  751): frame: Rect(0, 0 - 720, 1280) shown frame: RectF(0.0, 0.0, 720.0, 1280.0)
D/WindowManager(  751): attr: WM.LayoutParams{(0,0)(fillxfill) sim=#110 ty=1 fl=#81810100 wanim=0x1030467 vsysui=0x600 surfaceInsets=Rect(0, 0 - 0, 0) needsMenuKey=2} lp.flags=0x81810100
V/WindowManager(  751): ** SHOWING status bar: top is not fullscreen
V/WindowManager(  751): finishPostLayoutPolicyLw: mHideKeyguard=false
I/WindowManager(  751): mDock rect: (0,0 - 720,1280)
V/WindowManager(  751): Status bar: dock=[0,50][720,1280] content=[0,50][720,1280] cur=[0,50][720,1280]
V/WindowManager(  751): layoutWindowLw(): normal window
V/WindowManager(  751): Compute frame : sim=#20 attach=null type=2015 flags=0x01000018 pf=[0,50][720,1280] df=[0,50][720,1280] of=[0,50][720,1280] cf=[0,50][720,1280] vf=[0,50][720,1280] dcf=[0,0][720,1280] sf=[0,50][720,1280]
V/WindowManager(  751): layoutWindowLw(com.android.settings/com.android.settings.SubSettings$WifiSubSettings): IN_SCREEN, INSET_DECOR
V/WindowManager(  751): Compute frame com.android.settings/com.android.settings.SubSettings$WifiSubSettings: sim=#110 attach=null type=1 flags=0x81810100 pf=[0,0][720,1280] df=[0,0][720,1280] of=[0,0][720,1280] cf=[0,50][720,1280] vf=[0,50][720,1280] dcf=[0,0][720,1280] sf=[0,50][720,1280]
V/WindowManager(  751): layoutWindowLw(PopupWindow:1f3a01ba): attached to Window{234e31b u0 com.android.settings/com.android.settings.SubSettings$WifiSubSettings}
V/WindowManager(  751): Compute frame PopupWindow:1f3a01ba: sim=#11 attach=Window{234e31b u0 com.android.settings/com.android.settings.SubSettings$WifiSubSettings} type=1000 flags=0x41860200 pf=[0,0][720,1280] df=[-10000,-10000][10000,10000] of=[-10000,-10000][10000,10000] cf=[-10000,-10000][10000,10000] vf=[-10000,-10000][10000,10000] dcf=[0,0][720,1280] sf=[0,50][720,1280]
I/WindowManager(  751): Win Window{2b5d0932 u0 android}: isVisibleOrBehindKeyguardLw=true
I/WindowManager(  751): Win Window{23583ca7 u0 StatusBar}: isVisibleOrBehindKeyguardLw=true
I/WindowManager(  751): Win Window{cee9382 u0 PopupWindow:1f3a01ba}: isVisibleOrBehindKeyguardLw=true
I/WindowManager(  751): Win Window{234e31b u0 com.android.settings/com.android.settings.SubSettings$WifiSubSettings}: isVisibleOrBehindKeyguardLw=true
V/WindowManager(  751): Fullscreen window: Window{234e31b u0 com.android.settings/com.android.settings.SubSettings$WifiSubSettings}
I/WindowManager(  751): Win Window{276e6867 u0 com.android.phasebeam.PhaseBeamWallpaper}: isVisibleOrBehindKeyguardLw=false
I/WindowManager(  751): force=false forcefkg=false top=Window{234e31b u0 com.android.settings/com.android.settings.SubSettings$WifiSubSettings}
D/WindowManager(  751): frame: Rect(0, 0 - 720, 1280) shown frame: RectF(0.0, 0.0, 720.0, 1280.0)
D/WindowManager(  751): attr: WM.LayoutParams{(0,0)(fillxfill) sim=#110 ty=1 fl=#81810100 wanim=0x1030467 vsysui=0x600 surfaceInsets=Rect(0, 0 - 0, 0) needsMenuKey=2} lp.flags=0x81810100
V/WindowManager(  751): ** SHOWING status bar: top is not fullscreen
V/WindowManager(  751): finishPostLayoutPolicyLw: mHideKeyguard=false
I/WindowManager(  751): Win Window{2b5d0932 u0 android}: isVisibleOrBehindKeyguardLw=true
I/WindowManager(  751): Win Window{23583ca7 u0 StatusBar}: isVisibleOrBehindKeyguardLw=true
I/WindowManager(  751): Win Window{cee9382 u0 PopupWindow:1f3a01ba}: isVisibleOrBehindKeyguardLw=true
I/WindowManager(  751): Win Window{234e31b u0 com.android.settings/com.android.settings.SubSettings$WifiSubSettings}: isVisibleOrBehindKeyguardLw=true
V/WindowManager(  751): Fullscreen window: Window{234e31b u0 com.android.settings/com.android.settings.SubSettings$WifiSubSettings}
I/WindowManager(  751): Win Window{276e6867 u0 com.android.phasebeam.PhaseBeamWallpaper}: isVisibleOrBehindKeyguardLw=false
I/WindowManager(  751): force=false forcefkg=false top=Window{234e31b u0 com.android.settings/com.android.settings.SubSettings$WifiSubSettings}
D/WindowManager(  751): frame: Rect(0, 0 - 720, 1280) shown frame: RectF(0.0, 0.0, 720.0, 1280.0)
D/WindowManager(  751): attr: WM.LayoutParams{(0,0)(fillxfill) sim=#110 ty=1 fl=#81810100 wanim=0x1030467 vsysui=0x600 surfaceInsets=Rect(0, 0 - 0, 0) needsMenuKey=2} lp.flags=0x81810100
V/WindowManager(  751): ** SHOWING status bar: top is not fullscreen
V/WindowManager(  751): finishPostLayoutPolicyLw: mHideKeyguard=false
I/WindowManager(  751): mDock rect: (0,0 - 720,1280)
V/WindowManager(  751): Status bar: dock=[0,50][720,1280] content=[0,50][720,1280] cur=[0,50][720,1280]
V/WindowManager(  751): layoutWindowLw(): normal window
V/WindowManager(  751): Compute frame : sim=#20 attach=null type=2015 flags=0x01000018 pf=[0,50][720,1280] df=[0,50][720,1280] of=[0,50][720,1280] cf=[0,50][720,1280] vf=[0,50][720,1280] dcf=[0,0][720,1280] sf=[0,50][720,1280]
V/WindowManager(  751): layoutWindowLw(com.android.settings/com.android.settings.SubSettings$WifiSubSettings): IN_SCREEN, INSET_DECOR
V/WindowManager(  751): Compute frame com.android.settings/com.android.settings.SubSettings$WifiSubSettings: sim=#110 attach=null type=1 flags=0x81810100 pf=[0,0][720,1280] df=[0,0][720,1280] of=[0,0][720,1280] cf=[0,50][720,1280] vf=[0,50][720,1280] dcf=[0,0][720,1280] sf=[0,50][720,1280]
V/WindowManager(  751): layoutWindowLw(PopupWindow:1f3a01ba): attached to Window{234e31b u0 com.android.settings/com.android.settings.SubSettings$WifiSubSettings}
V/WindowManager(  751): Compute frame PopupWindow:1f3a01ba: sim=#11 attach=Window{234e31b u0 com.android.settings/com.android.settings.SubSettings$WifiSubSettings} type=1000 flags=0x41860200 pf=[0,0][720,1280] df=[-10000,-10000][10000,10000] of=[-10000,-10000][10000,10000] cf=[-10000,-10000][10000,10000] vf=[-10000,-10000][10000,10000] dcf=[0,0][720,1280] sf=[0,50][720,1280]
I/WindowManager(  751): Win Window{2b5d0932 u0 android}: isVisibleOrBehindKeyguardLw=true
I/WindowManager(  751): Win Window{23583ca7 u0 StatusBar}: isVisibleOrBehindKeyguardLw=true
I/WindowManager(  751): Win Window{cee9382 u0 PopupWindow:1f3a01ba}: isVisibleOrBehindKeyguardLw=true
I/WindowManager(  751): Win Window{234e31b u0 com.android.settings/com.android.settings.SubSettings$WifiSubSettings}: isVisibleOrBehindKeyguardLw=true
V/WindowManager(  751): Fullscreen window: Window{234e31b u0 com.android.settings/com.android.settings.SubSettings$WifiSubSettings}
I/WindowManager(  751): Win Window{276e6867 u0 com.android.phasebeam.PhaseBeamWallpaper}: isVisibleOrBehindKeyguardLw=false
I/WindowManager(  751): force=false forcefkg=false top=Window{234e31b u0 com.android.settings/com.android.settings.SubSettings$WifiSubSettings}
D/WindowManager(  751): frame: Rect(0, 0 - 720, 1280) shown frame: RectF(0.0, 0.0, 720.0, 1280.0)
D/WindowManager(  751): attr: WM.LayoutParams{(0,0)(fillxfill) sim=#110 ty=1 fl=#81810100 wanim=0x1030467 vsysui=0x600 surfaceInsets=Rect(0, 0 - 0, 0) needsMenuKey=2} lp.flags=0x81810100
V/WindowManager(  751): ** SHOWING status bar: top is not fullscreen
V/WindowManager(  751): finishPostLayoutPolicyLw: mHideKeyguard=false
I/WindowManager(  751): mDock rect: (0,0 - 720,1280)
V/WindowManager(  751): Status bar: dock=[0,50][720,1280] content=[0,50][720,1280] cur=[0,50][720,1280]
V/WindowManager(  751): layoutWindowLw(): normal window
V/WindowManager(  751): Compute frame : sim=#20 attach=null type=2015 flags=0x01000018 pf=[0,50][720,1280] df=[0,50][720,1280] of=[0,50][720,1280] cf=[0,50][720,1280] vf=[0,50][720,1280] dcf=[0,0][720,1280] sf=[0,50][720,1280]
V/WindowManager(  751): layoutWindowLw(com.android.settings/com.android.settings.SubSettings$WifiSubSettings): IN_SCREEN, INSET_DECOR
V/WindowManager(  751): Compute frame com.android.settings/com.android.settings.SubSettings$WifiSubSettings: sim=#110 attach=null type=1 flags=0x81810100 pf=[0,0][720,1280] df=[0,0][720,1280] of=[0,0][720,1280] cf=[0,50][720,1280] vf=[0,50][720,1280] dcf=[0,0][720,1280] sf=[0,50][720,1280]
V/WindowManager(  751): layoutWindowLw(PopupWindow:1f3a01ba): attached to Window{234e31b u0 com.android.settings/com.android.settings.SubSettings$WifiSubSettings}
V/WindowManager(  751): Compute frame PopupWindow:1f3a01ba: sim=#11 attach=Window{234e31b u0 com.android.settings/com.android.settings.SubSettings$WifiSubSettings} type=1000 flags=0x41860200 pf=[0,0][720,1280] df=[-10000,-10000][10000,10000] of=[-10000,-10000][10000,10000] cf=[-10000,-10000][10000,10000] vf=[-10000,-10000][10000,10000] dcf=[0,0][720,1280] sf=[0,50][720,1280]
I/WindowManager(  751): Win Window{2b5d0932 u0 android}: isVisibleOrBehindKeyguardLw=true
I/WindowManager(  751): Win Window{23583ca7 u0 StatusBar}: isVisibleOrBehindKeyguardLw=true
I/WindowManager(  751): Win Window{cee9382 u0 PopupWindow:1f3a01ba}: isVisibleOrBehindKeyguardLw=true
I/WindowManager(  751): Win Window{234e31b u0 com.android.settings/com.android.settings.SubSettings$WifiSubSettings}: isVisibleOrBehindKeyguardLw=true
V/WindowManager(  751): Fullscreen window: Window{234e31b u0 com.android.settings/com.android.settings.SubSettings$WifiSubSettings}
I/WindowManager(  751): Win Window{276e6867 u0 com.android.phasebeam.PhaseBeamWallpaper}: isVisibleOrBehindKeyguardLw=false
I/WindowManager(  751): force=false forcefkg=false top=Window{234e31b u0 com.android.settings/com.android.settings.SubSettings$WifiSubSettings}
D/WindowManager(  751): frame: Rect(0, 0 - 720, 1280) shown frame: RectF(0.0, 0.0, 720.0, 1280.0)
D/WindowManager(  751): attr: WM.LayoutParams{(0,0)(fillxfill) sim=#110 ty=1 fl=#81810100 wanim=0x1030467 vsysui=0x600 surfaceInsets=Rect(0, 0 - 0, 0) needsMenuKey=2} lp.flags=0x81810100
V/WindowManager(  751): ** SHOWING status bar: top is not fullscreen
V/WindowManager(  751): finishPostLayoutPolicyLw: mHideKeyguard=false
I/WindowManager(  751): Win Window{2b5d0932 u0 android}: isVisibleOrBehindKeyguardLw=true
I/WindowManager(  751): Win Window{23583ca7 u0 StatusBar}: isVisibleOrBehindKeyguardLw=true
I/WindowManager(  751): Win Window{cee9382 u0 PopupWindow:1f3a01ba}: isVisibleOrBehindKeyguardLw=true
I/WindowManager(  751): Win Window{234e31b u0 com.android.settings/com.android.settings.SubSettings$WifiSubSettings}: isVisibleOrBehindKeyguardLw=true
V/WindowManager(  751): Fullscreen window: Window{234e31b u0 com.android.settings/com.android.settings.SubSettings$WifiSubSettings}
I/WindowManager(  751): Win Window{276e6867 u0 com.android.phasebeam.PhaseBeamWallpaper}: isVisibleOrBehindKeyguardLw=false
I/WindowManager(  751): force=false forcefkg=false top=Window{234e31b u0 com.android.settings/com.android.settings.SubSettings$WifiSubSettings}
D/WindowManager(  751): frame: Rect(0, 0 - 720, 1280) shown frame: RectF(0.0, 0.0, 720.0, 1280.0)
D/WindowManager(  751): attr: WM.LayoutParams{(0,0)(fillxfill) sim=#110 ty=1 fl=#81810100 wanim=0x1030467 vsysui=0x600 surfaceInsets=Rect(0, 0 - 0, 0) needsMenuKey=2} lp.flags=0x81810100
V/WindowManager(  751): ** SHOWING status bar: top is not fullscreen
V/WindowManager(  751): finishPostLayoutPolicyLw: mHideKeyguard=false
--------- beginning of main
V/WLAN_PSA(  312): NL MSG, len[4004], NL type[0x1C] WNI type[0x5900] len[35855]
V/WLAN_PSA(  312): NL MSG, PID: 312
I/WindowManager(  751): Win Window{2b5d0932 u0 android}: isVisibleOrBehindKeyguardLw=true
I/WindowManager(  751): Win Window{23583ca7 u0 StatusBar}: isVisibleOrBehindKeyguardLw=true
I/WindowManager(  751): Win Window{cee9382 u0 PopupWindow:1f3a01ba}: isVisibleOrBehindKeyguardLw=true
I/WindowManager(  751): Win Window{234e31b u0 com.android.settings/com.android.settings.SubSettings$WifiSubSettings}: isVisibleOrBehindKeyguardLw=true
V/WindowManager(  751): Fullscreen window: Window{234e31b u0 com.android.settings/com.android.settings.SubSettings$WifiSubSettings}
I/WindowManager(  751): Win Window{276e6867 u0 com.android.phasebeam.PhaseBeamWallpaper}: isVisibleOrBehindKeyguardLw=false
I/WindowManager(  751): force=false forcefkg=false top=Window{234e31b u0 com.android.settings/com.android.settings.SubSettings$WifiSubSettings}
D/WindowManager(  751): frame: Rect(0, 0 - 720, 1280) shown frame: RectF(0.0, 0.0, 720.0, 1280.0)
D/WindowManager(  751): attr: WM.LayoutParams{(0,0)(fillxfill) sim=#110 ty=1 fl=#81810100 wanim=0x1030467 vsysui=0x600 surfaceInsets=Rect(0, 0 - 0, 0) needsMenuKey=2} lp.flags=0x81810100
V/WindowManager(  751): ** SHOWING status bar: top is not fullscreen
V/WindowManager(  751): finishPostLayoutPolicyLw: mHideKeyguard=false
V/WLAN_PSA(  312): NL MSG, len[4081], NL type[0x1C] WNI type[0x5900] len[55567]
V/WLAN_PSA(  312): NL MSG, PID: 312
D/BatteryMeterView( 3026): onDraw level = 82
E/AudioPolicyManager(  301): unknown stream type 13
E/AudioPolicyManager(  301): unknown stream type 13
E/AudioPolicyManager(  301): unknown stream type 13
E/AudioPolicyManager(  301): unknown stream type 13
E/AudioPolicyManager(  301): unknown stream type 13
E/AudioPolicyManager(  301): unknown stream type 13
E/AudioPolicyManager(  301): unknown stream type 13
E/AudioPolicyManager(  301): unknown stream type 13
E/AudioPolicyManager(  301): unknown stream type 13
I/Timeline( 6056): Timeline: Activity_launch_request id:com.android.settings time:402540
I/ActivityManager(  751): START u0 {act=android.intent.action.MAIN cmp=com.android.settings/.SubSettings (has extras)} from uid 1000 on display 0
I/WindowManager(  751): mDock rect: (0,0 - 720,1280)
V/WindowManager(  751): Status bar: dock=[0,50][720,1280] content=[0,50][720,1280] cur=[0,50][720,1280]
V/WindowManager(  751): layoutWindowLw(): normal window
V/WindowManager(  751): Compute frame : sim=#20 attach=null type=2015 flags=0x01000018 pf=[0,50][720,1280] df=[0,50][720,1280] of=[0,50][720,1280] cf=[0,50][720,1280] vf=[0,50][720,1280] dcf=[0,0][720,1280] sf=[0,50][720,1280]
V/WindowManager(  751): layoutWindowLw(com.android.settings/com.android.settings.SubSettings$WifiSubSettings): IN_SCREEN, INSET_DECOR
V/WindowManager(  751): Compute frame com.android.settings/com.android.settings.SubSettings$WifiSubSettings: sim=#110 attach=null type=1 flags=0x81810100 pf=[0,0][720,1280] df=[0,0][720,1280] of=[0,0][720,1280] cf=[0,50][720,1280] vf=[0,50][720,1280] dcf=[0,0][720,1280] sf=[0,50][720,1280]
V/WindowManager(  751): layoutWindowLw(PopupWindow:1f3a01ba): attached to Window{234e31b u0 com.android.settings/com.android.settings.SubSettings$WifiSubSettings}
V/WindowManager(  751): Compute frame PopupWindow:1f3a01ba: sim=#11 attach=Window{234e31b u0 com.android.settings/com.android.settings.SubSettings$WifiSubSettings} type=1000 flags=0x41860200 pf=[0,0][720,1280] df=[-10000,-10000][10000,10000] of=[-10000,-10000][10000,10000] cf=[-10000,-10000][10000,10000] vf=[-10000,-10000][10000,10000] dcf=[0,0][720,1280] sf=[0,50][720,1280]
I/WindowManager(  751): Win Window{2b5d0932 u0 android}: isVisibleOrBehindKeyguardLw=true
I/WindowManager(  751): Win Window{23583ca7 u0 StatusBar}: isVisibleOrBehindKeyguardLw=true
I/WindowManager(  751): Win Window{cee9382 u0 PopupWindow:1f3a01ba}: isVisibleOrBehindKeyguardLw=true
I/WindowManager(  751): Win Window{234e31b u0 com.android.settings/com.android.settings.SubSettings$WifiSubSettings}: isVisibleOrBehindKeyguardLw=true
V/WindowManager(  751): Fullscreen window: Window{234e31b u0 com.android.settings/com.android.settings.SubSettings$WifiSubSettings}
I/WindowManager(  751): Win Window{276e6867 u0 com.android.phasebeam.PhaseBeamWallpaper}: isVisibleOrBehindKeyguardLw=false
I/WindowManager(  751): force=false forcefkg=false top=Window{234e31b u0 com.android.settings/com.android.settings.SubSettings$WifiSubSettings}
D/WindowManager(  751): frame: Rect(0, 0 - 720, 1280) shown frame: RectF(0.0, 0.0, 720.0, 1280.0)
D/WindowManager(  751): attr: WM.LayoutParams{(0,0)(fillxfill) sim=#110 ty=1 fl=#81810100 wanim=0x1030467 vsysui=0x600 surfaceInsets=Rect(0, 0 - 0, 0) needsMenuKey=2} lp.flags=0x81810100
V/WindowManager(  751): ** SHOWING status bar: top is not fullscreen
V/WindowManager(  751): finishPostLayoutPolicyLw: mHideKeyguard=false
V/WindowManager(  751): addAppToken: AppWindowToken{16c24cef token=Token{1e7665ce ActivityRecord{67feac9 u0 com.android.settings/.SubSettings t639}}} to stack=1 task=639 at 2
I/WindowManager(  751): mDock rect: (0,0 - 720,1280)
V/WindowManager(  751): Status bar: dock=[0,50][720,1280] content=[0,50][720,1280] cur=[0,50][720,1280]
V/WindowManager(  751): layoutWindowLw(): normal window
V/WindowManager(  751): Compute frame : sim=#20 attach=null type=2015 flags=0x01000018 pf=[0,50][720,1280] df=[0,50][720,1280] of=[0,50][720,1280] cf=[0,50][720,1280] vf=[0,50][720,1280] dcf=[0,0][720,1280] sf=[0,50][720,1280]
V/WindowManager(  751): layoutWindowLw(com.android.settings/com.android.settings.SubSettings$WifiSubSettings): IN_SCREEN, INSET_DECOR
V/WindowManager(  751): Compute frame com.android.settings/com.android.settings.SubSettings$WifiSubSettings: sim=#110 attach=null type=1 flags=0x81810100 pf=[0,0][720,1280] df=[0,0][720,1280] of=[0,0][720,1280] cf=[0,50][720,1280] vf=[0,50][720,1280] dcf=[0,0][720,1280] sf=[0,50][720,1280]
V/WindowManager(  751): layoutWindowLw(PopupWindow:1f3a01ba): attached to Window{234e31b u0 com.android.settings/com.android.settings.SubSettings$WifiSubSettings}
V/WindowManager(  751): Compute frame PopupWindow:1f3a01ba: sim=#11 attach=Window{234e31b u0 com.android.settings/com.android.settings.SubSettings$WifiSubSettings} type=1000 flags=0x41860200 pf=[0,0][720,1280] df=[-10000,-10000][10000,10000] of=[-10000,-10000][10000,10000] cf=[-10000,-10000][10000,10000] vf=[-10000,-10000][10000,10000] dcf=[0,0][720,1280] sf=[0,50][720,1280]
I/WindowManager(  751): Win Window{2b5d0932 u0 android}: isVisibleOrBehindKeyguardLw=true
I/WindowManager(  751): Win Window{23583ca7 u0 StatusBar}: isVisibleOrBehindKeyguardLw=true
I/WindowManager(  751): Win Window{cee9382 u0 PopupWindow:1f3a01ba EXITING}: isVisibleOrBehindKeyguardLw=false
I/WindowManager(  751): Win Window{234e31b u0 com.android.settings/com.android.settings.SubSettings$WifiSubSettings}: isVisibleOrBehindKeyguardLw=true
V/WindowManager(  751): Fullscreen window: Window{234e31b u0 com.android.settings/com.android.settings.SubSettings$WifiSubSettings}
I/WindowManager(  751): Win Window{276e6867 u0 com.android.phasebeam.PhaseBeamWallpaper}: isVisibleOrBehindKeyguardLw=false
I/WindowManager(  751): force=false forcefkg=false top=Window{234e31b u0 com.android.settings/com.android.settings.SubSettings$WifiSubSettings}
D/WindowManager(  751): frame: Rect(0, 0 - 720, 1280) shown frame: RectF(0.0, 0.0, 720.0, 1280.0)
D/WindowManager(  751): attr: WM.LayoutParams{(0,0)(fillxfill) sim=#110 ty=1 fl=#81810100 wanim=0x1030467 vsysui=0x600 surfaceInsets=Rect(0, 0 - 0, 0) needsMenuKey=2} lp.flags=0x81810100
V/WindowManager(  751): ** SHOWING status bar: top is not fullscreen
V/WindowManager(  751): finishPostLayoutPolicyLw: mHideKeyguard=false
I/WindowManager(  751): Win Window{2b5d0932 u0 android}: isVisibleOrBehindKeyguardLw=true
I/WindowManager(  751): Win Window{23583ca7 u0 StatusBar}: isVisibleOrBehindKeyguardLw=true
I/WindowManager(  751): Win Window{cee9382 u0 PopupWindow:1f3a01ba EXITING}: isVisibleOrBehindKeyguardLw=false
I/WindowManager(  751): Win Window{234e31b u0 com.android.settings/com.android.settings.SubSettings$WifiSubSettings}: isVisibleOrBehindKeyguardLw=false
I/WindowManager(  751): Win Window{276e6867 u0 com.android.phasebeam.PhaseBeamWallpaper}: isVisibleOrBehindKeyguardLw=false
I/WindowManager(  751): force=false forcefkg=false top=null
V/WindowManager(  751): finishPostLayoutPolicyLw: mHideKeyguard=false
D/SubSettings( 6056): Launching fragment com.android.settings.wifi.AdvancedWifiSettings
W/ResourceType( 6056): Failure getting entry for 0x7f090baa (t=8 e=2986) (error -75)
W/ResourceType( 6056): Failure getting entry for 0x7f090bab (t=8 e=2987) (error -75)
W/Resources( 6056): Converting to string: TypedValue{t=0x1/d=0x7f090bab a=-1 r=0x7f090bab}
W/Resources( 6056): Converting to string: TypedValue{t=0x1/d=0x7f090baa a=-1 r=0x7f090baa}
W/ResourceType( 6056): Failure getting entry for 0x7f090baa (t=8 e=2986) (error -75)
W/ResourceType( 6056): Failure getting entry for 0x7f090bab (t=8 e=2987) (error -75)
W/Resources( 6056): Converting to string: TypedValue{t=0x1/d=0x7f090bab a=-1 r=0x7f090bab}
I/SurfaceFlinger(  260): FPS: 40
E/AudioPolicyManager(  301): unknown stream type 13
E/AudioPolicyManager(  301): unknown stream type 13
E/AudioPolicyManager(  301): unknown stream type 13
E/AudioPolicyManager(  301): unknown stream type 13
E/AudioPolicyManager(  301): unknown stream type 13
E/AudioPolicyManager(  301): unknown stream type 13
E/AudioPolicyManager(  301): unknown stream type 13
E/AudioPolicyManager(  301): unknown stream type 13
E/AudioPolicyManager(  301): unknown stream type 13
E/AudioPolicyManager(  301): unknown stream type 13
E/AudioPolicyManager(  301): unknown stream type 13
E/AudioPolicyManager(  301): unknown stream type 13
E/AudioPolicyManager(  301): unknown stream type 13
E/AudioPolicyManager(  301): unknown stream type 13
E/AudioPolicyManager(  301): unknown stream type 13
E/AudioPolicyManager(  301): unknown stream type 13
E/AudioPolicyManager(  301): unknown stream type 13
I/ViewRootImpl( 6056): CPU Rendering VSync enable = true
V/WindowManager(  751): Adding window Window{3eba8800 u0 com.android.settings/com.android.settings.SubSettings} at 7 of 12 (after Window{cee9382 u0 PopupWindow:1f3a01ba EXITING})
V/WLAN_PSA(  312): NL MSG, len[4029], NL type[0x1C] WNI type[0x5900] len[42255]
V/WLAN_PSA(  312): NL MSG, PID: 312
I/WindowManager(  751): mDock rect: (0,0 - 720,1280)
V/WindowManager(  751): Status bar: dock=[0,50][720,1280] content=[0,50][720,1280] cur=[0,50][720,1280]
V/WindowManager(  751): layoutWindowLw(): normal window
V/WindowManager(  751): Compute frame : sim=#20 attach=null type=2015 flags=0x01000018 pf=[0,50][720,1280] df=[0,50][720,1280] of=[0,50][720,1280] cf=[0,50][720,1280] vf=[0,50][720,1280] dcf=[0,0][720,1280] sf=[0,50][720,1280]
V/WindowManager(  751): layoutWindowLw(com.android.settings/com.android.settings.SubSettings): IN_SCREEN, INSET_DECOR
V/WindowManager(  751): Compute frame com.android.settings/com.android.settings.SubSettings: sim=#110 attach=null type=1 flags=0x81810100 pf=[0,0][720,1280] df=[0,0][720,1280] of=[0,0][720,1280] cf=[0,50][720,1280] vf=[0,50][720,1280] dcf=[0,0][720,1280] sf=[0,50][720,1280]
I/WindowManager(  751): Win Window{2b5d0932 u0 android}: isVisibleOrBehindKeyguardLw=true
I/WindowManager(  751): Win Window{23583ca7 u0 StatusBar}: isVisibleOrBehindKeyguardLw=true
I/WindowManager(  751): Win Window{3eba8800 u0 com.android.settings/com.android.settings.SubSettings}: isVisibleOrBehindKeyguardLw=false
I/WindowManager(  751): Win Window{cee9382 u0 PopupWindow:1f3a01ba EXITING}: isVisibleOrBehindKeyguardLw=false
I/WindowManager(  751): Win Window{234e31b u0 com.android.settings/com.android.settings.SubSettings$WifiSubSettings}: isVisibleOrBehindKeyguardLw=false
I/WindowManager(  751): Win Window{276e6867 u0 com.android.phasebeam.PhaseBeamWallpaper}: isVisibleOrBehindKeyguardLw=false
I/WindowManager(  751): force=false forcefkg=false top=null
V/WindowManager(  751): finishPostLayoutPolicyLw: mHideKeyguard=false
I/WindowManager(  751): mDock rect: (0,0 - 720,1280)
V/WindowManager(  751): Status bar: dock=[0,50][720,1280] content=[0,50][720,1280] cur=[0,50][720,1280]
V/WindowManager(  751): layoutWindowLw(): normal window
V/WindowManager(  751): Compute frame : sim=#20 attach=null type=2015 flags=0x01000018 pf=[0,50][720,1280] df=[0,50][720,1280] of=[0,50][720,1280] cf=[0,50][720,1280] vf=[0,50][720,1280] dcf=[0,0][720,1280] sf=[0,50][720,1280]
I/WindowManager(  751): Win Window{2b5d0932 u0 android}: isVisibleOrBehindKeyguardLw=true
I/WindowManager(  751): Win Window{23583ca7 u0 StatusBar}: isVisibleOrBehindKeyguardLw=true
I/WindowManager(  751): Win Window{3eba8800 u0 com.android.settings/com.android.settings.SubSettings}: isVisibleOrBehindKeyguardLw=false
I/WindowManager(  751): Win Window{cee9382 u0 PopupWindow:1f3a01ba EXITING}: isVisibleOrBehindKeyguardLw=false
I/WindowManager(  751): Win Window{234e31b u0 com.android.settings/com.android.settings.SubSettings$WifiSubSettings}: isVisibleOrBehindKeyguardLw=false
I/WindowManager(  751): Win Window{276e6867 u0 com.android.phasebeam.PhaseBeamWallpaper}: isVisibleOrBehindKeyguardLw=false
I/WindowManager(  751): force=false forcefkg=false top=null
V/WindowManager(  751): finishPostLayoutPolicyLw: mHideKeyguard=false
V/WLAN_PSA(  312): NL MSG, len[4009], NL type[0x1C] WNI type[0x5900] len[37135]
V/WLAN_PSA(  312): NL MSG, PID: 312
I/WindowManager(  751): Win Window{2b5d0932 u0 android}: isVisibleOrBehindKeyguardLw=true
I/WindowManager(  751): Win Window{23583ca7 u0 StatusBar}: isVisibleOrBehindKeyguardLw=true
I/WindowManager(  751): Win Window{3eba8800 u0 com.android.settings/com.android.settings.SubSettings}: isVisibleOrBehindKeyguardLw=false
I/WindowManager(  751): Win Window{cee9382 u0 PopupWindow:1f3a01ba}: isVisibleOrBehindKeyguardLw=false
I/WindowManager(  751): Win Window{234e31b u0 com.android.settings/com.android.settings.SubSettings$WifiSubSettings}: isVisibleOrBehindKeyguardLw=false
I/WindowManager(  751): Win Window{276e6867 u0 com.android.phasebeam.PhaseBeamWallpaper}: isVisibleOrBehindKeyguardLw=false
I/WindowManager(  751): force=false forcefkg=false top=null
V/WindowManager(  751): finishPostLayoutPolicyLw: mHideKeyguard=false
I/WindowManager(  751): mDock rect: (0,0 - 720,1280)
V/WindowManager(  751): Status bar: dock=[0,50][720,1280] content=[0,50][720,1280] cur=[0,50][720,1280]
V/WindowManager(  751): layoutWindowLw(): normal window
V/WindowManager(  751): Compute frame : sim=#20 attach=null type=2015 flags=0x01000018 pf=[0,50][720,1280] df=[0,50][720,1280] of=[0,50][720,1280] cf=[0,50][720,1280] vf=[0,50][720,1280] dcf=[0,0][720,1280] sf=[0,50][720,1280]
I/WindowManager(  751): Win Window{2b5d0932 u0 android}: isVisibleOrBehindKeyguardLw=true
I/WindowManager(  751): Win Window{23583ca7 u0 StatusBar}: isVisibleOrBehindKeyguardLw=true
I/WindowManager(  751): Win Window{3eba8800 u0 com.android.settings/com.android.settings.SubSettings}: isVisibleOrBehindKeyguardLw=false
I/WindowManager(  751): Win Window{234e31b u0 com.android.settings/com.android.settings.SubSettings$WifiSubSettings}: isVisibleOrBehindKeyguardLw=false
I/WindowManager(  751): Win Window{276e6867 u0 com.android.phasebeam.PhaseBeamWallpaper}: isVisibleOrBehindKeyguardLw=false
I/WindowManager(  751): force=false forcefkg=false top=null
V/WindowManager(  751): finishPostLayoutPolicyLw: mHideKeyguard=false
V/WLAN_PSA(  312): NL MSG, len[4053], NL type[0x1C] WNI type[0x5900] len[48399]
V/WLAN_PSA(  312): NL MSG, PID: 312
V/WLAN_PSA(  312): NL MSG, len[4075], NL type[0x1C] WNI type[0x5900] len[54031]
V/WLAN_PSA(  312): NL MSG, PID: 312
V/WLAN_PSA(  312): NL MSG, len[914], NL type[0x11] WNI type[0x5050] len[894]
V/WLAN_PSA(  312): NL MSG, PID: 312
V/WLAN_PSA(  312): NL MSG, len[3956], NL type[0x1C] WNI type[0x5900] len[23567]
V/WLAN_PSA(  312): NL MSG, PID: 312
I/WifiHAL (  751): Poll result = 1
I/WifiHAL (  751): Found some events!!!
D/WifiHAL (  751): no_seq_check received
I/WifiHAL (  751): event received NL80211_CMD_NEW_SCAN_RESULTS
I/WifiHAL (  751): event received NL80211_CMD_NEW_SCAN_RESULTS, vendor_id = 0x0
I/WifiHAL (  751): event ignored!!
D/wpa_supplicant( 3626): nl80211: Event message available
D/wpa_supplicant( 3626): nl80211: Drv Event 34 (NL80211_CMD_NEW_SCAN_RESULTS) received for wlan0
D/wpa_supplicant( 3626): wlan0: nl80211: New scan results available
D/wpa_supplicant( 3626): nl80211: Scan included frequencies: 2412 2417 2422 2427 2432 2437 2442 2447 2452 2457 2462 5180 5200 5220 5240 5260 5280 5300 5320 5500 5520 5540 5560 5580 5600 5620 5640 5660 5680 5700 5720 5745 5765 5785 5805 5825
D/wpa_supplicant( 3626): wlan0: Event SCAN_RESULTS (3) received
D/wpa_supplicant( 3626): wlan0: Scan completed in 2.281362 seconds
D/wpa_supplicant( 3626): nl80211: Associated on 2437 MHz
D/wpa_supplicant( 3626): nl80211: Associated with fc:dd:55:70:0b:6b
D/wpa_supplicant( 3626): nl80211: Received scan results (1 BSSes)
D/wpa_supplicant( 3626): nl80211: Scan results indicate BSS status with fc:dd:55:70:0b:6b as associated
D/wpa_supplicant( 3626): wlan0: BSS: Start scan result update 14
D/wpa_supplicant( 3626): BSS: last_scan_res_used=1/32
D/wpa_supplicant( 3626): wlan0: Scan-only results received
D/wpa_supplicant( 3626): CTRL_IFACE monitor sent successfully to /data/misc/wifi/sockets/wpa_ctrl_333-1\x00
D/wpa_supplicant( 3626): CTRL_IFACE monitor sent successfully to /data/misc/wifi/sockets/wpa_ctrl_751-2\x00
D/wpa_supplicant( 3626): wlan0: Radio work 'scan'@0xb8bdeb60 done in 2.287395 seconds
D/BatteryMeterView( 3026): onDraw level = 92
D/wpa_supplicant( 3626): wlan0: Control interface command 'BSS RANGE=0- MASK=0x21987'
D/wpa_supplicant( 3626): wlan0: Control interface command 'STATUS-NO_EVENTS'
D/LBSSystemMonitorService(  751): handleMessage what - 4
D/Wiper_jni(  751): Send Network Location.
E/LocSvc_api_v02(  751): I/---> locClientSendReq line 2065 QMI_LOC_INJECT_WIFI_POSITION_REQ_V02
E/LocSvc_ApiV02(  751): I/<--- void globalRespCb(locClientHandleType, uint32_t, locClientRespIndUnionType, void*) line 111 QMI_LOC_INJECT_WIFI_POSITION_REQ_V02
I/WindowManager(  751): mDock rect: (0,0 - 720,1280)
V/WindowManager(  751): Status bar: dock=[0,50][720,1280] content=[0,50][720,1280] cur=[0,50][720,1280]
V/WindowManager(  751): layoutWindowLw(): normal window
V/WindowManager(  751): Compute frame : sim=#20 attach=null type=2015 flags=0x01000018 pf=[0,50][720,1280] df=[0,50][720,1280] of=[0,50][720,1280] cf=[0,50][720,1280] vf=[0,50][720,1280] dcf=[0,0][720,1280] sf=[0,50][720,1280]
I/WindowManager(  751): Win Window{2b5d0932 u0 android}: isVisibleOrBehindKeyguardLw=true
I/WindowManager(  751): Win Window{23583ca7 u0 StatusBar}: isVisibleOrBehindKeyguardLw=true
I/WindowManager(  751): Win Window{3eba8800 u0 com.android.settings/com.android.settings.SubSettings}: isVisibleOrBehindKeyguardLw=false
I/WindowManager(  751): Win Window{234e31b u0 com.android.settings/com.android.settings.SubSettings$WifiSubSettings}: isVisibleOrBehindKeyguardLw=false
I/WindowManager(  751): Win Window{276e6867 u0 com.android.phasebeam.PhaseBeamWallpaper}: isVisibleOrBehindKeyguardLw=false
I/WindowManager(  751): force=false forcefkg=false top=null
V/WindowManager(  751): finishPostLayoutPolicyLw: mHideKeyguard=false
I/WindowManager(  751): mDock rect: (0,0 - 720,1280)
V/WindowManager(  751): Status bar: dock=[0,50][720,1280] content=[0,50][720,1280] cur=[0,50][720,1280]
V/WindowManager(  751): layoutWindowLw(): normal window
V/WindowManager(  751): Compute frame : sim=#20 attach=null type=2015 flags=0x01000018 pf=[0,50][720,1280] df=[0,50][720,1280] of=[0,50][720,1280] cf=[0,50][720,1280] vf=[0,50][720,1280] dcf=[0,0][720,1280] sf=[0,50][720,1280]
V/WindowManager(  751): layoutWindowLw(com.android.settings/com.android.settings.SubSettings): IN_SCREEN, INSET_DECOR
V/WindowManager(  751): Compute frame com.android.settings/com.android.settings.SubSettings: sim=#110 attach=null type=1 flags=0x81810100 pf=[0,0][720,1280] df=[0,0][720,1280] of=[0,0][720,1280] cf=[0,50][720,1280] vf=[0,50][720,1280] dcf=[0,0][720,1280] sf=[0,50][720,1280]
I/WindowManager(  751): Win Window{2b5d0932 u0 android}: isVisibleOrBehindKeyguardLw=true
I/WindowManager(  751): Win Window{23583ca7 u0 StatusBar}: isVisibleOrBehindKeyguardLw=true
I/WindowManager(  751): Win Window{3eba8800 u0 com.android.settings/com.android.settings.SubSettings}: isVisibleOrBehindKeyguardLw=true
V/WindowManager(  751): Fullscreen window: Window{3eba8800 u0 com.android.settings/com.android.settings.SubSettings}
I/WindowManager(  751): Win Window{234e31b u0 com.android.settings/com.android.settings.SubSettings$WifiSubSettings}: isVisibleOrBehindKeyguardLw=false
I/WindowManager(  751): Win Window{276e6867 u0 com.android.phasebeam.PhaseBeamWallpaper}: isVisibleOrBehindKeyguardLw=false
I/WindowManager(  751): force=false forcefkg=false top=Window{3eba8800 u0 com.android.settings/com.android.settings.SubSettings}
D/WindowManager(  751): frame: Rect(0, 0 - 720, 1280) shown frame: RectF(0.0, 0.0, 720.0, 1280.0)
D/WindowManager(  751): attr: WM.LayoutParams{(0,0)(fillxfill) sim=#110 ty=1 fl=#81810100 wanim=0x1030467 vsysui=0x600 surfaceInsets=Rect(0, 0 - 0, 0) needsMenuKey=2} lp.flags=0x81810100
V/WindowManager(  751): ** SHOWING status bar: top is not fullscreen
V/WindowManager(  751): finishPostLayoutPolicyLw: mHideKeyguard=false
I/ActivityManager(  751): Displayed com.android.settings/.SubSettings: +331ms
I/WindowManager(  751): Win Window{2b5d0932 u0 android}: isVisibleOrBehindKeyguardLw=true
I/WindowManager(  751): Win Window{23583ca7 u0 StatusBar}: isVisibleOrBehindKeyguardLw=true
I/WindowManager(  751): Win Window{3eba8800 u0 com.android.settings/com.android.settings.SubSettings}: isVisibleOrBehindKeyguardLw=true
V/WindowManager(  751): Fullscreen window: Window{3eba8800 u0 com.android.settings/com.android.settings.SubSettings}
I/WindowManager(  751): Win Window{234e31b u0 com.android.settings/com.android.settings.SubSettings$WifiSubSettings}: isVisibleOrBehindKeyguardLw=false
I/WindowManager(  751): Win Window{276e6867 u0 com.android.phasebeam.PhaseBeamWallpaper}: isVisibleOrBehindKeyguardLw=false
I/WindowManager(  751): force=false forcefkg=false top=Window{3eba8800 u0 com.android.settings/com.android.settings.SubSettings}
D/WindowManager(  751): frame: Rect(0, 0 - 720, 1280) shown frame: RectF(0.0, 77.464005, 720.0, 1357.464)
D/WindowManager(  751): attr: WM.LayoutParams{(0,0)(fillxfill) sim=#110 ty=1 fl=#81810100 wanim=0x1030467 vsysui=0x600 surfaceInsets=Rect(0, 0 - 0, 0) needsMenuKey=2} lp.flags=0x81810100
V/WindowManager(  751): ** SHOWING status bar: top is not fullscreen
V/WindowManager(  751): finishPostLayoutPolicyLw: mHideKeyguard=false
I/WindowManager(  751): mDock rect: (0,0 - 720,1280)
V/WindowManager(  751): Status bar: dock=[0,50][720,1280] content=[0,50][720,1280] cur=[0,50][720,1280]
V/WindowManager(  751): layoutWindowLw(): normal window
