I/telpo_native(  759): 00
I/telpo_native(  759): 00
I/telpo_native(  759): 00
I/telpo_native(  759): 00
I/telpo_native(  759): 00
I/telpo_native(  759): 
D/telpo_native(19709): CallIntMethod return ret = 0 length = 20
D/BatteryMeterView( 3211): not on charging...
D/BatteryMeterView( 3211): not on charging...
D/BatteryMeterView( 3211): not on charging...
I/qdhwcomposer(  260): handle_blank_event: dpy:0 panel power state: 0
E/qdutils (  260): int qdutils::getHDMINode(): Failed to open fb node 1
E/qdutils (  260): int qdutils::getHDMINode(): Failed to open fb node 2
E/qdutils (  260): int qdutils::getHDMINode(): Failed to find HDMI node
V/WLAN_PSA(  315): NL MSG, len[3996], NL type[0x1C] WNI type[0x5900] len[33807]
V/WLAN_PSA(  315): NL MSG, PID: 315
D/VM_BMS  (  481): wake_lock acquired
D/VM_BMS  (  481): New BMS data - Size=56
D/VM_BMS  (  481): Start process_bms_data
D/VM_BMS  (  481): Battery charge_cycle=0 fcc_adjust=0 rbatt_adjust=0 cycle_changed=false
D/telpo_native(  759): usb_printer_write data start!
D/telpo_native(  759): usb_printer_write start!
E/telpo_native(  759): ret = 25
D/telpo_native(  759): handle_emv_serial_read_write_cmd: usb write length = 25
D/VM_BMS  (  481): For batt_temp=255 fcc_mah=2200
D/VM_BMS  (  481): Lookup fcc_mah=2200.000000  adjusted fcc_mah=2200.000000
D/VM_BMS  (  481): For ocv=3805532 batt_temp=255 soc=37
D/VM_BMS  (  481): fifo_count=0 acc_count=8
D/VM_BMS  (  481): INIT: ocv=3805532 last_ocv=3805532 batt_temp=255 soc=37
D/VM_BMS  (  481): For soc=37 batt_temp=255 slope=3000
D/VM_BMS  (  481): For soc=37 batt_temp=255 rbatt_sf=105
D/VM_BMS  (  481): rbatt_mohm_default=72, rbatt_mohm=75, sf=105 batt_temp=255
D/VM_BMS  (  481): Lookup rbatt=75.000000  adjusted rbatt=75.000000
D/VM_BMS  (  481): For ocv=3805531 batt_temp=255 soc=37
D/VM_BMS  (  481): FIFO=0 fifo_avg=3.803714 rbatt=0.125000 slope=0.300000 ibatt=0.014542 ocv=3.805532 soc=37 fcc_ah=2.200000 sample_count=8 sample_interval=70 seq_num=6455
E/libsuspend(  759): Error writing to /sys/power/state: Device or resource busy
E/telpo_native(  759): Cannot find response header
D/telpo_native(  759): handle_emv_serial_read_write_cmd: not enough data receive,continue
I/VM_BMS  (  481): power_supply_update: ocv_uv=3805531 ibatt=14542 soc=37 seq_num=6455
D/VM_BMS  (  481): End process_bms_data
D/VM_BMS  (  481): wake_lock released
E/telpo_native(  759): serial_read:start read
E/telpo_native(  759): serial_read:serial_read read_size = 0
D/telpo_native(  759): handle_emv_serial_read_write_cmd: usb_printer_read length = 20
I/telpo_native(  759): 0b
I/telpo_native(  759): b0
I/telpo_native(  759): 96
I/telpo_native(  759): 69
I/telpo_native(  759): 04
I/telpo_native(  759): 00
I/telpo_native(  759): 00
I/telpo_native(  759): 00
I/telpo_native(  759): 3c
I/telpo_native(  759): 00
I/telpo_native(  759): 04
I/telpo_native(  759): 01
I/telpo_native(  759): 00
I/telpo_native(  759): 00
I/telpo_native(  759): 00
I/telpo_native(  759): 00
I/telpo_native(  759): 00
I/telpo_native(  759): 00
I/telpo_native(  759): 00
I/telpo_native(  759): 00
I/telpo_native(  759): 
D/telpo_native(  759): handle_emv_serial_read_write_cmd: parse successfully!
I/telpo_native(  759): handle_emv_serial_read_write_cmd: receive data length is 20
I/telpo_native(  759): 0b
I/telpo_native(  759): b0
I/telpo_native(  759): 96
I/telpo_native(  759): 69
I/telpo_native(  759): 04
I/telpo_native(  759): 00
I/telpo_native(  759): 00
I/telpo_native(  759): 00
I/telpo_native(  759): 3c
I/telpo_native(  759): 00
I/telpo_native(  759): 04
I/telpo_native(  759): 01
I/telpo_native(  759): 00
I/telpo_native(  759): 00
I/telpo_native(  759): 00
I/telpo_native(  759): 00
I/telpo_native(  759): 00
I/telpo_native(  759): 00
I/telpo_native(  759): 00
I/telpo_native(  759): 00
I/telpo_native(  759): 
D/telpo_native(19709): CallIntMethod return ret = 0 length = 20
D/BatteryMeterView( 3211): not on charging...
D/BatteryMeterView( 3211): not on charging...
D/BatteryMeterView( 3211): not on charging...
I/qdhwcomposer(  260): handle_blank_event: dpy:0 panel power state: 0
E/qdutils (  260): int qdutils::getHDMINode(): Failed to open fb node 1
E/qdutils (  260): int qdutils::getHDMINode(): Failed to open fb node 2
E/qdutils (  260): int qdutils::getHDMINode(): Failed to find HDMI node
D/VM_BMS  (  481): wake_lock acquired
D/VM_BMS  (  481): New BMS data - Size=56
D/VM_BMS  (  481): Start process_bms_data
D/VM_BMS  (  481): Battery charge_cycle=0 fcc_adjust=0 rbatt_adjust=0 cycle_changed=false
D/telpo_native(  759): usb_printer_write data start!
D/telpo_native(  759): usb_printer_write start!
E/telpo_native(  759): ret = 25
D/telpo_native(  759): handle_emv_serial_read_write_cmd: usb write length = 25
D/VM_BMS  (  481): For batt_temp=255 fcc_mah=2200
D/VM_BMS  (  481): Lookup fcc_mah=2200.000000  adjusted fcc_mah=2200.000000
D/VM_BMS  (  481): For ocv=3805531 batt_temp=255 soc=37
D/VM_BMS  (  481): fifo_count=0 acc_count=8
D/VM_BMS  (  481): INIT: ocv=3805531 last_ocv=3805531 batt_temp=255 soc=37
D/VM_BMS  (  481): For soc=37 batt_temp=255 slope=3000
D/VM_BMS  (  481): For soc=37 batt_temp=255 rbatt_sf=105
D/VM_BMS  (  481): rbatt_mohm_default=72, rbatt_mohm=75, sf=105 batt_temp=255
D/VM_BMS  (  481): Lookup rbatt=75.000000  adjusted rbatt=75.000000
D/VM_BMS  (  481): For ocv=3805530 batt_temp=255 soc=37
D/VM_BMS  (  481): FIFO=0 fifo_avg=3.803592 rbatt=0.125000 slope=0.300000 ibatt=0.015511 ocv=3.805531 soc=37 fcc_ah=2.200000 sample_count=8 sample_interval=70 seq_num=6456
E/telpo_native(  759): Cannot find response header
D/telpo_native(  759): handle_emv_serial_read_write_cmd: not enough data receive,continue
E/libsuspend(  759): Error writing to /sys/power/state: Device or resource busy
I/VM_BMS  (  481): power_supply_update: ocv_uv=3805530 ibatt=15511 soc=37 seq_num=6456
D/VM_BMS  (  481): End process_bms_data
D/VM_BMS  (  481): wake_lock released
E/telpo_native(  759): serial_read:start read
E/telpo_native(  759): serial_read:serial_read read_size = 0
D/telpo_native(  759): handle_emv_serial_read_write_cmd: usb_printer_read length = 20
I/telpo_native(  759): 0b
I/telpo_native(  759): b0
I/telpo_native(  759): 96
I/telpo_native(  759): 69
I/telpo_native(  759): 04
I/telpo_native(  759): 00
I/telpo_native(  759): 00
I/telpo_native(  759): 00
I/telpo_native(  759): 3d
I/telpo_native(  759): 00
I/telpo_native(  759): 04
I/telpo_native(  759): 01
I/telpo_native(  759): 00
I/telpo_native(  759): 00
I/telpo_native(  759): 00
I/telpo_native(  759): 00
I/telpo_native(  759): 00
I/telpo_native(  759): 00
I/telpo_native(  759): 00
I/telpo_native(  759): 00
I/telpo_native(  759): 
D/telpo_native(  759): handle_emv_serial_read_write_cmd: parse successfully!
I/telpo_native(  759): handle_emv_serial_read_write_cmd: receive data length is 20
I/telpo_native(  759): 0b
I/telpo_native(  759): b0
I/telpo_native(  759): 96
I/telpo_native(  759): 69
I/telpo_native(  759): 04
I/telpo_native(  759): 00
I/telpo_native(  759): 00
I/telpo_native(  759): 00
I/telpo_native(  759): 3d
I/telpo_native(  759): 00
I/telpo_native(  759): 04
I/telpo_native(  759): 01
I/telpo_native(  759): 00
I/telpo_native(  759): 00
I/telpo_native(  759): 00
I/telpo_native(  759): 00
I/telpo_native(  759): 00
I/telpo_native(  759): 00
I/telpo_native(  759): 00
I/telpo_native(  759): 00
I/telpo_native(  759): 
D/telpo_native(19709): CallIntMethod return ret = 0 length = 20
D/BatteryMeterView( 3211): not on charging...
D/BatteryMeterView( 3211): not on charging...
D/BatteryMeterView( 3211): not on charging...
I/qdhwcomposer(  260): handle_blank_event: dpy:0 panel power state: 0
E/qdutils (  260): int qdutils::getHDMINode(): Failed to open fb node 1
E/qdutils (  260): int qdutils::getHDMINode(): Failed to open fb node 2
E/qdutils (  260): int qdutils::getHDMINode(): Failed to find HDMI node
V/WLAN_PSA(  315): NL MSG, len[4090], NL type[0x1C] WNI type[0x5900] len[57871]
V/WLAN_PSA(  315): NL MSG, PID: 315
D/VM_BMS  (  481): wake_lock acquired
D/VM_BMS  (  481): New BMS data - Size=56
D/VM_BMS  (  481): Start process_bms_data
D/VM_BMS  (  481): Battery charge_cycle=0 fcc_adjust=0 rbatt_adjust=0 cycle_changed=false
D/telpo_native(  759): usb_printer_write data start!
E/libsuspend(  759): Error writing to /sys/power/state: Device or resource busy
D/telpo_native(  759): usb_printer_write start!
E/telpo_native(  759): ret = 25
D/telpo_native(  759): handle_emv_serial_read_write_cmd: usb write length = 25
D/VM_BMS  (  481): For batt_temp=255 fcc_mah=2200
D/VM_BMS  (  481): Lookup fcc_mah=2200.000000  adjusted fcc_mah=2200.000000
D/VM_BMS  (  481): For ocv=3805530 batt_temp=255 soc=37
D/VM_BMS  (  481): fifo_count=0 acc_count=8
D/VM_BMS  (  481): INIT: ocv=3805530 last_ocv=3805530 batt_temp=255 soc=37
D/VM_BMS  (  481): For soc=37 batt_temp=255 slope=3000
D/VM_BMS  (  481): For soc=37 batt_temp=255 rbatt_sf=105
D/VM_BMS  (  481): rbatt_mohm_default=72, rbatt_mohm=75, sf=105 batt_temp=255
D/VM_BMS  (  481): Lookup rbatt=75.000000  adjusted rbatt=75.000000
D/VM_BMS  (  481): For ocv=3805529 batt_temp=255 soc=37
D/VM_BMS  (  481): FIFO=0 fifo_avg=3.803379 rbatt=0.125000 slope=0.300000 ibatt=0.017207 ocv=3.805530 soc=37 fcc_ah=2.200000 sample_count=8 sample_interval=70 seq_num=6457
I/VM_BMS  (  481): power_supply_update: ocv_uv=3805529 ibatt=17206 soc=37 seq_num=6457
D/VM_BMS  (  481): End process_bms_data
E/telpo_native(  759): Cannot find response header
D/telpo_native(  759): handle_emv_serial_read_write_cmd: not enough data receive,continue
D/VM_BMS  (  481): wake_lock released
E/telpo_native(  759): serial_read:start read
E/telpo_native(  759): serial_read:serial_read read_size = 0
D/telpo_native(  759): handle_emv_serial_read_write_cmd: usb_printer_read length = 20
I/telpo_native(  759): 0b
I/telpo_native(  759): b0
I/telpo_native(  759): 96
I/telpo_native(  759): 69
I/telpo_native(  759): 04
I/telpo_native(  759): 00
I/telpo_native(  759): 00
I/telpo_native(  759): 00
I/telpo_native(  759): 3e
I/telpo_native(  759): 00
I/telpo_native(  759): 04
I/telpo_native(  759): 01
I/telpo_native(  759): 00
I/telpo_native(  759): 00
I/telpo_native(  759): 00
I/telpo_native(  759): 00
I/telpo_native(  759): 00
I/telpo_native(  759): 00
I/telpo_native(  759): 00
I/telpo_native(  759): 00
I/telpo_native(  759): 
D/telpo_native(  759): handle_emv_serial_read_write_cmd: parse successfully!
I/telpo_native(  759): handle_emv_serial_read_write_cmd: receive data length is 20
I/telpo_native(  759): 0b
I/telpo_native(  759): b0
I/telpo_native(  759): 96
I/telpo_native(  759): 69
I/telpo_native(  759): 04
I/telpo_native(  759): 00
I/telpo_native(  759): 00
I/telpo_native(  759): 00
I/telpo_native(  759): 3e
I/telpo_native(  759): 00
I/telpo_native(  759): 04
I/telpo_native(  759): 01
I/telpo_native(  759): 00
I/telpo_native(  759): 00
I/telpo_native(  759): 00
I/telpo_native(  759): 00
I/telpo_native(  759): 00
I/telpo_native(  759): 00
I/telpo_native(  759): 00
I/telpo_native(  759): 00
I/telpo_native(  759): 
D/telpo_native(19709): CallIntMethod return ret = 0 length = 20
D/BatteryMeterView( 3211): not on charging...
D/BatteryMeterView( 3211): not on charging...
D/BatteryMeterView( 3211): not on charging...
I/qdhwcomposer(  260): handle_blank_event: dpy:0 panel power state: 0
E/qdutils (  260): int qdutils::getHDMINode(): Failed to open fb node 1
E/qdutils (  260): int qdutils::getHDMINode(): Failed to open fb node 2
E/qdutils (  260): int qdutils::getHDMINode(): Failed to find HDMI node
D/VM_BMS  (  481): wake_lock acquired
D/VM_BMS  (  481): New BMS data - Size=56
D/VM_BMS  (  481): Start process_bms_data
D/VM_BMS  (  481): Battery charge_cycle=0 fcc_adjust=0 rbatt_adjust=0 cycle_changed=false
D/VM_BMS  (  481): For batt_temp=255 fcc_mah=2200
D/VM_BMS  (  481): Lookup fcc_mah=2200.000000  adjusted fcc_mah=2200.000000
D/VM_BMS  (  481): For ocv=3805529 batt_temp=255 soc=37
D/VM_BMS  (  481): fifo_count=0 acc_count=8
D/VM_BMS  (  481): INIT: ocv=3805529 last_ocv=3805529 batt_temp=255 soc=37
D/VM_BMS  (  481): For soc=37 batt_temp=255 slope=3000
D/VM_BMS  (  481): For soc=37 batt_temp=255 rbatt_sf=105
D/VM_BMS  (  481): rbatt_mohm_default=72, rbatt_mohm=75, sf=105 batt_temp=255
D/VM_BMS  (  481): Lookup rbatt=75.000000  adjusted rbatt=75.000000
D/VM_BMS  (  481): For ocv=3805529 batt_temp=255 soc=37
D/VM_BMS  (  481): FIFO=0 fifo_avg=3.804863 rbatt=0.125000 slope=0.300000 ibatt=0.005329 ocv=3.805529 soc=37 fcc_ah=2.200000 sample_count=8 sample_interval=70 seq_num=6458
I/VM_BMS  (  481): power_supply_update: ocv_uv=3805529 ibatt=5328 soc=37 seq_num=6458
D/VM_BMS  (  481): End process_bms_data
D/VM_BMS  (  481): wake_lock released
D/telpo_native(  759): usb_printer_write data start!
D/telpo_native(  759): usb_printer_write start!
E/telpo_native(  759): ret = 25
D/telpo_native(  759): handle_emv_serial_read_write_cmd: usb write length = 25
E/libsuspend(  759): Error writing to /sys/power/state: Device or resource busy
E/telpo_native(  759): Cannot find response header
D/telpo_native(  759): handle_emv_serial_read_write_cmd: not enough data receive,continue
E/telpo_native(  759): serial_read:start read
E/telpo_native(  759): serial_read:serial_read read_size = 0
D/telpo_native(  759): handle_emv_serial_read_write_cmd: usb_printer_read length = 20
I/telpo_native(  759): 0b
I/telpo_native(  759): b0
I/telpo_native(  759): 96
I/telpo_native(  759): 69
I/telpo_native(  759): 04
I/telpo_native(  759): 00
I/telpo_native(  759): 00
I/telpo_native(  759): 00
I/telpo_native(  759): 3f
I/telpo_native(  759): 00
I/telpo_native(  759): 04
I/telpo_native(  759): 01
I/telpo_native(  759): 00
I/telpo_native(  759): 00
I/telpo_native(  759): 00
I/telpo_native(  759): 00
I/telpo_native(  759): 00
I/telpo_native(  759): 00
I/telpo_native(  759): 00
I/telpo_native(  759): 00
I/telpo_native(  759): 
D/telpo_native(  759): handle_emv_serial_read_write_cmd: parse successfully!
I/telpo_native(  759): handle_emv_serial_read_write_cmd: receive data length is 20
I/telpo_native(  759): 0b
I/telpo_native(  759): b0
I/telpo_native(  759): 96
I/telpo_native(  759): 69
I/telpo_native(  759): 04
I/telpo_native(  759): 00
I/telpo_native(  759): 00
I/telpo_native(  759): 00
I/telpo_native(  759): 3f
I/telpo_native(  759): 00
I/telpo_native(  759): 04
I/telpo_native(  759): 01
I/telpo_native(  759): 00
I/telpo_native(  759): 00
I/telpo_native(  759): 00
I/telpo_native(  759): 00
I/telpo_native(  759): 00
I/telpo_native(  759): 00
I/telpo_native(  759): 00
I/telpo_native(  759): 00
I/telpo_native(  759): 
D/telpo_native(19709): CallIntMethod return ret = 0 length = 20
D/BatteryMeterView( 3211): not on charging...
D/BatteryMeterView( 3211): not on charging...
D/BatteryMeterView( 3211): not on charging...
I/qdhwcomposer(  260): handle_blank_event: dpy:0 panel power state: 0
E/qdutils (  260): int qdutils::getHDMINode(): Failed to open fb node 1
E/qdutils (  260): int qdutils::getHDMINode(): Failed to open fb node 2
E/qdutils (  260): int qdutils::getHDMINode(): Failed to find HDMI node
D/VM_BMS  (  481): wake_lock acquired
D/VM_BMS  (  481): New BMS data - Size=56
D/VM_BMS  (  481): Start process_bms_data
D/VM_BMS  (  481): Battery charge_cycle=0 fcc_adjust=0 rbatt_adjust=0 cycle_changed=false
E/libsuspend(  759): Error writing to /sys/power/state: Device or resource busy
D/VM_BMS  (  481): For batt_temp=255 fcc_mah=2200
D/VM_BMS  (  481): Lookup fcc_mah=2200.000000  adjusted fcc_mah=2200.000000
D/VM_BMS  (  481): For ocv=3805529 batt_temp=255 soc=37
D/VM_BMS  (  481): fifo_count=0 acc_count=8
D/VM_BMS  (  481): INIT: ocv=3805529 last_ocv=3805529 batt_temp=255 soc=37
D/VM_BMS  (  481): For soc=37 batt_temp=255 slope=3000
D/VM_BMS  (  481): For soc=37 batt_temp=255 rbatt_sf=105
D/VM_BMS  (  481): rbatt_mohm_default=72, rbatt_mohm=75, sf=105 batt_temp=255
D/VM_BMS  (  481): Lookup rbatt=75.000000  adjusted rbatt=75.000000
D/VM_BMS  (  481): For ocv=3805529 batt_temp=255 soc=37
D/VM_BMS  (  481): FIFO=0 fifo_avg=3.805198 rbatt=0.125000 slope=0.300000 ibatt=0.002649 ocv=3.805529 soc=37 fcc_ah=2.200000 sample_count=8 sample_interval=70 seq_num=6459
I/VM_BMS  (  481): power_supply_update: ocv_uv=3805529 ibatt=2649 soc=37 seq_num=6459
D/VM_BMS  (  481): End process_bms_data
D/VM_BMS  (  481): wake_lock released
D/telpo_native(  759): usb_printer_write data start!
D/telpo_native(  759): usb_printer_write start!
E/telpo_native(  759): ret = 25
D/telpo_native(  759): handle_emv_serial_read_write_cmd: usb write length = 25
E/telpo_native(  759): Cannot find response header
D/telpo_native(  759): handle_emv_serial_read_write_cmd: not enough data receive,continue
E/telpo_native(  759): Cannot find response header
D/telpo_native(  759): handle_emv_serial_read_write_cmd: not enough data receive,continue
E/telpo_native(  759): serial_read:start read
E/telpo_native(  759): serial_read:serial_read read_size = 0
D/telpo_native(  759): handle_emv_serial_read_write_cmd: usb_printer_read length = 20
I/telpo_native(  759): 0b
I/telpo_native(  759): b0
I/telpo_native(  759): 96
I/telpo_native(  759): 69
I/telpo_native(  759): 04
I/telpo_native(  759): 00
I/telpo_native(  759): 00
I/telpo_native(  759): 00
I/telpo_native(  759): 40
I/telpo_native(  759): 00
I/telpo_native(  759): 04
I/telpo_native(  759): 01
I/telpo_native(  759): 00
I/telpo_native(  759): 00
I/telpo_native(  759): 00
I/telpo_native(  759): 00
I/telpo_native(  759): 00
I/telpo_native(  759): 00
I/telpo_native(  759): 00
I/telpo_native(  759): 00
I/telpo_native(  759): 
D/telpo_native(  759): handle_emv_serial_read_write_cmd: parse successfully!
I/telpo_native(  759): handle_emv_serial_read_write_cmd: receive data length is 20
I/telpo_native(  759): 0b
I/telpo_native(  759): b0
I/telpo_native(  759): 96
I/telpo_native(  759): 69
I/telpo_native(  759): 04
I/telpo_native(  759): 00
I/telpo_native(  759): 00
I/telpo_native(  759): 00
I/telpo_native(  759): 40
I/telpo_native(  759): 00
I/telpo_native(  759): 04
I/telpo_native(  759): 01
I/telpo_native(  759): 00
I/telpo_native(  759): 00
I/telpo_native(  759): 00
I/telpo_native(  759): 00
I/telpo_native(  759): 00
I/telpo_native(  759): 00
I/telpo_native(  759): 00
I/telpo_native(  759): 00
I/telpo_native(  759): 
D/telpo_native(19709): CallIntMethod return ret = 0 length = 20
D/BatteryMeterView( 3211): not on charging...
D/BatteryMeterView( 3211): not on charging...
D/BatteryMeterView( 3211): not on charging...
I/qdhwcomposer(  260): handle_blank_event: dpy:0 panel power state: 0
E/qdutils (  260): int qdutils::getHDMINode(): Failed to open fb node 1
E/qdutils (  260): int qdutils::getHDMINode(): Failed to open fb node 2
E/qdutils (  260): int qdutils::getHDMINode(): Failed to find HDMI node
D/VM_BMS  (  481): wake_lock acquired
D/VM_BMS  (  481): New BMS data - Size=56
D/VM_BMS  (  481): Start process_bms_data
D/VM_BMS  (  481): Battery charge_cycle=0 fcc_adjust=0 rbatt_adjust=0 cycle_changed=false
V/WLAN_PSA(  315): NL MSG, len[4027], NL type[0x1C] WNI type[0x5900] len[41743]
V/WLAN_PSA(  315): NL MSG, PID: 315
D/telpo_native(  759): usb_printer_write data start!
D/telpo_native(  759): usb_printer_write start!
E/telpo_native(  759): ret = 25
D/telpo_native(  759): handle_emv_serial_read_write_cmd: usb write length = 25
E/libsuspend(  759): Error writing to /sys/power/state: Device or resource busy
D/VM_BMS  (  481): For batt_temp=255 fcc_mah=2200
D/VM_BMS  (  481): Lookup fcc_mah=2200.000000  adjusted fcc_mah=2200.000000
D/VM_BMS  (  481): For ocv=3805529 batt_temp=255 soc=37
D/VM_BMS  (  481): fifo_count=0 acc_count=8
D/VM_BMS  (  481): INIT: ocv=3805529 last_ocv=3805529 batt_temp=255 soc=37
D/VM_BMS  (  481): For soc=37 batt_temp=255 slope=3000
D/VM_BMS  (  481): For soc=37 batt_temp=255 rbatt_sf=105
D/VM_BMS  (  481): rbatt_mohm_default=72, rbatt_mohm=75, sf=105 batt_temp=255
D/VM_BMS  (  481): Lookup rbatt=75.000000  adjusted rbatt=75.000000
D/VM_BMS  (  481): For ocv=3805529 batt_temp=255 soc=37
D/VM_BMS  (  481): FIFO=0 fifo_avg=3.805186 rbatt=0.125000 slope=0.300000 ibatt=0.002744 ocv=3.805529 soc=37 fcc_ah=2.200000 sample_count=8 sample_interval=70 seq_num=6460
I/VM_BMS  (  481): power_supply_update: ocv_uv=3805529 ibatt=2744 soc=37 seq_num=6460
D/VM_BMS  (  481): End process_bms_data
D/VM_BMS  (  481): wake_lock released
E/telpo_native(  759): Cannot find response header
D/telpo_native(  759): handle_emv_serial_read_write_cmd: not enough data receive,continue
E/telpo_native(  759): serial_read:start read
E/telpo_native(  759): serial_read:serial_read read_size = 0
D/telpo_native(  759): handle_emv_serial_read_write_cmd: usb_printer_read length = 20
I/telpo_native(  759): 0b
I/telpo_native(  759): b0
I/telpo_native(  759): 96
I/telpo_native(  759): 69
I/telpo_native(  759): 04
I/telpo_native(  759): 00
I/telpo_native(  759): 00
I/telpo_native(  759): 00
I/telpo_native(  759): 41
I/telpo_native(  759): 00
I/telpo_native(  759): 04
I/telpo_native(  759): 01
I/telpo_native(  759): 00
I/telpo_native(  759): 00
I/telpo_native(  759): 00
I/telpo_native(  759): 00
I/telpo_native(  759): 00
I/telpo_native(  759): 00
I/telpo_native(  759): 00
I/telpo_native(  759): 00
I/telpo_native(  759): 
D/telpo_native(  759): handle_emv_serial_read_write_cmd: parse successfully!
I/telpo_native(  759): handle_emv_serial_read_write_cmd: receive data length is 20
I/telpo_native(  759): 0b
I/telpo_native(  759): b0
I/telpo_native(  759): 96
I/telpo_native(  759): 69
I/telpo_native(  759): 04
I/telpo_native(  759): 00
I/telpo_native(  759): 00
I/telpo_native(  759): 00
I/telpo_native(  759): 41
I/telpo_native(  759): 00
I/telpo_native(  759): 04
I/telpo_native(  759): 01
I/telpo_native(  759): 00
I/telpo_native(  759): 00
I/telpo_native(  759): 00
I/telpo_native(  759): 00
I/telpo_native(  759): 00
I/telpo_native(  759): 00
I/telpo_native(  759): 00
I/telpo_native(  759): 00
I/telpo_native(  759): 
D/telpo_native(19709): CallIntMethod return ret = 0 length = 20
D/BatteryMeterView( 3211): not on charging...
D/BatteryMeterView( 3211): not on charging...
D/BatteryMeterView( 3211): not on charging...
I/qdhwcomposer(  260): handle_blank_event: dpy:0 panel power state: 0
E/qdutils (  260): int qdutils::getHDMINode(): Failed to open fb node 1
E/qdutils (  260): int qdutils::getHDMINode(): Failed to open fb node 2
E/qdutils (  260): int qdutils::getHDMINode(): Failed to find HDMI node
D/VM_BMS  (  481): wake_lock acquired
D/VM_BMS  (  481): New BMS data - Size=56
D/VM_BMS  (  481): Start process_bms_data
D/VM_BMS  (  481): Battery charge_cycle=0 fcc_adjust=0 rbatt_adjust=0 cycle_changed=false
D/telpo_native(  759): usb_printer_write data start!
D/telpo_native(  759): usb_printer_write start!
E/telpo_native(  759): ret = 25
D/telpo_native(  759): handle_emv_serial_read_write_cmd: usb write length = 25
E/libsuspend(  759): Error writing to /sys/power/state: Device or resource busy
D/VM_BMS  (  481): For batt_temp=255 fcc_mah=2200
D/VM_BMS  (  481): Lookup fcc_mah=2200.000000  adjusted fcc_mah=2200.000000
D/VM_BMS  (  481): For ocv=3805529 batt_temp=255 soc=37
D/VM_BMS  (  481): fifo_count=0 acc_count=8
D/VM_BMS  (  481): INIT: ocv=3805529 last_ocv=3805529 batt_temp=255 soc=37
D/VM_BMS  (  481): For soc=37 batt_temp=255 slope=3000
D/VM_BMS  (  481): For soc=37 batt_temp=255 rbatt_sf=105
D/VM_BMS  (  481): rbatt_mohm_default=72, rbatt_mohm=75, sf=105 batt_temp=255
D/VM_BMS  (  481): Lookup rbatt=75.000000  adjusted rbatt=75.000000
D/VM_BMS  (  481): For ocv=3805529 batt_temp=255 soc=37
D/VM_BMS  (  481): FIFO=0 fifo_avg=3.804569 rbatt=0.125000 slope=0.300000 ibatt=0.007680 ocv=3.805529 soc=37 fcc_ah=2.200000 sample_count=8 sample_interval=70 seq_num=6461
I/VM_BMS  (  481): power_supply_update: ocv_uv=3805529 ibatt=7680 soc=37 seq_num=6461
D/VM_BMS  (  481): End process_bms_data
D/VM_BMS  (  481): wake_lock released
E/telpo_native(  759): serial_read:start read
E/telpo_native(  759): serial_read:serial_read read_size = 0
D/telpo_native(  759): handle_emv_serial_read_write_cmd: usb_printer_read length = 20
I/telpo_native(  759): 0b
I/telpo_native(  759): b0
I/telpo_native(  759): 96
I/telpo_native(  759): 69
I/telpo_native(  759): 04
I/telpo_native(  759): 00
I/telpo_native(  759): 00
I/telpo_native(  759): 00
I/telpo_native(  759): 42
I/telpo_native(  759): 00
I/telpo_native(  759): 04
I/telpo_native(  759): 01
I/telpo_native(  759): 00
I/telpo_native(  759): 00
I/telpo_native(  759): 00
I/telpo_native(  759): 00
I/telpo_native(  759): 00
I/telpo_native(  759): 00
I/telpo_native(  759): 00
I/telpo_native(  759): 00
I/telpo_native(  759): 
D/telpo_native(  759): handle_emv_serial_read_write_cmd: parse successfully!
I/telpo_native(  759): handle_emv_serial_read_write_cmd: receive data length is 20
I/telpo_native(  759): 0b
I/telpo_native(  759): b0
I/telpo_native(  759): 96
I/telpo_native(  759): 69
I/telpo_native(  759): 04
I/telpo_native(  759): 00
I/telpo_native(  759): 00
I/telpo_native(  759): 00
I/telpo_native(  759): 42
I/telpo_native(  759): 00
I/telpo_native(  759): 04
I/telpo_native(  759): 01
I/telpo_native(  759): 00
I/telpo_native(  759): 00
I/telpo_native(  759): 00
I/telpo_native(  759): 00
I/telpo_native(  759): 00
I/telpo_native(  759): 00
I/telpo_native(  759): 00
I/telpo_native(  759): 00
I/telpo_native(  759): 
D/telpo_native(19709): CallIntMethod return ret = 0 length = 20
D/BatteryMeterView( 3211): not on charging...
D/BatteryMeterView( 3211): not on charging...
D/BatteryMeterView( 3211): not on charging...
I/qdhwcomposer(  260): handle_blank_event: dpy:0 panel power state: 0
E/qdutils (  260): int qdutils::getHDMINode(): Failed to open fb node 1
E/qdutils (  260): int qdutils::getHDMINode(): Failed to open fb node 2
E/qdutils (  260): int qdutils::getHDMINode(): Failed to find HDMI node
V/WLAN_PSA(  315): NL MSG, len[4090], NL type[0x1C] WNI type[0x5900] len[57871]
V/WLAN_PSA(  315): NL MSG, PID: 315
D/VM_BMS  (  481): wake_lock acquired
D/VM_BMS  (  481): New BMS data - Size=56
D/VM_BMS  (  481): Start process_bms_data
D/VM_BMS  (  481): Battery charge_cycle=0 fcc_adjust=0 rbatt_adjust=0 cycle_changed=false
D/telpo_native(  759): usb_printer_write data start!
D/telpo_native(  759): usb_printer_write start!
E/telpo_native(  759): ret = 25
D/telpo_native(  759): handle_emv_serial_read_write_cmd: usb write length = 25
D/VM_BMS  (  481): For batt_temp=255 fcc_mah=2200
D/VM_BMS  (  481): Lookup fcc_mah=2200.000000  adjusted fcc_mah=2200.000000
D/VM_BMS  (  481): For ocv=3805529 batt_temp=255 soc=37
D/VM_BMS  (  481): fifo_count=0 acc_count=8
D/VM_BMS  (  481): INIT: ocv=3805529 last_ocv=3805529 batt_temp=255 soc=37
D/VM_BMS  (  481): For soc=37 batt_temp=255 slope=3000
D/VM_BMS  (  481): For soc=37 batt_temp=255 rbatt_sf=105
D/VM_BMS  (  481): rbatt_mohm_default=72, rbatt_mohm=75, sf=105 batt_temp=255
D/VM_BMS  (  481): Lookup rbatt=75.000000  adjusted rbatt=75.000000
D/VM_BMS  (  481): For ocv=3805529 batt_temp=255 soc=37
D/VM_BMS  (  481): FIFO=0 fifo_avg=3.804890 rbatt=0.125000 slope=0.300000 ibatt=0.005113 ocv=3.805529 soc=37 fcc_ah=2.200000 sample_count=8 sample_interval=70 seq_num=6462
E/telpo_native(  759): Cannot find response header
D/telpo_native(  759): handle_emv_serial_read_write_cmd: not enough data receive,continue
E/libsuspend(  759): Error writing to /sys/power/state: Device or resource busy
E/telpo_native(  759): serial_read:start read
E/telpo_native(  759): serial_read:serial_read read_size = 0
D/telpo_native(  759): handle_emv_serial_read_write_cmd: usb_printer_read length = 20
I/telpo_native(  759): 0b
I/telpo_native(  759): b0
I/telpo_native(  759): 96
I/telpo_native(  759): 69
I/telpo_native(  759): 04
I/VM_BMS  (  481): power_supply_update: ocv_uv=3805529 ibatt=5113 soc=37 seq_num=6462
D/VM_BMS  (  481): End process_bms_data
I/telpo_native(  759): 00
I/telpo_native(  759): 00
I/telpo_native(  759): 00
I/telpo_native(  759): 43
I/telpo_native(  759): 00
I/telpo_native(  759): 04
I/telpo_native(  759): 01
I/telpo_native(  759): 00
I/telpo_native(  759): 00
I/telpo_native(  759): 00
I/telpo_native(  759): 00
I/telpo_native(  759): 00
I/telpo_native(  759): 00
I/telpo_native(  759): 00
I/telpo_native(  759): 00
I/telpo_native(  759): 
D/telpo_native(  759): handle_emv_serial_read_write_cmd: parse successfully!
I/telpo_native(  759): handle_emv_serial_read_write_cmd: receive data length is 20
I/telpo_native(  759): 0b
I/telpo_native(  759): b0
I/telpo_native(  759): 96
I/telpo_native(  759): 69
I/telpo_native(  759): 04
D/VM_BMS  (  481): wake_lock released
I/telpo_native(  759): 00
I/telpo_native(  759): 00
I/telpo_native(  759): 00
I/telpo_native(  759): 43
I/telpo_native(  759): 00
I/telpo_native(  759): 04
I/telpo_native(  759): 01
I/telpo_native(  759): 00
I/telpo_native(  759): 00
I/telpo_native(  759): 00
I/telpo_native(  759): 00
I/telpo_native(  759): 00
I/telpo_native(  759): 00
I/telpo_native(  759): 00
I/telpo_native(  759): 00
I/telpo_native(  759): 
D/telpo_native(19709): CallIntMethod return ret = 0 length = 20
D/BatteryMeterView( 3211): not on charging...
D/BatteryMeterView( 3211): not on charging...
D/BatteryMeterView( 3211): not on charging...
I/qdhwcomposer(  260): handle_blank_event: dpy:0 panel power state: 0
E/qdutils (  260): int qdutils::getHDMINode(): Failed to open fb node 1
E/qdutils (  260): int qdutils::getHDMINode(): Failed to open fb node 2
E/qdutils (  260): int qdutils::getHDMINode(): Failed to find HDMI node
D/VM_BMS  (  481): wake_lock acquired
D/VM_BMS  (  481): New BMS data - Size=56
D/VM_BMS  (  481): Start process_bms_data
D/VM_BMS  (  481): Battery charge_cycle=0 fcc_adjust=0 rbatt_adjust=0 cycle_changed=false
D/telpo_native(  759): usb_printer_write data start!
D/telpo_native(  759): usb_printer_write start!
E/telpo_native(  759): ret = 25
D/telpo_native(  759): handle_emv_serial_read_write_cmd: usb write length = 25
E/telpo_native(  759): Cannot find response header
D/telpo_native(  759): handle_emv_serial_read_write_cmd: not enough data receive,continue
E/libsuspend(  759): Error writing to /sys/power/state: Device or resource busy
E/telpo_native(  759): Cannot find response header
D/telpo_native(  759): handle_emv_serial_read_write_cmd: not enough data receive,continue
D/VM_BMS  (  481): For batt_temp=255 fcc_mah=2200
D/VM_BMS  (  481): Lookup fcc_mah=2200.000000  adjusted fcc_mah=2200.000000
D/VM_BMS  (  481): For ocv=3805529 batt_temp=255 soc=37
D/VM_BMS  (  481): fifo_count=0 acc_count=8
D/VM_BMS  (  481): INIT: ocv=3805529 last_ocv=3805529 batt_temp=255 soc=37
D/VM_BMS  (  481): For soc=37 batt_temp=255 slope=3000
D/VM_BMS  (  481): For soc=37 batt_temp=255 rbatt_sf=105
D/VM_BMS  (  481): rbatt_mohm_default=72, rbatt_mohm=75, sf=105 batt_temp=255
D/VM_BMS  (  481): Lookup rbatt=75.000000  adjusted rbatt=75.000000
D/VM_BMS  (  481): For ocv=3805528 batt_temp=255 soc=37
D/VM_BMS  (  481): FIFO=0 fifo_avg=3.803410 rbatt=0.125000 slope=0.300000 ibatt=0.016951 ocv=3.805529 soc=37 fcc_ah=2.200000 sample_count=8 sample_interval=70 seq_num=6463
I/VM_BMS  (  481): power_supply_update: ocv_uv=3805528 ibatt=16951 soc=37 seq_num=6463
D/VM_BMS  (  481): End process_bms_data
D/VM_BMS  (  481): wake_lock released
E/telpo_native(  759): Cannot find response header
D/telpo_native(  759): handle_emv_serial_read_write_cmd: not enough data receive,continue
E/telpo_native(  759): Cannot find response header
D/telpo_native(  759): handle_emv_serial_read_write_cmd: not enough data receive,continue
E/telpo_native(  759): serial_read:start read
E/telpo_native(  759): serial_read:serial_read read_size = 0
D/telpo_native(  759): handle_emv_serial_read_write_cmd: usb_printer_read length = 20
I/telpo_native(  759): 0b
I/telpo_native(  759): b0
I/telpo_native(  759): 96
I/telpo_native(  759): 69
I/telpo_native(  759): 04
I/telpo_native(  759): 00
I/telpo_native(  759): 00
I/telpo_native(  759): 00
I/telpo_native(  759): 44
I/telpo_native(  759): 00
I/telpo_native(  759): 04
I/telpo_native(  759): 01
I/telpo_native(  759): 00
I/telpo_native(  759): 00
I/telpo_native(  759): 00
I/telpo_native(  759): 00
I/telpo_native(  759): 00
I/telpo_native(  759): 00
I/telpo_native(  759): 00
I/telpo_native(  759): 00
I/telpo_native(  759): 
D/telpo_native(  759): handle_emv_serial_read_write_cmd: parse successfully!
I/telpo_native(  759): handle_emv_serial_read_write_cmd: receive data length is 20
I/telpo_native(  759): 0b
I/telpo_native(  759): b0
I/telpo_native(  759): 96
I/telpo_native(  759): 69
I/telpo_native(  759): 04
I/telpo_native(  759): 00
I/telpo_native(  759): 00
I/telpo_native(  759): 00
I/telpo_native(  759): 44
I/telpo_native(  759): 00
I/telpo_native(  759): 04
I/telpo_native(  759): 01
I/telpo_native(  759): 00
I/telpo_native(  759): 00
I/telpo_native(  759): 00
I/telpo_native(  759): 00
I/telpo_native(  759): 00
I/telpo_native(  759): 00
I/telpo_native(  759): 00
I/telpo_native(  759): 00
I/telpo_native(  759): 
D/telpo_native(19709): CallIntMethod return ret = 0 length = 20
D/BatteryMeterView( 3211): not on charging...
D/BatteryMeterView( 3211): not on charging...
D/BatteryMeterView( 3211): not on charging...
I/qdhwcomposer(  260): handle_blank_event: dpy:0 panel power state: 0
E/qdutils (  260): int qdutils::getHDMINode(): Failed to open fb node 1
E/qdutils (  260): int qdutils::getHDMINode(): Failed to open fb node 2
E/qdutils (  260): int qdutils::getHDMINode(): Failed to find HDMI node
V/WLAN_PSA(  315): NL MSG, len[3996], NL type[0x1C] WNI type[0x5900] len[33807]
V/WLAN_PSA(  315): NL MSG, PID: 315
D/VM_BMS  (  481): wake_lock acquired
D/VM_BMS  (  481): New BMS data - Size=56
D/VM_BMS  (  481): Start process_bms_data
D/VM_BMS  (  481): Battery charge_cycle=0 fcc_adjust=0 rbatt_adjust=0 cycle_changed=false
D/telpo_native(  759): usb_printer_write data start!
D/telpo_native(  759): usb_printer_write start!
E/telpo_native(  759): ret = 25
D/telpo_native(  759): handle_emv_serial_read_write_cmd: usb write length = 25
D/VM_BMS  (  481): For batt_temp=255 fcc_mah=2200
D/VM_BMS  (  481): Lookup fcc_mah=2200.000000  adjusted fcc_mah=2200.000000
D/VM_BMS  (  481): For ocv=3805528 batt_temp=255 soc=37
D/VM_BMS  (  481): fifo_count=0 acc_count=8
D/VM_BMS  (  481): INIT: ocv=3805528 last_ocv=3805528 batt_temp=255 soc=37
D/VM_BMS  (  481): For soc=37 batt_temp=255 slope=3000
D/VM_BMS  (  481): For soc=37 batt_temp=255 rbatt_sf=105
D/VM_BMS  (  481): rbatt_mohm_default=72, rbatt_mohm=75, sf=105 batt_temp=255
D/VM_BMS  (  481): Lookup rbatt=75.000000  adjusted rbatt=75.000000
D/VM_BMS  (  481): For ocv=3805527 batt_temp=255 soc=37
D/VM_BMS  (  481): FIFO=0 fifo_avg=3.803688 rbatt=0.125000 slope=0.300000 ibatt=0.014718 ocv=3.805528 soc=37 fcc_ah=2.200000 sample_count=8 sample_interval=70 seq_num=6464
I/VM_BMS  (  481): power_supply_update: ocv_uv=3805527 ibatt=14717 soc=37 seq_num=6464
D/VM_BMS  (  481): End process_bms_data
E/libsuspend(  759): Error writing to /sys/power/state: Device or resource busy
D/VM_BMS  (  481): wake_lock released
E/telpo_native(  759): Cannot find response header
D/telpo_native(  759): handle_emv_serial_read_write_cmd: not enough data receive,continue
E/telpo_native(  759): serial_read:start read
E/telpo_native(  759): serial_read:serial_read read_size = 0
D/telpo_native(  759): handle_emv_serial_read_write_cmd: usb_printer_read length = 20
I/telpo_native(  759): 0b
I/telpo_native(  759): b0
I/telpo_native(  759): 96
I/telpo_native(  759): 69
I/telpo_native(  759): 04
I/telpo_native(  759): 00
I/telpo_native(  759): 00
I/telpo_native(  759): 00
I/telpo_native(  759): 45
I/telpo_native(  759): 00
I/telpo_native(  759): 04
I/telpo_native(  759): 01
I/telpo_native(  759): 00
I/telpo_native(  759): 00
I/telpo_native(  759): 00
I/telpo_native(  759): 00
I/telpo_native(  759): 00
I/telpo_native(  759): 00
I/telpo_native(  759): 00
I/telpo_native(  759): 00
I/telpo_native(  759): 
D/telpo_native(  759): handle_emv_serial_read_write_cmd: parse successfully!
I/telpo_native(  759): handle_emv_serial_read_write_cmd: receive data length is 20
I/telpo_native(  759): 0b
I/telpo_native(  759): b0
I/telpo_native(  759): 96
I/telpo_native(  759): 69
I/telpo_native(  759): 04
I/telpo_native(  759): 00
I/telpo_native(  759): 00
I/telpo_native(  759): 00
I/telpo_native(  759): 45
I/telpo_native(  759): 00
I/telpo_native(  759): 04
I/telpo_native(  759): 01
I/telpo_native(  759): 00
I/telpo_native(  759): 00
I/telpo_native(  759): 00
I/telpo_native(  759): 00
I/telpo_native(  759): 00
I/telpo_native(  759): 00
I/telpo_native(  759): 00
I/telpo_native(  759): 00
I/telpo_native(  759): 
D/telpo_native(19709): CallIntMethod return ret = 0 length = 20
D/BatteryMeterView( 3211): not on charging...
D/BatteryMeterView( 3211): not on charging...
D/BatteryMeterView( 3211): not on charging...
I/qdhwcomposer(  260): handle_blank_event: dpy:0 panel power state: 0
E/qdutils (  260): int qdutils::getHDMINode(): Failed to open fb node 1
E/qdutils (  260): int qdutils::getHDMINode(): Failed to open fb node 2
E/qdutils (  260): int qdutils::getHDMINode(): Failed to find HDMI node
D/VM_BMS  (  481): wake_lock acquired
D/VM_BMS  (  481): New BMS data - Size=56
D/VM_BMS  (  481): Start process_bms_data
D/VM_BMS  (  481): Battery charge_cycle=0 fcc_adjust=0 rbatt_adjust=0 cycle_changed=false
D/telpo_native(  759): usb_printer_write data start!
D/telpo_native(  759): usb_printer_write start!
E/telpo_native(  759): ret = 25
D/telpo_native(  759): handle_emv_serial_read_write_cmd: usb write length = 25
D/VM_BMS  (  481): For batt_temp=255 fcc_mah=2200
E/libsuspend(  759): Error writing to /sys/power/state: Device or resource busy
D/VM_BMS  (  481): Lookup fcc_mah=2200.000000  adjusted fcc_mah=2200.000000
D/VM_BMS  (  481): For ocv=3805527 batt_temp=255 soc=37
D/VM_BMS  (  481): fifo_count=0 acc_count=8
D/VM_BMS  (  481): INIT: ocv=3805527 last_ocv=3805527 batt_temp=255 soc=37
D/VM_BMS  (  481): For soc=37 batt_temp=255 slope=3000
D/VM_BMS  (  481): For soc=37 batt_temp=255 rbatt_sf=105
D/VM_BMS  (  481): rbatt_mohm_default=72, rbatt_mohm=75, sf=105 batt_temp=255
D/VM_BMS  (  481): Lookup rbatt=75.000000  adjusted rbatt=75.000000
D/VM_BMS  (  481): For ocv=3805526 batt_temp=255 soc=37
D/VM_BMS  (  481): FIFO=0 fifo_avg=3.802735 rbatt=0.125000 slope=0.300000 ibatt=0.022333 ocv=3.805526 soc=37 fcc_ah=2.200000 sample_count=8 sample_interval=70 seq_num=6465
E/telpo_native(  759): Cannot find response header
D/telpo_native(  759): handle_emv_serial_read_write_cmd: not enough data receive,continue
I/VM_BMS  (  481): power_supply_update: ocv_uv=3805526 ibatt=22333 soc=37 seq_num=6465
D/VM_BMS  (  481): End process_bms_data
D/VM_BMS  (  481): wake_lock released
E/telpo_native(  759): serial_read:start read
E/telpo_native(  759): serial_read:serial_read read_size = 0
D/telpo_native(  759): handle_emv_serial_read_write_cmd: usb_printer_read length = 20
I/telpo_native(  759): 0b
I/telpo_native(  759): b0
I/telpo_native(  759): 96
I/telpo_native(  759): 69
I/telpo_native(  759): 04
I/telpo_native(  759): 00
I/telpo_native(  759): 00
I/telpo_native(  759): 00
I/telpo_native(  759): 46
I/telpo_native(  759): 00
I/telpo_native(  759): 04
I/telpo_native(  759): 01
I/telpo_native(  759): 00
I/telpo_native(  759): 00
I/telpo_native(  759): 00
I/telpo_native(  759): 00
I/telpo_native(  759): 00
I/telpo_native(  759): 00
I/telpo_native(  759): 00
I/telpo_native(  759): 00
I/telpo_native(  759): 
D/telpo_native(  759): handle_emv_serial_read_write_cmd: parse successfully!
I/telpo_native(  759): handle_emv_serial_read_write_cmd: receive data length is 20
I/telpo_native(  759): 0b
I/telpo_native(  759): b0
I/telpo_native(  759): 96
I/telpo_native(  759): 69
I/telpo_native(  759): 04
I/telpo_native(  759): 00
I/telpo_native(  759): 00
I/telpo_native(  759): 00
I/telpo_native(  759): 46
I/telpo_native(  759): 00
I/telpo_native(  759): 04
I/telpo_native(  759): 01
I/telpo_native(  759): 00
I/telpo_native(  759): 00
I/telpo_native(  759): 00
I/telpo_native(  759): 00
I/telpo_native(  759): 00
I/telpo_native(  759): 00
I/telpo_native(  759): 00
I/telpo_native(  759): 00
I/telpo_native(  759): 
D/telpo_native(19709): CallIntMethod return ret = 0 length = 20
D/BatteryMeterView( 3211): not on charging...
D/BatteryMeterView( 3211): not on charging...
D/BatteryMeterView( 3211): not on charging...
I/qdhwcomposer(  260): handle_blank_event: dpy:0 panel power state: 0
E/qdutils (  260): int qdutils::getHDMINode(): Failed to open fb node 1
E/qdutils (  260): int qdutils::getHDMINode(): Failed to open fb node 2
E/qdutils (  260): int qdutils::getHDMINode(): Failed to find HDMI node
D/VM_BMS  (  481): wake_lock acquired
D/VM_BMS  (  481): New BMS data - Size=56
D/VM_BMS  (  481): Start process_bms_data
D/VM_BMS  (  481): Battery charge_cycle=0 fcc_adjust=0 rbatt_adjust=0 cycle_changed=false
D/telpo_native(  759): usb_printer_write data start!
D/telpo_native(  759): usb_printer_write start!
E/telpo_native(  759): ret = 25
D/telpo_native(  759): handle_emv_serial_read_write_cmd: usb write length = 25
D/VM_BMS  (  481): For batt_temp=255 fcc_mah=2200
D/VM_BMS  (  481): Lookup fcc_mah=2200.000000  adjusted fcc_mah=2200.000000
D/VM_BMS  (  481): For ocv=3805526 batt_temp=255 soc=37
D/VM_BMS  (  481): fifo_count=0 acc_count=8
D/VM_BMS  (  481): INIT: ocv=3805526 last_ocv=3805526 batt_temp=255 soc=37
D/VM_BMS  (  481): For soc=37 batt_temp=255 slope=3000
D/VM_BMS  (  481): For soc=37 batt_temp=255 rbatt_sf=105
D/VM_BMS  (  481): rbatt_mohm_default=72, rbatt_mohm=75, sf=105 batt_temp=255
D/VM_BMS  (  481): Lookup rbatt=75.000000  adjusted rbatt=75.000000
D/VM_BMS  (  481): For ocv=3805525 batt_temp=255 soc=37
D/VM_BMS  (  481): FIFO=0 fifo_avg=3.804577 rbatt=0.125000 slope=0.300000 ibatt=0.007591 ocv=3.805526 soc=37 fcc_ah=2.200000 sample_count=8 sample_interval=70 seq_num=6466
E/telpo_native(  759): Cannot find response header
D/telpo_native(  759): handle_emv_serial_read_write_cmd: not enough data receive,continue
I/VM_BMS  (  481): power_supply_update: ocv_uv=3805525 ibatt=7590 soc=37 seq_num=6466
D/VM_BMS  (  481): End process_bms_data
D/VM_BMS  (  481): wake_lock released
E/libsuspend(  759): Error writing to /sys/power/state: Device or resource busy
E/telpo_native(  759): serial_read:start read
E/telpo_native(  759): serial_read:serial_read read_size = 0
D/telpo_native(  759): handle_emv_serial_read_write_cmd: usb_printer_read length = 20
I/telpo_native(  759): 0b
I/telpo_native(  759): b0
I/telpo_native(  759): 96
I/telpo_native(  759): 69
I/telpo_native(  759): 04
I/telpo_native(  759): 00
I/telpo_native(  759): 00
I/telpo_native(  759): 00
I/telpo_native(  759): 47
I/telpo_native(  759): 00
I/telpo_native(  759): 04
I/telpo_native(  759): 01
I/telpo_native(  759): 00
I/telpo_native(  759): 00
I/telpo_native(  759): 00
I/telpo_native(  759): 00
I/telpo_native(  759): 00
I/telpo_native(  759): 00
I/telpo_native(  759): 00
I/telpo_native(  759): 00
I/telpo_native(  759): 
D/telpo_native(  759): handle_emv_serial_read_write_cmd: parse successfully!
I/telpo_native(  759): handle_emv_serial_read_write_cmd: receive data length is 20
I/telpo_native(  759): 0b
I/telpo_native(  759): b0
I/telpo_native(  759): 96
I/telpo_native(  759): 69
I/telpo_native(  759): 04
I/telpo_native(  759): 00
I/telpo_native(  759): 00
I/telpo_native(  759): 00
I/telpo_native(  759): 47
I/telpo_native(  759): 00
I/telpo_native(  759): 04
I/telpo_native(  759): 01
I/telpo_native(  759): 00
I/telpo_native(  759): 00
I/telpo_native(  759): 00
I/telpo_native(  759): 00
I/telpo_native(  759): 00
I/telpo_native(  759): 00
I/telpo_native(  759): 00
I/telpo_native(  759): 00
I/telpo_native(  759): 
D/telpo_native(19709): CallIntMethod return ret = 0 length = 20
D/BatteryMeterView( 3211): not on charging...
D/BatteryMeterView( 3211): not on charging...
D/BatteryMeterView( 3211): not on charging...
I/qdhwcomposer(  260): handle_blank_event: dpy:0 panel power state: 0
E/qdutils (  260): int qdutils::getHDMINode(): Failed to open fb node 1
E/qdutils (  260): int qdutils::getHDMINode(): Failed to open fb node 2
E/qdutils (  260): int qdutils::getHDMINode(): Failed to find HDMI node
V/WLAN_PSA(  315): NL MSG, len[4027], NL type[0x1C] WNI type[0x5900] len[41743]
V/WLAN_PSA(  315): NL MSG, PID: 315
D/VM_BMS  (  481): wake_lock acquired
D/VM_BMS  (  481): New BMS data - Size=56
D/VM_BMS  (  481): Start process_bms_data
D/VM_BMS  (  481): Battery charge_cycle=0 fcc_adjust=0 rbatt_adjust=0 cycle_changed=false
D/telpo_native(  759): usb_printer_write data start!
D/telpo_native(  759): usb_printer_write start!
E/telpo_native(  759): ret = 25
D/telpo_native(  759): handle_emv_serial_read_write_cmd: usb write length = 25
D/VM_BMS  (  481): For batt_temp=255 fcc_mah=2200
D/VM_BMS  (  481): Lookup fcc_mah=2200.000000  adjusted fcc_mah=2200.000000
E/libsuspend(  759): Error writing to /sys/power/state: Device or resource busy
D/VM_BMS  (  481): For ocv=3805525 batt_temp=255 soc=37
D/VM_BMS  (  481): fifo_count=0 acc_count=8
D/VM_BMS  (  481): INIT: ocv=3805525 last_ocv=3805525 batt_temp=255 soc=37
D/VM_BMS  (  481): For soc=37 batt_temp=255 slope=3000
D/VM_BMS  (  481): For soc=37 batt_temp=255 rbatt_sf=105
D/VM_BMS  (  481): rbatt_mohm_default=72, rbatt_mohm=75, sf=105 batt_temp=255
D/VM_BMS  (  481): Lookup rbatt=75.000000  adjusted rbatt=75.000000
D/VM_BMS  (  481): For ocv=3805525 batt_temp=255 soc=37
D/VM_BMS  (  481): FIFO=0 fifo_avg=3.805167 rbatt=0.125000 slope=0.300000 ibatt=0.002865 ocv=3.805525 soc=37 fcc_ah=2.200000 sample_count=8 sample_interval=70 seq_num=6467
I/VM_BMS  (  481): power_supply_update: ocv_uv=3805525 ibatt=2864 soc=37 seq_num=6467
D/VM_BMS  (  481): End process_bms_data
D/VM_BMS  (  481): wake_lock released
E/telpo_native(  759): Cannot find response header
D/telpo_native(  759): handle_emv_serial_read_write_cmd: not enough data receive,continue
E/telpo_native(  759): serial_read:start read
E/telpo_native(  759): serial_read:serial_read read_size = 0
D/telpo_native(  759): handle_emv_serial_read_write_cmd: usb_printer_read length = 20
I/telpo_native(  759): 0b
I/telpo_native(  759): b0
I/telpo_native(  759): 96
I/telpo_native(  759): 69
I/telpo_native(  759): 04
I/telpo_native(  759): 00
I/telpo_native(  759): 00
I/telpo_native(  759): 00
I/telpo_native(  759): 48
I/telpo_native(  759): 00
I/telpo_native(  759): 04
I/telpo_native(  759): 01
I/telpo_native(  759): 00
I/telpo_native(  759): 00
I/telpo_native(  759): 00
I/telpo_native(  759): 00
I/telpo_native(  759): 00
I/telpo_native(  759): 00
I/telpo_native(  759): 00
I/telpo_native(  759): 00
I/telpo_native(  759): 
D/telpo_native(  759): handle_emv_serial_read_write_cmd: parse successfully!
I/telpo_native(  759): handle_emv_serial_read_write_cmd: receive data length is 20
I/telpo_native(  759): 0b
I/telpo_native(  759): b0
I/telpo_native(  759): 96
I/telpo_native(  759): 69
I/telpo_native(  759): 04
I/telpo_native(  759): 00
I/telpo_native(  759): 00
I/telpo_native(  759): 00
I/telpo_native(  759): 48
I/telpo_native(  759): 00
I/telpo_native(  759): 04
I/telpo_native(  759): 01
I/telpo_native(  759): 00
I/telpo_native(  759): 00
I/telpo_native(  759): 00
I/telpo_native(  759): 00
I/telpo_native(  759): 00
I/telpo_native(  759): 00
I/telpo_native(  759): 00
I/telpo_native(  759): 00
I/telpo_native(  759): 
D/telpo_native(19709): CallIntMethod return ret = 0 length = 20
D/BatteryMeterView( 3211): not on charging...
D/BatteryMeterView( 3211): not on charging...
D/BatteryMeterView( 3211): not on charging...
I/qdhwcomposer(  260): handle_blank_event: dpy:0 panel power state: 0
E/qdutils (  260): int qdutils::getHDMINode(): Failed to open fb node 1
E/qdutils (  260): int qdutils::getHDMINode(): Failed to open fb node 2
E/qdutils (  260): int qdutils::getHDMINode(): Failed to find HDMI node
D/VM_BMS  (  481): wake_lock acquired
D/VM_BMS  (  481): New BMS data - Size=56
D/VM_BMS  (  481): Start process_bms_data
D/VM_BMS  (  481): Battery charge_cycle=0 fcc_adjust=0 rbatt_adjust=0 cycle_changed=false
D/VM_BMS  (  481): For batt_temp=255 fcc_mah=2200
D/VM_BMS  (  481): Lookup fcc_mah=2200.000000  adjusted fcc_mah=2200.000000
D/VM_BMS  (  481): For ocv=3805525 batt_temp=255 soc=37
D/VM_BMS  (  481): fifo_count=0 acc_count=8
D/VM_BMS  (  481): INIT: ocv=3805525 last_ocv=3805525 batt_temp=255 soc=37
D/VM_BMS  (  481): For soc=37 batt_temp=255 slope=3000
D/VM_BMS  (  481): For soc=37 batt_temp=255 rbatt_sf=105
D/VM_BMS  (  481): rbatt_mohm_default=72, rbatt_mohm=75, sf=105 batt_temp=255
D/VM_BMS  (  481): Lookup rbatt=75.000000  adjusted rbatt=75.000000
D/VM_BMS  (  481): For ocv=3805524 batt_temp=255 soc=37
D/VM_BMS  (  481): FIFO=0 fifo_avg=3.804302 rbatt=0.125000 slope=0.300000 ibatt=0.009784 ocv=3.805525 soc=37 fcc_ah=2.200000 sample_count=8 sample_interval=70 seq_num=6468
I/VM_BMS  (  481): power_supply_update: ocv_uv=3805524 ibatt=9783 soc=37 seq_num=6468
D/VM_BMS  (  481): End process_bms_data
D/VM_BMS  (  481): wake_lock released
D/telpo_native(  759): usb_printer_write data start!
D/telpo_native(  759): usb_printer_write start!
E/telpo_native(  759): ret = 25
