I/WindowManager(  751): Win Window{276e6867 u0 com.android.phasebeam.PhaseBeamWallpaper}: isVisibleOrBehindKeyguardLw=false
I/WindowManager(  751): force=false forcefkg=false top=Window{234e31b u0 com.android.settings/com.android.settings.SubSettings$WifiSubSettings}
D/WindowManager(  751): frame: Rect(0, 0 - 720, 1280) shown frame: RectF(0.0, 0.0, 720.0, 1280.0)
D/WindowManager(  751): attr: WM.LayoutParams{(0,0)(fillxfill) sim=#10 ty=1 fl=#81810100 wanim=0x1030467 vsysui=0x600 surfaceInsets=Rect(0, 0 - 0, 0) needsMenuKey=2} lp.flags=0x81810100
V/WindowManager(  751): ** SHOWING status bar: top is not fullscreen
V/WindowManager(  751): finishPostLayoutPolicyLw: mHideKeyguard=false
I/Timeline( 6056): Timeline: Activity_idle id: android.os.BinderProxy@a08f88b time:502702
V/WLAN_PSA(  312): NL MSG, len[3985], NL type[0x1C] WNI type[0x5900] len[30991]
V/WLAN_PSA(  312): NL MSG, PID: 312
D/Index   ( 6056): Deleting data for locale 'en_US' took 6 millis
D/Index   ( 6056): Indexing locale 'en_US' took 15 millis
V/WLAN_PSA(  312): NL MSG, len[4014], NL type[0x1C] WNI type[0x5900] len[38415]
V/WLAN_PSA(  312): NL MSG, PID: 312
V/WLAN_PSA(  312): NL MSG, len[048], NL type[0x11] WNI type[0x5050] len[028]
V/WLAN_PSA(  312): NL MSG, PID: 312
V/WLAN_PSA(  312): NL MSG, len[914], NL type[0x11] WNI type[0x5050] len[894]
V/WLAN_PSA(  312): NL MSG, PID: 312
V/WLAN_PSA(  312): NL MSG, len[4010], NL type[0x1C] WNI type[0x5900] len[37391]
V/WLAN_PSA(  312): NL MSG, PID: 312
V/WLAN_PSA(  312): NL MSG, len[914], NL type[0x11] WNI type[0x5050] len[894]
V/WLAN_PSA(  312): NL MSG, PID: 312
V/WLAN_PSA(  312): NL MSG, len[048], NL type[0x11] WNI type[0x5050] len[028]
V/WLAN_PSA(  312): NL MSG, PID: 312
V/WLAN_PSA(  312): NL MSG, len[3983], NL type[0x1C] WNI type[0x5900] len[30479]
V/WLAN_PSA(  312): NL MSG, PID: 312
V/WLAN_PSA(  312): NL MSG, len[4033], NL type[0x1C] WNI type[0x5900] len[43279]
V/WLAN_PSA(  312): NL MSG, PID: 312
I/Timeline(  751): Timeline: Activity_windows_visible id: ActivityRecord{9ba1b0f u0 com.android.settings/.SubSettings$WifiSubSettings t639} time:502962
I/WindowManager(  751): Win Window{2b5d0932 u0 android}: isVisibleOrBehindKeyguardLw=true
I/WindowManager(  751): Win Window{23583ca7 u0 StatusBar}: isVisibleOrBehindKeyguardLw=true
I/WindowManager(  751): Win Window{3eba8800 u0 com.android.settings/com.android.settings.SubSettings}: isVisibleOrBehindKeyguardLw=false
I/WindowManager(  751): Win Window{234e31b u0 com.android.settings/com.android.settings.SubSettings$WifiSubSettings}: isVisibleOrBehindKeyguardLw=true
V/WindowManager(  751): Fullscreen window: Window{234e31b u0 com.android.settings/com.android.settings.SubSettings$WifiSubSettings}
I/WindowManager(  751): Win Window{276e6867 u0 com.android.phasebeam.PhaseBeamWallpaper}: isVisibleOrBehindKeyguardLw=false
I/WindowManager(  751): force=false forcefkg=false top=Window{234e31b u0 com.android.settings/com.android.settings.SubSettings$WifiSubSettings}
D/WindowManager(  751): frame: Rect(0, 0 - 720, 1280) shown frame: RectF(0.0, 0.0, 720.0, 1280.0)
D/WindowManager(  751): attr: WM.LayoutParams{(0,0)(fillxfill) sim=#10 ty=1 fl=#81810100 wanim=0x1030467 vsysui=0x600 surfaceInsets=Rect(0, 0 - 0, 0) needsMenuKey=2} lp.flags=0x81810100
V/WindowManager(  751): ** SHOWING status bar: top is not fullscreen
V/WindowManager(  751): finishPostLayoutPolicyLw: mHideKeyguard=false
I/WindowManager(  751): mDock rect: (0,0 - 720,1280)
V/WindowManager(  751): Status bar: dock=[0,50][720,1280] content=[0,50][720,1280] cur=[0,50][720,1280]
V/WindowManager(  751): layoutWindowLw(): normal window
V/WindowManager(  751): Compute frame : sim=#20 attach=null type=2015 flags=0x01000018 pf=[0,50][720,1280] df=[0,50][720,1280] of=[0,50][720,1280] cf=[0,50][720,1280] vf=[0,50][720,1280] dcf=[0,0][720,1280] sf=[0,50][720,1280]
V/WindowManager(  751): layoutWindowLw(com.android.settings/com.android.settings.SubSettings$WifiSubSettings): IN_SCREEN, INSET_DECOR
V/WindowManager(  751): Compute frame com.android.settings/com.android.settings.SubSettings$WifiSubSettings: sim=#10 attach=null type=1 flags=0x81810100 pf=[0,0][720,1280] df=[0,0][720,1280] of=[0,0][720,1280] cf=[0,50][720,1280] vf=[0,50][720,1280] dcf=[0,0][720,1280] sf=[0,50][720,1280]
I/WindowManager(  751): Win Window{2b5d0932 u0 android}: isVisibleOrBehindKeyguardLw=true
I/WindowManager(  751): Win Window{23583ca7 u0 StatusBar}: isVisibleOrBehindKeyguardLw=true
I/WindowManager(  751): Win Window{234e31b u0 com.android.settings/com.android.settings.SubSettings$WifiSubSettings}: isVisibleOrBehindKeyguardLw=true
V/WindowManager(  751): Fullscreen window: Window{234e31b u0 com.android.settings/com.android.settings.SubSettings$WifiSubSettings}
I/WindowManager(  751): Win Window{276e6867 u0 com.android.phasebeam.PhaseBeamWallpaper}: isVisibleOrBehindKeyguardLw=false
I/WindowManager(  751): force=false forcefkg=false top=Window{234e31b u0 com.android.settings/com.android.settings.SubSettings$WifiSubSettings}
D/WindowManager(  751): frame: Rect(0, 0 - 720, 1280) shown frame: RectF(0.0, 0.0, 720.0, 1280.0)
D/WindowManager(  751): attr: WM.LayoutParams{(0,0)(fillxfill) sim=#10 ty=1 fl=#81810100 wanim=0x1030467 vsysui=0x600 surfaceInsets=Rect(0, 0 - 0, 0) needsMenuKey=2} lp.flags=0x81810100
V/WindowManager(  751): ** SHOWING status bar: top is not fullscreen
V/WindowManager(  751): finishPostLayoutPolicyLw: mHideKeyguard=false
I/WindowManager(  751): mDock rect: (0,0 - 720,1280)
V/WindowManager(  751): Status bar: dock=[0,50][720,1280] content=[0,50][720,1280] cur=[0,50][720,1280]
V/WindowManager(  751): layoutWindowLw(): normal window
V/WindowManager(  751): Compute frame : sim=#20 attach=null type=2015 flags=0x01000018 pf=[0,50][720,1280] df=[0,50][720,1280] of=[0,50][720,1280] cf=[0,50][720,1280] vf=[0,50][720,1280] dcf=[0,0][720,1280] sf=[0,50][720,1280]
V/WindowManager(  751): layoutWindowLw(com.android.settings/com.android.settings.SubSettings$WifiSubSettings): IN_SCREEN, INSET_DECOR
V/WindowManager(  751): Compute frame com.android.settings/com.android.settings.SubSettings$WifiSubSettings: sim=#10 attach=null type=1 flags=0x81810100 pf=[0,0][720,1280] df=[0,0][720,1280] of=[0,0][720,1280] cf=[0,50][720,1280] vf=[0,50][720,1280] dcf=[0,0][720,1280] sf=[0,50][720,1280]
I/WindowManager(  751): Win Window{2b5d0932 u0 android}: isVisibleOrBehindKeyguardLw=true
I/WindowManager(  751): Win Window{23583ca7 u0 StatusBar}: isVisibleOrBehindKeyguardLw=true
I/WindowManager(  751): Win Window{234e31b u0 com.android.settings/com.android.settings.SubSettings$WifiSubSettings}: isVisibleOrBehindKeyguardLw=true
V/WindowManager(  751): Fullscreen window: Window{234e31b u0 com.android.settings/com.android.settings.SubSettings$WifiSubSettings}
I/WindowManager(  751): Win Window{276e6867 u0 com.android.phasebeam.PhaseBeamWallpaper}: isVisibleOrBehindKeyguardLw=false
I/WindowManager(  751): force=false forcefkg=false top=Window{234e31b u0 com.android.settings/com.android.settings.SubSettings$WifiSubSettings}
D/WindowManager(  751): frame: Rect(0, 0 - 720, 1280) shown frame: RectF(0.0, 0.0, 720.0, 1280.0)
D/WindowManager(  751): attr: WM.LayoutParams{(0,0)(fillxfill) sim=#10 ty=1 fl=#81810100 wanim=0x1030467 vsysui=0x600 surfaceInsets=Rect(0, 0 - 0, 0) needsMenuKey=2} lp.flags=0x81810100
V/WindowManager(  751): ** SHOWING status bar: top is not fullscreen
V/WindowManager(  751): finishPostLayoutPolicyLw: mHideKeyguard=false
V/WLAN_PSA(  312): NL MSG, len[4040], NL type[0x1C] WNI type[0x5900] len[45071]
V/WLAN_PSA(  312): NL MSG, PID: 312
I/WindowManager(  751): Win Window{2b5d0932 u0 android}: isVisibleOrBehindKeyguardLw=true
I/WindowManager(  751): Win Window{23583ca7 u0 StatusBar}: isVisibleOrBehindKeyguardLw=true
I/WindowManager(  751): Win Window{234e31b u0 com.android.settings/com.android.settings.SubSettings$WifiSubSettings}: isVisibleOrBehindKeyguardLw=true
V/WindowManager(  751): Fullscreen window: Window{234e31b u0 com.android.settings/com.android.settings.SubSettings$WifiSubSettings}
I/WindowManager(  751): Win Window{276e6867 u0 com.android.phasebeam.PhaseBeamWallpaper}: isVisibleOrBehindKeyguardLw=false
I/WindowManager(  751): force=false forcefkg=false top=Window{234e31b u0 com.android.settings/com.android.settings.SubSettings$WifiSubSettings}
D/WindowManager(  751): frame: Rect(0, 0 - 720, 1280) shown frame: RectF(0.0, 0.0, 720.0, 1280.0)
D/WindowManager(  751): attr: WM.LayoutParams{(0,0)(fillxfill) sim=#10 ty=1 fl=#81810100 wanim=0x1030467 vsysui=0x600 surfaceInsets=Rect(0, 0 - 0, 0) needsMenuKey=2} lp.flags=0x81810100
V/WindowManager(  751): ** SHOWING status bar: top is not fullscreen
V/WindowManager(  751): finishPostLayoutPolicyLw: mHideKeyguard=false
V/WLAN_PSA(  312): NL MSG, len[914], NL type[0x11] WNI type[0x5050] len[894]
V/WLAN_PSA(  312): NL MSG, PID: 312
V/WLAN_PSA(  312): NL MSG, len[4032], NL type[0x1C] WNI type[0x5900] len[43023]
V/WLAN_PSA(  312): NL MSG, PID: 312
D/BatteryMeterView( 3026): onDraw level = 2
V/WLAN_PSA(  312): NL MSG, len[914], NL type[0x11] WNI type[0x5050] len[894]
V/WLAN_PSA(  312): NL MSG, PID: 312
V/WLAN_PSA(  312): NL MSG, len[048], NL type[0x11] WNI type[0x5050] len[028]
V/WLAN_PSA(  312): NL MSG, PID: 312
V/WLAN_PSA(  312): NL MSG, len[4024], NL type[0x1C] WNI type[0x5900] len[40975]
V/WLAN_PSA(  312): NL MSG, PID: 312
V/WLAN_PSA(  312): NL MSG, len[4035], NL type[0x1C] WNI type[0x5900] len[43791]
V/WLAN_PSA(  312): NL MSG, PID: 312
V/WLAN_PSA(  312): NL MSG, len[4036], NL type[0x1C] WNI type[0x5900] len[44047]
V/WLAN_PSA(  312): NL MSG, PID: 312
V/WLAN_PSA(  312): NL MSG, len[4024], NL type[0x1C] WNI type[0x5900] len[40975]
V/WLAN_PSA(  312): NL MSG, PID: 312
V/WLAN_PSA(  312): NL MSG, len[914], NL type[0x11] WNI type[0x5050] len[894]
V/WLAN_PSA(  312): NL MSG, PID: 312
V/WLAN_PSA(  312): NL MSG, len[914], NL type[0x11] WNI type[0x5050] len[894]
V/WLAN_PSA(  312): NL MSG, PID: 312
V/WLAN_PSA(  312): NL MSG, len[3950], NL type[0x1C] WNI type[0x5900] len[22031]
V/WLAN_PSA(  312): NL MSG, PID: 312
V/WLAN_PSA(  312): NL MSG, len[048], NL type[0x11] WNI type[0x5050] len[028]
V/WLAN_PSA(  312): NL MSG, PID: 312
V/WLAN_PSA(  312): NL MSG, len[4074], NL type[0x1C] WNI type[0x5900] len[53775]
V/WLAN_PSA(  312): NL MSG, PID: 312
V/WLAN_PSA(  312): NL MSG, len[4027], NL type[0x1C] WNI type[0x5900] len[41743]
V/WLAN_PSA(  312): NL MSG, PID: 312
V/WLAN_PSA(  312): NL MSG, len[048], NL type[0x11] WNI type[0x5050] len[028]
V/WLAN_PSA(  312): NL MSG, PID: 312
V/WLAN_PSA(  312): NL MSG, len[914], NL type[0x11] WNI type[0x5050] len[894]
V/WLAN_PSA(  312): NL MSG, PID: 312
V/WLAN_PSA(  312): NL MSG, len[3972], NL type[0x1C] WNI type[0x5900] len[27663]
V/WLAN_PSA(  312): NL MSG, PID: 312
V/WLAN_PSA(  312): NL MSG, len[914], NL type[0x11] WNI type[0x5050] len[894]
V/WLAN_PSA(  312): NL MSG, PID: 312
V/WLAN_PSA(  312): NL MSG, len[048], NL type[0x11] WNI type[0x5050] len[028]
V/WLAN_PSA(  312): NL MSG, PID: 312
D/BatteryMeterView( 3026): onDraw level = 12
V/WLAN_PSA(  312): NL MSG, len[4082], NL type[0x1C] WNI type[0x5900] len[55823]
V/WLAN_PSA(  312): NL MSG, PID: 312
I/ActivityManager(  751): Start proc 7298:com.google.android.gms/u0a5 for service com.google.android.gms/.checkin.CheckinService
I/SurfaceFlinger(  260): FPS: 39
V/WLAN_PSA(  312): NL MSG, len[3986], NL type[0x1C] WNI type[0x5900] len[31247]
V/WLAN_PSA(  312): NL MSG, PID: 312
W/ResourcesManager( 7298): Asset path '/system/framework/com.android.media.remotedisplay.jar' does not exist or contains no resources.
W/ResourcesManager( 7298): Asset path '/system/framework/com.android.location.provider.jar' does not exist or contains no resources.
V/WLAN_PSA(  312): NL MSG, len[048], NL type[0x11] WNI type[0x5050] len[028]
V/WLAN_PSA(  312): NL MSG, PID: 312
V/WLAN_PSA(  312): NL MSG, len[4052], NL type[0x1C] WNI type[0x5900] len[48143]
V/WLAN_PSA(  312): NL MSG, PID: 312
V/WLAN_PSA(  312): NL MSG, len[914], NL type[0x11] WNI type[0x5050] len[894]
V/WLAN_PSA(  312): NL MSG, PID: 312
I/LoadedApk( 7298): No resource references to update in package FFFFFFFFFFFFFFFFFFFFFF
V/WLAN_PSA(  312): NL MSG, len[914], NL type[0x11] WNI type[0x5050] len[894]
V/WLAN_PSA(  312): NL MSG, PID: 312
V/WLAN_PSA(  312): NL MSG, len[048], NL type[0x11] WNI type[0x5050] len[028]
V/WLAN_PSA(  312): NL MSG, PID: 312
V/WLAN_PSA(  312): NL MSG, len[4091], NL type[0x1C] WNI type[0x5900] len[58127]
V/WLAN_PSA(  312): NL MSG, PID: 312
E/NativeLibraryUtils( 7298): Unable to locate gmscore in dalvik.system.PathClassLoader[DexPathList[[zip file "/system/framework/com.android.location.provider.jar", zip file "/system/framework/com.android.media.remotedisplay.jar", zip file "/system/priv-app/GmsCore/GmsCore.apk"],nativeLibraryDirectories=[/vendor/lib, /system/lib]]]
E/NativeLibraryUtils( 7298): java.lang.UnsatisfiedLinkError: dalvik.system.PathClassLoader[DexPathList[[zip file "/system/framework/com.android.location.provider.jar", zip file "/system/framework/com.android.media.remotedisplay.jar", zip file "/system/priv-app/GmsCore/GmsCore.apk"],nativeLibraryDirectories=[/vendor/lib, /system/lib]]] couldn't find "libgmscore.so"
E/NativeLibraryUtils( 7298): 	at java.lang.Runtime.loadLibrary(Runtime.java:366)
E/NativeLibraryUtils( 7298): 	at java.lang.System.loadLibrary(System.java:988)
E/NativeLibraryUtils( 7298): 	at lpm.b(:com.google.android.gms:882)
E/NativeLibraryUtils( 7298): 	at com.google.android.gms.common.security.ProviderInstallerImpl.a(:com.google.android.gms:210)
E/NativeLibraryUtils( 7298): 	at com.google.android.gms.common.security.ProviderInstallerImpl.insertProvider(:com.google.android.gms:1178)
E/NativeLibraryUtils( 7298): 	at com.google.android.gms.common.security.ProviderInstallerImpl.insertProviderGated(:com.google.android.gms:109)
E/NativeLibraryUtils( 7298): 	at com.google.android.gms.common.app.GmsApplication.onCreate(:com.google.android.gms:186)
E/NativeLibraryUtils( 7298): 	at android.app.Instrumentation.callApplicationOnCreate(Instrumentation.java:1012)
E/NativeLibraryUtils( 7298): 	at android.app.ActivityThread.handleBindApplication(ActivityThread.java:4553)
E/NativeLibraryUtils( 7298): 	at android.app.ActivityThread.access$1500(ActivityThread.java:151)
E/NativeLibraryUtils( 7298): 	at android.app.ActivityThread$H.handleMessage(ActivityThread.java:1364)
E/NativeLibraryUtils( 7298): 	at android.os.Handler.dispatchMessage(Handler.java:102)
E/NativeLibraryUtils( 7298): 	at android.os.Looper.loop(Looper.java:135)
E/NativeLibraryUtils( 7298): 	at android.app.ActivityThread.main(ActivityThread.java:5254)
E/NativeLibraryUtils( 7298): 	at java.lang.reflect.Method.invoke(Native Method)
E/NativeLibraryUtils( 7298): 	at java.lang.reflect.Method.invoke(Method.java:372)
E/NativeLibraryUtils( 7298): 	at com.android.internal.os.ZygoteInit$MethodAndArgsCaller.run(ZygoteInit.java:925)
E/NativeLibraryUtils( 7298): 	at com.android.internal.os.ZygoteInit.main(ZygoteInit.java:720)
W/GmsApplication( 7298): Unable to install secure provider, due to exception:
W/GmsApplication( 7298): java.lang.SecurityException
W/GmsApplication( 7298): 	at com.google.android.gms.common.security.ProviderInstallerImpl.a(:com.google.android.gms:211)
W/GmsApplication( 7298): 	at com.google.android.gms.common.security.ProviderInstallerImpl.insertProvider(:com.google.android.gms:1178)
W/GmsApplication( 7298): 	at com.google.android.gms.common.security.ProviderInstallerImpl.insertProviderGated(:com.google.android.gms:109)
W/GmsApplication( 7298): 	at com.google.android.gms.common.app.GmsApplication.onCreate(:com.google.android.gms:186)
W/GmsApplication( 7298): 	at android.app.Instrumentation.callApplicationOnCreate(Instrumentation.java:1012)
W/GmsApplication( 7298): 	at android.app.ActivityThread.handleBindApplication(ActivityThread.java:4553)
W/GmsApplication( 7298): 	at android.app.ActivityThread.access$1500(ActivityThread.java:151)
W/GmsApplication( 7298): 	at android.app.ActivityThread$H.handleMessage(ActivityThread.java:1364)
W/GmsApplication( 7298): 	at android.os.Handler.dispatchMessage(Handler.java:102)
W/GmsApplication( 7298): 	at android.os.Looper.loop(Looper.java:135)
W/GmsApplication( 7298): 	at android.app.ActivityThread.main(ActivityThread.java:5254)
W/GmsApplication( 7298): 	at java.lang.reflect.Method.invoke(Native Method)
W/GmsApplication( 7298): 	at java.lang.reflect.Method.invoke(Method.java:372)
W/GmsApplication( 7298): 	at com.android.internal.os.ZygoteInit$MethodAndArgsCaller.run(ZygoteInit.java:925)
W/GmsApplication( 7298): 	at com.android.internal.os.ZygoteInit.main(ZygoteInit.java:720)
E/NativeLibraryUtils( 7298): Unable to locate gmscore in dalvik.system.PathClassLoader[DexPathList[[zip file "/system/framework/com.android.location.provider.jar", zip file "/system/framework/com.android.media.remotedisplay.jar", zip file "/system/priv-app/GmsCore/GmsCore.apk"],nativeLibraryDirectories=[/vendor/lib, /system/lib]]]
E/NativeLibraryUtils( 7298): java.lang.UnsatisfiedLinkError: dalvik.system.PathClassLoader[DexPathList[[zip file "/system/framework/com.android.location.provider.jar", zip file "/system/framework/com.android.media.remotedisplay.jar", zip file "/system/priv-app/GmsCore/GmsCore.apk"],nativeLibraryDirectories=[/vendor/lib, /system/lib]]] couldn't find "libgmscore.so"
E/NativeLibraryUtils( 7298): 	at java.lang.Runtime.loadLibrary(Runtime.java:366)
E/NativeLibraryUtils( 7298): 	at java.lang.System.loadLibrary(System.java:988)
E/NativeLibraryUtils( 7298): 	at lpm.b(:com.google.android.gms:882)
E/NativeLibraryUtils( 7298): 	at com.google.android.gms.common.security.ProviderInstallerImpl.a(:com.google.android.gms:210)
E/NativeLibraryUtils( 7298): 	at com.google.android.gms.common.security.ProviderInstallerImpl.insertProvider(:com.google.android.gms:1178)
E/NativeLibraryUtils( 7298): 	at com.google.android.gms.common.security.ProviderInstallerImpl.insertProviderGated(:com.google.android.gms:109)
E/NativeLibraryUtils( 7298): 	at com.google.android.gms.common.app.GmsApplication.onCreate(:com.google.android.gms:195)
E/NativeLibraryUtils( 7298): 	at android.app.Instrumentation.callApplicationOnCreate(Instrumentation.java:1012)
E/NativeLibraryUtils( 7298): 	at android.app.ActivityThread.handleBindApplication(ActivityThread.java:4553)
E/NativeLibraryUtils( 7298): 	at android.app.ActivityThread.access$1500(ActivityThread.java:151)
E/NativeLibraryUtils( 7298): 	at android.app.ActivityThread$H.handleMessage(ActivityThread.java:1364)
E/NativeLibraryUtils( 7298): 	at android.os.Handler.dispatchMessage(Handler.java:102)
E/NativeLibraryUtils( 7298): 	at android.os.Looper.loop(Looper.java:135)
E/NativeLibraryUtils( 7298): 	at android.app.ActivityThread.main(ActivityThread.java:5254)
E/NativeLibraryUtils( 7298): 	at java.lang.reflect.Method.invoke(Native Method)
E/NativeLibraryUtils( 7298): 	at java.lang.reflect.Method.invoke(Method.java:372)
E/NativeLibraryUtils( 7298): 	at com.android.internal.os.ZygoteInit$MethodAndArgsCaller.run(ZygoteInit.java:925)
E/NativeLibraryUtils( 7298): 	at com.android.internal.os.ZygoteInit.main(ZygoteInit.java:720)
W/GmsApplication( 7298): Still unable to install secure provider, due to exception:
W/GmsApplication( 7298): java.lang.SecurityException
W/GmsApplication( 7298): 	at com.google.android.gms.common.security.ProviderInstallerImpl.a(:com.google.android.gms:211)
W/GmsApplication( 7298): 	at com.google.android.gms.common.security.ProviderInstallerImpl.insertProvider(:com.google.android.gms:1178)
W/GmsApplication( 7298): 	at com.google.android.gms.common.security.ProviderInstallerImpl.insertProviderGated(:com.google.android.gms:109)
W/GmsApplication( 7298): 	at com.google.android.gms.common.app.GmsApplication.onCreate(:com.google.android.gms:186)
W/GmsApplication( 7298): 	at android.app.Instrumentation.callApplicationOnCreate(Instrumentation.java:1012)
W/GmsApplication( 7298): 	at android.app.ActivityThread.handleBindApplication(ActivityThread.java:4553)
W/GmsApplication( 7298): 	at android.app.ActivityThread.access$1500(ActivityThread.java:151)
W/GmsApplication( 7298): 	at android.app.ActivityThread$H.handleMessage(ActivityThread.java:1364)
W/GmsApplication( 7298): 	at android.os.Handler.dispatchMessage(Handler.java:102)
W/GmsApplication( 7298): 	at android.os.Looper.loop(Looper.java:135)
W/GmsApplication( 7298): 	at android.app.ActivityThread.main(ActivityThread.java:5254)
W/GmsApplication( 7298): 	at java.lang.reflect.Method.invoke(Native Method)
W/GmsApplication( 7298): 	at java.lang.reflect.Method.invoke(Method.java:372)
W/GmsApplication( 7298): 	at com.android.internal.os.ZygoteInit$MethodAndArgsCaller.run(ZygoteInit.java:925)
W/GmsApplication( 7298): 	at com.android.internal.os.ZygoteInit.main(ZygoteInit.java:720)
V/WLAN_PSA(  312): NL MSG, len[4052], NL type[0x1C] WNI type[0x5900] len[48143]
V/WLAN_PSA(  312): NL MSG, PID: 312
I/CheckinChimeraService( 7298): System re-creates CheckinService with null intent.
D/BatteryMeterView( 3026): onDraw level = 22
E/AudioPolicyManager(  301): unknown stream type 13
E/AudioPolicyManager(  301): unknown stream type 13
E/AudioPolicyManager(  301): unknown stream type 13
E/AudioPolicyManager(  301): unknown stream type 13
E/AudioPolicyManager(  301): unknown stream type 13
E/AudioPolicyManager(  301): unknown stream type 13
E/AudioPolicyManager(  301): unknown stream type 13
E/AudioPolicyManager(  301): unknown stream type 13
E/AudioPolicyManager(  301): unknown stream type 13
V/WLAN_PSA(  312): NL MSG, len[048], NL type[0x11] WNI type[0x5050] len[028]
V/WLAN_PSA(  312): NL MSG, PID: 312
V/WLAN_PSA(  312): NL MSG, len[914], NL type[0x11] WNI type[0x5050] len[894]
V/WLAN_PSA(  312): NL MSG, PID: 312
V/WLAN_PSA(  312): NL MSG, len[4045], NL type[0x1C] WNI type[0x5900] len[46351]
V/WLAN_PSA(  312): NL MSG, PID: 312
I/ViewRootImpl( 6056): CPU Rendering VSync enable = true
V/WindowManager(  751): Adding window Window{e3dbae9 u0 PopupWindow:3a9131db} at 6 of 11 (after Window{234e31b u0 com.android.settings/com.android.settings.SubSettings$WifiSubSettings})
I/CheckinService( 7298): Disabling old GoogleServicesFramework version
I/WindowManager(  751): mDock rect: (0,0 - 720,1280)
V/WindowManager(  751): Status bar: dock=[0,50][720,1280] content=[0,50][720,1280] cur=[0,50][720,1280]
V/WindowManager(  751): layoutWindowLw(): normal window
V/WindowManager(  751): Compute frame : sim=#20 attach=null type=2015 flags=0x01000018 pf=[0,50][720,1280] df=[0,50][720,1280] of=[0,50][720,1280] cf=[0,50][720,1280] vf=[0,50][720,1280] dcf=[0,0][720,1280] sf=[0,50][720,1280]
V/WindowManager(  751): layoutWindowLw(com.android.settings/com.android.settings.SubSettings$WifiSubSettings): IN_SCREEN, INSET_DECOR
V/WindowManager(  751): Compute frame com.android.settings/com.android.settings.SubSettings$WifiSubSettings: sim=#10 attach=null type=1 flags=0x81810100 pf=[0,0][720,1280] df=[0,0][720,1280] of=[0,0][720,1280] cf=[0,50][720,1280] vf=[0,50][720,1280] dcf=[0,0][720,1280] sf=[0,50][720,1280]
V/WindowManager(  751): layoutWindowLw(PopupWindow:3a9131db): attached to Window{234e31b u0 com.android.settings/com.android.settings.SubSettings$WifiSubSettings}
V/WindowManager(  751): Compute frame PopupWindow:3a9131db: sim=#11 attach=Window{234e31b u0 com.android.settings/com.android.settings.SubSettings$WifiSubSettings} type=1000 flags=0x41860200 pf=[0,0][720,1280] df=[-10000,-10000][10000,10000] of=[-10000,-10000][10000,10000] cf=[-10000,-10000][10000,10000] vf=[-10000,-10000][10000,10000] dcf=[0,0][720,1280] sf=[0,50][720,1280]
I/WindowManager(  751): Win Window{2b5d0932 u0 android}: isVisibleOrBehindKeyguardLw=true
I/WindowManager(  751): Win Window{23583ca7 u0 StatusBar}: isVisibleOrBehindKeyguardLw=true
I/WindowManager(  751): Win Window{e3dbae9 u0 PopupWindow:3a9131db}: isVisibleOrBehindKeyguardLw=true
I/WindowManager(  751): Win Window{234e31b u0 com.android.settings/com.android.settings.SubSettings$WifiSubSettings}: isVisibleOrBehindKeyguardLw=true
V/WindowManager(  751): Fullscreen window: Window{234e31b u0 com.android.settings/com.android.settings.SubSettings$WifiSubSettings}
I/WindowManager(  751): Win Window{276e6867 u0 com.android.phasebeam.PhaseBeamWallpaper}: isVisibleOrBehindKeyguardLw=false
I/WindowManager(  751): force=false forcefkg=false top=Window{234e31b u0 com.android.settings/com.android.settings.SubSettings$WifiSubSettings}
D/WindowManager(  751): frame: Rect(0, 0 - 720, 1280) shown frame: RectF(0.0, 0.0, 720.0, 1280.0)
D/WindowManager(  751): attr: WM.LayoutParams{(0,0)(fillxfill) sim=#10 ty=1 fl=#81810100 wanim=0x1030467 vsysui=0x600 surfaceInsets=Rect(0, 0 - 0, 0) needsMenuKey=2} lp.flags=0x81810100
V/WindowManager(  751): ** SHOWING status bar: top is not fullscreen
V/WindowManager(  751): finishPostLayoutPolicyLw: mHideKeyguard=false
I/WindowManager(  751): mDock rect: (0,0 - 720,1280)
V/WindowManager(  751): Status bar: dock=[0,50][720,1280] content=[0,50][720,1280] cur=[0,50][720,1280]
V/WindowManager(  751): layoutWindowLw(): normal window
V/WindowManager(  751): Compute frame : sim=#20 attach=null type=2015 flags=0x01000018 pf=[0,50][720,1280] df=[0,50][720,1280] of=[0,50][720,1280] cf=[0,50][720,1280] vf=[0,50][720,1280] dcf=[0,0][720,1280] sf=[0,50][720,1280]
V/WindowManager(  751): layoutWindowLw(com.android.settings/com.android.settings.SubSettings$WifiSubSettings): IN_SCREEN, INSET_DECOR
V/WindowManager(  751): Compute frame com.android.settings/com.android.settings.SubSettings$WifiSubSettings: sim=#10 attach=null type=1 flags=0x81810100 pf=[0,0][720,1280] df=[0,0][720,1280] of=[0,0][720,1280] cf=[0,50][720,1280] vf=[0,50][720,1280] dcf=[0,0][720,1280] sf=[0,50][720,1280]
V/WindowManager(  751): layoutWindowLw(PopupWindow:3a9131db): attached to Window{234e31b u0 com.android.settings/com.android.settings.SubSettings$WifiSubSettings}
V/WindowManager(  751): Compute frame PopupWindow:3a9131db: sim=#11 attach=Window{234e31b u0 com.android.settings/com.android.settings.SubSettings$WifiSubSettings} type=1000 flags=0x41860200 pf=[0,0][720,1280] df=[-10000,-10000][10000,10000] of=[-10000,-10000][10000,10000] cf=[-10000,-10000][10000,10000] vf=[-10000,-10000][10000,10000] dcf=[0,0][720,1280] sf=[0,50][720,1280]
I/WindowManager(  751): Win Window{2b5d0932 u0 android}: isVisibleOrBehindKeyguardLw=true
I/WindowManager(  751): Win Window{23583ca7 u0 StatusBar}: isVisibleOrBehindKeyguardLw=true
I/WindowManager(  751): Win Window{e3dbae9 u0 PopupWindow:3a9131db}: isVisibleOrBehindKeyguardLw=true
I/WindowManager(  751): Win Window{234e31b u0 com.android.settings/com.android.settings.SubSettings$WifiSubSettings}: isVisibleOrBehindKeyguardLw=true
V/WindowManager(  751): Fullscreen window: Window{234e31b u0 com.android.settings/com.android.settings.SubSettings$WifiSubSettings}
I/WindowManager(  751): Win Window{276e6867 u0 com.android.phasebeam.PhaseBeamWallpaper}: isVisibleOrBehindKeyguardLw=false
I/WindowManager(  751): force=false forcefkg=false top=Window{234e31b u0 com.android.settings/com.android.settings.SubSettings$WifiSubSettings}
D/WindowManager(  751): frame: Rect(0, 0 - 720, 1280) shown frame: RectF(0.0, 0.0, 720.0, 1280.0)
D/WindowManager(  751): attr: WM.LayoutParams{(0,0)(fillxfill) sim=#10 ty=1 fl=#81810100 wanim=0x1030467 vsysui=0x600 surfaceInsets=Rect(0, 0 - 0, 0) needsMenuKey=2} lp.flags=0x81810100
V/WindowManager(  751): ** SHOWING status bar: top is not fullscreen
V/WindowManager(  751): finishPostLayoutPolicyLw: mHideKeyguard=false
I/WindowManager(  751): mDock rect: (0,0 - 720,1280)
V/WindowManager(  751): Status bar: dock=[0,50][720,1280] content=[0,50][720,1280] cur=[0,50][720,1280]
V/WindowManager(  751): layoutWindowLw(): normal window
V/WindowManager(  751): Compute frame : sim=#20 attach=null type=2015 flags=0x01000018 pf=[0,50][720,1280] df=[0,50][720,1280] of=[0,50][720,1280] cf=[0,50][720,1280] vf=[0,50][720,1280] dcf=[0,0][720,1280] sf=[0,50][720,1280]
V/WindowManager(  751): layoutWindowLw(com.android.settings/com.android.settings.SubSettings$WifiSubSettings): IN_SCREEN, INSET_DECOR
V/WindowManager(  751): Compute frame com.android.settings/com.android.settings.SubSettings$WifiSubSettings: sim=#10 attach=null type=1 flags=0x81810100 pf=[0,0][720,1280] df=[0,0][720,1280] of=[0,0][720,1280] cf=[0,50][720,1280] vf=[0,50][720,1280] dcf=[0,0][720,1280] sf=[0,50][720,1280]
V/WindowManager(  751): layoutWindowLw(PopupWindow:3a9131db): attached to Window{234e31b u0 com.android.settings/com.android.settings.SubSettings$WifiSubSettings}
V/WindowManager(  751): Compute frame PopupWindow:3a9131db: sim=#11 attach=Window{234e31b u0 com.android.settings/com.android.settings.SubSettings$WifiSubSettings} type=1000 flags=0x41860200 pf=[0,0][720,1280] df=[-10000,-10000][10000,10000] of=[-10000,-10000][10000,10000] cf=[-10000,-10000][10000,10000] vf=[-10000,-10000][10000,10000] dcf=[0,0][720,1280] sf=[0,50][720,1280]
I/WindowManager(  751): Win Window{2b5d0932 u0 android}: isVisibleOrBehindKeyguardLw=true
I/WindowManager(  751): Win Window{23583ca7 u0 StatusBar}: isVisibleOrBehindKeyguardLw=true
I/WindowManager(  751): Win Window{e3dbae9 u0 PopupWindow:3a9131db}: isVisibleOrBehindKeyguardLw=true
I/WindowManager(  751): Win Window{234e31b u0 com.android.settings/com.android.settings.SubSettings$WifiSubSettings}: isVisibleOrBehindKeyguardLw=true
V/WindowManager(  751): Fullscreen window: Window{234e31b u0 com.android.settings/com.android.settings.SubSettings$WifiSubSettings}
I/WindowManager(  751): Win Window{276e6867 u0 com.android.phasebeam.PhaseBeamWallpaper}: isVisibleOrBehindKeyguardLw=false
I/WindowManager(  751): force=false forcefkg=false top=Window{234e31b u0 com.android.settings/com.android.settings.SubSettings$WifiSubSettings}
D/WindowManager(  751): frame: Rect(0, 0 - 720, 1280) shown frame: RectF(0.0, 0.0, 720.0, 1280.0)
D/WindowManager(  751): attr: WM.LayoutParams{(0,0)(fillxfill) sim=#10 ty=1 fl=#81810100 wanim=0x1030467 vsysui=0x600 surfaceInsets=Rect(0, 0 - 0, 0) needsMenuKey=2} lp.flags=0x81810100
V/WindowManager(  751): ** SHOWING status bar: top is not fullscreen
V/WindowManager(  751): finishPostLayoutPolicyLw: mHideKeyguard=false
I/WindowManager(  751): mDock rect: (0,0 - 720,1280)
V/WindowManager(  751): Status bar: dock=[0,50][720,1280] content=[0,50][720,1280] cur=[0,50][720,1280]
V/WindowManager(  751): layoutWindowLw(): normal window
V/WindowManager(  751): Compute frame : sim=#20 attach=null type=2015 flags=0x01000018 pf=[0,50][720,1280] df=[0,50][720,1280] of=[0,50][720,1280] cf=[0,50][720,1280] vf=[0,50][720,1280] dcf=[0,0][720,1280] sf=[0,50][720,1280]
V/WindowManager(  751): layoutWindowLw(com.android.settings/com.android.settings.SubSettings$WifiSubSettings): IN_SCREEN, INSET_DECOR
V/WindowManager(  751): Compute frame com.android.settings/com.android.settings.SubSettings$WifiSubSettings: sim=#10 attach=null type=1 flags=0x81810100 pf=[0,0][720,1280] df=[0,0][720,1280] of=[0,0][720,1280] cf=[0,50][720,1280] vf=[0,50][720,1280] dcf=[0,0][720,1280] sf=[0,50][720,1280]
V/WindowManager(  751): layoutWindowLw(PopupWindow:3a9131db): attached to Window{234e31b u0 com.android.settings/com.android.settings.SubSettings$WifiSubSettings}
V/WindowManager(  751): Compute frame PopupWindow:3a9131db: sim=#11 attach=Window{234e31b u0 com.android.settings/com.android.settings.SubSettings$WifiSubSettings} type=1000 flags=0x41860200 pf=[0,0][720,1280] df=[-10000,-10000][10000,10000] of=[-10000,-10000][10000,10000] cf=[-10000,-10000][10000,10000] vf=[-10000,-10000][10000,10000] dcf=[0,0][720,1280] sf=[0,50][720,1280]
I/WindowManager(  751): Win Window{2b5d0932 u0 android}: isVisibleOrBehindKeyguardLw=true
I/WindowManager(  751): Win Window{23583ca7 u0 StatusBar}: isVisibleOrBehindKeyguardLw=true
I/WindowManager(  751): Win Window{e3dbae9 u0 PopupWindow:3a9131db}: isVisibleOrBehindKeyguardLw=true
I/WindowManager(  751): Win Window{234e31b u0 com.android.settings/com.android.settings.SubSettings$WifiSubSettings}: isVisibleOrBehindKeyguardLw=true
V/WindowManager(  751): Fullscreen window: Window{234e31b u0 com.android.settings/com.android.settings.SubSettings$WifiSubSettings}
I/WindowManager(  751): Win Window{276e6867 u0 com.android.phasebeam.PhaseBeamWallpaper}: isVisibleOrBehindKeyguardLw=false
I/WindowManager(  751): force=false forcefkg=false top=Window{234e31b u0 com.android.settings/com.android.settings.SubSettings$WifiSubSettings}
D/WindowManager(  751): frame: Rect(0, 0 - 720, 1280) shown frame: RectF(0.0, 0.0, 720.0, 1280.0)
D/WindowManager(  751): attr: WM.LayoutParams{(0,0)(fillxfill) sim=#10 ty=1 fl=#81810100 wanim=0x1030467 vsysui=0x600 surfaceInsets=Rect(0, 0 - 0, 0) needsMenuKey=2} lp.flags=0x81810100
V/WindowManager(  751): ** SHOWING status bar: top is not fullscreen
V/WindowManager(  751): finishPostLayoutPolicyLw: mHideKeyguard=false
V/WLAN_PSA(  312): NL MSG, len[914], NL type[0x11] WNI type[0x5050] len[894]
V/WLAN_PSA(  312): NL MSG, PID: 312
V/WLAN_PSA(  312): NL MSG, len[048], NL type[0x11] WNI type[0x5050] len[028]
V/WLAN_PSA(  312): NL MSG, PID: 312
I/WindowManager(  751): Win Window{2b5d0932 u0 android}: isVisibleOrBehindKeyguardLw=true
I/WindowManager(  751): Win Window{23583ca7 u0 StatusBar}: isVisibleOrBehindKeyguardLw=true
I/WindowManager(  751): Win Window{e3dbae9 u0 PopupWindow:3a9131db}: isVisibleOrBehindKeyguardLw=true
I/WindowManager(  751): Win Window{234e31b u0 com.android.settings/com.android.settings.SubSettings$WifiSubSettings}: isVisibleOrBehindKeyguardLw=true
V/WindowManager(  751): Fullscreen window: Window{234e31b u0 com.android.settings/com.android.settings.SubSettings$WifiSubSettings}
I/WindowManager(  751): Win Window{276e6867 u0 com.android.phasebeam.PhaseBeamWallpaper}: isVisibleOrBehindKeyguardLw=false
I/WindowManager(  751): force=false forcefkg=false top=Window{234e31b u0 com.android.settings/com.android.settings.SubSettings$WifiSubSettings}
D/WindowManager(  751): frame: Rect(0, 0 - 720, 1280) shown frame: RectF(0.0, 0.0, 720.0, 1280.0)
D/WindowManager(  751): attr: WM.LayoutParams{(0,0)(fillxfill) sim=#10 ty=1 fl=#81810100 wanim=0x1030467 vsysui=0x600 surfaceInsets=Rect(0, 0 - 0, 0) needsMenuKey=2} lp.flags=0x81810100
V/WindowManager(  751): ** SHOWING status bar: top is not fullscreen
V/WindowManager(  751): finishPostLayoutPolicyLw: mHideKeyguard=false
I/CheckinChimeraService( 7298): Checking schedule, now: 1591863583207 next: 0
I/CheckinChimeraService( 7298): active receiver: enabled
E/AudioPolicyManager(  301): unknown stream type 13
E/AudioPolicyManager(  301): unknown stream type 13
E/AudioPolicyManager(  301): unknown stream type 13
E/AudioPolicyManager(  301): unknown stream type 13
E/AudioPolicyManager(  301): unknown stream type 13
E/AudioPolicyManager(  301): unknown stream type 13
E/AudioPolicyManager(  301): unknown stream type 13
E/AudioPolicyManager(  301): unknown stream type 13
E/AudioPolicyManager(  301): unknown stream type 13
E/AudioPolicyManager(  301): unknown stream type 13
E/AudioPolicyManager(  301): unknown stream type 13
E/AudioPolicyManager(  301): unknown stream type 13
E/AudioPolicyManager(  301): unknown stream type 13
E/AudioPolicyManager(  301): unknown stream type 13
E/AudioPolicyManager(  301): unknown stream type 13
E/AudioPolicyManager(  301): unknown stream type 13
E/AudioPolicyManager(  301): unknown stream type 13
I/CheckinChimeraService( 7298): Preparing to send checkin request
I/EventLogChimeraService( 7298): Accumulating logs since 1591863579748
V/WLAN_PSA(  312): NL MSG, len[4091], NL type[0x1C] WNI type[0x5900] len[58127]
V/WLAN_PSA(  312): NL MSG, PID: 312
I/WindowManager(  751): Win Window{2b5d0932 u0 android}: isVisibleOrBehindKeyguardLw=true
I/WindowManager(  751): Win Window{23583ca7 u0 StatusBar}: isVisibleOrBehindKeyguardLw=true
I/WindowManager(  751): Win Window{e3dbae9 u0 PopupWindow:3a9131db}: isVisibleOrBehindKeyguardLw=true
I/WindowManager(  751): Win Window{234e31b u0 com.android.settings/com.android.settings.SubSettings$WifiSubSettings}: isVisibleOrBehindKeyguardLw=true
V/WindowManager(  751): Fullscreen window: Window{234e31b u0 com.android.settings/com.android.settings.SubSettings$WifiSubSettings}
I/WindowManager(  751): Win Window{276e6867 u0 com.android.phasebeam.PhaseBeamWallpaper}: isVisibleOrBehindKeyguardLw=false
I/WindowManager(  751): force=false forcefkg=false top=Window{234e31b u0 com.android.settings/com.android.settings.SubSettings$WifiSubSettings}
D/WindowManager(  751): frame: Rect(0, 0 - 720, 1280) shown frame: RectF(0.0, 0.0, 720.0, 1280.0)
D/WindowManager(  751): attr: WM.LayoutParams{(0,0)(fillxfill) sim=#10 ty=1 fl=#81810100 wanim=0x1030467 vsysui=0x600 surfaceInsets=Rect(0, 0 - 0, 0) needsMenuKey=2} lp.flags=0x81810100
V/WindowManager(  751): ** SHOWING status bar: top is not fullscreen
V/WindowManager(  751): finishPostLayoutPolicyLw: mHideKeyguard=false
I/CheckinTask( 7298): Get token from PseudonymousIdApi: 204=zFBQlU2AVFuf9X8qVsdbqGKgUR4cWr4TBGBtV_5CPeWEtxFDYhIiGHfYhX1bD5OwczzcNL6ZaVDl7DSl86Pf6T5PmfpcUFgRO1Y4kdm25d9H3N8y2bVdhsUx2YaCq-9ZXwAAAqivkaZDXMub32ftkkNV0TgLh3R9znL3i3-R-y0
I/CheckinRequestBuilder( 7298): Checkin reason type: 0 attempt count: 1
D/WifiService(  751): New client listening to asynchronous messages
E/ActivityThread( 7298): Failed to find provider info for com.google.android.wearable.settings
V/WLAN_PSA(  312): NL MSG, len[048], NL type[0x11] WNI type[0x5050] len[028]
V/WLAN_PSA(  312): NL MSG, PID: 312
V/WLAN_PSA(  312): NL MSG, len[914], NL type[0x11] WNI type[0x5050] len[894]
V/WLAN_PSA(  312): NL MSG, PID: 312
V/WLAN_PSA(  312): NL MSG, len[3998], NL type[0x1C] WNI type[0x5900] len[34319]
V/WLAN_PSA(  312): NL MSG, PID: 312
D/BatteryMeterView( 3026): onDraw level = 32
I/SurfaceFlinger(  260): FPS: 40
V/WLAN_PSA(  312): NL MSG, len[914], NL type[0x11] WNI type[0x5050] len[894]
V/WLAN_PSA(  312): NL MSG, PID: 312
V/WLAN_PSA(  312): NL MSG, len[048], NL type[0x11] WNI type[0x5050] len[028]
V/WLAN_PSA(  312): NL MSG, PID: 312
V/WLAN_PSA(  312): NL MSG, len[4016], NL type[0x1C] WNI type[0x5900] len[38927]
V/WLAN_PSA(  312): NL MSG, PID: 312
I/CheckinRequestBuilder( 7298): Unknown state of subscriptions on the device
E/AudioPolicyManager(  301): unknown stream type 13
E/AudioPolicyManager(  301): unknown stream type 13
E/AudioPolicyManager(  301): unknown stream type 13
E/AudioPolicyManager(  301): unknown stream type 13
E/AudioPolicyManager(  301): unknown stream type 13
E/AudioPolicyManager(  301): unknown stream type 13
E/AudioPolicyManager(  301): unknown stream type 13
E/AudioPolicyManager(  301): unknown stream type 13
E/AudioPolicyManager(  301): unknown stream type 13
I/Timeline( 6056): Timeline: Activity_launch_request id:com.android.settings time:504765
I/ActivityManager(  751): START u0 {act=android.intent.action.MAIN cmp=com.android.settings/.SubSettings (has extras)} from uid 1000 on display 0
I/WindowManager(  751): mDock rect: (0,0 - 720,1280)
V/WindowManager(  751): Status bar: dock=[0,50][720,1280] content=[0,50][720,1280] cur=[0,50][720,1280]
V/WindowManager(  751): layoutWindowLw(): normal window
V/WindowManager(  751): Compute frame : sim=#20 attach=null type=2015 flags=0x01000018 pf=[0,50][720,1280] df=[0,50][720,1280] of=[0,50][720,1280] cf=[0,50][720,1280] vf=[0,50][720,1280] dcf=[0,0][720,1280] sf=[0,50][720,1280]
V/WindowManager(  751): layoutWindowLw(com.android.settings/com.android.settings.SubSettings$WifiSubSettings): IN_SCREEN, INSET_DECOR
V/WindowManager(  751): Compute frame com.android.settings/com.android.settings.SubSettings$WifiSubSettings: sim=#10 attach=null type=1 flags=0x81810100 pf=[0,0][720,1280] df=[0,0][720,1280] of=[0,0][720,1280] cf=[0,50][720,1280] vf=[0,50][720,1280] dcf=[0,0][720,1280] sf=[0,50][720,1280]
V/WindowManager(  751): layoutWindowLw(PopupWindow:3a9131db): attached to Window{234e31b u0 com.android.settings/com.android.settings.SubSettings$WifiSubSettings}
V/WindowManager(  751): Compute frame PopupWindow:3a9131db: sim=#11 attach=Window{234e31b u0 com.android.settings/com.android.settings.SubSettings$WifiSubSettings} type=1000 flags=0x41860200 pf=[0,0][720,1280] df=[-10000,-10000][10000,10000] of=[-10000,-10000][10000,10000] cf=[-10000,-10000][10000,10000] vf=[-10000,-10000][10000,10000] dcf=[0,0][720,1280] sf=[0,50][720,1280]
I/WindowManager(  751): Win Window{2b5d0932 u0 android}: isVisibleOrBehindKeyguardLw=true
I/WindowManager(  751): Win Window{23583ca7 u0 StatusBar}: isVisibleOrBehindKeyguardLw=true
I/WindowManager(  751): Win Window{e3dbae9 u0 PopupWindow:3a9131db}: isVisibleOrBehindKeyguardLw=true
I/WindowManager(  751): Win Window{234e31b u0 com.android.settings/com.android.settings.SubSettings$WifiSubSettings}: isVisibleOrBehindKeyguardLw=true
V/WindowManager(  751): Fullscreen window: Window{234e31b u0 com.android.settings/com.android.settings.SubSettings$WifiSubSettings}
I/WindowManager(  751): Win Window{276e6867 u0 com.android.phasebeam.PhaseBeamWallpaper}: isVisibleOrBehindKeyguardLw=false
I/WindowManager(  751): force=false forcefkg=false top=Window{234e31b u0 com.android.settings/com.android.settings.SubSettings$WifiSubSettings}
D/WindowManager(  751): frame: Rect(0, 0 - 720, 1280) shown frame: RectF(0.0, 0.0, 720.0, 1280.0)
D/WindowManager(  751): attr: WM.LayoutParams{(0,0)(fillxfill) sim=#10 ty=1 fl=#81810100 wanim=0x1030467 vsysui=0x600 surfaceInsets=Rect(0, 0 - 0, 0) needsMenuKey=2} lp.flags=0x81810100
V/WindowManager(  751): ** SHOWING status bar: top is not fullscreen
V/WindowManager(  751): finishPostLayoutPolicyLw: mHideKeyguard=false
V/WindowManager(  751): addAppToken: AppWindowToken{3af43b5d token=Token{d867134 ActivityRecord{23010c07 u0 com.android.settings/.SubSettings t639}}} to stack=1 task=639 at 2
I/WindowManager(  751): mDock rect: (0,0 - 720,1280)
V/WindowManager(  751): Status bar: dock=[0,50][720,1280] content=[0,50][720,1280] cur=[0,50][720,1280]
V/WindowManager(  751): layoutWindowLw(): normal window
V/WindowManager(  751): Compute frame : sim=#20 attach=null type=2015 flags=0x01000018 pf=[0,50][720,1280] df=[0,50][720,1280] of=[0,50][720,1280] cf=[0,50][720,1280] vf=[0,50][720,1280] dcf=[0,0][720,1280] sf=[0,50][720,1280]
V/WindowManager(  751): layoutWindowLw(com.android.settings/com.android.settings.SubSettings$WifiSubSettings): IN_SCREEN, INSET_DECOR
V/WindowManager(  751): Compute frame com.android.settings/com.android.settings.SubSettings$WifiSubSettings: sim=#10 attach=null type=1 flags=0x81810100 pf=[0,0][720,1280] df=[0,0][720,1280] of=[0,0][720,1280] cf=[0,50][720,1280] vf=[0,50][720,1280] dcf=[0,0][720,1280] sf=[0,50][720,1280]
V/WindowManager(  751): layoutWindowLw(PopupWindow:3a9131db): attached to Window{234e31b u0 com.android.settings/com.android.settings.SubSettings$WifiSubSettings}
V/WindowManager(  751): Compute frame PopupWindow:3a9131db: sim=#11 attach=Window{234e31b u0 com.android.settings/com.android.settings.SubSettings$WifiSubSettings} type=1000 flags=0x41860200 pf=[0,0][720,1280] df=[-10000,-10000][10000,10000] of=[-10000,-10000][10000,10000] cf=[-10000,-10000][10000,10000] vf=[-10000,-10000][10000,10000] dcf=[0,0][720,1280] sf=[0,50][720,1280]
I/WindowManager(  751): Win Window{2b5d0932 u0 android}: isVisibleOrBehindKeyguardLw=true
I/WindowManager(  751): Win Window{23583ca7 u0 StatusBar}: isVisibleOrBehindKeyguardLw=true
I/WindowManager(  751): Win Window{e3dbae9 u0 PopupWindow:3a9131db EXITING}: isVisibleOrBehindKeyguardLw=false
I/WindowManager(  751): Win Window{234e31b u0 com.android.settings/com.android.settings.SubSettings$WifiSubSettings}: isVisibleOrBehindKeyguardLw=true
V/WindowManager(  751): Fullscreen window: Window{234e31b u0 com.android.settings/com.android.settings.SubSettings$WifiSubSettings}
I/WindowManager(  751): Win Window{276e6867 u0 com.android.phasebeam.PhaseBeamWallpaper}: isVisibleOrBehindKeyguardLw=false
I/WindowManager(  751): force=false forcefkg=false top=Window{234e31b u0 com.android.settings/com.android.settings.SubSettings$WifiSubSettings}
D/WindowManager(  751): frame: Rect(0, 0 - 720, 1280) shown frame: RectF(0.0, 0.0, 720.0, 1280.0)
D/WindowManager(  751): attr: WM.LayoutParams{(0,0)(fillxfill) sim=#10 ty=1 fl=#81810100 wanim=0x1030467 vsysui=0x600 surfaceInsets=Rect(0, 0 - 0, 0) needsMenuKey=2} lp.flags=0x81810100
V/WindowManager(  751): ** SHOWING status bar: top is not fullscreen
V/WindowManager(  751): finishPostLayoutPolicyLw: mHideKeyguard=false
W/InputEventReceiver( 6056): Attempted to finish an input event but the input event receiver has already been disposed.
I/WindowManager(  751): Win Window{2b5d0932 u0 android}: isVisibleOrBehindKeyguardLw=true
I/WindowManager(  751): Win Window{23583ca7 u0 StatusBar}: isVisibleOrBehindKeyguardLw=true
I/WindowManager(  751): Win Window{e3dbae9 u0 PopupWindow:3a9131db EXITING}: isVisibleOrBehindKeyguardLw=false
I/WindowManager(  751): Win Window{234e31b u0 com.android.settings/com.android.settings.SubSettings$WifiSubSettings}: isVisibleOrBehindKeyguardLw=false
I/WindowManager(  751): Win Window{276e6867 u0 com.android.phasebeam.PhaseBeamWallpaper}: isVisibleOrBehindKeyguardLw=false
I/WindowManager(  751): force=false forcefkg=false top=null
V/WindowManager(  751): finishPostLayoutPolicyLw: mHideKeyguard=false
D/SubSettings( 6056): Launching fragment com.android.settings.wifi.AdvancedWifiSettings
W/ResourceType( 6056): Failure getting entry for 0x7f090baa (t=8 e=2986) (error -75)
W/ResourceType( 6056): Failure getting entry for 0x7f090bab (t=8 e=2987) (error -75)
W/Resources( 6056): Converting to string: TypedValue{t=0x1/d=0x7f090bab a=-1 r=0x7f090bab}
W/Resources( 6056): Converting to string: TypedValue{t=0x1/d=0x7f090baa a=-1 r=0x7f090baa}
W/ResourceType( 6056): Failure getting entry for 0x7f090baa (t=8 e=2986) (error -75)
W/ResourceType( 6056): Failure getting entry for 0x7f090bab (t=8 e=2987) (error -75)
W/Resources( 6056): Converting to string: TypedValue{t=0x1/d=0x7f090bab a=-1 r=0x7f090bab}
I/ViewRootImpl( 6056): CPU Rendering VSync enable = true
V/WindowManager(  751): Adding window Window{c5fb5cd u0 com.android.settings/com.android.settings.SubSettings} at 7 of 12 (after Window{e3dbae9 u0 PopupWindow:3a9131db EXITING})
V/WLAN_PSA(  312): NL MSG, len[4085], NL type[0x1C] WNI type[0x5900] len[56591]
V/WLAN_PSA(  312): NL MSG, PID: 312
D/wpa_supplicant( 7163): wlan0: Control interface command 'SIGNAL_POLL'
E/AudioPolicyManager(  301): unknown stream type 13
E/AudioPolicyManager(  301): unknown stream type 13
E/AudioPolicyManager(  301): unknown stream type 13
E/AudioPolicyManager(  301): unknown stream type 13
E/AudioPolicyManager(  301): unknown stream type 13
E/AudioPolicyManager(  301): unknown stream type 13
E/AudioPolicyManager(  301): unknown stream type 13
E/AudioPolicyManager(  301): unknown stream type 13
E/AudioPolicyManager(  301): unknown stream type 13
E/AudioPolicyManager(  301): unknown stream type 13
E/AudioPolicyManager(  301): unknown stream type 13
E/AudioPolicyManager(  301): unknown stream type 13
E/AudioPolicyManager(  301): unknown stream type 13
E/AudioPolicyManager(  301): unknown stream type 13
E/AudioPolicyManager(  301): unknown stream type 13
E/AudioPolicyManager(  301): unknown stream type 13
E/AudioPolicyManager(  301): unknown stream type 13
I/WindowManager(  751): mDock rect: (0,0 - 720,1280)
V/WindowManager(  751): Status bar: dock=[0,50][720,1280] content=[0,50][720,1280] cur=[0,50][720,1280]
V/WindowManager(  751): layoutWindowLw(): normal window
V/WindowManager(  751): Compute frame : sim=#20 attach=null type=2015 flags=0x01000018 pf=[0,50][720,1280] df=[0,50][720,1280] of=[0,50][720,1280] cf=[0,50][720,1280] vf=[0,50][720,1280] dcf=[0,0][720,1280] sf=[0,50][720,1280]
V/WindowManager(  751): layoutWindowLw(com.android.settings/com.android.settings.SubSettings): IN_SCREEN, INSET_DECOR
V/WindowManager(  751): Compute frame com.android.settings/com.android.settings.SubSettings: sim=#110 attach=null type=1 flags=0x81810100 pf=[0,0][720,1280] df=[0,0][720,1280] of=[0,0][720,1280] cf=[0,50][720,1280] vf=[0,50][720,1280] dcf=[0,0][720,1280] sf=[0,50][720,1280]
I/WindowManager(  751): Win Window{2b5d0932 u0 android}: isVisibleOrBehindKeyguardLw=true
I/WindowManager(  751): Win Window{23583ca7 u0 StatusBar}: isVisibleOrBehindKeyguardLw=true
I/WindowManager(  751): Win Window{c5fb5cd u0 com.android.settings/com.android.settings.SubSettings}: isVisibleOrBehindKeyguardLw=false
I/WindowManager(  751): Win Window{e3dbae9 u0 PopupWindow:3a9131db EXITING}: isVisibleOrBehindKeyguardLw=false
I/WindowManager(  751): Win Window{234e31b u0 com.android.settings/com.android.settings.SubSettings$WifiSubSettings}: isVisibleOrBehindKeyguardLw=false
I/WindowManager(  751): Win Window{276e6867 u0 com.android.phasebeam.PhaseBeamWallpaper}: isVisibleOrBehindKeyguardLw=false
I/WindowManager(  751): force=false forcefkg=false top=null
V/WindowManager(  751): finishPostLayoutPolicyLw: mHideKeyguard=false
I/WindowManager(  751): mDock rect: (0,0 - 720,1280)
V/WindowManager(  751): Status bar: dock=[0,50][720,1280] content=[0,50][720,1280] cur=[0,50][720,1280]
V/WindowManager(  751): layoutWindowLw(): normal window
V/WindowManager(  751): Compute frame : sim=#20 attach=null type=2015 flags=0x01000018 pf=[0,50][720,1280] df=[0,50][720,1280] of=[0,50][720,1280] cf=[0,50][720,1280] vf=[0,50][720,1280] dcf=[0,0][720,1280] sf=[0,50][720,1280]
I/WindowManager(  751): Win Window{2b5d0932 u0 android}: isVisibleOrBehindKeyguardLw=true
I/WindowManager(  751): Win Window{23583ca7 u0 StatusBar}: isVisibleOrBehindKeyguardLw=true
I/WindowManager(  751): Win Window{c5fb5cd u0 com.android.settings/com.android.settings.SubSettings}: isVisibleOrBehindKeyguardLw=false
