D/MSimSignalClusterView( 3211): mobile[0]: VISIBLE sig=2130838329 type=0
D/MSimSignalClusterView( 3211): wifi: VISIBLE sig=2130838354 act=0
D/MSimSignalClusterView( 3211): mobile[1]: VISIBLE sig=2130838329 type=0
D/StatusBar.MSimNetworkController( 3211): refreshSignalCluster, mMSimPhoneSignalIconId[0]=com.android.systemui:drawable/stat_sys_signal_null mMSimDataSignalIconId[0]=com.android.systemui:drawable/stat_sys_signal_null mMSimDataTypeIconId[0]=(null) mMSimMobileActivityIconId[0]=(null) mNoMSimIconId[0]=com.android.systemui:drawable/ic_qs_no_sim
D/MSimSignalClusterView( 3211): wifi: VISIBLE sig=2130838354 act=0
D/MSimSignalClusterView( 3211): mobile[0]: VISIBLE sig=2130838329 type=0
D/MSimSignalClusterView( 3211): wifi: VISIBLE sig=2130838354 act=0
D/MSimSignalClusterView( 3211): mobile[1]: VISIBLE sig=2130838329 type=0
D/MSimSignalClusterView( 3211): wifi: VISIBLE sig=2130838354 act=0
D/MSimSignalClusterView( 3211): mobile[0]: VISIBLE sig=2130838329 type=0
D/MSimSignalClusterView( 3211): wifi: VISIBLE sig=2130838354 act=0
D/MSimSignalClusterView( 3211): mobile[0]: VISIBLE sig=2130838329 type=0
D/MSimSignalClusterView( 3211): wifi: VISIBLE sig=2130838354 act=0
D/MSimSignalClusterView( 3211): mobile[0]: VISIBLE sig=2130838329 type=0
D/MSimSignalClusterView( 3211): wifi: VISIBLE sig=2130838354 act=0
D/MSimSignalClusterView( 3211): mobile[1]: VISIBLE sig=2130838329 type=0
D/StatusBar.MSimNetworkController( 3211): refreshSignalCluster, mMSimPhoneSignalIconId[0]=com.android.systemui:drawable/stat_sys_signal_null mMSimDataSignalIconId[0]=com.android.systemui:drawable/stat_sys_signal_null mMSimDataTypeIconId[0]=(null) mMSimMobileActivityIconId[0]=(null) mNoMSimIconId[0]=com.android.systemui:drawable/ic_qs_no_sim
D/MSimSignalClusterView( 3211): wifi: VISIBLE sig=2130838354 act=0
D/MSimSignalClusterView( 3211): mobile[0]: VISIBLE sig=2130838329 type=0
D/MSimSignalClusterView( 3211): wifi: VISIBLE sig=2130838354 act=0
D/MSimSignalClusterView( 3211): mobile[1]: VISIBLE sig=2130838329 type=0
D/MSimSignalClusterView( 3211): wifi: VISIBLE sig=2130838354 act=0
D/MSimSignalClusterView( 3211): mobile[0]: VISIBLE sig=2130838329 type=0
D/MSimSignalClusterView( 3211): wifi: VISIBLE sig=2130838354 act=0
D/MSimSignalClusterView( 3211): mobile[0]: VISIBLE sig=2130838329 type=0
D/MSimSignalClusterView( 3211): wifi: VISIBLE sig=2130838354 act=0
D/MSimSignalClusterView( 3211): mobile[0]: VISIBLE sig=2130838329 type=0
D/MSimSignalClusterView( 3211): wifi: VISIBLE sig=2130838354 act=0
D/MSimSignalClusterView( 3211): mobile[1]: VISIBLE sig=2130838329 type=0
D/StatusBar.MSimNetworkController( 3211): refreshSignalCluster, mMSimPhoneSignalIconId[0]=com.android.systemui:drawable/stat_sys_signal_null mMSimDataSignalIconId[0]=com.android.systemui:drawable/stat_sys_signal_null mMSimDataTypeIconId[0]=(null) mMSimMobileActivityIconId[0]=(null) mNoMSimIconId[0]=com.android.systemui:drawable/ic_qs_no_sim
D/BatteryMeterView( 3211): onDraw level = 6
I/SurfaceFlinger(  260): FPS: 3
D/StatusBar.MSimNetworkController( 3211): refreshViews phoneId =0mMSimDataConnected =false
D/StatusBar.MSimNetworkController( 3211): refreshViews mMSimDataActivity =0
D/StatusBar.MSimNetworkController( 3211): refreshViews: Data not connected!! Set no data type icon / Roaming for phoneId: 0
D/StatusBar.MSimNetworkController( 3211): refreshViews connected={ wifi } level=3 mMSimcombinedSignalIconId=0x7f020352/com.android.systemui:drawable/stat_sys_wifi_signal_4_fully mMSimcombinedActivityIconId=0x7f020347 mAirplaneMode=false mMSimDataActivity=0 mMSimPhoneSignalIconId=0x7f020339/com.android.systemui:drawable/stat_sys_signal_null mMSimDataDirectionIconId=0x0 mMSimDataSignalIconId=0x7f020339 mMSimDataTypeIconId=0x0/(null) mNoMSimIconId=0x7f02009a/com.android.systemui:drawable/ic_qs_no_sim mMSimMobileActivityIconId=0x0/(null) mWifiIconId=0x7f020352 mBluetoothTetherIconId=0x10806a2
D/MSimSignalClusterView( 3211): wifi: VISIBLE sig=2130838354 act=2130838343
D/MSimSignalClusterView( 3211): mobile[0]: VISIBLE sig=2130838329 type=0
D/MSimSignalClusterView( 3211): wifi: VISIBLE sig=2130838354 act=2130838343
D/MSimSignalClusterView( 3211): mobile[1]: VISIBLE sig=2130838329 type=0
D/MSimSignalClusterView( 3211): wifi: VISIBLE sig=2130838354 act=2130838343
D/MSimSignalClusterView( 3211): mobile[0]: VISIBLE sig=2130838329 type=0
D/MSimSignalClusterView( 3211): wifi: VISIBLE sig=2130838354 act=2130838343
D/MSimSignalClusterView( 3211): mobile[0]: VISIBLE sig=2130838329 type=0
D/MSimSignalClusterView( 3211): wifi: VISIBLE sig=2130838354 act=2130838343
D/MSimSignalClusterView( 3211): mobile[0]: VISIBLE sig=2130838329 type=0
D/MSimSignalClusterView( 3211): wifi: VISIBLE sig=2130838354 act=2130838343
D/MSimSignalClusterView( 3211): mobile[1]: VISIBLE sig=2130838329 type=0
D/StatusBar.MSimNetworkController( 3211): refreshSignalCluster, mMSimPhoneSignalIconId[0]=com.android.systemui:drawable/stat_sys_signal_null mMSimDataSignalIconId[0]=com.android.systemui:drawable/stat_sys_signal_null mMSimDataTypeIconId[0]=(null) mMSimMobileActivityIconId[0]=(null) mNoMSimIconId[0]=com.android.systemui:drawable/ic_qs_no_sim
D/MSimSignalClusterView( 3211): wifi: VISIBLE sig=2130838354 act=2130838343
D/MSimSignalClusterView( 3211): mobile[0]: VISIBLE sig=2130838329 type=0
D/MSimSignalClusterView( 3211): wifi: VISIBLE sig=2130838354 act=2130838343
D/MSimSignalClusterView( 3211): mobile[1]: VISIBLE sig=2130838329 type=0
D/MSimSignalClusterView( 3211): wifi: VISIBLE sig=2130838354 act=2130838343
D/MSimSignalClusterView( 3211): mobile[0]: VISIBLE sig=2130838329 type=0
D/MSimSignalClusterView( 3211): wifi: VISIBLE sig=2130838354 act=2130838343
D/MSimSignalClusterView( 3211): mobile[0]: VISIBLE sig=2130838329 type=0
D/MSimSignalClusterView( 3211): wifi: VISIBLE sig=2130838354 act=2130838343
D/MSimSignalClusterView( 3211): mobile[0]: VISIBLE sig=2130838329 type=0
D/MSimSignalClusterView( 3211): wifi: VISIBLE sig=2130838354 act=2130838343
D/MSimSignalClusterView( 3211): mobile[1]: VISIBLE sig=2130838329 type=0
D/StatusBar.MSimNetworkController( 3211): refreshSignalCluster, mMSimPhoneSignalIconId[0]=com.android.systemui:drawable/stat_sys_signal_null mMSimDataSignalIconId[0]=com.android.systemui:drawable/stat_sys_signal_null mMSimDataTypeIconId[0]=(null) mMSimMobileActivityIconId[0]=(null) mNoMSimIconId[0]=com.android.systemui:drawable/ic_qs_no_sim
D/MSimSignalClusterView( 3211): wifi: VISIBLE sig=2130838354 act=2130838343
D/MSimSignalClusterView( 3211): mobile[0]: VISIBLE sig=2130838329 type=0
D/MSimSignalClusterView( 3211): wifi: VISIBLE sig=2130838354 act=2130838343
D/MSimSignalClusterView( 3211): mobile[1]: VISIBLE sig=2130838329 type=0
D/MSimSignalClusterView( 3211): wifi: VISIBLE sig=2130838354 act=2130838343
D/MSimSignalClusterView( 3211): mobile[0]: VISIBLE sig=2130838329 type=0
D/MSimSignalClusterView( 3211): wifi: VISIBLE sig=2130838354 act=2130838343
D/MSimSignalClusterView( 3211): mobile[0]: VISIBLE sig=2130838329 type=0
D/MSimSignalClusterView( 3211): wifi: VISIBLE sig=2130838354 act=2130838343
D/MSimSignalClusterView( 3211): mobile[0]: VISIBLE sig=2130838329 type=0
D/MSimSignalClusterView( 3211): wifi: VISIBLE sig=2130838354 act=2130838343
D/MSimSignalClusterView( 3211): mobile[1]: VISIBLE sig=2130838329 type=0
D/StatusBar.MSimNetworkController( 3211): refreshSignalCluster, mMSimPhoneSignalIconId[0]=com.android.systemui:drawable/stat_sys_signal_null mMSimDataSignalIconId[0]=com.android.systemui:drawable/stat_sys_signal_null mMSimDataTypeIconId[0]=(null) mMSimMobileActivityIconId[0]=(null) mNoMSimIconId[0]=com.android.systemui:drawable/ic_qs_no_sim
D/MSimSignalClusterView( 3211): wifi: VISIBLE sig=2130838354 act=2130838343
D/MSimSignalClusterView( 3211): mobile[0]: VISIBLE sig=2130838329 type=0
D/MSimSignalClusterView( 3211): wifi: VISIBLE sig=2130838354 act=2130838343
D/MSimSignalClusterView( 3211): mobile[1]: VISIBLE sig=2130838329 type=0
D/MSimSignalClusterView( 3211): wifi: VISIBLE sig=2130838354 act=2130838343
D/MSimSignalClusterView( 3211): mobile[0]: VISIBLE sig=2130838329 type=0
D/MSimSignalClusterView( 3211): wifi: VISIBLE sig=2130838354 act=2130838343
D/MSimSignalClusterView( 3211): mobile[0]: VISIBLE sig=2130838329 type=0
D/MSimSignalClusterView( 3211): wifi: VISIBLE sig=2130838354 act=2130838343
D/MSimSignalClusterView( 3211): mobile[0]: VISIBLE sig=2130838329 type=0
D/MSimSignalClusterView( 3211): wifi: VISIBLE sig=2130838354 act=2130838343
D/MSimSignalClusterView( 3211): mobile[1]: VISIBLE sig=2130838329 type=0
D/StatusBar.MSimNetworkController( 3211): refreshSignalCluster, mMSimPhoneSignalIconId[0]=com.android.systemui:drawable/stat_sys_signal_null mMSimDataSignalIconId[0]=com.android.systemui:drawable/stat_sys_signal_null mMSimDataTypeIconId[0]=(null) mMSimMobileActivityIconId[0]=(null) mNoMSimIconId[0]=com.android.systemui:drawable/ic_qs_no_sim
D/wpa_supplicant( 3788): wlan0: Control interface command 'SIGNAL_POLL'
I/SurfaceFlinger(  260): FPS: 3
D/BatteryMeterView( 3211): not on charging...
D/BatteryMeterView( 3211): not on charging...
D/BatteryMeterView( 3211): not on charging...
D/BatteryMeterView( 3211): onDraw level = 6
D/BatteryMeterView( 3211): onDraw level = 6
D/BatteryMeterView( 3211): not on charging...
D/BatteryMeterView( 3211): not on charging...
D/BatteryMeterView( 3211): not on charging...
D/BatteryMeterView( 3211): onDraw level = 6
D/BatteryMeterView( 3211): onDraw level = 6
I/SurfaceFlinger(  260): FPS: 4
D/BatteryMeterView( 3211): not on charging...
D/BatteryMeterView( 3211): not on charging...
D/BatteryMeterView( 3211): not on charging...
D/BatteryMeterView( 3211): onDraw level = 6
I/SurfaceFlinger(  260): FPS: 3
D/BatteryMeterView( 3211): onDraw level = 6
V/WLAN_PSA(  315): NL MSG, len[4028], NL type[0x1C] WNI type[0x5900] len[41999]
V/WLAN_PSA(  315): NL MSG, PID: 315
D/wpa_supplicant( 3788): wlan0: Control interface command 'SIGNAL_POLL'
D/BatteryMeterView( 3211): not on charging...
D/BatteryMeterView( 3211): not on charging...
D/BatteryMeterView( 3211): not on charging...
D/BatteryMeterView( 3211): onDraw level = 6
D/BatteryMeterView( 3211): onDraw level = 6
I/SurfaceFlinger(  260): FPS: 3
D/BatteryMeterView( 3211): not on charging...
D/BatteryMeterView( 3211): not on charging...
D/BatteryMeterView( 3211): not on charging...
D/BatteryMeterView( 3211): onDraw level = 6
D/BatteryMeterView( 3211): onDraw level = 6
I/SurfaceFlinger(  260): FPS: 3
D/BatteryMeterView( 3211): not on charging...
D/BatteryMeterView( 3211): onDraw level = 6
D/BatteryMeterView( 3211): not on charging...
D/BatteryMeterView( 3211): not on charging...
D/BatteryMeterView( 3211): onDraw level = 6
I/SurfaceFlinger(  260): FPS: 3
D/wpa_supplicant( 3788): wlan0: Control interface command 'SIGNAL_POLL'
V/WLAN_PSA(  315): NL MSG, len[4022], NL type[0x1C] WNI type[0x5900] len[40463]
V/WLAN_PSA(  315): NL MSG, PID: 315
D/VM_BMS  (  481): wake_lock acquired
D/VM_BMS  (  481): New BMS data - Size=56
D/VM_BMS  (  481): Start process_bms_data
D/VM_BMS  (  481): Battery charge_cycle=0 fcc_adjust=0 rbatt_adjust=0 cycle_changed=false
D/VM_BMS  (  481): For batt_temp=255 fcc_mah=2200
D/VM_BMS  (  481): Lookup fcc_mah=2200.000000  adjusted fcc_mah=2200.000000
D/VM_BMS  (  481): For ocv=3806021 batt_temp=255 soc=37
D/VM_BMS  (  481): fifo_count=2 acc_count=0
D/VM_BMS  (  481): INIT: ocv=3806021 last_ocv=3806021 batt_temp=255 soc=37
D/VM_BMS  (  481): For soc=37 batt_temp=255 slope=3000
D/VM_BMS  (  481): For soc=37 batt_temp=255 rbatt_sf=105
D/VM_BMS  (  481): rbatt_mohm_default=72, rbatt_mohm=75, sf=105 batt_temp=255
D/VM_BMS  (  481): Lookup rbatt=75.000000  adjusted rbatt=75.000000
D/VM_BMS  (  481): For ocv=3806006 batt_temp=255 soc=37
D/VM_BMS  (  481): FIFO=0 fifo_avg=3.800763 rbatt=0.125000 slope=0.300000 ibatt=0.042008 ocv=3.806007 soc=37 fcc_ah=2.200000 sample_count=128 sample_interval=70 seq_num=6061
D/VM_BMS  (  481): For soc=37 batt_temp=255 slope=3000
D/VM_BMS  (  481): For soc=37 batt_temp=255 rbatt_sf=105
D/VM_BMS  (  481): rbatt_mohm_default=72, rbatt_mohm=75, sf=105 batt_temp=255
D/VM_BMS  (  481): Lookup rbatt=75.000000  adjusted rbatt=75.000000
D/VM_BMS  (  481): For ocv=3806002 batt_temp=255 soc=37
D/VM_BMS  (  481): FIFO=1 fifo_avg=3.804589 rbatt=0.125000 slope=0.300000 ibatt=0.011320 ocv=3.806002 soc=37 fcc_ah=2.200000 sample_count=128 sample_interval=70 seq_num=6061
I/VM_BMS  (  481): power_supply_update: ocv_uv=3806002 ibatt=11320 soc=37 seq_num=6061
D/VM_BMS  (  481): End process_bms_data
D/VM_BMS  (  481): wake_lock released
D/BatteryMeterView( 3211): not on charging...
D/BatteryMeterView( 3211): not on charging...
D/BatteryMeterView( 3211): not on charging...
D/BatteryMeterView( 3211): onDraw level = 6
D/BatteryMeterView( 3211): onDraw level = 6
I/SurfaceFlinger(  260): FPS: 3
D/BatteryMeterView( 3211): not on charging...
D/BatteryMeterView( 3211): not on charging...
D/BatteryMeterView( 3211): onDraw level = 6
D/BatteryMeterView( 3211): not on charging...
D/BatteryMeterView( 3211): onDraw level = 6
I/SurfaceFlinger(  260): FPS: 3
E/WifiStateMachine(  759): WifiStateMachine CMD_START_SCAN source -2 txSuccessRate=51.20 rxSuccessRate=39.88 targetRoamBSSID=any RSSI=-47
D/wpa_supplicant( 3788): wlan0: Control interface command 'SIGNAL_POLL'
D/BatteryMeterView( 3211): not on charging...
D/BatteryMeterView( 3211): not on charging...
D/BatteryMeterView( 3211): not on charging...
D/BatteryMeterView( 3211): onDraw level = 6
D/BatteryMeterView( 3211): onDraw level = 6
I/SurfaceFlinger(  260): FPS: 3
V/WLAN_PSA(  315): NL MSG, len[4067], NL type[0x1C] WNI type[0x5900] len[51983]
V/WLAN_PSA(  315): NL MSG, PID: 315
D/BatteryMeterView( 3211): not on charging...
D/BatteryMeterView( 3211): onDraw level = 6
D/BatteryMeterView( 3211): not on charging...
D/BatteryMeterView( 3211): not on charging...
D/BatteryMeterView( 3211): onDraw level = 6
I/SurfaceFlinger(  260): FPS: 3
D/BatteryMeterView( 3211): not on charging...
D/BatteryMeterView( 3211): not on charging...
D/BatteryMeterView( 3211): onDraw level = 6
D/BatteryMeterView( 3211): not on charging...
D/BatteryMeterView( 3211): onDraw level = 6
I/SurfaceFlinger(  260): FPS: 3
D/wpa_supplicant( 3788): wlan0: Control interface command 'SIGNAL_POLL'
D/BatteryMeterView( 3211): not on charging...
D/BatteryMeterView( 3211): not on charging...
D/BatteryMeterView( 3211): not on charging...
D/BatteryMeterView( 3211): onDraw level = 6
D/BatteryMeterView( 3211): onDraw level = 6
I/SurfaceFlinger(  260): FPS: 3
D/BatteryMeterView( 3211): not on charging...
D/BatteryMeterView( 3211): not on charging...
D/BatteryMeterView( 3211): not on charging...
D/BatteryMeterView( 3211): onDraw level = 6
D/BatteryMeterView( 3211): onDraw level = 6
I/SurfaceFlinger(  260): FPS: 3
D/BatteryMeterView( 3211): not on charging...
D/BatteryMeterView( 3211): not on charging...
D/BatteryMeterView( 3211): onDraw level = 6
D/BatteryMeterView( 3211): not on charging...
D/BatteryMeterView( 3211): onDraw level = 6
I/SurfaceFlinger(  260): FPS: 3
V/WLAN_PSA(  315): NL MSG, len[4089], NL type[0x1C] WNI type[0x5900] len[57615]
V/WLAN_PSA(  315): NL MSG, PID: 315
D/wpa_supplicant( 3788): wlan0: Control interface command 'SIGNAL_POLL'
D/BatteryMeterView( 3211): not on charging...
D/BatteryMeterView( 3211): onDraw level = 6
D/BatteryMeterView( 3211): not on charging...
D/BatteryMeterView( 3211): not on charging...
D/BatteryMeterView( 3211): onDraw level = 6
I/SurfaceFlinger(  260): FPS: 3
D/BatteryMeterView( 3211): not on charging...
D/BatteryMeterView( 3211): not on charging...
D/BatteryMeterView( 3211): not on charging...
D/BatteryMeterView( 3211): onDraw level = 6
D/BatteryMeterView( 3211): onDraw level = 6
I/SurfaceFlinger(  260): FPS: 3
D/StatusBar.MSimNetworkController( 3211): refreshViews phoneId =0mMSimDataConnected =false
D/StatusBar.MSimNetworkController( 3211): refreshViews mMSimDataActivity =0
D/StatusBar.MSimNetworkController( 3211): refreshViews: Data not connected!! Set no data type icon / Roaming for phoneId: 0
D/StatusBar.MSimNetworkController( 3211): refreshViews connected={ wifi } level=3 mMSimcombinedSignalIconId=0x7f020352/com.android.systemui:drawable/stat_sys_wifi_signal_4_fully mMSimcombinedActivityIconId=0x0 mAirplaneMode=false mMSimDataActivity=0 mMSimPhoneSignalIconId=0x7f020339/com.android.systemui:drawable/stat_sys_signal_null mMSimDataDirectionIconId=0x0 mMSimDataSignalIconId=0x7f020339 mMSimDataTypeIconId=0x0/(null) mNoMSimIconId=0x7f02009a/com.android.systemui:drawable/ic_qs_no_sim mMSimMobileActivityIconId=0x0/(null) mWifiIconId=0x7f020352 mBluetoothTetherIconId=0x10806a2
D/MSimSignalClusterView( 3211): wifi: VISIBLE sig=2130838354 act=0
D/MSimSignalClusterView( 3211): mobile[0]: VISIBLE sig=2130838329 type=0
D/MSimSignalClusterView( 3211): wifi: VISIBLE sig=2130838354 act=0
D/MSimSignalClusterView( 3211): mobile[1]: VISIBLE sig=2130838329 type=0
D/MSimSignalClusterView( 3211): wifi: VISIBLE sig=2130838354 act=0
D/MSimSignalClusterView( 3211): mobile[0]: VISIBLE sig=2130838329 type=0
D/MSimSignalClusterView( 3211): wifi: VISIBLE sig=2130838354 act=0
D/MSimSignalClusterView( 3211): mobile[0]: VISIBLE sig=2130838329 type=0
D/MSimSignalClusterView( 3211): wifi: VISIBLE sig=2130838354 act=0
D/MSimSignalClusterView( 3211): mobile[0]: VISIBLE sig=2130838329 type=0
D/MSimSignalClusterView( 3211): wifi: VISIBLE sig=2130838354 act=0
D/MSimSignalClusterView( 3211): mobile[1]: VISIBLE sig=2130838329 type=0
D/StatusBar.MSimNetworkController( 3211): refreshSignalCluster, mMSimPhoneSignalIconId[0]=com.android.systemui:drawable/stat_sys_signal_null mMSimDataSignalIconId[0]=com.android.systemui:drawable/stat_sys_signal_null mMSimDataTypeIconId[0]=(null) mMSimMobileActivityIconId[0]=(null) mNoMSimIconId[0]=com.android.systemui:drawable/ic_qs_no_sim
D/MSimSignalClusterView( 3211): wifi: VISIBLE sig=2130838354 act=0
D/MSimSignalClusterView( 3211): mobile[0]: VISIBLE sig=2130838329 type=0
D/MSimSignalClusterView( 3211): wifi: VISIBLE sig=2130838354 act=0
D/MSimSignalClusterView( 3211): mobile[1]: VISIBLE sig=2130838329 type=0
D/MSimSignalClusterView( 3211): wifi: VISIBLE sig=2130838354 act=0
D/MSimSignalClusterView( 3211): mobile[0]: VISIBLE sig=2130838329 type=0
D/MSimSignalClusterView( 3211): wifi: VISIBLE sig=2130838354 act=0
D/MSimSignalClusterView( 3211): mobile[0]: VISIBLE sig=2130838329 type=0
D/MSimSignalClusterView( 3211): wifi: VISIBLE sig=2130838354 act=0
D/MSimSignalClusterView( 3211): mobile[0]: VISIBLE sig=2130838329 type=0
D/MSimSignalClusterView( 3211): wifi: VISIBLE sig=2130838354 act=0
D/MSimSignalClusterView( 3211): mobile[1]: VISIBLE sig=2130838329 type=0
D/StatusBar.MSimNetworkController( 3211): refreshSignalCluster, mMSimPhoneSignalIconId[0]=com.android.systemui:drawable/stat_sys_signal_null mMSimDataSignalIconId[0]=com.android.systemui:drawable/stat_sys_signal_null mMSimDataTypeIconId[0]=(null) mMSimMobileActivityIconId[0]=(null) mNoMSimIconId[0]=com.android.systemui:drawable/ic_qs_no_sim
D/MSimSignalClusterView( 3211): wifi: VISIBLE sig=2130838354 act=0
D/MSimSignalClusterView( 3211): mobile[0]: VISIBLE sig=2130838329 type=0
D/MSimSignalClusterView( 3211): wifi: VISIBLE sig=2130838354 act=0
D/MSimSignalClusterView( 3211): mobile[1]: VISIBLE sig=2130838329 type=0
D/MSimSignalClusterView( 3211): wifi: VISIBLE sig=2130838354 act=0
D/MSimSignalClusterView( 3211): mobile[0]: VISIBLE sig=2130838329 type=0
D/MSimSignalClusterView( 3211): wifi: VISIBLE sig=2130838354 act=0
D/MSimSignalClusterView( 3211): mobile[0]: VISIBLE sig=2130838329 type=0
D/MSimSignalClusterView( 3211): wifi: VISIBLE sig=2130838354 act=0
D/MSimSignalClusterView( 3211): mobile[0]: VISIBLE sig=2130838329 type=0
D/MSimSignalClusterView( 3211): wifi: VISIBLE sig=2130838354 act=0
D/MSimSignalClusterView( 3211): mobile[1]: VISIBLE sig=2130838329 type=0
D/StatusBar.MSimNetworkController( 3211): refreshSignalCluster, mMSimPhoneSignalIconId[0]=com.android.systemui:drawable/stat_sys_signal_null mMSimDataSignalIconId[0]=com.android.systemui:drawable/stat_sys_signal_null mMSimDataTypeIconId[0]=(null) mMSimMobileActivityIconId[0]=(null) mNoMSimIconId[0]=com.android.systemui:drawable/ic_qs_no_sim
D/MSimSignalClusterView( 3211): wifi: VISIBLE sig=2130838354 act=0
D/MSimSignalClusterView( 3211): mobile[0]: VISIBLE sig=2130838329 type=0
D/MSimSignalClusterView( 3211): wifi: VISIBLE sig=2130838354 act=0
D/MSimSignalClusterView( 3211): mobile[1]: VISIBLE sig=2130838329 type=0
D/MSimSignalClusterView( 3211): wifi: VISIBLE sig=2130838354 act=0
D/MSimSignalClusterView( 3211): mobile[0]: VISIBLE sig=2130838329 type=0
D/MSimSignalClusterView( 3211): wifi: VISIBLE sig=2130838354 act=0
D/MSimSignalClusterView( 3211): mobile[0]: VISIBLE sig=2130838329 type=0
D/MSimSignalClusterView( 3211): wifi: VISIBLE sig=2130838354 act=0
D/MSimSignalClusterView( 3211): mobile[0]: VISIBLE sig=2130838329 type=0
D/MSimSignalClusterView( 3211): wifi: VISIBLE sig=2130838354 act=0
D/MSimSignalClusterView( 3211): mobile[1]: VISIBLE sig=2130838329 type=0
D/StatusBar.MSimNetworkController( 3211): refreshSignalCluster, mMSimPhoneSignalIconId[0]=com.android.systemui:drawable/stat_sys_signal_null mMSimDataSignalIconId[0]=com.android.systemui:drawable/stat_sys_signal_null mMSimDataTypeIconId[0]=(null) mMSimMobileActivityIconId[0]=(null) mNoMSimIconId[0]=com.android.systemui:drawable/ic_qs_no_sim
I/SurfaceFlinger(  260): FPS: 3
D/wpa_supplicant( 3788): wlan0: Control interface command 'SIGNAL_POLL'
V/WLAN_PSA(  315): NL MSG, len[4019], NL type[0x1C] WNI type[0x5900] len[39695]
V/WLAN_PSA(  315): NL MSG, PID: 315
D/StatusBar.MSimNetworkController( 3211): refreshViews phoneId =0mMSimDataConnected =false
D/StatusBar.MSimNetworkController( 3211): refreshViews mMSimDataActivity =0
D/StatusBar.MSimNetworkController( 3211): refreshViews: Data not connected!! Set no data type icon / Roaming for phoneId: 0
D/StatusBar.MSimNetworkController( 3211): refreshViews connected={ wifi } level=3 mMSimcombinedSignalIconId=0x7f020352/com.android.systemui:drawable/stat_sys_wifi_signal_4_fully mMSimcombinedActivityIconId=0x7f020347 mAirplaneMode=false mMSimDataActivity=0 mMSimPhoneSignalIconId=0x7f020339/com.android.systemui:drawable/stat_sys_signal_null mMSimDataDirectionIconId=0x0 mMSimDataSignalIconId=0x7f020339 mMSimDataTypeIconId=0x0/(null) mNoMSimIconId=0x7f02009a/com.android.systemui:drawable/ic_qs_no_sim mMSimMobileActivityIconId=0x0/(null) mWifiIconId=0x7f020352 mBluetoothTetherIconId=0x10806a2
D/MSimSignalClusterView( 3211): wifi: VISIBLE sig=2130838354 act=2130838343
D/MSimSignalClusterView( 3211): mobile[0]: VISIBLE sig=2130838329 type=0
D/MSimSignalClusterView( 3211): wifi: VISIBLE sig=2130838354 act=2130838343
D/MSimSignalClusterView( 3211): mobile[1]: VISIBLE sig=2130838329 type=0
D/MSimSignalClusterView( 3211): wifi: VISIBLE sig=2130838354 act=2130838343
D/MSimSignalClusterView( 3211): mobile[0]: VISIBLE sig=2130838329 type=0
D/MSimSignalClusterView( 3211): wifi: VISIBLE sig=2130838354 act=2130838343
D/MSimSignalClusterView( 3211): mobile[0]: VISIBLE sig=2130838329 type=0
D/MSimSignalClusterView( 3211): wifi: VISIBLE sig=2130838354 act=2130838343
D/MSimSignalClusterView( 3211): mobile[0]: VISIBLE sig=2130838329 type=0
D/MSimSignalClusterView( 3211): wifi: VISIBLE sig=2130838354 act=2130838343
D/MSimSignalClusterView( 3211): mobile[1]: VISIBLE sig=2130838329 type=0
D/StatusBar.MSimNetworkController( 3211): refreshSignalCluster, mMSimPhoneSignalIconId[0]=com.android.systemui:drawable/stat_sys_signal_null mMSimDataSignalIconId[0]=com.android.systemui:drawable/stat_sys_signal_null mMSimDataTypeIconId[0]=(null) mMSimMobileActivityIconId[0]=(null) mNoMSimIconId[0]=com.android.systemui:drawable/ic_qs_no_sim
D/MSimSignalClusterView( 3211): wifi: VISIBLE sig=2130838354 act=2130838343
D/MSimSignalClusterView( 3211): mobile[0]: VISIBLE sig=2130838329 type=0
D/MSimSignalClusterView( 3211): wifi: VISIBLE sig=2130838354 act=2130838343
D/MSimSignalClusterView( 3211): mobile[1]: VISIBLE sig=2130838329 type=0
D/MSimSignalClusterView( 3211): wifi: VISIBLE sig=2130838354 act=2130838343
D/MSimSignalClusterView( 3211): mobile[0]: VISIBLE sig=2130838329 type=0
D/MSimSignalClusterView( 3211): wifi: VISIBLE sig=2130838354 act=2130838343
D/MSimSignalClusterView( 3211): mobile[0]: VISIBLE sig=2130838329 type=0
D/MSimSignalClusterView( 3211): wifi: VISIBLE sig=2130838354 act=2130838343
D/MSimSignalClusterView( 3211): mobile[0]: VISIBLE sig=2130838329 type=0
D/MSimSignalClusterView( 3211): wifi: VISIBLE sig=2130838354 act=2130838343
D/MSimSignalClusterView( 3211): mobile[1]: VISIBLE sig=2130838329 type=0
D/StatusBar.MSimNetworkController( 3211): refreshSignalCluster, mMSimPhoneSignalIconId[0]=com.android.systemui:drawable/stat_sys_signal_null mMSimDataSignalIconId[0]=com.android.systemui:drawable/stat_sys_signal_null mMSimDataTypeIconId[0]=(null) mMSimMobileActivityIconId[0]=(null) mNoMSimIconId[0]=com.android.systemui:drawable/ic_qs_no_sim
D/MSimSignalClusterView( 3211): wifi: VISIBLE sig=2130838354 act=2130838343
D/MSimSignalClusterView( 3211): mobile[0]: VISIBLE sig=2130838329 type=0
D/MSimSignalClusterView( 3211): wifi: VISIBLE sig=2130838354 act=2130838343
D/MSimSignalClusterView( 3211): mobile[1]: VISIBLE sig=2130838329 type=0
D/MSimSignalClusterView( 3211): wifi: VISIBLE sig=2130838354 act=2130838343
D/MSimSignalClusterView( 3211): mobile[0]: VISIBLE sig=2130838329 type=0
D/MSimSignalClusterView( 3211): wifi: VISIBLE sig=2130838354 act=2130838343
D/MSimSignalClusterView( 3211): mobile[0]: VISIBLE sig=2130838329 type=0
D/MSimSignalClusterView( 3211): wifi: VISIBLE sig=2130838354 act=2130838343
D/MSimSignalClusterView( 3211): mobile[0]: VISIBLE sig=2130838329 type=0
D/MSimSignalClusterView( 3211): wifi: VISIBLE sig=2130838354 act=2130838343
D/MSimSignalClusterView( 3211): mobile[1]: VISIBLE sig=2130838329 type=0
D/StatusBar.MSimNetworkController( 3211): refreshSignalCluster, mMSimPhoneSignalIconId[0]=com.android.systemui:drawable/stat_sys_signal_null mMSimDataSignalIconId[0]=com.android.systemui:drawable/stat_sys_signal_null mMSimDataTypeIconId[0]=(null) mMSimMobileActivityIconId[0]=(null) mNoMSimIconId[0]=com.android.systemui:drawable/ic_qs_no_sim
D/MSimSignalClusterView( 3211): wifi: VISIBLE sig=2130838354 act=2130838343
D/MSimSignalClusterView( 3211): mobile[0]: VISIBLE sig=2130838329 type=0
D/MSimSignalClusterView( 3211): wifi: VISIBLE sig=2130838354 act=2130838343
D/MSimSignalClusterView( 3211): mobile[1]: VISIBLE sig=2130838329 type=0
D/MSimSignalClusterView( 3211): wifi: VISIBLE sig=2130838354 act=2130838343
D/MSimSignalClusterView( 3211): mobile[0]: VISIBLE sig=2130838329 type=0
D/MSimSignalClusterView( 3211): wifi: VISIBLE sig=2130838354 act=2130838343
D/MSimSignalClusterView( 3211): mobile[0]: VISIBLE sig=2130838329 type=0
D/MSimSignalClusterView( 3211): wifi: VISIBLE sig=2130838354 act=2130838343
D/MSimSignalClusterView( 3211): mobile[0]: VISIBLE sig=2130838329 type=0
D/MSimSignalClusterView( 3211): wifi: VISIBLE sig=2130838354 act=2130838343
D/MSimSignalClusterView( 3211): mobile[1]: VISIBLE sig=2130838329 type=0
D/StatusBar.MSimNetworkController( 3211): refreshSignalCluster, mMSimPhoneSignalIconId[0]=com.android.systemui:drawable/stat_sys_signal_null mMSimDataSignalIconId[0]=com.android.systemui:drawable/stat_sys_signal_null mMSimDataTypeIconId[0]=(null) mMSimMobileActivityIconId[0]=(null) mNoMSimIconId[0]=com.android.systemui:drawable/ic_qs_no_sim
I/SurfaceFlinger(  260): FPS: 2
D/BatteryMeterView( 3211): not on charging...
D/BatteryMeterView( 3211): not on charging...
D/BatteryMeterView( 3211): not on charging...
D/BatteryMeterView( 3211): onDraw level = 6
D/BatteryMeterView( 3211): onDraw level = 6
I/SurfaceFlinger(  260): FPS: 2
D/wpa_supplicant( 3788): wlan0: Control interface command 'SIGNAL_POLL'
D/BatteryMeterView( 3211): not on charging...
D/BatteryMeterView( 3211): not on charging...
D/BatteryMeterView( 3211): not on charging...
D/BatteryMeterView( 3211): onDraw level = 6
D/BatteryMeterView( 3211): onDraw level = 6
I/SurfaceFlinger(  260): FPS: 3
D/BatteryMeterView( 3211): not on charging...
D/BatteryMeterView( 3211): not on charging...
D/BatteryMeterView( 3211): onDraw level = 6
D/BatteryMeterView( 3211): not on charging...
D/BatteryMeterView( 3211): onDraw level = 6
I/SurfaceFlinger(  260): FPS: 3
V/WLAN_PSA(  315): NL MSG, len[4074], NL type[0x1C] WNI type[0x5900] len[53775]
V/WLAN_PSA(  315): NL MSG, PID: 315
D/BatteryMeterView( 3211): not on charging...
D/BatteryMeterView( 3211): not on charging...
D/BatteryMeterView( 3211): not on charging...
D/BatteryMeterView( 3211): onDraw level = 6
D/BatteryMeterView( 3211): onDraw level = 6
I/SurfaceFlinger(  260): FPS: 3
D/wpa_supplicant( 3788): wlan0: Control interface command 'SIGNAL_POLL'
D/BatteryMeterView( 3211): not on charging...
D/BatteryMeterView( 3211): not on charging...
D/BatteryMeterView( 3211): not on charging...
D/BatteryMeterView( 3211): onDraw level = 6
D/BatteryMeterView( 3211): onDraw level = 6
I/SurfaceFlinger(  260): FPS: 3
D/BatteryMeterView( 3211): not on charging...
D/BatteryMeterView( 3211): not on charging...
D/BatteryMeterView( 3211): not on charging...
D/BatteryMeterView( 3211): onDraw level = 6
D/BatteryMeterView( 3211): onDraw level = 6
I/SurfaceFlinger(  260): FPS: 3
D/VM_BMS  (  481): wake_lock acquired
D/VM_BMS  (  481): New BMS data - Size=56
D/VM_BMS  (  481): Start process_bms_data
D/VM_BMS  (  481): Battery charge_cycle=0 fcc_adjust=0 rbatt_adjust=0 cycle_changed=false
D/VM_BMS  (  481): For batt_temp=255 fcc_mah=2200
D/VM_BMS  (  481): Lookup fcc_mah=2200.000000  adjusted fcc_mah=2200.000000
D/VM_BMS  (  481): For ocv=3806002 batt_temp=255 soc=37
D/VM_BMS  (  481): fifo_count=2 acc_count=0
D/VM_BMS  (  481): INIT: ocv=3806002 last_ocv=3806002 batt_temp=255 soc=37
D/VM_BMS  (  481): For soc=37 batt_temp=255 slope=3000
D/VM_BMS  (  481): For soc=37 batt_temp=255 rbatt_sf=105
D/VM_BMS  (  481): rbatt_mohm_default=72, rbatt_mohm=75, sf=105 batt_temp=255
D/VM_BMS  (  481): Lookup rbatt=75.000000  adjusted rbatt=75.000000
D/VM_BMS  (  481): For ocv=3805994 batt_temp=255 soc=37
D/VM_BMS  (  481): FIFO=0 fifo_avg=3.803110 rbatt=0.125000 slope=0.300000 ibatt=0.023105 ocv=3.805994 soc=37 fcc_ah=2.200000 sample_count=128 sample_interval=70 seq_num=6062
D/VM_BMS  (  481): For soc=37 batt_temp=255 slope=3000
D/VM_BMS  (  481): For soc=37 batt_temp=255 rbatt_sf=105
D/VM_BMS  (  481): rbatt_mohm_default=72, rbatt_mohm=75, sf=105 batt_temp=255
D/VM_BMS  (  481): Lookup rbatt=75.000000  adjusted rbatt=75.000000
D/VM_BMS  (  481): For ocv=3805984 batt_temp=255 soc=37
D/VM_BMS  (  481): FIFO=1 fifo_avg=3.802527 rbatt=0.125000 slope=0.300000 ibatt=0.027699 ocv=3.805985 soc=37 fcc_ah=2.200000 sample_count=128 sample_interval=70 seq_num=6062
I/VM_BMS  (  481): power_supply_update: ocv_uv=3805984 ibatt=27699 soc=37 seq_num=6062
D/VM_BMS  (  481): End process_bms_data
D/VM_BMS  (  481): wake_lock released
D/BatteryMeterView( 3211): not on charging...
D/BatteryMeterView( 3211): not on charging...
D/BatteryMeterView( 3211): not on charging...
D/BatteryMeterView( 3211): onDraw level = 6
D/BatteryMeterView( 3211): onDraw level = 6
D/wpa_supplicant( 3788): wlan0: Control interface command 'SIGNAL_POLL'
V/WLAN_PSA(  315): NL MSG, len[4051], NL type[0x1C] WNI type[0x5900] len[47887]
V/WLAN_PSA(  315): NL MSG, PID: 315
D/BatteryMeterView( 3211): not on charging...
D/BatteryMeterView( 3211): not on charging...
D/BatteryMeterView( 3211): not on charging...
D/BatteryMeterView( 3211): onDraw level = 6
D/BatteryMeterView( 3211): onDraw level = 6
I/SurfaceFlinger(  260): FPS: 6
E/WifiStateMachine(  759): WifiStateMachine CMD_START_SCAN source -2 txSuccessRate=24.06 rxSuccessRate=17.66 targetRoamBSSID=any RSSI=-47
E/WifiStateMachine(  759): WifiStateMachine starting scan for "Swift-LTE-0B6B"-WPA_PSK with 2432
D/wpa_supplicant( 3788): wlan0: Control interface command 'SCAN TYPE=ONLY freq=2432'
D/wpa_supplicant( 3788): wlan0: Setting scan request: 0.000000 sec
D/wpa_supplicant( 3788): wlan0: Starting AP scan for wildcard SSID
D/wpa_supplicant( 3788): wlan0: Limit manual scan to specified channels
D/wpa_supplicant( 3788): wlan0: Add radio work 'scan'@0xb85d7b60
D/wpa_supplicant( 3788): wlan0: First radio work item in the queue - schedule start immediately
D/wpa_supplicant( 3788): wlan0: Starting radio work 'scan'@0xb85d7b60 after 0.000078 second wait
D/wpa_supplicant( 3788): wlan0: nl80211: scan request
D/wpa_supplicant( 3788): nl80211: Scan SSID - hexdump(len=0): [NULL]
D/wpa_supplicant( 3788): nl80211: Scan frequency 2432 MHz
V/WLAN_PSA(  315): NL MSG, len[914], NL type[0x11] WNI type[0x5050] len[894]
V/WLAN_PSA(  315): NL MSG, PID: 315
D/wpa_supplicant( 3788): Scan requested (ret=0) - scan timeout 30 seconds
D/wpa_supplicant( 3788): nl80211: Event message available
D/wpa_supplicant( 3788): nl80211: Drv Event 33 (NL80211_CMD_TRIGGER_SCAN) received for wlan0
D/wpa_supplicant( 3788): wlan0: nl80211: Scan trigger
D/wpa_supplicant( 3788): wlan0: Event SCAN_STARTED (49) received
D/wpa_supplicant( 3788): wlan0: Own scan request started a scan in 0.000279 seconds
I/WifiHAL (  759): Poll result = 1
D/wpa_supplicant( 3788): CTRL_IFACE monitor sent successfully to /data/misc/wifi/sockets/wpa_ctrl_324-3\x00
I/WifiHAL (  759): Found some events!!!
D/WifiHAL (  759): no_seq_check received
D/wpa_supplicant( 3788): CTRL_IFACE monitor sent successfully to /data/misc/wifi/sockets/wpa_ctrl_759-3\x00
I/WifiHAL (  759): event received NL80211_CMD_TRIGGER_SCAN
I/WifiHAL (  759): event received NL80211_CMD_TRIGGER_SCAN, vendor_id = 0x0
I/WifiHAL (  759): event ignored!!
V/WLAN_PSA(  315): NL MSG, len[4072], NL type[0x1C] WNI type[0x5900] len[53263]
V/WLAN_PSA(  315): NL MSG, PID: 315
V/WLAN_PSA(  315): NL MSG, len[048], NL type[0x11] WNI type[0x5050] len[028]
V/WLAN_PSA(  315): NL MSG, PID: 315
V/WLAN_PSA(  315): NL MSG, len[4026], NL type[0x1C] WNI type[0x5900] len[41487]
V/WLAN_PSA(  315): NL MSG, PID: 315
V/WLAN_PSA(  315): NL MSG, len[914], NL type[0x11] WNI type[0x5050] len[894]
V/WLAN_PSA(  315): NL MSG, PID: 315
V/WLAN_PSA(  315): NL MSG, len[4091], NL type[0x1C] WNI type[0x5900] len[58127]
V/WLAN_PSA(  315): NL MSG, PID: 315
I/WifiHAL (  759): Poll result = 1
D/wpa_supplicant( 3788): nl80211: Event message available
I/WifiHAL (  759): Found some events!!!
D/WifiHAL (  759): no_seq_check received
D/wpa_supplicant( 3788): nl80211: Drv Event 34 (NL80211_CMD_NEW_SCAN_RESULTS) received for wlan0
I/WifiHAL (  759): event received NL80211_CMD_NEW_SCAN_RESULTS
I/WifiHAL (  759): event received NL80211_CMD_NEW_SCAN_RESULTS, vendor_id = 0x0
D/wpa_supplicant( 3788): wlan0: nl80211: New scan results available
I/WifiHAL (  759): event ignored!!
D/wpa_supplicant( 3788): nl80211: Scan included frequencies: 2432
D/wpa_supplicant( 3788): wlan0: Event SCAN_RESULTS (3) received
D/wpa_supplicant( 3788): wlan0: Scan completed in 0.086383 seconds
D/wpa_supplicant( 3788): nl80211: Associated on 2432 MHz
D/wpa_supplicant( 3788): nl80211: Associated with fc:dd:55:70:0b:6b
D/wpa_supplicant( 3788): nl80211: Received scan results (1 BSSes)
D/wpa_supplicant( 3788): nl80211: Scan results indicate BSS status with fc:dd:55:70:0b:6b as associated
D/wpa_supplicant( 3788): wlan0: BSS: Start scan result update 80
D/wpa_supplicant( 3788): BSS: last_scan_res_used=1/32
D/wpa_supplicant( 3788): wlan0: Scan-only results received
D/wpa_supplicant( 3788): CTRL_IFACE monitor sent successfully to /data/misc/wifi/sockets/wpa_ctrl_324-3\x00
D/wpa_supplicant( 3788): CTRL_IFACE monitor sent successfully to /data/misc/wifi/sockets/wpa_ctrl_759-3\x00
D/wpa_supplicant( 3788): wlan0: Radio work 'scan'@0xb85d7b60 done in 0.089429 seconds
D/wpa_supplicant( 3788): wlan0: Control interface command 'BSS RANGE=0- MASK=0x21987'
D/wpa_supplicant( 3788): wlan0: Control interface command 'STATUS-NO_EVENTS'
D/BatteryMeterView( 3211): not on charging...
D/BatteryMeterView( 3211): not on charging...
D/BatteryMeterView( 3211): not on charging...
D/BatteryMeterView( 3211): onDraw level = 6
D/BatteryMeterView( 3211): onDraw level = 6
I/SurfaceFlinger(  260): FPS: 3
V/WLAN_PSA(  315): NL MSG, len[4028], NL type[0x1C] WNI type[0x5900] len[41999]
V/WLAN_PSA(  315): NL MSG, PID: 315
D/BatteryMeterView( 3211): not on charging...
D/BatteryMeterView( 3211): not on charging...
D/BatteryMeterView( 3211): not on charging...
D/BatteryMeterView( 3211): onDraw level = 6
D/BatteryMeterView( 3211): onDraw level = 6
I/SurfaceFlinger(  260): FPS: 3
D/wpa_supplicant( 3788): wlan0: Control interface command 'SIGNAL_POLL'
D/BatteryMeterView( 3211): not on charging...
D/BatteryMeterView( 3211): onDraw level = 6
D/BatteryMeterView( 3211): not on charging...
D/BatteryMeterView( 3211): not on charging...
D/BatteryMeterView( 3211): onDraw level = 6
I/SurfaceFlinger(  260): FPS: 3
D/BatteryMeterView( 3211): not on charging...
D/BatteryMeterView( 3211): onDraw level = 6
D/BatteryMeterView( 3211): not on charging...
D/BatteryMeterView( 3211): not on charging...
D/BatteryMeterView( 3211): onDraw level = 6
I/SurfaceFlinger(  260): FPS: 3
D/BatteryMeterView( 3211): not on charging...
D/BatteryMeterView( 3211): not on charging...
D/BatteryMeterView( 3211): not on charging...
D/BatteryMeterView( 3211): onDraw level = 6
D/BatteryMeterView( 3211): onDraw level = 6
I/SurfaceFlinger(  260): FPS: 3
D/wpa_supplicant( 3788): wlan0: Control interface command 'SIGNAL_POLL'
V/WLAN_PSA(  315): NL MSG, len[4033], NL type[0x1C] WNI type[0x5900] len[43279]
V/WLAN_PSA(  315): NL MSG, PID: 315
D/BatteryMeterView( 3211): not on charging...
D/BatteryMeterView( 3211): not on charging...
D/BatteryMeterView( 3211): not on charging...
D/BatteryMeterView( 3211): onDraw level = 6
D/BatteryMeterView( 3211): onDraw level = 6
I/SurfaceFlinger(  260): FPS: 3
D/StatusBar.MSimNetworkController( 3211): refreshViews phoneId =0mMSimDataConnected =false
D/StatusBar.MSimNetworkController( 3211): refreshViews mMSimDataActivity =0
D/StatusBar.MSimNetworkController( 3211): refreshViews: Data not connected!! Set no data type icon / Roaming for phoneId: 0
D/StatusBar.MSimNetworkController( 3211): refreshViews connected={ wifi } level=3 mMSimcombinedSignalIconId=0x7f020352/com.android.systemui:drawable/stat_sys_wifi_signal_4_fully mMSimcombinedActivityIconId=0x7f020348 mAirplaneMode=false mMSimDataActivity=0 mMSimPhoneSignalIconId=0x7f020339/com.android.systemui:drawable/stat_sys_signal_null mMSimDataDirectionIconId=0x0 mMSimDataSignalIconId=0x7f020339 mMSimDataTypeIconId=0x0/(null) mNoMSimIconId=0x7f02009a/com.android.systemui:drawable/ic_qs_no_sim mMSimMobileActivityIconId=0x0/(null) mWifiIconId=0x7f020352 mBluetoothTetherIconId=0x10806a2
D/MSimSignalClusterView( 3211): wifi: VISIBLE sig=2130838354 act=2130838344
D/MSimSignalClusterView( 3211): mobile[0]: VISIBLE sig=2130838329 type=0
D/MSimSignalClusterView( 3211): wifi: VISIBLE sig=2130838354 act=2130838344
D/MSimSignalClusterView( 3211): mobile[1]: VISIBLE sig=2130838329 type=0
D/MSimSignalClusterView( 3211): wifi: VISIBLE sig=2130838354 act=2130838344
D/MSimSignalClusterView( 3211): mobile[0]: VISIBLE sig=2130838329 type=0
D/MSimSignalClusterView( 3211): wifi: VISIBLE sig=2130838354 act=2130838344
D/MSimSignalClusterView( 3211): mobile[0]: VISIBLE sig=2130838329 type=0
D/MSimSignalClusterView( 3211): wifi: VISIBLE sig=2130838354 act=2130838344
D/MSimSignalClusterView( 3211): mobile[0]: VISIBLE sig=2130838329 type=0
D/MSimSignalClusterView( 3211): wifi: VISIBLE sig=2130838354 act=2130838344
D/MSimSignalClusterView( 3211): mobile[1]: VISIBLE sig=2130838329 type=0
D/StatusBar.MSimNetworkController( 3211): refreshSignalCluster, mMSimPhoneSignalIconId[0]=com.android.systemui:drawable/stat_sys_signal_null mMSimDataSignalIconId[0]=com.android.systemui:drawable/stat_sys_signal_null mMSimDataTypeIconId[0]=(null) mMSimMobileActivityIconId[0]=(null) mNoMSimIconId[0]=com.android.systemui:drawable/ic_qs_no_sim
D/MSimSignalClusterView( 3211): wifi: VISIBLE sig=2130838354 act=2130838344
D/MSimSignalClusterView( 3211): mobile[0]: VISIBLE sig=2130838329 type=0
D/MSimSignalClusterView( 3211): wifi: VISIBLE sig=2130838354 act=2130838344
D/MSimSignalClusterView( 3211): mobile[1]: VISIBLE sig=2130838329 type=0
D/MSimSignalClusterView( 3211): wifi: VISIBLE sig=2130838354 act=2130838344
D/MSimSignalClusterView( 3211): mobile[0]: VISIBLE sig=2130838329 type=0
D/MSimSignalClusterView( 3211): wifi: VISIBLE sig=2130838354 act=2130838344
D/MSimSignalClusterView( 3211): mobile[0]: VISIBLE sig=2130838329 type=0
D/MSimSignalClusterView( 3211): wifi: VISIBLE sig=2130838354 act=2130838344
D/MSimSignalClusterView( 3211): mobile[0]: VISIBLE sig=2130838329 type=0
D/MSimSignalClusterView( 3211): wifi: VISIBLE sig=2130838354 act=2130838344
D/MSimSignalClusterView( 3211): mobile[1]: VISIBLE sig=2130838329 type=0
D/StatusBar.MSimNetworkController( 3211): refreshSignalCluster, mMSimPhoneSignalIconId[0]=com.android.systemui:drawable/stat_sys_signal_null mMSimDataSignalIconId[0]=com.android.systemui:drawable/stat_sys_signal_null mMSimDataTypeIconId[0]=(null) mMSimMobileActivityIconId[0]=(null) mNoMSimIconId[0]=com.android.systemui:drawable/ic_qs_no_sim
D/MSimSignalClusterView( 3211): wifi: VISIBLE sig=2130838354 act=2130838344
D/MSimSignalClusterView( 3211): mobile[0]: VISIBLE sig=2130838329 type=0
D/MSimSignalClusterView( 3211): wifi: VISIBLE sig=2130838354 act=2130838344
D/MSimSignalClusterView( 3211): mobile[1]: VISIBLE sig=2130838329 type=0
D/MSimSignalClusterView( 3211): wifi: VISIBLE sig=2130838354 act=2130838344
D/MSimSignalClusterView( 3211): mobile[0]: VISIBLE sig=2130838329 type=0
D/MSimSignalClusterView( 3211): wifi: VISIBLE sig=2130838354 act=2130838344
D/MSimSignalClusterView( 3211): mobile[0]: VISIBLE sig=2130838329 type=0
D/MSimSignalClusterView( 3211): wifi: VISIBLE sig=2130838354 act=2130838344
D/MSimSignalClusterView( 3211): mobile[0]: VISIBLE sig=2130838329 type=0
D/MSimSignalClusterView( 3211): wifi: VISIBLE sig=2130838354 act=2130838344
D/MSimSignalClusterView( 3211): mobile[1]: VISIBLE sig=2130838329 type=0
D/StatusBar.MSimNetworkController( 3211): refreshSignalCluster, mMSimPhoneSignalIconId[0]=com.android.systemui:drawable/stat_sys_signal_null mMSimDataSignalIconId[0]=com.android.systemui:drawable/stat_sys_signal_null mMSimDataTypeIconId[0]=(null) mMSimMobileActivityIconId[0]=(null) mNoMSimIconId[0]=com.android.systemui:drawable/ic_qs_no_sim
D/MSimSignalClusterView( 3211): wifi: VISIBLE sig=2130838354 act=2130838344
D/MSimSignalClusterView( 3211): mobile[0]: VISIBLE sig=2130838329 type=0
D/MSimSignalClusterView( 3211): wifi: VISIBLE sig=2130838354 act=2130838344
D/MSimSignalClusterView( 3211): mobile[1]: VISIBLE sig=2130838329 type=0
D/MSimSignalClusterView( 3211): wifi: VISIBLE sig=2130838354 act=2130838344
D/MSimSignalClusterView( 3211): mobile[0]: VISIBLE sig=2130838329 type=0
D/MSimSignalClusterView( 3211): wifi: 