D/telpo_native(  759): handle_emv_serial_read_write_cmd: not enough data receive,continue
E/telpo_native(  759): serial_read:start read
E/telpo_native(  759): serial_read:serial_read read_size = 0
D/telpo_native(  759): handle_emv_serial_read_write_cmd: usb_printer_read length = 20
I/telpo_native(  759): 0b
I/telpo_native(  759): b0
I/telpo_native(  759): 96
I/telpo_native(  759): 69
I/telpo_native(  759): 04
I/telpo_native(  759): 00
I/telpo_native(  759): 00
I/telpo_native(  759): 00
I/telpo_native(  759): 1a
I/telpo_native(  759): 00
I/telpo_native(  759): 04
I/telpo_native(  759): 01
I/telpo_native(  759): 00
I/telpo_native(  759): 00
I/telpo_native(  759): 00
I/telpo_native(  759): 00
I/telpo_native(  759): 00
I/telpo_native(  759): 00
I/telpo_native(  759): 00
I/telpo_native(  759): 00
I/telpo_native(  759): 
D/telpo_native(  759): handle_emv_serial_read_write_cmd: parse successfully!
I/telpo_native(  759): handle_emv_serial_read_write_cmd: receive data length is 20
I/telpo_native(  759): 0b
I/telpo_native(  759): b0
I/telpo_native(  759): 96
I/telpo_native(  759): 69
I/telpo_native(  759): 04
I/telpo_native(  759): 00
I/telpo_native(  759): 00
I/telpo_native(  759): 00
I/telpo_native(  759): 1a
I/telpo_native(  759): 00
I/telpo_native(  759): 04
I/telpo_native(  759): 01
I/telpo_native(  759): 00
I/telpo_native(  759): 00
I/telpo_native(  759): 00
I/telpo_native(  759): 00
I/telpo_native(  759): 00
I/telpo_native(  759): 00
I/telpo_native(  759): 00
I/telpo_native(  759): 00
I/telpo_native(  759): 
D/telpo_native(19709): CallIntMethod return ret = 0 length = 20
D/VM_BMS  (  481): For batt_temp=255 fcc_mah=2200
D/VM_BMS  (  481): Lookup fcc_mah=2200.000000  adjusted fcc_mah=2200.000000
D/VM_BMS  (  481): For ocv=3806060 batt_temp=255 soc=37
D/VM_BMS  (  481): fifo_count=0 acc_count=9
D/VM_BMS  (  481): INIT: ocv=3806060 last_ocv=3806060 batt_temp=255 soc=37
D/VM_BMS  (  481): For soc=37 batt_temp=255 slope=3000
D/VM_BMS  (  481): For soc=37 batt_temp=255 rbatt_sf=105
D/VM_BMS  (  481): rbatt_mohm_default=72, rbatt_mohm=75, sf=105 batt_temp=255
D/VM_BMS  (  481): Lookup rbatt=75.000000  adjusted rbatt=75.000000
D/VM_BMS  (  481): For ocv=3806059 batt_temp=255 soc=37
D/VM_BMS  (  481): FIFO=0 fifo_avg=3.802275 rbatt=0.125000 slope=0.300000 ibatt=0.030278 ocv=3.806059 soc=37 fcc_ah=2.200000 sample_count=9 sample_interval=70 seq_num=6021
I/VM_BMS  (  481): power_supply_update: ocv_uv=3806059 ibatt=30278 soc=37 seq_num=6021
D/VM_BMS  (  481): End process_bms_data
D/VM_BMS  (  481): wake_lock released
D/BatteryMeterView( 3211): not on charging...
D/BatteryMeterView( 3211): not on charging...
D/BatteryMeterView( 3211): not on charging...
I/qdhwcomposer(  260): handle_blank_event: dpy:0 panel power state: 0
E/qdutils (  260): int qdutils::getHDMINode(): Failed to open fb node 1
E/qdutils (  260): int qdutils::getHDMINode(): Failed to open fb node 2
E/qdutils (  260): int qdutils::getHDMINode(): Failed to find HDMI node
D/VM_BMS  (  481): wake_lock acquired
D/VM_BMS  (  481): New BMS data - Size=56
D/VM_BMS  (  481): Start process_bms_data
D/VM_BMS  (  481): Battery charge_cycle=0 fcc_adjust=0 rbatt_adjust=0 cycle_changed=false
D/telpo_native(  759): usb_printer_write data start!
D/telpo_native(  759): usb_printer_write start!
E/telpo_native(  759): ret = 25
D/telpo_native(  759): handle_emv_serial_read_write_cmd: usb write length = 25
D/VM_BMS  (  481): For batt_temp=255 fcc_mah=2200
D/VM_BMS  (  481): Lookup fcc_mah=2200.000000  adjusted fcc_mah=2200.000000
D/VM_BMS  (  481): For ocv=3806059 batt_temp=255 soc=37
D/VM_BMS  (  481): fifo_count=0 acc_count=9
D/VM_BMS  (  481): INIT: ocv=3806059 last_ocv=3806059 batt_temp=255 soc=37
D/VM_BMS  (  481): For soc=37 batt_temp=255 slope=3000
D/VM_BMS  (  481): For soc=37 batt_temp=255 rbatt_sf=105
D/VM_BMS  (  481): rbatt_mohm_default=72, rbatt_mohm=75, sf=105 batt_temp=255
D/VM_BMS  (  481): Lookup rbatt=75.000000  adjusted rbatt=75.000000
D/VM_BMS  (  481): For ocv=3806058 batt_temp=255 soc=37
D/VM_BMS  (  481): FIFO=0 fifo_avg=3.802294 rbatt=0.125000 slope=0.300000 ibatt=0.030116 ocv=3.806058 soc=37 fcc_ah=2.200000 sample_count=9 sample_interval=70 seq_num=6022
I/VM_BMS  (  481): power_supply_update: ocv_uv=3806058 ibatt=30116 soc=37 seq_num=6022
D/VM_BMS  (  481): End process_bms_data
D/VM_BMS  (  481): wake_lock released
E/libsuspend(  759): Error writing to /sys/power/state: Device or resource busy
E/telpo_native(  759): serial_read:start read
E/telpo_native(  759): serial_read:serial_read read_size = 0
D/telpo_native(  759): handle_emv_serial_read_write_cmd: usb_printer_read length = 20
I/telpo_native(  759): 0b
I/telpo_native(  759): b0
I/telpo_native(  759): 96
I/telpo_native(  759): 69
I/telpo_native(  759): 04
I/telpo_native(  759): 00
I/telpo_native(  759): 00
I/telpo_native(  759): 00
I/telpo_native(  759): 1b
I/telpo_native(  759): 00
I/telpo_native(  759): 04
I/telpo_native(  759): 01
I/telpo_native(  759): 00
I/telpo_native(  759): 00
I/telpo_native(  759): 00
I/telpo_native(  759): 00
I/telpo_native(  759): 00
I/telpo_native(  759): 00
I/telpo_native(  759): 00
I/telpo_native(  759): 00
I/telpo_native(  759): 
D/telpo_native(  759): handle_emv_serial_read_write_cmd: parse successfully!
I/telpo_native(  759): handle_emv_serial_read_write_cmd: receive data length is 20
I/telpo_native(  759): 0b
I/telpo_native(  759): b0
I/telpo_native(  759): 96
I/telpo_native(  759): 69
I/telpo_native(  759): 04
I/telpo_native(  759): 00
I/telpo_native(  759): 00
I/telpo_native(  759): 00
I/telpo_native(  759): 1b
I/telpo_native(  759): 00
I/telpo_native(  759): 04
I/telpo_native(  759): 01
I/telpo_native(  759): 00
I/telpo_native(  759): 00
I/telpo_native(  759): 00
I/telpo_native(  759): 00
I/telpo_native(  759): 00
I/telpo_native(  759): 00
I/telpo_native(  759): 00
I/telpo_native(  759): 00
I/telpo_native(  759): 
D/telpo_native(19709): CallIntMethod return ret = 0 length = 20
I/qdhwcomposer(  260): handle_blank_event: dpy:0 panel power state: 0
E/qdutils (  260): int qdutils::getHDMINode(): Failed to open fb node 1
E/qdutils (  260): int qdutils::getHDMINode(): Failed to open fb node 2
E/qdutils (  260): int qdutils::getHDMINode(): Failed to find HDMI node
V/WLAN_PSA(  315): NL MSG, len[4005], NL type[0x1C] WNI type[0x5900] len[36111]
V/WLAN_PSA(  315): NL MSG, PID: 315
D/VM_BMS  (  481): wake_lock acquired
D/VM_BMS  (  481): New BMS data - Size=56
D/VM_BMS  (  481): Start process_bms_data
D/VM_BMS  (  481): Battery charge_cycle=0 fcc_adjust=0 rbatt_adjust=0 cycle_changed=false
D/telpo_native(  759): usb_printer_write data start!
D/telpo_native(  759): usb_printer_write start!
E/telpo_native(  759): ret = 25
D/telpo_native(  759): handle_emv_serial_read_write_cmd: usb write length = 25
E/libsuspend(  759): Error writing to /sys/power/state: Device or resource busy
E/telpo_native(  759): Cannot find response header
D/telpo_native(  759): handle_emv_serial_read_write_cmd: not enough data receive,continue
E/telpo_native(  759): serial_read:start read
E/telpo_native(  759): serial_read:serial_read read_size = 0
D/VM_BMS  (  481): For batt_temp=255 fcc_mah=2200
D/VM_BMS  (  481): Lookup fcc_mah=2200.000000  adjusted fcc_mah=2200.000000
D/VM_BMS  (  481): For ocv=3806058 batt_temp=255 soc=37
D/VM_BMS  (  481): fifo_count=0 acc_count=9
D/VM_BMS  (  481): INIT: ocv=3806058 last_ocv=3806058 batt_temp=255 soc=37
D/VM_BMS  (  481): For soc=37 batt_temp=255 slope=3000
D/VM_BMS  (  481): For soc=37 batt_temp=255 rbatt_sf=105
D/VM_BMS  (  481): rbatt_mohm_default=72, rbatt_mohm=75, sf=105 batt_temp=255
D/VM_BMS  (  481): Lookup rbatt=75.000000  adjusted rbatt=75.000000
D/VM_BMS  (  481): For ocv=3806057 batt_temp=255 soc=37
D/VM_BMS  (  481): FIFO=0 fifo_avg=3.802576 rbatt=0.125000 slope=0.300000 ibatt=0.027852 ocv=3.806057 soc=37 fcc_ah=2.200000 sample_count=9 sample_interval=70 seq_num=6023
D/telpo_native(  759): handle_emv_serial_read_write_cmd: usb_printer_read length = 20
I/telpo_native(  759): 0b
I/telpo_native(  759): b0
I/telpo_native(  759): 96
I/telpo_native(  759): 69
I/telpo_native(  759): 04
I/telpo_native(  759): 00
I/telpo_native(  759): 00
I/telpo_native(  759): 00
I/telpo_native(  759): 1c
I/telpo_native(  759): 00
I/telpo_native(  759): 04
I/telpo_native(  759): 01
I/telpo_native(  759): 00
I/telpo_native(  759): 00
I/telpo_native(  759): 00
I/telpo_native(  759): 00
I/telpo_native(  759): 00
I/telpo_native(  759): 00
I/telpo_native(  759): 00
I/telpo_native(  759): 00
I/telpo_native(  759): 
D/telpo_native(  759): handle_emv_serial_read_write_cmd: parse successfully!
I/telpo_native(  759): handle_emv_serial_read_write_cmd: receive data length is 20
I/telpo_native(  759): 0b
I/telpo_native(  759): b0
I/telpo_native(  759): 96
I/telpo_native(  759): 69
I/telpo_native(  759): 04
I/telpo_native(  759): 00
I/telpo_native(  759): 00
I/telpo_native(  759): 00
I/telpo_native(  759): 1c
I/telpo_native(  759): 00
I/telpo_native(  759): 04
I/telpo_native(  759): 01
I/telpo_native(  759): 00
I/telpo_native(  759): 00
I/telpo_native(  759): 00
I/telpo_native(  759): 00
I/telpo_native(  759): 00
I/telpo_native(  759): 00
I/telpo_native(  759): 00
I/telpo_native(  759): 00
I/telpo_native(  759): 
D/telpo_native(19709): CallIntMethod return ret = 0 length = 20
I/VM_BMS  (  481): power_supply_update: ocv_uv=3806057 ibatt=27852 soc=37 seq_num=6023
D/VM_BMS  (  481): End process_bms_data
D/VM_BMS  (  481): wake_lock released
D/BatteryMeterView( 3211): not on charging...
D/BatteryMeterView( 3211): not on charging...
D/BatteryMeterView( 3211): not on charging...
I/qdhwcomposer(  260): handle_blank_event: dpy:0 panel power state: 0
E/qdutils (  260): int qdutils::getHDMINode(): Failed to open fb node 1
E/qdutils (  260): int qdutils::getHDMINode(): Failed to open fb node 2
E/qdutils (  260): int qdutils::getHDMINode(): Failed to find HDMI node
D/VM_BMS  (  481): wake_lock acquired
D/VM_BMS  (  481): New BMS data - Size=56
D/VM_BMS  (  481): Start process_bms_data
D/VM_BMS  (  481): Battery charge_cycle=0 fcc_adjust=0 rbatt_adjust=0 cycle_changed=false
E/libsuspend(  759): Error writing to /sys/power/state: Device or resource busy
D/VM_BMS  (  481): For batt_temp=255 fcc_mah=2200
D/VM_BMS  (  481): Lookup fcc_mah=2200.000000  adjusted fcc_mah=2200.000000
D/VM_BMS  (  481): For ocv=3806057 batt_temp=255 soc=37
D/VM_BMS  (  481): fifo_count=0 acc_count=8
D/VM_BMS  (  481): INIT: ocv=3806057 last_ocv=3806057 batt_temp=255 soc=37
D/VM_BMS  (  481): For soc=37 batt_temp=255 slope=3000
D/VM_BMS  (  481): For soc=37 batt_temp=255 rbatt_sf=105
D/VM_BMS  (  481): rbatt_mohm_default=72, rbatt_mohm=75, sf=105 batt_temp=255
D/VM_BMS  (  481): Lookup rbatt=75.000000  adjusted rbatt=75.000000
D/VM_BMS  (  481): For ocv=3806056 batt_temp=255 soc=37
D/VM_BMS  (  481): FIFO=0 fifo_avg=3.801585 rbatt=0.125000 slope=0.300000 ibatt=0.035773 ocv=3.806056 soc=37 fcc_ah=2.200000 sample_count=8 sample_interval=70 seq_num=6024
D/telpo_native(  759): usb_printer_write data start!
D/telpo_native(  759): usb_printer_write start!
E/telpo_native(  759): ret = 25
D/telpo_native(  759): handle_emv_serial_read_write_cmd: usb write length = 25
I/VM_BMS  (  481): power_supply_update: ocv_uv=3806056 ibatt=35773 soc=37 seq_num=6024
D/VM_BMS  (  481): End process_bms_data
D/VM_BMS  (  481): wake_lock released
E/telpo_native(  759): Cannot find response header
D/telpo_native(  759): handle_emv_serial_read_write_cmd: not enough data receive,continue
E/telpo_native(  759): Cannot find response header
D/telpo_native(  759): handle_emv_serial_read_write_cmd: not enough data receive,continue
E/telpo_native(  759): serial_read:start read
E/telpo_native(  759): serial_read:serial_read read_size = 0
D/telpo_native(  759): handle_emv_serial_read_write_cmd: usb_printer_read length = 20
I/telpo_native(  759): 0b
I/telpo_native(  759): b0
I/telpo_native(  759): 96
I/telpo_native(  759): 69
I/telpo_native(  759): 04
I/telpo_native(  759): 00
I/telpo_native(  759): 00
I/telpo_native(  759): 00
I/telpo_native(  759): 1d
I/telpo_native(  759): 00
I/telpo_native(  759): 04
I/telpo_native(  759): 01
I/telpo_native(  759): 00
I/telpo_native(  759): 00
I/telpo_native(  759): 00
I/telpo_native(  759): 00
I/telpo_native(  759): 00
I/telpo_native(  759): 00
I/telpo_native(  759): 00
I/telpo_native(  759): 00
I/telpo_native(  759): 
D/telpo_native(  759): handle_emv_serial_read_write_cmd: parse successfully!
I/telpo_native(  759): handle_emv_serial_read_write_cmd: receive data length is 20
I/telpo_native(  759): 0b
I/telpo_native(  759): b0
I/telpo_native(  759): 96
I/telpo_native(  759): 69
I/telpo_native(  759): 04
I/telpo_native(  759): 00
I/telpo_native(  759): 00
I/telpo_native(  759): 00
I/telpo_native(  759): 1d
I/telpo_native(  759): 00
I/telpo_native(  759): 04
I/telpo_native(  759): 01
I/telpo_native(  759): 00
I/telpo_native(  759): 00
I/telpo_native(  759): 00
I/telpo_native(  759): 00
I/telpo_native(  759): 00
I/telpo_native(  759): 00
I/telpo_native(  759): 00
I/telpo_native(  759): 00
I/telpo_native(  759): 
D/telpo_native(19709): CallIntMethod return ret = 0 length = 20
D/BatteryMeterView( 3211): not on charging...
D/BatteryMeterView( 3211): not on charging...
D/BatteryMeterView( 3211): not on charging...
I/qdhwcomposer(  260): handle_blank_event: dpy:0 panel power state: 0
E/qdutils (  260): int qdutils::getHDMINode(): Failed to open fb node 1
E/qdutils (  260): int qdutils::getHDMINode(): Failed to open fb node 2
E/qdutils (  260): int qdutils::getHDMINode(): Failed to find HDMI node
V/WLAN_PSA(  315): NL MSG, len[4019], NL type[0x1C] WNI type[0x5900] len[39695]
V/WLAN_PSA(  315): NL MSG, PID: 315
D/VM_BMS  (  481): wake_lock acquired
D/VM_BMS  (  481): New BMS data - Size=56
D/VM_BMS  (  481): Start process_bms_data
D/VM_BMS  (  481): Battery charge_cycle=0 fcc_adjust=0 rbatt_adjust=0 cycle_changed=false
D/telpo_native(  759): usb_printer_write data start!
D/telpo_native(  759): usb_printer_write start!
E/telpo_native(  759): ret = 25
D/telpo_native(  759): handle_emv_serial_read_write_cmd: usb write length = 25
D/VM_BMS  (  481): For batt_temp=255 fcc_mah=2200
D/VM_BMS  (  481): Lookup fcc_mah=2200.000000  adjusted fcc_mah=2200.000000
D/VM_BMS  (  481): For ocv=3806056 batt_temp=255 soc=37
D/VM_BMS  (  481): fifo_count=0 acc_count=9
D/VM_BMS  (  481): INIT: ocv=3806056 last_ocv=3806056 batt_temp=255 soc=37
D/VM_BMS  (  481): For soc=37 batt_temp=255 slope=3000
D/VM_BMS  (  481): For soc=37 batt_temp=255 rbatt_sf=105
D/VM_BMS  (  481): rbatt_mohm_default=72, rbatt_mohm=75, sf=105 batt_temp=255
D/VM_BMS  (  481): Lookup rbatt=75.000000  adjusted rbatt=75.000000
D/VM_BMS  (  481): For ocv=3806055 batt_temp=255 soc=37
D/VM_BMS  (  481): FIFO=0 fifo_avg=3.801986 rbatt=0.125000 slope=0.300000 ibatt=0.032557 ocv=3.806055 soc=37 fcc_ah=2.200000 sample_count=9 sample_interval=70 seq_num=6025
E/telpo_native(  759): Cannot find response header
I/VM_BMS  (  481): power_supply_update: ocv_uv=3806055 ibatt=32557 soc=37 seq_num=6025
D/VM_BMS  (  481): End process_bms_data
D/VM_BMS  (  481): wake_lock released
D/telpo_native(  759): handle_emv_serial_read_write_cmd: not enough data receive,continue
E/telpo_native(  759): serial_read:start read
E/telpo_native(  759): serial_read:serial_read read_size = 0
D/telpo_native(  759): handle_emv_serial_read_write_cmd: usb_printer_read length = 20
I/telpo_native(  759): 0b
I/telpo_native(  759): b0
I/telpo_native(  759): 96
I/telpo_native(  759): 69
I/telpo_native(  759): 04
I/telpo_native(  759): 00
I/telpo_native(  759): 00
I/telpo_native(  759): 00
I/telpo_native(  759): 1e
I/telpo_native(  759): 00
I/telpo_native(  759): 04
I/telpo_native(  759): 01
I/telpo_native(  759): 00
I/telpo_native(  759): 00
I/telpo_native(  759): 00
I/telpo_native(  759): 00
I/telpo_native(  759): 00
I/telpo_native(  759): 00
I/telpo_native(  759): 00
I/telpo_native(  759): 00
I/telpo_native(  759): 
D/telpo_native(  759): handle_emv_serial_read_write_cmd: parse successfully!
I/telpo_native(  759): handle_emv_serial_read_write_cmd: receive data length is 20
I/telpo_native(  759): 0b
I/telpo_native(  759): b0
I/telpo_native(  759): 96
I/telpo_native(  759): 69
I/telpo_native(  759): 04
I/telpo_native(  759): 00
I/telpo_native(  759): 00
I/telpo_native(  759): 00
I/telpo_native(  759): 1e
I/telpo_native(  759): 00
I/telpo_native(  759): 04
I/telpo_native(  759): 01
I/telpo_native(  759): 00
I/telpo_native(  759): 00
I/telpo_native(  759): 00
I/telpo_native(  759): 00
I/telpo_native(  759): 00
I/telpo_native(  759): 00
I/telpo_native(  759): 00
I/telpo_native(  759): 00
I/telpo_native(  759): 
D/telpo_native(19709): CallIntMethod return ret = 0 length = 20
E/libsuspend(  759): Error writing to /sys/power/state: Device or resource busy
I/qdhwcomposer(  260): handle_blank_event: dpy:0 panel power state: 0
E/qdutils (  260): int qdutils::getHDMINode(): Failed to open fb node 1
E/qdutils (  260): int qdutils::getHDMINode(): Failed to open fb node 2
E/qdutils (  260): int qdutils::getHDMINode(): Failed to find HDMI node
D/VM_BMS  (  481): wake_lock acquired
D/VM_BMS  (  481): New BMS data - Size=56
D/VM_BMS  (  481): Start process_bms_data
D/telpo_native(  759): usb_printer_write data start!
D/telpo_native(  759): usb_printer_write start!
E/telpo_native(  759): ret = 25
D/telpo_native(  759): handle_emv_serial_read_write_cmd: usb write length = 25
E/telpo_native(  759): Cannot find response header
D/telpo_native(  759): handle_emv_serial_read_write_cmd: not enough data receive,continue
D/VM_BMS  (  481): Battery charge_cycle=0 fcc_adjust=0 rbatt_adjust=0 cycle_changed=false
D/VM_BMS  (  481): For batt_temp=255 fcc_mah=2200
D/VM_BMS  (  481): Lookup fcc_mah=2200.000000  adjusted fcc_mah=2200.000000
D/VM_BMS  (  481): For ocv=3806055 batt_temp=255 soc=37
D/VM_BMS  (  481): fifo_count=0 acc_count=8
D/VM_BMS  (  481): INIT: ocv=3806055 last_ocv=3806055 batt_temp=255 soc=37
D/VM_BMS  (  481): For soc=37 batt_temp=255 slope=3000
D/VM_BMS  (  481): For soc=37 batt_temp=255 rbatt_sf=105
D/VM_BMS  (  481): rbatt_mohm_default=72, rbatt_mohm=75, sf=105 batt_temp=255
D/VM_BMS  (  481): Lookup rbatt=75.000000  adjusted rbatt=75.000000
D/VM_BMS  (  481): For ocv=3806054 batt_temp=255 soc=37
D/VM_BMS  (  481): FIFO=0 fifo_avg=3.803747 rbatt=0.125000 slope=0.300000 ibatt=0.018463 ocv=3.806055 soc=37 fcc_ah=2.200000 sample_count=8 sample_interval=70 seq_num=6026
I/VM_BMS  (  481): power_supply_update: ocv_uv=3806054 ibatt=18463 soc=37 seq_num=6026
D/VM_BMS  (  481): End process_bms_data
D/VM_BMS  (  481): wake_lock released
E/libsuspend(  759): Error writing to /sys/power/state: Device or resource busy
E/telpo_native(  759): Cannot find response header
D/telpo_native(  759): handle_emv_serial_read_write_cmd: not enough data receive,continue
E/telpo_native(  759): serial_read:start read
E/telpo_native(  759): serial_read:serial_read read_size = 0
D/telpo_native(  759): handle_emv_serial_read_write_cmd: usb_printer_read length = 20
I/telpo_native(  759): 0b
I/telpo_native(  759): b0
I/telpo_native(  759): 96
I/telpo_native(  759): 69
I/telpo_native(  759): 04
I/telpo_native(  759): 00
I/telpo_native(  759): 00
I/telpo_native(  759): 00
I/telpo_native(  759): 1f
I/telpo_native(  759): 00
I/telpo_native(  759): 04
I/telpo_native(  759): 01
I/telpo_native(  759): 00
I/telpo_native(  759): 00
I/telpo_native(  759): 00
I/telpo_native(  759): 00
I/telpo_native(  759): 00
I/telpo_native(  759): 00
I/telpo_native(  759): 00
I/telpo_native(  759): 00
I/telpo_native(  759): 
D/telpo_native(  759): handle_emv_serial_read_write_cmd: parse successfully!
I/telpo_native(  759): handle_emv_serial_read_write_cmd: receive data length is 20
I/telpo_native(  759): 0b
I/telpo_native(  759): b0
I/telpo_native(  759): 96
I/telpo_native(  759): 69
I/telpo_native(  759): 04
I/telpo_native(  759): 00
I/telpo_native(  759): 00
I/telpo_native(  759): 00
I/telpo_native(  759): 1f
I/telpo_native(  759): 00
I/telpo_native(  759): 04
I/telpo_native(  759): 01
I/telpo_native(  759): 00
I/telpo_native(  759): 00
I/telpo_native(  759): 00
I/telpo_native(  759): 00
I/telpo_native(  759): 00
I/telpo_native(  759): 00
I/telpo_native(  759): 00
I/telpo_native(  759): 00
I/telpo_native(  759): 
D/telpo_native(19709): CallIntMethod return ret = 0 length = 20
D/BatteryMeterView( 3211): not on charging...
D/BatteryMeterView( 3211): not on charging...
D/BatteryMeterView( 3211): not on charging...
I/qdhwcomposer(  260): handle_blank_event: dpy:0 panel power state: 0
E/qdutils (  260): int qdutils::getHDMINode(): Failed to open fb node 1
E/qdutils (  260): int qdutils::getHDMINode(): Failed to open fb node 2
E/qdutils (  260): int qdutils::getHDMINode(): Failed to find HDMI node
D/VM_BMS  (  481): wake_lock acquired
D/VM_BMS  (  481): New BMS data - Size=56
D/VM_BMS  (  481): Start process_bms_data
D/VM_BMS  (  481): Battery charge_cycle=0 fcc_adjust=0 rbatt_adjust=0 cycle_changed=false
D/telpo_native(  759): usb_printer_write data start!
D/telpo_native(  759): usb_printer_write start!
E/telpo_native(  759): ret = 25
D/telpo_native(  759): handle_emv_serial_read_write_cmd: usb write length = 25
E/libsuspend(  759): Error writing to /sys/power/state: Device or resource busy
E/telpo_native(  759): Cannot find response header
D/telpo_native(  759): handle_emv_serial_read_write_cmd: not enough data receive,continue
D/VM_BMS  (  481): For batt_temp=255 fcc_mah=2200
D/VM_BMS  (  481): Lookup fcc_mah=2200.000000  adjusted fcc_mah=2200.000000
D/VM_BMS  (  481): For ocv=3806054 batt_temp=255 soc=37
D/VM_BMS  (  481): fifo_count=0 acc_count=9
D/VM_BMS  (  481): INIT: ocv=3806054 last_ocv=3806054 batt_temp=255 soc=37
D/VM_BMS  (  481): For soc=37 batt_temp=255 slope=3000
D/VM_BMS  (  481): For soc=37 batt_temp=255 rbatt_sf=105
D/VM_BMS  (  481): rbatt_mohm_default=72, rbatt_mohm=75, sf=105 batt_temp=255
D/VM_BMS  (  481): Lookup rbatt=75.000000  adjusted rbatt=75.000000
D/VM_BMS  (  481): For ocv=3806053 batt_temp=255 soc=37
D/VM_BMS  (  481): FIFO=0 fifo_avg=3.802882 rbatt=0.125000 slope=0.300000 ibatt=0.025375 ocv=3.806053 soc=37 fcc_ah=2.200000 sample_count=9 sample_interval=70 seq_num=6027
I/VM_BMS  (  481): power_supply_update: ocv_uv=3806053 ibatt=25374 soc=37 seq_num=6027
D/VM_BMS  (  481): End process_bms_data
D/VM_BMS  (  481): wake_lock released
E/telpo_native(  759): Cannot find response header
D/telpo_native(  759): handle_emv_serial_read_write_cmd: not enough data receive,continue
E/telpo_native(  759): serial_read:start read
E/telpo_native(  759): serial_read:serial_read read_size = 0
D/telpo_native(  759): handle_emv_serial_read_write_cmd: usb_printer_read length = 20
I/telpo_native(  759): 0b
I/telpo_native(  759): b0
I/telpo_native(  759): 96
I/telpo_native(  759): 69
I/telpo_native(  759): 04
I/telpo_native(  759): 00
I/telpo_native(  759): 00
I/telpo_native(  759): 00
I/telpo_native(  759): 20
I/telpo_native(  759): 00
I/telpo_native(  759): 04
I/telpo_native(  759): 01
I/telpo_native(  759): 00
I/telpo_native(  759): 00
I/telpo_native(  759): 00
I/telpo_native(  759): 00
I/telpo_native(  759): 00
I/telpo_native(  759): 00
I/telpo_native(  759): 00
I/telpo_native(  759): 00
I/telpo_native(  759): 
D/telpo_native(  759): handle_emv_serial_read_write_cmd: parse successfully!
I/telpo_native(  759): handle_emv_serial_read_write_cmd: receive data length is 20
I/telpo_native(  759): 0b
I/telpo_native(  759): b0
I/telpo_native(  759): 96
I/telpo_native(  759): 69
I/telpo_native(  759): 04
I/telpo_native(  759): 00
I/telpo_native(  759): 00
I/telpo_native(  759): 00
I/telpo_native(  759): 20
I/telpo_native(  759): 00
I/telpo_native(  759): 04
I/telpo_native(  759): 01
I/telpo_native(  759): 00
I/telpo_native(  759): 00
I/telpo_native(  759): 00
I/telpo_native(  759): 00
I/telpo_native(  759): 00
I/telpo_native(  759): 00
I/telpo_native(  759): 00
I/telpo_native(  759): 00
I/telpo_native(  759): 
D/telpo_native(19709): CallIntMethod return ret = 0 length = 20
D/BatteryMeterView( 3211): not on charging...
D/BatteryMeterView( 3211): not on charging...
D/BatteryMeterView( 3211): not on charging...
I/qdhwcomposer(  260): handle_blank_event: dpy:0 panel power state: 0
E/qdutils (  260): int qdutils::getHDMINode(): Failed to open fb node 1
E/qdutils (  260): int qdutils::getHDMINode(): Failed to open fb node 2
E/qdutils (  260): int qdutils::getHDMINode(): Failed to find HDMI node
V/WLAN_PSA(  315): NL MSG, len[4089], NL type[0x1C] WNI type[0x5900] len[57615]
V/WLAN_PSA(  315): NL MSG, PID: 315
D/VM_BMS  (  481): wake_lock acquired
D/VM_BMS  (  481): New BMS data - Size=56
D/VM_BMS  (  481): Start process_bms_data
D/VM_BMS  (  481): Battery charge_cycle=0 fcc_adjust=0 rbatt_adjust=0 cycle_changed=false
D/VM_BMS  (  481): For batt_temp=255 fcc_mah=2200
D/VM_BMS  (  481): Lookup fcc_mah=2200.000000  adjusted fcc_mah=2200.000000
D/VM_BMS  (  481): For ocv=3806053 batt_temp=255 soc=37
D/VM_BMS  (  481): fifo_count=0 acc_count=9
D/VM_BMS  (  481): INIT: ocv=3806053 last_ocv=3806053 batt_temp=255 soc=37
D/VM_BMS  (  481): For soc=37 batt_temp=255 slope=3000
D/VM_BMS  (  481): For soc=37 batt_temp=255 rbatt_sf=105
D/VM_BMS  (  481): rbatt_mohm_default=72, rbatt_mohm=75, sf=105 batt_temp=255
D/telpo_native(  759): usb_printer_write data start!
D/VM_BMS  (  481): Lookup rbatt=75.000000  adjusted rbatt=75.000000
D/telpo_native(  759): usb_printer_write start!
D/VM_BMS  (  481): For ocv=3806052 batt_temp=255 soc=37
D/VM_BMS  (  481): FIFO=0 fifo_avg=3.803766 rbatt=0.125000 slope=0.300000 ibatt=0.018294 ocv=3.806052 soc=37 fcc_ah=2.200000 sample_count=9 sample_interval=70 seq_num=6028
E/telpo_native(  759): ret = 25
D/telpo_native(  759): handle_emv_serial_read_write_cmd: usb write length = 25
E/libsuspend(  759): Error writing to /sys/power/state: Device or resource busy
I/VM_BMS  (  481): power_supply_update: ocv_uv=3806052 ibatt=18293 soc=37 seq_num=6028
D/VM_BMS  (  481): End process_bms_data
D/VM_BMS  (  481): wake_lock released
E/telpo_native(  759): Cannot find response header
D/telpo_native(  759): handle_emv_serial_read_write_cmd: not enough data receive,continue
E/telpo_native(  759): serial_read:start read
E/telpo_native(  759): serial_read:serial_read read_size = 0
D/telpo_native(  759): handle_emv_serial_read_write_cmd: usb_printer_read length = 20
I/telpo_native(  759): 0b
I/telpo_native(  759): b0
I/telpo_native(  759): 96
I/telpo_native(  759): 69
I/telpo_native(  759): 04
I/telpo_native(  759): 00
I/telpo_native(  759): 00
I/telpo_native(  759): 00
I/telpo_native(  759): 21
I/telpo_native(  759): 00
I/telpo_native(  759): 04
I/telpo_native(  759): 01
I/telpo_native(  759): 00
I/telpo_native(  759): 00
I/telpo_native(  759): 00
I/telpo_native(  759): 00
I/telpo_native(  759): 00
I/telpo_native(  759): 00
I/telpo_native(  759): 00
I/telpo_native(  759): 00
I/telpo_native(  759): 
D/telpo_native(  759): handle_emv_serial_read_write_cmd: parse successfully!
I/telpo_native(  759): handle_emv_serial_read_write_cmd: receive data length is 20
I/telpo_native(  759): 0b
I/telpo_native(  759): b0
I/telpo_native(  759): 96
I/telpo_native(  759): 69
I/telpo_native(  759): 04
I/telpo_native(  759): 00
I/telpo_native(  759): 00
I/telpo_native(  759): 00
I/telpo_native(  759): 21
I/telpo_native(  759): 00
I/telpo_native(  759): 04
I/telpo_native(  759): 01
I/telpo_native(  759): 00
I/telpo_native(  759): 00
I/telpo_native(  759): 00
I/telpo_native(  759): 00
I/telpo_native(  759): 00
I/telpo_native(  759): 00
I/telpo_native(  759): 00
I/telpo_native(  759): 00
I/telpo_native(  759): 
D/telpo_native(19709): CallIntMethod return ret = 0 length = 20
D/BatteryMeterView( 3211): not on charging...
D/BatteryMeterView( 3211): not on charging...
D/BatteryMeterView( 3211): not on charging...
I/qdhwcomposer(  260): handle_blank_event: dpy:0 panel power state: 0
E/qdutils (  260): int qdutils::getHDMINode(): Failed to open fb node 1
E/qdutils (  260): int qdutils::getHDMINode(): Failed to open fb node 2
E/qdutils (  260): int qdutils::getHDMINode(): Failed to find HDMI node
D/VM_BMS  (  481): wake_lock acquired
D/VM_BMS  (  481): New BMS data - Size=56
D/VM_BMS  (  481): Start process_bms_data
D/VM_BMS  (  481): Battery charge_cycle=0 fcc_adjust=0 rbatt_adjust=0 cycle_changed=false
D/telpo_native(  759): usb_printer_write data start!
D/telpo_native(  759): usb_printer_write start!
E/telpo_native(  759): ret = 25
D/telpo_native(  759): handle_emv_serial_read_write_cmd: usb write length = 25
E/telpo_native(  759): Cannot find response header
D/telpo_native(  759): handle_emv_serial_read_write_cmd: not enough data receive,continue
E/libsuspend(  759): Error writing to /sys/power/state: Device or resource busy
D/VM_BMS  (  481): For batt_temp=255 fcc_mah=2200
D/VM_BMS  (  481): Lookup fcc_mah=2200.000000  adjusted fcc_mah=2200.000000
D/VM_BMS  (  481): For ocv=3806052 batt_temp=255 soc=37
D/VM_BMS  (  481): fifo_count=0 acc_count=8
D/VM_BMS  (  481): INIT: ocv=3806052 last_ocv=3806052 batt_temp=255 soc=37
D/VM_BMS  (  481): For soc=37 batt_temp=255 slope=3000
D/VM_BMS  (  481): For soc=37 batt_temp=255 rbatt_sf=105
D/VM_BMS  (  481): rbatt_mohm_default=72, rbatt_mohm=75, sf=105 batt_temp=255
D/VM_BMS  (  481): Lookup rbatt=75.000000  adjusted rbatt=75.000000
D/VM_BMS  (  481): For ocv=3806051 batt_temp=255 soc=37
D/VM_BMS  (  481): FIFO=0 fifo_avg=3.803430 rbatt=0.125000 slope=0.300000 ibatt=0.020973 ocv=3.806051 soc=37 fcc_ah=2.200000 sample_count=8 sample_interval=70 seq_num=6029
I/VM_BMS  (  481): power_supply_update: ocv_uv=3806051 ibatt=20973 soc=37 seq_num=6029
D/VM_BMS  (  481): End process_bms_data
D/VM_BMS  (  481): wake_lock released
E/telpo_native(  759): serial_read:start read
E/telpo_native(  759): serial_read:serial_read read_size = 0
D/telpo_native(  759): handle_emv_serial_read_write_cmd: usb_printer_read length = 20
I/telpo_native(  759): 0b
I/telpo_native(  759): b0
I/telpo_native(  759): 96
I/telpo_native(  759): 69
I/telpo_native(  759): 04
I/telpo_native(  759): 00
I/telpo_native(  759): 00
I/telpo_native(  759): 00
I/telpo_native(  759): 22
I/telpo_native(  759): 00
I/telpo_native(  759): 04
I/telpo_native(  759): 01
I/telpo_native(  759): 00
I/telpo_native(  759): 00
I/telpo_native(  759): 00
I/telpo_native(  759): 00
I/telpo_native(  759): 00
I/telpo_native(  759): 00
I/telpo_native(  759): 00
I/telpo_native(  759): 00
I/telpo_native(  759): 
D/telpo_native(  759): handle_emv_serial_read_write_cmd: parse successfully!
I/telpo_native(  759): handle_emv_serial_read_write_cmd: receive data length is 20
I/telpo_native(  759): 0b
I/telpo_native(  759): b0
I/telpo_native(  759): 96
I/telpo_native(  759): 69
I/telpo_native(  759): 04
I/telpo_native(  759): 00
I/telpo_native(  759): 00
I/telpo_native(  759): 00
I/telpo_native(  759): 22
I/telpo_native(  759): 00
I/telpo_native(  759): 04
I/telpo_native(  759): 01
I/telpo_native(  759): 00
I/telpo_native(  759): 00
I/telpo_native(  759): 00
I/telpo_native(  759): 00
I/telpo_native(  759): 00
I/telpo_native(  759): 00
I/telpo_native(  759): 00
I/telpo_native(  759): 00
I/telpo_native(  759): 
D/telpo_native(19709): CallIntMethod return ret = 0 length = 20
D/BatteryMeterView( 3211): not on charging...
D/BatteryMeterView( 3211): not on charging...
D/BatteryMeterView( 3211): not on charging...
I/qdhwcomposer(  260): handle_blank_event: dpy:0 panel power state: 0
E/qdutils (  260): int qdutils::getHDMINode(): Failed to open fb node 1
E/qdutils (  260): int qdutils::getHDMINode(): Failed to open fb node 2
E/qdutils (  260): int qdutils::getHDMINode(): Failed to find HDMI node
V/WLAN_PSA(  315): NL MSG, len[4005], NL type[0x1C] WNI type[0x5900] len[36111]
V/WLAN_PSA(  315): NL MSG, PID: 315
D/VM_BMS  (  481): wake_lock acquired
D/VM_BMS  (  481): New BMS data - Size=56
D/VM_BMS  (  481): Start process_bms_data
D/VM_BMS  (  481): Battery charge_cycle=0 fcc_adjust=0 rbatt_adjust=0 cycle_changed=false
D/VM_BMS  (  481): For batt_temp=255 fcc_mah=2200
D/VM_BMS  (  481): Lookup fcc_mah=2200.000000  adjusted fcc_mah=2200.000000
D/telpo_native(  759): usb_printer_write data start!
D/telpo_native(  759): usb_printer_write start!
D/VM_BMS  (  481): For ocv=3806051 batt_temp=255 soc=37
D/VM_BMS  (  481): fifo_count=0 acc_count=9
E/telpo_native(  759): ret = 25
D/telpo_native(  759): handle_emv_serial_read_write_cmd: usb write length = 25
D/VM_BMS  (  481): INIT: ocv=3806051 last_ocv=3806051 batt_temp=255 soc=37
D/VM_BMS  (  481): For soc=37 batt_temp=255 slope=3000
D/VM_BMS  (  481): For soc=37 batt_temp=255 rbatt_sf=105
D/VM_BMS  (  481): rbatt_mohm_default=72, rbatt_mohm=75, sf=105 batt_temp=255
D/VM_BMS  (  481): Lookup rbatt=75.000000  adjusted rbatt=75.000000
D/VM_BMS  (  481): For ocv=3806050 batt_temp=255 soc=37
D/VM_BMS  (  481): FIFO=0 fifo_avg=3.804357 rbatt=0.125000 slope=0.300000 ibatt=0.013550 ocv=3.806051 soc=37 fcc_ah=2.200000 sample_count=9 sample_interval=70 seq_num=6030
I/VM_BMS  (  481): power_supply_update: ocv_uv=3806050 ibatt=13550 soc=37 seq_num=6030
D/VM_BMS  (  481): End process_bms_data
D/VM_BMS  (  481): wake_lock released
E/libsuspend(  759): Error writing to /sys/power/state: Device or resource busy
E/telpo_native(  759): Cannot find response header
D/telpo_native(  759): handle_emv_serial_read_write_cmd: not enough data receive,continue
E/telpo_native(  759): serial_read:start read
E/telpo_native(  759): serial_read:serial_read read_size = 0
D/telpo_native(  759): handle_emv_serial_read_write_cmd: usb_printer_read length = 20
I/telpo_native(  759): 0b
I/telpo_native(  759): b0
I/telpo_native(  759): 96
I/telpo_native(  759): 69
I/telpo_native(  759): 04
I/telpo_native(  759): 00
I/telpo_native(  759): 00
I/telpo_native(  759): 00
I/telpo_native(  759): 23
I/telpo_native(  759): 00
I/telpo_native(  759): 04
I/telpo_native(  759): 01
I/telpo_native(  759): 00
I/telpo_native(  759): 00
I/telpo_native(  759): 00
I/telpo_native(  759): 00
I/telpo_native(  759): 00
I/telpo_native(  759): 00
I/telpo_native(  759): 00
I/telpo_native(  759): 00
I/telpo_native(  759): 
D/telpo_native(  759): handle_emv_serial_read_write_cmd: parse successfully!
I/telpo_native(  759): handle_emv_serial_read_write_cmd: receive data length is 20
I/telpo_native(  759): 0b
I/telpo_native(  759): b0
I/telpo_native(  759): 96
I/telpo_native(  759): 69
I/telpo_native(  759): 04
I/telpo_native(  759): 00
I/telpo_native(  759): 00
I/telpo_native(  759): 00
I/telpo_native(  759): 23
I/telpo_native(  759): 00
I/telpo_native(  759): 04
I/telpo_native(  759): 01
I/telpo_native(  759): 00
I/telpo_native(  759): 00
I/telpo_native(  759): 00
I/telpo_native(  759): 00
I/telpo_native(  759): 00
I/telpo_native(  759): 00
I/telpo_native(  759): 00
I/telpo_native(  759): 00
I/telpo_native(  759): 
D/telpo_native(19709): CallIntMethod return ret = 0 length = 20
D/BatteryMeterView( 3211): not on charging...
D/BatteryMeterView( 3211): not on charging...
D/BatteryMeterView( 3211): not on charging...
I/qdhwcomposer(  260): handle_blank_event: dpy:0 panel power state: 0
E/qdutils (  260): int qdutils::getHDMINode(): Failed to open fb node 1
E/qdutils (  260): int qdutils::getHDMINode(): Failed to open fb node 2
E/qdutils (  260): int qdutils::getHDMINode(): Failed to find HDMI node
D/VM_BMS  (  481): wake_lock acquired
D/VM_BMS  (  481): New BMS data - Size=56
D/VM_BMS  (  481): Start process_bms_data
D/VM_BMS  (  481): Battery charge_cycle=0 fcc_adjust=0 rbatt_adjust=0 cycle_changed=false
D/telpo_native(  759): usb_printer_write data start!
D/telpo_native(  759): usb_printer_write start!
E/telpo_native(  759): ret = 25
D/telpo_native(  759): handle_emv_serial_read_write_cmd: usb write length = 25
E/libsuspend(  759): Error writing to /sys/power/state: Device or resource busy
E/telpo_native(  759): Cannot find response header
D/telpo_native(  759): handle_emv_serial_read_write_cmd: not enough data receive,continue
D/VM_BMS  (  481): For batt_temp=255 fcc_mah=2200
D/VM_BMS  (  481): Lookup fcc_mah=2200.000000  adjusted fcc_mah=2200.000000
D/VM_BMS  (  481): For ocv=3806050 batt_temp=255 soc=37
D/VM_BMS  (  481): fifo_count=0 acc_count=9
D/VM_BMS  (  481): INIT: ocv=3806050 last_ocv=3806050 batt_temp=255 soc=37
D/VM_BMS  (  481): For soc=37 batt_temp=255 slope=3000
D/VM_BMS  (  481): For soc=37 batt_temp=255 rbatt_sf=105
D/VM_BMS  (  481): rbatt_mohm_default=72, rbatt_mohm=75, sf=105 batt_temp=255
D/VM_BMS  (  481): Lookup rbatt=75.000000  adjusted rbatt=75.000000
D/VM_BMS  (  481): For ocv=3806049 batt_temp=255 soc=37
D/VM_BMS  (  481): FIFO=0 fifo_avg=3.803747 rbatt=0.125000 slope=0.300000 ibatt=0.018423 ocv=3.806050 soc=37 fcc_ah=2.200000 sample_count=9 sample_interval=70 seq_num=6031
E/telpo_native(  759): serial_read:start read
E/telpo_native(  759): serial_read:serial_read read_size = 0
D/telpo_native(  759): handle_emv_serial_read_write_cmd: usb_printer_read length = 20
I/telpo_native(  759): 0b
I/telpo_native(  759): b0
I/telpo_native(  759): 96
I/telpo_native(  759): 69
I/telpo_native(  759): 04
I/telpo_native(  759): 00
I/telpo_native(  759): 00
I/telpo_native(  759): 00
I/telpo_native(  759): 24
I/telpo_native(  759): 00
I/telpo_native(  759): 04
I/telpo_native(  759): 01
I/telpo_native(  759): 00
I/telpo_native(  759): 00
I/telpo_native(  759): 00
I/telpo_native(  759): 00
I/telpo_native(  759): 00
I/telpo_native(  759): 00
I/telpo_native(  759): 00
I/telpo_native(  759): 00
I/telpo_native(  759): 
D/telpo_native(  759): handle_emv_serial_read_write_cmd: parse successfully!
I/telpo_native(  759): handle_emv_serial_read_write_cmd: receive data length is 20
I/telpo_native(  759): 0b
I/telpo_native(  759): b0
I/telpo_native(  759): 96
I/telpo_native(  759): 69
I/telpo_native(  759): 04
I/telpo_native(  759): 00
I/telpo_native(  759): 00
I/telpo_native(  759): 00
I/telpo_native(  759): 24
I/telpo_native(  759): 00
I/telpo_native(  759): 04
I/telpo_native(  759): 01
I/telpo_native(  759): 00
I/telpo_native(  759): 00
I/telpo_native(  759): 00
I/telpo_native(  759): 00
I/telpo_native(  759): 00
I/telpo_native(  759): 00
I/telpo_native(  759): 00
I/telpo_native(  759): 00
I/telpo_native(  759): 
D/telpo_native(19709): CallIntMethod return ret = 0 length = 20
I/VM_BMS  (  481): power_supply_update: ocv_uv=3806049 ibatt=18423 soc=37 seq_num=6031
D/VM_BMS  (  481): End process_bms_data
D/VM_BMS  (  481): wake_lock released
D/BatteryMeterView( 3211): not on charging...
D/BatteryMeterView( 3211): not on charging...
D/BatteryMeterView( 3211): not on charging...
I/qdhwcomposer(  260): handle_blank_event: dpy:0 panel power state: 0
E/qdutils (  260): int qdutils::getHDMINode(): Failed to open fb node 1
E/qdutils (  260): int qdutils::getHDMINode(): Failed to open fb node 2
E/qdutils (  260): int qdutils::getHDMINode(): Failed to find HDMI node
D/VM_BMS  (  481): wake_lock acquired
D/VM_BMS  (  481): New BMS data - Size=56
D/VM_BMS  (  481): Start process_bms_data
D/VM_BMS  (  481): Battery charge_cycle=0 fcc_adjust=0 rbatt_adjust=0 cycle_changed=false
V/WLAN_PSA(  315): NL MSG, len[4019], NL type[0x1C] WNI type[0x5900] len[39695]
V/WLAN_PSA(  315): NL MSG, PID: 315
D/VM_BMS  (  481): For batt_temp=255 fcc_mah=2200
D/VM_BMS  (  481): Lookup fcc_mah=2200.000000  adjusted fcc_mah=2200.000000
D/VM_BMS  (  481): For ocv=3806049 batt_temp=255 soc=37
D/VM_BMS  (  481): fifo_count=0 acc_count=8
D/VM_BMS  (  481): INIT: ocv=3806049 last_ocv=3806049 batt_temp=255 soc=37
D/VM_BMS  (  481): For soc=37 batt_temp=255 slope=3000
D/VM_BMS  (  481): For soc=37 batt_temp=255 rbatt_sf=105
D/VM_BMS  (  481): rbatt_mohm_default=72, rbatt_mohm=75, sf=105 batt_temp=255
D/VM_BMS  (  481): Lookup rbatt=75.000000  adjusted rbatt=75.000000
D/VM_BMS  (  481): For ocv=3806048 batt_temp=255 soc=37
D/VM_BMS  (  481): FIFO=0 fifo_avg=3.803755 rbatt=0.125000 slope=0.300000 ibatt=0.018351 ocv=3.806049 soc=37 fcc_ah=2.200000 sample_count=8 sample_interval=70 seq_num=6032
I/VM_BMS  (  481): power_supply_update: ocv_uv=3806048 ibatt=18350 soc=37 seq_num=6032
D/VM_BMS  (  481): End process_bms_data
E/libsuspend(  759): Error writing to /sys/power/state: Device or resource busy
D/telpo_native(  759): usb_printer_write data start!
D/telpo_native(  759): usb_printer_write start!
E/telpo_native(  759): ret = 25
D/telpo_native(  759): handle_emv_serial_read_write_cmd: usb write length = 25
E/telpo_native(  759): Cannot find response header
D/telpo_native(  759): handle_emv_serial_read_write_cmd: not enough data receive,continue
E/telpo_native(  759): serial_read:start read
E/telpo_native(  759): serial_read:serial_read read_size = 0
D/VM_BMS  (  481): wake_lock released
D/telpo_native(  759): handle_emv_serial_read_write_cmd: usb_printer_read length = 20
I/telpo_native(  759): 0b
I/telpo_native(  759): b0
I/telpo_native(  759): 96
I/telpo_native(  759): 69
I/telpo_native(  759): 04
I/telpo_native(  759): 00
I/telpo_native(  759): 00
I/telpo_native(  759): 00
I/telpo_native(  759): 25
I/telpo_native(  759): 00
I/telpo_native(  759): 04
I/telpo_native(  759): 01
I/telpo_native(  759): 00
I/telpo_native(  759): 00
I/telpo_native(  759): 00
I/telpo_native(  759): 00
I/telpo_native(  759): 00
I/telpo_native(  759): 00
I/telpo_native(  759): 00
I/telpo_native(  759): 00
I/telpo_native(  759): 
D/telpo_native(  759): handle_emv_serial_read_write_cmd: parse successfully!
I/telpo_native(  759): handle_emv_serial_read_write_cmd: receive data length is 20
I/telpo_native(  759): 0b
I/telpo_native(  759): b0
I/telpo_native(  759): 96
I/telpo_native(  759): 69
I/telpo_native(  759): 04
I/telpo_native(  759): 00
I/telpo_native(  759): 00
I/telpo_native(  759): 00
I/telpo_native(  759): 25
I/telpo_native(  759): 00
I/telpo_native(  759): 04
I/telpo_native(  759): 01
I/telpo_native(  759): 00
I/telpo_native(  759): 00
I/telpo_native(  759): 00
I/telpo_native(  759): 00
I/telpo_native(  759): 00
I/telpo_native(  759): 00
I/telpo_native(  759): 00
I/telpo_native(  759): 00
I/telpo_native(  759): 
D/telpo_native(19709): CallIntMethod return ret = 0 length = 20
D/BatteryMeterView( 3211): not on charging...
D/BatteryMeterView( 3211): not on charging...
D/BatteryMeterView( 3211): not on charging...
I/qdhwcomposer(  260): handle_blank_event: dpy:0 panel power state: 0
E/qdutils (  260): int qdutils::getHDMINode(): Failed to open fb node 1
E/qdutils (  260): int qdutils::getHDMINode(): Failed to open fb node 2
E/qdutils (  260): int qdutils::getHDMINode(): Failed to find HDMI node
D/VM_BMS  (  481): wake_lock acquired
D/VM_BMS  (  481): New BMS data - Size=56
D/VM_BMS  (  481): Start process_bms_data
D/VM_BMS  (  481): Battery charge_cycle=0 fcc_adjust=0 rbatt_adjust=0 cycle_changed=false
D/telpo_native(  759): usb_printer_write data start!
D/telpo_native(  759): usb_printer_write start!
E/telpo_native(  759): ret = 25
D/telpo_native(  759): handle_emv_serial_read_write_cmd: usb write length = 25
D/VM_BMS  (  481): For batt_temp=255 fcc_mah=2200
D/VM_BMS  (  481): Lookup fcc_mah=2200.000000  adjusted fcc_mah=2200.000000
D/VM_BMS  (  481): For ocv=3806048 batt_temp=255 soc=37
D/VM_BMS  (  481): fifo_count=0 acc_count=8
D/VM_BMS  (  481): INIT: ocv=3806048 last_ocv=3806048 batt_temp=255 soc=37
D/VM_BMS  (  481): For soc=37 batt_temp=255 slope=3000
E/telpo_native(  759): Cannot find response header
D/telpo_native(  759): handle_emv_serial_read_write_cmd: not enough data receive,continue
D/VM_BMS  (  481): For soc=37 batt_temp=255 rbatt_sf=105
D/VM_BMS  (  481): rbatt_mohm_default=72, rbatt_mohm=75, sf=105 batt_temp=255
D/VM_BMS  (  481): Lookup rbatt=75.000000  adjusted rbatt=75.000000
D/VM_BMS  (  481): For ocv=3806047 batt_temp=255 soc=37
D/VM_BMS  (  481): FIFO=0 fifo_avg=3.802233 rbatt=0.125000 slope=0.300000 ibatt=0.030517 ocv=3.806047 soc=37 fcc_ah=2.200000 sample_count=8 sample_interval=70 seq_num=6033
I/VM_BMS  (  481): power_supply_update: ocv_uv=3806047 ibatt=30516 soc=37 seq_num=6033
D/VM_BMS  (  481): End process_bms_data
E/libsuspend(  759): Error writing to /sys/power/state: Device or resource busy
D/VM_BMS  (  481): wake_lock released
E/telpo_native(  759): serial_read:start read
E/telpo_native(  759): serial_read:serial_read read_size = 0
D/telpo_native(  759): handle_emv_serial_read_write_cmd: usb_printer_read length = 20
I/telpo_native(  759): 0b
I/telpo_native(  759): b0
I/telpo_native(  759): 96
I/telpo_native(  759): 69
I/telpo_native(  759): 04
I/telpo_native(  759): 00
I/telpo_native(  759): 00
I/telpo_native(  759): 00
I/telpo_native(  759): 26
I/telpo_native(  759): 00
I/telpo_native(  759): 04
I/telpo_native(  759): 01
I/telpo_native(  759): 00
I/telpo_native(  759): 00
I/telpo_native(  759): 00
I/telpo_native(  759): 00
I/telpo_native(  759): 00
I/telpo_native(  759): 00
I/telpo_native(  759): 00
I/telpo_native(  759): 00
I/telpo_native(  759): 
D/telpo_native(  759): handle_emv_serial_read_write_cmd: parse successfully!
I/telpo_native(  759): handle_emv_serial_read_write_cmd: receive data length is 20
I/telpo_native(  759): 0b
I/telpo_native(  759): b0
I/telpo_native(  759): 96
I/telpo_native(  759): 69
I/telpo_native(  759): 04
I/telpo_native(  759): 00
I/telpo_native(  759): 00
I/telpo_native(  759): 00
I/telpo_native(  759): 26
I/telpo_native(  759): 00
I/telpo_native(  759): 04
I/telpo_native(  759): 01
I/telpo_native(  759): 00
I/telpo_native(  759): 00
I/telpo_native(  759): 00
I/telpo_native(  759): 00
I/telpo_native(  759): 00
I/telpo_native(  759): 00
I/telpo_native(  759): 00
I/telpo_native(  759): 00
I/telpo_native(  759): 
D/telpo_native(19709): CallIntMethod return ret = 0 length = 20
D/BatteryMeterView( 3211): not on charging...
D/BatteryMeterView( 3211): not on charging...
D/BatteryMeterView( 3211): not on charging...
I/qdhwcomposer(  260): handle_blank_event: dpy:0 panel power state: 0
E/qdutils (  260): int qdutils::getHDMINode(): Failed to open fb node 1
E/qdutils (  260): int qdutils::getHDMINode(): Failed to open fb node 2
E/qdutils (  260): int qdutils::getHDMINode(): Failed to find HDMI node
D/VM_BMS  (  481): wake_lock acquired
D/VM_BMS  (  481): New BMS data - Size=56
D/VM_BMS  (  481): Start process_bms_data
D/VM_BMS  (  481): Battery charge_cycle=0 fcc_adjust=0 rbatt_adjust=0 cycle_changed=false
D/telpo_native(  759): usb_printer_write data start!
D/telpo_native(  759): usb_printer_write start!
E/telpo_native(  759): ret = 25
D/VM_BMS  (  481): For batt_temp=255 fcc_mah=2200
D/VM_BMS  (  481): Lookup fcc_mah=2200.000000  adjusted fcc_mah=2200.000000
D/VM_BMS  (  481): For ocv=3806047 batt_temp=255 soc=37
D/VM_BMS  (  481): fifo_count=0 acc_count=8
D/VM_BMS  (  481): INIT: ocv=3806047 last_ocv=3806047 batt_temp=255 soc=37
D/VM_BMS  (  481): For soc=37 batt_temp=255 slope=3000
D/VM_BMS  (  481): For soc=37 batt_temp=255 rbatt_sf=105
D/VM_BMS  (  481): rbatt_mohm_default=72, rbatt_mohm=75, sf=105 batt_temp=255
D/VM_BMS  (  481): Lookup rbatt=75.000000  adjusted rbatt=75.000000
D/VM_BMS  (  481): For ocv=3806046 batt_temp=255 soc=37
D/VM_BMS  (  481): FIFO=0 fifo_avg=3.804338 rbatt=0.125000 slope=0.300000 ibatt=0.013671 ocv=3.806047 soc=37 fcc_ah=2.200000 sample_count=8 sample_interval=70 seq_num=6034
I/VM_BMS  (  481): power_supply_update: ocv_uv=3806046 ibatt=13670 soc=37 seq_num=6034
D/VM_BMS  (  481): End process_bms_data
D/VM_BMS  (  481): wake_lock released
D/telpo_native(  759): handle_emv_serial_read_write_cmd: usb write length = 25
E/libsuspend(  759): Error writing to /sys/power/state: Device or resource busy
E/telpo_native(  759): Cannot find response header
D/telpo_native(  759): handle_emv_serial_read_write_cmd: not enough data receive,continue
E/telpo_native(  759): serial_read:start read
E/telpo_native(  759): serial_read:serial_read read_size = 0
D/telpo_native(  759): handle_emv_serial_read_write_cmd: usb_printer_read length = 20
I/telpo_native(  759): 0b
I/telpo_native(  759): b0
I/telpo_native(  759): 96
I/telpo_native(  759): 69
I/telpo_native(  759): 04
I/telpo_native(  759): 00
I/telpo_native(  759): 00
I/telpo_native(  759): 00
I/telpo_native(  759): 27
I/telpo_native(  759): 00
I/telpo_native(  759): 04
I/telpo_native(  759): 01
I/telpo_native(  759): 00
I/telpo_native(  759): 00
I/telpo_native(  759): 00
I/telpo_native(  759): 00
I/telpo_native(  759): 00
I/telpo_native(  759): 00
I/telpo_native(  759): 00
I/telpo_native(  759): 00
I/telpo_native(  759): 
D/telpo_native(  759): handle_emv_serial_read_write_cmd: parse successfully!
I/telpo_native(  759): handle_emv_serial_read_write_cmd: receive data length is 20
I/telpo_native(  759): 0b
I/telpo_native(  759): b0
I/telpo_native(  759): 96
I/telpo_native(  759): 69
I/telpo_native(  759): 04
I/telpo_native(  759): 00
I/telpo_native(  759): 00
I/telpo_native(  759): 00
I/telpo_native(  759): 27
I/telpo_native(  759): 00
I/telpo_native(  759): 04
I/telpo_native(  759): 01
I/telpo_native(  759): 00
I/telpo_native(  759): 00
I/telpo_native(  759): 00
I/telpo_native(  759): 00
I/telpo_native(  759): 00
I/telpo_native(  759): 00
I/telpo_native(  759): 00
I/telpo_native(  759): 00
