D/telpo_native(  759): handle_emv_serial_read_write_cmd: usb_printer_read length = 20
I/telpo_native(  759): 0b
I/telpo_native(  759): b0
I/telpo_native(  759): 96
I/telpo_native(  759): 69
I/telpo_native(  759): 04
I/telpo_native(  759): 00
I/telpo_native(  759): 00
I/telpo_native(  759): 00
I/telpo_native(  759): 43
I/telpo_native(  759): 00
I/telpo_native(  759): 04
I/telpo_native(  759): 01
I/telpo_native(  759): 00
I/telpo_native(  759): 00
I/telpo_native(  759): 00
I/telpo_native(  759): 00
I/telpo_native(  759): 00
I/telpo_native(  759): 00
I/telpo_native(  759): 00
I/telpo_native(  759): 00
I/telpo_native(  759): 
D/telpo_native(  759): handle_emv_serial_read_write_cmd: parse successfully!
I/telpo_native(  759): handle_emv_serial_read_write_cmd: receive data length is 20
I/telpo_native(  759): 0b
I/telpo_native(  759): b0
I/telpo_native(  759): 96
I/telpo_native(  759): 69
I/telpo_native(  759): 04
I/telpo_native(  759): 00
I/telpo_native(  759): 00
I/telpo_native(  759): 00
I/telpo_native(  759): 43
I/telpo_native(  759): 00
I/telpo_native(  759): 04
I/telpo_native(  759): 01
I/telpo_native(  759): 00
I/telpo_native(  759): 00
I/telpo_native(  759): 00
I/telpo_native(  759): 00
I/telpo_native(  759): 00
I/telpo_native(  759): 00
I/telpo_native(  759): 00
I/telpo_native(  759): 00
I/telpo_native(  759): 
D/telpo_native(19709): CallIntMethod return ret = 0 length = 20
D/BatteryMeterView( 3211): not on charging...
D/BatteryMeterView( 3211): not on charging...
D/BatteryMeterView( 3211): not on charging...
D/BatteryMeterView( 3211): onDraw level = 6
D/BatteryMeterView( 3211): onDraw level = 6
I/SurfaceFlinger(  260): FPS: 50
D/PhoneStatusBar( 3211): disable: < expand ICONS alerts SYSTEM_INFO back HOME RECENT clock SEARCH >
I/WindowManager(  759): Win Window{25b4575f u0 android}: isVisibleOrBehindKeyguardLw=true
I/WindowManager(  759): Win Window{38e045e0 u0 StatusBar}: isVisibleOrBehindKeyguardLw=true
I/WindowManager(  759): Win Window{1d6ae551 u0 com.android.phasebeam.PhaseBeamWallpaper}: isVisibleOrBehindKeyguardLw=true
I/WindowManager(  759): Win Window{3d0e02fa u0 com.interswitchng.interswitchpossdkdemo.telpo.v2.debug/com.interswitchng.smartpos.modules.main.MainActivity}: isVisibleOrBehindKeyguardLw=true
V/WindowManager(  759): Fullscreen window: Window{3d0e02fa u0 com.interswitchng.interswitchpossdkdemo.telpo.v2.debug/com.interswitchng.smartpos.modules.main.MainActivity}
I/WindowManager(  759): force=false forcefkg=true top=Window{3d0e02fa u0 com.interswitchng.interswitchpossdkdemo.telpo.v2.debug/com.interswitchng.smartpos.modules.main.MainActivity}
V/WindowManager(  759): Showing status bar: forced
V/WindowManager(  759): finishPostLayoutPolicyLw: mHideKeyguard=false
D/WindowManager(  759): PWM.startKeyguardExitAnimation
E/AudioPolicyManager(  303): unknown stream type 13
E/AudioPolicyManager(  303): unknown stream type 13
E/AudioPolicyManager(  303): unknown stream type 13
E/AudioPolicyManager(  303): unknown stream type 13
E/AudioPolicyManager(  303): unknown stream type 13
E/AudioPolicyManager(  303): unknown stream type 13
E/AudioPolicyManager(  303): unknown stream type 13
E/AudioPolicyManager(  303): unknown stream type 13
E/AudioPolicyManager(  303): unknown stream type 13
D/audio_hw_primary(  303): start_output_stream: enter: stream(0xb72755a8)usecase(1: low-latency-playback) devices(0x2)
D/audio_hw_primary(  303): select_devices: out_snd_device(2: speaker) in_snd_device(0: )
D/hardware_info(  303): hw_info_append_hw_type : device_name = speaker
I/soundtrigger(  303): audio_extn_sound_trigger_update_device_status: device 0x2 of type 0 for Event 1, with Raise=0
I/WindowManager(  759): mDock rect: (0,0 - 720,1280)
V/WindowManager(  759): Status bar: dock=[0,50][720,1280] content=[0,50][720,1280] cur=[0,50][720,1280]
V/WindowManager(  759): layoutWindowLw(): normal window
V/WindowManager(  759): Compute frame : sim=#20 attach=null type=2015 flags=0x01000018 pf=[0,50][720,1280] df=[0,50][720,1280] of=[0,50][720,1280] cf=[0,50][720,1280] vf=[0,50][720,1280] dcf=[0,0][720,1280] sf=[0,50][720,1280]
W/audio_hw_utils(  303): audio_extn_utils_update_stream_app_type_cfg: App type could not be selected. Falling back to default
I/audio_hw_primary(  303): select_devices Selected apptype: 69936
D/soundtrigger(  303): audio_extn_sound_trigger_update_stream_status: uc_id 1 of type 0 for Event 3, with Raise=0
D/ACDB-LOADER(  303): ACDB -> send_audio_cal, acdb_id = 14, path =  0
D/ACDB-LOADER(  303): ACDB -> send_asm_topology
D/ACDB-LOADER(  303): ACDB -> ACDB_CMD_GET_AUDPROC_STREAM_TOPOLOGY_ID
D/ACDB-LOADER(  303): ACDB -> send_adm_topology
D/ACDB-LOADER(  303): ACDB -> ACDB_CMD_GET_AUDPROC_COMMON_TOPOLOGY_ID
D/ACDB-LOADER(  303): ACDB -> send_audtable
D/ACDB-LOADER(  303): ACDB -> ACDB_CMD_GET_AUDPROC_COMMON_TABLE
D/ACDB-LOADER(  303): ACDB -> AUDIO_SET_AUDPROC_CAL
D/ACDB-LOADER(  303): ACDB -> send_audvoltable
D/ACDB-LOADER(  303): ACDB -> ACDB_CMD_GET_AUDPROC_GAIN_DEP_STEP_TABLE
D/ACDB-LOADER(  303): ACDB -> AUDIO_SET_AUDPROC_VOL_CAL
D/ACDB-LOADER(  303): ACDB -> send_afe_cal
D/ACDB-LOADER(  303): ACDB -> ACDB_CMD_GET_AFE_COMMON_TABLE
D/ACDB-LOADER(  303): ACDB -> AUDIO_SET_AFE_CAL
D/ACDB-LOADER(  303): ACDB -> send_hw_delay : acdb_id = 14 path = 0
D/ACDB-LOADER(  303): ACDB -> ACDB_AVSYNC_INFO: ACDB_CMD_GET_DEVICE_PROPERTY
I/audio_hw_utils(  303): audio_extn_utils_send_app_type_cfg app_type 69936, acdb_dev_id 14, sample_rate 48000
D/PhoneStatusBar( 3211): disable: < expand icons* alerts system_info* back HOME RECENT clock SEARCH >
D/audio_hw_primary(  303): select_devices: done
V/WindowManager(  759): Compute frame StatusBar: sim=#10 attach=null type=2000 flags=0x81960040 pf=[0,0][720,1280] df=[0,0][720,1280] of=[0,0][720,1280] cf=[0,50][720,1280] vf=[0,50][720,1280] dcf=[0,0][0,0] sf=[0,50][720,1280]
V/WindowManager(  759): layoutWindowLw(com.interswitchng.interswitchpossdkdemo.telpo.v2.debug/com.interswitchng.smartpos.modules.main.MainActivity): IN_SCREEN, INSET_DECOR
V/WindowManager(  759): Compute frame com.interswitchng.interswitchpossdkdemo.telpo.v2.debug/com.interswitchng.smartpos.modules.main.MainActivity: sim=#20 attach=null type=1 flags=0x81810100 pf=[0,0][720,1280] df=[0,0][720,1280] of=[0,0][720,1280] cf=[0,50][720,1280] vf=[0,50][720,1280] dcf=[0,0][720,1280] sf=[0,50][720,1280]
V/WindowManager(  759): layoutWindowLw(com.android.phasebeam.PhaseBeamWallpaper): IN_SCREEN
V/WindowManager(  759): Compute frame com.android.phasebeam.PhaseBeamWallpaper: sim=#0 attach=null type=2013 flags=0x00000308 pf=[0,0][720,1280] df=[-10000,-10000][10000,10000] of=[0,0][720,1280] cf=[0,0][720,1280] vf=[0,50][720,1280] dcf=[0,0][720,1280] sf=[0,50][720,1280]
I/WindowManager(  759): Win Window{25b4575f u0 android}: isVisibleOrBehindKeyguardLw=true
I/WindowManager(  759): Win Window{38e045e0 u0 StatusBar}: isVisibleOrBehindKeyguardLw=true
I/WindowManager(  759): Win Window{3d0e02fa u0 com.interswitchng.interswitchpossdkdemo.telpo.v2.debug/com.interswitchng.smartpos.modules.main.MainActivity}: isVisibleOrBehindKeyguardLw=true
V/WindowManager(  759): Fullscreen window: Window{3d0e02fa u0 com.interswitchng.interswitchpossdkdemo.telpo.v2.debug/com.interswitchng.smartpos.modules.main.MainActivity}
I/WindowManager(  759): Win Window{1d6ae551 u0 com.android.phasebeam.PhaseBeamWallpaper}: isVisibleOrBehindKeyguardLw=true
I/WindowManager(  759): force=false forcefkg=true top=Window{3d0e02fa u0 com.interswitchng.interswitchpossdkdemo.telpo.v2.debug/com.interswitchng.smartpos.modules.main.MainActivity}
V/WindowManager(  759): Showing status bar: forced
V/WindowManager(  759): finishPostLayoutPolicyLw: mHideKeyguard=false
I/WindowManager(  759): mDock rect: (0,0 - 720,1280)
V/WindowManager(  759): Status bar: dock=[0,50][720,1280] content=[0,50][720,1280] cur=[0,50][720,1280]
V/WindowManager(  759): layoutWindowLw(): normal window
V/WindowManager(  759): Compute frame : sim=#20 attach=null type=2015 flags=0x01000018 pf=[0,50][720,1280] df=[0,50][720,1280] of=[0,50][720,1280] cf=[0,50][720,1280] vf=[0,50][720,1280] dcf=[0,0][720,1280] sf=[0,50][720,1280]
V/WindowManager(  759): Compute frame StatusBar: sim=#10 attach=null type=2000 flags=0x81960040 pf=[0,0][720,1280] df=[0,0][720,1280] of=[0,0][720,1280] cf=[0,50][720,1280] vf=[0,50][720,1280] dcf=[0,0][0,0] sf=[0,50][720,1280]
V/WindowManager(  759): layoutWindowLw(com.interswitchng.interswitchpossdkdemo.telpo.v2.debug/com.interswitchng.smartpos.modules.main.MainActivity): IN_SCREEN, INSET_DECOR
V/WindowManager(  759): Compute frame com.interswitchng.interswitchpossdkdemo.telpo.v2.debug/com.interswitchng.smartpos.modules.main.MainActivity: sim=#20 attach=null type=1 flags=0x81810100 pf=[0,0][720,1280] df=[0,0][720,1280] of=[0,0][720,1280] cf=[0,50][720,1280] vf=[0,50][720,1280] dcf=[0,0][720,1280] sf=[0,50][720,1280]
V/WindowManager(  759): layoutWindowLw(com.android.phasebeam.PhaseBeamWallpaper): IN_SCREEN
D/BluetoothAdapter( 3211): 331419086: getState() :  mService = null. Returning STATE_OFF
D/BluetoothAdapter( 3211): 331419086: getState() :  mService = null. Returning STATE_OFF
V/WindowManager(  759): Compute frame com.android.phasebeam.PhaseBeamWallpaper: sim=#0 attach=null type=2013 flags=0x00000308 pf=[0,0][720,1280] df=[-10000,-10000][10000,10000] of=[0,0][720,1280] cf=[0,0][720,1280] vf=[0,50][720,1280] dcf=[0,0][720,1280] sf=[0,50][720,1280]
I/WindowManager(  759): Win Window{25b4575f u0 android}: isVisibleOrBehindKeyguardLw=true
I/WindowManager(  759): Win Window{38e045e0 u0 StatusBar}: isVisibleOrBehindKeyguardLw=true
I/WindowManager(  759): Win Window{3d0e02fa u0 com.interswitchng.interswitchpossdkdemo.telpo.v2.debug/com.interswitchng.smartpos.modules.main.MainActivity}: isVisibleOrBehindKeyguardLw=true
V/WindowManager(  759): Fullscreen window: Window{3d0e02fa u0 com.interswitchng.interswitchpossdkdemo.telpo.v2.debug/com.interswitchng.smartpos.modules.main.MainActivity}
I/WindowManager(  759): Win Window{1d6ae551 u0 com.android.phasebeam.PhaseBeamWallpaper}: isVisibleOrBehindKeyguardLw=true
I/WindowManager(  759): force=false forcefkg=true top=Window{3d0e02fa u0 com.interswitchng.interswitchpossdkdemo.telpo.v2.debug/com.interswitchng.smartpos.modules.main.MainActivity}
V/WindowManager(  759): Showing status bar: forced
V/WindowManager(  759): finishPostLayoutPolicyLw: mHideKeyguard=false
D/telpo_native(  759): usb_printer_write data start!
D/telpo_native(  759): usb_printer_write start!
E/telpo_native(  759): ret = 25
D/telpo_native(  759): handle_emv_serial_read_write_cmd: usb write length = 25
I/WindowManager(  759): mDock rect: (0,0 - 720,1280)
V/WindowManager(  759): Status bar: dock=[0,50][720,1280] content=[0,50][720,1280] cur=[0,50][720,1280]
V/WindowManager(  759): layoutWindowLw(): normal window
V/WindowManager(  759): Compute frame : sim=#20 attach=null type=2015 flags=0x01000018 pf=[0,50][720,1280] df=[0,50][720,1280] of=[0,50][720,1280] cf=[0,50][720,1280] vf=[0,50][720,1280] dcf=[0,0][720,1280] sf=[0,50][720,1280]
V/WindowManager(  759): Compute frame StatusBar: sim=#10 attach=null type=2000 flags=0x81960040 pf=[0,0][720,1280] df=[0,0][720,1280] of=[0,0][720,1280] cf=[0,50][720,1280] vf=[0,50][720,1280] dcf=[0,0][0,0] sf=[0,50][720,1280]
V/WindowManager(  759): layoutWindowLw(com.interswitchng.interswitchpossdkdemo.telpo.v2.debug/com.interswitchng.smartpos.modules.main.MainActivity): IN_SCREEN, INSET_DECOR
V/WindowManager(  759): Compute frame com.interswitchng.interswitchpossdkdemo.telpo.v2.debug/com.interswitchng.smartpos.modules.main.MainActivity: sim=#20 attach=null type=1 flags=0x81810100 pf=[0,0][720,1280] df=[0,0][720,1280] of=[0,0][720,1280] cf=[0,50][720,1280] vf=[0,50][720,1280] dcf=[0,0][720,1280] sf=[0,50][720,1280]
V/WindowManager(  759): layoutWindowLw(com.android.phasebeam.PhaseBeamWallpaper): IN_SCREEN
V/WindowManager(  759): Compute frame com.android.phasebeam.PhaseBeamWallpaper: sim=#0 attach=null type=2013 flags=0x00000308 pf=[0,0][720,1280] df=[-10000,-10000][10000,10000] of=[0,0][720,1280] cf=[0,0][720,1280] vf=[0,50][720,1280] dcf=[0,0][720,1280] sf=[0,50][720,1280]
I/WindowManager(  759): Win Window{25b4575f u0 android}: isVisibleOrBehindKeyguardLw=true
I/WindowManager(  759): Win Window{38e045e0 u0 StatusBar}: isVisibleOrBehindKeyguardLw=true
I/WindowManager(  759): Win Window{3d0e02fa u0 com.interswitchng.interswitchpossdkdemo.telpo.v2.debug/com.interswitchng.smartpos.modules.main.MainActivity}: isVisibleOrBehindKeyguardLw=true
V/WindowManager(  759): Fullscreen window: Window{3d0e02fa u0 com.interswitchng.interswitchpossdkdemo.telpo.v2.debug/com.interswitchng.smartpos.modules.main.MainActivity}
I/WindowManager(  759): Win Window{1d6ae551 u0 com.android.phasebeam.PhaseBeamWallpaper}: isVisibleOrBehindKeyguardLw=true
I/WindowManager(  759): force=false forcefkg=true top=Window{3d0e02fa u0 com.interswitchng.interswitchpossdkdemo.telpo.v2.debug/com.interswitchng.smartpos.modules.main.MainActivity}
V/WindowManager(  759): Showing status bar: forced
V/WindowManager(  759): finishPostLayoutPolicyLw: mHideKeyguard=false
E/telpo_native(  759): serial_read:start read
E/telpo_native(  759): serial_read:serial_read read_size = 0
I/WindowManager(  759): mDock rect: (0,0 - 720,1280)
V/WindowManager(  759): Status bar: dock=[0,50][720,1280] content=[0,50][720,1280] cur=[0,50][720,1280]
V/WindowManager(  759): layoutWindowLw(): normal window
V/WindowManager(  759): Compute frame : sim=#20 attach=null type=2015 flags=0x01000018 pf=[0,50][720,1280] df=[0,50][720,1280] of=[0,50][720,1280] cf=[0,50][720,1280] vf=[0,50][720,1280] dcf=[0,0][720,1280] sf=[0,50][720,1280]
V/WindowManager(  759): Compute frame StatusBar: sim=#10 attach=null type=2000 flags=0x81960040 pf=[0,0][720,1280] df=[0,0][720,1280] of=[0,0][720,1280] cf=[0,50][720,1280] vf=[0,50][720,1280] dcf=[0,0][0,0] sf=[0,50][720,1280]
V/WindowManager(  759): layoutWindowLw(com.interswitchng.interswitchpossdkdemo.telpo.v2.debug/com.interswitchng.smartpos.modules.main.MainActivity): IN_SCREEN, INSET_DECOR
V/WindowManager(  759): Compute frame com.interswitchng.interswitchpossdkdemo.telpo.v2.debug/com.interswitchng.smartpos.modules.main.MainActivity: sim=#20 attach=null type=1 flags=0x81810100 pf=[0,0][720,1280] df=[0,0][720,1280] of=[0,0][720,1280] cf=[0,50][720,1280] vf=[0,50][720,1280] dcf=[0,0][720,1280] sf=[0,50][720,1280]
V/WindowManager(  759): layoutWindowLw(com.android.phasebeam.PhaseBeamWallpaper): IN_SCREEN
V/WindowManager(  759): Compute frame com.android.phasebeam.PhaseBeamWallpaper: sim=#0 attach=null type=2013 flags=0x00000308 pf=[0,0][720,1280] df=[-10000,-10000][10000,10000] of=[0,0][720,1280] cf=[0,0][720,1280] vf=[0,50][720,1280] dcf=[0,0][720,1280] sf=[0,50][720,1280]
I/WindowManager(  759): Win Window{25b4575f u0 android}: isVisibleOrBehindKeyguardLw=true
I/WindowManager(  759): Win Window{38e045e0 u0 StatusBar}: isVisibleOrBehindKeyguardLw=true
I/WindowManager(  759): Win Window{3d0e02fa u0 com.interswitchng.interswitchpossdkdemo.telpo.v2.debug/com.interswitchng.smartpos.modules.main.MainActivity}: isVisibleOrBehindKeyguardLw=true
V/WindowManager(  759): Fullscreen window: Window{3d0e02fa u0 com.interswitchng.interswitchpossdkdemo.telpo.v2.debug/com.interswitchng.smartpos.modules.main.MainActivity}
I/WindowManager(  759): Win Window{1d6ae551 u0 com.android.phasebeam.PhaseBeamWallpaper}: isVisibleOrBehindKeyguardLw=true
I/WindowManager(  759): force=false forcefkg=true top=Window{3d0e02fa u0 com.interswitchng.interswitchpossdkdemo.telpo.v2.debug/com.interswitchng.smartpos.modules.main.MainActivity}
V/WindowManager(  759): Showing status bar: forced
V/WindowManager(  759): finishPostLayoutPolicyLw: mHideKeyguard=false
I/WindowManager(  759): Win Window{25b4575f u0 android}: isVisibleOrBehindKeyguardLw=true
I/WindowManager(  759): Win Window{38e045e0 u0 StatusBar}: isVisibleOrBehindKeyguardLw=true
I/WindowManager(  759): Win Window{3d0e02fa u0 com.interswitchng.interswitchpossdkdemo.telpo.v2.debug/com.interswitchng.smartpos.modules.main.MainActivity}: isVisibleOrBehindKeyguardLw=true
V/WindowManager(  759): Fullscreen window: Window{3d0e02fa u0 com.interswitchng.interswitchpossdkdemo.telpo.v2.debug/com.interswitchng.smartpos.modules.main.MainActivity}
I/WindowManager(  759): Win Window{1d6ae551 u0 com.android.phasebeam.PhaseBeamWallpaper}: isVisibleOrBehindKeyguardLw=true
I/WindowManager(  759): force=false forcefkg=true top=Window{3d0e02fa u0 com.interswitchng.interswitchpossdkdemo.telpo.v2.debug/com.interswitchng.smartpos.modules.main.MainActivity}
V/WindowManager(  759): Showing status bar: forced
V/WindowManager(  759): finishPostLayoutPolicyLw: mHideKeyguard=false
D/telpo_native(  759): handle_emv_serial_read_write_cmd: usb_printer_read length = 20
I/telpo_native(  759): 0b
I/telpo_native(  759): b0
I/telpo_native(  759): 96
I/telpo_native(  759): 69
I/telpo_native(  759): 04
I/telpo_native(  759): 00
I/telpo_native(  759): 00
I/telpo_native(  759): 00
I/telpo_native(  759): 44
I/telpo_native(  759): 00
I/telpo_native(  759): 04
I/telpo_native(  759): 01
I/telpo_native(  759): 00
I/telpo_native(  759): 00
I/telpo_native(  759): 00
I/telpo_native(  759): 00
I/telpo_native(  759): 00
I/telpo_native(  759): 00
I/telpo_native(  759): 00
I/telpo_native(  759): 00
I/telpo_native(  759): 
D/telpo_native(  759): handle_emv_serial_read_write_cmd: parse successfully!
I/telpo_native(  759): handle_emv_serial_read_write_cmd: receive data length is 20
I/telpo_native(  759): 0b
I/telpo_native(  759): b0
I/telpo_native(  759): 96
I/telpo_native(  759): 69
I/telpo_native(  759): 04
I/telpo_native(  759): 00
I/telpo_native(  759): 00
I/telpo_native(  759): 00
I/telpo_native(  759): 44
I/telpo_native(  759): 00
I/telpo_native(  759): 04
I/telpo_native(  759): 01
I/telpo_native(  759): 00
I/telpo_native(  759): 00
I/telpo_native(  759): 00
I/telpo_native(  759): 00
I/telpo_native(  759): 00
I/telpo_native(  759): 00
I/telpo_native(  759): 00
I/telpo_native(  759): 00
I/telpo_native(  759): 
I/WindowManager(  759): mDock rect: (0,0 - 720,1280)
V/WindowManager(  759): Status bar: dock=[0,50][720,1280] content=[0,50][720,1280] cur=[0,50][720,1280]
V/WindowManager(  759): layoutWindowLw(): normal window
V/WindowManager(  759): Compute frame : sim=#20 attach=null type=2015 flags=0x01000018 pf=[0,50][720,1280] df=[0,50][720,1280] of=[0,50][720,1280] cf=[0,50][720,1280] vf=[0,50][720,1280] dcf=[0,0][720,1280] sf=[0,50][720,1280]
V/WindowManager(  759): Compute frame StatusBar: sim=#10 attach=null type=2000 flags=0x81960040 pf=[0,0][720,1280] df=[0,0][720,1280] of=[0,0][720,1280] cf=[0,50][720,1280] vf=[0,50][720,1280] dcf=[0,0][0,0] sf=[0,50][720,1280]
V/WindowManager(  759): layoutWindowLw(com.interswitchng.interswitchpossdkdemo.telpo.v2.debug/com.interswitchng.smartpos.modules.main.MainActivity): IN_SCREEN, INSET_DECOR
V/WindowManager(  759): Compute frame com.interswitchng.interswitchpossdkdemo.telpo.v2.debug/com.interswitchng.smartpos.modules.main.MainActivity: sim=#20 attach=null type=1 flags=0x81810100 pf=[0,0][720,1280] df=[0,0][720,1280] of=[0,0][720,1280] cf=[0,50][720,1280] vf=[0,50][720,1280] dcf=[0,0][720,1280] sf=[0,50][720,1280]
V/WindowManager(  759): layoutWindowLw(com.android.phasebeam.PhaseBeamWallpaper): IN_SCREEN
V/WindowManager(  759): Compute frame com.android.phasebeam.PhaseBeamWallpaper: sim=#0 attach=null type=2013 flags=0x00000308 pf=[0,0][720,1280] df=[-10000,-10000][10000,10000] of=[0,0][720,1280] cf=[0,0][720,1280] vf=[0,50][720,1280] dcf=[0,0][720,1280] sf=[0,50][720,1280]
I/WindowManager(  759): Win Window{25b4575f u0 android}: isVisibleOrBehindKeyguardLw=true
I/WindowManager(  759): Win Window{38e045e0 u0 StatusBar}: isVisibleOrBehindKeyguardLw=true
I/WindowManager(  759): Win Window{3d0e02fa u0 com.interswitchng.interswitchpossdkdemo.telpo.v2.debug/com.interswitchng.smartpos.modules.main.MainActivity}: isVisibleOrBehindKeyguardLw=true
V/WindowManager(  759): Fullscreen window: Window{3d0e02fa u0 com.interswitchng.interswitchpossdkdemo.telpo.v2.debug/com.interswitchng.smartpos.modules.main.MainActivity}
I/WindowManager(  759): Win Window{1d6ae551 u0 com.android.phasebeam.PhaseBeamWallpaper}: isVisibleOrBehindKeyguardLw=true
I/WindowManager(  759): force=false forcefkg=true top=Window{3d0e02fa u0 com.interswitchng.interswitchpossdkdemo.telpo.v2.debug/com.interswitchng.smartpos.modules.main.MainActivity}
V/WindowManager(  759): Showing status bar: forced
V/WindowManager(  759): finishPostLayoutPolicyLw: mHideKeyguard=false
D/telpo_native(19709): CallIntMethod return ret = 0 length = 20
I/WindowManager(  759): mDock rect: (0,0 - 720,1280)
V/WindowManager(  759): Status bar: dock=[0,50][720,1280] content=[0,50][720,1280] cur=[0,50][720,1280]
V/WindowManager(  759): layoutWindowLw(): normal window
V/WindowManager(  759): Compute frame : sim=#20 attach=null type=2015 flags=0x01000018 pf=[0,50][720,1280] df=[0,50][720,1280] of=[0,50][720,1280] cf=[0,50][720,1280] vf=[0,50][720,1280] dcf=[0,0][720,1280] sf=[0,50][720,1280]
V/WindowManager(  759): layoutWindowLw(com.interswitchng.interswitchpossdkdemo.telpo.v2.debug/com.interswitchng.smartpos.modules.main.MainActivity): IN_SCREEN, INSET_DECOR
V/WindowManager(  759): Compute frame com.interswitchng.interswitchpossdkdemo.telpo.v2.debug/com.interswitchng.smartpos.modules.main.MainActivity: sim=#20 attach=null type=1 flags=0x81810100 pf=[0,0][720,1280] df=[0,0][720,1280] of=[0,0][720,1280] cf=[0,50][720,1280] vf=[0,50][720,1280] dcf=[0,0][720,1280] sf=[0,50][720,1280]
V/WindowManager(  759): layoutWindowLw(com.android.phasebeam.PhaseBeamWallpaper): IN_SCREEN
V/WindowManager(  759): Compute frame com.android.phasebeam.PhaseBeamWallpaper: sim=#0 attach=null type=2013 flags=0x00000308 pf=[0,0][720,1280] df=[-10000,-10000][10000,10000] of=[0,0][720,1280] cf=[0,0][720,1280] vf=[0,50][720,1280] dcf=[0,0][720,1280] sf=[0,50][720,1280]
I/WindowManager(  759): Win Window{25b4575f u0 android}: isVisibleOrBehindKeyguardLw=true
I/WindowManager(  759): Win Window{38e045e0 u0 StatusBar}: isVisibleOrBehindKeyguardLw=true
I/WindowManager(  759): Win Window{3d0e02fa u0 com.interswitchng.interswitchpossdkdemo.telpo.v2.debug/com.interswitchng.smartpos.modules.main.MainActivity}: isVisibleOrBehindKeyguardLw=true
V/WindowManager(  759): Fullscreen window: Window{3d0e02fa u0 com.interswitchng.interswitchpossdkdemo.telpo.v2.debug/com.interswitchng.smartpos.modules.main.MainActivity}
I/WindowManager(  759): Win Window{1d6ae551 u0 com.android.phasebeam.PhaseBeamWallpaper}: isVisibleOrBehindKeyguardLw=true
I/WindowManager(  759): force=false forcefkg=false top=Window{3d0e02fa u0 com.interswitchng.interswitchpossdkdemo.telpo.v2.debug/com.interswitchng.smartpos.modules.main.MainActivity}
D/WindowManager(  759): frame: Rect(0, 0 - 720, 1280) shown frame: RectF(0.0, 1407.9688, 720.0, 2687.9688)
D/WindowManager(  759): attr: WM.LayoutParams{(0,0)(fillxfill) sim=#20 ty=1 fl=#81810100 wanim=0x1030467 vsysui=0x600 surfaceInsets=Rect(0, 0 - 0, 0) needsMenuKey=2} lp.flags=0x81810100
V/WindowManager(  759): ** SHOWING status bar: top is not fullscreen
V/WindowManager(  759): finishPostLayoutPolicyLw: mHideKeyguard=false
I/WindowManager(  759): mDock rect: (0,0 - 720,1280)
D/BatteryMeterView( 3211): onDraw level = 6
V/WindowManager(  759): Status bar: dock=[0,50][720,1280] content=[0,50][720,1280] cur=[0,50][720,1280]
V/WindowManager(  759): layoutWindowLw(): normal window
V/WindowManager(  759): Compute frame : sim=#20 attach=null type=2015 flags=0x01000018 pf=[0,50][720,1280] df=[0,50][720,1280] of=[0,50][720,1280] cf=[0,50][720,1280] vf=[0,50][720,1280] dcf=[0,0][720,1280] sf=[0,50][720,1280]
V/WindowManager(  759): layoutWindowLw(com.interswitchng.interswitchpossdkdemo.telpo.v2.debug/com.interswitchng.smartpos.modules.main.MainActivity): IN_SCREEN, INSET_DECOR
V/WindowManager(  759): Compute frame com.interswitchng.interswitchpossdkdemo.telpo.v2.debug/com.interswitchng.smartpos.modules.main.MainActivity: sim=#120 attach=null type=1 flags=0x81810100 pf=[0,0][720,1280] df=[0,0][720,1280] of=[0,0][720,1280] cf=[0,50][720,1280] vf=[0,50][720,1280] dcf=[0,0][720,1280] sf=[0,50][720,1280]
V/WindowManager(  759): layoutWindowLw(com.android.phasebeam.PhaseBeamWallpaper): IN_SCREEN
V/WindowManager(  759): Compute frame com.android.phasebeam.PhaseBeamWallpaper: sim=#0 attach=null type=2013 flags=0x00000308 pf=[0,0][720,1280] df=[-10000,-10000][10000,10000] of=[0,0][720,1280] cf=[0,0][720,1280] vf=[0,50][720,1280] dcf=[0,0][720,1280] sf=[0,50][720,1280]
I/WindowManager(  759): Win Window{25b4575f u0 android}: isVisibleOrBehindKeyguardLw=true
I/WindowManager(  759): Win Window{38e045e0 u0 StatusBar}: isVisibleOrBehindKeyguardLw=true
I/WindowManager(  759): Win Window{3d0e02fa u0 com.interswitchng.interswitchpossdkdemo.telpo.v2.debug/com.interswitchng.smartpos.modules.main.MainActivity}: isVisibleOrBehindKeyguardLw=true
V/WindowManager(  759): Fullscreen window: Window{3d0e02fa u0 com.interswitchng.interswitchpossdkdemo.telpo.v2.debug/com.interswitchng.smartpos.modules.main.MainActivity}
I/WindowManager(  759): Win Window{1d6ae551 u0 com.android.phasebeam.PhaseBeamWallpaper}: isVisibleOrBehindKeyguardLw=true
I/WindowManager(  759): force=false forcefkg=false top=Window{3d0e02fa u0 com.interswitchng.interswitchpossdkdemo.telpo.v2.debug/com.interswitchng.smartpos.modules.main.MainActivity}
D/WindowManager(  759): frame: Rect(0, 0 - 720, 1280) shown frame: RectF(0.0, 1407.9688, 720.0, 2687.9688)
D/WindowManager(  759): attr: WM.LayoutParams{(0,0)(fillxfill) sim=#120 ty=1 fl=#81810100 wanim=0x1030467 vsysui=0x600 surfaceInsets=Rect(0, 0 - 0, 0) needsMenuKey=2} lp.flags=0x81810100
V/WindowManager(  759): ** SHOWING status bar: top is not fullscreen
V/WindowManager(  759): finishPostLayoutPolicyLw: mHideKeyguard=false
D/PhoneStatusBar( 3211): disable: < expand icons alerts system_info back home* recent* clock search* >
W/InputMethodManagerService(  759): Window already focused, ignoring focus gain of: com.android.internal.view.IInputMethodClient$Stub$Proxy@261a4254 attribute=android.view.inputmethod.EditorInfo@1a5c05fd, token = android.os.BinderProxy@2645125
I/Timeline(19709): Timeline: Activity_idle id: android.os.BinderProxy@214f5308 time:9055357
I/Authzen (15647): [DeviceStateSyncManager] The server is in sync with current state. Nothing to do
I/DeviceCache(15647): Unable to convert the the network interface's MAC Address to string. MAC address cannot be null.
I/DeviceCache(15647): Unable to convert the the network interface's MAC Address to string. MAC address cannot be null.
I/DeviceCache(15647): Unable to convert the the network interface's MAC Address to string. MAC address cannot be null.
I/DeviceCache(15647): Unable to convert the the network interface's MAC Address to string. MAC address cannot be null.
I/DeviceCache(15647): Unable to convert the the network interface's MAC Address to string. MAC address cannot be null.
I/DeviceCache(15647): Unable to convert the the network interface's MAC Address to string. MAC address cannot be null.
I/DeviceCache(15647): Unable to convert the the network interface's MAC Address to string. MAC address cannot be null.
I/DeviceCache(15647): Unable to convert the the network interface's MAC Address to string. MAC address cannot be null.
I/DeviceCache(15647): Unable to convert the the network interface's MAC Address to string. MAC address cannot be null.
I/DeviceCache(15647): Unable to convert the the network interface's MAC Address to string. MAC address cannot be null.
I/DeviceCache(15647): Unable to convert the the network interface's MAC Address to string. MAC address cannot be null.
I/DeviceCache(15647): Unable to convert the the network interface's MAC Address to string. MAC address cannot be null.
I/DeviceCache(15647): Unable to convert the the network interface's MAC Address to string. MAC address cannot be null.
I/DeviceCache(15647): Unable to convert the the network interface's MAC Address to string. MAC address cannot be null.
I/DeviceCache(15647): Unable to convert the the network interface's MAC Address to string. MAC address cannot be null.
I/DeviceCache(15647): Unable to convert the the network interface's MAC Address to string. MAC address cannot be null.
I/DeviceCache(15647): Unable to convert the the network interface's MAC Address to string. MAC address cannot be null.
I/DeviceCache(15647): Unable to convert the the network interface's MAC Address to string. MAC address cannot be null.
I/DeviceCache(15647): Unable to convert the the network interface's MAC Address to string. MAC address cannot be null.
I/DeviceCache(15647): Unable to convert the the network interface's MAC Address to string. MAC address cannot be null.
E/AudioPolicyManager(  303): unknown stream type 13
E/AudioPolicyManager(  303): unknown stream type 13
E/AudioPolicyManager(  303): unknown stream type 13
E/AudioPolicyManager(  303): unknown stream type 13
E/AudioPolicyManager(  303): unknown stream type 13
E/AudioPolicyManager(  303): unknown stream type 13
E/AudioPolicyManager(  303): unknown stream type 13
E/AudioPolicyManager(  303): unknown stream type 13
E/AudioPolicyManager(  303): unknown stream type 13
E/AudioPolicyManager(  303): unknown stream type 13
E/AudioPolicyManager(  303): unknown stream type 13
E/AudioPolicyManager(  303): unknown stream type 13
E/AudioPolicyManager(  303): unknown stream type 13
E/AudioPolicyManager(  303): unknown stream type 13
E/AudioPolicyManager(  303): unknown stream type 13
E/AudioPolicyManager(  303): unknown stream type 13
E/AudioPolicyManager(  303): unknown stream type 13
V/WLAN_PSA(  315): NL MSG, len[4071], NL type[0x1C] WNI type[0x5900] len[53007]
V/WLAN_PSA(  315): NL MSG, PID: 315
I/WindowManager(  759): mDock rect: (0,0 - 720,1280)
V/WindowManager(  759): Status bar: dock=[0,50][720,1280] content=[0,50][720,1280] cur=[0,50][720,1280]
V/WindowManager(  759): layoutWindowLw(): normal window
V/WindowManager(  759): Compute frame : sim=#20 attach=null type=2015 flags=0x01000018 pf=[0,50][720,1280] df=[0,50][720,1280] of=[0,50][720,1280] cf=[0,50][720,1280] vf=[0,50][720,1280] dcf=[0,0][720,1280] sf=[0,50][720,1280]
V/WindowManager(  759): layoutWindowLw(com.interswitchng.interswitchpossdkdemo.telpo.v2.debug/com.interswitchng.smartpos.modules.main.MainActivity): IN_SCREEN, INSET_DECOR
V/WindowManager(  759): Compute frame com.interswitchng.interswitchpossdkdemo.telpo.v2.debug/com.interswitchng.smartpos.modules.main.MainActivity: sim=#120 attach=null type=1 flags=0x81810100 pf=[0,0][720,1280] df=[0,0][720,1280] of=[0,0][720,1280] cf=[0,50][720,1280] vf=[0,50][720,1280] dcf=[0,0][720,1280] sf=[0,50][720,1280]
V/WindowManager(  759): layoutWindowLw(com.android.phasebeam.PhaseBeamWallpaper): IN_SCREEN
V/WindowManager(  759): Compute frame com.android.phasebeam.PhaseBeamWallpaper: sim=#0 attach=null type=2013 flags=0x00000308 pf=[0,0][720,1280] df=[-10000,-10000][10000,10000] of=[0,0][720,1280] cf=[0,0][720,1280] vf=[0,50][720,1280] dcf=[0,0][720,1280] sf=[0,50][720,1280]
I/WindowManager(  759): Win Window{25b4575f u0 android}: isVisibleOrBehindKeyguardLw=true
I/WindowManager(  759): Win Window{38e045e0 u0 StatusBar}: isVisibleOrBehindKeyguardLw=true
I/WindowManager(  759): Win Window{3d0e02fa u0 com.interswitchng.interswitchpossdkdemo.telpo.v2.debug/com.interswitchng.smartpos.modules.main.MainActivity}: isVisibleOrBehindKeyguardLw=true
V/WindowManager(  759): Fullscreen window: Window{3d0e02fa u0 com.interswitchng.interswitchpossdkdemo.telpo.v2.debug/com.interswitchng.smartpos.modules.main.MainActivity}
I/WindowManager(  759): Win Window{1d6ae551 u0 com.android.phasebeam.PhaseBeamWallpaper}: isVisibleOrBehindKeyguardLw=true
I/WindowManager(  759): force=false forcefkg=false top=Window{3d0e02fa u0 com.interswitchng.interswitchpossdkdemo.telpo.v2.debug/com.interswitchng.smartpos.modules.main.MainActivity}
D/WindowManager(  759): frame: Rect(0, 0 - 720, 1280) shown frame: RectF(0.0, 1.3720703, 720.0, 1281.3721)
D/WindowManager(  759): attr: WM.LayoutParams{(0,0)(fillxfill) sim=#120 ty=1 fl=#81810100 wanim=0x1030467 vsysui=0x600 surfaceInsets=Rect(0, 0 - 0, 0) needsMenuKey=2} lp.flags=0x81810100
V/WindowManager(  759): ** SHOWING status bar: top is not fullscreen
V/WindowManager(  759): finishPostLayoutPolicyLw: mHideKeyguard=false
I/WindowManager(  759): mDock rect: (0,0 - 720,1280)
V/WindowManager(  759): Status bar: dock=[0,50][720,1280] content=[0,50][720,1280] cur=[0,50][720,1280]
V/WindowManager(  759): layoutWindowLw(): normal window
V/WindowManager(  759): Compute frame : sim=#20 attach=null type=2015 flags=0x01000018 pf=[0,50][720,1280] df=[0,50][720,1280] of=[0,50][720,1280] cf=[0,50][720,1280] vf=[0,50][720,1280] dcf=[0,0][720,1280] sf=[0,50][720,1280]
V/WindowManager(  759): layoutWindowLw(com.interswitchng.interswitchpossdkdemo.telpo.v2.debug/com.interswitchng.smartpos.modules.main.MainActivity): IN_SCREEN, INSET_DECOR
V/WindowManager(  759): Compute frame com.interswitchng.interswitchpossdkdemo.telpo.v2.debug/com.interswitchng.smartpos.modules.main.MainActivity: sim=#120 attach=null type=1 flags=0x81810100 pf=[0,0][720,1280] df=[0,0][720,1280] of=[0,0][720,1280] cf=[0,50][720,1280] vf=[0,50][720,1280] dcf=[0,0][720,1280] sf=[0,50][720,1280]
V/WindowManager(  759): layoutWindowLw(com.android.phasebeam.PhaseBeamWallpaper): IN_SCREEN
V/WindowManager(  759): Compute frame com.android.phasebeam.PhaseBeamWallpaper: sim=#0 attach=null type=2013 flags=0x00000308 pf=[0,0][720,1280] df=[-10000,-10000][10000,10000] of=[0,0][720,1280] cf=[0,0][720,1280] vf=[0,50][720,1280] dcf=[0,0][720,1280] sf=[0,50][720,1280]
I/WindowManager(  759): Win Window{25b4575f u0 android}: isVisibleOrBehindKeyguardLw=true
I/WindowManager(  759): Win Window{38e045e0 u0 StatusBar}: isVisibleOrBehindKeyguardLw=true
I/WindowManager(  759): Win Window{3d0e02fa u0 com.interswitchng.interswitchpossdkdemo.telpo.v2.debug/com.interswitchng.smartpos.modules.main.MainActivity}: isVisibleOrBehindKeyguardLw=true
V/WindowManager(  759): Fullscreen window: Window{3d0e02fa u0 com.interswitchng.interswitchpossdkdemo.telpo.v2.debug/com.interswitchng.smartpos.modules.main.MainActivity}
I/WindowManager(  759): Win Window{1d6ae551 u0 com.android.phasebeam.PhaseBeamWallpaper}: isVisibleOrBehindKeyguardLw=true
I/WindowManager(  759): force=false forcefkg=false top=Window{3d0e02fa u0 com.interswitchng.interswitchpossdkdemo.telpo.v2.debug/com.interswitchng.smartpos.modules.main.MainActivity}
D/WindowManager(  759): frame: Rect(0, 0 - 720, 1280) shown frame: RectF(0.0, 1.3720703, 720.0, 1281.3721)
D/WindowManager(  759): attr: WM.LayoutParams{(0,0)(fillxfill) sim=#120 ty=1 fl=#81810100 wanim=0x1030467 vsysui=0x600 surfaceInsets=Rect(0, 0 - 0, 0) needsMenuKey=2} lp.flags=0x81810100
V/WindowManager(  759): ** SHOWING status bar: top is not fullscreen
V/WindowManager(  759): finishPostLayoutPolicyLw: mHideKeyguard=false
I/WindowManager(  759): Win Window{25b4575f u0 android}: isVisibleOrBehindKeyguardLw=true
I/WindowManager(  759): Win Window{38e045e0 u0 StatusBar}: isVisibleOrBehindKeyguardLw=true
I/WindowManager(  759): Win Window{3d0e02fa u0 com.interswitchng.interswitchpossdkdemo.telpo.v2.debug/com.interswitchng.smartpos.modules.main.MainActivity}: isVisibleOrBehindKeyguardLw=true
V/WindowManager(  759): Fullscreen window: Window{3d0e02fa u0 com.interswitchng.interswitchpossdkdemo.telpo.v2.debug/com.interswitchng.smartpos.modules.main.MainActivity}
I/WindowManager(  759): Win Window{1d6ae551 u0 com.android.phasebeam.PhaseBeamWallpaper}: isVisibleOrBehindKeyguardLw=true
I/WindowManager(  759): force=false forcefkg=false top=Window{3d0e02fa u0 com.interswitchng.interswitchpossdkdemo.telpo.v2.debug/com.interswitchng.smartpos.modules.main.MainActivity}
D/WindowManager(  759): frame: Rect(0, 0 - 720, 1280) shown frame: RectF(0.0, 0.0, 720.0, 1280.0)
D/WindowManager(  759): attr: WM.LayoutParams{(0,0)(fillxfill) sim=#120 ty=1 fl=#81810100 wanim=0x1030467 vsysui=0x600 surfaceInsets=Rect(0, 0 - 0, 0) needsMenuKey=2} lp.flags=0x81810100
V/WindowManager(  759): ** SHOWING status bar: top is not fullscreen
V/WindowManager(  759): finishPostLayoutPolicyLw: mHideKeyguard=false
D/telpo_native(  759): usb_printer_write data start!
D/telpo_native(  759): usb_printer_write start!
E/telpo_native(  759): ret = 25
D/telpo_native(  759): handle_emv_serial_read_write_cmd: usb write length = 25
E/telpo_native(  759): serial_read:start read
E/telpo_native(  759): serial_read:serial_read read_size = 0
D/telpo_native(  759): handle_emv_serial_read_write_cmd: usb_printer_read length = 20
I/telpo_native(  759): 0b
I/telpo_native(  759): b0
I/telpo_native(  759): 96
I/telpo_native(  759): 69
I/telpo_native(  759): 04
I/telpo_native(  759): 00
I/telpo_native(  759): 00
I/telpo_native(  759): 00
I/telpo_native(  759): 45
I/telpo_native(  759): 00
I/telpo_native(  759): 04
I/telpo_native(  759): 01
I/telpo_native(  759): 00
I/telpo_native(  759): 00
I/telpo_native(  759): 00
I/telpo_native(  759): 00
I/telpo_native(  759): 00
I/telpo_native(  759): 00
I/telpo_native(  759): 00
I/telpo_native(  759): 00
I/telpo_native(  759): 
D/telpo_native(  759): handle_emv_serial_read_write_cmd: parse successfully!
I/telpo_native(  759): handle_emv_serial_read_write_cmd: receive data length is 20
I/telpo_native(  759): 0b
I/telpo_native(  759): b0
I/telpo_native(  759): 96
I/telpo_native(  759): 69
I/telpo_native(  759): 04
I/telpo_native(  759): 00
I/telpo_native(  759): 00
I/telpo_native(  759): 00
I/telpo_native(  759): 45
I/telpo_native(  759): 00
I/telpo_native(  759): 04
I/telpo_native(  759): 01
I/telpo_native(  759): 00
I/telpo_native(  759): 00
I/telpo_native(  759): 00
I/telpo_native(  759): 00
I/telpo_native(  759): 00
I/telpo_native(  759): 00
I/telpo_native(  759): 00
I/telpo_native(  759): 00
I/telpo_native(  759): 
D/telpo_native(19709): CallIntMethod return ret = 0 length = 20
D/BatteryMeterView( 3211): not on charging...
D/BatteryMeterView( 3211): not on charging...
D/BatteryMeterView( 3211): not on charging...
D/BatteryMeterView( 3211): onDraw level = 6
D/BatteryMeterView( 3211): onDraw level = 6
I/SurfaceFlinger(  260): FPS: 46
E/AudioPolicyManager(  303): unknown stream type 13
E/AudioPolicyManager(  303): unknown stream type 13
E/AudioPolicyManager(  303): unknown stream type 13
E/AudioPolicyManager(  303): unknown stream type 13
E/AudioPolicyManager(  303): unknown stream type 13
E/AudioPolicyManager(  303): unknown stream type 13
E/AudioPolicyManager(  303): unknown stream type 13
E/AudioPolicyManager(  303): unknown stream type 13
E/AudioPolicyManager(  303): unknown stream type 13
I/WindowManager(  759): mDock rect: (0,0 - 720,1280)
V/WindowManager(  759): Status bar: dock=[0,50][720,1280] content=[0,50][720,1280] cur=[0,50][720,1280]
V/WindowManager(  759): layoutWindowLw(): normal window
V/WindowManager(  759): Compute frame : sim=#20 attach=null type=2015 flags=0x01000018 pf=[0,50][720,1280] df=[0,50][720,1280] of=[0,50][720,1280] cf=[0,50][720,1280] vf=[0,50][720,1280] dcf=[0,0][720,1280] sf=[0,50][720,1280]
V/WindowManager(  759): layoutWindowLw(com.interswitchng.interswitchpossdkdemo.telpo.v2.debug/com.interswitchng.smartpos.modules.main.MainActivity): IN_SCREEN, INSET_DECOR
V/WindowManager(  759): Compute frame com.interswitchng.interswitchpossdkdemo.telpo.v2.debug/com.interswitchng.smartpos.modules.main.MainActivity: sim=#120 attach=null type=1 flags=0x81810100 pf=[0,0][720,1280] df=[0,0][720,1280] of=[0,0][720,1280] cf=[0,50][720,1280] vf=[0,50][720,1280] dcf=[0,0][720,1280] sf=[0,50][720,1280]
I/WindowManager(  759): Win Window{25b4575f u0 android}: isVisibleOrBehindKeyguardLw=true
I/WindowManager(  759): Win Window{38e045e0 u0 StatusBar}: isVisibleOrBehindKeyguardLw=true
I/WindowManager(  759): Win Window{3d0e02fa u0 com.interswitchng.interswitchpossdkdemo.telpo.v2.debug/com.interswitchng.smartpos.modules.main.MainActivity}: isVisibleOrBehindKeyguardLw=true
V/WindowManager(  759): Fullscreen window: Window{3d0e02fa u0 com.interswitchng.interswitchpossdkdemo.telpo.v2.debug/com.interswitchng.smartpos.modules.main.MainActivity}
I/WindowManager(  759): Win Window{1d6ae551 u0 com.android.phasebeam.PhaseBeamWallpaper}: isVisibleOrBehindKeyguardLw=false
I/WindowManager(  759): force=false forcefkg=false top=Window{3d0e02fa u0 com.interswitchng.interswitchpossdkdemo.telpo.v2.debug/com.interswitchng.smartpos.modules.main.MainActivity}
D/WindowManager(  759): frame: Rect(0, 0 - 720, 1280) shown frame: RectF(0.0, 0.0, 720.0, 1280.0)
D/WindowManager(  759): attr: WM.LayoutParams{(0,0)(fillxfill) sim=#120 ty=1 fl=#81810100 wanim=0x1030467 vsysui=0x600 surfaceInsets=Rect(0, 0 - 0, 0) needsMenuKey=2} lp.flags=0x81810100
V/WindowManager(  759): ** SHOWING status bar: top is not fullscreen
V/WindowManager(  759): finishPostLayoutPolicyLw: mHideKeyguard=false
I/WindowManager(  759): mDock rect: (0,0 - 720,1280)
V/WindowManager(  759): Status bar: dock=[0,50][720,1280] content=[0,50][720,1280] cur=[0,50][720,1280]
V/WindowManager(  759): layoutWindowLw(): normal window
V/WindowManager(  759): Compute frame : sim=#20 attach=null type=2015 flags=0x01000018 pf=[0,50][720,1280] df=[0,50][720,1280] of=[0,50][720,1280] cf=[0,50][720,1280] vf=[0,50][720,1280] dcf=[0,0][720,1280] sf=[0,50][720,1280]
V/WindowManager(  759): layoutWindowLw(com.interswitchng.interswitchpossdkdemo.telpo.v2.debug/com.interswitchng.smartpos.modules.main.MainActivity): IN_SCREEN, INSET_DECOR
V/WindowManager(  759): Compute frame com.interswitchng.interswitchpossdkdemo.telpo.v2.debug/com.interswitchng.smartpos.modules.main.MainActivity: sim=#120 attach=null type=1 flags=0x81810100 pf=[0,0][720,1280] df=[0,0][720,1280] of=[0,0][720,1280] cf=[0,50][720,1280] vf=[0,50][720,1280] dcf=[0,0][720,1280] sf=[0,50][720,1280]
I/WindowManager(  759): Win Window{25b4575f u0 android}: isVisibleOrBehindKeyguardLw=true
I/WindowManager(  759): Win Window{38e045e0 u0 StatusBar}: isVisibleOrBehindKeyguardLw=true
I/WindowManager(  759): Win Window{3d0e02fa u0 com.interswitchng.interswitchpossdkdemo.telpo.v2.debug/com.interswitchng.smartpos.modules.main.MainActivity}: isVisibleOrBehindKeyguardLw=true
V/WindowManager(  759): Fullscreen window: Window{3d0e02fa u0 com.interswitchng.interswitchpossdkdemo.telpo.v2.debug/com.interswitchng.smartpos.modules.main.MainActivity}
I/WindowManager(  759): Win Window{1d6ae551 u0 com.android.phasebeam.PhaseBeamWallpaper}: isVisibleOrBehindKeyguardLw=false
I/WindowManager(  759): force=false forcefkg=false top=Window{3d0e02fa u0 com.interswitchng.interswitchpossdkdemo.telpo.v2.debug/com.interswitchng.smartpos.modules.main.MainActivity}
D/WindowManager(  759): frame: Rect(0, 0 - 720, 1280) shown frame: RectF(0.0, 0.0, 720.0, 1280.0)
D/WindowManager(  759): attr: WM.LayoutParams{(0,0)(fillxfill) sim=#120 ty=1 fl=#81810100 wanim=0x1030467 vsysui=0x600 surfaceInsets=Rect(0, 0 - 0, 0) needsMenuKey=2} lp.flags=0x81810100
V/WindowManager(  759): ** SHOWING status bar: top is not fullscreen
V/WindowManager(  759): finishPostLayoutPolicyLw: mHideKeyguard=false
E/AudioPolicyManager(  303): unknown stream type 13
E/AudioPolicyManager(  303): unknown stream type 13
E/AudioPolicyManager(  303): unknown stream type 13
E/AudioPolicyManager(  303): unknown stream type 13
E/AudioPolicyManager(  303): unknown stream type 13
E/AudioPolicyManager(  303): unknown stream type 13
E/AudioPolicyManager(  303): unknown stream type 13
E/AudioPolicyManager(  303): unknown stream type 13
E/AudioPolicyManager(  303): unknown stream type 13
E/AudioPolicyManager(  303): unknown stream type 13
E/AudioPolicyManager(  303): unknown stream type 13
E/AudioPolicyManager(  303): unknown stream type 13
E/AudioPolicyManager(  303): unknown stream type 13
E/AudioPolicyManager(  303): unknown stream type 13
E/AudioPolicyManager(  303): unknown stream type 13
E/AudioPolicyManager(  303): unknown stream type 13
E/AudioPolicyManager(  303): unknown stream type 13
D/wpa_supplicant( 3788): wlan0: Control interface command 'SIGNAL_POLL'
D/BatteryMeterView( 3211): not on charging...
D/BatteryMeterView( 3211): not on charging...
D/BatteryMeterView( 3211): not on charging...
D/BatteryMeterView( 3211): onDraw level = 6
D/BatteryMeterView( 3211): onDraw level = 6
D/BatteryMeterView( 3211): not on charging...
D/BatteryMeterView( 3211): not on charging...
D/BatteryMeterView( 3211): not on charging...
D/BatteryMeterView( 3211): onDraw level = 6
D/BatteryMeterView( 3211): onDraw level = 6
I/SurfaceFlinger(  260): FPS: 14
D/BatteryMeterView( 3211): not on charging...
D/BatteryMeterView( 3211): not on charging...
D/BatteryMeterView( 3211): not on charging...
D/BatteryMeterView( 3211): onDraw level = 6
D/BatteryMeterView( 3211): onDraw level = 6
I/SurfaceFlinger(  260): FPS: 3
D/audio_hw_primary(  303): out_standby: enter: stream (0xb72755a8) usecase(1: low-latency-playback)
D/soundtrigger(  303): audio_extn_sound_trigger_update_stream_status: uc_id 1 of type 0 for Event 2, with Raise=0
D/hardware_info(  303): hw_info_append_hw_type : device_name = speaker
I/soundtrigger(  303): audio_extn_sound_trigger_update_device_status: device 0x2 of type 0 for Event 0, with Raise=0
D/wpa_supplicant( 3788): wlan0: Control interface command 'SIGNAL_POLL'
V/WLAN_PSA(  315): NL MSG, len[4019], NL type[0x1C] WNI type[0x5900] len[39695]
V/WLAN_PSA(  315): NL MSG, PID: 315
D/BatteryMeterView( 3211): not on charging...
D/BatteryMeterView( 3211): not on charging...
D/BatteryMeterView( 3211): not on charging...
D/BatteryMeterView( 3211): onDraw level = 6
D/BatteryMeterView( 3211): onDraw level = 6
I/SurfaceFlinger(  260): FPS: 3
D/BatteryMeterView( 3211): not on charging...
D/BatteryMeterView( 3211): not on charging...
D/BatteryMeterView( 3211): not on charging...
D/BatteryMeterView( 3211): onDraw level = 6
I/SurfaceFlinger(  260): FPS: 3
D/BatteryMeterView( 3211): onDraw level = 6
D/BatteryMeterView( 3211): not on charging...
D/BatteryMeterView( 3211): not on charging...
D/BatteryMeterView( 3211): onDraw level = 6
D/BatteryMeterView( 3211): not on charging...
D/BatteryMeterView( 3211): onDraw level = 6
I/SurfaceFlinger(  260): FPS: 3
D/wpa_supplicant( 3788): wlan0: Control interface command 'SIGNAL_POLL'
D/BatteryMeterView( 3211): not on charging...
D/BatteryMeterView( 3211): not on charging...
D/BatteryMeterView( 3211): not on charging...
D/BatteryMeterView( 3211): onDraw level = 6
V/WLAN_PSA(  315): NL MSG, len[3997], NL type[0x1C] WNI type[0x5900] len[34063]
V/WLAN_PSA(  315): NL MSG, PID: 315
D/BatteryMeterView( 3211): onDraw level = 6
I/SurfaceFlinger(  260): FPS: 3
D/BatteryMeterView( 3211): not on charging...
D/BatteryMeterView( 3211): not on charging...
D/BatteryMeterView( 3211): not on charging...
D/BatteryMeterView( 3211): onDraw level = 6
D/StatusBar.MSimNetworkController( 3211): refreshViews phoneId =0mMSimDataConnected =false
D/StatusBar.MSimNetworkController( 3211): refreshViews mMSimDataActivity =0
D/StatusBar.MSimNetworkController( 3211): refreshViews: Data not connected!! Set no data type icon / Roaming for phoneId: 0
D/StatusBar.MSimNetworkController( 3211): refreshViews connected={ wifi } level=3 mMSimcombinedSignalIconId=0x7f020352/com.android.systemui:drawable/stat_sys_wifi_signal_4_fully mMSimcombinedActivityIconId=0x0 mAirplaneMode=false mMSimDataActivity=0 mMSimPhoneSignalIconId=0x7f020339/com.android.systemui:drawable/stat_sys_signal_null mMSimDataDirectionIconId=0x0 mMSimDataSignalIconId=0x7f020339 mMSimDataTypeIconId=0x0/(null) mNoMSimIconId=0x7f02009a/com.android.systemui:drawable/ic_qs_no_sim mMSimMobileActivityIconId=0x0/(null) mWifiIconId=0x7f020352 mBluetoothTetherIconId=0x10806a2
D/MSimSignalClusterView( 3211): wifi: VISIBLE sig=2130838354 act=0
D/MSimSignalClusterView( 3211): mobile[0]: VISIBLE sig=2130838329 type=0
D/MSimSignalClusterView( 3211): wifi: VISIBLE sig=2130838354 act=0
D/MSimSignalClusterView( 3211): mobile[1]: VISIBLE sig=2130838329 type=0
D/MSimSignalClusterView( 3211): wifi: VISIBLE sig=2130838354 act=0
D/MSimSignalClusterView( 3211): mobile[0]: VISIBLE sig=2130838329 type=0
D/MSimSignalClusterView( 3211): wifi: VISIBLE sig=2130838354 act=0
D/MSimSignalClusterView( 3211): mobile[0]: VISIBLE sig=2130838329 type=0
D/MSimSignalClusterView( 3211): wifi: VISIBLE sig=2130838354 act=0
D/MSimSignalClusterView( 3211): mobile[0]: VISIBLE sig=2130838329 type=0
D/MSimSignalClusterView( 3211): wifi: VISIBLE sig=2130838354 act=0
D/MSimSignalClusterView( 3211): mobile[1]: VISIBLE sig=2130838329 type=0
D/StatusBar.MSimNetworkController( 3211): refreshSignalCluster, mMSimPhoneSignalIconId[0]=com.android.systemui:drawable/stat_sys_signal_null mMSimDataSignalIconId[0]=com.android.systemui:drawable/stat_sys_signal_null mMSimDataTypeIconId[0]=(null) mMSimMobileActivityIconId[0]=(null) mNoMSimIconId[0]=com.android.systemui:drawable/ic_qs_no_sim
D/MSimSignalClusterView( 3211): wifi: VISIBLE sig=2130838354 act=0
D/MSimSignalClusterView( 3211): mobile[0]: VISIBLE sig=2130838329 type=0
D/MSimSignalClusterView( 3211): wifi: VISIBLE sig=2130838354 act=0
D/MSimSignalClusterView( 3211): mobile[1]: VISIBLE sig=2130838329 type=0
D/MSimSignalClusterView( 3211): wifi: VISIBLE sig=2130838354 act=0
D/MSimSignalClusterView( 3211): mobile[0]: VISIBLE sig=2130838329 type=0
D/MSimSignalClusterView( 3211): wifi: VISIBLE sig=2130838354 act=0
D/MSimSignalClusterView( 3211): mobile[0]: VISIBLE sig=2130838329 type=0
D/MSimSignalClusterView( 3211): wifi: VISIBLE sig=2130838354 act=0
