D/NetworkMonitor/NetworkAgentInfo [WIFI () - 100](  775): EvaluatingState{ when=0 what=532486 arg1=39 target=com.android.internal.util.StateMachine$SmHandler }
D/NetworkMonitor/NetworkAgentInfo [WIFI () - 100](  775): Validated
D/VM_BMS  (  461): wake_lock acquired
D/VM_BMS  (  461): New BMS data - Size=56
D/VM_BMS  (  461): Start process_bms_data
D/VM_BMS  (  461): Battery charge_cycle=0 fcc_adjust=0 rbatt_adjust=0 cycle_changed=false
D/VM_BMS  (  461): For batt_temp=255 fcc_mah=2200
D/VM_BMS  (  461): Lookup fcc_mah=2200.000000  adjusted fcc_mah=2200.000000
D/VM_BMS  (  461): For ocv=4288470 batt_temp=255 soc=100
D/VM_BMS  (  461): fifo_count=5 acc_count=0
D/VM_BMS  (  461): INIT: ocv=4288470 last_ocv=4288470 batt_temp=255 soc=100
D/VM_BMS  (  461): For soc=100 batt_temp=255 slope=2000
D/VM_BMS  (  461): For soc=100 batt_temp=255 rbatt_sf=100
D/VM_BMS  (  461): rbatt_mohm_default=72, rbatt_mohm=72, sf=100 batt_temp=255
D/VM_BMS  (  461): Lookup rbatt=72.000000  adjusted rbatt=72.000000
D/VM_BMS  (  461): For ocv=4287569 batt_temp=255 soc=100
D/VM_BMS  (  461): FIFO=0 fifo_avg=3.802674 rbatt=0.122000 slope=0.200000 ibatt=3.978243 ocv=4.287570 soc=100 fcc_ah=2.200000 sample_count=128 sample_interval=70 seq_num=354
D/VM_BMS  (  461): For soc=100 batt_temp=255 slope=2000
D/VM_BMS  (  461): For soc=100 batt_temp=255 rbatt_sf=100
D/VM_BMS  (  461): rbatt_mohm_default=72, rbatt_mohm=72, sf=100 batt_temp=255
D/VM_BMS  (  461): Lookup rbatt=72.000000  adjusted rbatt=72.000000
D/VM_BMS  (  461): For ocv=4286671 batt_temp=255 soc=100
D/VM_BMS  (  461): FIFO=1 fifo_avg=3.803265 rbatt=0.122000 slope=0.200000 ibatt=3.966027 ocv=4.286672 soc=100 fcc_ah=2.200000 sample_count=128 sample_interval=70 seq_num=354
D/VM_BMS  (  461): For soc=100 batt_temp=255 slope=2000
D/VM_BMS  (  461): For soc=100 batt_temp=255 rbatt_sf=100
D/VM_BMS  (  461): rbatt_mohm_default=72, rbatt_mohm=72, sf=100 batt_temp=255
D/VM_BMS  (  461): Lookup rbatt=72.000000  adjusted rbatt=72.000000
D/VM_BMS  (  461): For ocv=4285775 batt_temp=255 soc=100
D/VM_BMS  (  461): FIFO=2 fifo_avg=3.803227 rbatt=0.122000 slope=0.200000 ibatt=3.958986 ocv=4.285775 soc=100 fcc_ah=2.200000 sample_count=128 sample_interval=70 seq_num=354
D/VM_BMS  (  461): For soc=100 batt_temp=255 slope=2000
D/VM_BMS  (  461): For soc=100 batt_temp=255 rbatt_sf=100
D/VM_BMS  (  461): rbatt_mohm_default=72, rbatt_mohm=72, sf=100 batt_temp=255
D/VM_BMS  (  461): Lookup rbatt=72.000000  adjusted rbatt=72.000000
D/VM_BMS  (  461): For ocv=4284880 batt_temp=255 soc=100
D/VM_BMS  (  461): FIFO=3 fifo_avg=3.802949 rbatt=0.122000 slope=0.200000 ibatt=3.953926 ocv=4.284881 soc=100 fcc_ah=2.200000 sample_count=128 sample_interval=70 seq_num=354
D/VM_BMS  (  461): For soc=100 batt_temp=255 slope=2000
D/VM_BMS  (  461): For soc=100 batt_temp=255 rbatt_sf=100
D/VM_BMS  (  461): rbatt_mohm_default=72, rbatt_mohm=72, sf=100 batt_temp=255
D/VM_BMS  (  461): Lookup rbatt=72.000000  adjusted rbatt=72.000000
D/VM_BMS  (  461): For ocv=4283987 batt_temp=255 soc=100
D/VM_BMS  (  461): FIFO=4 fifo_avg=3.802968 rbatt=0.122000 slope=0.200000 ibatt=3.946440 ocv=4.283987 soc=100 fcc_ah=2.200000 sample_count=128 sample_interval=70 seq_num=354
I/VM_BMS  (  461): power_supply_update: ocv_uv=4283987 ibatt=3946440 soc=100 seq_num=354
D/VM_BMS  (  461): End process_bms_data
D/VM_BMS  (  461): wake_lock released
V/WLAN_PSA(  314): NL MSG, len[4047], NL type[0x1C] WNI type[0x5900] len[46863]
V/WLAN_PSA(  314): NL MSG, PID: 314
V/WLAN_PSA(  314): NL MSG, len[4006], NL type[0x1C] WNI type[0x5900] len[36367]
V/WLAN_PSA(  314): NL MSG, PID: 314
I/PlayCommon( 3822): [109] com.google.android.play.a.g.e(220): Preparing logs for uploading
I/PlayCommon( 3822): [109] com.google.android.play.a.g.e(224): No file ready to send
V/WLAN_PSA(  314): NL MSG, len[4047], NL type[0x1C] WNI type[0x5900] len[46863]
V/WLAN_PSA(  314): NL MSG, PID: 314
D/VM_BMS  (  461): wake_lock acquired
D/VM_BMS  (  461): New BMS data - Size=56
D/VM_BMS  (  461): Start process_bms_data
D/VM_BMS  (  461): Battery charge_cycle=0 fcc_adjust=0 rbatt_adjust=0 cycle_changed=false
D/VM_BMS  (  461): For batt_temp=255 fcc_mah=2200
D/VM_BMS  (  461): Lookup fcc_mah=2200.000000  adjusted fcc_mah=2200.000000
D/VM_BMS  (  461): For ocv=4283987 batt_temp=255 soc=100
D/VM_BMS  (  461): fifo_count=5 acc_count=0
D/VM_BMS  (  461): INIT: ocv=4283987 last_ocv=4283987 batt_temp=255 soc=100
D/VM_BMS  (  461): For soc=100 batt_temp=255 slope=2000
D/VM_BMS  (  461): For soc=100 batt_temp=255 rbatt_sf=100
D/VM_BMS  (  461): rbatt_mohm_default=72, rbatt_mohm=72, sf=100 batt_temp=255
D/VM_BMS  (  461): Lookup rbatt=72.000000  adjusted rbatt=72.000000
D/VM_BMS  (  461): For ocv=4283093 batt_temp=255 soc=100
D/VM_BMS  (  461): FIFO=0 fifo_avg=3.801565 rbatt=0.122000 slope=0.200000 ibatt=3.950616 ocv=4.283093 soc=100 fcc_ah=2.200000 sample_count=128 sample_interval=70 seq_num=355
D/VM_BMS  (  461): For soc=100 batt_temp=255 slope=2000
D/VM_BMS  (  461): For soc=100 batt_temp=255 rbatt_sf=100
D/VM_BMS  (  461): rbatt_mohm_default=72, rbatt_mohm=72, sf=100 batt_temp=255
D/VM_BMS  (  461): Lookup rbatt=72.000000  adjusted rbatt=72.000000
D/VM_BMS  (  461): For ocv=4282201 batt_temp=255 soc=100
D/VM_BMS  (  461): FIFO=1 fifo_avg=3.801878 rbatt=0.122000 slope=0.200000 ibatt=3.940731 ocv=4.282201 soc=100 fcc_ah=2.200000 sample_count=128 sample_interval=70 seq_num=355
D/VM_BMS  (  461): For soc=100 batt_temp=255 slope=2000
D/VM_BMS  (  461): For soc=100 batt_temp=255 rbatt_sf=100
D/VM_BMS  (  461): rbatt_mohm_default=72, rbatt_mohm=72, sf=100 batt_temp=255
D/VM_BMS  (  461): Lookup rbatt=72.000000  adjusted rbatt=72.000000
D/VM_BMS  (  461): For ocv=4281311 batt_temp=255 soc=100
D/VM_BMS  (  461): FIFO=2 fifo_avg=3.802183 rbatt=0.122000 slope=0.200000 ibatt=3.930928 ocv=4.281312 soc=100 fcc_ah=2.200000 sample_count=128 sample_interval=70 seq_num=355
D/VM_BMS  (  461): For soc=100 batt_temp=255 slope=2000
D/VM_BMS  (  461): For soc=100 batt_temp=255 rbatt_sf=100
D/VM_BMS  (  461): rbatt_mohm_default=72, rbatt_mohm=72, sf=100 batt_temp=255
D/VM_BMS  (  461): Lookup rbatt=72.000000  adjusted rbatt=72.000000
D/VM_BMS  (  461): For ocv=4280423 batt_temp=255 soc=100
D/VM_BMS  (  461): FIFO=3 fifo_avg=3.802183 rbatt=0.122000 slope=0.200000 ibatt=3.923641 ocv=4.280423 soc=100 fcc_ah=2.200000 sample_count=128 sample_interval=70 seq_num=355
D/VM_BMS  (  461): For soc=100 batt_temp=255 slope=2000
D/VM_BMS  (  461): For soc=100 batt_temp=255 rbatt_sf=100
D/VM_BMS  (  461): rbatt_mohm_default=72, rbatt_mohm=72, sf=100 batt_temp=255
D/VM_BMS  (  461): Lookup rbatt=72.000000  adjusted rbatt=72.000000
D/VM_BMS  (  461): For ocv=4279536 batt_temp=255 soc=100
D/VM_BMS  (  461): FIFO=4 fifo_avg=3.801889 rbatt=0.122000 slope=0.200000 ibatt=3.918778 ocv=4.279537 soc=100 fcc_ah=2.200000 sample_count=128 sample_interval=70 seq_num=355
I/VM_BMS  (  461): power_supply_update: ocv_uv=4279536 ibatt=3918777 soc=100 seq_num=355
D/VM_BMS  (  461): End process_bms_data
D/VM_BMS  (  461): wake_lock released
V/WLAN_PSA(  314): NL MSG, len[4006], NL type[0x1C] WNI type[0x5900] len[36367]
V/WLAN_PSA(  314): NL MSG, PID: 314
V/WLAN_PSA(  314): NL MSG, len[4006], NL type[0x1C] WNI type[0x5900] len[36367]
V/WLAN_PSA(  314): NL MSG, PID: 314
D/VM_BMS  (  461): wake_lock acquired
D/VM_BMS  (  461): New BMS data - Size=56
D/VM_BMS  (  461): Start process_bms_data
D/VM_BMS  (  461): Battery charge_cycle=0 fcc_adjust=0 rbatt_adjust=0 cycle_changed=false
D/VM_BMS  (  461): For batt_temp=255 fcc_mah=2200
D/VM_BMS  (  461): Lookup fcc_mah=2200.000000  adjusted fcc_mah=2200.000000
D/VM_BMS  (  461): For ocv=4279536 batt_temp=255 soc=100
D/VM_BMS  (  461): fifo_count=5 acc_count=0
D/VM_BMS  (  461): INIT: ocv=4279536 last_ocv=4279536 batt_temp=255 soc=100
D/VM_BMS  (  461): For soc=100 batt_temp=255 slope=2000
D/VM_BMS  (  461): For soc=100 batt_temp=255 rbatt_sf=100
D/VM_BMS  (  461): rbatt_mohm_default=72, rbatt_mohm=72, sf=100 batt_temp=255
D/VM_BMS  (  461): Lookup rbatt=72.000000  adjusted rbatt=72.000000
D/VM_BMS  (  461): For ocv=4278651 batt_temp=255 soc=100
D/VM_BMS  (  461): FIFO=0 fifo_avg=3.802409 rbatt=0.122000 slope=0.200000 ibatt=3.907253 ocv=4.278652 soc=100 fcc_ah=2.200000 sample_count=128 sample_interval=70 seq_num=356
D/VM_BMS  (  461): For soc=100 batt_temp=255 slope=2000
D/VM_BMS  (  461): For soc=100 batt_temp=255 rbatt_sf=100
D/VM_BMS  (  461): rbatt_mohm_default=72, rbatt_mohm=72, sf=100 batt_temp=255
D/VM_BMS  (  461): Lookup rbatt=72.000000  adjusted rbatt=72.000000
D/VM_BMS  (  461): For ocv=4277768 batt_temp=255 soc=100
D/VM_BMS  (  461): FIFO=1 fifo_avg=3.802137 rbatt=0.122000 slope=0.200000 ibatt=3.902237 ocv=4.277768 soc=100 fcc_ah=2.200000 sample_count=128 sample_interval=70 seq_num=356
D/VM_BMS  (  461): For soc=100 batt_temp=255 slope=2000
D/VM_BMS  (  461): For soc=100 batt_temp=255 rbatt_sf=100
D/VM_BMS  (  461): rbatt_mohm_default=72, rbatt_mohm=72, sf=100 batt_temp=255
D/VM_BMS  (  461): Lookup rbatt=72.000000  adjusted rbatt=72.000000
D/VM_BMS  (  461): For ocv=4276886 batt_temp=255 soc=100
D/VM_BMS  (  461): FIFO=2 fifo_avg=3.801828 rbatt=0.122000 slope=0.200000 ibatt=3.897535 ocv=4.276886 soc=100 fcc_ah=2.200000 sample_count=128 sample_interval=70 seq_num=356
D/VM_BMS  (  461): For soc=100 batt_temp=255 slope=2000
D/VM_BMS  (  461): For soc=100 batt_temp=255 rbatt_sf=100
D/VM_BMS  (  461): rbatt_mohm_default=72, rbatt_mohm=72, sf=100 batt_temp=255
D/VM_BMS  (  461): Lookup rbatt=72.000000  adjusted rbatt=72.000000
D/VM_BMS  (  461): For ocv=4276005 batt_temp=255 soc=100
D/VM_BMS  (  461): FIFO=3 fifo_avg=3.801840 rbatt=0.122000 slope=0.200000 ibatt=3.890212 ocv=4.276006 soc=100 fcc_ah=2.200000 sample_count=128 sample_interval=70 seq_num=356
D/VM_BMS  (  461): For soc=100 batt_temp=255 slope=2000
D/VM_BMS  (  461): For soc=100 batt_temp=255 rbatt_sf=100
D/VM_BMS  (  461): rbatt_mohm_default=72, rbatt_mohm=72, sf=100 batt_temp=255
D/VM_BMS  (  461): Lookup rbatt=72.000000  adjusted rbatt=72.000000
D/VM_BMS  (  461): For ocv=4275127 batt_temp=255 soc=100
D/VM_BMS  (  461): FIFO=4 fifo_avg=3.802416 rbatt=0.122000 slope=0.200000 ibatt=3.878278 ocv=4.275127 soc=100 fcc_ah=2.200000 sample_count=128 sample_interval=70 seq_num=356
I/VM_BMS  (  461): power_supply_update: ocv_uv=4275127 ibatt=3878278 soc=100 seq_num=356
D/VM_BMS  (  461): End process_bms_data
D/VM_BMS  (  461): wake_lock released
V/WLAN_PSA(  314): NL MSG, len[4006], NL type[0x1C] WNI type[0x5900] len[36367]
V/WLAN_PSA(  314): NL MSG, PID: 314
V/WLAN_PSA(  314): NL MSG, len[4006], NL type[0x1C] WNI type[0x5900] len[36367]
V/WLAN_PSA(  314): NL MSG, PID: 314
D/VM_BMS  (  461): wake_lock acquired
D/VM_BMS  (  461): New BMS data - Size=56
D/VM_BMS  (  461): Start process_bms_data
D/VM_BMS  (  461): Battery charge_cycle=0 fcc_adjust=0 rbatt_adjust=0 cycle_changed=false
D/VM_BMS  (  461): For batt_temp=255 fcc_mah=2200
D/VM_BMS  (  461): Lookup fcc_mah=2200.000000  adjusted fcc_mah=2200.000000
D/VM_BMS  (  461): For ocv=4275127 batt_temp=255 soc=100
D/VM_BMS  (  461): fifo_count=5 acc_count=0
D/VM_BMS  (  461): INIT: ocv=4275127 last_ocv=4275127 batt_temp=255 soc=100
D/VM_BMS  (  461): For soc=100 batt_temp=255 slope=2000
D/VM_BMS  (  461): For soc=100 batt_temp=255 rbatt_sf=100
D/VM_BMS  (  461): rbatt_mohm_default=72, rbatt_mohm=72, sf=100 batt_temp=255
D/VM_BMS  (  461): Lookup rbatt=72.000000  adjusted rbatt=72.000000
D/VM_BMS  (  461): For ocv=4274250 batt_temp=255 soc=100
D/VM_BMS  (  461): FIFO=0 fifo_avg=3.801889 rbatt=0.122000 slope=0.200000 ibatt=3.875406 ocv=4.274250 soc=100 fcc_ah=2.200000 sample_count=128 sample_interval=70 seq_num=357
D/VM_BMS  (  461): For soc=100 batt_temp=255 slope=2000
D/VM_BMS  (  461): For soc=100 batt_temp=255 rbatt_sf=100
D/VM_BMS  (  461): rbatt_mohm_default=72, rbatt_mohm=72, sf=100 batt_temp=255
D/VM_BMS  (  461): Lookup rbatt=72.000000  adjusted rbatt=72.000000
D/VM_BMS  (  461): For ocv=4273374 batt_temp=255 soc=100
D/VM_BMS  (  461): FIFO=1 fifo_avg=3.801878 rbatt=0.122000 slope=0.200000 ibatt=3.868315 ocv=4.273375 soc=100 fcc_ah=2.200000 sample_count=128 sample_interval=70 seq_num=357
D/VM_BMS  (  461): For soc=100 batt_temp=255 slope=2000
D/VM_BMS  (  461): For soc=100 batt_temp=255 rbatt_sf=100
D/VM_BMS  (  461): rbatt_mohm_default=72, rbatt_mohm=72, sf=100 batt_temp=255
D/VM_BMS  (  461): Lookup rbatt=72.000000  adjusted rbatt=72.000000
D/VM_BMS  (  461): For ocv=4272500 batt_temp=255 soc=100
D/VM_BMS  (  461): FIFO=2 fifo_avg=3.801889 rbatt=0.122000 slope=0.200000 ibatt=3.861052 ocv=4.272501 soc=100 fcc_ah=2.200000 sample_count=128 sample_interval=70 seq_num=357
D/VM_BMS  (  461): For soc=100 batt_temp=255 slope=2000
D/VM_BMS  (  461): For soc=100 batt_temp=255 rbatt_sf=100
D/VM_BMS  (  461): rbatt_mohm_default=72, rbatt_mohm=72, sf=100 batt_temp=255
D/VM_BMS  (  461): Lookup rbatt=72.000000  adjusted rbatt=72.000000
D/VM_BMS  (  461): For ocv=4271627 batt_temp=255 soc=100
D/VM_BMS  (  461): FIFO=3 fifo_avg=3.801301 rbatt=0.122000 slope=0.200000 ibatt=3.858709 ocv=4.271627 soc=100 fcc_ah=2.200000 sample_count=128 sample_interval=70 seq_num=357
D/VM_BMS  (  461): For soc=100 batt_temp=255 slope=2000
D/VM_BMS  (  461): For soc=100 batt_temp=255 rbatt_sf=100
D/VM_BMS  (  461): rbatt_mohm_default=72, rbatt_mohm=72, sf=100 batt_temp=255
D/VM_BMS  (  461): Lookup rbatt=72.000000  adjusted rbatt=72.000000
D/VM_BMS  (  461): For ocv=4270756 batt_temp=255 soc=100
D/VM_BMS  (  461): FIFO=4 fifo_avg=3.801595 rbatt=0.122000 slope=0.200000 ibatt=3.849152 ocv=4.270756 soc=100 fcc_ah=2.200000 sample_count=128 sample_interval=70 seq_num=357
I/VM_BMS  (  461): power_supply_update: ocv_uv=4270756 ibatt=3849151 soc=100 seq_num=357
D/VM_BMS  (  461): End process_bms_data
D/VM_BMS  (  461): wake_lock released
V/WLAN_PSA(  314): NL MSG, len[4006], NL type[0x1C] WNI type[0x5900] len[36367]
V/WLAN_PSA(  314): NL MSG, PID: 314
V/WLAN_PSA(  314): NL MSG, len[4006], NL type[0x1C] WNI type[0x5900] len[36367]
V/WLAN_PSA(  314): NL MSG, PID: 314
D/VM_BMS  (  461): wake_lock acquired
D/VM_BMS  (  461): New BMS data - Size=56
D/VM_BMS  (  461): Start process_bms_data
D/VM_BMS  (  461): Battery charge_cycle=0 fcc_adjust=0 rbatt_adjust=0 cycle_changed=false
D/VM_BMS  (  461): For batt_temp=255 fcc_mah=2200
D/VM_BMS  (  461): Lookup fcc_mah=2200.000000  adjusted fcc_mah=2200.000000
D/VM_BMS  (  461): For ocv=4270756 batt_temp=255 soc=100
D/VM_BMS  (  461): fifo_count=5 acc_count=0
D/VM_BMS  (  461): INIT: ocv=4270756 last_ocv=4270756 batt_temp=255 soc=100
D/VM_BMS  (  461): For soc=100 batt_temp=255 slope=2000
D/VM_BMS  (  461): For soc=100 batt_temp=255 rbatt_sf=100
D/VM_BMS  (  461): rbatt_mohm_default=72, rbatt_mohm=72, sf=100 batt_temp=255
D/VM_BMS  (  461): Lookup rbatt=72.000000  adjusted rbatt=72.000000
D/VM_BMS  (  461): For ocv=4269885 batt_temp=255 soc=100
D/VM_BMS  (  461): FIFO=0 fifo_avg=3.800977 rbatt=0.122000 slope=0.200000 ibatt=3.847078 ocv=4.269886 soc=100 fcc_ah=2.200000 sample_count=128 sample_interval=70 seq_num=358
D/VM_BMS  (  461): For soc=100 batt_temp=255 slope=2000
D/VM_BMS  (  461): For soc=100 batt_temp=255 rbatt_sf=100
D/VM_BMS  (  461): rbatt_mohm_default=72, rbatt_mohm=72, sf=100 batt_temp=255
D/VM_BMS  (  461): Lookup rbatt=72.000000  adjusted rbatt=72.000000
D/VM_BMS  (  461): For ocv=4269016 batt_temp=255 soc=100
D/VM_BMS  (  461): FIFO=1 fifo_avg=3.800668 rbatt=0.122000 slope=0.200000 ibatt=3.842478 ocv=4.269016 soc=100 fcc_ah=2.200000 sample_count=128 sample_interval=70 seq_num=358
D/VM_BMS  (  461): For soc=100 batt_temp=255 slope=2000
D/VM_BMS  (  461): For soc=100 batt_temp=255 rbatt_sf=100
D/VM_BMS  (  461): rbatt_mohm_default=72, rbatt_mohm=72, sf=100 batt_temp=255
D/VM_BMS  (  461): Lookup rbatt=72.000000  adjusted rbatt=72.000000
D/VM_BMS  (  461): For ocv=4268149 batt_temp=255 soc=100
D/VM_BMS  (  461): FIFO=2 fifo_avg=3.801249 rbatt=0.122000 slope=0.200000 ibatt=3.830602 ocv=4.268149 soc=100 fcc_ah=2.200000 sample_count=128 sample_interval=70 seq_num=358
D/VM_BMS  (  461): For soc=100 batt_temp=255 slope=2000
D/VM_BMS  (  461): For soc=100 batt_temp=255 rbatt_sf=100
D/VM_BMS  (  461): rbatt_mohm_default=72, rbatt_mohm=72, sf=100 batt_temp=255
D/VM_BMS  (  461): Lookup rbatt=72.000000  adjusted rbatt=72.000000
D/VM_BMS  (  461): For ocv=4267283 batt_temp=255 soc=100
D/VM_BMS  (  461): FIFO=3 fifo_avg=3.800965 rbatt=0.122000 slope=0.200000 ibatt=3.825828 ocv=4.267283 soc=100 fcc_ah=2.200000 sample_count=128 sample_interval=70 seq_num=358
D/VM_BMS  (  461): For soc=100 batt_temp=255 slope=2000
D/VM_BMS  (  461): For soc=100 batt_temp=255 rbatt_sf=100
D/VM_BMS  (  461): rbatt_mohm_default=72, rbatt_mohm=72, sf=100 batt_temp=255
D/VM_BMS  (  461): Lookup rbatt=72.000000  adjusted rbatt=72.000000
D/VM_BMS  (  461): For ocv=4266420 batt_temp=255 soc=100
D/VM_BMS  (  461): FIFO=4 fifo_avg=3.801553 rbatt=0.122000 slope=0.200000 ibatt=3.813922 ocv=4.266420 soc=100 fcc_ah=2.200000 sample_count=128 sample_interval=70 seq_num=358
I/VM_BMS  (  461): power_supply_update: ocv_uv=4266420 ibatt=3813922 soc=100 seq_num=358
D/VM_BMS  (  461): End process_bms_data
D/VM_BMS  (  461): wake_lock released
V/WLAN_PSA(  314): NL MSG, len[4006], NL type[0x1C] WNI type[0x5900] len[36367]
V/WLAN_PSA(  314): NL MSG, PID: 314
V/WLAN_PSA(  314): NL MSG, len[4006], NL type[0x1C] WNI type[0x5900] len[36367]
V/WLAN_PSA(  314): NL MSG, PID: 314
D/VM_BMS  (  461): wake_lock acquired
D/VM_BMS  (  461): New BMS data - Size=56
D/VM_BMS  (  461): Start process_bms_data
D/VM_BMS  (  461): Battery charge_cycle=0 fcc_adjust=0 rbatt_adjust=0 cycle_changed=false
D/VM_BMS  (  461): For batt_temp=255 fcc_mah=2200
D/VM_BMS  (  461): Lookup fcc_mah=2200.000000  adjusted fcc_mah=2200.000000
D/VM_BMS  (  461): For ocv=4266420 batt_temp=255 soc=100
D/VM_BMS  (  461): fifo_count=5 acc_count=0
D/VM_BMS  (  461): INIT: ocv=4266420 last_ocv=4266420 batt_temp=255 soc=100
D/VM_BMS  (  461): For soc=100 batt_temp=255 slope=2000
D/VM_BMS  (  461): For soc=100 batt_temp=255 rbatt_sf=100
D/VM_BMS  (  461): rbatt_mohm_default=72, rbatt_mohm=72, sf=100 batt_temp=255
D/VM_BMS  (  461): Lookup rbatt=72.000000  adjusted rbatt=72.000000
D/VM_BMS  (  461): For ocv=4265556 batt_temp=255 soc=100
D/VM_BMS  (  461): FIFO=0 fifo_avg=3.800265 rbatt=0.122000 slope=0.200000 ibatt=3.817401 ocv=4.265556 soc=100 fcc_ah=2.200000 sample_count=128 sample_interval=70 seq_num=359
D/VM_BMS  (  461): For soc=100 batt_temp=255 slope=2000
D/VM_BMS  (  461): For soc=100 batt_temp=255 rbatt_sf=100
D/VM_BMS  (  461): rbatt_mohm_default=72, rbatt_mohm=72, sf=100 batt_temp=255
D/VM_BMS  (  461): Lookup rbatt=72.000000  adjusted rbatt=72.000000
D/VM_BMS  (  461): For ocv=4264689 batt_temp=255 soc=100
D/VM_BMS  (  461): FIFO=1 fifo_avg=3.797902 rbatt=0.122000 slope=0.200000 ibatt=3.829676 ocv=4.264689 soc=100 fcc_ah=2.200000 sample_count=128 sample_interval=70 seq_num=359
D/VM_BMS  (  461): For soc=100 batt_temp=255 slope=2000
D/VM_BMS  (  461): For soc=100 batt_temp=255 rbatt_sf=100
D/VM_BMS  (  461): rbatt_mohm_default=72, rbatt_mohm=72, sf=100 batt_temp=255
D/VM_BMS  (  461): Lookup rbatt=72.000000  adjusted rbatt=72.000000
D/VM_BMS  (  461): For ocv=4263822 batt_temp=255 soc=100
D/VM_BMS  (  461): FIFO=2 fifo_avg=3.797017 rbatt=0.122000 slope=0.200000 ibatt=3.829825 ocv=4.263823 soc=100 fcc_ah=2.200000 sample_count=128 sample_interval=70 seq_num=359
D/VM_BMS  (  461): For soc=100 batt_temp=255 slope=2000
D/VM_BMS  (  461): For soc=100 batt_temp=255 rbatt_sf=100
D/VM_BMS  (  461): rbatt_mohm_default=72, rbatt_mohm=72, sf=100 batt_temp=255
D/VM_BMS  (  461): Lookup rbatt=72.000000  adjusted rbatt=72.000000
D/VM_BMS  (  461): For ocv=4262959 batt_temp=255 soc=100
D/VM_BMS  (  461): FIFO=3 fifo_avg=3.797902 rbatt=0.122000 slope=0.200000 ibatt=3.815478 ocv=4.262959 soc=100 fcc_ah=2.200000 sample_count=128 sample_interval=70 seq_num=359
D/VM_BMS  (  461): For soc=100 batt_temp=255 slope=2000
D/VM_BMS  (  461): For soc=100 batt_temp=255 rbatt_sf=100
D/VM_BMS  (  461): rbatt_mohm_default=72, rbatt_mohm=72, sf=100 batt_temp=255
D/VM_BMS  (  461): Lookup rbatt=72.000000  adjusted rbatt=72.000000
D/VM_BMS  (  461): For ocv=4262097 batt_temp=255 soc=100
D/VM_BMS  (  461): FIFO=4 fifo_avg=3.797902 rbatt=0.122000 slope=0.200000 ibatt=3.808410 ocv=4.262097 soc=100 fcc_ah=2.200000 sample_count=128 sample_interval=70 seq_num=359
I/VM_BMS  (  461): power_supply_update: ocv_uv=4262097 ibatt=3808410 soc=100 seq_num=359
D/VM_BMS  (  461): End process_bms_data
D/VM_BMS  (  461): wake_lock released
V/WLAN_PSA(  314): NL MSG, len[4006], NL type[0x1C] WNI type[0x5900] len[36367]
V/WLAN_PSA(  314): NL MSG, PID: 314
V/WLAN_PSA(  314): NL MSG, len[4006], NL type[0x1C] WNI type[0x5900] len[36367]
V/WLAN_PSA(  314): NL MSG, PID: 314
I/art     (  775): Background sticky concurrent mark sweep GC freed 203802(4MB) AllocSpace objects, 0(0B) LOS objects, 10% free, 37MB/41MB, paused 13.281ms total 97.242ms
V/WLAN_PSA(  314): NL MSG, len[4006], NL type[0x1C] WNI type[0x5900] len[36367]
V/WLAN_PSA(  314): NL MSG, PID: 314
D/VM_BMS  (  461): wake_lock acquired
D/VM_BMS  (  461): New BMS data - Size=56
D/VM_BMS  (  461): Start process_bms_data
D/VM_BMS  (  461): Battery charge_cycle=0 fcc_adjust=0 rbatt_adjust=0 cycle_changed=false
D/VM_BMS  (  461): For batt_temp=255 fcc_mah=2200
D/VM_BMS  (  461): Lookup fcc_mah=2200.000000  adjusted fcc_mah=2200.000000
D/VM_BMS  (  461): For ocv=4262097 batt_temp=255 soc=100
D/VM_BMS  (  461): fifo_count=5 acc_count=0
D/VM_BMS  (  461): INIT: ocv=4262097 last_ocv=4262097 batt_temp=255 soc=100
D/VM_BMS  (  461): For soc=100 batt_temp=255 slope=2000
D/VM_BMS  (  461): For soc=100 batt_temp=255 rbatt_sf=100
D/VM_BMS  (  461): rbatt_mohm_default=72, rbatt_mohm=72, sf=100 batt_temp=255
D/VM_BMS  (  461): Lookup rbatt=72.000000  adjusted rbatt=72.000000
D/VM_BMS  (  461): For ocv=4261237 batt_temp=255 soc=100
D/VM_BMS  (  461): FIFO=0 fifo_avg=3.798349 rbatt=0.122000 slope=0.200000 ibatt=3.797691 ocv=4.261238 soc=100 fcc_ah=2.200000 sample_count=128 sample_interval=70 seq_num=360
D/VM_BMS  (  461): For soc=100 batt_temp=255 slope=2000
D/VM_BMS  (  461): For soc=100 batt_temp=255 rbatt_sf=100
D/VM_BMS  (  461): rbatt_mohm_default=72, rbatt_mohm=72, sf=100 batt_temp=255
D/VM_BMS  (  461): Lookup rbatt=72.000000  adjusted rbatt=72.000000
D/VM_BMS  (  461): For ocv=4260378 batt_temp=255 soc=100
D/VM_BMS  (  461): FIFO=1 fifo_avg=3.797777 rbatt=0.122000 slope=0.200000 ibatt=3.795335 ocv=4.260378 soc=100 fcc_ah=2.200000 sample_count=128 sample_interval=70 seq_num=360
D/VM_BMS  (  461): For soc=100 batt_temp=255 slope=2000
D/VM_BMS  (  461): For soc=100 batt_temp=255 rbatt_sf=100
D/VM_BMS  (  461): rbatt_mohm_default=72, rbatt_mohm=72, sf=100 batt_temp=255
D/VM_BMS  (  461): Lookup rbatt=72.000000  adjusted rbatt=72.000000
D/VM_BMS  (  461): For ocv=4259522 batt_temp=255 soc=100
D/VM_BMS  (  461): FIFO=2 fifo_avg=3.798670 rbatt=0.122000 slope=0.200000 ibatt=3.780984 ocv=4.259522 soc=100 fcc_ah=2.200000 sample_count=128 sample_interval=70 seq_num=360
D/VM_BMS  (  461): For soc=100 batt_temp=255 slope=2000
D/VM_BMS  (  461): For soc=100 batt_temp=255 rbatt_sf=100
D/VM_BMS  (  461): rbatt_mohm_default=72, rbatt_mohm=72, sf=100 batt_temp=255
D/VM_BMS  (  461): Lookup rbatt=72.000000  adjusted rbatt=72.000000
D/VM_BMS  (  461): For ocv=4258667 batt_temp=255 soc=100
D/VM_BMS  (  461): FIFO=3 fifo_avg=3.798360 rbatt=0.122000 slope=0.200000 ibatt=3.776513 ocv=4.258667 soc=100 fcc_ah=2.200000 sample_count=128 sample_interval=70 seq_num=360
D/VM_BMS  (  461): For soc=100 batt_temp=255 slope=2000
D/VM_BMS  (  461): For soc=100 batt_temp=255 rbatt_sf=100
D/VM_BMS  (  461): rbatt_mohm_default=72, rbatt_mohm=72, sf=100 batt_temp=255
D/VM_BMS  (  461): Lookup rbatt=72.000000  adjusted rbatt=72.000000
D/VM_BMS  (  461): For ocv=4257813 batt_temp=255 soc=100
D/VM_BMS  (  461): FIFO=4 fifo_avg=3.798052 rbatt=0.122000 slope=0.200000 ibatt=3.772034 ocv=4.257813 soc=100 fcc_ah=2.200000 sample_count=128 sample_interval=70 seq_num=360
I/VM_BMS  (  461): power_supply_update: ocv_uv=4257813 ibatt=3772034 soc=100 seq_num=360
D/VM_BMS  (  461): End process_bms_data
D/VM_BMS  (  461): wake_lock released
I/art     ( 3183): Rejecting re-init on previously-failed class java.lang.Class<com.google.android.gms.org.conscrypt.NativeCrypto>
I/art     ( 3183): Rejecting re-init on previously-failed class java.lang.Class<com.google.android.gms.org.conscrypt.NativeCrypto>
D/NetworkMonitor/NetworkAgentInfo [WIFI () - 100](  775): ValidatedState{ when=0 what=532488 arg1=10005 target=com.android.internal.util.StateMachine$SmHandler }
D/NetworkMonitor/NetworkAgentInfo [WIFI () - 100](  775): DefaultState{ when=0 what=532488 arg1=10005 target=com.android.internal.util.StateMachine$SmHandler }
D/NetworkMonitor/NetworkAgentInfo [WIFI () - 100](  775): Forcing reevaluation
D/NetworkMonitor/NetworkAgentInfo [WIFI () - 100](  775): EvaluatingState{ when=0 what=532486 arg1=40 target=com.android.internal.util.StateMachine$SmHandler }
D/NetworkMonitor/NetworkAgentInfo [WIFI () - 100](  775): Validated
V/WLAN_PSA(  314): NL MSG, len[4006], NL type[0x1C] WNI type[0x5900] len[36367]
V/WLAN_PSA(  314): NL MSG, PID: 314
V/WLAN_PSA(  314): NL MSG, len[4006], NL type[0x1C] WNI type[0x5900] len[36367]
V/WLAN_PSA(  314): NL MSG, PID: 314
I/PlayCommon( 3822): [109] com.google.android.play.a.g.e(220): Preparing logs for uploading
I/PlayCommon( 3822): [109] com.google.android.play.a.g.e(224): No file ready to send
D/VM_BMS  (  461): wake_lock acquired
D/VM_BMS  (  461): New BMS data - Size=56
D/VM_BMS  (  461): Start process_bms_data
D/VM_BMS  (  461): Battery charge_cycle=0 fcc_adjust=0 rbatt_adjust=0 cycle_changed=false
D/VM_BMS  (  461): For batt_temp=255 fcc_mah=2200
D/VM_BMS  (  461): Lookup fcc_mah=2200.000000  adjusted fcc_mah=2200.000000
D/VM_BMS  (  461): For ocv=4257813 batt_temp=255 soc=100
D/VM_BMS  (  461): fifo_count=5 acc_count=0
D/VM_BMS  (  461): INIT: ocv=4257813 last_ocv=4257813 batt_temp=255 soc=100
D/VM_BMS  (  461): For soc=100 batt_temp=255 slope=2000
D/VM_BMS  (  461): For soc=100 batt_temp=255 rbatt_sf=100
D/VM_BMS  (  461): rbatt_mohm_default=72, rbatt_mohm=72, sf=100 batt_temp=255
D/VM_BMS  (  461): Lookup rbatt=72.000000  adjusted rbatt=72.000000
D/VM_BMS  (  461): For ocv=4256967 batt_temp=255 soc=100
D/VM_BMS  (  461): FIFO=0 fifo_avg=3.801346 rbatt=0.122000 slope=0.200000 ibatt=3.738066 ocv=4.256967 soc=100 fcc_ah=2.200000 sample_count=128 sample_interval=70 seq_num=361
D/VM_BMS  (  461): For soc=100 batt_temp=255 slope=2000
D/VM_BMS  (  461): For soc=100 batt_temp=255 rbatt_sf=100
D/VM_BMS  (  461): rbatt_mohm_default=72, rbatt_mohm=72, sf=100 batt_temp=255
D/VM_BMS  (  461): Lookup rbatt=72.000000  adjusted rbatt=72.000000
D/VM_BMS  (  461): For ocv=4256124 batt_temp=255 soc=100
D/VM_BMS  (  461): FIFO=1 fifo_avg=3.802238 rbatt=0.122000 slope=0.200000 ibatt=3.723835 ocv=4.256124 soc=100 fcc_ah=2.200000 sample_count=128 sample_interval=70 seq_num=361
D/VM_BMS  (  461): For soc=100 batt_temp=255 slope=2000
D/VM_BMS  (  461): For soc=100 batt_temp=255 rbatt_sf=100
D/VM_BMS  (  461): rbatt_mohm_default=72, rbatt_mohm=72, sf=100 batt_temp=255
D/VM_BMS  (  461): Lookup rbatt=72.000000  adjusted rbatt=72.000000
D/VM_BMS  (  461): For ocv=4255282 batt_temp=255 soc=100
D/VM_BMS  (  461): FIFO=2 fifo_avg=3.801944 rbatt=0.122000 slope=0.200000 ibatt=3.719338 ocv=4.255282 soc=100 fcc_ah=2.200000 sample_count=128 sample_interval=70 seq_num=361
D/VM_BMS  (  461): For soc=100 batt_temp=255 slope=2000
D/VM_BMS  (  461): For soc=100 batt_temp=255 rbatt_sf=100
D/VM_BMS  (  461): rbatt_mohm_default=72, rbatt_mohm=72, sf=100 batt_temp=255
D/VM_BMS  (  461): Lookup rbatt=72.000000  adjusted rbatt=72.000000
D/VM_BMS  (  461): For ocv=4254441 batt_temp=255 soc=100
D/VM_BMS  (  461): FIFO=3 fifo_avg=3.801937 rbatt=0.122000 slope=0.200000 ibatt=3.712499 ocv=4.254442 soc=100 fcc_ah=2.200000 sample_count=128 sample_interval=70 seq_num=361
D/VM_BMS  (  461): For soc=100 batt_temp=255 slope=2000
D/VM_BMS  (  461): For soc=100 batt_temp=255 rbatt_sf=100
D/VM_BMS  (  461): rbatt_mohm_default=72, rbatt_mohm=72, sf=100 batt_temp=255
D/VM_BMS  (  461): Lookup rbatt=72.000000  adjusted rbatt=72.000000
D/VM_BMS  (  461): For ocv=4253603 batt_temp=255 soc=100
D/VM_BMS  (  461): FIFO=4 fifo_avg=3.802532 rbatt=0.122000 slope=0.200000 ibatt=3.700739 ocv=4.253603 soc=100 fcc_ah=2.200000 sample_count=128 sample_interval=70 seq_num=361
I/VM_BMS  (  461): power_supply_update: ocv_uv=4253603 ibatt=3700739 soc=100 seq_num=361
D/VM_BMS  (  461): End process_bms_data
D/VM_BMS  (  461): wake_lock released
V/WLAN_PSA(  314): NL MSG, len[4006], NL type[0x1C] WNI type[0x5900] len[36367]
V/WLAN_PSA(  314): NL MSG, PID: 314
V/WLAN_PSA(  314): NL MSG, len[4006], NL type[0x1C] WNI type[0x5900] len[36367]
V/WLAN_PSA(  314): NL MSG, PID: 314
D/VM_BMS  (  461): wake_lock acquired
D/VM_BMS  (  461): New BMS data - Size=56
D/VM_BMS  (  461): Start process_bms_data
D/VM_BMS  (  461): Battery charge_cycle=0 fcc_adjust=0 rbatt_adjust=0 cycle_changed=false
D/VM_BMS  (  461): For batt_temp=255 fcc_mah=2200
D/VM_BMS  (  461): Lookup fcc_mah=2200.000000  adjusted fcc_mah=2200.000000
D/VM_BMS  (  461): For ocv=4253603 batt_temp=255 soc=100
D/VM_BMS  (  461): fifo_count=5 acc_count=0
D/VM_BMS  (  461): INIT: ocv=4253603 last_ocv=4253603 batt_temp=255 soc=100
D/VM_BMS  (  461): For soc=100 batt_temp=255 slope=2000
D/VM_BMS  (  461): For soc=100 batt_temp=255 rbatt_sf=100
D/VM_BMS  (  461): rbatt_mohm_default=72, rbatt_mohm=72, sf=100 batt_temp=255
D/VM_BMS  (  461): Lookup rbatt=72.000000  adjusted rbatt=72.000000
D/VM_BMS  (  461): For ocv=4252766 batt_temp=255 soc=100
D/VM_BMS  (  461): FIFO=0 fifo_avg=3.802285 rbatt=0.122000 slope=0.200000 ibatt=3.695901 ocv=4.252767 soc=100 fcc_ah=2.200000 sample_count=128 sample_interval=70 seq_num=362
D/VM_BMS  (  461): For soc=100 batt_temp=255 slope=2000
D/VM_BMS  (  461): For soc=100 batt_temp=255 rbatt_sf=100
D/VM_BMS  (  461): rbatt_mohm_default=72, rbatt_mohm=72, sf=100 batt_temp=255
D/VM_BMS  (  461): Lookup rbatt=72.000000  adjusted rbatt=72.000000
D/VM_BMS  (  461): For ocv=4251932 batt_temp=255 soc=100
D/VM_BMS  (  461): FIFO=1 fifo_avg=3.802873 rbatt=0.122000 slope=0.200000 ibatt=3.684233 ocv=4.251933 soc=100 fcc_ah=2.200000 sample_count=128 sample_interval=70 seq_num=362
D/VM_BMS  (  461): For soc=100 batt_temp=255 slope=2000
D/VM_BMS  (  461): For soc=100 batt_temp=255 rbatt_sf=100
D/VM_BMS  (  461): rbatt_mohm_default=72, rbatt_mohm=72, sf=100 batt_temp=255
D/VM_BMS  (  461): Lookup rbatt=72.000000  adjusted rbatt=72.000000
D/VM_BMS  (  461): For ocv=4251099 batt_temp=255 soc=100
D/VM_BMS  (  461): FIFO=2 fifo_avg=3.802304 rbatt=0.122000 slope=0.200000 ibatt=3.682062 ocv=4.251099 soc=100 fcc_ah=2.200000 sample_count=128 sample_interval=70 seq_num=362
D/VM_BMS  (  461): For soc=100 batt_temp=255 slope=2000
D/VM_BMS  (  461): For soc=100 batt_temp=255 rbatt_sf=100
D/VM_BMS  (  461): rbatt_mohm_default=72, rbatt_mohm=72, sf=100 batt_temp=255
D/VM_BMS  (  461): Lookup rbatt=72.000000  adjusted rbatt=72.000000
D/VM_BMS  (  461): For ocv=4250270 batt_temp=255 soc=100
D/VM_BMS  (  461): FIFO=3 fifo_avg=3.803473 rbatt=0.122000 slope=0.200000 ibatt=3.665667 ocv=4.250270 soc=100 fcc_ah=2.200000 sample_count=128 sample_interval=70 seq_num=362
D/VM_BMS  (  461): For soc=100 batt_temp=255 slope=2000
D/VM_BMS  (  461): For soc=100 batt_temp=255 rbatt_sf=100
D/VM_BMS  (  461): rbatt_mohm_default=72, rbatt_mohm=72, sf=100 batt_temp=255
D/VM_BMS  (  461): Lookup rbatt=72.000000  adjusted rbatt=72.000000
D/VM_BMS  (  461): For ocv=4249441 batt_temp=255 soc=100
D/VM_BMS  (  461): FIFO=4 fifo_avg=3.802885 rbatt=0.122000 slope=0.200000 ibatt=3.663692 ocv=4.249441 soc=100 fcc_ah=2.200000 sample_count=128 sample_interval=70 seq_num=362
I/VM_BMS  (  461): power_supply_update: ocv_uv=4249441 ibatt=3663691 soc=100 seq_num=362
D/VM_BMS  (  461): End process_bms_data
D/VM_BMS  (  461): wake_lock released
V/WLAN_PSA(  314): NL MSG, len[4006], NL type[0x1C] WNI type[0x5900] len[36367]
V/WLAN_PSA(  314): NL MSG, PID: 314
V/WLAN_PSA(  314): NL MSG, len[4006], NL type[0x1C] WNI type[0x5900] len[36367]
V/WLAN_PSA(  314): NL MSG, PID: 314
D/VM_BMS  (  461): wake_lock acquired
D/VM_BMS  (  461): New BMS data - Size=56
D/VM_BMS  (  461): Start process_bms_data
D/VM_BMS  (  461): Battery charge_cycle=0 fcc_adjust=0 rbatt_adjust=0 cycle_changed=false
D/VM_BMS  (  461): For batt_temp=255 fcc_mah=2200
D/VM_BMS  (  461): Lookup fcc_mah=2200.000000  adjusted fcc_mah=2200.000000
D/VM_BMS  (  461): For ocv=4249441 batt_temp=255 soc=100
D/VM_BMS  (  461): fifo_count=5 acc_count=0
D/VM_BMS  (  461): INIT: ocv=4249441 last_ocv=4249441 batt_temp=255 soc=100
D/VM_BMS  (  461): For soc=100 batt_temp=255 slope=2000
D/VM_BMS  (  461): For soc=100 batt_temp=255 rbatt_sf=100
D/VM_BMS  (  461): rbatt_mohm_default=72, rbatt_mohm=72, sf=100 batt_temp=255
D/VM_BMS  (  461): Lookup rbatt=72.000000  adjusted rbatt=72.000000
D/VM_BMS  (  461): For ocv=4248615 batt_temp=255 soc=100
D/VM_BMS  (  461): FIFO=0 fifo_avg=3.803860 rbatt=0.122000 slope=0.200000 ibatt=3.648921 ocv=4.248616 soc=100 fcc_ah=2.200000 sample_count=128 sample_interval=70 seq_num=363
D/VM_BMS  (  461): For soc=100 batt_temp=255 slope=2000
D/VM_BMS  (  461): For soc=100 batt_temp=255 rbatt_sf=100
D/VM_BMS  (  461): rbatt_mohm_default=72, rbatt_mohm=72, sf=100 batt_temp=255
D/VM_BMS  (  461): Lookup rbatt=72.000000  adjusted rbatt=72.000000
D/VM_BMS  (  461): For ocv=4247791 batt_temp=255 soc=100
D/VM_BMS  (  461): FIFO=1 fifo_avg=3.803860 rbatt=0.122000 slope=0.200000 ibatt=3.642154 ocv=4.247791 soc=100 fcc_ah=2.200000 sample_count=128 sample_interval=70 seq_num=363
D/VM_BMS  (  461): For soc=100 batt_temp=255 slope=2000
D/VM_BMS  (  461): For soc=100 batt_temp=255 rbatt_sf=100
D/VM_BMS  (  461): rbatt_mohm_default=72, rbatt_mohm=72, sf=100 batt_temp=255
D/VM_BMS  (  461): Lookup rbatt=72.000000  adjusted rbatt=72.000000
D/VM_BMS  (  461): For ocv=4246967 batt_temp=255 soc=100
D/VM_BMS  (  461): FIFO=2 fifo_avg=3.802967 rbatt=0.122000 slope=0.200000 ibatt=3.642718 ocv=4.246967 soc=100 fcc_ah=2.200000 sample_count=128 sample_interval=70 seq_num=363
D/VM_BMS  (  461): For soc=100 batt_temp=255 slope=2000
D/VM_BMS  (  461): For soc=100 batt_temp=255 rbatt_sf=100
D/VM_BMS  (  461): rbatt_mohm_default=72, rbatt_mohm=72, sf=100 batt_temp=255
D/VM_BMS  (  461): Lookup rbatt=72.000000  adjusted rbatt=72.000000
D/VM_BMS  (  461): For ocv=4246144 batt_temp=255 soc=100
D/VM_BMS  (  461): FIFO=3 fifo_avg=3.802680 rbatt=0.122000 slope=0.200000 ibatt=3.638321 ocv=4.246144 soc=100 fcc_ah=2.200000 sample_count=128 sample_interval=70 seq_num=363
D/VM_BMS  (  461): For soc=100 batt_temp=255 slope=2000
D/VM_BMS  (  461): For soc=100 batt_temp=255 rbatt_sf=100
D/VM_BMS  (  461): rbatt_mohm_default=72, rbatt_mohm=72, sf=100 batt_temp=255
D/VM_BMS  (  461): Lookup rbatt=72.000000  adjusted rbatt=72.000000
D/VM_BMS  (  461): For ocv=4245322 batt_temp=255 soc=100
D/VM_BMS  (  461): FIFO=4 fifo_avg=3.802974 rbatt=0.122000 slope=0.200000 ibatt=3.629174 ocv=4.245323 soc=100 fcc_ah=2.200000 sample_count=128 sample_interval=70 seq_num=363
I/VM_BMS  (  461): power_supply_update: ocv_uv=4245322 ibatt=3629174 soc=100 seq_num=363
D/VM_BMS  (  461): End process_bms_data
D/VM_BMS  (  461): wake_lock released
V/WLAN_PSA(  314): NL MSG, len[4006], NL type[0x1C] WNI type[0x5900] len[36367]
V/WLAN_PSA(  314): NL MSG, PID: 314
D/BatteryMeterView( 2940): on charging...
D/BatteryMeterView( 2940): on charging...
D/BatteryMeterView( 2940): on charging...
V/WLAN_PSA(  314): NL MSG, len[4006], NL type[0x1C] WNI type[0x5900] len[36367]
V/WLAN_PSA(  314): NL MSG, PID: 314
D/VM_BMS  (  461): wake_lock acquired
D/VM_BMS  (  461): New BMS data - Size=56
D/VM_BMS  (  461): Start process_bms_data
D/VM_BMS  (  461): Battery charge_cycle=0 fcc_adjust=0 rbatt_adjust=0 cycle_changed=false
D/VM_BMS  (  461): For batt_temp=255 fcc_mah=2200
D/VM_BMS  (  461): Lookup fcc_mah=2200.000000  adjusted fcc_mah=2200.000000
D/VM_BMS  (  461): For ocv=4245322 batt_temp=255 soc=100
D/VM_BMS  (  461): fifo_count=5 acc_count=0
D/VM_BMS  (  461): INIT: ocv=4245322 last_ocv=4245322 batt_temp=255 soc=100
D/VM_BMS  (  461): For soc=100 batt_temp=255 slope=2000
D/VM_BMS  (  461): For soc=100 batt_temp=255 rbatt_sf=100
D/VM_BMS  (  461): rbatt_mohm_default=72, rbatt_mohm=72, sf=100 batt_temp=255
D/VM_BMS  (  461): Lookup rbatt=72.000000  adjusted rbatt=72.000000
D/VM_BMS  (  461): For ocv=4244502 batt_temp=255 soc=100
D/VM_BMS  (  461): FIFO=0 fifo_avg=3.802977 rbatt=0.122000 slope=0.200000 ibatt=3.622421 ocv=4.244503 soc=100 fcc_ah=2.200000 sample_count=128 sample_interval=70 seq_num=364
D/VM_BMS  (  461): For soc=100 batt_temp=255 slope=2000
D/VM_BMS  (  461): For soc=100 batt_temp=255 rbatt_sf=100
D/VM_BMS  (  461): rbatt_mohm_default=72, rbatt_mohm=72, sf=100 batt_temp=255
D/VM_BMS  (  461): Lookup rbatt=72.000000  adjusted rbatt=72.000000
D/VM_BMS  (  461): For ocv=4243685 batt_temp=255 soc=100
D/VM_BMS  (  461): FIFO=1 fifo_avg=3.803576 rbatt=0.122000 slope=0.200000 ibatt=3.610800 ocv=4.243685 soc=100 fcc_ah=2.200000 sample_count=128 sample_interval=70 seq_num=364
D/VM_BMS  (  461): For soc=100 batt_temp=255 slope=2000
D/VM_BMS  (  461): For soc=100 batt_temp=255 rbatt_sf=100
D/VM_BMS  (  461): rbatt_mohm_default=72, rbatt_mohm=72, sf=100 batt_temp=255
D/VM_BMS  (  461): Lookup rbatt=72.000000  adjusted rbatt=72.000000
D/VM_BMS  (  461): For ocv=4242870 batt_temp=255 soc=100
D/VM_BMS  (  461): FIFO=2 fifo_avg=3.803862 rbatt=0.122000 slope=0.200000 ibatt=3.601764 ocv=4.242870 soc=100 fcc_ah=2.200000 sample_count=128 sample_interval=70 seq_num=364
D/VM_BMS  (  461): For soc=100 batt_temp=255 slope=2000
D/VM_BMS  (  461): For soc=100 batt_temp=255 rbatt_sf=100
D/VM_BMS  (  461): rbatt_mohm_default=72, rbatt_mohm=72, sf=100 batt_temp=255
D/VM_BMS  (  461): Lookup rbatt=72.000000  adjusted rbatt=72.000000
D/VM_BMS  (  461): For ocv=4242055 batt_temp=255 soc=100
D/VM_BMS  (  461): FIFO=3 fifo_avg=3.803281 rbatt=0.122000 slope=0.200000 ibatt=3.599849 ocv=4.242055 soc=100 fcc_ah=2.200000 sample_count=128 sample_interval=70 seq_num=364
D/VM_BMS  (  461): For soc=100 batt_temp=255 slope=2000
D/VM_BMS  (  461): For soc=100 batt_temp=255 rbatt_sf=100
D/VM_BMS  (  461): rbatt_mohm_default=72, rbatt_mohm=72, sf=100 batt_temp=255
D/VM_BMS  (  461): Lookup rbatt=72.000000  adjusted rbatt=72.000000
D/VM_BMS  (  461): For ocv=4241243 batt_temp=255 soc=100
D/VM_BMS  (  461): FIFO=4 fifo_avg=3.804167 rbatt=0.122000 slope=0.200000 ibatt=3.585920 ocv=4.241243 soc=100 fcc_ah=2.200000 sample_count=128 sample_interval=70 seq_num=364
I/VM_BMS  (  461): power_supply_update: ocv_uv=4241243 ibatt=3585919 soc=100 seq_num=364
D/VM_BMS  (  461): End process_bms_data
D/VM_BMS  (  461): wake_lock released
V/WLAN_PSA(  314): NL MSG, len[4006], NL type[0x1C] WNI type[0x5900] len[36367]
V/WLAN_PSA(  314): NL MSG, PID: 314
V/WLAN_PSA(  314): NL MSG, len[4006], NL type[0x1C] WNI type[0x5900] len[36367]
V/WLAN_PSA(  314): NL MSG, PID: 314
D/VM_BMS  (  461): wake_lock acquired
D/VM_BMS  (  461): New BMS data - Size=56
D/VM_BMS  (  461): Start process_bms_data
D/VM_BMS  (  461): Battery charge_cycle=0 fcc_adjust=0 rbatt_adjust=0 cycle_changed=false
D/VM_BMS  (  461): For batt_temp=255 fcc_mah=2200
D/VM_BMS  (  461): Lookup fcc_mah=2200.000000  adjusted fcc_mah=2200.000000
D/VM_BMS  (  461): For ocv=4241243 batt_temp=255 soc=100
D/VM_BMS  (  461): fifo_count=5 acc_count=0
D/VM_BMS  (  461): INIT: ocv=4241243 last_ocv=4241243 batt_temp=255 soc=100
D/VM_BMS  (  461): For soc=100 batt_temp=255 slope=2000
D/VM_BMS  (  461): For soc=100 batt_temp=255 rbatt_sf=100
D/VM_BMS  (  461): rbatt_mohm_default=72, rbatt_mohm=72, sf=100 batt_temp=255
D/VM_BMS  (  461): Lookup rbatt=72.000000  adjusted rbatt=72.000000
D/VM_BMS  (  461): For ocv=4240432 batt_temp=255 soc=100
D/VM_BMS  (  461): FIFO=0 fifo_avg=3.803892 rbatt=0.122000 slope=0.200000 ibatt=3.581523 ocv=4.240433 soc=100 fcc_ah=2.200000 sample_count=128 sample_interval=70 seq_num=365
D/VM_BMS  (  461): For soc=100 batt_temp=255 slope=2000
D/VM_BMS  (  461): For soc=100 batt_temp=255 rbatt_sf=100
D/VM_BMS  (  461): rbatt_mohm_default=72, rbatt_mohm=72, sf=100 batt_temp=255
D/VM_BMS  (  461): Lookup rbatt=72.000000  adjusted rbatt=72.000000
D/VM_BMS  (  461): For ocv=4239623 batt_temp=255 soc=100
D/VM_BMS  (  461): FIFO=1 fifo_avg=3.804200 rbatt=0.122000 slope=0.200000 ibatt=3.572358 ocv=4.239624 soc=100 fcc_ah=2.200000 sample_count=128 sample_interval=70 seq_num=365
D/VM_BMS  (  461): For soc=100 batt_temp=255 slope=2000
D/VM_BMS  (  461): For soc=100 batt_temp=255 rbatt_sf=100
D/VM_BMS  (  461): rbatt_mohm_default=72, rbatt_mohm=72, sf=100 batt_temp=255
D/VM_BMS  (  461): Lookup rbatt=72.000000  adjusted rbatt=72.000000
D/VM_BMS  (  461): For ocv=4238815 batt_temp=255 soc=100
D/VM_BMS  (  461): FIFO=2 fifo_avg=3.803315 rbatt=0.122000 slope=0.200000 ibatt=3.572983 ocv=4.238815 soc=100 fcc_ah=2.200000 sample_count=128 sample_interval=70 seq_num=365
D/VM_BMS  (  461): For soc=100 batt_temp=255 slope=2000
D/VM_BMS  (  461): For soc=100 batt_temp=255 rbatt_sf=100
D/VM_BMS  (  461): rbatt_mohm_default=72, rbatt_mohm=72, sf=100 batt_temp=255
D/VM_BMS  (  461): Lookup rbatt=72.000000  adjusted rbatt=72.000000
D/VM_BMS  (  461): For ocv=4238008 batt_temp=255 soc=100
D/VM_BMS  (  461): FIFO=3 fifo_avg=3.803606 rbatt=0.122000 slope=0.200000 ibatt=3.563980 ocv=4.238008 soc=100 fcc_ah=2.200000 sample_count=128 sample_interval=70 seq_num=365
D/VM_BMS  (  461): For soc=100 batt_temp=255 slope=2000
D/VM_BMS  (  461): For soc=100 batt_temp=255 rbatt_sf=100
D/VM_BMS  (  461): rbatt_mohm_default=72, rbatt_mohm=72, sf=100 batt_temp=255
D/VM_BMS  (  461): Lookup rbatt=72.000000  adjusted rbatt=72.000000
D/VM_BMS  (  461): For ocv=4237202 batt_temp=255 soc=100
D/VM_BMS  (  461): FIFO=4 fifo_avg=3.803303 rbatt=0.122000 slope=0.200000 ibatt=3.559855 ocv=4.237203 soc=100 fcc_ah=2.200000 sample_count=128 sample_interval=70 seq_num=365
I/VM_BMS  (  461): power_supply_update: ocv_uv=4237202 ibatt=3559854 soc=100 seq_num=365
D/VM_BMS  (  461): End process_bms_data
D/VM_BMS  (  461): wake_lock released
V/WLAN_PSA(  314): NL MSG, len[4006], NL type[0x1C] WNI type[0x5900] len[36367]
V/WLAN_PSA(  314): NL MSG, PID: 314
V/WLAN_PSA(  314): NL MSG, len[4006], NL type[0x1C] WNI type[0x5900] len[36367]
V/WLAN_PSA(  314): NL MSG, PID: 314
V/WLAN_PSA(  314): NL MSG, len[4006], NL type[0x1C] WNI type[0x5900] len[36367]
V/WLAN_PSA(  314): NL MSG, PID: 314
D/VM_BMS  (  461): wake_lock acquired
D/VM_BMS  (  461): New BMS data - Size=56
D/VM_BMS  (  461): Start process_bms_data
D/VM_BMS  (  461): Battery charge_cycle=0 fcc_adjust=0 rbatt_adjust=0 cycle_changed=false
D/VM_BMS  (  461): For batt_temp=255 fcc_mah=2200
D/VM_BMS  (  461): Lookup fcc_mah=2200.000000  adjusted fcc_mah=2200.000000
D/VM_BMS  (  461): For ocv=4237202 batt_temp=255 soc=100
D/VM_BMS  (  461): fifo_count=5 acc_count=0
D/VM_BMS  (  461): INIT: ocv=4237202 last_ocv=4237202 batt_temp=255 soc=100
D/VM_BMS  (  461): For soc=100 batt_temp=255 slope=2000
D/VM_BMS  (  461): For soc=100 batt_temp=255 rbatt_sf=100
D/VM_BMS  (  461): rbatt_mohm_default=72, rbatt_mohm=72, sf=100 batt_temp=255
D/VM_BMS  (  461): Lookup rbatt=72.000000  adjusted rbatt=72.000000
D/VM_BMS  (  461): For ocv=4236398 batt_temp=255 soc=100
D/VM_BMS  (  461): FIFO=0 fifo_avg=3.803315 rbatt=0.122000 slope=0.200000 ibatt=3.553158 ocv=4.236398 soc=100 fcc_ah=2.200000 sample_count=128 sample_interval=70 seq_num=366
D/VM_BMS  (  461): For soc=100 batt_temp=255 slope=2000
D/VM_BMS  (  461): For soc=100 batt_temp=255 rbatt_sf=100
D/VM_BMS  (  461): rbatt_mohm_default=72, rbatt_mohm=72, sf=100 batt_temp=255
D/VM_BMS  (  461): Lookup rbatt=72.000000  adjusted rbatt=72.000000
D/VM_BMS  (  461): For ocv=4235596 batt_temp=255 soc=100
D/VM_BMS  (  461): FIFO=1 fifo_avg=3.803595 rbatt=0.122000 slope=0.200000 ibatt=3.544280 ocv=4.235596 soc=100 fcc_ah=2.200000 sample_count=128 sample_interval=70 seq_num=366
D/VM_BMS  (  461): For soc=100 batt_temp=255 slope=2000
D/VM_BMS  (  461): For soc=100 batt_temp=255 rbatt_sf=100
D/VM_BMS  (  461): rbatt_mohm_default=72, rbatt_mohm=72, sf=100 batt_temp=255
D/VM_BMS  (  461): Lookup rbatt=72.000000  adjusted rbatt=72.000000
D/VM_BMS  (  461): For ocv=4234795 batt_temp=255 soc=100
D/VM_BMS  (  461): FIFO=2 fifo_avg=3.803576 rbatt=0.122000 slope=0.200000 ibatt=3.537868 ocv=4.234796 soc=100 fcc_ah=2.200000 sample_count=128 sample_interval=70 seq_num=366
D/VM_BMS  (  461): For soc=100 batt_temp=255 slope=2000
D/VM_BMS  (  461): For soc=100 batt_temp=255 rbatt_sf=100
D/VM_BMS  (  461): rbatt_mohm_default=72, rbatt_mohm=72, sf=100 batt_temp=255
D/VM_BMS  (  461): Lookup rbatt=72.000000  adjusted rbatt=72.000000
D/VM_BMS  (  461): For ocv=4233997 batt_temp=255 soc=100
D/VM_BMS  (  461): FIFO=3 fifo_avg=3.804189 rbatt=0.122000 slope=0.200000 ibatt=3.526289 ocv=4.233997 soc=100 fcc_ah=2.200000 sample_count=128 sample_interval=70 seq_num=366
D/VM_BMS  (  461): For soc=100 batt_temp=255 slope=2000
D/VM_BMS  (  461): For soc=100 batt_temp=255 rbatt_sf=100
D/VM_BMS  (  461): rbatt_mohm_default=72, rbatt_mohm=72, sf=100 batt_temp=255
D/VM_BMS  (  461): Lookup rbatt=72.000000  adjusted rbatt=72.000000
D/VM_BMS  (  461): For ocv=4233199 batt_temp=255 soc=100
D/VM_BMS  (  461): FIFO=4 fifo_avg=3.803587 rbatt=0.122000 slope=0.200000 ibatt=3.524682 ocv=4.233200 soc=100 fcc_ah=2.200000 sample_count=128 sample_interval=70 seq_num=366
I/VM_BMS  (  461): power_supply_update: ocv_uv=4233199 ibatt=3524681 soc=100 seq_num=366
D/VM_BMS  (  461): End process_bms_data
D/VM_BMS  (  461): wake_lock released
I/art     ( 3183): Rejecting re-init on previously-failed class java.lang.Class<com.google.android.gms.org.conscrypt.NativeCrypto>
I/art     ( 3183): Rejecting re-init on previously-failed class java.lang.Class<com.google.android.gms.org.conscrypt.NativeCrypto>
D/NetworkMonitor/NetworkAgentInfo [WIFI () - 100](  775): ValidatedState{ when=-1ms what=532488 arg1=10005 target=com.android.internal.util.StateMachine$SmHandler }
D/NetworkMonitor/NetworkAgentInfo [WIFI () - 100](  775): DefaultState{ when=-1ms what=532488 arg1=10005 target=com.android.internal.util.StateMachine$SmHandler }
D/NetworkMonitor/NetworkAgentInfo [WIFI () - 100](  775): Forcing reevaluation
D/NetworkMonitor/NetworkAgentInfo [WIFI () - 100](  775): EvaluatingState{ when=0 what=532486 arg1=41 target=com.android.internal.util.StateMachine$SmHandler }
D/NetworkMonitor/NetworkAgentInfo [WIFI () - 100](  775): Validated
V/WLAN_PSA(  314): NL MSG, len[4006], NL type[0x1C] WNI type[0x5900] len[36367]
V/WLAN_PSA(  314): NL MSG, PID: 314
V/WLAN_PSA(  314): NL MSG, len[4006], NL type[0x1C] WNI type[0x5900] len[36367]
V/WLAN_PSA(  314): NL MSG, PID: 314
D/VM_BMS  (  461): wake_lock acquired
D/VM_BMS  (  461): New BMS data - Size=56
D/VM_BMS  (  461): Start process_bms_data
D/VM_BMS  (  461): Battery charge_cycle=0 fcc_adjust=0 rbatt_adjust=0 cycle_changed=false
D/VM_BMS  (  461): For batt_temp=255 fcc_mah=2200
D/VM_BMS  (  461): Lookup fcc_mah=2200.000000  adjusted fcc_mah=2200.000000
D/VM_BMS  (  461): For ocv=4233199 batt_temp=255 soc=100
D/VM_BMS  (  461): fifo_count=5 acc_count=0
D/VM_BMS  (  461): INIT: ocv=4233199 last_ocv=4233199 batt_temp=255 soc=100
D/VM_BMS  (  461): For soc=100 batt_temp=255 slope=2000
D/VM_BMS  (  461): For soc=100 batt_temp=255 rbatt_sf=100
D/VM_BMS  (  461): rbatt_mohm_default=72, rbatt_mohm=72, sf=100 batt_temp=255
D/VM_BMS  (  461): Lookup rbatt=72.000000  adjusted rbatt=72.000000
D/VM_BMS  (  461): For ocv=4232404 batt_temp=255 soc=100
D/VM_BMS  (  461): FIFO=0 fifo_avg=3.803892 rbatt=0.122000 slope=0.200000 ibatt=3.515652 ocv=4.232404 soc=100 fcc_ah=2.200000 sample_count=128 sample_interval=70 seq_num=367
D/VM_BMS  (  461): For soc=100 batt_temp=255 slope=2000
D/VM_BMS  (  461): For soc=100 batt_temp=255 rbatt_sf=100
D/VM_BMS  (  461): rbatt_mohm_default=72, rbatt_mohm=72, sf=100 batt_temp=255
D/VM_BMS  (  461): Lookup rbatt=72.000000  adjusted rbatt=72.000000
D/VM_BMS  (  461): For ocv=4231610 batt_temp=255 soc=100
D/VM_BMS  (  461): FIFO=1 fifo_avg=3.803884 rbatt=0.122000 slope=0.200000 ibatt=3.509207 ocv=4.231610 soc=100 fcc_ah=2.200000 sample_count=128 sample_interval=70 seq_num=367
D/VM_BMS  (  461): For soc=100 batt_temp=255 slope=2000
D/VM_BMS  (  461): For soc=100 batt_temp=255 rbatt_sf=100
D/VM_BMS  (  461): rbatt_mohm_default=72, rbatt_mohm=72, sf=100 batt_temp=255
D/VM_BMS  (  461): Lookup rbatt=72.000000  adjusted rbatt=72.000000
D/VM_BMS  (  461): For ocv=4230816 batt_temp=255 soc=100
D/VM_BMS  (  461): FIFO=2 fifo_avg=3.803296 rbatt=0.122000 slope=0.200000 ibatt=3.507516 ocv=4.230816 soc=100 fcc_ah=2.200000 sample_count=128 sample_interval=70 seq_num=367
D/VM_BMS  (  461): For soc=100 batt_temp=255 slope=2000
D/VM_BMS  (  461): For soc=100 batt_temp=255 rbatt_sf=100
D/VM_BMS  (  461): rbatt_mohm_default=72, rbatt_mohm=72, sf=100 batt_temp=255
D/VM_BMS  (  461): Lookup rbatt=72.000000  adjusted rbatt=72.000000
D/VM_BMS  (  461): For ocv=4230025 batt_temp=255 soc=100
D/VM_BMS  (  461): FIFO=3 fifo_avg=3.803884 rbatt=0.122000 slope=0.200000 ibatt=3.496199 ocv=4.230025 soc=100 fcc_ah=2.200000 sample_count=128 sample_interval=70 seq_num=367
