V/WindowManager(  775): ** SHOWING status bar: top is not fullscreen
V/WindowManager(  775): finishPostLayoutPolicyLw: mHideKeyguard=false
D/BatteryMeterView( 2940): onDraw level = 56
D/PhoneStatusBar( 2940): disable: < expand icons alerts system_info back home* recent* clock search* >
D/BatteryMeterView( 2940): onDraw level = 56
I/SurfaceFlinger(  262): FPS: 48
I/DeviceCache( 5595): Unable to convert the the network interface's MAC Address to string. MAC address cannot be null.
I/DeviceCache( 5595): Unable to convert the the network interface's MAC Address to string. MAC address cannot be null.
I/DeviceCache( 5595): Unable to convert the the network interface's MAC Address to string. MAC address cannot be null.
I/DeviceCache( 5595): Unable to convert the the network interface's MAC Address to string. MAC address cannot be null.
I/DeviceCache( 5595): Unable to convert the the network interface's MAC Address to string. MAC address cannot be null.
I/DeviceCache( 5595): Unable to convert the the network interface's MAC Address to string. MAC address cannot be null.
I/DeviceCache( 5595): Unable to convert the the network interface's MAC Address to string. MAC address cannot be null.
I/DeviceCache( 5595): Unable to convert the the network interface's MAC Address to string. MAC address cannot be null.
I/DeviceCache( 5595): Unable to convert the the network interface's MAC Address to string. MAC address cannot be null.
I/DeviceCache( 5595): Unable to convert the the network interface's MAC Address to string. MAC address cannot be null.
I/DeviceCache( 5595): Unable to convert the the network interface's MAC Address to string. MAC address cannot be null.
I/DeviceCache( 5595): Unable to convert the the network interface's MAC Address to string. MAC address cannot be null.
I/DeviceCache( 5595): Unable to convert the the network interface's MAC Address to string. MAC address cannot be null.
I/DeviceCache( 5595): Unable to convert the the network interface's MAC Address to string. MAC address cannot be null.
I/DeviceCache( 5595): Unable to convert the the network interface's MAC Address to string. MAC address cannot be null.
I/DeviceCache( 5595): Unable to convert the the network interface's MAC Address to string. MAC address cannot be null.
I/DeviceCache( 5595): Unable to convert the the network interface's MAC Address to string. MAC address cannot be null.
I/DeviceCache( 5595): Unable to convert the the network interface's MAC Address to string. MAC address cannot be null.
I/DeviceCache( 5595): Unable to convert the the network interface's MAC Address to string. MAC address cannot be null.
I/DeviceCache( 5595): Unable to convert the the network interface's MAC Address to string. MAC address cannot be null.
W/InputMethodManagerService(  775): Window already focused, ignoring focus gain of: com.android.internal.view.IInputMethodClient$Stub$Proxy@19ece5cc attribute=android.view.inputmethod.EditorInfo@3faa3015, token = android.os.BinderProxy@23c3ba3b
I/Timeline( 9199): Timeline: Activity_idle id: android.os.BinderProxy@135ee584 time:11051657
E/AudioPolicyManager(  301): unknown stream type 13
E/AudioPolicyManager(  301): unknown stream type 13
E/AudioPolicyManager(  301): unknown stream type 13
E/AudioPolicyManager(  301): unknown stream type 13
E/AudioPolicyManager(  301): unknown stream type 13
E/AudioPolicyManager(  301): unknown stream type 13
E/AudioPolicyManager(  301): unknown stream type 13
E/AudioPolicyManager(  301): unknown stream type 13
E/AudioPolicyManager(  301): unknown stream type 13
E/AudioPolicyManager(  301): unknown stream type 13
E/AudioPolicyManager(  301): unknown stream type 13
E/AudioPolicyManager(  301): unknown stream type 13
E/AudioPolicyManager(  301): unknown stream type 13
E/AudioPolicyManager(  301): unknown stream type 13
E/AudioPolicyManager(  301): unknown stream type 13
E/AudioPolicyManager(  301): unknown stream type 13
E/AudioPolicyManager(  301): unknown stream type 13
I/WindowManager(  775): Win Window{bff5d73 u0 android}: isVisibleOrBehindKeyguardLw=true
I/WindowManager(  775): Win Window{7989c4a u0 StatusBar}: isVisibleOrBehindKeyguardLw=true
I/WindowManager(  775): Win Window{21b67558 u0 com.interswitchng.interswitchpossdkdemo.telpo.v2.debug/com.interswitchng.smartpos.modules.menu.settings.TerminalSettingsActivity}: isVisibleOrBehindKeyguardLw=true
V/WindowManager(  775): Fullscreen window: Window{21b67558 u0 com.interswitchng.interswitchpossdkdemo.telpo.v2.debug/com.interswitchng.smartpos.modules.menu.settings.TerminalSettingsActivity}
I/WindowManager(  775): Win Window{1ea30909 u0 com.android.phasebeam.PhaseBeamWallpaper}: isVisibleOrBehindKeyguardLw=true
I/WindowManager(  775): force=false forcefkg=false top=Window{21b67558 u0 com.interswitchng.interswitchpossdkdemo.telpo.v2.debug/com.interswitchng.smartpos.modules.menu.settings.TerminalSettingsActivity}
D/WindowManager(  775): frame: Rect(0, 0 - 720, 1280) shown frame: RectF(0.0, 0.0, 720.0, 1280.0)
D/WindowManager(  775): attr: WM.LayoutParams{(0,0)(fillxfill) sim=#120 ty=1 fl=#81810100 wanim=0x1030467 vsysui=0x600 surfaceInsets=Rect(0, 0 - 0, 0) needsMenuKey=2} lp.flags=0x81810100
V/WindowManager(  775): ** SHOWING status bar: top is not fullscreen
V/WindowManager(  775): finishPostLayoutPolicyLw: mHideKeyguard=false
I/WindowManager(  775): mDock rect: (0,0 - 720,1280)
V/WindowManager(  775): Status bar: dock=[0,50][720,1280] content=[0,50][720,1280] cur=[0,50][720,1280]
V/WindowManager(  775): layoutWindowLw(): normal window
V/WindowManager(  775): Compute frame : sim=#20 attach=null type=2015 flags=0x01000018 pf=[0,50][720,1280] df=[0,50][720,1280] of=[0,50][720,1280] cf=[0,50][720,1280] vf=[0,50][720,1280] dcf=[0,0][720,1280] sf=[0,50][720,1280]
V/WindowManager(  775): layoutWindowLw(com.interswitchng.interswitchpossdkdemo.telpo.v2.debug/com.interswitchng.smartpos.modules.menu.settings.TerminalSettingsActivity): IN_SCREEN, INSET_DECOR
V/WindowManager(  775): Compute frame com.interswitchng.interswitchpossdkdemo.telpo.v2.debug/com.interswitchng.smartpos.modules.menu.settings.TerminalSettingsActivity: sim=#120 attach=null type=1 flags=0x81810100 pf=[0,0][720,1280] df=[0,0][720,1280] of=[0,0][720,1280] cf=[0,50][720,1280] vf=[0,50][720,1280] dcf=[0,0][720,1280] sf=[0,50][720,1280]
V/WindowManager(  775): layoutWindowLw(com.android.phasebeam.PhaseBeamWallpaper): IN_SCREEN
V/WindowManager(  775): Compute frame com.android.phasebeam.PhaseBeamWallpaper: sim=#0 attach=null type=2013 flags=0x00000308 pf=[0,0][720,1280] df=[-10000,-10000][10000,10000] of=[0,0][720,1280] cf=[0,0][720,1280] vf=[0,50][720,1280] dcf=[0,0][720,1280] sf=[0,50][720,1280]
I/WindowManager(  775): Win Window{bff5d73 u0 android}: isVisibleOrBehindKeyguardLw=true
I/WindowManager(  775): Win Window{7989c4a u0 StatusBar}: isVisibleOrBehindKeyguardLw=true
I/WindowManager(  775): Win Window{21b67558 u0 com.interswitchng.interswitchpossdkdemo.telpo.v2.debug/com.interswitchng.smartpos.modules.menu.settings.TerminalSettingsActivity}: isVisibleOrBehindKeyguardLw=true
V/WindowManager(  775): Fullscreen window: Window{21b67558 u0 com.interswitchng.interswitchpossdkdemo.telpo.v2.debug/com.interswitchng.smartpos.modules.menu.settings.TerminalSettingsActivity}
I/WindowManager(  775): Win Window{1ea30909 u0 com.android.phasebeam.PhaseBeamWallpaper}: isVisibleOrBehindKeyguardLw=true
I/WindowManager(  775): force=false forcefkg=false top=Window{21b67558 u0 com.interswitchng.interswitchpossdkdemo.telpo.v2.debug/com.interswitchng.smartpos.modules.menu.settings.TerminalSettingsActivity}
D/WindowManager(  775): frame: Rect(0, 0 - 720, 1280) shown frame: RectF(0.0, 0.0, 720.0, 1280.0)
D/WindowManager(  775): attr: WM.LayoutParams{(0,0)(fillxfill) sim=#120 ty=1 fl=#81810100 wanim=0x1030467 vsysui=0x600 surfaceInsets=Rect(0, 0 - 0, 0) needsMenuKey=2} lp.flags=0x81810100
V/WindowManager(  775): ** SHOWING status bar: top is not fullscreen
V/WindowManager(  775): finishPostLayoutPolicyLw: mHideKeyguard=false
I/WindowManager(  775): mDock rect: (0,0 - 720,1280)
V/WindowManager(  775): Status bar: dock=[0,50][720,1280] content=[0,50][720,1280] cur=[0,50][720,1280]
V/WindowManager(  775): layoutWindowLw(): normal window
V/WindowManager(  775): Compute frame : sim=#20 attach=null type=2015 flags=0x01000018 pf=[0,50][720,1280] df=[0,50][720,1280] of=[0,50][720,1280] cf=[0,50][720,1280] vf=[0,50][720,1280] dcf=[0,0][720,1280] sf=[0,50][720,1280]
V/WindowManager(  775): layoutWindowLw(com.interswitchng.interswitchpossdkdemo.telpo.v2.debug/com.interswitchng.smartpos.modules.menu.settings.TerminalSettingsActivity): IN_SCREEN, INSET_DECOR
V/WindowManager(  775): Compute frame com.interswitchng.interswitchpossdkdemo.telpo.v2.debug/com.interswitchng.smartpos.modules.menu.settings.TerminalSettingsActivity: sim=#120 attach=null type=1 flags=0x81810100 pf=[0,0][720,1280] df=[0,0][720,1280] of=[0,0][720,1280] cf=[0,50][720,1280] vf=[0,50][720,1280] dcf=[0,0][720,1280] sf=[0,50][720,1280]
I/WindowManager(  775): Win Window{bff5d73 u0 android}: isVisibleOrBehindKeyguardLw=true
I/WindowManager(  775): Win Window{7989c4a u0 StatusBar}: isVisibleOrBehindKeyguardLw=true
I/WindowManager(  775): Win Window{21b67558 u0 com.interswitchng.interswitchpossdkdemo.telpo.v2.debug/com.interswitchng.smartpos.modules.menu.settings.TerminalSettingsActivity}: isVisibleOrBehindKeyguardLw=true
V/WindowManager(  775): Fullscreen window: Window{21b67558 u0 com.interswitchng.interswitchpossdkdemo.telpo.v2.debug/com.interswitchng.smartpos.modules.menu.settings.TerminalSettingsActivity}
I/WindowManager(  775): Win Window{1ea30909 u0 com.android.phasebeam.PhaseBeamWallpaper}: isVisibleOrBehindKeyguardLw=false
I/WindowManager(  775): force=false forcefkg=false top=Window{21b67558 u0 com.interswitchng.interswitchpossdkdemo.telpo.v2.debug/com.interswitchng.smartpos.modules.menu.settings.TerminalSettingsActivity}
D/WindowManager(  775): frame: Rect(0, 0 - 720, 1280) shown frame: RectF(0.0, 0.0, 720.0, 1280.0)
D/WindowManager(  775): attr: WM.LayoutParams{(0,0)(fillxfill) sim=#120 ty=1 fl=#81810100 wanim=0x1030467 vsysui=0x600 surfaceInsets=Rect(0, 0 - 0, 0) needsMenuKey=2} lp.flags=0x81810100
V/WindowManager(  775): ** SHOWING status bar: top is not fullscreen
V/WindowManager(  775): finishPostLayoutPolicyLw: mHideKeyguard=false
D/BatteryMeterView( 2940): not on charging...
D/BatteryMeterView( 2940): not on charging...
D/BatteryMeterView( 2940): not on charging...
I/WindowManager(  775): mDock rect: (0,0 - 720,1280)
D/BatteryMeterView( 2940): onDraw level = 56
V/WindowManager(  775): Status bar: dock=[0,50][720,1280] content=[0,50][720,1280] cur=[0,50][720,1280]
V/WindowManager(  775): layoutWindowLw(): normal window
V/WindowManager(  775): Compute frame : sim=#20 attach=null type=2015 flags=0x01000018 pf=[0,50][720,1280] df=[0,50][720,1280] of=[0,50][720,1280] cf=[0,50][720,1280] vf=[0,50][720,1280] dcf=[0,0][720,1280] sf=[0,50][720,1280]
V/WindowManager(  775): layoutWindowLw(com.interswitchng.interswitchpossdkdemo.telpo.v2.debug/com.interswitchng.smartpos.modules.menu.settings.TerminalSettingsActivity): IN_SCREEN, INSET_DECOR
V/WindowManager(  775): Compute frame com.interswitchng.interswitchpossdkdemo.telpo.v2.debug/com.interswitchng.smartpos.modules.menu.settings.TerminalSettingsActivity: sim=#120 attach=null type=1 flags=0x81810100 pf=[0,0][720,1280] df=[0,0][720,1280] of=[0,0][720,1280] cf=[0,50][720,1280] vf=[0,50][720,1280] dcf=[0,0][720,1280] sf=[0,50][720,1280]
I/WindowManager(  775): Win Window{bff5d73 u0 android}: isVisibleOrBehindKeyguardLw=true
I/WindowManager(  775): Win Window{7989c4a u0 StatusBar}: isVisibleOrBehindKeyguardLw=true
I/WindowManager(  775): Win Window{21b67558 u0 com.interswitchng.interswitchpossdkdemo.telpo.v2.debug/com.interswitchng.smartpos.modules.menu.settings.TerminalSettingsActivity}: isVisibleOrBehindKeyguardLw=true
V/WindowManager(  775): Fullscreen window: Window{21b67558 u0 com.interswitchng.interswitchpossdkdemo.telpo.v2.debug/com.interswitchng.smartpos.modules.menu.settings.TerminalSettingsActivity}
I/WindowManager(  775): Win Window{1ea30909 u0 com.android.phasebeam.PhaseBeamWallpaper}: isVisibleOrBehindKeyguardLw=false
I/WindowManager(  775): force=false forcefkg=false top=Window{21b67558 u0 com.interswitchng.interswitchpossdkdemo.telpo.v2.debug/com.interswitchng.smartpos.modules.menu.settings.TerminalSettingsActivity}
D/WindowManager(  775): frame: Rect(0, 0 - 720, 1280) shown frame: RectF(0.0, 0.0, 720.0, 1280.0)
D/WindowManager(  775): attr: WM.LayoutParams{(0,0)(fillxfill) sim=#120 ty=1 fl=#81810100 wanim=0x1030467 vsysui=0x600 surfaceInsets=Rect(0, 0 - 0, 0) needsMenuKey=2} lp.flags=0x81810100
V/WindowManager(  775): ** SHOWING status bar: top is not fullscreen
V/WindowManager(  775): finishPostLayoutPolicyLw: mHideKeyguard=false
I/WindowManager(  775): mDock rect: (0,0 - 720,1280)
V/WindowManager(  775): Status bar: dock=[0,50][720,1280] content=[0,50][720,1280] cur=[0,50][720,1280]
V/WindowManager(  775): layoutWindowLw(): normal window
V/WindowManager(  775): Compute frame : sim=#20 attach=null type=2015 flags=0x01000018 pf=[0,50][720,1280] df=[0,50][720,1280] of=[0,50][720,1280] cf=[0,50][720,1280] vf=[0,50][720,1280] dcf=[0,0][720,1280] sf=[0,50][720,1280]
V/WindowManager(  775): layoutWindowLw(com.interswitchng.interswitchpossdkdemo.telpo.v2.debug/com.interswitchng.smartpos.modules.menu.settings.TerminalSettingsActivity): IN_SCREEN, INSET_DECOR
V/WindowManager(  775): Compute frame com.interswitchng.interswitchpossdkdemo.telpo.v2.debug/com.interswitchng.smartpos.modules.menu.settings.TerminalSettingsActivity: sim=#120 attach=null type=1 flags=0x81810100 pf=[0,0][720,1280] df=[0,0][720,1280] of=[0,0][720,1280] cf=[0,50][720,1280] vf=[0,50][720,1280] dcf=[0,0][720,1280] sf=[0,50][720,1280]
I/WindowManager(  775): Win Window{bff5d73 u0 android}: isVisibleOrBehindKeyguardLw=true
I/WindowManager(  775): Win Window{7989c4a u0 StatusBar}: isVisibleOrBehindKeyguardLw=true
I/WindowManager(  775): Win Window{21b67558 u0 com.interswitchng.interswitchpossdkdemo.telpo.v2.debug/com.interswitchng.smartpos.modules.menu.settings.TerminalSettingsActivity}: isVisibleOrBehindKeyguardLw=true
V/WindowManager(  775): Fullscreen window: Window{21b67558 u0 com.interswitchng.interswitchpossdkdemo.telpo.v2.debug/com.interswitchng.smartpos.modules.menu.settings.TerminalSettingsActivity}
I/WindowManager(  775): Win Window{1ea30909 u0 com.android.phasebeam.PhaseBeamWallpaper}: isVisibleOrBehindKeyguardLw=false
I/WindowManager(  775): force=false forcefkg=false top=Window{21b67558 u0 com.interswitchng.interswitchpossdkdemo.telpo.v2.debug/com.interswitchng.smartpos.modules.menu.settings.TerminalSettingsActivity}
D/WindowManager(  775): frame: Rect(0, 0 - 720, 1280) shown frame: RectF(0.0, 0.0, 720.0, 1280.0)
D/WindowManager(  775): attr: WM.LayoutParams{(0,0)(fillxfill) sim=#120 ty=1 fl=#81810100 wanim=0x1030467 vsysui=0x600 surfaceInsets=Rect(0, 0 - 0, 0) needsMenuKey=2} lp.flags=0x81810100
V/WindowManager(  775): ** SHOWING status bar: top is not fullscreen
V/WindowManager(  775): finishPostLayoutPolicyLw: mHideKeyguard=false
D/BatteryMeterView( 2940): onDraw level = 56
I/SurfaceFlinger(  262): FPS: 43
D/wpa_supplicant( 5246): wlan0: Control interface command 'SIGNAL_POLL'
D/BatteryMeterView( 2940): not on charging...
D/BatteryMeterView( 2940): not on charging...
D/BatteryMeterView( 2940): not on charging...
D/BatteryMeterView( 2940): onDraw level = 56
D/BatteryMeterView( 2940): onDraw level = 56
I/SurfaceFlinger(  262): FPS: 5
D/BatteryMeterView( 2940): not on charging...
D/BatteryMeterView( 2940): not on charging...
D/BatteryMeterView( 2940): not on charging...
D/BatteryMeterView( 2940): onDraw level = 56
D/BatteryMeterView( 2940): onDraw level = 56
D/audio_hw_primary(  301): out_standby: enter: stream (0xb79f3180) usecase(1: low-latency-playback)
D/soundtrigger(  301): audio_extn_sound_trigger_update_stream_status: uc_id 1 of type 0 for Event 2, with Raise=0
D/hardware_info(  301): hw_info_append_hw_type : device_name = speaker
I/soundtrigger(  301): audio_extn_sound_trigger_update_device_status: device 0x2 of type 0 for Event 0, with Raise=0
I/SurfaceFlinger(  262): FPS: 5
D/BatteryMeterView( 2940): not on charging...
D/BatteryMeterView( 2940): not on charging...
D/BatteryMeterView( 2940): not on charging...
D/BatteryMeterView( 2940): onDraw level = 56
D/BatteryMeterView( 2940): onDraw level = 56
V/WLAN_PSA(  314): NL MSG, len[4038], NL type[0x1C] WNI type[0x5900] len[44559]
V/WLAN_PSA(  314): NL MSG, PID: 314
D/wpa_supplicant( 5246): wlan0: Control interface command 'SIGNAL_POLL'
I/SurfaceFlinger(  262): FPS: 7
D/BatteryMeterView( 2940): not on charging...
D/BatteryMeterView( 2940): not on charging...
D/BatteryMeterView( 2940): not on charging...
D/BatteryMeterView( 2940): onDraw level = 56
D/BatteryMeterView( 2940): onDraw level = 56
I/SurfaceFlinger(  262): FPS: 7
D/BatteryMeterView( 2940): not on charging...
D/BatteryMeterView( 2940): onDraw level = 56
D/BatteryMeterView( 2940): not on charging...
D/BatteryMeterView( 2940): not on charging...
D/BatteryMeterView( 2940): onDraw level = 56
I/SurfaceFlinger(  262): FPS: 6
D/BatteryMeterView( 2940): not on charging...
D/BatteryMeterView( 2940): not on charging...
D/BatteryMeterView( 2940): not on charging...
D/BatteryMeterView( 2940): onDraw level = 56
D/BatteryMeterView( 2940): onDraw level = 56
D/wpa_supplicant( 5246): wlan0: Control interface command 'SIGNAL_POLL'
V/WLAN_PSA(  314): NL MSG, len[4056], NL type[0x1C] WNI type[0x5900] len[49167]
V/WLAN_PSA(  314): NL MSG, PID: 314
I/SurfaceFlinger(  262): FPS: 7
D/BatteryMeterView( 2940): not on charging...
D/BatteryMeterView( 2940): not on charging...
D/BatteryMeterView( 2940): not on charging...
D/BatteryMeterView( 2940): onDraw level = 56
D/BatteryMeterView( 2940): onDraw level = 56
I/SurfaceFlinger(  262): FPS: 6
I/SurfaceFlinger(  262): FPS: 4
D/wpa_supplicant( 5246): wlan0: Control interface command 'SIGNAL_POLL'
D/BatteryMeterView( 2940): not on charging...
D/BatteryMeterView( 2940): not on charging...
D/BatteryMeterView( 2940): not on charging...
D/BatteryMeterView( 2940): onDraw level = 56
D/BatteryMeterView( 2940): onDraw level = 56
I/SurfaceFlinger(  262): FPS: 6
V/WLAN_PSA(  314): NL MSG, len[4060], NL type[0x1C] WNI type[0x5900] len[50191]
V/WLAN_PSA(  314): NL MSG, PID: 314
D/BatteryMeterView( 2940): not on charging...
D/BatteryMeterView( 2940): not on charging...
D/BatteryMeterView( 2940): not on charging...
D/BatteryMeterView( 2940): onDraw level = 56
D/BatteryMeterView( 2940): onDraw level = 56
I/SurfaceFlinger(  262): FPS: 6
D/BatteryMeterView( 2940): not on charging...
D/BatteryMeterView( 2940): not on charging...
D/BatteryMeterView( 2940): not on charging...
D/BatteryMeterView( 2940): onDraw level = 56
D/BatteryMeterView( 2940): onDraw level = 56
I/SurfaceFlinger(  262): FPS: 6
D/wpa_supplicant( 5246): wlan0: Control interface command 'SIGNAL_POLL'
D/BatteryMeterView( 2940): not on charging...
D/BatteryMeterView( 2940): not on charging...
D/BatteryMeterView( 2940): not on charging...
D/BatteryMeterView( 2940): onDraw level = 56
D/BatteryMeterView( 2940): onDraw level = 56
I/SurfaceFlinger(  262): FPS: 7
I/art     ( 3183): Rejecting re-init on previously-failed class java.lang.Class<com.google.android.gms.org.conscrypt.NativeCrypto>
I/art     ( 3183): Rejecting re-init on previously-failed class java.lang.Class<com.google.android.gms.org.conscrypt.NativeCrypto>
I/ProcessStatsService(  775): Prepared write state in 8ms
D/ConnectivityService(  775): reportBadNetwork(NetworkAgentInfo [WIFI () - 100]) by 10005
D/NetworkMonitor/NetworkAgentInfo [WIFI () - 100](  775): ValidatedState{ when=0 what=532488 arg1=10005 target=com.android.internal.util.StateMachine$SmHandler }
D/NetworkMonitor/NetworkAgentInfo [WIFI () - 100](  775): DefaultState{ when=0 what=532488 arg1=10005 target=com.android.internal.util.StateMachine$SmHandler }
D/NetworkMonitor/NetworkAgentInfo [WIFI () - 100](  775): Forcing reevaluation
D/NetworkMonitor/NetworkAgentInfo [WIFI () - 100](  775): EvaluatingState{ when=0 what=532486 arg1=42 target=com.android.internal.util.StateMachine$SmHandler }
D/NetworkMonitor/NetworkAgentInfo [WIFI () - 100](  775): Validated
D/ConnectivityService(  775): setProvNotificationVisibleIntent: E visible=false networkType=0 extraInfo=null
D/ConnectivityService(  775): Validated NetworkAgentInfo [WIFI () - 100]
I/ProcessStatsService(  775): Prepared write state in 8ms
I/ProcessStatsService(  775): Pruning old procstats: /data/system/procstats/state-2020-05-28-23-51-44.bin
D/BatteryMeterView( 2940): not on charging...
D/BatteryMeterView( 2940): not on charging...
D/BatteryMeterView( 2940): not on charging...
D/BatteryMeterView( 2940): onDraw level = 56
D/BatteryMeterView( 2940): onDraw level = 56
I/SurfaceFlinger(  262): FPS: 6
D/BatteryMeterView( 2940): not on charging...
D/BatteryMeterView( 2940): not on charging...
D/BatteryMeterView( 2940): not on charging...
D/BatteryMeterView( 2940): onDraw level = 56
D/BatteryMeterView( 2940): onDraw level = 56
V/WLAN_PSA(  314): NL MSG, len[4091], NL type[0x1C] WNI type[0x5900] len[58127]
V/WLAN_PSA(  314): NL MSG, PID: 314
D/wpa_supplicant( 5246): wlan0: Control interface command 'SIGNAL_POLL'
I/SurfaceFlinger(  262): FPS: 6
D/BatteryMeterView( 2940): not on charging...
D/BatteryMeterView( 2940): not on charging...
D/BatteryMeterView( 2940): not on charging...
D/BatteryMeterView( 2940): onDraw level = 56
D/BatteryMeterView( 2940): onDraw level = 56
I/SurfaceFlinger(  262): FPS: 6
D/BatteryMeterView( 2940): not on charging...
D/BatteryMeterView( 2940): not on charging...
D/BatteryMeterView( 2940): not on charging...
D/BatteryMeterView( 2940): onDraw level = 56
D/BatteryMeterView( 2940): onDraw level = 56
E/WifiStateMachine(  775): WifiStateMachine CMD_START_SCAN source -2 txSuccessRate=31.42 rxSuccessRate=21.48 targetRoamBSSID=any RSSI=-18
E/WifiStateMachine(  775): WifiStateMachine starting scan for "Swift-LTE-0B6B"-WPA_PSK with 2442
D/wpa_supplicant( 5246): wlan0: Control interface command 'SCAN TYPE=ONLY freq=2442'
D/wpa_supplicant( 5246): wlan0: Setting scan request: 0.000000 sec
D/wpa_supplicant( 5246): wlan0: Starting AP scan for wildcard SSID
D/wpa_supplicant( 5246): wlan0: Limit manual scan to specified channels
D/wpa_supplicant( 5246): wlan0: Add radio work 'scan'@0xb7fb3b60
D/wpa_supplicant( 5246): wlan0: First radio work item in the queue - schedule start immediately
D/wpa_supplicant( 5246): wlan0: Starting radio work 'scan'@0xb7fb3b60 after 0.000068 second wait
D/wpa_supplicant( 5246): wlan0: nl80211: scan request
D/wpa_supplicant( 5246): nl80211: Scan SSID - hexdump(len=0): [NULL]
D/wpa_supplicant( 5246): nl80211: Scan frequency 2442 MHz
V/WLAN_PSA(  314): NL MSG, len[4076], NL type[0x1C] WNI type[0x5900] len[54287]
V/WLAN_PSA(  314): NL MSG, PID: 314
I/WifiHAL (  775): Poll result = 1
I/WifiHAL (  775): Found some events!!!
D/WifiHAL (  775): no_seq_check received
I/WifiHAL (  775): event received NL80211_CMD_TRIGGER_SCAN
I/WifiHAL (  775): event received NL80211_CMD_TRIGGER_SCAN, vendor_id = 0x0
I/WifiHAL (  775): event ignored!!
V/WLAN_PSA(  314): NL MSG, len[914], NL type[0x11] WNI type[0x5050] len[894]
V/WLAN_PSA(  314): NL MSG, PID: 314
V/WLAN_PSA(  314): NL MSG, len[048], NL type[0x11] WNI type[0x5050] len[028]
V/WLAN_PSA(  314): NL MSG, PID: 314
D/wpa_supplicant( 5246): Scan requested (ret=0) - scan timeout 30 seconds
D/wpa_supplicant( 5246): nl80211: Event message available
D/wpa_supplicant( 5246): nl80211: Drv Event 33 (NL80211_CMD_TRIGGER_SCAN) received for wlan0
D/wpa_supplicant( 5246): wlan0: nl80211: Scan trigger
D/wpa_supplicant( 5246): wlan0: Event SCAN_STARTED (49) received
D/wpa_supplicant( 5246): wlan0: Own scan request started a scan in 0.000191 seconds
D/wpa_supplicant( 5246): CTRL_IFACE monitor sent successfully to /data/misc/wifi/sockets/wpa_ctrl_329-1\x00
D/wpa_supplicant( 5246): CTRL_IFACE monitor sent successfully to /data/misc/wifi/sockets/wpa_ctrl_775-3\x00
V/WLAN_PSA(  314): NL MSG, len[4012], NL type[0x1C] WNI type[0x5900] len[37903]
V/WLAN_PSA(  314): NL MSG, PID: 314
I/SurfaceFlinger(  262): FPS: 7
V/WLAN_PSA(  314): NL MSG, len[4058], NL type[0x1C] WNI type[0x5900] len[49679]
V/WLAN_PSA(  314): NL MSG, PID: 314
V/WLAN_PSA(  314): NL MSG, len[914], NL type[0x11] WNI type[0x5050] len[894]
V/WLAN_PSA(  314): NL MSG, PID: 314
I/WifiHAL (  775): Poll result = 1
I/WifiHAL (  775): Found some events!!!
D/WifiHAL (  775): no_seq_check received
I/WifiHAL (  775): event received NL80211_CMD_NEW_SCAN_RESULTS
I/WifiHAL (  775): event received NL80211_CMD_NEW_SCAN_RESULTS, vendor_id = 0x0
I/WifiHAL (  775): event ignored!!
D/wpa_supplicant( 5246): nl80211: Event message available
D/wpa_supplicant( 5246): nl80211: Drv Event 34 (NL80211_CMD_NEW_SCAN_RESULTS) received for wlan0
D/wpa_supplicant( 5246): wlan0: nl80211: New scan results available
D/wpa_supplicant( 5246): nl80211: Scan included frequencies: 2442
D/wpa_supplicant( 5246): wlan0: Event SCAN_RESULTS (3) received
D/wpa_supplicant( 5246): wlan0: Scan completed in 0.072875 seconds
D/wpa_supplicant( 5246): nl80211: Associated on 2442 MHz
D/wpa_supplicant( 5246): nl80211: Associated with fc:dd:55:70:0b:6b
D/wpa_supplicant( 5246): nl80211: Received scan results (1 BSSes)
D/wpa_supplicant( 5246): nl80211: Scan results indicate BSS status with fc:dd:55:70:0b:6b as associated
D/wpa_supplicant( 5246): wlan0: BSS: Start scan result update 30
D/wpa_supplicant( 5246): BSS: last_scan_res_used=1/32
D/wpa_supplicant( 5246): wlan0: Scan-only results received
D/wpa_supplicant( 5246): CTRL_IFACE monitor sent successfully to /data/misc/wifi/sockets/wpa_ctrl_329-1\x00
D/wpa_supplicant( 5246): CTRL_IFACE monitor sent successfully to /data/misc/wifi/sockets/wpa_ctrl_775-3\x00
D/wpa_supplicant( 5246): wlan0: Radio work 'scan'@0xb7fb3b60 done in 0.077334 seconds
V/WLAN_PSA(  314): NL MSG, len[4044], NL type[0x1C] WNI type[0x5900] len[46095]
V/WLAN_PSA(  314): NL MSG, PID: 314
D/wpa_supplicant( 5246): wlan0: Control interface command 'BSS RANGE=0- MASK=0x21987'
D/wpa_supplicant( 5246): wlan0: Control interface command 'STATUS-NO_EVENTS'
D/BatteryMeterView( 2940): not on charging...
D/BatteryMeterView( 2940): not on charging...
D/BatteryMeterView( 2940): not on charging...
D/BatteryMeterView( 2940): onDraw level = 56
D/BatteryMeterView( 2940): onDraw level = 56
D/wpa_supplicant( 5246): wlan0: Control interface command 'SIGNAL_POLL'
W/ProcessCpuTracker(  775): Skipping unknown process pid 10419
D/BatteryMeterView( 2940): not on charging...
D/BatteryMeterView( 2940): not on charging...
D/BatteryMeterView( 2940): not on charging...
D/BatteryMeterView( 2940): onDraw level = 56
D/BatteryMeterView( 2940): onDraw level = 56
I/SurfaceFlinger(  262): FPS: 7
D/BatteryMeterView( 2940): not on charging...
D/BatteryMeterView( 2940): not on charging...
D/BatteryMeterView( 2940): not on charging...
D/BatteryMeterView( 2940): onDraw level = 56
D/BatteryMeterView( 2940): onDraw level = 56
I/SurfaceFlinger(  262): FPS: 6
V/WLAN_PSA(  314): NL MSG, len[4076], NL type[0x1C] WNI type[0x5900] len[54287]
V/WLAN_PSA(  314): NL MSG, PID: 314
I/SurfaceFlinger(  262): FPS: 4
D/BatteryMeterView( 2940): not on charging...
D/BatteryMeterView( 2940): not on charging...
D/BatteryMeterView( 2940): not on charging...
D/BatteryMeterView( 2940): onDraw level = 56
D/wpa_supplicant( 5246): wlan0: Control interface command 'SIGNAL_POLL'
D/BatteryMeterView( 2940): onDraw level = 56
I/SurfaceFlinger(  262): FPS: 6
D/BatteryMeterView( 2940): not on charging...
D/BatteryMeterView( 2940): not on charging...
D/BatteryMeterView( 2940): not on charging...
D/BatteryMeterView( 2940): onDraw level = 56
D/BatteryMeterView( 2940): onDraw level = 56
I/SurfaceFlinger(  262): FPS: 6
D/BatteryMeterView( 2940): not on charging...
D/BatteryMeterView( 2940): not on charging...
D/BatteryMeterView( 2940): not on charging...
D/BatteryMeterView( 2940): onDraw level = 56
D/BatteryMeterView( 2940): onDraw level = 56
D/wpa_supplicant( 5246): wlan0: Control interface command 'SIGNAL_POLL'
V/WLAN_PSA(  314): NL MSG, len[4061], NL type[0x1C] WNI type[0x5900] len[50447]
V/WLAN_PSA(  314): NL MSG, PID: 314
D/BatteryMeterView( 2940): not on charging...
D/BatteryMeterView( 2940): not on charging...
D/BatteryMeterView( 2940): not on charging...
D/BatteryMeterView( 2940): onDraw level = 56
D/BatteryMeterView( 2940): onDraw level = 56
I/SurfaceFlinger(  262): FPS: 7
D/BatteryMeterView( 2940): not on charging...
D/BatteryMeterView( 2940): not on charging...
D/BatteryMeterView( 2940): not on charging...
D/BatteryMeterView( 2940): onDraw level = 56
D/BatteryMeterView( 2940): onDraw level = 56
I/SurfaceFlinger(  262): FPS: 7
I/SurfaceFlinger(  262): FPS: 6
D/wpa_supplicant( 5246): wlan0: Control interface command 'SIGNAL_POLL'
I/SurfaceFlinger(  262): FPS: 5
D/BatteryMeterView( 2940): not on charging...
D/BatteryMeterView( 2940): not on charging...
D/BatteryMeterView( 2940): not on charging...
D/BatteryMeterView( 2940): onDraw level = 55
D/BatteryMeterView( 2940): onDraw level = 55
I/SurfaceFlinger(  262): FPS: 6
D/BatteryMeterView( 2940): not on charging...
D/BatteryMeterView( 2940): not on charging...
D/BatteryMeterView( 2940): not on charging...
D/BatteryMeterView( 2940): onDraw level = 55
D/BatteryMeterView( 2940): onDraw level = 55
V/WLAN_PSA(  314): NL MSG, len[4021], NL type[0x1C] WNI type[0x5900] len[40207]
V/WLAN_PSA(  314): NL MSG, PID: 314
D/BatteryMeterView( 2940): not on charging...
D/BatteryMeterView( 2940): not on charging...
D/BatteryMeterView( 2940): not on charging...
D/BatteryMeterView( 2940): onDraw level = 55
D/BatteryMeterView( 2940): onDraw level = 55
I/SurfaceFlinger(  262): FPS: 7
D/wpa_supplicant( 5246): wlan0: Control interface command 'SIGNAL_POLL'
I/SurfaceFlinger(  262): FPS: 7
D/BatteryMeterView( 2940): not on charging...
D/BatteryMeterView( 2940): not on charging...
D/BatteryMeterView( 2940): not on charging...
D/BatteryMeterView( 2940): onDraw level = 55
D/BatteryMeterView( 2940): onDraw level = 55
I/SurfaceFlinger(  262): FPS: 7
I/SurfaceFlinger(  262): FPS: 3
D/wpa_supplicant( 5246): wlan0: Control interface command 'SIGNAL_POLL'
V/WLAN_PSA(  314): NL MSG, len[4019], NL type[0x1C] WNI type[0x5900] len[39695]
V/WLAN_PSA(  314): NL MSG, PID: 314
D/BatteryMeterView( 2940): not on charging...
D/BatteryMeterView( 2940): not on charging...
D/BatteryMeterView( 2940): not on charging...
D/BatteryMeterView( 2940): onDraw level = 55
D/BatteryMeterView( 2940): onDraw level = 55
I/SurfaceFlinger(  262): FPS: 5
I/SurfaceFlinger(  262): FPS: 5
D/BatteryMeterView( 2940): not on charging...
D/BatteryMeterView( 2940): not on charging...
D/BatteryMeterView( 2940): not on charging...
D/BatteryMeterView( 2940): onDraw level = 55
D/BatteryMeterView( 2940): onDraw level = 55
D/wpa_supplicant( 5246): wlan0: Control interface command 'SIGNAL_POLL'
I/SurfaceFlinger(  262): FPS: 7
V/WLAN_PSA(  314): NL MSG, len[4074], NL type[0x1C] WNI type[0x5900] len[53775]
V/WLAN_PSA(  314): NL MSG, PID: 314
D/BatteryMeterView( 2940): not on charging...
D/BatteryMeterView( 2940): not on charging...
D/BatteryMeterView( 2940): not on charging...
D/BatteryMeterView( 2940): onDraw level = 55
D/BatteryMeterView( 2940): onDraw level = 55
D/VM_BMS  (  461): wake_lock acquired
D/VM_BMS  (  461): New BMS data - Size=56
D/VM_BMS  (  461): Start process_bms_data
D/VM_BMS  (  461): Battery charge_cycle=0 fcc_adjust=0 rbatt_adjust=0 cycle_changed=false
D/VM_BMS  (  461): For batt_temp=255 fcc_mah=2200
D/VM_BMS  (  461): Lookup fcc_mah=2200.000000  adjusted fcc_mah=2200.000000
D/VM_BMS  (  461): For ocv=4209858 batt_temp=255 soc=100
D/VM_BMS  (  461): fifo_count=5 acc_count=0
D/VM_BMS  (  461): INIT: ocv=4209858 last_ocv=4209858 batt_temp=255 soc=100
D/VM_BMS  (  461): For soc=100 batt_temp=255 slope=2000
D/VM_BMS  (  461): For soc=100 batt_temp=255 rbatt_sf=100
D/VM_BMS  (  461): rbatt_mohm_default=72, rbatt_mohm=72, sf=100 batt_temp=255
D/VM_BMS  (  461): Lookup rbatt=72.000000  adjusted rbatt=72.000000
D/VM_BMS  (  461): For ocv=4209096 batt_temp=255 soc=100
D/VM_BMS  (  461): FIFO=0 fifo_avg=3.798836 rbatt=0.122000 slope=0.200000 ibatt=3.365911 ocv=4.209096 soc=100 fcc_ah=2.200000 sample_count=128 sample_interval=70 seq_num=373
D/VM_BMS  (  461): For soc=100 batt_temp=255 slope=2000
D/VM_BMS  (  461): For soc=100 batt_temp=255 rbatt_sf=100
D/VM_BMS  (  461): rbatt_mohm_default=72, rbatt_mohm=72, sf=100 batt_temp=255
D/VM_BMS  (  461): Lookup rbatt=72.000000  adjusted rbatt=72.000000
D/VM_BMS  (  461): For ocv=4208335 batt_temp=255 soc=100
D/VM_BMS  (  461): FIFO=1 fifo_avg=3.798512 rbatt=0.122000 slope=0.200000 ibatt=3.362324 ocv=4.208335 soc=100 fcc_ah=2.200000 sample_count=128 sample_interval=70 seq_num=373
D/VM_BMS  (  461): For soc=100 batt_temp=255 slope=2000
D/VM_BMS  (  461): For soc=100 batt_temp=255 rbatt_sf=100
D/VM_BMS  (  461): rbatt_mohm_default=72, rbatt_mohm=72, sf=100 batt_temp=255
D/VM_BMS  (  461): Lookup rbatt=72.000000  adjusted rbatt=72.000000
D/VM_BMS  (  461): For ocv=4207576 batt_temp=255 soc=100
D/VM_BMS  (  461): FIFO=2 fifo_avg=3.798825 rbatt=0.122000 slope=0.200000 ibatt=3.353529 ocv=4.207576 soc=100 fcc_ah=2.200000 sample_count=128 sample_interval=70 seq_num=373
D/VM_BMS  (  461): For soc=100 batt_temp=255 slope=2000
D/VM_BMS  (  461): For soc=100 batt_temp=255 rbatt_sf=100
D/VM_BMS  (  461): rbatt_mohm_default=72, rbatt_mohm=72, sf=100 batt_temp=255
D/VM_BMS  (  461): Lookup rbatt=72.000000  adjusted rbatt=72.000000
D/VM_BMS  (  461): For ocv=4206815 batt_temp=255 soc=100
D/VM_BMS  (  461): FIFO=3 fifo_avg=3.797344 rbatt=0.122000 slope=0.200000 ibatt=3.359441 ocv=4.206816 soc=100 fcc_ah=2.200000 sample_count=128 sample_interval=70 seq_num=373
D/VM_BMS  (  461): For soc=100 batt_temp=255 slope=2000
D/VM_BMS  (  461): For soc=100 batt_temp=255 rbatt_sf=100
D/VM_BMS  (  461): rbatt_mohm_default=72, rbatt_mohm=72, sf=100 batt_temp=255
D/VM_BMS  (  461): Lookup rbatt=72.000000  adjusted rbatt=72.000000
D/VM_BMS  (  461): For ocv=4206057 batt_temp=255 soc=100
D/VM_BMS  (  461): FIFO=4 fifo_avg=3.797954 rbatt=0.122000 slope=0.200000 ibatt=3.348212 ocv=4.206057 soc=100 fcc_ah=2.200000 sample_count=128 sample_interval=70 seq_num=373
I/VM_BMS  (  461): power_supply_update: ocv_uv=4206057 ibatt=3348212 soc=100 seq_num=373
D/VM_BMS  (  461): End process_bms_data
E/WifiStateMachine(  775): WifiStateMachine CMD_START_SCAN source -2 txSuccessRate=56.24 rxSuccessRate=45.31 targetRoamBSSID=any RSSI=-19
D/VM_BMS  (  461): wake_lock released
D/BatteryMeterView( 2940): not on charging...
D/BatteryMeterView( 2940): onDraw level = 55
D/BatteryMeterView( 2940): not on charging...
D/BatteryMeterView( 2940): not on charging...
D/BatteryMeterView( 2940): onDraw level = 55
I/SurfaceFlinger(  262): FPS: 7
I/SurfaceFlinger(  262): FPS: 5
D/BatteryMeterView( 2940): not on charging...
D/BatteryMeterView( 2940): not on charging...
D/BatteryMeterView( 2940): not on charging...
D/BatteryMeterView( 2940): onDraw level = 55
D/BatteryMeterView( 2940): onDraw level = 55
D/wpa_supplicant( 5246): wlan0: Control interface command 'SIGNAL_POLL'
D/BatteryMeterView( 2940): not on charging...
D/BatteryMeterView( 2940): not on charging...
D/BatteryMeterView( 2940): not on charging...
D/BatteryMeterView( 2940): onDraw level = 55
D/BatteryMeterView( 2940): onDraw level = 55
I/SurfaceFlinger(  262): FPS: 9
D/BatteryMeterView( 2940): not on charging...
D/BatteryMeterView( 2940): not on charging...
D/BatteryMeterView( 2940): not on charging...
D/BatteryMeterView( 2940): onDraw level = 55
D/BatteryMeterView( 2940): onDraw level = 55
I/SurfaceFlinger(  262): FPS: 6
D/BatteryMeterView( 2940): not on charging...
D/BatteryMeterView( 2940): not on charging...
D/BatteryMeterView( 2940): not on charging...
D/BatteryMeterView( 2940): onDraw level = 55
D/BatteryMeterView( 2940): onDraw level = 55
I/SurfaceFlinger(  262): FPS: 6
V/WLAN_PSA(  314): NL MSG, len[4091], NL type[0x1C] WNI type[0x5900] len[58127]
V/WLAN_PSA(  314): NL MSG, PID: 314
D/wpa_supplicant( 5246): wlan0: Control interface command 'SIGNAL_POLL'
I/SurfaceFlinger(  262): FPS: 6
D/BatteryMeterView( 2940): not on charging...
D/BatteryMeterView( 2940): not on charging...
D/BatteryMeterView( 2940): not on charging...
D/BatteryMeterView( 2940): onDraw level = 55
D/BatteryMeterView( 2940): onDraw level = 55
I/SurfaceFlinger(  262): FPS: 5
D/wpa_supplicant( 5246): wlan0: Control interface command 'SIGNAL_POLL'
V/WLAN_PSA(  314): NL MSG, len[4041], NL type[0x1C] WNI type[0x5900] len[45327]
V/WLAN_PSA(  314): NL MSG, PID: 314
I/SurfaceFlinger(  262): FPS: 5
D/BatteryMeterView( 2940): not on charging...
D/BatteryMeterView( 2940): not on charging...
D/BatteryMeterView( 2940): onDraw level = 55
D/BatteryMeterView( 2940): not on charging...
D/BatteryMeterView( 2940): onDraw level = 55
D/BatteryMeterView( 2940): not on charging...
D/BatteryMeterView( 2940): not on charging...
D/BatteryMeterView( 2940): onDraw level = 55
D/BatteryMeterView( 2940): not on charging...
D/BatteryMeterView( 2940): onDraw level = 55
I/SurfaceFlinger(  262): FPS: 7
D/BatteryMeterView( 2940): not on charging...
D/BatteryMeterView( 2940): not on charging...
D/BatteryMeterView( 2940): not on charging...
D/BatteryMeterView( 2940): onDraw level = 55
D/BatteryMeterView( 2940): onDraw level = 55
I/SurfaceFlinger(  262): FPS: 7
D/wpa_supplicant( 5246): wlan0: Control interface command 'SIGNAL_POLL'
D/BatteryMeterView( 2940): not on charging...
D/BatteryMeterView( 2940): not on charging...
D/BatteryMeterView( 2940): not on charging...
D/BatteryMeterView( 2940): onDraw level = 54
D/BatteryMeterView( 2940): onDraw level = 54
I/SurfaceFlinger(  262): FPS: 6
D/BatteryMeterView( 2940): not on charging...
D/BatteryMeterView( 2940): not on charging...
D/BatteryMeterView( 2940): onDraw level = 54
D/BatteryMeterView( 2940): not on charging...
D/BatteryMeterView( 2940): onDraw level = 54
I/SurfaceFlinger(  262): FPS: 6
I/SurfaceFlinger(  262): FPS: 5
D/BatteryMeterView( 2940): not on charging...
D/BatteryMeterView( 2940): not on charging...
D/BatteryMeterView( 2940): not on charging...
D/BatteryMeterView( 2940): onDraw level = 54
D/BatteryMeterView( 2940): onDraw level = 54
V/WLAN_PSA(  314): NL MSG, len[4052], NL type[0x1C] WNI type[0x5900] len[48143]
V/WLAN_PSA(  314): NL MSG, PID: 314
D/wpa_supplicant( 5246): wlan0: Control interface command 'SIGNAL_POLL'
I/SurfaceFlinger(  262): FPS: 5
D/BatteryMeterView( 2940): not on charging...
D/BatteryMeterView( 2940): not on charging...
D/BatteryMeterView( 2940): not on charging...
D/BatteryMeterView( 2940): onDraw level = 54
D/BatteryMeterView( 2940): onDraw level = 54
I/SurfaceFlinger(  262): FPS: 6
D/BatteryMeterView( 2940): not on charging...
D/BatteryMeterView( 2940): not on charging...
D/BatteryMeterView( 2940): not on charging...
D/BatteryMeterView( 2940): onDraw level = 54
D/BatteryMeterView( 2940): onDraw level = 54
I/SurfaceFlinger(  262): FPS: 6
D/BatteryMeterView( 2940): not on charging...
D/BatteryMeterView( 2940): not on charging...
D/BatteryMeterView( 2940): not on charging...
D/BatteryMeterView( 2940): onDraw level = 54
D/BatteryMeterView( 2940): onDraw level = 54
D/wpa_supplicant( 5246): wlan0: Control interface command 'SIGNAL_POLL'
V/WLAN_PSA(  314): NL MSG, len[4056], NL type[0x1C] WNI type[0x5900] len[49167]
V/WLAN_PSA(  314): NL MSG, PID: 314
D/BatteryMeterView( 2940): not on charging...
D/BatteryMeterView( 2940): not on charging...
D/BatteryMeterView( 2940): not on charging...
D/BatteryMeterView( 2940): onDraw level = 54
D/BatteryMeterView( 2940): onDraw level = 54
I/SurfaceFlinger(  262): FPS: 7
I/PlayCommon( 3822): [109] com.google.android.play.a.g.e(220): Preparing logs for uploading
I/PlayCommon( 3822): [109] com.google.android.play.a.g.e(224): No file ready to send
D/BatteryMeterView( 2940): not on charging...
D/BatteryMeterView( 2940): onDraw level = 54
D/BatteryMeterView( 2940): not on charging...
D/BatteryMeterView( 2940): not on charging...
D/BatteryMeterView( 2940): onDraw level = 54
I/SurfaceFlinger(  262): FPS: 6
I/SurfaceFlinger(  262): FPS: 5
D/BatteryMeterView( 2940): not on charging...
D/BatteryMeterView( 2940): not on charging...
D/BatteryMeterView( 2940): not on charging...
D/BatteryMeterView( 2940): onDraw level = 54
D/wpa_supplicant( 5246): wlan0: Control interface command 'SIGNAL_POLL'
D/BatteryMeterView( 2940): onDraw level = 54
E/WifiStateMachine(  775): WifiStateMachine CMD_START_SCAN source -2 txSuccessRate=46.05 rxSuccessRate=38.42 targetRoamBSSID=any RSSI=-19
I/PowerManagerService(  775): Going to sleep due to screen timeout (uid 1000)...
I/SurfaceFlinger(  262): FPS: 10
D/BatteryMeterView( 2940): not on charging...
D/BatteryMeterView( 2940): onDraw level = 54
D/BatteryMeterView( 2940): not on charging...
D/BatteryMeterView( 2940): not on charging...
D/BatteryMeterView( 2940): onDraw level = 54
I/WindowManager(  775): Screen turned off...
I/DisplayManagerService(  775): Display device changed: DisplayDeviceInfo{"Built-in Screen": uniqueId="local:0", 720 x 1280, 60.0 fps, supportedRefreshRates [60.0], density 320, 160.421 x 160.157 dpi, appVsyncOff 0, presDeadline 17666667, touch INTERNAL, rotation 0, type BUILT_IN, state OFF, FLAG_DEFAULT_DISPLAY, FLAG_ROTATES_WITH_CONTENT, FLAG_SECURE, FLAG_SUPPORTS_PROTECTED_BUFFERS}
V/ActivityManager(  775): Display changed displayId=0
D/SurfaceFlinger(  262): Set power mode=0, type=0 flinger=0xb83255f8
I/WindowManager(  775): Win Window{bff5d73 u0 android}: isVisibleOrBehindKeyguardLw=true
I/WindowManager(  775): Win Window{7989c4a u0 StatusBar}: isVisibleOrBehindKeyguardLw=true
I/WindowManager(  775): Win Window{21b67558 u0 com.interswitchng.interswitchpossdkdemo.telpo.v2.debug/com.interswitchng.smartpos.modules.menu.settings.TerminalSettingsActivity}: isVisibleOrBehindKeyguardLw=true
V/WindowManager(  775): Fullscreen window: Window{21b67558 u0 com.interswitchng.interswitchpossdkdemo.telpo.v2.debug/com.interswitchng.smartpos.modules.menu.settings.TerminalSettingsActivity}
I/WindowManager(  775): Win Window{1ea30909 u0 com.android.phasebeam.PhaseBeamWallpaper}: isVisibleOrBehindKeyguardLw=false
I/WindowManager(  775): force=false forcefkg=false top=Window{21b67558 u0 com.interswitchng.interswitchpossdkdemo.telpo.v2.debug/com.interswitchng.smartpos.modules.menu.settings.TerminalSettingsActivity}
D/WindowManager(  775): frame: Rect(0, 0 - 720, 1280) shown frame: RectF(0.0, 0.0, 720.0, 1280.0)
D/WindowManager(  775): attr: WM.LayoutParams{(0,0)(fillxfill) sim=#120 ty=1 fl=#81810100 wanim=0x1030467 vsysui=0x600 surfaceInsets=Rect(0, 0 - 0, 0) needsMenuKey=2} lp.flags=0x81810100
V/WindowManager(  775): ** SHOWING status bar: top is not fullscreen
V/WindowManager(  775): finishPostLayoutPolicyLw: mHideKeyguard=false
D/qdhwcomposer(  262): hwc_setPowerMode: Setting mode 0 on display: 0
E/libnav  (  344): AbaSetOriginalBacklightLevel: bad input paramters
E/qdutils (  262): int qdutils::getHDMINode(): Failed to open fb node 1
E/qdutils (  262): int qdutils::getHDMINode(): Failed to open fb node 2
E/qdutils (  262): int qdutils::getHDMINode(): Failed to find HDMI node
I/WindowManager(  775): Win Window{bff5d73 u0 android}: isVisibleOrBehindKeyguardLw=true
I/WindowManager(  775): Win Window{7989c4a u0 StatusBar}: isVisibleOrBehindKeyguardLw=true
I/WindowManager(  775): Win Window{21b67558 u0 com.interswitchng.interswitchpossdkdemo.telpo.v2.debug/com.interswitchng.smartpos.modules.menu.settings.TerminalSettingsActivity}: isVisibleOrBehindKeyguardLw=true
V/WindowManager(  775): Fullscreen window: Window{21b67558 u0 com.interswitchng.interswitchpossdkdemo.telpo.v2.debug/com.interswitchng.smartpos.modules.menu.settings.TerminalSettingsActivity}
I/WindowManager(  775): Win Window{1ea30909 u0 com.android.phasebeam.PhaseBeamWallpaper}: isVisibleOrBehindKeyguardLw=false
I/WindowManager(  775): force=false forcefkg=false top=Window{21b67558 u0 com.interswitchng.interswitchpossdkdemo.telpo.v2.debug/com.interswitchng.smartpos.modules.menu.settings.TerminalSettingsActivity}
D/WindowManager(  775): frame: Rect(0, 0 - 720, 1280) shown frame: RectF(0.0, 0.0, 720.0, 1280.0)
D/WindowManager(  775): attr: WM.LayoutParams{(0,0)(fillxfill) sim=#120 ty=1 fl=#81810100 wanim=0x1030467 vsysui=0x600 surfaceInsets=Rect(0, 0 - 0, 0) needsMenuKey=2} lp.flags=0x81810100
V/WindowManager(  775): ** SHOWING status bar: top is not fullscreen
V/WindowManager(  775): finishPostLayoutPolicyLw: mHideKeyguard=false
V/WLAN_PSA(  314): NL MSG, len[4037]