I/telpo_native(  775): 00
I/telpo_native(  775): 00
I/telpo_native(  775): 00
I/telpo_native(  775): 00
I/telpo_native(  775): 
D/telpo_native(  775): handle_emv_serial_read_write_cmd: parse successfully!
I/telpo_native(  775): handle_emv_serial_read_write_cmd: receive data length is 20
I/telpo_native(  775): 0b
I/telpo_native(  775): b0
I/telpo_native(  775): 96
I/telpo_native(  775): 69
I/telpo_native(  775): 04
I/telpo_native(  775): 00
I/telpo_native(  775): 00
I/telpo_native(  775): 00
I/telpo_native(  775): d2
I/telpo_native(  775): 00
I/telpo_native(  775): 04
I/telpo_native(  775): 01
I/telpo_native(  775): 00
I/telpo_native(  775): 00
I/telpo_native(  775): 00
I/telpo_native(  775): 00
I/telpo_native(  775): 00
I/telpo_native(  775): 00
I/telpo_native(  775): 00
I/telpo_native(  775): 00
I/telpo_native(  775): 
D/telpo_native(26165): CallIntMethod return ret = 0 length = 20
I/WindowManager(  775): mDock rect: (0,0 - 720,1280)
V/WindowManager(  775): Status bar: dock=[0,50][720,1280] content=[0,50][720,1280] cur=[0,50][720,1280]
V/WindowManager(  775): layoutWindowLw(): normal window
V/WindowManager(  775): Compute frame : sim=#20 attach=null type=2015 flags=0x01000018 pf=[0,50][720,1280] df=[0,50][720,1280] of=[0,50][720,1280] cf=[0,50][720,1280] vf=[0,50][720,1280] dcf=[0,0][720,1280] sf=[0,50][720,1280]
V/WindowManager(  775): layoutWindowLw(com.interswitchng.interswitchpossdkdemo.telpo.v2.debug/com.interswitchng.smartpos.modules.main.MainActivity): IN_SCREEN, INSET_DECOR
V/WindowManager(  775): Compute frame com.interswitchng.interswitchpossdkdemo.telpo.v2.debug/com.interswitchng.smartpos.modules.main.MainActivity: sim=#120 attach=null type=1 flags=0x81810100 pf=[0,0][720,1280] df=[0,0][720,1280] of=[0,0][720,1280] cf=[0,50][720,1280] vf=[0,50][720,1280] dcf=[0,0][720,1280] sf=[0,50][720,1280]
I/WindowManager(  775): Win Window{bff5d73 u0 android}: isVisibleOrBehindKeyguardLw=true
I/WindowManager(  775): Win Window{7989c4a u0 StatusBar}: isVisibleOrBehindKeyguardLw=true
I/WindowManager(  775): Win Window{2e51a09b u0 com.interswitchng.interswitchpossdkdemo.telpo.v2.debug/com.interswitchng.smartpos.modules.main.MainActivity}: isVisibleOrBehindKeyguardLw=true
V/WindowManager(  775): Fullscreen window: Window{2e51a09b u0 com.interswitchng.interswitchpossdkdemo.telpo.v2.debug/com.interswitchng.smartpos.modules.main.MainActivity}
I/WindowManager(  775): Win Window{1ea30909 u0 com.android.phasebeam.PhaseBeamWallpaper}: isVisibleOrBehindKeyguardLw=false
I/WindowManager(  775): force=false forcefkg=false top=Window{2e51a09b u0 com.interswitchng.interswitchpossdkdemo.telpo.v2.debug/com.interswitchng.smartpos.modules.main.MainActivity}
D/WindowManager(  775): frame: Rect(0, 0 - 720, 1280) shown frame: RectF(0.0, 0.0, 720.0, 1280.0)
D/WindowManager(  775): attr: WM.LayoutParams{(0,0)(fillxfill) sim=#120 ty=1 fl=#81810100 wanim=0x1030467 vsysui=0x600 surfaceInsets=Rect(0, 0 - 0, 0) needsMenuKey=2} lp.flags=0x81810100
V/WindowManager(  775): ** SHOWING status bar: top is not fullscreen
V/WindowManager(  775): finishPostLayoutPolicyLw: mHideKeyguard=false
I/WindowManager(  775): mDock rect: (0,0 - 720,1280)
V/WindowManager(  775): Status bar: dock=[0,50][720,1280] content=[0,50][720,1280] cur=[0,50][720,1280]
V/WindowManager(  775): layoutWindowLw(): normal window
V/WindowManager(  775): Compute frame : sim=#20 attach=null type=2015 flags=0x01000018 pf=[0,50][720,1280] df=[0,50][720,1280] of=[0,50][720,1280] cf=[0,50][720,1280] vf=[0,50][720,1280] dcf=[0,0][720,1280] sf=[0,50][720,1280]
V/WindowManager(  775): layoutWindowLw(com.interswitchng.interswitchpossdkdemo.telpo.v2.debug/com.interswitchng.smartpos.modules.main.MainActivity): IN_SCREEN, INSET_DECOR
V/WindowManager(  775): Compute frame com.interswitchng.interswitchpossdkdemo.telpo.v2.debug/com.interswitchng.smartpos.modules.main.MainActivity: sim=#120 attach=null type=1 flags=0x81810100 pf=[0,0][720,1280] df=[0,0][720,1280] of=[0,0][720,1280] cf=[0,50][720,1280] vf=[0,50][720,1280] dcf=[0,0][720,1280] sf=[0,50][720,1280]
I/WindowManager(  775): Win Window{bff5d73 u0 android}: isVisibleOrBehindKeyguardLw=true
I/WindowManager(  775): Win Window{7989c4a u0 StatusBar}: isVisibleOrBehindKeyguardLw=true
I/WindowManager(  775): Win Window{2e51a09b u0 com.interswitchng.interswitchpossdkdemo.telpo.v2.debug/com.interswitchng.smartpos.modules.main.MainActivity}: isVisibleOrBehindKeyguardLw=true
V/WindowManager(  775): Fullscreen window: Window{2e51a09b u0 com.interswitchng.interswitchpossdkdemo.telpo.v2.debug/com.interswitchng.smartpos.modules.main.MainActivity}
I/WindowManager(  775): Win Window{1ea30909 u0 com.android.phasebeam.PhaseBeamWallpaper}: isVisibleOrBehindKeyguardLw=false
I/WindowManager(  775): force=false forcefkg=false top=Window{2e51a09b u0 com.interswitchng.interswitchpossdkdemo.telpo.v2.debug/com.interswitchng.smartpos.modules.main.MainActivity}
D/WindowManager(  775): frame: Rect(0, 0 - 720, 1280) shown frame: RectF(0.0, 0.0, 720.0, 1280.0)
D/WindowManager(  775): attr: WM.LayoutParams{(0,0)(fillxfill) sim=#120 ty=1 fl=#81810100 wanim=0x1030467 vsysui=0x600 surfaceInsets=Rect(0, 0 - 0, 0) needsMenuKey=2} lp.flags=0x81810100
V/WindowManager(  775): ** SHOWING status bar: top is not fullscreen
V/WindowManager(  775): finishPostLayoutPolicyLw: mHideKeyguard=false
D/BatteryMeterView( 2940): onDraw level = 31
D/telpo_native(  775): usb_printer_write data start!
D/telpo_native(  775): usb_printer_write start!
E/telpo_native(  775): ret = 25
D/telpo_native(  775): handle_emv_serial_read_write_cmd: usb write length = 25
E/telpo_native(  775): serial_read:start read
E/telpo_native(  775): serial_read:serial_read read_size = 0
D/telpo_native(  775): handle_emv_serial_read_write_cmd: usb_printer_read length = 20
I/telpo_native(  775): 0b
I/telpo_native(  775): b0
I/telpo_native(  775): 96
I/telpo_native(  775): 69
I/telpo_native(  775): 04
I/telpo_native(  775): 00
I/telpo_native(  775): 00
I/telpo_native(  775): 00
I/telpo_native(  775): d3
I/telpo_native(  775): 00
I/telpo_native(  775): 04
I/telpo_native(  775): 01
I/telpo_native(  775): 00
I/telpo_native(  775): 00
I/telpo_native(  775): 00
I/telpo_native(  775): 00
I/telpo_native(  775): 00
I/telpo_native(  775): 00
I/telpo_native(  775): 00
I/telpo_native(  775): 00
I/telpo_native(  775): 
D/telpo_native(  775): handle_emv_serial_read_write_cmd: parse successfully!
I/telpo_native(  775): handle_emv_serial_read_write_cmd: receive data length is 20
I/telpo_native(  775): 0b
I/telpo_native(  775): b0
I/telpo_native(  775): 96
I/telpo_native(  775): 69
I/telpo_native(  775): 04
I/telpo_native(  775): 00
I/telpo_native(  775): 00
I/telpo_native(  775): 00
I/telpo_native(  775): d3
I/telpo_native(  775): 00
I/telpo_native(  775): 04
I/telpo_native(  775): 01
I/telpo_native(  775): 00
I/telpo_native(  775): 00
I/telpo_native(  775): 00
I/telpo_native(  775): 00
I/telpo_native(  775): 00
I/telpo_native(  775): 00
I/telpo_native(  775): 00
I/telpo_native(  775): 00
I/telpo_native(  775): 
D/telpo_native(26165): CallIntMethod return ret = 0 length = 20
E/AudioPolicyManager(  301): unknown stream type 13
E/AudioPolicyManager(  301): unknown stream type 13
E/AudioPolicyManager(  301): unknown stream type 13
E/AudioPolicyManager(  301): unknown stream type 13
E/AudioPolicyManager(  301): unknown stream type 13
E/AudioPolicyManager(  301): unknown stream type 13
E/AudioPolicyManager(  301): unknown stream type 13
E/AudioPolicyManager(  301): unknown stream type 13
E/AudioPolicyManager(  301): unknown stream type 13
E/AudioPolicyManager(  301): unknown stream type 13
E/AudioPolicyManager(  301): unknown stream type 13
E/AudioPolicyManager(  301): unknown stream type 13
E/AudioPolicyManager(  301): unknown stream type 13
E/AudioPolicyManager(  301): unknown stream type 13
E/AudioPolicyManager(  301): unknown stream type 13
E/AudioPolicyManager(  301): unknown stream type 13
E/AudioPolicyManager(  301): unknown stream type 13
E/AudioPolicyManager(  301): unknown stream type 13
E/AudioPolicyManager(  301): unknown stream type 13
E/AudioPolicyManager(  301): unknown stream type 13
E/AudioPolicyManager(  301): unknown stream type 13
E/AudioPolicyManager(  301): unknown stream type 13
E/AudioPolicyManager(  301): unknown stream type 13
E/AudioPolicyManager(  301): unknown stream type 13
E/AudioPolicyManager(  301): unknown stream type 13
E/AudioPolicyManager(  301): unknown stream type 13
I/SurfaceFlinger(  262): FPS: 37
D/BatteryMeterView( 2940): onDraw level = 41
D/wpa_supplicant(17726): wlan0: Control interface command 'SIGNAL_POLL'
V/WLAN_PSA(  314): NL MSG, len[4012], NL type[0x1C] WNI type[0x5900] len[37903]
V/WLAN_PSA(  314): NL MSG, PID: 314
D/StatusBar.MSimNetworkController( 2940): refreshViews phoneId =0mMSimDataConnected =false
D/StatusBar.MSimNetworkController( 2940): refreshViews mMSimDataActivity =0
D/StatusBar.MSimNetworkController( 2940): refreshViews: Data not connected!! Set no data type icon / Roaming for phoneId: 0
D/StatusBar.MSimNetworkController( 2940): refreshViews connected={ wifi } level=3 mMSimcombinedSignalIconId=0x7f020350/com.android.systemui:drawable/stat_sys_wifi_signal_3_fully mMSimcombinedActivityIconId=0x7f020347 mAirplaneMode=false mMSimDataActivity=0 mMSimPhoneSignalIconId=0x7f020339/com.android.systemui:drawable/stat_sys_signal_null mMSimDataDirectionIconId=0x0 mMSimDataSignalIconId=0x7f020339 mMSimDataTypeIconId=0x0/(null) mNoMSimIconId=0x7f02009a/com.android.systemui:drawable/ic_qs_no_sim mMSimMobileActivityIconId=0x0/(null) mWifiIconId=0x7f020350 mBluetoothTetherIconId=0x10806a2
D/MSimSignalClusterView( 2940): wifi: VISIBLE sig=2130838352 act=2130838343
D/MSimSignalClusterView( 2940): mobile[0]: VISIBLE sig=2130838329 type=0
D/MSimSignalClusterView( 2940): wifi: VISIBLE sig=2130838352 act=2130838343
D/MSimSignalClusterView( 2940): mobile[1]: VISIBLE sig=2130838329 type=0
D/MSimSignalClusterView( 2940): wifi: VISIBLE sig=2130838352 act=2130838343
D/MSimSignalClusterView( 2940): mobile[0]: VISIBLE sig=2130838329 type=0
D/MSimSignalClusterView( 2940): wifi: VISIBLE sig=2130838352 act=2130838343
D/MSimSignalClusterView( 2940): mobile[0]: VISIBLE sig=2130838329 type=0
D/MSimSignalClusterView( 2940): wifi: VISIBLE sig=2130838352 act=2130838343
D/MSimSignalClusterView( 2940): mobile[0]: VISIBLE sig=2130838329 type=0
D/MSimSignalClusterView( 2940): wifi: VISIBLE sig=2130838352 act=2130838343
D/MSimSignalClusterView( 2940): mobile[1]: VISIBLE sig=2130838329 type=0
D/StatusBar.MSimNetworkController( 2940): refreshSignalCluster, mMSimPhoneSignalIconId[0]=com.android.systemui:drawable/stat_sys_signal_null mMSimDataSignalIconId[0]=com.android.systemui:drawable/stat_sys_signal_null mMSimDataTypeIconId[0]=(null) mMSimMobileActivityIconId[0]=(null) mNoMSimIconId[0]=com.android.systemui:drawable/ic_qs_no_sim
D/MSimSignalClusterView( 2940): wifi: VISIBLE sig=2130838352 act=2130838343
D/MSimSignalClusterView( 2940): mobile[0]: VISIBLE sig=2130838329 type=0
D/MSimSignalClusterView( 2940): wifi: VISIBLE sig=2130838352 act=2130838343
D/MSimSignalClusterView( 2940): mobile[1]: VISIBLE sig=2130838329 type=0
D/MSimSignalClusterView( 2940): wifi: VISIBLE sig=2130838352 act=2130838343
D/MSimSignalClusterView( 2940): mobile[0]: VISIBLE sig=2130838329 type=0
D/MSimSignalClusterView( 2940): wifi: VISIBLE sig=2130838352 act=2130838343
D/MSimSignalClusterView( 2940): mobile[0]: VISIBLE sig=2130838329 type=0
D/MSimSignalClusterView( 2940): wifi: VISIBLE sig=2130838352 act=2130838343
D/MSimSignalClusterView( 2940): mobile[0]: VISIBLE sig=2130838329 type=0
D/MSimSignalClusterView( 2940): wifi: VISIBLE sig=2130838352 act=2130838343
D/MSimSignalClusterView( 2940): mobile[1]: VISIBLE sig=2130838329 type=0
D/StatusBar.MSimNetworkController( 2940): refreshSignalCluster, mMSimPhoneSignalIconId[0]=com.android.systemui:drawable/stat_sys_signal_null mMSimDataSignalIconId[0]=com.android.systemui:drawable/stat_sys_signal_null mMSimDataTypeIconId[0]=(null) mMSimMobileActivityIconId[0]=(null) mNoMSimIconId[0]=com.android.systemui:drawable/ic_qs_no_sim
D/MSimSignalClusterView( 2940): wifi: VISIBLE sig=2130838352 act=2130838343
D/MSimSignalClusterView( 2940): mobile[0]: VISIBLE sig=2130838329 type=0
D/MSimSignalClusterView( 2940): wifi: VISIBLE sig=2130838352 act=2130838343
D/MSimSignalClusterView( 2940): mobile[1]: VISIBLE sig=2130838329 type=0
D/MSimSignalClusterView( 2940): wifi: VISIBLE sig=2130838352 act=2130838343
D/MSimSignalClusterView( 2940): mobile[0]: VISIBLE sig=2130838329 type=0
D/MSimSignalClusterView( 2940): wifi: VISIBLE sig=2130838352 act=2130838343
D/MSimSignalClusterView( 2940): mobile[0]: VISIBLE sig=2130838329 type=0
D/MSimSignalClusterView( 2940): wifi: VISIBLE sig=2130838352 act=2130838343
D/MSimSignalClusterView( 2940): mobile[0]: VISIBLE sig=2130838329 type=0
D/MSimSignalClusterView( 2940): wifi: VISIBLE sig=2130838352 act=2130838343
D/MSimSignalClusterView( 2940): mobile[1]: VISIBLE sig=2130838329 type=0
D/StatusBar.MSimNetworkController( 2940): refreshSignalCluster, mMSimPhoneSignalIconId[0]=com.android.systemui:drawable/stat_sys_signal_null mMSimDataSignalIconId[0]=com.android.systemui:drawable/stat_sys_signal_null mMSimDataTypeIconId[0]=(null) mMSimMobileActivityIconId[0]=(null) mNoMSimIconId[0]=com.android.systemui:drawable/ic_qs_no_sim
D/MSimSignalClusterView( 2940): wifi: VISIBLE sig=2130838352 act=2130838343
D/MSimSignalClusterView( 2940): mobile[0]: VISIBLE sig=2130838329 type=0
D/MSimSignalClusterView( 2940): wifi: VISIBLE sig=2130838352 act=2130838343
D/MSimSignalClusterView( 2940): mobile[1]: VISIBLE sig=2130838329 type=0
D/MSimSignalClusterView( 2940): wifi: VISIBLE sig=2130838352 act=2130838343
D/MSimSignalClusterView( 2940): mobile[0]: VISIBLE sig=2130838329 type=0
D/MSimSignalClusterView( 2940): wifi: VISIBLE sig=2130838352 act=2130838343
D/MSimSignalClusterView( 2940): mobile[0]: VISIBLE sig=2130838329 type=0
D/MSimSignalClusterView( 2940): wifi: VISIBLE sig=2130838352 act=2130838343
D/MSimSignalClusterView( 2940): mobile[0]: VISIBLE sig=2130838329 type=0
D/MSimSignalClusterView( 2940): wifi: VISIBLE sig=2130838352 act=2130838343
D/MSimSignalClusterView( 2940): mobile[1]: VISIBLE sig=2130838329 type=0
D/StatusBar.MSimNetworkController( 2940): refreshSignalCluster, mMSimPhoneSignalIconId[0]=com.android.systemui:drawable/stat_sys_signal_null mMSimDataSignalIconId[0]=com.android.systemui:drawable/stat_sys_signal_null mMSimDataTypeIconId[0]=(null) mMSimMobileActivityIconId[0]=(null) mNoMSimIconId[0]=com.android.systemui:drawable/ic_qs_no_sim
D/VM_BMS  (  461): wake_lock acquired
D/VM_BMS  (  461): New BMS data - Size=56
D/VM_BMS  (  461): Start process_bms_data
D/VM_BMS  (  461): Battery charge_cycle=0 fcc_adjust=0 rbatt_adjust=0 cycle_changed=false
D/VM_BMS  (  461): For batt_temp=255 fcc_mah=2200
D/VM_BMS  (  461): Lookup fcc_mah=2200.000000  adjusted fcc_mah=2200.000000
D/VM_BMS  (  461): For ocv=3803073 batt_temp=255 soc=36
D/VM_BMS  (  461): fifo_count=2 acc_count=0
D/VM_BMS  (  461): INIT: ocv=3803073 last_ocv=3803073 batt_temp=255 soc=36
D/VM_BMS  (  461): For soc=36 batt_temp=255 slope=3000
D/VM_BMS  (  461): For soc=36 batt_temp=255 rbatt_sf=106
D/VM_BMS  (  461): rbatt_mohm_default=72, rbatt_mohm=76, sf=106 batt_temp=255
D/VM_BMS  (  461): Lookup rbatt=76.000000  adjusted rbatt=76.000000
D/VM_BMS  (  461): For ocv=3803084 batt_temp=255 soc=36
D/VM_BMS  (  461): FIFO=0 fifo_avg=3.807165 rbatt=0.126000 slope=0.300000 ibatt=-0.032432 ocv=3.803084 soc=36 fcc_ah=2.200000 sample_count=128 sample_interval=70 seq_num=7074
D/VM_BMS  (  461): For soc=36 batt_temp=255 slope=3000
D/VM_BMS  (  461): For soc=36 batt_temp=255 rbatt_sf=106
D/VM_BMS  (  461): rbatt_mohm_default=72, rbatt_mohm=76, sf=106 batt_temp=255
D/VM_BMS  (  461): Lookup rbatt=76.000000  adjusted rbatt=76.000000
D/VM_BMS  (  461): For ocv=3803087 batt_temp=255 soc=36
D/VM_BMS  (  461): FIFO=1 fifo_avg=3.804511 rbatt=0.126000 slope=0.300000 ibatt=-0.011312 ocv=3.803088 soc=36 fcc_ah=2.200000 sample_count=128 sample_interval=70 seq_num=7074
I/VM_BMS  (  461): power_supply_update: ocv_uv=3803087 ibatt=-11311 soc=36 seq_num=7074
D/VM_BMS  (  461): End process_bms_data
D/VM_BMS  (  461): wake_lock released
D/BatteryMeterView( 2940): onDraw level = 51
D/BatteryMeterView( 2940): onDraw level = 61
I/SurfaceFlinger(  262): FPS: 8
D/BatteryMeterView( 2940): onDraw level = 71
D/BatteryMeterView( 2940): onDraw level = 81
I/SurfaceFlinger(  262): FPS: 4
D/BatteryMeterView( 2940): onDraw level = 91
D/audio_hw_primary(  301): out_standby: enter: stream (0xb79f3180) usecase(1: low-latency-playback)
D/soundtrigger(  301): audio_extn_sound_trigger_update_stream_status: uc_id 1 of type 0 for Event 2, with Raise=0
D/hardware_info(  301): hw_info_append_hw_type : device_name = speaker
I/soundtrigger(  301): audio_extn_sound_trigger_update_device_status: device 0x2 of type 0 for Event 0, with Raise=0
D/BatteryMeterView( 2940): onDraw level = 100
I/SurfaceFlinger(  262): FPS: 4
D/wpa_supplicant(17726): wlan0: Control interface command 'SIGNAL_POLL'
D/BatteryMeterView( 2940): onDraw level = 11
W/ProcessCpuTracker(  775): Skipping unknown process pid 28792
D/BatteryMeterView( 2940): onDraw level = 21
I/SurfaceFlinger(  262): FPS: 4
D/BatteryMeterView( 2940): onDraw level = 31
D/BatteryMeterView( 2940): onDraw level = 41
I/SurfaceFlinger(  262): FPS: 4
V/WLAN_PSA(  314): NL MSG, len[4075], NL type[0x1C] WNI type[0x5900] len[54031]
V/WLAN_PSA(  314): NL MSG, PID: 314
D/BatteryMeterView( 2940): onDraw level = 51
D/wpa_supplicant(17726): wlan0: Control interface command 'SIGNAL_POLL'
D/BatteryMeterView( 2940): onDraw level = 61
D/StatusBar.MSimNetworkController( 2940): refreshViews phoneId =0mMSimDataConnected =false
D/StatusBar.MSimNetworkController( 2940): refreshViews mMSimDataActivity =0
I/SurfaceFlinger(  262): FPS: 4
D/StatusBar.MSimNetworkController( 2940): refreshViews: Data not connected!! Set no data type icon / Roaming for phoneId: 0
D/StatusBar.MSimNetworkController( 2940): refreshViews connected={ wifi } level=3 mMSimcombinedSignalIconId=0x7f020352/com.android.systemui:drawable/stat_sys_wifi_signal_4_fully mMSimcombinedActivityIconId=0x7f020347 mAirplaneMode=false mMSimDataActivity=0 mMSimPhoneSignalIconId=0x7f020339/com.android.systemui:drawable/stat_sys_signal_null mMSimDataDirectionIconId=0x0 mMSimDataSignalIconId=0x7f020339 mMSimDataTypeIconId=0x0/(null) mNoMSimIconId=0x7f02009a/com.android.systemui:drawable/ic_qs_no_sim mMSimMobileActivityIconId=0x0/(null) mWifiIconId=0x7f020352 mBluetoothTetherIconId=0x10806a2
D/MSimSignalClusterView( 2940): wifi: VISIBLE sig=2130838354 act=2130838343
D/MSimSignalClusterView( 2940): mobile[0]: VISIBLE sig=2130838329 type=0
D/MSimSignalClusterView( 2940): wifi: VISIBLE sig=2130838354 act=2130838343
D/MSimSignalClusterView( 2940): mobile[1]: VISIBLE sig=2130838329 type=0
D/MSimSignalClusterView( 2940): wifi: VISIBLE sig=2130838354 act=2130838343
D/MSimSignalClusterView( 2940): mobile[0]: VISIBLE sig=2130838329 type=0
D/MSimSignalClusterView( 2940): wifi: VISIBLE sig=2130838354 act=2130838343
D/MSimSignalClusterView( 2940): mobile[0]: VISIBLE sig=2130838329 type=0
D/MSimSignalClusterView( 2940): wifi: VISIBLE sig=2130838354 act=2130838343
D/MSimSignalClusterView( 2940): mobile[0]: VISIBLE sig=2130838329 type=0
D/MSimSignalClusterView( 2940): wifi: VISIBLE sig=2130838354 act=2130838343
D/MSimSignalClusterView( 2940): mobile[1]: VISIBLE sig=2130838329 type=0
D/StatusBar.MSimNetworkController( 2940): refreshSignalCluster, mMSimPhoneSignalIconId[0]=com.android.systemui:drawable/stat_sys_signal_null mMSimDataSignalIconId[0]=com.android.systemui:drawable/stat_sys_signal_null mMSimDataTypeIconId[0]=(null) mMSimMobileActivityIconId[0]=(null) mNoMSimIconId[0]=com.android.systemui:drawable/ic_qs_no_sim
D/MSimSignalClusterView( 2940): wifi: VISIBLE sig=2130838354 act=2130838343
D/MSimSignalClusterView( 2940): mobile[0]: VISIBLE sig=2130838329 type=0
D/MSimSignalClusterView( 2940): wifi: VISIBLE sig=2130838354 act=2130838343
D/MSimSignalClusterView( 2940): mobile[1]: VISIBLE sig=2130838329 type=0
D/MSimSignalClusterView( 2940): wifi: VISIBLE sig=2130838354 act=2130838343
D/MSimSignalClusterView( 2940): mobile[0]: VISIBLE sig=2130838329 type=0
D/MSimSignalClusterView( 2940): wifi: VISIBLE sig=2130838354 act=2130838343
D/MSimSignalClusterView( 2940): mobile[0]: VISIBLE sig=2130838329 type=0
D/MSimSignalClusterView( 2940): wifi: VISIBLE sig=2130838354 act=2130838343
D/MSimSignalClusterView( 2940): mobile[0]: VISIBLE sig=2130838329 type=0
D/MSimSignalClusterView( 2940): wifi: VISIBLE sig=2130838354 act=2130838343
D/MSimSignalClusterView( 2940): mobile[1]: VISIBLE sig=2130838329 type=0
D/StatusBar.MSimNetworkController( 2940): refreshSignalCluster, mMSimPhoneSignalIconId[0]=com.android.systemui:drawable/stat_sys_signal_null mMSimDataSignalIconId[0]=com.android.systemui:drawable/stat_sys_signal_null mMSimDataTypeIconId[0]=(null) mMSimMobileActivityIconId[0]=(null) mNoMSimIconId[0]=com.android.systemui:drawable/ic_qs_no_sim
D/MSimSignalClusterView( 2940): wifi: VISIBLE sig=2130838354 act=2130838343
D/MSimSignalClusterView( 2940): mobile[0]: VISIBLE sig=2130838329 type=0
D/MSimSignalClusterView( 2940): wifi: VISIBLE sig=2130838354 act=2130838343
D/MSimSignalClusterView( 2940): mobile[1]: VISIBLE sig=2130838329 type=0
D/MSimSignalClusterView( 2940): wifi: VISIBLE sig=2130838354 act=2130838343
D/MSimSignalClusterView( 2940): mobile[0]: VISIBLE sig=2130838329 type=0
D/MSimSignalClusterView( 2940): wifi: VISIBLE sig=2130838354 act=2130838343
D/MSimSignalClusterView( 2940): mobile[0]: VISIBLE sig=2130838329 type=0
D/MSimSignalClusterView( 2940): wifi: VISIBLE sig=2130838354 act=2130838343
D/MSimSignalClusterView( 2940): mobile[0]: VISIBLE sig=2130838329 type=0
D/MSimSignalClusterView( 2940): wifi: VISIBLE sig=2130838354 act=2130838343
D/MSimSignalClusterView( 2940): mobile[1]: VISIBLE sig=2130838329 type=0
D/StatusBar.MSimNetworkController( 2940): refreshSignalCluster, mMSimPhoneSignalIconId[0]=com.android.systemui:drawable/stat_sys_signal_null mMSimDataSignalIconId[0]=com.android.systemui:drawable/stat_sys_signal_null mMSimDataTypeIconId[0]=(null) mMSimMobileActivityIconId[0]=(null) mNoMSimIconId[0]=com.android.systemui:drawable/ic_qs_no_sim
D/MSimSignalClusterView( 2940): wifi: VISIBLE sig=2130838354 act=2130838343
D/MSimSignalClusterView( 2940): mobile[0]: VISIBLE sig=2130838329 type=0
D/MSimSignalClusterView( 2940): wifi: VISIBLE sig=2130838354 act=2130838343
D/MSimSignalClusterView( 2940): mobile[1]: VISIBLE sig=2130838329 type=0
D/MSimSignalClusterView( 2940): wifi: VISIBLE sig=2130838354 act=2130838343
D/MSimSignalClusterView( 2940): mobile[0]: VISIBLE sig=2130838329 type=0
D/MSimSignalClusterView( 2940): wifi: VISIBLE sig=2130838354 act=2130838343
D/MSimSignalClusterView( 2940): mobile[0]: VISIBLE sig=2130838329 type=0
D/MSimSignalClusterView( 2940): wifi: VISIBLE sig=2130838354 act=2130838343
D/MSimSignalClusterView( 2940): mobile[0]: VISIBLE sig=2130838329 type=0
D/MSimSignalClusterView( 2940): wifi: VISIBLE sig=2130838354 act=2130838343
D/MSimSignalClusterView( 2940): mobile[1]: VISIBLE sig=2130838329 type=0
D/StatusBar.MSimNetworkController( 2940): refreshSignalCluster, mMSimPhoneSignalIconId[0]=com.android.systemui:drawable/stat_sys_signal_null mMSimDataSignalIconId[0]=com.android.systemui:drawable/stat_sys_signal_null mMSimDataTypeIconId[0]=(null) mMSimMobileActivityIconId[0]=(null) mNoMSimIconId[0]=com.android.systemui:drawable/ic_qs_no_sim
D/BatteryMeterView( 2940): onDraw level = 71
D/BatteryMeterView( 2940): onDraw level = 81
I/SurfaceFlinger(  262): FPS: 5
D/BatteryMeterView( 2940): onDraw level = 91
D/BatteryMeterView( 2940): onDraw level = 100
I/SurfaceFlinger(  262): FPS: 4
D/BatteryMeterView( 2940): onDraw level = 11
D/wpa_supplicant(17726): wlan0: Control interface command 'SIGNAL_POLL'
V/WLAN_PSA(  314): NL MSG, len[4079], NL type[0x1C] WNI type[0x5900] len[55055]
V/WLAN_PSA(  314): NL MSG, PID: 314
D/BatteryMeterView( 2940): onDraw level = 21
I/SurfaceFlinger(  262): FPS: 4
D/BatteryMeterView( 2940): onDraw level = 31
D/BatteryMeterView( 2940): onDraw level = 41
I/SurfaceFlinger(  262): FPS: 4
D/BatteryMeterView( 2940): onDraw level = 51
D/BatteryMeterView( 2940): onDraw level = 61
I/SurfaceFlinger(  262): FPS: 4
D/BatteryMeterView( 2940): onDraw level = 71
D/wpa_supplicant(17726): wlan0: Control interface command 'SIGNAL_POLL'
D/StatusBar.MSimNetworkController( 2940): refreshViews phoneId =0mMSimDataConnected =false
D/StatusBar.MSimNetworkController( 2940): refreshViews mMSimDataActivity =0
D/StatusBar.MSimNetworkController( 2940): refreshViews: Data not connected!! Set no data type icon / Roaming for phoneId: 0
D/StatusBar.MSimNetworkController( 2940): refreshViews connected={ wifi } level=3 mMSimcombinedSignalIconId=0x7f020350/com.android.systemui:drawable/stat_sys_wifi_signal_3_fully mMSimcombinedActivityIconId=0x7f020347 mAirplaneMode=false mMSimDataActivity=0 mMSimPhoneSignalIconId=0x7f020339/com.android.systemui:drawable/stat_sys_signal_null mMSimDataDirectionIconId=0x0 mMSimDataSignalIconId=0x7f020339 mMSimDataTypeIconId=0x0/(null) mNoMSimIconId=0x7f02009a/com.android.systemui:drawable/ic_qs_no_sim mMSimMobileActivityIconId=0x0/(null) mWifiIconId=0x7f020350 mBluetoothTetherIconId=0x10806a2
D/MSimSignalClusterView( 2940): wifi: VISIBLE sig=2130838352 act=2130838343
D/MSimSignalClusterView( 2940): mobile[0]: VISIBLE sig=2130838329 type=0
D/MSimSignalClusterView( 2940): wifi: VISIBLE sig=2130838352 act=2130838343
D/MSimSignalClusterView( 2940): mobile[1]: VISIBLE sig=2130838329 type=0
D/MSimSignalClusterView( 2940): wifi: VISIBLE sig=2130838352 act=2130838343
D/MSimSignalClusterView( 2940): mobile[0]: VISIBLE sig=2130838329 type=0
D/MSimSignalClusterView( 2940): wifi: VISIBLE sig=2130838352 act=2130838343
D/MSimSignalClusterView( 2940): mobile[0]: VISIBLE sig=2130838329 type=0
D/MSimSignalClusterView( 2940): wifi: VISIBLE sig=2130838352 act=2130838343
D/MSimSignalClusterView( 2940): mobile[0]: VISIBLE sig=2130838329 type=0
D/MSimSignalClusterView( 2940): wifi: VISIBLE sig=2130838352 act=2130838343
D/MSimSignalClusterView( 2940): mobile[1]: VISIBLE sig=2130838329 type=0
D/StatusBar.MSimNetworkController( 2940): refreshSignalCluster, mMSimPhoneSignalIconId[0]=com.android.systemui:drawable/stat_sys_signal_null mMSimDataSignalIconId[0]=com.android.systemui:drawable/stat_sys_signal_null mMSimDataTypeIconId[0]=(null) mMSimMobileActivityIconId[0]=(null) mNoMSimIconId[0]=com.android.systemui:drawable/ic_qs_no_sim
D/MSimSignalClusterView( 2940): wifi: VISIBLE sig=2130838352 act=2130838343
D/MSimSignalClusterView( 2940): mobile[0]: VISIBLE sig=2130838329 type=0
D/MSimSignalClusterView( 2940): wifi: VISIBLE sig=2130838352 act=2130838343
D/MSimSignalClusterView( 2940): mobile[1]: VISIBLE sig=2130838329 type=0
D/MSimSignalClusterView( 2940): wifi: VISIBLE sig=2130838352 act=2130838343
D/MSimSignalClusterView( 2940): mobile[0]: VISIBLE sig=2130838329 type=0
D/MSimSignalClusterView( 2940): wifi: VISIBLE sig=2130838352 act=2130838343
D/MSimSignalClusterView( 2940): mobile[0]: VISIBLE sig=2130838329 type=0
D/MSimSignalClusterView( 2940): wifi: VISIBLE sig=2130838352 act=2130838343
D/MSimSignalClusterView( 2940): mobile[0]: VISIBLE sig=2130838329 type=0
D/MSimSignalClusterView( 2940): wifi: VISIBLE sig=2130838352 act=2130838343
D/MSimSignalClusterView( 2940): mobile[1]: VISIBLE sig=2130838329 type=0
D/StatusBar.MSimNetworkController( 2940): refreshSignalCluster, mMSimPhoneSignalIconId[0]=com.android.systemui:drawable/stat_sys_signal_null mMSimDataSignalIconId[0]=com.android.systemui:drawable/stat_sys_signal_null mMSimDataTypeIconId[0]=(null) mMSimMobileActivityIconId[0]=(null) mNoMSimIconId[0]=com.android.systemui:drawable/ic_qs_no_sim
D/MSimSignalClusterView( 2940): wifi: VISIBLE sig=2130838352 act=2130838343
D/MSimSignalClusterView( 2940): mobile[0]: VISIBLE sig=2130838329 type=0
D/MSimSignalClusterView( 2940): wifi: VISIBLE sig=2130838352 act=2130838343
D/MSimSignalClusterView( 2940): mobile[1]: VISIBLE sig=2130838329 type=0
D/MSimSignalClusterView( 2940): wifi: VISIBLE sig=2130838352 act=2130838343
D/MSimSignalClusterView( 2940): mobile[0]: VISIBLE sig=2130838329 type=0
D/MSimSignalClusterView( 2940): wifi: VISIBLE sig=2130838352 act=2130838343
D/MSimSignalClusterView( 2940): mobile[0]: VISIBLE sig=2130838329 type=0
D/MSimSignalClusterView( 2940): wifi: VISIBLE sig=2130838352 act=2130838343
D/MSimSignalClusterView( 2940): mobile[0]: VISIBLE sig=2130838329 type=0
D/MSimSignalClusterView( 2940): wifi: VISIBLE sig=2130838352 act=2130838343
D/MSimSignalClusterView( 2940): mobile[1]: VISIBLE sig=2130838329 type=0
D/StatusBar.MSimNetworkController( 2940): refreshSignalCluster, mMSimPhoneSignalIconId[0]=com.android.systemui:drawable/stat_sys_signal_null mMSimDataSignalIconId[0]=com.android.systemui:drawable/stat_sys_signal_null mMSimDataTypeIconId[0]=(null) mMSimMobileActivityIconId[0]=(null) mNoMSimIconId[0]=com.android.systemui:drawable/ic_qs_no_sim
D/MSimSignalClusterView( 2940): wifi: VISIBLE sig=2130838352 act=2130838343
D/MSimSignalClusterView( 2940): mobile[0]: VISIBLE sig=2130838329 type=0
D/MSimSignalClusterView( 2940): wifi: VISIBLE sig=2130838352 act=2130838343
D/MSimSignalClusterView( 2940): mobile[1]: VISIBLE sig=2130838329 type=0
D/MSimSignalClusterView( 2940): wifi: VISIBLE sig=2130838352 act=2130838343
D/MSimSignalClusterView( 2940): mobile[0]: VISIBLE sig=2130838329 type=0
D/MSimSignalClusterView( 2940): wifi: VISIBLE sig=2130838352 act=2130838343
D/MSimSignalClusterView( 2940): mobile[0]: VISIBLE sig=2130838329 type=0
D/MSimSignalClusterView( 2940): wifi: VISIBLE sig=2130838352 act=2130838343
D/MSimSignalClusterView( 2940): mobile[0]: VISIBLE sig=2130838329 type=0
D/MSimSignalClusterView( 2940): wifi: VISIBLE sig=2130838352 act=2130838343
D/MSimSignalClusterView( 2940): mobile[1]: VISIBLE sig=2130838329 type=0
D/StatusBar.MSimNetworkController( 2940): refreshSignalCluster, mMSimPhoneSignalIconId[0]=com.android.systemui:drawable/stat_sys_signal_null mMSimDataSignalIconId[0]=com.android.systemui:drawable/stat_sys_signal_null mMSimDataTypeIconId[0]=(null) mMSimMobileActivityIconId[0]=(null) mNoMSimIconId[0]=com.android.systemui:drawable/ic_qs_no_sim
D/BatteryMeterView( 2940): onDraw level = 81
I/SurfaceFlinger(  262): FPS: 6
D/BatteryMeterView( 2940): onDraw level = 91
V/WLAN_PSA(  314): NL MSG, len[4088], NL type[0x1C] WNI type[0x5900] len[57359]
V/WLAN_PSA(  314): NL MSG, PID: 314
D/BatteryMeterView( 2940): onDraw level = 100
I/SurfaceFlinger(  262): FPS: 3
D/BatteryMeterView( 2940): onDraw level = 11
D/BatteryMeterView( 2940): onDraw level = 21
I/SurfaceFlinger(  262): FPS: 4
D/BatteryMeterView( 2940): onDraw level = 31
D/wpa_supplicant(17726): wlan0: Control interface command 'SIGNAL_POLL'
D/BatteryMeterView( 2940): onDraw level = 41
I/SurfaceFlinger(  262): FPS: 4
D/BatteryMeterView( 2940): onDraw level = 51
D/BatteryMeterView( 2940): onDraw level = 61
I/SurfaceFlinger(  262): FPS: 4
D/BatteryMeterView( 2940): onDraw level = 71
D/BatteryMeterView( 2940): onDraw level = 81
I/SurfaceFlinger(  262): FPS: 4
E/WifiStateMachine(  775): WifiStateMachine CMD_START_SCAN source -2 txSuccessRate=59.80 rxSuccessRate=39.22 targetRoamBSSID=any RSSI=-60
D/BatteryMeterView( 2940): onDraw level = 91
V/WLAN_PSA(  314): NL MSG, len[4033], NL type[0x1C] WNI type[0x5900] len[43279]
V/WLAN_PSA(  314): NL MSG, PID: 314
D/wpa_supplicant(17726): wlan0: Control interface command 'SIGNAL_POLL'
I/art     (  775): Background partial concurrent mark sweep GC freed 52294(4MB) AllocSpace objects, 8(3MB) LOS objects, 29% free, 37MB/53MB, paused 1.954ms total 112.652ms
D/BatteryMeterView( 2940): onDraw level = 100
I/SurfaceFlinger(  262): FPS: 4
D/BatteryMeterView( 2940): onDraw level = 11
D/BatteryMeterView( 2940): onDraw level = 21
I/SurfaceFlinger(  262): FPS: 4
D/VM_BMS  (  461): wake_lock acquired
D/VM_BMS  (  461): New BMS data - Size=56
D/VM_BMS  (  461): Start process_bms_data
D/VM_BMS  (  461): Battery charge_cycle=0 fcc_adjust=0 rbatt_adjust=0 cycle_changed=false
D/VM_BMS  (  461): For batt_temp=255 fcc_mah=2200
D/VM_BMS  (  461): Lookup fcc_mah=2200.000000  adjusted fcc_mah=2200.000000
D/VM_BMS  (  461): For ocv=3803087 batt_temp=255 soc=36
D/VM_BMS  (  461): fifo_count=2 acc_count=0
D/VM_BMS  (  461): INIT: ocv=3803087 last_ocv=3803087 batt_temp=255 soc=36
D/VM_BMS  (  461): For soc=36 batt_temp=255 slope=3000
D/VM_BMS  (  461): For soc=36 batt_temp=255 rbatt_sf=106
D/VM_BMS  (  461): rbatt_mohm_default=72, rbatt_mohm=76, sf=106 batt_temp=255
D/VM_BMS  (  461): Lookup rbatt=76.000000  adjusted rbatt=76.000000
D/VM_BMS  (  461): For ocv=3803089 batt_temp=255 soc=36
D/VM_BMS  (  461): FIFO=0 fifo_avg=3.803916 rbatt=0.126000 slope=0.300000 ibatt=-0.006570 ocv=3.803089 soc=36 fcc_ah=2.200000 sample_count=128 sample_interval=70 seq_num=7075
D/VM_BMS  (  461): For soc=36 batt_temp=255 slope=3000
D/VM_BMS  (  461): For soc=36 batt_temp=255 rbatt_sf=106
D/VM_BMS  (  461): rbatt_mohm_default=72, rbatt_mohm=76, sf=106 batt_temp=255
D/VM_BMS  (  461): Lookup rbatt=76.000000  adjusted rbatt=76.000000
D/VM_BMS  (  461): For ocv=3803092 batt_temp=255 soc=36
D/VM_BMS  (  461): FIFO=1 fifo_avg=3.804203 rbatt=0.126000 slope=0.300000 ibatt=-0.008830 ocv=3.803092 soc=36 fcc_ah=2.200000 sample_count=128 sample_interval=70 seq_num=7075
I/VM_BMS  (  461): power_supply_update: ocv_uv=3803092 ibatt=-8830 soc=36 seq_num=7075
D/VM_BMS  (  461): End process_bms_data
D/VM_BMS  (  461): wake_lock released
D/BatteryMeterView( 2940): onDraw level = 31
D/BatteryMeterView( 2940): onDraw level = 41
I/SurfaceFlinger(  262): FPS: 4
D/BatteryMeterView( 2940): onDraw level = 51
D/wpa_supplicant(17726): wlan0: Control interface command 'SIGNAL_POLL'
V/WLAN_PSA(  314): NL MSG, len[4030], NL type[0x1C] WNI type[0x5900] len[42511]
V/WLAN_PSA(  314): NL MSG, PID: 314
D/BatteryMeterView( 2940): onDraw level = 61
I/SurfaceFlinger(  262): FPS: 5
D/BatteryMeterView( 2940): onDraw level = 71
D/BatteryMeterView( 2940): onDraw level = 81
I/SurfaceFlinger(  262): FPS: 4
D/BatteryMeterView( 2940): onDraw level = 91
D/BatteryMeterView( 2940): onDraw level = 100
I/SurfaceFlinger(  262): FPS: 4
D/BatteryMeterView( 2940): onDraw level = 11
D/wpa_supplicant(17726): wlan0: Control interface command 'SIGNAL_POLL'
D/BatteryMeterView( 2940): onDraw level = 21
I/SurfaceFlinger(  262): FPS: 4
D/BatteryMeterView( 2940): onDraw level = 31
D/BatteryMeterView( 2940): onDraw level = 41
I/SurfaceFlinger(  262): FPS: 4
V/WLAN_PSA(  314): NL MSG, len[4035], NL type[0x1C] WNI type[0x5900] len[43791]
V/WLAN_PSA(  314): NL MSG, PID: 314
D/BatteryMeterView( 2940): onDraw level = 51
D/BatteryMeterView( 2940): onDraw level = 61
I/SurfaceFlinger(  262): FPS: 4
D/BatteryMeterView( 2940): onDraw level = 71
D/wpa_supplicant(17726): wlan0: Control interface command 'SIGNAL_POLL'
D/BatteryMeterView( 2940): onDraw level = 81
I/SurfaceFlinger(  262): FPS: 4
D/BatteryMeterView( 2940): onDraw level = 91
D/BatteryMeterView( 2940): onDraw level = 100
I/SurfaceFlinger(  262): FPS: 4
D/BatteryMeterView( 2940): onDraw level = 11
D/BatteryMeterView( 2940): onDraw level = 21
I/SurfaceFlinger(  262): FPS: 4
D/wpa_supplicant(17726): wlan0: Control interface command 'SIGNAL_POLL'
V/WLAN_PSA(  314): NL MSG, len[4041], NL type[0x1C] WNI type[0x5900] len[45327]
V/WLAN_PSA(  314): NL MSG, PID: 314
D/BatteryMeterView( 2940): onDraw level = 31
D/BatteryMeterView( 2940): onDraw level = 41
I/SurfaceFlinger(  262): FPS: 4
D/BatteryMeterView( 2940): onDraw level = 51
D/BatteryMeterView( 2940): onDraw level = 61
I/SurfaceFlinger(  262): FPS: 4
D/BatteryMeterView( 2940): onDraw level = 71
D/BatteryMeterView( 2940): onDraw level = 81
I/SurfaceFlinger(  262): FPS: 4
D/wpa_supplicant(17726): wlan0: Control interface command 'SIGNAL_POLL'
D/BatteryMeterView( 2940): onDraw level = 91
D/BatteryMeterView( 2940): onDraw level = 100
I/SurfaceFlinger(  262): FPS: 4
V/WLAN_PSA(  314): NL MSG, len[4022], NL type[0x1C] WNI type[0x5900] len[40463]
V/WLAN_PSA(  314): NL MSG, PID: 314
D/BatteryMeterView( 2940): onDraw level = 11
D/BatteryMeterView( 2940): onDraw level = 21
I/SurfaceFlinger(  262): FPS: 4
D/BatteryMeterView( 2940): onDraw level = 31
D/BatteryMeterView( 2940): onDraw level = 41
I/SurfaceFlinger(  262): FPS: 4
D/wpa_supplicant(17726): wlan0: Control interface command 'SIGNAL_POLL'
D/BatteryMeterView( 2940): onDraw level = 51
D/BatteryMeterView( 2940): onDraw level = 61
I/SurfaceFlinger(  262): FPS: 4
D/BatteryMeterView( 2940): onDraw level = 71
E/WifiStateMachine(  775): WifiStateMachine CMD_START_SCAN source -2 txSuccessRate=23.01 rxSuccessRate=14.37 targetRoamBSSID=any RSSI=-57
E/WifiStateMachine(  775): WifiStateMachine starting scan for "Swift-LTE-0B6B"-WPA_PSK with 2442
D/wpa_supplicant(17726): wlan0: Control interface command 'SCAN TYPE=ONLY freq=2442'
D/wpa_supplicant(17726): wlan0: Setting scan request: 0.000000 sec
D/wpa_supplicant(17726): wlan0: Starting AP scan for wildcard SSID
D/wpa_supplicant(17726): wlan0: Limit manual scan to specified channels
D/wpa_supplicant(17726): wlan0: Add radio work 'scan'@0xb7a84d88
D/wpa_supplicant(17726): wlan0: First radio work item in the queue - schedule start immediately
D/wpa_supplicant(17726): wlan0: Starting radio work 'scan'@0xb7a84d88 after 0.000071 second wait
D/wpa_supplicant(17726): wlan0: nl80211: scan request
D/wpa_supplicant(17726): nl80211: Scan SSID - hexdump(len=0): [NULL]
D/wpa_supplicant(17726): nl80211: Scan frequency 2442 MHz
V/WLAN_PSA(  314): NL MSG, len[4054], NL type[0x1C] WNI type[0x5900] len[48655]
V/WLAN_PSA(  314): NL MSG, PID: 314
V/WLAN_PSA(  314): NL MSG, len[914], NL type[0x11] WNI type[0x5050] len[894]
V/WLAN_PSA(  314): NL MSG, PID: 314
V/WLAN_PSA(  314): NL MSG, len[048], NL type[0x11] WNI type[0x5050] len[028]
V/WLAN_PSA(  314): NL MSG, PID: 314
I/WifiHAL (  775): Poll result = 1
I/WifiHAL (  775): Found some events!!!
D/wpa_supplicant(17726): Scan requested (ret=0) - scan timeout 30 seconds
D/WifiHAL (  775): no_seq_check received
D/wpa_supplicant(17726): nl80211: Event message available
I/WifiHAL (  775): event received NL80211_CMD_TRIGGER_SCAN
I/WifiHAL (  775): event received NL80211_CMD_TRIGGER_SCAN, vendor_id = 0x0
D/wpa_supplicant(17726): nl80211: Drv Event 33 (NL80211_CMD_TRIGGER_SCAN) received for wlan0
I/WifiHAL (  775): event ignored!!
D/wpa_supplicant(17726): wlan0: nl80211: Scan trigger
D/wpa_supplicant(17726): wlan0: Event SCAN_STARTED (49) received
D/wpa_supplicant(17726): wlan0: Own scan request started a scan in 0.000204 seconds
D/wpa_supplicant(17726): CTRL_IFACE monitor sent successfully to /data/misc/wifi/sockets/wpa_ctrl_329-3\x00
V/WLAN_PSA(  314): NL MSG, len[4022], NL type[0x1C] WNI type[0x5900] len[40463]
V/WLAN_PSA(  314): NL MSG, PID: 314
D/wpa_supplicant(17726): CTRL_IFACE monitor sent successfully to /data/misc/wifi/sockets/wpa_ctrl_775-14\x00
V/WLAN_PSA(  314): NL MSG, len[4045], NL type[0x1C] WNI type[0x5900] len[46351]
V/WLAN_PSA(  314): NL MSG, PID: 314
V/WLAN_PSA(  314): NL MSG, len[914], NL type[0x11] WNI type[0x5050] len[894]
V/WLAN_PSA(  314): NL MSG, PID: 314
I/WifiHAL (  775): Poll result = 1
I/WifiHAL (  775): Found some events!!!
D/WifiHAL (  775): no_seq_check received
D/wp