I/telpo_native(  775): 96
I/telpo_native(  775): 69
I/telpo_native(  775): 04
I/telpo_native(  775): 00
I/telpo_native(  775): 00
I/telpo_native(  775): 00
I/telpo_native(  775): 6f
I/telpo_native(  775): 00
I/telpo_native(  775): 04
I/telpo_native(  775): 01
I/telpo_native(  775): 00
I/telpo_native(  775): 00
I/telpo_native(  775): 00
I/telpo_native(  775): 00
I/telpo_native(  775): 00
I/telpo_native(  775): 00
I/telpo_native(  775): 00
I/telpo_native(  775): 00
I/telpo_native(  775): 
D/telpo_native(26165): CallIntMethod return ret = 0 length = 20
D/telpo_native(  775): usb_printer_write data start!
D/telpo_native(  775): usb_printer_write start!
E/telpo_native(  775): ret = 25
D/telpo_native(  775): handle_emv_serial_read_write_cmd: usb write length = 25
E/telpo_native(  775): serial_read:start read
E/telpo_native(  775): serial_read:serial_read read_size = 0
D/telpo_native(  775): handle_emv_serial_read_write_cmd: usb_printer_read length = 20
I/telpo_native(  775): 0b
I/telpo_native(  775): b0
I/telpo_native(  775): 96
I/telpo_native(  775): 69
I/telpo_native(  775): 04
I/telpo_native(  775): 00
I/telpo_native(  775): 00
I/telpo_native(  775): 00
I/telpo_native(  775): 70
I/telpo_native(  775): 00
I/telpo_native(  775): 04
I/telpo_native(  775): 01
I/telpo_native(  775): 00
I/telpo_native(  775): 00
I/telpo_native(  775): 00
I/telpo_native(  775): 00
I/telpo_native(  775): 00
I/telpo_native(  775): 00
I/telpo_native(  775): 00
I/telpo_native(  775): 00
I/telpo_native(  775): 
D/telpo_native(  775): handle_emv_serial_read_write_cmd: parse successfully!
I/telpo_native(  775): handle_emv_serial_read_write_cmd: receive data length is 20
I/telpo_native(  775): 0b
I/telpo_native(  775): b0
I/telpo_native(  775): 96
I/telpo_native(  775): 69
I/telpo_native(  775): 04
I/telpo_native(  775): 00
I/telpo_native(  775): 00
I/telpo_native(  775): 00
I/telpo_native(  775): 70
I/telpo_native(  775): 00
I/telpo_native(  775): 04
I/telpo_native(  775): 01
I/telpo_native(  775): 00
I/telpo_native(  775): 00
I/telpo_native(  775): 00
I/telpo_native(  775): 00
I/telpo_native(  775): 00
I/telpo_native(  775): 00
I/telpo_native(  775): 00
I/telpo_native(  775): 00
I/telpo_native(  775): 
D/telpo_native(26165): CallIntMethod return ret = 0 length = 20
D/telpo_native(  775): usb_printer_write data start!
D/telpo_native(  775): usb_printer_write start!
E/telpo_native(  775): ret = 25
D/telpo_native(  775): handle_emv_serial_read_write_cmd: usb write length = 25
E/telpo_native(  775): serial_read:start read
E/telpo_native(  775): serial_read:serial_read read_size = 0
D/telpo_native(  775): handle_emv_serial_read_write_cmd: usb_printer_read length = 20
I/telpo_native(  775): 0b
I/telpo_native(  775): b0
I/telpo_native(  775): 96
I/telpo_native(  775): 69
I/telpo_native(  775): 04
I/telpo_native(  775): 00
I/telpo_native(  775): 00
I/telpo_native(  775): 00
I/telpo_native(  775): 71
I/telpo_native(  775): 00
I/telpo_native(  775): 04
I/telpo_native(  775): 01
I/telpo_native(  775): 00
I/telpo_native(  775): 00
I/telpo_native(  775): 00
I/telpo_native(  775): 00
I/telpo_native(  775): 00
I/telpo_native(  775): 00
I/telpo_native(  775): 00
I/telpo_native(  775): 00
I/telpo_native(  775): 
D/telpo_native(  775): handle_emv_serial_read_write_cmd: parse successfully!
I/telpo_native(  775): handle_emv_serial_read_write_cmd: receive data length is 20
I/telpo_native(  775): 0b
I/telpo_native(  775): b0
I/telpo_native(  775): 96
I/telpo_native(  775): 69
I/telpo_native(  775): 04
I/telpo_native(  775): 00
I/telpo_native(  775): 00
I/telpo_native(  775): 00
I/telpo_native(  775): 71
I/telpo_native(  775): 00
I/telpo_native(  775): 04
I/telpo_native(  775): 01
I/telpo_native(  775): 00
I/telpo_native(  775): 00
I/telpo_native(  775): 00
I/telpo_native(  775): 00
I/telpo_native(  775): 00
I/telpo_native(  775): 00
I/telpo_native(  775): 00
I/telpo_native(  775): 00
I/telpo_native(  775): 
D/telpo_native(26165): CallIntMethod return ret = 0 length = 20
D/telpo_native(  775): usb_printer_write data start!
D/telpo_native(  775): usb_printer_write start!
E/telpo_native(  775): ret = 25
D/telpo_native(  775): handle_emv_serial_read_write_cmd: usb write length = 25
E/telpo_native(  775): serial_read:start read
E/telpo_native(  775): serial_read:serial_read read_size = 0
D/telpo_native(  775): handle_emv_serial_read_write_cmd: usb_printer_read length = 20
I/telpo_native(  775): 0b
I/telpo_native(  775): b0
I/telpo_native(  775): 96
I/telpo_native(  775): 69
I/telpo_native(  775): 04
I/telpo_native(  775): 00
I/telpo_native(  775): 00
I/telpo_native(  775): 00
I/telpo_native(  775): 72
I/telpo_native(  775): 00
I/telpo_native(  775): 04
I/telpo_native(  775): 01
I/telpo_native(  775): 00
I/telpo_native(  775): 00
I/telpo_native(  775): 00
I/telpo_native(  775): 00
I/telpo_native(  775): 00
I/telpo_native(  775): 00
I/telpo_native(  775): 00
I/telpo_native(  775): 00
I/telpo_native(  775): 
D/telpo_native(  775): handle_emv_serial_read_write_cmd: parse successfully!
I/telpo_native(  775): handle_emv_serial_read_write_cmd: receive data length is 20
I/telpo_native(  775): 0b
I/telpo_native(  775): b0
I/telpo_native(  775): 96
I/telpo_native(  775): 69
I/telpo_native(  775): 04
I/telpo_native(  775): 00
I/telpo_native(  775): 00
I/telpo_native(  775): 00
I/telpo_native(  775): 72
I/telpo_native(  775): 00
I/telpo_native(  775): 04
I/telpo_native(  775): 01
I/telpo_native(  775): 00
I/telpo_native(  775): 00
I/telpo_native(  775): 00
I/telpo_native(  775): 00
I/telpo_native(  775): 00
I/telpo_native(  775): 00
I/telpo_native(  775): 00
I/telpo_native(  775): 00
I/telpo_native(  775): 
D/telpo_native(26165): CallIntMethod return ret = 0 length = 20
D/telpo_native(  775): usb_printer_write data start!
D/telpo_native(  775): usb_printer_write start!
E/telpo_native(  775): ret = 25
D/telpo_native(  775): handle_emv_serial_read_write_cmd: usb write length = 25
E/telpo_native(  775): serial_read:start read
E/telpo_native(  775): serial_read:serial_read read_size = 0
D/telpo_native(  775): handle_emv_serial_read_write_cmd: usb_printer_read length = 20
I/telpo_native(  775): 0b
I/telpo_native(  775): b0
I/telpo_native(  775): 96
I/telpo_native(  775): 69
I/telpo_native(  775): 04
I/telpo_native(  775): 00
I/telpo_native(  775): 00
I/telpo_native(  775): 00
I/telpo_native(  775): 73
I/telpo_native(  775): 00
I/telpo_native(  775): 04
I/telpo_native(  775): 01
I/telpo_native(  775): 00
I/telpo_native(  775): 00
I/telpo_native(  775): 00
I/telpo_native(  775): 00
I/telpo_native(  775): 00
I/telpo_native(  775): 00
I/telpo_native(  775): 00
I/telpo_native(  775): 00
I/telpo_native(  775): 
D/telpo_native(  775): handle_emv_serial_read_write_cmd: parse successfully!
I/telpo_native(  775): handle_emv_serial_read_write_cmd: receive data length is 20
I/telpo_native(  775): 0b
I/telpo_native(  775): b0
I/telpo_native(  775): 96
I/telpo_native(  775): 69
I/telpo_native(  775): 04
I/telpo_native(  775): 00
I/telpo_native(  775): 00
I/telpo_native(  775): 00
I/telpo_native(  775): 73
I/telpo_native(  775): 00
I/telpo_native(  775): 04
I/telpo_native(  775): 01
I/telpo_native(  775): 00
I/telpo_native(  775): 00
I/telpo_native(  775): 00
I/telpo_native(  775): 00
I/telpo_native(  775): 00
I/telpo_native(  775): 00
I/telpo_native(  775): 00
I/telpo_native(  775): 00
I/telpo_native(  775): 
D/telpo_native(26165): CallIntMethod return ret = 0 length = 20
D/telpo_native(  775): usb_printer_write data start!
D/telpo_native(  775): usb_printer_write start!
E/telpo_native(  775): ret = 25
D/telpo_native(  775): handle_emv_serial_read_write_cmd: usb write length = 25
E/telpo_native(  775): serial_read:start read
E/telpo_native(  775): serial_read:serial_read read_size = 0
D/telpo_native(  775): handle_emv_serial_read_write_cmd: usb_printer_read length = 20
I/telpo_native(  775): 0b
I/telpo_native(  775): b0
I/telpo_native(  775): 96
I/telpo_native(  775): 69
I/telpo_native(  775): 04
I/telpo_native(  775): 00
I/telpo_native(  775): 00
I/telpo_native(  775): 00
I/telpo_native(  775): 74
I/telpo_native(  775): 00
I/telpo_native(  775): 04
I/telpo_native(  775): 01
I/telpo_native(  775): 00
I/telpo_native(  775): 00
I/telpo_native(  775): 00
I/telpo_native(  775): 00
I/telpo_native(  775): 00
I/telpo_native(  775): 00
I/telpo_native(  775): 00
I/telpo_native(  775): 00
I/telpo_native(  775): 
D/telpo_native(  775): handle_emv_serial_read_write_cmd: parse successfully!
I/telpo_native(  775): handle_emv_serial_read_write_cmd: receive data length is 20
I/telpo_native(  775): 0b
I/telpo_native(  775): b0
I/telpo_native(  775): 96
I/telpo_native(  775): 69
I/telpo_native(  775): 04
I/telpo_native(  775): 00
I/telpo_native(  775): 00
I/telpo_native(  775): 00
I/telpo_native(  775): 74
I/telpo_native(  775): 00
I/telpo_native(  775): 04
I/telpo_native(  775): 01
I/telpo_native(  775): 00
I/telpo_native(  775): 00
I/telpo_native(  775): 00
I/telpo_native(  775): 00
I/telpo_native(  775): 00
I/telpo_native(  775): 00
I/telpo_native(  775): 00
I/telpo_native(  775): 00
I/telpo_native(  775): 
D/telpo_native(26165): CallIntMethod return ret = 0 length = 20
D/telpo_native(  775): usb_printer_write data start!
D/telpo_native(  775): usb_printer_write start!
E/telpo_native(  775): ret = 25
D/telpo_native(  775): handle_emv_serial_read_write_cmd: usb write length = 25
E/telpo_native(  775): serial_read:start read
E/telpo_native(  775): serial_read:serial_read read_size = 0
D/telpo_native(  775): handle_emv_serial_read_write_cmd: usb_printer_read length = 20
I/telpo_native(  775): 0b
I/telpo_native(  775): b0
I/telpo_native(  775): 96
I/telpo_native(  775): 69
I/telpo_native(  775): 04
I/telpo_native(  775): 00
I/telpo_native(  775): 00
I/telpo_native(  775): 00
I/telpo_native(  775): 75
I/telpo_native(  775): 00
I/telpo_native(  775): 04
I/telpo_native(  775): 01
I/telpo_native(  775): 00
I/telpo_native(  775): 00
I/telpo_native(  775): 00
I/telpo_native(  775): 00
I/telpo_native(  775): 00
I/telpo_native(  775): 00
I/telpo_native(  775): 00
I/telpo_native(  775): 00
I/telpo_native(  775): 
D/telpo_native(  775): handle_emv_serial_read_write_cmd: parse successfully!
I/telpo_native(  775): handle_emv_serial_read_write_cmd: receive data length is 20
I/telpo_native(  775): 0b
I/telpo_native(  775): b0
I/telpo_native(  775): 96
I/telpo_native(  775): 69
I/telpo_native(  775): 04
I/telpo_native(  775): 00
I/telpo_native(  775): 00
I/telpo_native(  775): 00
I/telpo_native(  775): 75
I/telpo_native(  775): 00
I/telpo_native(  775): 04
I/telpo_native(  775): 01
I/telpo_native(  775): 00
I/telpo_native(  775): 00
I/telpo_native(  775): 00
I/telpo_native(  775): 00
I/telpo_native(  775): 00
I/telpo_native(  775): 00
I/telpo_native(  775): 00
I/telpo_native(  775): 00
I/telpo_native(  775): 
D/telpo_native(26165): CallIntMethod return ret = 0 length = 20
D/telpo_native(  775): usb_printer_write data start!
D/telpo_native(  775): usb_printer_write start!
E/telpo_native(  775): ret = 25
D/telpo_native(  775): handle_emv_serial_read_write_cmd: usb write length = 25
E/telpo_native(  775): serial_read:start read
E/telpo_native(  775): serial_read:serial_read read_size = 0
D/telpo_native(  775): handle_emv_serial_read_write_cmd: usb_printer_read length = 20
I/telpo_native(  775): 0b
I/telpo_native(  775): b0
I/telpo_native(  775): 96
I/telpo_native(  775): 69
I/telpo_native(  775): 04
I/telpo_native(  775): 00
I/telpo_native(  775): 00
I/telpo_native(  775): 00
I/telpo_native(  775): 76
I/telpo_native(  775): 00
I/telpo_native(  775): 04
I/telpo_native(  775): 01
I/telpo_native(  775): 00
I/telpo_native(  775): 00
I/telpo_native(  775): 00
I/telpo_native(  775): 00
I/telpo_native(  775): 00
I/telpo_native(  775): 00
I/telpo_native(  775): 00
I/telpo_native(  775): 00
I/telpo_native(  775): 
D/telpo_native(  775): handle_emv_serial_read_write_cmd: parse successfully!
I/telpo_native(  775): handle_emv_serial_read_write_cmd: receive data length is 20
I/telpo_native(  775): 0b
I/telpo_native(  775): b0
I/telpo_native(  775): 96
I/telpo_native(  775): 69
I/telpo_native(  775): 04
I/telpo_native(  775): 00
I/telpo_native(  775): 00
I/telpo_native(  775): 00
I/telpo_native(  775): 76
I/telpo_native(  775): 00
I/telpo_native(  775): 04
I/telpo_native(  775): 01
I/telpo_native(  775): 00
I/telpo_native(  775): 00
I/telpo_native(  775): 00
I/telpo_native(  775): 00
I/telpo_native(  775): 00
I/telpo_native(  775): 00
I/telpo_native(  775): 00
I/telpo_native(  775): 00
I/telpo_native(  775): 
D/telpo_native(26165): CallIntMethod return ret = 0 length = 20
D/telpo_native(  775): usb_printer_write data start!
D/telpo_native(  775): usb_printer_write start!
E/telpo_native(  775): ret = 25
D/telpo_native(  775): handle_emv_serial_read_write_cmd: usb write length = 25
E/telpo_native(  775): serial_read:start read
E/telpo_native(  775): serial_read:serial_read read_size = 0
D/telpo_native(  775): handle_emv_serial_read_write_cmd: usb_printer_read length = 20
I/telpo_native(  775): 0b
I/telpo_native(  775): b0
I/telpo_native(  775): 96
I/telpo_native(  775): 69
I/telpo_native(  775): 04
I/telpo_native(  775): 00
I/telpo_native(  775): 00
I/telpo_native(  775): 00
I/telpo_native(  775): 77
I/telpo_native(  775): 00
I/telpo_native(  775): 04
I/telpo_native(  775): 01
I/telpo_native(  775): 00
I/telpo_native(  775): 00
I/telpo_native(  775): 00
I/telpo_native(  775): 00
I/telpo_native(  775): 00
I/telpo_native(  775): 00
I/telpo_native(  775): 00
I/telpo_native(  775): 00
I/telpo_native(  775): 
D/telpo_native(  775): handle_emv_serial_read_write_cmd: parse successfully!
I/telpo_native(  775): handle_emv_serial_read_write_cmd: receive data length is 20
I/telpo_native(  775): 0b
I/telpo_native(  775): b0
I/telpo_native(  775): 96
I/telpo_native(  775): 69
I/telpo_native(  775): 04
I/telpo_native(  775): 00
I/telpo_native(  775): 00
I/telpo_native(  775): 00
I/telpo_native(  775): 77
I/telpo_native(  775): 00
I/telpo_native(  775): 04
I/telpo_native(  775): 01
I/telpo_native(  775): 00
I/telpo_native(  775): 00
I/telpo_native(  775): 00
I/telpo_native(  775): 00
I/telpo_native(  775): 00
I/telpo_native(  775): 00
I/telpo_native(  775): 00
I/telpo_native(  775): 00
I/telpo_native(  775): 
D/telpo_native(26165): CallIntMethod return ret = 0 length = 20
D/telpo_native(  775): usb_printer_write data start!
D/telpo_native(  775): usb_printer_write start!
E/telpo_native(  775): ret = 25
D/telpo_native(  775): handle_emv_serial_read_write_cmd: usb write length = 25
E/telpo_native(  775): serial_read:start read
E/telpo_native(  775): serial_read:serial_read read_size = 0
D/telpo_native(  775): handle_emv_serial_read_write_cmd: usb_printer_read length = 20
I/telpo_native(  775): 0b
I/telpo_native(  775): b0
I/telpo_native(  775): 96
I/telpo_native(  775): 69
I/telpo_native(  775): 04
I/telpo_native(  775): 00
I/telpo_native(  775): 00
I/telpo_native(  775): 00
I/telpo_native(  775): 78
I/telpo_native(  775): 00
I/telpo_native(  775): 04
I/telpo_native(  775): 01
I/telpo_native(  775): 00
I/telpo_native(  775): 00
I/telpo_native(  775): 00
I/telpo_native(  775): 00
I/telpo_native(  775): 00
I/telpo_native(  775): 00
I/telpo_native(  775): 00
I/telpo_native(  775): 00
I/telpo_native(  775): 
D/telpo_native(  775): handle_emv_serial_read_write_cmd: parse successfully!
I/telpo_native(  775): handle_emv_serial_read_write_cmd: receive data length is 20
I/telpo_native(  775): 0b
I/telpo_native(  775): b0
I/telpo_native(  775): 96
I/telpo_native(  775): 69
I/telpo_native(  775): 04
I/telpo_native(  775): 00
I/telpo_native(  775): 00
I/telpo_native(  775): 00
I/telpo_native(  775): 78
I/telpo_native(  775): 00
I/telpo_native(  775): 04
I/telpo_native(  775): 01
I/telpo_native(  775): 00
I/telpo_native(  775): 00
I/telpo_native(  775): 00
I/telpo_native(  775): 00
I/telpo_native(  775): 00
I/telpo_native(  775): 00
I/telpo_native(  775): 00
I/telpo_native(  775): 00
I/telpo_native(  775): 
D/telpo_native(26165): CallIntMethod return ret = 0 length = 20
D/telpo_native(  775): usb_printer_write data start!
D/telpo_native(  775): usb_printer_write start!
E/telpo_native(  775): ret = 25
D/telpo_native(  775): handle_emv_serial_read_write_cmd: usb write length = 25
E/telpo_native(  775): serial_read:start read
E/telpo_native(  775): serial_read:serial_read read_size = 0
D/telpo_native(  775): handle_emv_serial_read_write_cmd: usb_printer_read length = 20
I/telpo_native(  775): 0b
I/telpo_native(  775): b0
I/telpo_native(  775): 96
I/telpo_native(  775): 69
I/telpo_native(  775): 04
I/telpo_native(  775): 00
I/telpo_native(  775): 00
I/telpo_native(  775): 00
I/telpo_native(  775): 79
I/telpo_native(  775): 00
I/telpo_native(  775): 04
I/telpo_native(  775): 01
I/telpo_native(  775): 00
I/telpo_native(  775): 00
I/telpo_native(  775): 00
I/telpo_native(  775): 00
I/telpo_native(  775): 00
I/telpo_native(  775): 00
I/telpo_native(  775): 00
I/telpo_native(  775): 00
I/telpo_native(  775): 
D/telpo_native(  775): handle_emv_serial_read_write_cmd: parse successfully!
I/telpo_native(  775): handle_emv_serial_read_write_cmd: receive data length is 20
I/telpo_native(  775): 0b
I/telpo_native(  775): b0
I/telpo_native(  775): 96
I/telpo_native(  775): 69
I/telpo_native(  775): 04
I/telpo_native(  775): 00
I/telpo_native(  775): 00
I/telpo_native(  775): 00
I/telpo_native(  775): 79
I/telpo_native(  775): 00
I/telpo_native(  775): 04
I/telpo_native(  775): 01
I/telpo_native(  775): 00
I/telpo_native(  775): 00
I/telpo_native(  775): 00
I/telpo_native(  775): 00
I/telpo_native(  775): 00
I/telpo_native(  775): 00
I/telpo_native(  775): 00
I/telpo_native(  775): 00
I/telpo_native(  775): 
D/telpo_native(26165): CallIntMethod return ret = 0 length = 20
D/telpo_native(  775): usb_printer_write data start!
D/telpo_native(  775): usb_printer_write start!
E/telpo_native(  775): ret = 25
D/telpo_native(  775): handle_emv_serial_read_write_cmd: usb write length = 25
E/telpo_native(  775): serial_read:start read
E/telpo_native(  775): serial_read:serial_read read_size = 0
D/telpo_native(  775): handle_emv_serial_read_write_cmd: usb_printer_read length = 20
I/telpo_native(  775): 0b
I/telpo_native(  775): b0
I/telpo_native(  775): 96
I/telpo_native(  775): 69
I/telpo_native(  775): 04
I/telpo_native(  775): 00
I/telpo_native(  775): 00
I/telpo_native(  775): 00
I/telpo_native(  775): 7a
I/telpo_native(  775): 00
I/telpo_native(  775): 04
I/telpo_native(  775): 01
I/telpo_native(  775): 00
I/telpo_native(  775): 00
I/telpo_native(  775): 00
I/telpo_native(  775): 00
I/telpo_native(  775): 00
I/telpo_native(  775): 00
I/telpo_native(  775): 00
I/telpo_native(  775): 00
I/telpo_native(  775): 
D/telpo_native(  775): handle_emv_serial_read_write_cmd: parse successfully!
I/telpo_native(  775): handle_emv_serial_read_write_cmd: receive data length is 20
I/telpo_native(  775): 0b
I/telpo_native(  775): b0
I/telpo_native(  775): 96
I/telpo_native(  775): 69
I/telpo_native(  775): 04
I/telpo_native(  775): 00
I/telpo_native(  775): 00
I/telpo_native(  775): 00
I/telpo_native(  775): 7a
I/telpo_native(  775): 00
I/telpo_native(  775): 04
I/telpo_native(  775): 01
I/telpo_native(  775): 00
I/telpo_native(  775): 00
I/telpo_native(  775): 00
I/telpo_native(  775): 00
I/telpo_native(  775): 00
I/telpo_native(  775): 00
I/telpo_native(  775): 00
I/telpo_native(  775): 00
I/telpo_native(  775): 
D/telpo_native(26165): CallIntMethod return ret = 0 length = 20
D/telpo_native(  775): usb_printer_write data start!
D/telpo_native(  775): usb_printer_write start!
E/telpo_native(  775): ret = 25
D/telpo_native(  775): handle_emv_serial_read_write_cmd: usb write length = 25
E/telpo_native(  775): serial_read:start read
E/telpo_native(  775): serial_read:serial_read read_size = 0
D/telpo_native(  775): handle_emv_serial_read_write_cmd: usb_printer_read length = 20
I/telpo_native(  775): 0b
I/telpo_native(  775): b0
I/telpo_native(  775): 96
I/telpo_native(  775): 69
I/telpo_native(  775): 04
I/telpo_native(  775): 00
I/telpo_native(  775): 00
I/telpo_native(  775): 00
I/telpo_native(  775): 7b
I/telpo_native(  775): 00
I/telpo_native(  775): 04
I/telpo_native(  775): 01
I/telpo_native(  775): 00
I/telpo_native(  775): 00
I/telpo_native(  775): 00
I/telpo_native(  775): 00
I/telpo_native(  775): 00
I/telpo_native(  775): 00
I/telpo_native(  775): 00
I/telpo_native(  775): 00
I/telpo_native(  775): 
D/telpo_native(  775): handle_emv_serial_read_write_cmd: parse successfully!
I/telpo_native(  775): handle_emv_serial_read_write_cmd: receive data length is 20
I/telpo_native(  775): 0b
I/telpo_native(  775): b0
I/telpo_native(  775): 96
I/telpo_native(  775): 69
I/telpo_native(  775): 04
I/telpo_native(  775): 00
I/telpo_native(  775): 00
I/telpo_native(  775): 00
I/telpo_native(  775): 7b
I/telpo_native(  775): 00
I/telpo_native(  775): 04
I/telpo_native(  775): 01
I/telpo_native(  775): 00
I/telpo_native(  775): 00
I/telpo_native(  775): 00
I/telpo_native(  775): 00
I/telpo_native(  775): 00
I/telpo_native(  775): 00
I/telpo_native(  775): 00
I/telpo_native(  775): 00
I/telpo_native(  775): 
D/telpo_native(26165): CallIntMethod return ret = 0 length = 20
D/telpo_native(  775): usb_printer_write data start!
D/telpo_native(  775): usb_printer_write start!
E/telpo_native(  775): ret = 25
D/telpo_native(  775): handle_emv_serial_read_write_cmd: usb write length = 25
E/telpo_native(  775): serial_read:start read
E/telpo_native(  775): serial_read:serial_read read_size = 0
D/telpo_native(  775): handle_emv_serial_read_write_cmd: usb_printer_read length = 20
I/telpo_native(  775): 0b
I/telpo_native(  775): b0
I/telpo_native(  775): 96
I/telpo_native(  775): 69
I/telpo_native(  775): 04
I/telpo_native(  775): 00
I/telpo_native(  775): 00
I/telpo_native(  775): 00
I/telpo_native(  775): 7c
I/telpo_native(  775): 00
I/telpo_native(  775): 04
I/telpo_native(  775): 01
I/telpo_native(  775): 00
I/telpo_native(  775): 00
I/telpo_native(  775): 00
I/telpo_native(  775): 00
I/telpo_native(  775): 00
I/telpo_native(  775): 00
I/telpo_native(  775): 00
I/telpo_native(  775): 00
I/telpo_native(  775): 
D/telpo_native(  775): handle_emv_serial_read_write_cmd: parse successfully!
I/telpo_native(  775): handle_emv_serial_read_write_cmd: receive data length is 20
I/telpo_native(  775): 0b
I/telpo_native(  775): b0
I/telpo_native(  775): 96
I/telpo_native(  775): 69
I/telpo_native(  775): 04
I/telpo_native(  775): 00
I/telpo_native(  775): 00
I/telpo_native(  775): 00
I/telpo_native(  775): 7c
I/telpo_native(  775): 00
I/telpo_native(  775): 04
I/telpo_native(  775): 01
I/telpo_native(  775): 00
I/telpo_native(  775): 00
I/telpo_native(  775): 00
I/telpo_native(  775): 00
I/telpo_native(  775): 00
I/telpo_native(  775): 00
I/telpo_native(  775): 00
I/telpo_native(  775): 00
I/telpo_native(  775): 
D/telpo_native(26165): CallIntMethod return ret = 0 length = 20
D/telpo_native(  775): usb_printer_write data start!
D/telpo_native(  775): usb_printer_write start!
E/telpo_native(  775): ret = 25
D/telpo_native(  775): handle_emv_serial_read_write_cmd: usb write length = 25
E/telpo_native(  775): serial_read:start read
E/telpo_native(  775): serial_read:serial_read read_size = 0
D/telpo_native(  775): handle_emv_serial_read_write_cmd: usb_printer_read length = 20
I/telpo_native(  775): 0b
I/telpo_native(  775): b0
I/telpo_native(  775): 96
I/telpo_native(  775): 69
I/telpo_native(  775): 04
I/telpo_native(  775): 00
I/telpo_native(  775): 00
I/telpo_native(  775): 00
I/telpo_native(  775): 7d
I/telpo_native(  775): 00
I/telpo_native(  775): 04
I/telpo_native(  775): 01
I/telpo_native(  775): 00
I/telpo_native(  775): 00
I/telpo_native(  775): 00
I/telpo_native(  775): 00
I/telpo_native(  775): 00
I/telpo_native(  775): 00
I/telpo_native(  775): 00
I/telpo_native(  775): 00
I/telpo_native(  775): 
D/telpo_native(  775): handle_emv_serial_read_write_cmd: parse successfully!
I/telpo_native(  775): handle_emv_serial_read_write_cmd: receive data length is 20
I/telpo_native(  775): 0b
I/telpo_native(  775): b0
I/telpo_native(  775): 96
I/telpo_native(  775): 69
I/telpo_native(  775): 04
I/telpo_native(  775): 00
I/telpo_native(  775): 00
I/telpo_native(  775): 00
I/telpo_native(  775): 7d
I/telpo_native(  775): 00
I/telpo_native(  775): 04
I/telpo_native(  775): 01
I/telpo_native(  775): 00
I/telpo_native(  775): 00
I/telpo_native(  775): 00
I/telpo_native(  775): 00
I/telpo_native(  775): 00
I/telpo_native(  775): 00
I/telpo_native(  775): 00
I/telpo_native(  775): 00
I/telpo_native(  775): 
D/telpo_native(26165): CallIntMethod return ret = 0 length = 20
D/telpo_native(  775): usb_printer_write data start!
D/telpo_native(  775): usb_printer_write start!
E/telpo_native(  775): ret = 25
D/telpo_native(  775): handle_emv_serial_read_write_cmd: usb write length = 25
E/telpo_native(  775): serial_read:start read
E/telpo_native(  775): serial_read:serial_read read_size = 0
D/telpo_native(  775): handle_emv_serial_read_write_cmd: usb_printer_read length = 20
I/telpo_native(  775): 0b
I/telpo_native(  775): b0
I/telpo_native(  775): 96
I/telpo_native(  775): 69
I/telpo_native(  775): 04
I/telpo_native(  775): 00
I/telpo_native(  775): 00
I/telpo_native(  775): 00
I/telpo_native(  775): 7e
I/telpo_native(  775): 00
I/telpo_native(  775): 04
I/telpo_native(  775): 01
I/telpo_native(  775): 00
I/telpo_native(  775): 00
I/telpo_native(  775): 00
I/telpo_native(  775): 00
I/telpo_native(  775): 00
I/telpo_native(  775): 00
I/telpo_native(  775): 00
I/telpo_native(  775): 00
I/telpo_native(  775): 
D/telpo_native(  775): handle_emv_serial_read_write_cmd: parse successfully!
I/telpo_native(  775): handle_emv_serial_read_write_cmd: receive data length is 20
I/telpo_native(  775): 0b
I/telpo_native(  775): b0
I/telpo_native(  775): 96
I/telpo_native(  775): 69
I/telpo_native(  775): 04
I/telpo_native(  775): 00
I/telpo_native(  775): 00
I/telpo_native(  775): 00
I/telpo_native(  775): 7e
I/telpo_native(  775): 00
I/telpo_native(  775): 04
I/telpo_native(  775): 01
I/telpo_native(  775): 00
I/telpo_native(  775): 00
I/telpo_native(  775): 00
I/telpo_native(  775): 00
I/telpo_native(  775): 00
I/telpo_native(  775): 00
I/telpo_native(  775): 00
I/telpo_native(  775): 00
I/telpo_native(  775): 
D/telpo_native(26165): CallIntMethod return ret = 0 length = 20
D/telpo_native(  775): usb_printer_write data start!
D/telpo_native(  775): usb_printer_write start!
E/telpo_native(  775): ret = 25
D/telpo_native(  775): handle_emv_serial_read_write_cmd: usb write length = 25
E/telpo_native(  775): serial_read:start read
E/telpo_native(  775): serial_read:serial_read read_size = 0
D/telpo_native(  775): handle_emv_serial_read_write_cmd: usb_printer_read length = 20
I/telpo_native(  775): 0b
I/telpo_native(  775): b0
I/telpo_native(  775): 96
I/telpo_native(  775): 69
I/telpo_native(  775): 04
I/telpo_native(  775): 00
I/telpo_native(  775): 00
I/telpo_native(  775): 00
I/telpo_native(  775): 7f
I/telpo_native(  775): 00
I/telpo_native(  775): 04
I/telpo_native(  775): 01
I/telpo_native(  775): 00
I/telpo_native(  775): 00
I/telpo_native(  775): 00
I/telpo_native(  775): 00
I/telpo_native(  775): 00
I/telpo_native(  775): 00
I/telpo_native(  775): 00
I/telpo_native(  775): 00
I/telpo_native(  775): 
D/telpo_native(  775): handle_emv_serial_read_write_cmd: parse successfully!
I/telpo_native(  775): handle_emv_serial_read_write_cmd: receive data length is 20
I/telpo_native(  775): 0b
I/telpo_native(  775): b0
I/telpo_native(  775): 96
I/telpo_native(  775): 69
I/telpo_native(  775): 04
I/telpo_native(  775): 00
I/telpo_native(  775): 00
I/telpo_native(  775): 00
I/telpo_native(  775): 7f
I/telpo_native(  775): 00
I/telpo_native(  775): 04
I/telpo_native(  775): 01
I/telpo_native(  775): 00
I/telpo_native(  775): 00
I/telpo_native(  775): 00
I/telpo_native(  775): 00
I/telpo_native(  775): 00
I/telpo_native(  775): 00
I/telpo_native(  775): 00
I/telpo_native(  775): 00
I/telpo_native(  775): 
D/telpo_native(26165): CallIntMethod return ret = 0 length = 20
D/telpo_native(  775): usb_printer_write data start!
D/telpo_native(  775): usb_printer_write start!
E/telpo_native(  775): ret = 25
D/telpo_native(  775): handle_emv_serial_read_write_cmd: usb write length = 25
E/telpo_native(  775): serial_read:start read
E/telpo_native(  775): serial_read:serial_read read_size = 0
D/telpo_native(  775): handle_emv_serial_read_write_cmd: usb_printer_read length = 20
I/telpo_native(  775): 0b
I/telpo_native(  775): b0
I/telpo_native(  775): 96
I/telpo_native(  775): 69
I/telpo_native(  775): 04
I/telpo_native(  775): 00
I/telpo_native(  775): 00
I/telpo_native(  775): 00
I/telpo_native(  775): 80
I/telpo_native(  775): 00
I/telpo_native(  775): 04
I/telpo_native(  775): 01
I/telpo_native(  775): 00
I/telpo_native(  775): 00
I/telpo_native(  775): 00
I/telpo_native(  775): 00
I/telpo_native(  775): 00
I/telpo_native(  775): 00
I/telpo_native(  775): 00
I/telpo_native(  775): 00
I/telpo_native(  775): 
D/telpo_native(  775): handle_emv_serial_read_write_cmd: parse successfully!
I/telpo_native(  775): handle_emv_serial_read_write_cmd: receive data length is 20
I/telpo_native(  775): 0b
I/telpo_native(  775): b0
I/telpo_native(  775): 96
I/telpo_native(  775): 69
I/telpo_native(  775): 04
I/telpo_native(  775): 00
I/telpo_native(  775): 00
I/telpo_native(  775): 00
I/telpo_native(  775): 80
I/telpo_native(  775): 00
I/telpo_native(  775): 04
I/telpo_native(  775): 01
I/telpo_native(  775): 00
I/telpo_native(  775): 00
I/telpo_native(  775): 00
I/telpo_native(  775): 00
I/telpo_native(  775): 00
I/telpo_native(  775): 00
I/telpo_native(  775): 00
I/telpo_native(  775): 00
I/telpo_native(  775): 
D/telpo_native(26165): CallIntMethod return ret = 0 length = 20
D/telpo_native(  775): usb_printer_write data start!
D/telpo_native(  775): usb_printer_write start!
E/telpo_native(  775): ret = 25
D/telpo_native(  775): handle_emv_serial_read_write_cmd: usb write length = 25
E/telpo_native(  775): serial_read:start read
E/telpo_native(  775): serial_read:serial_read read_size = 0
D/telpo_native(  775): handle_emv_serial_read_write_cmd: usb_printer_read length = 20
I/telpo_native(  775): 0b
I/telpo_native(  775): b0
I/telpo_native(  775): 96
I/telpo_native(  775): 69
I/telpo_native(  775): 04
I/telpo_native(  775): 00
I/telpo_native(  775): 00
I/telpo_native(  775): 00
I/telpo_native(  775): 81
I/telpo_native(  775): 00
I/telpo_native(  775): 04
I/telpo_native(  775): 01
I/telpo_native(  775): 00
I/telpo_native(  775): 00
I/telpo_native(  775): 00
I/telpo_native(  775): 00
I/telpo_native(  775): 00
I/telpo_native(  775): 00
I/telpo_native(  775): 00
I/telpo_native(  775): 00
I/telpo_native(  775): 
D/telpo_native(  775): handle_emv_serial_read_write_cmd: parse successfully!
I/telpo_native(  775): handle_emv_serial_read_write_cmd: receive data length is 20
I/telpo_native(  775): 0b
I/telpo_native(  775): b0
I/telpo_native(  775): 96
I/telpo_native(  775): 69
I/telpo_native(  775): 04
I/telpo_native(  775): 00
I/telpo_native(  775): 00
I/telpo_native(  775): 00
I/telpo_native(  775): 81
I/telpo_native(  775): 00
I/telpo_native(  775): 04
I/telpo_native(  775): 01
I/telpo_native(  775): 00
I/telpo_native(  775): 00
I/telpo_native(  775): 00
I/telpo_native(  775): 00
I/telpo_native(  775): 00
I/telpo_native(  775): 00
I/telpo_native(  775): 00
I/telpo_native(  775): 00
I/telpo_native(  775): 
D/telpo_native(26165): CallIntMethod return ret = 0 length = 20
D/telpo_native(  775): usb_printer_write data start!
D/telpo_native(  775): usb_printer_write start!
E/telpo_native(  775): ret = 25
D/telpo_native(  775): handle_emv_serial_read_write_cmd: usb write length = 25
E/telpo_native(  775): serial_read:start read
E/telpo_native(  775): serial_read:serial_read read_size = 0
D/telpo_native(  775): handle_emv_serial_read_write_cmd: usb_printer_read length = 20
I/telpo_native(  775): 0b
I/telpo_native(  775): b0
I/telpo_native(  775): 96
I/telpo_native(  775): 69
I/telpo_native(  775): 04
I/telpo_native(  775): 00
I/telpo_native(  775): 00
I/telpo_native(  775): 00
I/telpo_native(  775): 82
I/telpo_native(  775): 00
I/telpo_native(  775): 04
I/telpo_native(  775): 01
I/telpo_native(  775): 00
I/telpo_native(  775): 00
I/telpo_native(  775): 00
I/telpo_native(  775): 00
I/telpo_native(  775): 00
I/telpo_native(  775): 00
I/telpo_native(  775): 00
I/telpo_native(  775): 00
I/telpo_native(  775): 
D/telpo_native(  775): handle_emv_serial_read_write_cmd: parse successfully!
I/telpo_native(  775): handle_emv_serial_read_write_cmd: receive data length is 20
I/telpo_native(  775): 0b
I/telpo_native(  775): b0
I/telpo_native(  775): 96
I/telpo_native(  775): 69
I/telpo_native(  775): 04
I/telpo_native(  775): 00
I/telpo_native(  775): 00
I/telpo_native(  775): 00
I/telpo_native(  775): 82
I/telpo_native(  775): 00
I/telpo_native(  775): 04
I/telpo_native(  775): 01
I/telpo_native(  775): 00
I/telpo_native(  775): 00
I/telpo_native(  775): 00
I/telpo_native(  775): 00
I/telpo_native(  775): 00
I/telpo_native(  775): 00
I/telpo_native(  775): 00
I/telpo_native(  775): 00
I/telpo_native(  775): 
D/telpo_native(26165): CallIntMethod return ret = 0 length = 20
D/telpo_native(  775): usb_printer_write data start!
D/telpo_native(  775): usb_printer_write start!
E/telpo_native(  775): ret = 25
D/telpo_native(  775): handle_emv_serial_read_write_cmd: usb write length = 25
E/telpo_native(  775): Cannot find response header
D/telpo_native(  775): handle_emv_serial_read_write_cmd: not enough data receive,continue
E/telpo_native(  775): serial_read:start read
E/telpo_native(  775): serial_read:serial_read read_size = 0
D/telpo_native(  775): handle_emv_serial_read_write_cmd: usb_printer_read length = 20
I/telpo_native(  775): 0b
I/telpo_native(  775): b0
I/telpo_native(  775): 96
I/telpo_native(  775): 69
I/telpo_native(  775): 04
I/telpo_native(  775): 00
I/telpo_native(  775): 00
I/telpo_native(  775): 00
I/telpo_native(  775): 83
I/telpo_native(  775): 00
I/telpo_native(  775): 04
I/telpo_native(  775): 01
I/telpo_native(  775): 00
I/telpo_native(  775): 00
I/telpo_native(  775): 00
I/telpo_native(  775): 00
I/telpo_native(  775): 00
I/telpo_native(  775): 00
I/telpo_native(  775): 00
I/telpo_native(  775): 00
I/telpo_native(  775): 
D/telpo_native(  775): handle_emv_serial_read_write_cmd: parse successfully!
I/telpo_native(  775): handle_emv_serial_read_write_cmd: receive data length is 20
I/telpo_native(  775): 0b
I/telpo_native(  775): b0
I/telpo_native(  775): 96
I/telpo_native(  775): 69
I/telpo_native(  775): 04
I/telpo_native(  775): 00
I/telpo_native(  775): 00
I/telpo_native(  775): 00
I/telpo_native(  775): 83
I/telpo_native(  775): 00
I/telpo_native(  775): 04
I/telpo_native(  775): 01
I/telpo_native(  775): 00
I/telpo_native(  775): 00
I/telpo_native(  775): 00
I/telpo_native(  775): 00
I/telpo_native(  775): 00
I/telpo_native(  775): 00
I/telpo_native(  775): 00
I/telpo_native(  775): 00
I/telpo_native(  775): 
D/telpo_native(26165): CallIntMethod return ret = 0 length = 20
D/telpo_native(  775): usb_printer_write data start!
D/telpo_native(  775): usb_printer_write start!
E/telpo_native(  775): ret = 25
D/telpo_native(  775): handle_emv_serial_read_write_cmd: usb write length = 25
E/telpo_native(  775): serial_read:start read
E/telpo_native(  775): serial_read:serial_read read_size = 0
D/telpo_native(  775): handle_emv_serial_read_write_cmd: usb_printer_read length = 20
I/telpo_native(  775): 0b
I/telpo_native(  775): b0
I/telpo_native(  775): 96
I/telpo_native(  775): 69
I/telpo_native(  775): 04
I/telpo_native(  775): 00
I/telpo_native(  775): 00
I/telpo_native(  775): 00
I/telpo_native(  775): 84
I/telpo_native(  775): 00
I/telpo_native(  775): 04
I/telpo_native(  775): 01
I/telpo_native(  775): 00
I/telpo_native(  775): 00
I/telpo_native(  775): 00
I/telpo_native(  775): 00
I/telpo_native(  775): 00
I/telpo_native(  775): 00
I/telpo_native(  775): 00
I/telpo_native(  775): 00
I/telpo_native(  775): 
D/telpo_native(  775): handle_emv_serial_read_write_cmd: parse successfully!
I/telpo_native(  775): handle_emv_serial_read_write_cmd: receive data length is 20
I/telpo_native(  775): 0b
I/telpo_native(  775): b0
I/telpo_native(  775): 96
I/telpo_native(  775): 69
I/telpo_native(  775): 04
I/telpo_native(  775): 00
I/telpo_native(  775): 00
I/telpo_native(  775): 00
I/telpo_native(  775): 84
I/telpo_native(  775): 00
I/telpo_native(  775): 04
I/telpo_native(  775): 01
I/telpo_native(  775): 00
I/telpo_native(  775): 00
I/telpo_native(  775): 00
I/telpo_native(  775): 00
I/telpo_native(  775): 00
I/telpo_native(  775): 00
I/telpo_native(  775): 00
I/telpo_native(  775): 00
I/telpo_native(  775): 
D/telpo_native(26165): CallIntMethod return ret = 0 length = 20
D/telpo_native(  775): usb_printer_write data start!
D/telpo_native(  775): usb_printer_write start!
E/telpo_native(  775): ret = 25
D/telpo_native(  775): handle_emv_serial_read_write_cmd: usb write length = 25
E/telpo_native(  775): serial_read:start read
E/telpo_native(  775): serial_read:serial_read read_size = 0
D/telpo_native(  775): handle_emv_serial_read_write_cmd: usb_printer_read length = 20
I/telpo_native(  775): 0b
I/telpo_native(  775): b0
I/telpo_native(  775): 96
I/telpo_native(  775): 69
I/telpo_native(  775): 04
I/telpo_native(  775): 00
I/telpo_native(  775): 00
I/telpo_native(  775): 00
I/telpo_native(  775): 85
I/telpo_native(  775): 00
I/telpo_native(  775): 04
I/telpo_native(  775): 01
I/telpo_native(  775): 00
I/telpo_native(  775): 00
I/telpo_native(  775): 00
I/telpo_native(  775): 00
I/telpo_native(  775): 00
I/telpo_native(  775): 00
I/telpo_native(  775): 00
I/telpo_native(  775): 00
I/telpo_native(  775): 
D/telpo_native(  775): handle_emv_serial_read_write_cmd: parse successfully!
I/telpo_native(  775): handle_emv_serial_read_write_cmd: receive data length is 20
I/telpo_native(  775): 0b
I/telpo_native(  775): b0
I/telpo_native(  775): 96
I/telpo_native(  775): 69
I/telpo_native(  775): 04
I/telpo_native(  775): 00
I/telpo_native(  775): 00
I/telpo_native(  775): 00
I/telpo_native(  775): 85
I/telpo_native(  775): 00
I/telpo_native(  775): 04
I/telpo_native(  775): 01
I/telpo_native(  775): 00
I/telpo_native(  775): 00
I/telpo_native(  775): 00
I/telpo_native(  775): 00
I/telpo_native(  775): 00
I/telpo_native(  775): 00
I/telpo_native(  775): 00
I/telpo_native(  775): 00
I/telpo_native(  775): 
D/telpo_native(26165): CallIntMethod return ret = 0 length = 20
D/telpo_native(  775): usb_printer_write data start!
D/telpo_native(  775): usb_printer_write start!
E/telpo_native(  775): ret = 25
D/telpo_native(  775): handle_emv_serial_read_write_cmd: usb write length = 25
E/telpo_native(  775): serial_read:start read
E/telpo_native(  775): serial_read:serial_read read_size = 0
D/telpo_native(  775): handle_emv_serial_read_write_cmd: usb_printer_read length = 20
I/telpo_native(  775): 0b
I/telpo_native(  775): b0
I/telpo_native(  775): 96
I/telpo_native(  775): 69
I/telpo_native(  775): 04
I/telpo_native(  775): 00
I/telpo_native(  775): 00
I/telpo_native(  775): 00
I/telpo_native(  775): 86
I/telpo_native(  775): 00
I/telpo_native(  775): 04
I/telpo_native(  775): 01
I/telpo_native(  775): 00
I/telpo_native(  775): 00
I/telpo_native(  775): 00
I/telpo_native(  775): 00
I/telpo_native(  775): 00
I/telpo_native(  775): 00
I/telpo_native(  775): 00
I/telpo_native(  775): 00
I/telpo_native(  775): 
D/telpo_native(  775): handle_emv_serial_read_write_cmd: parse successfully!
I/telpo_native(  775): handle_emv_serial_read_write_cmd: receive data length is 20
I/telpo_native(  775): 0b
I/telpo_native(  775): b0
I/telpo_native(  775): 96
I/telpo_native(  775): 69
I/telpo_native(  775): 04
I/telpo_native(  775): 00
I/telpo_native(  775): 00
I/telpo_native(  775): 00
I/telpo_native(  775): 86
I/telpo_native(  775): 00
I/telpo_native(  775): 04
I/telpo_native(  775): 01
I/telpo_native(  775): 00
I/telpo_native(  775): 00
I/telpo_native(  775): 00
I/telpo_native(  775): 00
I/telpo_native(  775): 00
I/telpo_native(  775): 00
I/telpo_native(  775): 00
I/telpo_native(  775): 00
I/telpo_native(  775): 
D/telpo_native(26165): CallIntMethod return ret = 0 length = 20
D/telpo_native(  775): usb_printer_write data start!
D/telpo_native(  775): usb_printer_write start!
E/telpo_native(  775): ret = 25
D/telpo_native(  775): handle_emv_serial_read_write_cmd: usb write length = 25
E/telpo_native(  775): serial_read:start read
E/telpo_native(  775): serial_read:serial_read read_size = 0
D/telpo_native(  775): handle_emv_serial_read_write_cmd: usb_printer_read length = 20
I/telpo_native(  775): 0b
I/telpo_native(  775): b0
I/telpo_native(  775): 96
I/telpo_native(  775): 69
I/telpo_native(  775): 04
I/telpo_native(  775): 00
I/telpo_native(  775): 00
I/telpo_native(  775): 00
I/telpo_native(  775): 87
I/telpo_native(  775): 00
I/telpo_native(  775): 04
I/telpo_native(  775): 01
I/telpo_native(  775): 00
I/telpo_native(  775): 00
I/telpo_native(  775): 00
I/telpo_native(  775): 00
I/telpo_native(  775): 00
I/telpo_native(  775): 00
I/telpo_native(  775): 00
I/telpo_native(  775): 00
I/telpo_native(  775): 
D/telpo_native(  775): handle_emv_serial_read_write_cmd: parse successfully!
I/telpo_native(  775): handle_emv_serial_read_write_cmd: receive data length is 20
I/telpo_native(  775): 0b
I/telpo_native(  775): b0
I/telpo_native(  775): 96
I/telpo_native(  775): 69
I/telpo_native(  775): 04
I/telpo_native(  775): 00
I/telpo_native(  775): 00
I/telpo_native(  775): 00
I/telpo_native(  775): 87
I/telpo_native(  775): 00
I/telpo_native(  775): 04
I/telpo_native(  775): 01
I/telpo_native(  775): 00
I/telpo_native(  775): 00
I/telpo_native(  775): 00
I/telpo_native(  775): 00
I/telpo_native(  775): 00
I/telpo_native(  775): 00
I/telpo_native(  775): 00
I/telpo_native(  775): 00
I/telpo_native(  775): 
D/telpo_native(26165): CallIntMethod return ret = 0 length = 20
D/telpo_native(  775): usb_printer_write data start!
D/telpo_native(  775): usb_printer_write start!
E/telpo_native(  775): ret = 25
D/telpo_native(  775): handle_emv_serial_read_write_cmd: usb write length = 25
E/telpo_native(  775): serial_read:start read
E/telpo_native(  775): serial_read:serial_read read_size = 0
D/telpo_native(  775): handle_emv_serial_read_write_cmd: usb_printer_read length = 20
I/telpo_native(  775): 0b
I/telpo_native(  775): b0
I/telpo_native(  775): 96
I/telpo_native(  775): 69
I/telpo_native(  775): 04
I/telpo_native(  775): 00
I/telpo_native(  775): 00
I/telpo_native(  775): 00
I/telpo_native(  775): 88
I/telpo_native(  775): 00
I/telpo_native(  775): 04
I/telpo_native(  775): 01
I/telpo_native(  775): 00
I/telpo_native(  775): 00
I/telpo_native(  775): 00
I/telpo_native(  775): 00
I/telpo_native(  775): 00
I/telpo_native(  775): 00
I/telpo_native(  775): 00
I/telpo_native(  775): 00
I/telpo_native(  775): 
D/telpo_native(  775): handle_emv_serial_read_write_cmd: parse successfully!
I/telpo_native(  775): handle_emv_serial_read_write_cmd: receive data length is 20
I/telpo_native(  775): 0b
I/telpo_native(  775): b0
I/telpo_native(  775): 96
I/telpo_native(  775): 69
I/telpo_native(  775): 04
I/telpo_native(  775): 00
I/telpo_native(  775): 00
I/telpo_native(  775): 00
I/telpo_native(  775): 88
I/telpo_native(  775): 00
I/telpo_native(  775): 04
I/telpo_native(  775): 01
I/telpo_native(  775): 00
I/telpo_native(  775): 00
I/telpo_native(  775): 00
I/telpo_native(  775): 00
I/telpo_native(  775): 00
I/telpo_native(  775): 00
I/telpo_native(  775): 00
I/telpo_native(  775): 00
I/telpo_native(  775): 
D/telpo_native(26165): CallIntMethod return ret = 0 length = 20
D/telpo_native(  775): usb_printer_write data start!
D/telpo_native(  775): usb_printer_write start!
E/telpo_native(  775): ret = 25
D/telpo_native(  775): handle_emv_serial_read_write_cmd: usb write length = 25
E/telpo_native(  775): serial_read:start read
E/telpo_native(  775): serial_read:serial_read read_size = 0
D/telpo_native(  775): handle_emv_serial_read_write_cmd: usb_printer_read length = 20
I/telpo_native(  775): 0b
I/telpo_native(  775): b0
I/telpo_native(  775): 96
I/telpo_native(  775): 69
I/telpo_native(  775): 04
I/telpo_native(  775): 00
I/telpo_native(  775): 00
I/telpo_native(  775): 00
I/telpo_native(  775): 89
I/telpo_native(  775): 00
I/telpo_native(  775): 04
I/telpo_native(  775): 01
I/telpo_native(  775): 00
I/telpo_native(  775): 00
I/telpo_native(  775): 00
I/telpo_native(  775): 00
I/telpo_native(  775): 00
I/telpo_native(  775): 00
I/telpo_native(  775): 00
I/telpo_native(  775): 00
I/telpo_native(  775): 
D/telpo_native(  775): handle_emv_serial_read_write_cmd: parse successfully!
I/telpo_native(  775): handle_emv_serial_read_write_cmd: receive data length is 20
I/telpo_native(  775): 0b
I/telpo_native(  775): b0
I/telpo_native(  775): 96
I/telpo_native(  775): 69
I/telpo_native(  775): 04
I/telpo_native(  775): 00
I/telpo_native(  775): 00
I/telpo_native(  775): 00
I/telpo_native(  775): 89
I/telpo_native(  775): 00
I/telpo_native(  775): 04
I/telpo_native(  775): 01
I/telpo_native(  775): 00
I/telpo_native(  775): 00
I/telpo_native(  775): 00
I/telpo_native(  775): 00
I/telpo_native(  775): 00
I/telpo_native(  775): 00
I/telpo_native(  775): 00
I/telpo_native(  775): 00
I/telpo_native(  775): 
D/telpo_native(26165): CallIntMethod return ret = 0 length = 20
D/telpo_native(  775): usb_printer_write data start!
D/telpo_native(  775): usb_printer_write start!
E/telpo_native(  775): ret = 25
D/telpo_native(  775): handle_emv_serial_read_write_cmd: usb write length = 25
E/telpo_native(  775): serial_read:start read
E/telpo_native(  775): serial_read:serial_read read_size = 0
D/telpo_native(  775): handle_emv_serial_read_write_cmd: usb_printer_read length = 20
I/telpo_native(  775): 0b
I/telpo_native(  775): b0
I/telpo_native(  775): 96
I/telpo_native(  775): 69
I/telpo_native(  775): 04
I/telpo_native(  775): 00
I/telpo_native(  775): 00
I/telpo_native(  775): 00
I/telpo_native(  775): 8a
I/telpo_native(  775): 00
I/telpo_native(  775): 04
I/telpo_native(  775): 01
I/telpo_native(  775): 00
I/telpo_native(  775): 00
I/telpo_native(  775): 00
I/telpo_native(  775): 00
I/telpo_native(  775): 00
I/telpo_native(  775): 00
I/telpo_native(  775): 00
I/telpo_native(  775): 00
I/telpo_native(  775): 
D/telpo_native(  775): handle_emv_serial_read_write_cmd: parse successfully!
I/telpo_native(  775): handle_emv_serial_read_write_cmd: receive data length is 20
I/telpo_native(  775): 0b
I/telpo_native(  775): b0
I/telpo_native(  775): 96
I/telpo_native(  775): 69
I/telpo_native(  775): 04
I/telpo_native(  775): 00
I/telpo_native(  775): 00
I/telpo_native(  775): 00
I/telpo_native(  775): 8a
I/telpo_native(  775): 00
I/telpo_native(  775): 04
I/telpo_native(  775): 01
I/telpo_native(  775): 00
I/telpo_native(  775): 00
I/telpo_native(  775): 00
I/telpo_native(  775): 00
I/telpo_native(  775): 00
I/telpo_native(  775): 00
I/telpo_native(  775): 00
I/telpo_native(  775): 00
I/telpo_native(  775): 
D/telpo_native(26165): CallIntMethod return ret = 0 length = 20
D/VM_BMS  (  461): wake_lock acquired
D/VM_BMS  (  461): New BMS data - Size=56
D/VM_BMS  (  461): Start process_bms_data
D/VM_BMS  (  461): Battery charge_cycle=0 fcc_adjust=0 rbatt_adjust=0 cycle_changed=false
D/VM_BMS  (  461): For batt_temp=255 fcc_mah=2200
D/VM_BMS  (  461): Lookup fcc_mah=2200.000000  adjusted fcc_mah=2200.000000
D/VM_BMS  (  461): For ocv=3803024 batt_temp=255 soc=36
D/VM_BMS  (  461): fifo_count=2 acc_count=0
D/VM_BMS  (  461): INIT: ocv=3803024 last_ocv=3803024 batt_temp=255 soc=36
D/VM_BMS  (  461): For soc=36 batt_temp=255 slope=3000
D/VM_BMS  (  461): For soc=36 batt_temp=255 rbatt_sf=106
D/VM_BMS  (  461): rbatt_mohm_default=72, rbatt_mohm=76, sf=106 batt_temp=255
D/VM_BMS  (  461): Lookup rbatt=76.000000  adjusted rbatt=76.000000
D/VM_BMS  (  461): For ocv=3803038 batt_temp=255 soc=36
D/VM_BMS  (  461): FIFO=0 fifo_avg=3.808261 rbatt=0.126000 slope=0.300000 ibatt=-0.041507 ocv=3.803038 soc=36 fcc_ah=2.200000 sample_count=128 sample_interval=70 seq_num=7072
D/VM_BMS  (  461): For soc=36 batt_temp=255 slope=3000
D/VM_BMS  (  461): For soc=36 batt_temp=255 rbatt_sf=106
D/VM_BMS  (  461): rbatt_mohm_default=72, rbatt_mohm=76, sf=106 batt_temp=255
D/VM_BMS  (  461): Lookup rbatt=76.000000  adjusted rbatt=76.000000
D/VM_BMS  (  461): For ocv=3803051 batt_temp=255 soc=36
D/VM_BMS  (  461): FIFO=1 fifo_avg=3.807972 rbatt=0.126000 slope=0.300000 ibatt=-0.039107 ocv=3.803051 soc=36 fcc_ah=2.200000 sample_count=128 sample_interval=70 seq_num=7072
