D/StatusBar.MSimNetworkController( 2940): refreshViews connected={ wifi } level=0 mMSimcombinedSignalIconId=0x7f020352/com.android.systemui:drawable/stat_sys_wifi_signal_4_fully mMSimcombinedActivityIconId=0x7f020347 mAirplaneMode=false mMSimDataActivity=0 mMSimPhoneSignalIconId=0x7f020339/com.android.systemui:drawable/stat_sys_signal_null mMSimDataDirectionIconId=0x0 mMSimDataSignalIconId=0x7f020339 mMSimDataTypeIconId=0x0/(null) mNoMSimIconId=0x7f02009a/com.android.systemui:drawable/ic_qs_no_sim mMSimMobileActivityIconId=0x0/(null) mWifiIconId=0x7f020352 mBluetoothTetherIconId=0x10806a2
E/libsuspend(  775): Error writing to /sys/power/state: Device or resource busy
E/libsuspend(  775): Error writing to /sys/power/state: Device or resource busy
E/libsuspend(  775): Error writing to /sys/power/state: Device or resource busy
E/libsuspend(  775): Error writing to /sys/power/state: Device or resource busy
D/BatteryMeterView( 2940): not on charging...
D/BatteryMeterView( 2940): not on charging...
D/BatteryMeterView( 2940): not on charging...
E/libsuspend(  775): Error writing to /sys/power/state: Device or resource busy
E/libsuspend(  775): Error writing to /sys/power/state: Device or resource busy
E/libsuspend(  775): Error writing to /sys/power/state: Device or resource busy
E/libsuspend(  775): Error writing to /sys/power/state: Device or resource busy
E/libsuspend(  775): Error writing to /sys/power/state: Device or resource busy
E/libsuspend(  775): Error writing to /sys/power/state: Device or resource busy
E/libsuspend(  775): Error writing to /sys/power/state: Device or resource busy
E/libsuspend(  775): Error writing to /sys/power/state: Device or resource busy
E/libsuspend(  775): Error writing to /sys/power/state: Device or resource busy
E/libsuspend(  775): Error writing to /sys/power/state: Device or resource busy
E/libsuspend(  775): Error writing to /sys/power/state: Device or resource busy
D/BatteryMeterView( 2940): not on charging...
D/BatteryMeterView( 2940): not on charging...
D/BatteryMeterView( 2940): not on charging...
E/libsuspend(  775): Error writing to /sys/power/state: Device or resource busy
E/libsuspend(  775): Error writing to /sys/power/state: Device or resource busy
E/libsuspend(  775): Error writing to /sys/power/state: Device or resource busy
E/libsuspend(  775): Error writing to /sys/power/state: Device or resource busy
E/libsuspend(  775): Error writing to /sys/power/state: Device or resource busy
E/libsuspend(  775): Error writing to /sys/power/state: Device or resource busy
E/libsuspend(  775): Error writing to /sys/power/state: Device or resource busy
E/libsuspend(  775): Error writing to /sys/power/state: Device or resource busy
E/libsuspend(  775): Error writing to /sys/power/state: Device or resource busy
E/libsuspend(  775): Error writing to /sys/power/state: Device or resource busy
D/BatteryMeterView( 2940): not on charging...
D/BatteryMeterView( 2940): not on charging...
D/BatteryMeterView( 2940): not on charging...
E/libsuspend(  775): Error writing to /sys/power/state: Device or resource busy
E/libsuspend(  775): Error writing to /sys/power/state: Device or resource busy
E/libsuspend(  775): Error writing to /sys/power/state: Device or resource busy
E/libsuspend(  775): Error writing to /sys/power/state: Device or resource busy
E/libsuspend(  775): Error writing to /sys/power/state: Device or resource busy
E/libsuspend(  775): Error writing to /sys/power/state: Device or resource busy
E/libsuspend(  775): Error writing to /sys/power/state: Device or resource busy
E/libsuspend(  775): Error writing to /sys/power/state: Device or resource busy
E/libsuspend(  775): Error writing to /sys/power/state: Device or resource busy
E/libsuspend(  775): Error writing to /sys/power/state: Device or resource busy
D/BatteryMeterView( 2940): not on charging...
D/BatteryMeterView( 2940): not on charging...
D/BatteryMeterView( 2940): not on charging...
E/libsuspend(  775): Error writing to /sys/power/state: Device or resource busy
E/libsuspend(  775): Error writing to /sys/power/state: Device or resource busy
E/libsuspend(  775): Error writing to /sys/power/state: Device or resource busy
E/libsuspend(  775): Error writing to /sys/power/state: Device or resource busy
E/libsuspend(  775): Error writing to /sys/power/state: Device or resource busy
E/libsuspend(  775): Error writing to /sys/power/state: Device or resource busy
E/libsuspend(  775): Error writing to /sys/power/state: Device or resource busy
E/libsuspend(  775): Error writing to /sys/power/state: Device or resource busy
E/libsuspend(  775): Error writing to /sys/power/state: Device or resource busy
D/PhoneStatusBar( 2940): disable: < expand ICONS* alerts SYSTEM_INFO* back home recent clock search >
D/BluetoothAdapter( 2940): 409945778: getState() :  mService = null. Returning STATE_OFF
D/BluetoothAdapter( 2940): 409945778: getState() :  mService = null. Returning STATE_OFF
W/Settings( 2940): Setting airplane_mode_on has moved from android.provider.Settings.System to android.provider.Settings.Global, returning read-only value.
D/BluetoothAdapter( 2940): 409945778: getState() :  mService = null. Returning STATE_OFF
D/BluetoothAdapter( 2940): 409945778: getState() :  mService = null. Returning STATE_OFF
E/libsuspend(  775): Error writing to /sys/power/state: Device or resource busy
I/WindowManager(  775): mDock rect: (0,0 - 720,1280)
V/WindowManager(  775): Status bar: dock=[0,50][720,1280] content=[0,50][720,1280] cur=[0,50][720,1280]
V/WindowManager(  775): layoutWindowLw(): normal window
V/WindowManager(  775): Compute frame : sim=#20 attach=null type=2015 flags=0x01000018 pf=[0,50][720,1280] df=[0,50][720,1280] of=[0,50][720,1280] cf=[0,50][720,1280] vf=[0,50][720,1280] dcf=[0,0][720,1280] sf=[0,50][720,1280]
V/WindowManager(  775): Compute frame StatusBar: sim=#10 attach=null type=2000 flags=0x81960040 pf=[0,0][720,1280] df=[0,0][720,1280] of=[0,0][720,1280] cf=[0,50][720,1280] vf=[0,50][720,1280] dcf=[0,0][0,0] sf=[0,50][720,1280]
V/WindowManager(  775): layoutWindowLw(com.android.phasebeam.PhaseBeamWallpaper): IN_SCREEN
V/WindowManager(  775): Compute frame com.android.phasebeam.PhaseBeamWallpaper: sim=#0 attach=null type=2013 flags=0x00000308 pf=[0,0][720,1280] df=[-10000,-10000][10000,10000] of=[0,0][720,1280] cf=[0,0][720,1280] vf=[0,50][720,1280] dcf=[0,0][720,1280] sf=[0,50][720,1280]
V/WindowManager(  775): layoutWindowLw(com.interswitchng.interswitchpossdkdemo.telpo.v2.debug/com.interswitchng.smartpos.modules.menu.settings.TerminalSettingsActivity): IN_SCREEN, INSET_DECOR
V/WindowManager(  775): Compute frame com.interswitchng.interswitchpossdkdemo.telpo.v2.debug/com.interswitchng.smartpos.modules.menu.settings.TerminalSettingsActivity: sim=#120 attach=null type=1 flags=0x81810100 pf=[0,0][720,1280] df=[0,0][720,1280] of=[0,0][720,1280] cf=[0,50][720,1280] vf=[0,50][720,1280] dcf=[0,0][720,1280] sf=[0,50][720,1280]
I/WindowManager(  775): Win Window{bff5d73 u0 android}: isVisibleOrBehindKeyguardLw=true
I/WindowManager(  775): Win Window{7989c4a u0 StatusBar}: isVisibleOrBehindKeyguardLw=true
I/WindowManager(  775): Win Window{1ea30909 u0 com.android.phasebeam.PhaseBeamWallpaper}: isVisibleOrBehindKeyguardLw=true
I/WindowManager(  775): Win Window{21b67558 u0 com.interswitchng.interswitchpossdkdemo.telpo.v2.debug/com.interswitchng.smartpos.modules.menu.settings.TerminalSettingsActivity}: isVisibleOrBehindKeyguardLw=true
V/WindowManager(  775): Fullscreen window: Window{21b67558 u0 com.interswitchng.interswitchpossdkdemo.telpo.v2.debug/com.interswitchng.smartpos.modules.menu.settings.TerminalSettingsActivity}
I/WindowManager(  775): force=false forcefkg=true top=Window{21b67558 u0 com.interswitchng.interswitchpossdkdemo.telpo.v2.debug/com.interswitchng.smartpos.modules.menu.settings.TerminalSettingsActivity}
V/WindowManager(  775): Showing status bar: forced
V/WindowManager(  775): finishPostLayoutPolicyLw: mHideKeyguard=false
E/qdutils (  262): int qdutils::getHDMINode(): Failed to open fb node 1
E/qdutils (  262): int qdutils::getHDMINode(): Failed to open fb node 2
E/qdutils (  262): int qdutils::getHDMINode(): Failed to find HDMI node
I/SurfaceFlinger(  262): FPS: 2
I/WindowManager(  775): mDock rect: (0,0 - 720,1280)
V/WindowManager(  775): Status bar: dock=[0,50][720,1280] content=[0,50][720,1280] cur=[0,50][720,1280]
V/WindowManager(  775): layoutWindowLw(): normal window
V/WindowManager(  775): Compute frame : sim=#20 attach=null type=2015 flags=0x01000018 pf=[0,50][720,1280] df=[0,50][720,1280] of=[0,50][720,1280] cf=[0,50][720,1280] vf=[0,50][720,1280] dcf=[0,0][720,1280] sf=[0,50][720,1280]
V/WindowManager(  775): Compute frame StatusBar: sim=#10 attach=null type=2000 flags=0x81960040 pf=[0,0][720,1280] df=[0,0][720,1280] of=[0,0][720,1280] cf=[0,50][720,1280] vf=[0,50][720,1280] dcf=[0,0][0,0] sf=[0,50][720,1280]
V/WindowManager(  775): layoutWindowLw(com.android.phasebeam.PhaseBeamWallpaper): IN_SCREEN
V/WindowManager(  775): Compute frame com.android.phasebeam.PhaseBeamWallpaper: sim=#0 attach=null type=2013 flags=0x00000308 pf=[0,0][720,1280] df=[-10000,-10000][10000,10000] of=[0,0][720,1280] cf=[0,0][720,1280] vf=[0,50][720,1280] dcf=[0,0][720,1280] sf=[0,50][720,1280]
V/WindowManager(  775): layoutWindowLw(com.interswitchng.interswitchpossdkdemo.telpo.v2.debug/com.interswitchng.smartpos.modules.menu.settings.TerminalSettingsActivity): IN_SCREEN, INSET_DECOR
V/WindowManager(  775): Compute frame com.interswitchng.interswitchpossdkdemo.telpo.v2.debug/com.interswitchng.smartpos.modules.menu.settings.TerminalSettingsActivity: sim=#120 attach=null type=1 flags=0x81810100 pf=[0,0][720,1280] df=[0,0][720,1280] of=[0,0][720,1280] cf=[0,50][720,1280] vf=[0,50][720,1280] dcf=[0,0][720,1280] sf=[0,50][720,1280]
I/WindowManager(  775): Win Window{bff5d73 u0 android}: isVisibleOrBehindKeyguardLw=true
I/WindowManager(  775): Win Window{7989c4a u0 StatusBar}: isVisibleOrBehindKeyguardLw=true
I/WindowManager(  775): Win Window{1ea30909 u0 com.android.phasebeam.PhaseBeamWallpaper}: isVisibleOrBehindKeyguardLw=true
I/WindowManager(  775): Win Window{21b67558 u0 com.interswitchng.interswitchpossdkdemo.telpo.v2.debug/com.interswitchng.smartpos.modules.menu.settings.TerminalSettingsActivity}: isVisibleOrBehindKeyguardLw=true
V/WindowManager(  775): Fullscreen window: Window{21b67558 u0 com.interswitchng.interswitchpossdkdemo.telpo.v2.debug/com.interswitchng.smartpos.modules.menu.settings.TerminalSettingsActivity}
I/WindowManager(  775): force=false forcefkg=true top=Window{21b67558 u0 com.interswitchng.interswitchpossdkdemo.telpo.v2.debug/com.interswitchng.smartpos.modules.menu.settings.TerminalSettingsActivity}
V/WindowManager(  775): Showing status bar: forced
V/WindowManager(  775): finishPostLayoutPolicyLw: mHideKeyguard=false
I/WindowManager(  775): Win Window{bff5d73 u0 android}: isVisibleOrBehindKeyguardLw=true
I/WindowManager(  775): Win Window{7989c4a u0 StatusBar}: isVisibleOrBehindKeyguardLw=true
I/WindowManager(  775): Win Window{1ea30909 u0 com.android.phasebeam.PhaseBeamWallpaper}: isVisibleOrBehindKeyguardLw=true
I/WindowManager(  775): Win Window{21b67558 u0 com.interswitchng.interswitchpossdkdemo.telpo.v2.debug/com.interswitchng.smartpos.modules.menu.settings.TerminalSettingsActivity}: isVisibleOrBehindKeyguardLw=true
V/WindowManager(  775): Fullscreen window: Window{21b67558 u0 com.interswitchng.interswitchpossdkdemo.telpo.v2.debug/com.interswitchng.smartpos.modules.menu.settings.TerminalSettingsActivity}
I/WindowManager(  775): force=false forcefkg=true top=Window{21b67558 u0 com.interswitchng.interswitchpossdkdemo.telpo.v2.debug/com.interswitchng.smartpos.modules.menu.settings.TerminalSettingsActivity}
V/WindowManager(  775): Showing status bar: forced
V/WindowManager(  775): finishPostLayoutPolicyLw: mHideKeyguard=false
E/qdutils (  262): int qdutils::getHDMINode(): Failed to open fb node 1
E/qdutils (  262): int qdutils::getHDMINode(): Failed to open fb node 2
E/qdutils (  262): int qdutils::getHDMINode(): Failed to find HDMI node
D/PhoneStatusBar( 2940): disable: < expand ICONS alerts SYSTEM_INFO back HOME* RECENT* clock SEARCH* >
D/BatteryMeterView( 2940): not on charging...
D/BatteryMeterView( 2940): not on charging...
D/BatteryMeterView( 2940): not on charging...
E/libsuspend(  775): Error writing to /sys/power/state: Device or resource busy
I/WindowManager(  775): mDock rect: (0,0 - 720,1280)
V/WindowManager(  775): Status bar: dock=[0,50][720,1280] content=[0,50][720,1280] cur=[0,50][720,1280]
V/WindowManager(  775): layoutWindowLw(): normal window
V/WindowManager(  775): Compute frame : sim=#20 attach=null type=2015 flags=0x01000018 pf=[0,50][720,1280] df=[0,50][720,1280] of=[0,50][720,1280] cf=[0,50][720,1280] vf=[0,50][720,1280] dcf=[0,0][720,1280] sf=[0,50][720,1280]
V/WindowManager(  775): Compute frame StatusBar: sim=#10 attach=null type=2000 flags=0x81960040 pf=[0,0][720,1280] df=[0,0][720,1280] of=[0,0][720,1280] cf=[0,50][720,1280] vf=[0,50][720,1280] dcf=[0,0][0,0] sf=[0,50][720,1280]
V/WindowManager(  775): layoutWindowLw(com.android.phasebeam.PhaseBeamWallpaper): IN_SCREEN
V/WindowManager(  775): Compute frame com.android.phasebeam.PhaseBeamWallpaper: sim=#0 attach=null type=2013 flags=0x00000308 pf=[0,0][720,1280] df=[-10000,-10000][10000,10000] of=[0,0][720,1280] cf=[0,0][720,1280] vf=[0,50][720,1280] dcf=[0,0][720,1280] sf=[0,50][720,1280]
V/WindowManager(  775): layoutWindowLw(com.interswitchng.interswitchpossdkdemo.telpo.v2.debug/com.interswitchng.smartpos.modules.menu.settings.TerminalSettingsActivity): IN_SCREEN, INSET_DECOR
V/WindowManager(  775): Compute frame com.interswitchng.interswitchpossdkdemo.telpo.v2.debug/com.interswitchng.smartpos.modules.menu.settings.TerminalSettingsActivity: sim=#120 attach=null type=1 flags=0x81810100 pf=[0,0][720,1280] df=[0,0][720,1280] of=[0,0][720,1280] cf=[0,50][720,1280] vf=[0,50][720,1280] dcf=[0,0][720,1280] sf=[0,50][720,1280]
I/WindowManager(  775): Win Window{bff5d73 u0 android}: isVisibleOrBehindKeyguardLw=true
I/WindowManager(  775): Win Window{7989c4a u0 StatusBar}: isVisibleOrBehindKeyguardLw=true
I/WindowManager(  775): Win Window{1ea30909 u0 com.android.phasebeam.PhaseBeamWallpaper}: isVisibleOrBehindKeyguardLw=true
I/WindowManager(  775): Win Window{21b67558 u0 com.interswitchng.interswitchpossdkdemo.telpo.v2.debug/com.interswitchng.smartpos.modules.menu.settings.TerminalSettingsActivity}: isVisibleOrBehindKeyguardLw=true
V/WindowManager(  775): Fullscreen window: Window{21b67558 u0 com.interswitchng.interswitchpossdkdemo.telpo.v2.debug/com.interswitchng.smartpos.modules.menu.settings.TerminalSettingsActivity}
I/WindowManager(  775): force=false forcefkg=true top=Window{21b67558 u0 com.interswitchng.interswitchpossdkdemo.telpo.v2.debug/com.interswitchng.smartpos.modules.menu.settings.TerminalSettingsActivity}
V/WindowManager(  775): Showing status bar: forced
V/WindowManager(  775): finishPostLayoutPolicyLw: mHideKeyguard=false
I/WindowManager(  775): mDock rect: (0,0 - 720,1280)
V/WindowManager(  775): Status bar: dock=[0,50][720,1280] content=[0,50][720,1280] cur=[0,50][720,1280]
V/WindowManager(  775): layoutWindowLw(): normal window
V/WindowManager(  775): Compute frame : sim=#20 attach=null type=2015 flags=0x01000018 pf=[0,50][720,1280] df=[0,50][720,1280] of=[0,50][720,1280] cf=[0,50][720,1280] vf=[0,50][720,1280] dcf=[0,0][720,1280] sf=[0,50][720,1280]
V/WindowManager(  775): Compute frame StatusBar: sim=#10 attach=null type=2000 flags=0x81960040 pf=[0,0][720,1280] df=[0,0][720,1280] of=[0,0][720,1280] cf=[0,50][720,1280] vf=[0,50][720,1280] dcf=[0,0][0,0] sf=[0,50][720,1280]
V/WindowManager(  775): layoutWindowLw(com.android.phasebeam.PhaseBeamWallpaper): IN_SCREEN
V/WindowManager(  775): Compute frame com.android.phasebeam.PhaseBeamWallpaper: sim=#0 attach=null type=2013 flags=0x00000308 pf=[0,0][720,1280] df=[-10000,-10000][10000,10000] of=[0,0][720,1280] cf=[0,0][720,1280] vf=[0,50][720,1280] dcf=[0,0][720,1280] sf=[0,50][720,1280]
V/WindowManager(  775): layoutWindowLw(com.interswitchng.interswitchpossdkdemo.telpo.v2.debug/com.interswitchng.smartpos.modules.menu.settings.TerminalSettingsActivity): IN_SCREEN, INSET_DECOR
V/WindowManager(  775): Compute frame com.interswitchng.interswitchpossdkdemo.telpo.v2.debug/com.interswitchng.smartpos.modules.menu.settings.TerminalSettingsActivity: sim=#120 attach=null type=1 flags=0x81810100 pf=[0,0][720,1280] df=[0,0][720,1280] of=[0,0][720,1280] cf=[0,50][720,1280] vf=[0,50][720,1280] dcf=[0,0][720,1280] sf=[0,50][720,1280]
I/WindowManager(  775): Win Window{bff5d73 u0 android}: isVisibleOrBehindKeyguardLw=true
I/WindowManager(  775): Win Window{7989c4a u0 StatusBar}: isVisibleOrBehindKeyguardLw=true
I/WindowManager(  775): Win Window{1ea30909 u0 com.android.phasebeam.PhaseBeamWallpaper}: isVisibleOrBehindKeyguardLw=true
I/WindowManager(  775): Win Window{21b67558 u0 com.interswitchng.interswitchpossdkdemo.telpo.v2.debug/com.interswitchng.smartpos.modules.menu.settings.TerminalSettingsActivity}: isVisibleOrBehindKeyguardLw=true
V/WindowManager(  775): Fullscreen window: Window{21b67558 u0 com.interswitchng.interswitchpossdkdemo.telpo.v2.debug/com.interswitchng.smartpos.modules.menu.settings.TerminalSettingsActivity}
I/WindowManager(  775): force=false forcefkg=true top=Window{21b67558 u0 com.interswitchng.interswitchpossdkdemo.telpo.v2.debug/com.interswitchng.smartpos.modules.menu.settings.TerminalSettingsActivity}
V/WindowManager(  775): Showing status bar: forced
V/WindowManager(  775): finishPostLayoutPolicyLw: mHideKeyguard=false
E/qdutils (  262): int qdutils::getHDMINode(): Failed to open fb node 1
E/qdutils (  262): int qdutils::getHDMINode(): Failed to open fb node 2
E/qdutils (  262): int qdutils::getHDMINode(): Failed to find HDMI node
I/WindowManager(  775): Win Window{bff5d73 u0 android}: isVisibleOrBehindKeyguardLw=true
I/WindowManager(  775): Win Window{7989c4a u0 StatusBar}: isVisibleOrBehindKeyguardLw=true
I/WindowManager(  775): Win Window{1ea30909 u0 com.android.phasebeam.PhaseBeamWallpaper}: isVisibleOrBehindKeyguardLw=true
I/WindowManager(  775): Win Window{21b67558 u0 com.interswitchng.interswitchpossdkdemo.telpo.v2.debug/com.interswitchng.smartpos.modules.menu.settings.TerminalSettingsActivity}: isVisibleOrBehindKeyguardLw=true
V/WindowManager(  775): Fullscreen window: Window{21b67558 u0 com.interswitchng.interswitchpossdkdemo.telpo.v2.debug/com.interswitchng.smartpos.modules.menu.settings.TerminalSettingsActivity}
I/WindowManager(  775): force=false forcefkg=true top=Window{21b67558 u0 com.interswitchng.interswitchpossdkdemo.telpo.v2.debug/com.interswitchng.smartpos.modules.menu.settings.TerminalSettingsActivity}
V/WindowManager(  775): Showing status bar: forced
V/WindowManager(  775): finishPostLayoutPolicyLw: mHideKeyguard=false
E/qdutils (  262): int qdutils::getHDMINode(): Failed to open fb node 1
E/qdutils (  262): int qdutils::getHDMINode(): Failed to open fb node 2
E/qdutils (  262): int qdutils::getHDMINode(): Failed to find HDMI node
E/libsuspend(  775): Error writing to /sys/power/state: Device or resource busy
E/libsuspend(  775): Error writing to /sys/power/state: Device or resource busy
E/libsuspend(  775): Error writing to /sys/power/state: Device or resource busy
E/libsuspend(  775): Error writing to /sys/power/state: Device or resource busy
E/libsuspend(  775): Error writing to /sys/power/state: Device or resource busy
E/libsuspend(  775): Error writing to /sys/power/state: Device or resource busy
E/libsuspend(  775): Error writing to /sys/power/state: Device or resource busy
E/libsuspend(  775): Error writing to /sys/power/state: Device or resource busy
E/libsuspend(  775): Error writing to /sys/power/state: Device or resource busy
D/BatteryMeterView( 2940): not on charging...
D/BatteryMeterView( 2940): not on charging...
D/BatteryMeterView( 2940): not on charging...
E/libsuspend(  775): Error writing to /sys/power/state: Device or resource busy
E/libsuspend(  775): Error writing to /sys/power/state: Device or resource busy
E/libsuspend(  775): Error writing to /sys/power/state: Device or resource busy
E/libsuspend(  775): Error writing to /sys/power/state: Device or resource busy
E/libsuspend(  775): Error writing to /sys/power/state: Device or resource busy
E/libsuspend(  775): Error writing to /sys/power/state: Device or resource busy
E/libsuspend(  775): Error writing to /sys/power/state: Device or resource busy
E/libsuspend(  775): Error writing to /sys/power/state: Device or resource busy
E/libsuspend(  775): Error writing to /sys/power/state: Device or resource busy
E/libsuspend(  775): Error writing to /sys/power/state: Device or resource busy
E/libsuspend(  775): Error writing to /sys/power/state: Device or resource busy
E/libsuspend(  775): Error writing to /sys/power/state: Device or resource busy
E/libsuspend(  775): Error writing to /sys/power/state: Device or resource busy
E/libsuspend(  775): Error writing to /sys/power/state: Device or resource busy
E/libsuspend(  775): Error writing to /sys/power/state: Device or resource busy
E/libsuspend(  775): Error writing to /sys/power/state: Device or resource busy
E/libsuspend(  775): Error writing to /sys/power/state: Device or resource busy
E/libsuspend(  775): Error writing to /sys/power/state: Device or resource busy
E/libsuspend(  775): Error writing to /sys/power/state: Device or resource busy
E/libsuspend(  775): Error writing to /sys/power/state: Device or resource busy
D/BatteryMeterView( 2940): not on charging...
D/BatteryMeterView( 2940): not on charging...
D/BatteryMeterView( 2940): not on charging...
E/libsuspend(  775): Error writing to /sys/power/state: Device or resource busy
E/libsuspend(  775): Error writing to /sys/power/state: Device or resource busy
E/libsuspend(  775): Error writing to /sys/power/state: Device or resource busy
E/libsuspend(  775): Error writing to /sys/power/state: Device or resource busy
E/libsuspend(  775): Error writing to /sys/power/state: Device or resource busy
E/libsuspend(  775): Error writing to /sys/power/state: Device or resource busy
E/libsuspend(  775): Error writing to /sys/power/state: Device or resource busy
E/libsuspend(  775): Error writing to /sys/power/state: Device or resource busy
E/libsuspend(  775): Error writing to /sys/power/state: Device or resource busy
E/libsuspend(  775): Error writing to /sys/power/state: Device or resource busy
D/BatteryMeterView( 2940): not on charging...
D/BatteryMeterView( 2940): not on charging...
D/BatteryMeterView( 2940): not on charging...
E/libsuspend(  775): Error writing to /sys/power/state: Device or resource busy
E/WifiStateMachine(  775): WifiStateMachine CMD_START_SCAN source -2 txSuccessRate=0.00 rxSuccessRate=0.00 targetRoamBSSID=any RSSI=-20
E/WifiStateMachine(  775): WifiStateMachine L2Connected CMD_START_SCAN source -2 95, 96 -> obsolete
E/libsuspend(  775): Error writing to /sys/power/state: Device or resource busy
E/libsuspend(  775): Error writing to /sys/power/state: Device or resource busy
E/libsuspend(  775): Error writing to /sys/power/state: Device or resource busy
E/libsuspend(  775): Error writing to /sys/power/state: Device or resource busy
E/libsuspend(  775): Error writing to /sys/power/state: Device or resource busy
E/libsuspend(  775): Error writing to /sys/power/state: Device or resource busy
E/libsuspend(  775): Error writing to /sys/power/state: Device or resource busy
E/libsuspend(  775): Error writing to /sys/power/state: Device or resource busy
E/libsuspend(  775): Error writing to /sys/power/state: Device or resource busy
D/BatteryMeterView( 2940): not on charging...
D/BatteryMeterView( 2940): not on charging...
D/BatteryMeterView( 2940): not on charging...
E/libsuspend(  775): Error writing to /sys/power/state: Device or resource busy
E/libsuspend(  775): Error writing to /sys/power/state: Device or resource busy
E/libsuspend(  775): Error writing to /sys/power/state: Device or resource busy
E/libsuspend(  775): Error writing to /sys/power/state: Device or resource busy
E/libsuspend(  775): Error writing to /sys/power/state: Device or resource busy
E/libsuspend(  775): Error writing to /sys/power/state: Device or resource busy
E/libsuspend(  775): Error writing to /sys/power/state: Device or resource busy
E/libsuspend(  775): Error writing to /sys/power/state: Device or resource busy
E/libsuspend(  775): Error writing to /sys/power/state: Device or resource busy
E/libsuspend(  775): Error writing to /sys/power/state: Device or resource busy
E/libsuspend(  775): Error writing to /sys/power/state: Device or resource busy
E/libsuspend(  775): Error writing to /sys/power/state: Device or resource busy
E/libsuspend(  775): Error writing to /sys/power/state: Device or resource busy
E/libsuspend(  775): Error writing to /sys/power/state: Device or resource busy
E/libsuspend(  775): Error writing to /sys/power/state: Device or resource busy
E/libsuspend(  775): Error writing to /sys/power/state: Device or resource busy
E/libsuspend(  775): Error writing to /sys/power/state: Device or resource busy
E/libsuspend(  775): Error writing to /sys/power/state: Device or resource busy
E/libsuspend(  775): Error writing to /sys/power/state: Device or resource busy
E/libsuspend(  775): Error writing to /sys/power/state: Device or resource busy
D/BatteryMeterView( 2940): not on charging...
D/BatteryMeterView( 2940): not on charging...
D/BatteryMeterView( 2940): not on charging...
E/libsuspend(  775): Error writing to /sys/power/state: Device or resource busy
E/libsuspend(  775): Error writing to /sys/power/state: Device or resource busy
E/libsuspend(  775): Error writing to /sys/power/state: Device or resource busy
E/libsuspend(  775): Error writing to /sys/power/state: Device or resource busy
E/libsuspend(  775): Error writing to /sys/power/state: Device or resource busy
E/libsuspend(  775): Error writing to /sys/power/state: Device or resource busy
I/UsageStatsService(  775): User[0] Flushing usage stats to disk
E/libsuspend(  775): Error writing to /sys/power/state: Device or resource busy
E/libsuspend(  775): Error writing to /sys/power/state: Device or resource busy
E/libsuspend(  775): Error writing to /sys/power/state: Device or resource busy
D/BatteryMeterView( 2940): not on charging...
D/BatteryMeterView( 2940): not on charging...
E/libsuspend(  775): Error writing to /sys/power/state: Device or resource busy
D/BatteryMeterView( 2940): not on charging...
E/libsuspend(  775): Error writing to /sys/power/state: Device or resource busy
E/libsuspend(  775): Error writing to /sys/power/state: Device or resource busy
E/libsuspend(  775): Error writing to /sys/power/state: Device or resource busy
E/libsuspend(  775): Error writing to /sys/power/state: Device or resource busy
E/libsuspend(  775): Error writing to /sys/power/state: Device or resource busy
E/libsuspend(  775): Error writing to /sys/power/state: Device or resource busy
E/libsuspend(  775): Error writing to /sys/power/state: Device or resource busy
E/libsuspend(  775): Error writing to /sys/power/state: Device or resource busy
E/libsuspend(  775): Error writing to /sys/power/state: Device or resource busy
E/libsuspend(  775): Error writing to /sys/power/state: Device or resource busy
D/BatteryMeterView( 2940): not on charging...
D/BatteryMeterView( 2940): not on charging...
D/BatteryMeterView( 2940): not on charging...
E/libsuspend(  775): Error writing to /sys/power/state: Device or resource busy
E/libsuspend(  775): Error writing to /sys/power/state: Device or resource busy
E/libsuspend(  775): Error writing to /sys/power/state: Device or resource busy
E/libsuspend(  775): Error writing to /sys/power/state: Device or resource busy
E/libsuspend(  775): Error writing to /sys/power/state: Device or resource busy
E/libsuspend(  775): Error writing to /sys/power/state: Device or resource busy
E/libsuspend(  775): Error writing to /sys/power/state: Device or resource busy
E/libsuspend(  775): Error writing to /sys/power/state: Device or resource busy
E/libsuspend(  775): Error writing to /sys/power/state: Device or resource busy
E/libsuspend(  775): Error writing to /sys/power/state: Device or resource busy
E/libsuspend(  775): Error writing to /sys/power/state: Device or resource busy
E/libsuspend(  775): Error writing to /sys/power/state: Device or resource busy
E/libsuspend(  775): Error writing to /sys/power/state: Device or resource busy
E/libsuspend(  775): Error writing to /sys/power/state: Device or resource busy
E/libsuspend(  775): Error writing to /sys/power/state: Device or resource busy
E/libsuspend(  775): Error writing to /sys/power/state: Device or resource busy
D/BatteryMeterView( 2940): not on charging...
D/BatteryMeterView( 2940): not on charging...
D/BatteryMeterView( 2940): not on charging...
D/VM_BMS  (  461): wake_lock acquired
D/VM_BMS  (  461): New BMS data - Size=56
D/VM_BMS  (  461): Start process_bms_data
D/VM_BMS  (  461): Battery charge_cycle=0 fcc_adjust=0 rbatt_adjust=0 cycle_changed=false
D/VM_BMS  (  461): For batt_temp=255 fcc_mah=2200
D/VM_BMS  (  461): Lookup fcc_mah=2200.000000  adjusted fcc_mah=2200.000000
D/VM_BMS  (  461): For ocv=4213671 batt_temp=255 soc=100
D/VM_BMS  (  461): fifo_count=5 acc_count=0
D/VM_BMS  (  461): INIT: ocv=4213671 last_ocv=4213671 batt_temp=255 soc=100
D/VM_BMS  (  461): For soc=100 batt_temp=255 slope=2000
D/VM_BMS  (  461): For soc=100 batt_temp=255 rbatt_sf=100
D/VM_BMS  (  461): rbatt_mohm_default=72, rbatt_mohm=72, sf=100 batt_temp=255
D/VM_BMS  (  461): Lookup rbatt=72.000000  adjusted rbatt=72.000000
D/VM_BMS  (  461): For ocv=4212904 batt_temp=255 soc=100
D/VM_BMS  (  461): FIFO=0 fifo_avg=3.799610 rbatt=0.122000 slope=0.200000 ibatt=3.390801 ocv=4.212904 soc=100 fcc_ah=2.200000 sample_count=128 sample_interval=70 seq_num=372
D/VM_BMS  (  461): For soc=100 batt_temp=255 slope=2000
D/VM_BMS  (  461): For soc=100 batt_temp=255 rbatt_sf=100
D/VM_BMS  (  461): rbatt_mohm_default=72, rbatt_mohm=72, sf=100 batt_temp=255
D/VM_BMS  (  461): Lookup rbatt=72.000000  adjusted rbatt=72.000000
D/VM_BMS  (  461): For ocv=4212139 batt_temp=255 soc=100
D/VM_BMS  (  461): FIFO=1 fifo_avg=3.800198 rbatt=0.122000 slope=0.200000 ibatt=3.379701 ocv=4.212139 soc=100 fcc_ah=2.200000 sample_count=128 sample_interval=70 seq_num=372
D/VM_BMS  (  461): For soc=100 batt_temp=255 slope=2000
D/VM_BMS  (  461): For soc=100 batt_temp=255 rbatt_sf=100
D/VM_BMS  (  461): rbatt_mohm_default=72, rbatt_mohm=72, sf=100 batt_temp=255
D/VM_BMS  (  461): Lookup rbatt=72.000000  adjusted rbatt=72.000000
D/VM_BMS  (  461): For ocv=4211375 batt_temp=255 soc=100
D/VM_BMS  (  461): FIFO=2 fifo_avg=3.800198 rbatt=0.122000 slope=0.200000 ibatt=3.373438 ocv=4.211376 soc=100 fcc_ah=2.200000 sample_count=128 sample_interval=70 seq_num=372
D/VM_BMS  (  461): For soc=100 batt_temp=255 slope=2000
D/VM_BMS  (  461): For soc=100 batt_temp=255 rbatt_sf=100
D/VM_BMS  (  461): rbatt_mohm_default=72, rbatt_mohm=72, sf=100 batt_temp=255
D/VM_BMS  (  461): Lookup rbatt=72.000000  adjusted rbatt=72.000000
D/VM_BMS  (  461): For ocv=4210616 batt_temp=255 soc=100
D/VM_BMS  (  461): FIFO=3 fifo_avg=3.801674 rbatt=0.122000 slope=0.200000 ibatt=3.355097 ocv=4.210616 soc=100 fcc_ah=2.200000 sample_count=128 sample_interval=70 seq_num=372
D/VM_BMS  (  461): For soc=100 batt_temp=255 slope=2000
D/VM_BMS  (  461): For soc=100 batt_temp=255 rbatt_sf=100
D/VM_BMS  (  461): rbatt_mohm_default=72, rbatt_mohm=72, sf=100 batt_temp=255
D/VM_BMS  (  461): Lookup rbatt=72.000000  adjusted rbatt=72.000000
D/VM_BMS  (  461): For ocv=4209858 batt_temp=255 soc=100
D/VM_BMS  (  461): FIFO=4 fifo_avg=3.801686 rbatt=0.122000 slope=0.200000 ibatt=3.348780 ocv=4.209858 soc=100 fcc_ah=2.200000 sample_count=128 sample_interval=70 seq_num=372
I/VM_BMS  (  461): power_supply_update: ocv_uv=4209858 ibatt=3348780 soc=100 seq_num=372
D/VM_BMS  (  461): End process_bms_data
D/VM_BMS  (  461): wake_lock released
D/BatteryMeterView( 2940): not on charging...
D/BatteryMeterView( 2940): not on charging...
D/BatteryMeterView( 2940): not on charging...
E/libsuspend(  775): Error writing to /sys/power/state: Device or resource busy
D/BatteryMeterView( 2940): not on charging...
D/BatteryMeterView( 2940): not on charging...
D/BatteryMeterView( 2940): not on charging...
E/libsuspend(  775): Error writing to /sys/power/state: Device or resource busy
E/libsuspend(  775): Error writing to /sys/power/state: Device or resource busy
E/libsuspend(  775): Error writing to /sys/power/state: Device or resource busy
E/libsuspend(  775): Error writing to /sys/power/state: Device or resource busy
E/libsuspend(  775): Error writing to /sys/power/state: Device or resource busy
E/libsuspend(  775): Error writing to /sys/power/state: Device or resource busy
E/libsuspend(  775): Error writing to /sys/power/state: Device or resource busy
E/libsuspend(  775): Error writing to /sys/power/state: Device or resource busy
E/libsuspend(  775): Error writing to /sys/power/state: Device or resource busy
D/BatteryMeterView( 2940): not on charging...
D/BatteryMeterView( 2940): not on charging...
D/BatteryMeterView( 2940): not on charging...
E/libsuspend(  775): Error writing to /sys/power/state: Device or resource busy
E/libsuspend(  775): Error writing to /sys/power/state: Device or resource busy
E/libsuspend(  775): Error writing to /sys/power/state: Device or resource busy
E/libsuspend(  775): Error writing to /sys/power/state: Device or resource busy
E/libsuspend(  775): Error writing to /sys/power/state: Device or resource busy
V/WLAN_PSA(  314): NL MSG, len[3998], NL type[0x1C] WNI type[0x5900] len[34319]
V/WLAN_PSA(  314): NL MSG, PID: 314
E/libsuspend(  775): Error writing to /sys/power/state: Device or resource busy
E/libsuspend(  775): Error writing to /sys/power/state: Device or resource busy
E/libsuspend(  775): Error writing to /sys/power/state: Device or resource busy
E/libsuspend(  775): Error writing to /sys/power/state: Device or resource busy
E/libsuspend(  775): Error writing to /sys/power/state: Device or resource busy
E/libsuspend(  775): Error writing to /sys/power/state: Device or resource busy
D/BatteryMeterView( 2940): not on charging...
D/BatteryMeterView( 2940): not on charging...
D/BatteryMeterView( 2940): not on charging...
E/libsuspend(  775): Error writing to /sys/power/state: Device or resource busy
E/libsuspend(  775): Error writing to /sys/power/state: Device or resource busy
E/libsuspend(  775): Error writing to /sys/power/state: Device or resource busy
E/libsuspend(  775): Error writing to /sys/power/state: Device or resource busy
E/libsuspend(  775): Error writing to /sys/power/state: Device or resource busy
E/libsuspend(  775): Error writing to /sys/power/state: Device or resource busy
E/libsuspend(  775): Error writing to /sys/power/state: Device or resource busy
E/libsuspend(  775): Error writing to /sys/power/state: Device or resource busy
E/libsuspend(  775): Error writing to /sys/power/state: Device or resource busy
E/libsuspend(  775): Error writing to /sys/power/state: Device or resource busy
D/BatteryMeterView( 2940): not on charging...
D/BatteryMeterView( 2940): not on charging...
D/BatteryMeterView( 2940): not on charging...
E/libsuspend(  775): Error writing to /sys/power/state: Device or resource busy
E/libsuspend(  775): Error writing to /sys/power/state: Device or resource busy
E/libsuspend(  775): Error writing to /sys/power/state: Device or resource busy
E/libsuspend(  775): Error writing to /sys/power/state: Device or resource busy
E/libsuspend(  775): Error writing to /sys/power/state: Device or resource busy
E/libsuspend(  775): Error writing to /sys/power/state: Device or resource busy
E/libsuspend(  775): Error writing to /sys/power/state: Device or resource busy
E/libsuspend(  775): Error writing to /sys/power/state: Device or resource busy
E/libsuspend(  775): Error writing to /sys/power/state: Device or resource busy
E/libsuspend(  775): Error writing to /sys/power/state: Device or resource busy
D/BatteryMeterView( 2940): not on charging...
D/BatteryMeterView( 2940): not on charging...
D/BatteryMeterView( 2940): not on charging...
E/libsuspend(  775): Error writing to /sys/power/state: Device or resource busy
E/libsuspend(  775): Error writing to /sys/power/state: Device or resource busy
E/libsuspend(  775): Error writing to /sys/power/state: Device or resource busy
E/libsuspend(  775): Error writing to /sys/power/state: Device or resource busy
E/libsuspend(  775): Error writing to /sys/power/state: Device or resource busy
E/libsuspend(  775): Error writing to /sys/power/state: Device or resource busy
E/libsuspend(  775): Error writing to /sys/power/state: Device or resource busy
E/libsuspend(  775): Error writing to /sys/power/state: Device or resource busy
E/libsuspend(  775): Error writing to /sys/power/state: Device or resource busy
E/libsuspend(  775): Error writing to /sys/power/state: Device or resource busy
D/BatteryMeterView( 2940): not on charging...
D/BatteryMeterView( 2940): not on charging...
D/BatteryMeterView( 2940): not on charging...
E/libsuspend(  775): Error writing to /sys/power/state: Device or resource busy
E/libsuspend(  775): Error writing to /sys/power/state: Device or resource busy
E/libsuspend(  775): Error writing to /sys/power/state: Device or resource busy
E/libsuspend(  775): Error writing to /sys/power/state: Device or resource busy
E/libsuspend(  775): Error writing to /sys/power/state: Device or resource busy
E/libsuspend(  775): Error writing to /sys/power/state: Device or resource busy
E/libsuspend(  775): Error writing to /sys/power/state: Device or resource busy
E/libsuspend(  775): Error writing to /sys/power/state: Device or resource busy
E/libsuspend(  775): Error writing to /sys/power/state: Device or resource busy
D/WindowManager(  775): interceptKeyTq keycode=26 interactive=false keyguardActive=true policyFlags=2000000
W/ContextImpl(  775): Calling a method in the system process without a qualified user: android.app.ContextImpl.sendBroadcast:1441 com.android.internal.policy.impl.PhoneWindowManager.interceptKeyBeforeQueueing:5372 com.android.server.wm.InputMonitor.interceptKeyBeforeQueueing:370 com.android.server.input.InputManagerService.interceptKeyBeforeQueueing:1476 <bottom of call stack> 
I/PowerManagerService(  775): Waking up from dozing (uid 1000)...
I/QCOM PowerHAL(  775): Got set_interactive hint
I/DisplayPowerController(  775): Blocking screen on until initial contents have been drawn.
I/WindowManager(  775): Screen turning on...
I/WindowManager(  775): Win Window{bff5d73 u0 android}: isVisibleOrBehindKeyguardLw=true
I/WindowManager(  775): Win Window{7989c4a u0 StatusBar}: isVisibleOrBehindKeyguardLw=true
I/WindowManager(  775): Win Window{1ea30909 u0 com.android.phasebeam.PhaseBeamWallpaper}: isVisibleOrBehindKeyguardLw=true
I/WindowManager(  775): Win Window{21b67558 u0 com.interswitchng.interswitchpossdkdemo.telpo.v2.debug/com.interswitchng.smartpos.modules.menu.settings.TerminalSettingsActivity}: isVisibleOrBehindKeyguardLw=true
V/WindowManager(  775): Fullscreen window: Window{21b67558 u0 com.interswitchng.interswitchpossdkdemo.telpo.v2.debug/com.interswitchng.smartpos.modules.menu.settings.TerminalSettingsActivity}
I/WindowManager(  775): force=false forcefkg=true top=Window{21b67558 u0 com.interswitchng.interswitchpossdkdemo.telpo.v2.debug/com.interswitchng.smartpos.modules.menu.settings.TerminalSettingsActivity}
V/WindowManager(  775): Showing status bar: forced
V/WindowManager(  775): finishPostLayoutPolicyLw: mHideKeyguard=false
D/SurfaceFlinger(  262): Set power mode=2, type=0 flinger=0xb83255f8
D/qdhwcomposer(  262): hwc_setPowerMode: Setting mode 2 on display: 0
E/qdutils (  262): int qdutils::getHDMINode(): Failed to open fb node 1
E/qdutils (  262): int qdutils::getHDMINode(): Failed to open fb node 2
E/qdutils (  262): int qdutils::getHDMINode(): Failed to find HDMI node
I/DisplayManagerService(  775): Display device changed: DisplayDeviceInfo{"Built-in Screen": uniqueId="local:0", 720 x 1280, 60.0 fps, supportedRefreshRates [60.0], density 320, 160.421 x 160.157 dpi, appVsyncOff 0, presDeadline 17666667, touch INTERNAL, rotation 0, type BUILT_IN, state ON, FLAG_DEFAULT_DISPLAY, FLAG_ROTATES_WITH_CONTENT, FLAG_SECURE, FLAG_SUPPORTS_PROTECTED_BUFFERS}
I/WindowManager(  775): Waking up...
V/KeyguardServiceDelegate(  775): onScreenTurnedOn(showListener = com.android.internal.policy.impl.PhoneWindowManager$2@19535049)
I/WindowManager(  775): Win Window{bff5d73 u0 android}: isVisibleOrBehindKeyguardLw=true
I/WindowManager(  775): Win Window{7989c4a u0 StatusBar}: isVisibleOrBehindKeyguardLw=true
I/WindowManager(  775): Win Window{1ea30909 u0 com.android.phasebeam.PhaseBeamWallpaper}: isVisibleOrBehindKeyguardLw=true
I/WindowManager(  775): Win Window{21b67558 u0 com.interswitchng.interswitchpossdkdemo.telpo.v2.debug/com.interswitchng.smartpos.modules.menu.settings.TerminalSettingsActivity}: isVisibleOrBehindKeyguardLw=true
V/WindowManager(  775): Fullscreen window: Window{21b67558 u0 com.interswitchng.interswitchpossdkdemo.telpo.v2.debug/com.interswitchng.smartpos.modules.menu.settings.TerminalSettingsActivity}
I/WindowManager(  775): force=false forcefkg=true top=Window{21b67558 u0 com.interswitchng.interswitchpossdkdemo.telpo.v2.debug/com.interswitchng.smartpos.modules.menu.settings.TerminalSettingsActivity}
V/WindowManager(  775): Showing status bar: forced
V/WindowManager(  775): finishPostLayoutPolicyLw: mHideKeyguard=false
V/ActivityManager(  775): Display changed displayId=0
D/VTCallReceiver( 4443): Receive calling org.codeaurora.PowerKeyDown.Mute
D/VTCallReceiver( 4443): received silence ringer intent, to silence the ringer
D/VT/VideoCallApp( 4443): HandleMessage : 5017
D/VT/VideoCallApp( 4443): App still in idle state, handle message: 5017
D/VT/VideoCallApp( 4443): Error Scenario Exit
D/VT/VideoCallApp( 4443): closeCallScreen()...
I/WindowManager(  775): Win Window{bff5d73 u0 android}: isVisibleOrBehindKeyguardLw=true
I/WindowManager(  775): Win Window{7989c4a u0 StatusBar}: isVisibleOrBehindKeyguardLw=true
I/WindowManager(  775): Win Window{1ea30909 u0 com.android.phasebeam.PhaseBeamWallpaper}: isVisibleOrBehindKeyguardLw=true
I/WindowManager(  775): Win Window{21b67558 u0 com.interswitchng.interswitchpossdkdemo.telpo.v2.debug/com.interswitchng.smartpos.modules.menu.settings.TerminalSettingsActivity}: isVisibleOrBehindKeyguardLw=true
V/WindowManager(  775): Fullscreen window: Window{21b67558 u0 com.interswitchng.interswitchpossdkdemo.telpo.v2.debug/com.interswitchng.smartpos.modules.menu.settings.TerminalSettingsActivity}
I/WindowManager(  775): force=false forcefkg=true top=Window{21b67558 u0 com.interswitchng.interswitchpossdkdemo.telpo.v2.debug/com.interswitchng.smartpos.modules.menu.settings.TerminalSettingsActivity}
V/WindowManager(  775): Showing status bar: forced
V/WindowManager(  775): finishPostLayoutPolicyLw: mHideKeyguard=false
E/WifiStateMachine(  775): cancelDelayedScan -> 97
D/wpa_supplicant( 5246): wlan0: Control interface command 'SIGNAL_POLL'
E/native  (  775): do suspend false
D/wpa_supplicant( 5246): wlan0: Control interface command 'DRIVER SETSUSPENDMODE 0'
V/WLAN_PSA(  314): NL MSG, len[048], NL type[0x11] WNI type[0x5050] len[028]
V/WLAN_PSA(  314): NL MSG, PID: 314
V/WLAN_PSA(  314): NL MSG, len[048], NL type[0x11] WNI type[0x5050] len[028]
V/WLAN_PSA(  314): NL MSG, PID: 314
V/WLAN_PSA(  314): NL MSG, len[4022], NL type[0x1C] WNI type[0x5900] len[40463]
V/WLAN_PSA(  314): NL MSG, PID: 314
V/WLAN_PSA(  314): NL MSG, len[048], NL type[0x11] WNI type[0x5050] len[028]
V/WLAN_PSA(  314): NL MSG, PID: 314
V/WLAN_PSA(  314): NL MSG, len[048], NL type[0x11] WNI type[0x5050] len[028]
V/WLAN_PSA(  314): NL MSG, PID: 314
V/WLAN_PSA(  314): NL MSG, len[048], NL type[0x11] WNI type[0x5050] len[028]
V/WLAN_PSA(  314): NL MSG, PID: 314
V/SRS_Proc(  301): ParamSet string: screen_state=on
D/audio_hw_primary(  301): adev_set_parameters: enter: screen_state=on
D/audio_hw_extn(  301): audio_extn_set_anc_parameters: anc_enabled:0
E/audio_a2dp_hw(  301): adev_set_parameters: ERROR: set param called even when stream out is null
V/WLAN_PSA(  314): NL MSG, len[048], NL type[0x11] WNI type[0x5050] len[028]
V/WLAN_PSA(  314): NL MSG, PID: 314
D/wpa_supplicant( 5246): wpa_driver_nl80211_driver_cmd SETSUSPENDMODE 0 len = 0, 4096
V/WLAN_PSA(  314): NL MSG, len[4008], NL type[0x1C] WNI type[0x5900] len[36879]
V/WLAN_PSA(  314): NL MSG, PID: 314
D/wpa_supplicant( 5246): wlan0: Control interface command 'BLACKLIST clear'
D/WindowManager(  775): interceptKeyTq keycode=26 interactive=true keyguardActive=true policyFlags=22000000
I/WifiHAL (  775): Poll result = 1
I/WifiHAL (  775): Found some events!!!
D/wpa_supplicant( 5246): nl80211: Event message available
D/WifiHAL (  775): no_seq_check received
D/wpa_supplicant( 5246): nl80211: Drv Event 79 (NL80211_CMD_SET_REKEY_OFFLOAD) received for wlan0
I/WifiHAL (  775): event received NL80211_CMD_SET_REKEY_OFFLOAD
I/WifiHAL (  775): event received NL80211_CMD_SET_REKEY_OFFLOAD, vendor_id = 0x0
D/wpa_supplicant( 5246): nl80211: Rekey offload event for BSSID fc:dd:55:70:0b:6b
I/WifiHAL (  775): event ignored!!
D/wpa_supplicant( 5246): nl80211: Rekey offload - Replay Counter - hexdump(len=8): 00 00 00 00 00 00 00 01
D/wpa_supplicant( 5246): wlan0: Event DRIVER_GTK_REKEY (37) received
V/WLAN_PSA(  314): NL MSG, len[4043], NL type[0x1C] WNI type[0x5900] len[45839]
V/WLAN_PSA(  314): NL MSG, PID: 314
D/qdhwcomposer(  262): hwc_setPowerMode: Done setting mode 2 on display 0
I/qdhwcomposer(  262): handle_blank_event: dpy:0 panel power state: 1
E/qdutils (  262): int qdutils::getHDMINode(): Failed to open fb node 1
D/SurfaceControl(  775): Excessive delay in setPowerMode(): 436ms
E/qdutils (  262): int qdutils::getHDMINode(): Failed to open fb node 2
E/qdutils (  262): int qdutils::getHDMINode(): Failed to find HDMI node
I/WindowManager(  775): mDock rect: (0,0 - 720,1280)
V/WindowManager(  775): Status bar: dock=[0,50][720,1280] content=[0,50][720,1280] cur=[0,50][720,1280]
V/WindowManager(  775): layoutWindowLw(): normal window
V/WindowManager(  775): Compute frame : sim=#20 attach=null type=2015 flags=0x01000018 pf=[0,50][720,1280] df=[0,50][720,1280] of=[0,50][720,1280] cf=[0,50][720,1280] vf=[0,50][720,1280] dcf=[0,0][720,1280] sf=[0,50][720,1280]
V/WindowManager(  775): Compute frame StatusBar: sim=#10 attach=null type=2000 flags=0x81960040 pf=[0,0][720,1280] df=[0,0][720,1280] of=[0,0][720,1280] cf=[0,50][720,1280] vf=[0,50][720,1280] dcf=[0,0][0,0] sf=[0,50][720,1280]
V/WindowManager(  775): layoutWindowLw(com.android.phasebeam.PhaseBeamWallpaper): IN_SCREEN
V/WindowManager(  775): Compute frame com.android.phasebeam.PhaseBeamWallpaper: sim=#0 attach=null type=2013 flags=0x00000308 pf=[0,0][720,1280] df=[-10000,-10000][10000,10000] of=[0,0][720,1280] cf=[0,0][720,1280] vf=[0,50][720,1280] dcf=[0,0][720,1280] sf=[0,50][720,1280]
V/WindowManager(  775): layoutWindowLw(com.interswitchng.interswitchpossdkdemo.telpo.v2.debug/com.interswitchng.smartpos.modules.menu.settings.TerminalSettingsActivity): IN_SCREEN, INSET_DECOR
V/WindowManager(  775): Compute frame com.interswitchng.interswitchpossdkdemo.telpo.v2.debug/com.interswitchng.smartpos.modules.menu.settings.TerminalSettingsActivity: sim=#120 attach=null type=1 flags=0x81810100 pf=[0,0][720,1280] df=[0,0][720,1280] of=[0,0][720,1280] cf=[0,50][720,1280] vf=[0,50][720,1280] dcf=[0,0][720,1280] sf=[0,50][720,1280]
I/WindowManager(  775): Win Window{bff5d73 u0 android}: isVisibleOrBehindKeyguardLw=true
I/WindowManager(  775): Win Window{7989c4a u0 StatusBar}: isVisibleOrBehindKeyguardLw=true
I/WindowManager(  775): Win Window{1ea30909 u0 com.android.phasebeam.PhaseBeamWallpaper}: isVisibleOrBehindKeyguardLw=true
I/WindowManager(  775): Win Window{21b67558 u0 com.interswitchng.interswitchpossdkdemo.telpo.v2.debug/com.interswitchng.smartpos.modules.menu.settings.TerminalSettingsActivity}: isVisibleOrBehindKeyguardLw=true
V/WindowManager(  775): Fullscreen window: Window{21b67558 u0 com.interswitchng.interswitchpossdkdemo.telpo.v2.debug/com.interswitchng.smartpos.modules.menu.settings.TerminalSettingsActivity}
I/WindowManager(  775): force=false forcefkg=true top=Window{21b67558 u0 com.interswitchng.interswitchpossdkdemo.telpo.v2.debug/com.interswitchng.smartpos.modules.menu.settings.TerminalSettingsActivity}
V/WindowManager(  775): Showing status bar: forced
V/WindowManager(  775): finishPostLayoutPolicyLw: mHideKeyguard=false
V/KeyguardServiceDelegate(  775): **** SHOWN CALLED ****
D/WindowManager(  775): mKeyguardDelegate.ShowListener.onShown.
W/WindowManager(  775): Setting mKeyguardDrawComplete
D/WindowManager(  775): finishScreenTurningOn: mAwake=true, mScreenOnEarly=true, mScreenOnFully=false, mKeyguardDrawComplete=true, mWindowManagerDrawComplete=false
D/BatteryMeterView( 2940): not on charging...
D/BatteryMeterView( 2940): not on charging...
D/BatteryMeterView( 2940): not on charging...
I/WindowManager(  775): mDock rect: (0,0 - 720,1280)
V/WindowManager(  775): Status bar: dock=[0,50][720,1280] content=[0,50][720,1280] cur=[0,50][720,1280]
V/WindowManager(  775): layoutWindowLw(): normal window
