V/WLAN_PSA(  314): NL MSG, len[4028], NL type[0x1C] WNI type[0x5900] len[41999]
V/WLAN_PSA(  314): NL MSG, PID: 314
D/BatteryMeterView( 2940): onDraw level = 66
V/WLAN_PSA(  314): NL MSG, len[914], NL type[0x11] WNI type[0x5050] len[894]
V/WLAN_PSA(  314): NL MSG, PID: 314
V/WLAN_PSA(  314): NL MSG, len[4054], NL type[0x1C] WNI type[0x5900] len[48655]
V/WLAN_PSA(  314): NL MSG, PID: 314
I/WifiHAL (  775): Poll result = 1
I/WifiHAL (  775): Found some events!!!
D/WifiHAL (  775): no_seq_check received
I/WifiHAL (  775): event received NL80211_CMD_NEW_SCAN_RESULTS
I/WifiHAL (  775): event received NL80211_CMD_NEW_SCAN_RESULTS, vendor_id = 0x0
I/WifiHAL (  775): event ignored!!
D/wpa_supplicant( 5246): nl80211: Event message available
D/wpa_supplicant( 5246): nl80211: Drv Event 34 (NL80211_CMD_NEW_SCAN_RESULTS) received for wlan0
D/wpa_supplicant( 5246): wlan0: nl80211: New scan results available
D/wpa_supplicant( 5246): nl80211: Scan included frequencies: 2442
D/wpa_supplicant( 5246): wlan0: Event SCAN_RESULTS (3) received
D/wpa_supplicant( 5246): wlan0: Scan completed in 0.090531 seconds
D/wpa_supplicant( 5246): nl80211: Associated on 2442 MHz
D/wpa_supplicant( 5246): nl80211: Associated with fc:dd:55:70:0b:6b
D/wpa_supplicant( 5246): nl80211: Received scan results (1 BSSes)
D/wpa_supplicant( 5246): nl80211: Scan results indicate BSS status with fc:dd:55:70:0b:6b as associated
D/wpa_supplicant( 5246): wlan0: BSS: Start scan result update 28
D/wpa_supplicant( 5246): BSS: last_scan_res_used=1/32
D/wpa_supplicant( 5246): wlan0: Scan-only results received
D/wpa_supplicant( 5246): CTRL_IFACE monitor sent successfully to /data/misc/wifi/sockets/wpa_ctrl_329-1\x00
D/wpa_supplicant( 5246): CTRL_IFACE monitor sent successfully to /data/misc/wifi/sockets/wpa_ctrl_775-3\x00
I/SurfaceFlinger(  262): FPS: 9
D/wpa_supplicant( 5246): wlan0: Radio work 'scan'@0xb7fb3b60 done in 0.102006 seconds
D/wpa_supplicant( 5246): wlan0: Control interface command 'BSS RANGE=0- MASK=0x21987'
D/wpa_supplicant( 5246): wlan0: Control interface command 'STATUS-NO_EVENTS'
D/BatteryMeterView( 2940): onDraw level = 76
D/wpa_supplicant( 5246): wlan0: Control interface command 'SIGNAL_POLL'
V/WLAN_PSA(  314): NL MSG, len[4061], NL type[0x1C] WNI type[0x5900] len[50447]
V/WLAN_PSA(  314): NL MSG, PID: 314
D/BatteryMeterView( 2940): onDraw level = 86
I/SurfaceFlinger(  262): FPS: 8
D/BatteryMeterView( 2940): onDraw level = 100
D/BatteryMeterView( 2940): onDraw level = 56
I/SurfaceFlinger(  262): FPS: 6
D/BatteryMeterView( 2940): onDraw level = 66
D/StatusBar.MSimNetworkController( 2940): refreshViews phoneId =0mMSimDataConnected =false
D/StatusBar.MSimNetworkController( 2940): refreshViews mMSimDataActivity =0
D/StatusBar.MSimNetworkController( 2940): refreshViews: Data not connected!! Set no data type icon / Roaming for phoneId: 0
D/StatusBar.MSimNetworkController( 2940): refreshViews connected={ wifi } level=0 mMSimcombinedSignalIconId=0x7f020352/com.android.systemui:drawable/stat_sys_wifi_signal_4_fully mMSimcombinedActivityIconId=0x0 mAirplaneMode=false mMSimDataActivity=0 mMSimPhoneSignalIconId=0x7f020339/com.android.systemui:drawable/stat_sys_signal_null mMSimDataDirectionIconId=0x0 mMSimDataSignalIconId=0x7f020339 mMSimDataTypeIconId=0x0/(null) mNoMSimIconId=0x7f02009a/com.android.systemui:drawable/ic_qs_no_sim mMSimMobileActivityIconId=0x0/(null) mWifiIconId=0x7f020352 mBluetoothTetherIconId=0x10806a2
D/MSimSignalClusterView( 2940): wifi: VISIBLE sig=2130838354 act=0
D/MSimSignalClusterView( 2940): mobile[0]: VISIBLE sig=2130838329 type=0
D/MSimSignalClusterView( 2940): wifi: VISIBLE sig=2130838354 act=0
D/MSimSignalClusterView( 2940): mobile[1]: VISIBLE sig=2130838329 type=0
D/MSimSignalClusterView( 2940): wifi: VISIBLE sig=2130838354 act=0
D/MSimSignalClusterView( 2940): mobile[0]: VISIBLE sig=2130838329 type=0
D/MSimSignalClusterView( 2940): wifi: VISIBLE sig=2130838354 act=0
D/MSimSignalClusterView( 2940): mobile[0]: VISIBLE sig=2130838329 type=0
D/MSimSignalClusterView( 2940): wifi: VISIBLE sig=2130838354 act=0
D/MSimSignalClusterView( 2940): mobile[0]: VISIBLE sig=2130838329 type=0
D/MSimSignalClusterView( 2940): wifi: VISIBLE sig=2130838354 act=0
D/MSimSignalClusterView( 2940): mobile[1]: VISIBLE sig=2130838329 type=0
D/StatusBar.MSimNetworkController( 2940): refreshSignalCluster, mMSimPhoneSignalIconId[0]=com.android.systemui:drawable/stat_sys_signal_null mMSimDataSignalIconId[0]=com.android.systemui:drawable/stat_sys_signal_null mMSimDataTypeIconId[0]=(null) mMSimMobileActivityIconId[0]=(null) mNoMSimIconId[0]=com.android.systemui:drawable/ic_qs_no_sim
D/MSimSignalClusterView( 2940): wifi: VISIBLE sig=2130838354 act=0
D/MSimSignalClusterView( 2940): mobile[0]: VISIBLE sig=2130838329 type=0
D/MSimSignalClusterView( 2940): wifi: VISIBLE sig=2130838354 act=0
D/MSimSignalClusterView( 2940): mobile[1]: VISIBLE sig=2130838329 type=0
D/MSimSignalClusterView( 2940): wifi: VISIBLE sig=2130838354 act=0
D/MSimSignalClusterView( 2940): mobile[0]: VISIBLE sig=2130838329 type=0
D/MSimSignalClusterView( 2940): wifi: VISIBLE sig=2130838354 act=0
D/MSimSignalClusterView( 2940): mobile[0]: VISIBLE sig=2130838329 type=0
D/MSimSignalClusterView( 2940): wifi: VISIBLE sig=2130838354 act=0
D/MSimSignalClusterView( 2940): mobile[0]: VISIBLE sig=2130838329 type=0
D/MSimSignalClusterView( 2940): wifi: VISIBLE sig=2130838354 act=0
D/MSimSignalClusterView( 2940): mobile[1]: VISIBLE sig=2130838329 type=0
D/StatusBar.MSimNetworkController( 2940): refreshSignalCluster, mMSimPhoneSignalIconId[0]=com.android.systemui:drawable/stat_sys_signal_null mMSimDataSignalIconId[0]=com.android.systemui:drawable/stat_sys_signal_null mMSimDataTypeIconId[0]=(null) mMSimMobileActivityIconId[0]=(null) mNoMSimIconId[0]=com.android.systemui:drawable/ic_qs_no_sim
D/MSimSignalClusterView( 2940): wifi: VISIBLE sig=2130838354 act=0
D/MSimSignalClusterView( 2940): mobile[0]: VISIBLE sig=2130838329 type=0
D/MSimSignalClusterView( 2940): wifi: VISIBLE sig=2130838354 act=0
D/MSimSignalClusterView( 2940): mobile[1]: VISIBLE sig=2130838329 type=0
D/MSimSignalClusterView( 2940): wifi: VISIBLE sig=2130838354 act=0
D/MSimSignalClusterView( 2940): mobile[0]: VISIBLE sig=2130838329 type=0
D/MSimSignalClusterView( 2940): wifi: VISIBLE sig=2130838354 act=0
D/MSimSignalClusterView( 2940): mobile[0]: VISIBLE sig=2130838329 type=0
D/MSimSignalClusterView( 2940): wifi: VISIBLE sig=2130838354 act=0
D/MSimSignalClusterView( 2940): mobile[0]: VISIBLE sig=2130838329 type=0
D/MSimSignalClusterView( 2940): wifi: VISIBLE sig=2130838354 act=0
D/MSimSignalClusterView( 2940): mobile[1]: VISIBLE sig=2130838329 type=0
D/StatusBar.MSimNetworkController( 2940): refreshSignalCluster, mMSimPhoneSignalIconId[0]=com.android.systemui:drawable/stat_sys_signal_null mMSimDataSignalIconId[0]=com.android.systemui:drawable/stat_sys_signal_null mMSimDataTypeIconId[0]=(null) mMSimMobileActivityIconId[0]=(null) mNoMSimIconId[0]=com.android.systemui:drawable/ic_qs_no_sim
D/MSimSignalClusterView( 2940): wifi: VISIBLE sig=2130838354 act=0
D/MSimSignalClusterView( 2940): mobile[0]: VISIBLE sig=2130838329 type=0
D/MSimSignalClusterView( 2940): wifi: VISIBLE sig=2130838354 act=0
D/MSimSignalClusterView( 2940): mobile[1]: VISIBLE sig=2130838329 type=0
D/MSimSignalClusterView( 2940): wifi: VISIBLE sig=2130838354 act=0
D/MSimSignalClusterView( 2940): mobile[0]: VISIBLE sig=2130838329 type=0
D/MSimSignalClusterView( 2940): wifi: VISIBLE sig=2130838354 act=0
D/MSimSignalClusterView( 2940): mobile[0]: VISIBLE sig=2130838329 type=0
D/MSimSignalClusterView( 2940): wifi: VISIBLE sig=2130838354 act=0
D/MSimSignalClusterView( 2940): mobile[0]: VISIBLE sig=2130838329 type=0
D/MSimSignalClusterView( 2940): wifi: VISIBLE sig=2130838354 act=0
D/MSimSignalClusterView( 2940): mobile[1]: VISIBLE sig=2130838329 type=0
D/StatusBar.MSimNetworkController( 2940): refreshSignalCluster, mMSimPhoneSignalIconId[0]=com.android.systemui:drawable/stat_sys_signal_null mMSimDataSignalIconId[0]=com.android.systemui:drawable/stat_sys_signal_null mMSimDataTypeIconId[0]=(null) mMSimMobileActivityIconId[0]=(null) mNoMSimIconId[0]=com.android.systemui:drawable/ic_qs_no_sim
D/BatteryMeterView( 2940): onDraw level = 76
I/SurfaceFlinger(  262): FPS: 6
D/wpa_supplicant( 5246): wlan0: Control interface command 'SIGNAL_POLL'
D/BatteryMeterView( 2940): onDraw level = 86
V/WLAN_PSA(  314): NL MSG, len[4073], NL type[0x1C] WNI type[0x5900] len[53519]
V/WLAN_PSA(  314): NL MSG, PID: 314
D/StatusBar.MSimNetworkController( 2940): refreshViews phoneId =0mMSimDataConnected =false
D/StatusBar.MSimNetworkController( 2940): refreshViews mMSimDataActivity =0
D/StatusBar.MSimNetworkController( 2940): refreshViews: Data not connected!! Set no data type icon / Roaming for phoneId: 0
D/StatusBar.MSimNetworkController( 2940): refreshViews connected={ wifi } level=0 mMSimcombinedSignalIconId=0x7f020352/com.android.systemui:drawable/stat_sys_wifi_signal_4_fully mMSimcombinedActivityIconId=0x7f020347 mAirplaneMode=false mMSimDataActivity=0 mMSimPhoneSignalIconId=0x7f020339/com.android.systemui:drawable/stat_sys_signal_null mMSimDataDirectionIconId=0x0 mMSimDataSignalIconId=0x7f020339 mMSimDataTypeIconId=0x0/(null) mNoMSimIconId=0x7f02009a/com.android.systemui:drawable/ic_qs_no_sim mMSimMobileActivityIconId=0x0/(null) mWifiIconId=0x7f020352 mBluetoothTetherIconId=0x10806a2
D/MSimSignalClusterView( 2940): wifi: VISIBLE sig=2130838354 act=2130838343
D/MSimSignalClusterView( 2940): mobile[0]: VISIBLE sig=2130838329 type=0
D/MSimSignalClusterView( 2940): wifi: VISIBLE sig=2130838354 act=2130838343
D/MSimSignalClusterView( 2940): mobile[1]: VISIBLE sig=2130838329 type=0
D/MSimSignalClusterView( 2940): wifi: VISIBLE sig=2130838354 act=2130838343
D/MSimSignalClusterView( 2940): mobile[0]: VISIBLE sig=2130838329 type=0
D/MSimSignalClusterView( 2940): wifi: VISIBLE sig=2130838354 act=2130838343
D/MSimSignalClusterView( 2940): mobile[0]: VISIBLE sig=2130838329 type=0
D/MSimSignalClusterView( 2940): wifi: VISIBLE sig=2130838354 act=2130838343
D/MSimSignalClusterView( 2940): mobile[0]: VISIBLE sig=2130838329 type=0
D/MSimSignalClusterView( 2940): wifi: VISIBLE sig=2130838354 act=2130838343
D/MSimSignalClusterView( 2940): mobile[1]: VISIBLE sig=2130838329 type=0
D/StatusBar.MSimNetworkController( 2940): refreshSignalCluster, mMSimPhoneSignalIconId[0]=com.android.systemui:drawable/stat_sys_signal_null mMSimDataSignalIconId[0]=com.android.systemui:drawable/stat_sys_signal_null mMSimDataTypeIconId[0]=(null) mMSimMobileActivityIconId[0]=(null) mNoMSimIconId[0]=com.android.systemui:drawable/ic_qs_no_sim
D/MSimSignalClusterView( 2940): wifi: VISIBLE sig=2130838354 act=2130838343
D/MSimSignalClusterView( 2940): mobile[0]: VISIBLE sig=2130838329 type=0
D/MSimSignalClusterView( 2940): wifi: VISIBLE sig=2130838354 act=2130838343
D/MSimSignalClusterView( 2940): mobile[1]: VISIBLE sig=2130838329 type=0
D/MSimSignalClusterView( 2940): wifi: VISIBLE sig=2130838354 act=2130838343
D/MSimSignalClusterView( 2940): mobile[0]: VISIBLE sig=2130838329 type=0
D/MSimSignalClusterView( 2940): wifi: VISIBLE sig=2130838354 act=2130838343
D/MSimSignalClusterView( 2940): mobile[0]: VISIBLE sig=2130838329 type=0
D/MSimSignalClusterView( 2940): wifi: VISIBLE sig=2130838354 act=2130838343
D/MSimSignalClusterView( 2940): mobile[0]: VISIBLE sig=2130838329 type=0
D/MSimSignalClusterView( 2940): wifi: VISIBLE sig=2130838354 act=2130838343
D/MSimSignalClusterView( 2940): mobile[1]: VISIBLE sig=2130838329 type=0
D/StatusBar.MSimNetworkController( 2940): refreshSignalCluster, mMSimPhoneSignalIconId[0]=com.android.systemui:drawable/stat_sys_signal_null mMSimDataSignalIconId[0]=com.android.systemui:drawable/stat_sys_signal_null mMSimDataTypeIconId[0]=(null) mMSimMobileActivityIconId[0]=(null) mNoMSimIconId[0]=com.android.systemui:drawable/ic_qs_no_sim
D/MSimSignalClusterView( 2940): wifi: VISIBLE sig=2130838354 act=2130838343
D/MSimSignalClusterView( 2940): mobile[0]: VISIBLE sig=2130838329 type=0
D/MSimSignalClusterView( 2940): wifi: VISIBLE sig=2130838354 act=2130838343
D/MSimSignalClusterView( 2940): mobile[1]: VISIBLE sig=2130838329 type=0
D/MSimSignalClusterView( 2940): wifi: VISIBLE sig=2130838354 act=2130838343
D/MSimSignalClusterView( 2940): mobile[0]: VISIBLE sig=2130838329 type=0
D/MSimSignalClusterView( 2940): wifi: VISIBLE sig=2130838354 act=2130838343
D/MSimSignalClusterView( 2940): mobile[0]: VISIBLE sig=2130838329 type=0
D/MSimSignalClusterView( 2940): wifi: VISIBLE sig=2130838354 act=2130838343
D/MSimSignalClusterView( 2940): mobile[0]: VISIBLE sig=2130838329 type=0
D/MSimSignalClusterView( 2940): wifi: VISIBLE sig=2130838354 act=2130838343
D/MSimSignalClusterView( 2940): mobile[1]: VISIBLE sig=2130838329 type=0
D/StatusBar.MSimNetworkController( 2940): refreshSignalCluster, mMSimPhoneSignalIconId[0]=com.android.systemui:drawable/stat_sys_signal_null mMSimDataSignalIconId[0]=com.android.systemui:drawable/stat_sys_signal_null mMSimDataTypeIconId[0]=(null) mMSimMobileActivityIconId[0]=(null) mNoMSimIconId[0]=com.android.systemui:drawable/ic_qs_no_sim
D/MSimSignalClusterView( 2940): wifi: VISIBLE sig=2130838354 act=2130838343
D/MSimSignalClusterView( 2940): mobile[0]: VISIBLE sig=2130838329 type=0
D/MSimSignalClusterView( 2940): wifi: VISIBLE sig=2130838354 act=2130838343
D/MSimSignalClusterView( 2940): mobile[1]: VISIBLE sig=2130838329 type=0
D/MSimSignalClusterView( 2940): wifi: VISIBLE sig=2130838354 act=2130838343
D/MSimSignalClusterView( 2940): mobile[0]: VISIBLE sig=2130838329 type=0
D/MSimSignalClusterView( 2940): wifi: VISIBLE sig=2130838354 act=2130838343
D/MSimSignalClusterView( 2940): mobile[0]: VISIBLE sig=2130838329 type=0
D/MSimSignalClusterView( 2940): wifi: VISIBLE sig=2130838354 act=2130838343
D/MSimSignalClusterView( 2940): mobile[0]: VISIBLE sig=2130838329 type=0
D/MSimSignalClusterView( 2940): wifi: VISIBLE sig=2130838354 act=2130838343
D/MSimSignalClusterView( 2940): mobile[1]: VISIBLE sig=2130838329 type=0
D/StatusBar.MSimNetworkController( 2940): refreshSignalCluster, mMSimPhoneSignalIconId[0]=com.android.systemui:drawable/stat_sys_signal_null mMSimDataSignalIconId[0]=com.android.systemui:drawable/stat_sys_signal_null mMSimDataTypeIconId[0]=(null) mMSimMobileActivityIconId[0]=(null) mNoMSimIconId[0]=com.android.systemui:drawable/ic_qs_no_sim
D/BatteryMeterView( 2940): onDraw level = 100
I/SurfaceFlinger(  262): FPS: 7
D/BatteryMeterView( 2940): onDraw level = 56
D/BatteryMeterView( 2940): onDraw level = 66
I/SurfaceFlinger(  262): FPS: 6
D/BatteryMeterView( 2940): onDraw level = 76
D/BatteryMeterView( 2940): onDraw level = 86
I/SurfaceFlinger(  262): FPS: 5
D/wpa_supplicant( 5246): wlan0: Control interface command 'SIGNAL_POLL'
D/BatteryMeterView( 2940): onDraw level = 100
D/BatteryMeterView( 2940): onDraw level = 56
I/SurfaceFlinger(  262): FPS: 6
D/BatteryMeterView( 2940): onDraw level = 66
D/BatteryMeterView( 2940): onDraw level = 76
I/SurfaceFlinger(  262): FPS: 5
D/BatteryMeterView( 2940): onDraw level = 86
V/WLAN_PSA(  314): NL MSG, len[4012], NL type[0x1C] WNI type[0x5900] len[37903]
V/WLAN_PSA(  314): NL MSG, PID: 314
D/BatteryMeterView( 2940): onDraw level = 100
I/SurfaceFlinger(  262): FPS: 5
D/wpa_supplicant( 5246): wlan0: Control interface command 'SIGNAL_POLL'
D/BatteryMeterView( 2940): onDraw level = 56
D/BatteryMeterView( 2940): onDraw level = 66
I/SurfaceFlinger(  262): FPS: 6
D/BatteryMeterView( 2940): onDraw level = 76
D/BatteryMeterView( 2940): onDraw level = 86
I/SurfaceFlinger(  262): FPS: 4
D/StatusBar.MSimNetworkController( 2940): refreshViews phoneId =0mMSimDataConnected =false
D/StatusBar.MSimNetworkController( 2940): refreshViews mMSimDataActivity =0
D/StatusBar.MSimNetworkController( 2940): refreshViews: Data not connected!! Set no data type icon / Roaming for phoneId: 0
D/StatusBar.MSimNetworkController( 2940): refreshViews connected={ wifi } level=0 mMSimcombinedSignalIconId=0x7f020352/com.android.systemui:drawable/stat_sys_wifi_signal_4_fully mMSimcombinedActivityIconId=0x0 mAirplaneMode=false mMSimDataActivity=0 mMSimPhoneSignalIconId=0x7f020339/com.android.systemui:drawable/stat_sys_signal_null mMSimDataDirectionIconId=0x0 mMSimDataSignalIconId=0x7f020339 mMSimDataTypeIconId=0x0/(null) mNoMSimIconId=0x7f02009a/com.android.systemui:drawable/ic_qs_no_sim mMSimMobileActivityIconId=0x0/(null) mWifiIconId=0x7f020352 mBluetoothTetherIconId=0x10806a2
D/MSimSignalClusterView( 2940): wifi: VISIBLE sig=2130838354 act=0
D/MSimSignalClusterView( 2940): mobile[0]: VISIBLE sig=2130838329 type=0
D/MSimSignalClusterView( 2940): wifi: VISIBLE sig=2130838354 act=0
D/MSimSignalClusterView( 2940): mobile[1]: VISIBLE sig=2130838329 type=0
D/MSimSignalClusterView( 2940): wifi: VISIBLE sig=2130838354 act=0
D/MSimSignalClusterView( 2940): mobile[0]: VISIBLE sig=2130838329 type=0
D/MSimSignalClusterView( 2940): wifi: VISIBLE sig=2130838354 act=0
D/MSimSignalClusterView( 2940): mobile[0]: VISIBLE sig=2130838329 type=0
D/MSimSignalClusterView( 2940): wifi: VISIBLE sig=2130838354 act=0
D/MSimSignalClusterView( 2940): mobile[0]: VISIBLE sig=2130838329 type=0
D/MSimSignalClusterView( 2940): wifi: VISIBLE sig=2130838354 act=0
D/MSimSignalClusterView( 2940): mobile[1]: VISIBLE sig=2130838329 type=0
D/StatusBar.MSimNetworkController( 2940): refreshSignalCluster, mMSimPhoneSignalIconId[0]=com.android.systemui:drawable/stat_sys_signal_null mMSimDataSignalIconId[0]=com.android.systemui:drawable/stat_sys_signal_null mMSimDataTypeIconId[0]=(null) mMSimMobileActivityIconId[0]=(null) mNoMSimIconId[0]=com.android.systemui:drawable/ic_qs_no_sim
D/MSimSignalClusterView( 2940): wifi: VISIBLE sig=2130838354 act=0
D/MSimSignalClusterView( 2940): mobile[0]: VISIBLE sig=2130838329 type=0
D/MSimSignalClusterView( 2940): wifi: VISIBLE sig=2130838354 act=0
D/MSimSignalClusterView( 2940): mobile[1]: VISIBLE sig=2130838329 type=0
D/MSimSignalClusterView( 2940): wifi: VISIBLE sig=2130838354 act=0
D/MSimSignalClusterView( 2940): mobile[0]: VISIBLE sig=2130838329 type=0
D/MSimSignalClusterView( 2940): wifi: VISIBLE sig=2130838354 act=0
D/MSimSignalClusterView( 2940): mobile[0]: VISIBLE sig=2130838329 type=0
D/MSimSignalClusterView( 2940): wifi: VISIBLE sig=2130838354 act=0
D/MSimSignalClusterView( 2940): mobile[0]: VISIBLE sig=2130838329 type=0
D/MSimSignalClusterView( 2940): wifi: VISIBLE sig=2130838354 act=0
D/MSimSignalClusterView( 2940): mobile[1]: VISIBLE sig=2130838329 type=0
D/StatusBar.MSimNetworkController( 2940): refreshSignalCluster, mMSimPhoneSignalIconId[0]=com.android.systemui:drawable/stat_sys_signal_null mMSimDataSignalIconId[0]=com.android.systemui:drawable/stat_sys_signal_null mMSimDataTypeIconId[0]=(null) mMSimMobileActivityIconId[0]=(null) mNoMSimIconId[0]=com.android.systemui:drawable/ic_qs_no_sim
D/MSimSignalClusterView( 2940): wifi: VISIBLE sig=2130838354 act=0
D/MSimSignalClusterView( 2940): mobile[0]: VISIBLE sig=2130838329 type=0
D/MSimSignalClusterView( 2940): wifi: VISIBLE sig=2130838354 act=0
D/MSimSignalClusterView( 2940): mobile[1]: VISIBLE sig=2130838329 type=0
D/MSimSignalClusterView( 2940): wifi: VISIBLE sig=2130838354 act=0
D/MSimSignalClusterView( 2940): mobile[0]: VISIBLE sig=2130838329 type=0
D/MSimSignalClusterView( 2940): wifi: VISIBLE sig=2130838354 act=0
D/MSimSignalClusterView( 2940): mobile[0]: VISIBLE sig=2130838329 type=0
D/MSimSignalClusterView( 2940): wifi: VISIBLE sig=2130838354 act=0
D/MSimSignalClusterView( 2940): mobile[0]: VISIBLE sig=2130838329 type=0
D/MSimSignalClusterView( 2940): wifi: VISIBLE sig=2130838354 act=0
D/MSimSignalClusterView( 2940): mobile[1]: VISIBLE sig=2130838329 type=0
D/StatusBar.MSimNetworkController( 2940): refreshSignalCluster, mMSimPhoneSignalIconId[0]=com.android.systemui:drawable/stat_sys_signal_null mMSimDataSignalIconId[0]=com.android.systemui:drawable/stat_sys_signal_null mMSimDataTypeIconId[0]=(null) mMSimMobileActivityIconId[0]=(null) mNoMSimIconId[0]=com.android.systemui:drawable/ic_qs_no_sim
D/MSimSignalClusterView( 2940): wifi: VISIBLE sig=2130838354 act=0
D/MSimSignalClusterView( 2940): mobile[0]: VISIBLE sig=2130838329 type=0
D/MSimSignalClusterView( 2940): wifi: VISIBLE sig=2130838354 act=0
D/MSimSignalClusterView( 2940): mobile[1]: VISIBLE sig=2130838329 type=0
D/MSimSignalClusterView( 2940): wifi: VISIBLE sig=2130838354 act=0
D/MSimSignalClusterView( 2940): mobile[0]: VISIBLE sig=2130838329 type=0
D/MSimSignalClusterView( 2940): wifi: VISIBLE sig=2130838354 act=0
D/MSimSignalClusterView( 2940): mobile[0]: VISIBLE sig=2130838329 type=0
D/MSimSignalClusterView( 2940): wifi: VISIBLE sig=2130838354 act=0
D/MSimSignalClusterView( 2940): mobile[0]: VISIBLE sig=2130838329 type=0
D/MSimSignalClusterView( 2940): wifi: VISIBLE sig=2130838354 act=0
D/MSimSignalClusterView( 2940): mobile[1]: VISIBLE sig=2130838329 type=0
D/StatusBar.MSimNetworkController( 2940): refreshSignalCluster, mMSimPhoneSignalIconId[0]=com.android.systemui:drawable/stat_sys_signal_null mMSimDataSignalIconId[0]=com.android.systemui:drawable/stat_sys_signal_null mMSimDataTypeIconId[0]=(null) mMSimMobileActivityIconId[0]=(null) mNoMSimIconId[0]=com.android.systemui:drawable/ic_qs_no_sim
D/BatteryMeterView( 2940): onDraw level = 100
D/BatteryMeterView( 2940): onDraw level = 56
I/SurfaceFlinger(  262): FPS: 8
D/wpa_supplicant( 5246): wlan0: Control interface command 'SIGNAL_POLL'
V/WLAN_PSA(  314): NL MSG, len[4018], NL type[0x1C] WNI type[0x5900] len[39439]
V/WLAN_PSA(  314): NL MSG, PID: 314
D/BatteryMeterView( 2940): onDraw level = 66
D/BatteryMeterView( 2940): onDraw level = 76
I/SurfaceFlinger(  262): FPS: 6
D/StatusBar.MSimNetworkController( 2940): refreshViews phoneId =0mMSimDataConnected =false
D/StatusBar.MSimNetworkController( 2940): refreshViews mMSimDataActivity =0
D/StatusBar.MSimNetworkController( 2940): refreshViews: Data not connected!! Set no data type icon / Roaming for phoneId: 0
D/StatusBar.MSimNetworkController( 2940): refreshViews connected={ wifi } level=0 mMSimcombinedSignalIconId=0x7f020352/com.android.systemui:drawable/stat_sys_wifi_signal_4_fully mMSimcombinedActivityIconId=0x7f020347 mAirplaneMode=false mMSimDataActivity=0 mMSimPhoneSignalIconId=0x7f020339/com.android.systemui:drawable/stat_sys_signal_null mMSimDataDirectionIconId=0x0 mMSimDataSignalIconId=0x7f020339 mMSimDataTypeIconId=0x0/(null) mNoMSimIconId=0x7f02009a/com.android.systemui:drawable/ic_qs_no_sim mMSimMobileActivityIconId=0x0/(null) mWifiIconId=0x7f020352 mBluetoothTetherIconId=0x10806a2
D/MSimSignalClusterView( 2940): wifi: VISIBLE sig=2130838354 act=2130838343
D/MSimSignalClusterView( 2940): mobile[0]: VISIBLE sig=2130838329 type=0
D/MSimSignalClusterView( 2940): wifi: VISIBLE sig=2130838354 act=2130838343
D/MSimSignalClusterView( 2940): mobile[1]: VISIBLE sig=2130838329 type=0
D/MSimSignalClusterView( 2940): wifi: VISIBLE sig=2130838354 act=2130838343
D/MSimSignalClusterView( 2940): mobile[0]: VISIBLE sig=2130838329 type=0
D/MSimSignalClusterView( 2940): wifi: VISIBLE sig=2130838354 act=2130838343
D/MSimSignalClusterView( 2940): mobile[0]: VISIBLE sig=2130838329 type=0
D/MSimSignalClusterView( 2940): wifi: VISIBLE sig=2130838354 act=2130838343
D/MSimSignalClusterView( 2940): mobile[0]: VISIBLE sig=2130838329 type=0
D/MSimSignalClusterView( 2940): wifi: VISIBLE sig=2130838354 act=2130838343
D/MSimSignalClusterView( 2940): mobile[1]: VISIBLE sig=2130838329 type=0
D/StatusBar.MSimNetworkController( 2940): refreshSignalCluster, mMSimPhoneSignalIconId[0]=com.android.systemui:drawable/stat_sys_signal_null mMSimDataSignalIconId[0]=com.android.systemui:drawable/stat_sys_signal_null mMSimDataTypeIconId[0]=(null) mMSimMobileActivityIconId[0]=(null) mNoMSimIconId[0]=com.android.systemui:drawable/ic_qs_no_sim
D/MSimSignalClusterView( 2940): wifi: VISIBLE sig=2130838354 act=2130838343
D/MSimSignalClusterView( 2940): mobile[0]: VISIBLE sig=2130838329 type=0
D/MSimSignalClusterView( 2940): wifi: VISIBLE sig=2130838354 act=2130838343
D/MSimSignalClusterView( 2940): mobile[1]: VISIBLE sig=2130838329 type=0
D/MSimSignalClusterView( 2940): wifi: VISIBLE sig=2130838354 act=2130838343
D/MSimSignalClusterView( 2940): mobile[0]: VISIBLE sig=2130838329 type=0
D/MSimSignalClusterView( 2940): wifi: VISIBLE sig=2130838354 act=2130838343
D/MSimSignalClusterView( 2940): mobile[0]: VISIBLE sig=2130838329 type=0
D/MSimSignalClusterView( 2940): wifi: VISIBLE sig=2130838354 act=2130838343
D/MSimSignalClusterView( 2940): mobile[0]: VISIBLE sig=2130838329 type=0
D/MSimSignalClusterView( 2940): wifi: VISIBLE sig=2130838354 act=2130838343
D/MSimSignalClusterView( 2940): mobile[1]: VISIBLE sig=2130838329 type=0
D/StatusBar.MSimNetworkController( 2940): refreshSignalCluster, mMSimPhoneSignalIconId[0]=com.android.systemui:drawable/stat_sys_signal_null mMSimDataSignalIconId[0]=com.android.systemui:drawable/stat_sys_signal_null mMSimDataTypeIconId[0]=(null) mMSimMobileActivityIconId[0]=(null) mNoMSimIconId[0]=com.android.systemui:drawable/ic_qs_no_sim
D/MSimSignalClusterView( 2940): wifi: VISIBLE sig=2130838354 act=2130838343
D/MSimSignalClusterView( 2940): mobile[0]: VISIBLE sig=2130838329 type=0
D/MSimSignalClusterView( 2940): wifi: VISIBLE sig=2130838354 act=2130838343
D/MSimSignalClusterView( 2940): mobile[1]: VISIBLE sig=2130838329 type=0
D/MSimSignalClusterView( 2940): wifi: VISIBLE sig=2130838354 act=2130838343
D/MSimSignalClusterView( 2940): mobile[0]: VISIBLE sig=2130838329 type=0
D/MSimSignalClusterView( 2940): wifi: VISIBLE sig=2130838354 act=2130838343
D/MSimSignalClusterView( 2940): mobile[0]: VISIBLE sig=2130838329 type=0
D/MSimSignalClusterView( 2940): wifi: VISIBLE sig=2130838354 act=2130838343
D/MSimSignalClusterView( 2940): mobile[0]: VISIBLE sig=2130838329 type=0
D/MSimSignalClusterView( 2940): wifi: VISIBLE sig=2130838354 act=2130838343
D/MSimSignalClusterView( 2940): mobile[1]: VISIBLE sig=2130838329 type=0
D/StatusBar.MSimNetworkController( 2940): refreshSignalCluster, mMSimPhoneSignalIconId[0]=com.android.systemui:drawable/stat_sys_signal_null mMSimDataSignalIconId[0]=com.android.systemui:drawable/stat_sys_signal_null mMSimDataTypeIconId[0]=(null) mMSimMobileActivityIconId[0]=(null) mNoMSimIconId[0]=com.android.systemui:drawable/ic_qs_no_sim
D/MSimSignalClusterView( 2940): wifi: VISIBLE sig=2130838354 act=2130838343
D/MSimSignalClusterView( 2940): mobile[0]: VISIBLE sig=2130838329 type=0
D/MSimSignalClusterView( 2940): wifi: VISIBLE sig=2130838354 act=2130838343
D/MSimSignalClusterView( 2940): mobile[1]: VISIBLE sig=2130838329 type=0
D/MSimSignalClusterView( 2940): wifi: VISIBLE sig=2130838354 act=2130838343
D/MSimSignalClusterView( 2940): mobile[0]: VISIBLE sig=2130838329 type=0
D/MSimSignalClusterView( 2940): wifi: VISIBLE sig=2130838354 act=2130838343
D/MSimSignalClusterView( 2940): mobile[0]: VISIBLE sig=2130838329 type=0
D/MSimSignalClusterView( 2940): wifi: VISIBLE sig=2130838354 act=2130838343
D/MSimSignalClusterView( 2940): mobile[0]: VISIBLE sig=2130838329 type=0
D/MSimSignalClusterView( 2940): wifi: VISIBLE sig=2130838354 act=2130838343
D/MSimSignalClusterView( 2940): mobile[1]: VISIBLE sig=2130838329 type=0
D/StatusBar.MSimNetworkController( 2940): refreshSignalCluster, mMSimPhoneSignalIconId[0]=com.android.systemui:drawable/stat_sys_signal_null mMSimDataSignalIconId[0]=com.android.systemui:drawable/stat_sys_signal_null mMSimDataTypeIconId[0]=(null) mMSimMobileActivityIconId[0]=(null) mNoMSimIconId[0]=com.android.systemui:drawable/ic_qs_no_sim
D/BatteryMeterView( 2940): onDraw level = 86
D/BatteryMeterView( 2940): onDraw level = 100
I/SurfaceFlinger(  262): FPS: 7
D/BatteryMeterView( 2940): onDraw level = 56
D/BatteryMeterView( 2940): onDraw level = 66
I/SurfaceFlinger(  262): FPS: 6
D/wpa_supplicant( 5246): wlan0: Control interface command 'SIGNAL_POLL'
D/BatteryMeterView( 2940): onDraw level = 76
D/BatteryMeterView( 2940): onDraw level = 86
I/SurfaceFlinger(  262): FPS: 8
D/BatteryMeterView( 2940): onDraw level = 100
V/WLAN_PSA(  314): NL MSG, len[4075], NL type[0x1C] WNI type[0x5900] len[54031]
V/WLAN_PSA(  314): NL MSG, PID: 314
D/BatteryMeterView( 2940): onDraw level = 56
I/SurfaceFlinger(  262): FPS: 8
D/BatteryMeterView( 2940): onDraw level = 66
D/BatteryMeterView( 2940): onDraw level = 76
I/SurfaceFlinger(  262): FPS: 8
D/wpa_supplicant( 5246): wlan0: Control interface command 'SIGNAL_POLL'
D/StatusBar.MSimNetworkController( 2940): refreshViews phoneId =0mMSimDataConnected =false
D/StatusBar.MSimNetworkController( 2940): refreshViews mMSimDataActivity =0
D/StatusBar.MSimNetworkController( 2940): refreshViews: Data not connected!! Set no data type icon / Roaming for phoneId: 0
D/StatusBar.MSimNetworkController( 2940): refreshViews connected={ wifi } level=0 mMSimcombinedSignalIconId=0x7f020352/com.android.systemui:drawable/stat_sys_wifi_signal_4_fully mMSimcombinedActivityIconId=0x0 mAirplaneMode=false mMSimDataActivity=0 mMSimPhoneSignalIconId=0x7f020339/com.android.systemui:drawable/stat_sys_signal_null mMSimDataDirectionIconId=0x0 mMSimDataSignalIconId=0x7f020339 mMSimDataTypeIconId=0x0/(null) mNoMSimIconId=0x7f02009a/com.android.systemui:drawable/ic_qs_no_sim mMSimMobileActivityIconId=0x0/(null) mWifiIconId=0x7f020352 mBluetoothTetherIconId=0x10806a2
D/MSimSignalClusterView( 2940): wifi: VISIBLE sig=2130838354 act=0
D/MSimSignalClusterView( 2940): mobile[0]: VISIBLE sig=2130838329 type=0
D/MSimSignalClusterView( 2940): wifi: VISIBLE sig=2130838354 act=0
D/MSimSignalClusterView( 2940): mobile[1]: VISIBLE sig=2130838329 type=0
D/MSimSignalClusterView( 2940): wifi: VISIBLE sig=2130838354 act=0
D/MSimSignalClusterView( 2940): mobile[0]: VISIBLE sig=2130838329 type=0
D/MSimSignalClusterView( 2940): wifi: VISIBLE sig=2130838354 act=0
D/MSimSignalClusterView( 2940): mobile[0]: VISIBLE sig=2130838329 type=0
D/MSimSignalClusterView( 2940): wifi: VISIBLE sig=2130838354 act=0
D/MSimSignalClusterView( 2940): mobile[0]: VISIBLE sig=2130838329 type=0
D/MSimSignalClusterView( 2940): wifi: VISIBLE sig=2130838354 act=0
D/MSimSignalClusterView( 2940): mobile[1]: VISIBLE sig=2130838329 type=0
D/StatusBar.MSimNetworkController( 2940): refreshSignalCluster, mMSimPhoneSignalIconId[0]=com.android.systemui:drawable/stat_sys_signal_null mMSimDataSignalIconId[0]=com.android.systemui:drawable/stat_sys_signal_null mMSimDataTypeIconId[0]=(null) mMSimMobileActivityIconId[0]=(null) mNoMSimIconId[0]=com.android.systemui:drawable/ic_qs_no_sim
D/MSimSignalClusterView( 2940): wifi: VISIBLE sig=2130838354 act=0
D/MSimSignalClusterView( 2940): mobile[0]: VISIBLE sig=2130838329 type=0
D/MSimSignalClusterView( 2940): wifi: VISIBLE sig=2130838354 act=0
D/MSimSignalClusterView( 2940): mobile[1]: VISIBLE sig=2130838329 type=0
D/MSimSignalClusterView( 2940): wifi: VISIBLE sig=2130838354 act=0
D/MSimSignalClusterView( 2940): mobile[0]: VISIBLE sig=2130838329 type=0
D/MSimSignalClusterView( 2940): wifi: VISIBLE sig=2130838354 act=0
D/MSimSignalClusterView( 2940): mobile[0]: VISIBLE sig=2130838329 type=0
D/MSimSignalClusterView( 2940): wifi: VISIBLE sig=2130838354 act=0
D/MSimSignalClusterView( 2940): mobile[0]: VISIBLE sig=2130838329 type=0
D/MSimSignalClusterView( 2940): wifi: VISIBLE sig=2130838354 act=0
D/MSimSignalClusterView( 2940): mobile[1]: VISIBLE sig=2130838329 type=0
D/StatusBar.MSimNetworkController( 2940): refreshSignalCluster, mMSimPhoneSignalIconId[0]=com.android.systemui:drawable/stat_sys_signal_null mMSimDataSignalIconId[0]=com.android.systemui:drawable/stat_sys_signal_null mMSimDataTypeIconId[0]=(null) mMSimMobileActivityIconId[0]=(null) mNoMSimIconId[0]=com.android.systemui:drawable/ic_qs_no_sim
D/MSimSignalClusterView( 2940): wifi: VISIBLE sig=2130838354 act=0
D/MSimSignalClusterView( 2940): mobile[0]: VISIBLE sig=2130838329 type=0
D/MSimSignalClusterView( 2940): wifi: VISIBLE sig=2130838354 act=0
D/MSimSignalClusterView( 2940): mobile[1]: VISIBLE sig=2130838329 type=0
D/MSimSignalClusterView( 2940): wifi: VISIBLE sig=2130838354 act=0
D/MSimSignalClusterView( 2940): mobile[0]: VISIBLE sig=2130838329 type=0
D/MSimSignalClusterView( 2940): wifi: VISIBLE sig=2130838354 act=0
D/MSimSignalClusterView( 2940): mobile[0]: VISIBLE sig=2130838329 type=0
D/MSimSignalClusterView( 2940): wifi: VISIBLE sig=2130838354 act=0
D/MSimSignalClusterView( 2940): mobile[0]: VISIBLE sig=2130838329 type=0
D/MSimSignalClusterView( 2940): wifi: VISIBLE sig=2130838354 act=0
D/MSimSignalClusterView( 2940): mobile[1]: VISIBLE sig=2130838329 type=0
D/StatusBar.MSimNetworkController( 2940): refreshSignalCluster, mMSimPhoneSignalIconId[0]=com.android.systemui:drawable/stat_sys_signal_null mMSimDataSignalIconId[0]=com.android.systemui:drawable/stat_sys_signal_null mMSimDataTypeIconId[0]=(null) mMSimMobileActivityIconId[0]=(null) mNoMSimIconId[0]=com.android.systemui:drawable/ic_qs_no_sim
D/MSimSignalClusterView( 2940): wifi: VISIBLE sig=2130838354 act=0
D/MSimSignalClusterView( 2940): mobile[0]: VISIBLE sig=2130838329 type=0
D/MSimSignalClusterView( 2940): wifi: VISIBLE sig=2130838354 act=0
D/MSimSignalClusterView( 2940): mobile[1]: VISIBLE sig=2130838329 type=0
D/MSimSignalClusterView( 2940): wifi: VISIBLE sig=2130838354 act=0
D/MSimSignalClusterView( 2940): mobile[0]: VISIBLE sig=2130838329 type=0
D/MSimSignalClusterView( 2940): wifi: VISIBLE sig=2130838354 act=0
D/MSimSignalClusterView( 2940): mobile[0]: VISIBLE sig=2130838329 type=0
D/MSimSignalClusterView( 2940): wifi: VISIBLE sig=2130838354 act=0
D/MSimSignalClusterView( 2940): mobile[0]: VISIBLE sig=2130838329 type=0
D/MSimSignalClusterView( 2940): wifi: VISIBLE sig=2130838354 act=0
D/MSimSignalClusterView( 2940): mobile[1]: VISIBLE sig=2130838329 type=0
D/StatusBar.MSimNetworkController( 2940): refreshSignalCluster, mMSimPhoneSignalIconId[0]=com.android.systemui:drawable/stat_sys_signal_null mMSimDataSignalIconId[0]=com.android.systemui:drawable/stat_sys_signal_null mMSimDataTypeIconId[0]=(null) mMSimMobileActivityIconId[0]=(null) mNoMSimIconId[0]=com.android.systemui:drawable/ic_qs_no_sim
D/BatteryMeterView( 2940): onDraw level = 86
D/BatteryMeterView( 2940): onDraw level = 100
I/SurfaceFlinger(  262): FPS: 7
D/StatusBar.MSimNetworkController( 2940): refreshViews phoneId =0mMSimDataConnected =false
D/StatusBar.MSimNetworkController( 2940): refreshViews mMSimDataActivity =0
D/StatusBar.MSimNetworkController( 2940): refreshViews: Data not connected!! Set no data type icon / Roaming for phoneId: 0
D/StatusBar.MSimNetworkController( 2940): refreshViews connected={ wifi } level=0 mMSimcombinedSignalIconId=0x7f020352/com.android.systemui:drawable/stat_sys_wifi_signal_4_fully mMSimcombinedActivityIconId=0x7f020347 mAirplaneMode=false mMSimDataActivity=0 mMSimPhoneSignalIconId=0x7f020339/com.android.systemui:drawable/stat_sys_signal_null mMSimDataDirectionIconId=0x0 mMSimDataSignalIconId=0x7f020339 mMSimDataTypeIconId=0x0/(null) mNoMSimIconId=0x7f02009a/com.android.systemui:drawable/ic_qs_no_sim mMSimMobileActivityIconId=0x0/(null) mWifiIconId=0x7f020352 mBluetoothTetherIconId=0x10806a2
D/MSimSignalClusterView( 2940): wifi: VISIBLE sig=2130838354 act=2130838343
D/MSimSignalClusterView( 2940): mobile[0]: VISIBLE sig=2130838329 type=0
D/MSimSignalClusterView( 2940): wifi: VISIBLE sig=2130838354 act=2130838343
D/MSimSignalClusterView( 2940): mobile[1]: VISIBLE sig=2130838329 type=0
D/MSimSignalClusterView( 2940): wifi: VISIBLE sig=2130838354 act=2130838343
D/MSimSignalClusterView( 2940): mobile[0]: VISIBLE sig=2130838329 type=0
D/MSimSignalClusterView( 2940): wifi: VISIBLE sig=2130838354 act=2130838343
D/MSimSignalClusterView( 2940): mobile[0]: VISIBLE sig=2130838329 type=0
D/MSimSignalClusterView( 2940): wifi: VISIBLE sig=2130838354 act=2130838343
D/MSimSignalClusterView( 2940): mobile[0]: VISIBLE sig=2130838329 type=0
D/MSimSignalClusterView( 2940): wifi: VISIBLE sig=2130838354 act=2130838343
D/MSimSignalClusterView( 2940): mobile[1]: VISIBLE sig=2130838329 type=0
D/StatusBar.MSimNetworkController( 2940): refreshSignalCluster, mMSimPhoneSignalIconId[0]=com.android.systemui:drawable/stat_sys_signal_null mMSimDataSignalIconId[0]=com.android.systemui:drawable/stat_sys_signal_null mMSimDataTypeIconId[0]=(null) mMSimMobileActivityIconId[0]=(null) mNoMSimIconId[0]=com.android.systemui:drawable/ic_qs_no_sim
D/MSimSignalClusterView( 2940): wifi: VISIBLE sig=2130838354 act=2130838343
D/MSimSignalClusterView( 2940): mobile[0]: VISIBLE sig=2130838329 type=0
D/MSimSignalClusterView( 2940): wifi: VISIBLE sig=2130838354 act=2130838343
D/MSimSignalClusterView( 2940): mobile[1]: VISIBLE sig=2130838329 type=0
D/MSimSignalClusterView( 2940): wifi: VISIBLE sig=2130838354 act=2130838343
D/MSimSignalClusterView( 2940): mobile[0]: VISIBLE sig=2130838329 type=0
D/MSimSignalClusterView( 2940): wifi: VISIBLE sig=2130838354 act=2130838343
D/MSimSignalClusterView( 2940): mobile[0]: VISIBLE sig=2130838329 type=0
D/MSimSignalClusterView( 2940): wifi: VISIBLE sig=2130838354 act=2130838343
D/MSimSignalClusterView( 2940): mobile[0]: VISIBLE sig=2130838329 type=0
D/MSimSignalClusterView( 2940): wifi: VISIBLE sig=2130838354 act=2130838343
D/MSimSignalClusterView( 2940): mobile[1]: VISIBLE sig=2130838329 type=0
D/StatusBar.MSimNetworkController( 2940): refreshSignalCluster, mMSimPhoneSignalIconId[0]=com.android.systemui:drawable/stat_sys_signal_null mMSimDataSignalIconId[0]=com.android.systemui:drawable/stat_sys_signal_null mMSimDataTypeIconId[0]=(null) mMSimMobileActivityIconId[0]=(null) mNoMSimIconId[0]=com.android.systemui:drawable/ic_qs_no_sim
D/MSimSignalClusterView( 2940): wifi: VISIBLE sig=2130838354 act=2130838343
D/MSimSignalClusterView( 2940): mobile[0]: VISIBLE sig=2130838329 type=0
D/MSimSignalClusterView( 2940): wifi: VISIBLE sig=2130838354 act=2130838343
D/MSimSignalClusterView( 2940): mobile[1]: VISIBLE sig=2130838329 type=0
D/MSimSignalClusterView( 2940): wifi: VISIBLE sig=2130838354 act=2130838343
D/MSimSignalClusterView( 2940): mobile[0]: VISIBLE sig=2130838329 type=0
D/MSimSignalClusterView( 2940): wifi: VISIBLE sig=2130838354 act=2130838343
D/MSimSignalClusterView( 2940): mobile[0]: VISIBLE sig=2130838329 type=0
D/MSimSignalClusterView( 2940): wifi: VISIBLE sig=2130838354 act=2130838343
D/MSimSignalClusterView( 2940): mobile[0]: VISIBLE sig=2130838329 type=0
D/MSimSignalClusterView( 2940): wifi: VISIBLE sig=2130838354 act=2130838343
D/MSimSignalClusterView( 2940): mobile[1]: VISIBLE sig=2130838329 type=0
D/StatusBar.MSimNetworkController( 2940): refreshSignalCluster, mMSimPhoneSignalIconId[0]=com.android.systemui:drawable/stat_sys_signal_null mMSimDataSignalIconId[0]=com.android.systemui:drawable/stat_sys_signal_null mMSimDataTypeIconId[0]=(null) mMSimMobileActivityIconId[0]=(null) mNoMSimIconId[0]=com.android.systemui:drawable/ic_qs_no_sim
D/MSimSignalClusterView( 2940): wifi: VISIBLE sig=2130838354 act=2130838343
D/MSimSignalClusterView( 2940): mobile[0]: VISIBLE sig=2130838329 type=0
D/MSimSignalClusterView( 2940): wifi: VISIBLE sig=2130838354 act=2130838343
D/MSimSignalClusterView( 2940): mobile[1]: VISIBLE sig=2130838329 type=0
D/MSimSignalClusterView( 2940): wifi: VISIBLE sig=2130838354 act=2130838343
D/MSimSignalClusterView( 2940): mobile[0]: VISIBLE sig=2130838329 type=0
D/MSimSignalClusterView( 2940): wifi: VISIBLE sig=2130838354 act=2130838343
D/MSimSignalClusterView( 2940): mobile[0]: VISIBLE sig=2130838329 type=0
D/MSimSignalClusterView( 2940): wifi: VISIBLE sig=2130838354 act=2130838343
D/MSimSignalClusterView( 2940): mobile[0]: VISIBLE sig=2130838329 type=0
D/MSimSignalClusterView( 2940): wifi: VISIBLE sig=2130838354 act=2130838343
D/MSimSignalClusterView( 2940): mobile[1]: VISIBLE sig=2130838329 type=0
D/StatusBar.MSimNetworkController( 2940): refreshSignalCluster, mMSimPhoneSignalIconId[0]=com.android.systemui:drawable/stat_sys_signal_null mMSimDataSignalIconId[0]=com.android.systemui:drawable/stat_sys_signal_null mMSimDataTypeIconId[0]=(null) mMSimMobileActivityIconId[0]=(null) mNoMSimIconId[0]=com.android.systemui:drawable/ic_qs_no_sim
E/WifiStateMachine(  775): WifiStateMachine CMD_START_SCAN source -2 txSuccessRate=2.45 rxSuccessRate=2.46 targetRoamBSSID=any RSSI=-18
D/wpa_supplicant( 5246): wlan0: Control interface command 'SCAN TYPE=ONLY'
D/wpa_supplicant( 5246): wlan0: Setting scan request: 0.000000 sec
D/wpa_supplicant( 5246): wlan0: Starting AP scan for wildcard SSID
D/wpa_supplicant( 5246): wlan0: Add radio work 'scan'@0xb7fb3b60
D/wpa_supplicant( 5246): wlan0: First radio work item in the queue - schedule start immediately
D/wpa_supplicant( 5246): wlan0: Starting radio work 'scan'@0xb7fb3b60 after 0.000069 second wait
D/wpa_supplicant( 5246): wlan0: nl80211: scan request
D/wpa_supplicant( 5246): nl80211: Scan SSID - hexdump(len=0): [NULL]
V/WLAN_PSA(  314): NL MSG, len[4070], NL type[0x1C] WNI type[0x5900] len[52751]
V/WLAN_PSA(  314): NL MSG, PID: 314
V/WLAN_PSA(  314): NL MSG, len[914], NL type[0x11] WNI type[0x5050] len[894]
V/WLAN_PSA(  314): NL MSG, PID: 314
V/WLAN_PSA(  314): NL MSG, len[048], NL type[0x11] WNI type[0x5050] len[028]
V/WLAN_PSA(  314): NL MSG, PID: 314
I/WifiHAL (  775): Poll result = 1
D/wpa_supplicant( 5246): Scan requested (ret=0) - scan timeout 30 seconds
I/WifiHAL (  775): Found some events!!!
D/WifiHAL (  775): no_seq_check received
D/wpa_supplicant( 5246): nl80211: Event message available
I/WifiHAL (  775): event received NL80211_CMD_TRIGGER_SCAN
I/WifiHAL (  775): event received NL80211_CMD_TRIGGER_SCAN, vendor_id = 0x0
D/wpa_supplicant( 5246): nl80211: Drv Event 33 (NL80211_CMD_TRIGGER_SCAN) received for wlan0
I/WifiHAL (  775): event ignored!!
D/wpa_supplicant( 5246): wlan0: nl80211: Scan trigger
D/wpa_supplicant( 5246): wlan0: Event SCAN_STARTED (49) received
D/wpa_supplicant( 5246): wlan0: Own scan request started a scan in 0.000215 seconds
D/wpa_supplicant( 5246): CTRL_IFACE monitor sent successfully to /data/misc/wifi/sockets/wpa_ctrl_329-1\x00
D/wpa_supplicant( 5246): CTRL_IFACE monitor sent successfully to /data/misc/wifi/sockets/wpa_ctrl_775-3\x00
V/WLAN_PSA(  314): NL MSG, len[4047], NL type[0x1C] WNI type[0x5900] len[46863]
V/WLAN_PSA(  314): NL MSG, PID: 314
V/WLAN_PSA(  314): NL MSG, len[4065], NL type[0x1C] WNI type[0x5900] len[51471]
V/WLAN_PSA(  314): NL MSG, PID: 314
V/WLAN_PSA(  314): NL MSG, len[4070], NL type[0x1C] WNI type[0x5900] len[52751]
V/WLAN_PSA(  314): NL MSG, PID: 314
V/WLAN_PSA(  314): NL MSG, len[4085], NL type[0x1C] WNI type[0x5900] len[56591]
V/WLAN_PSA(  314): NL MSG, PID: 314
V/WLAN_PSA(  314): NL MSG, len[4032], NL type[0x1C] WNI type[0x5900] len[43023]
V/WLAN_PSA(  314): NL MSG, PID: 314
D/BatteryMeterView( 2940): onDraw level = 56
V/WLAN_PSA(  314): NL MSG, len[4027], NL type[0x1C] WNI type[0x5900] len[41743]
V/WLAN_PSA(  314): NL MSG, PID: 314
V/WLAN_PSA(  314): NL MSG, len[4095], NL type[0x1C] WNI type[0x5900] len[59151]
V/WLAN_PSA(  314): NL MSG, PID: 314
V/WLAN_PSA(  314): NL MSG, len[4047], NL type[0x1C] WNI type[0x5900] len[46863]
V/WLAN_PSA(  314): NL MSG, PID: 314
V/WLAN_PSA(  314): NL MSG, len[4054], NL type[0x1C] WNI type[0x5900] len[48655]
V/WLAN_PSA(  314): NL MSG, PID: 314
V/WLAN_PSA(  314): NL MSG, len[3997], NL type[0x1C] WNI type[0x5900] len[34063]
V/WLAN_PSA(  314): NL MSG, PID: 314
V/WLAN_PSA(  314): NL MSG, len[4037], NL type[0x1C] WNI type[0x5900] len[44303]
V/WLAN_PSA(  314): NL MSG, PID: 314
V/WLAN_PSA(  314): NL MSG, len[4052], NL type[0x1C] WNI type[0x5900] len[48143]
V/WLAN_PSA(  314): NL MSG, PID: 314
D/BatteryMeterView( 2940): onDraw level = 66
I/SurfaceFlinger(  262): FPS: 7
V/WLAN_PSA(  314): NL MSG, len[4065], NL type[0x1C] WNI type[0x5900] len[51471]
V/WLAN_PSA(  314): NL MSG, PID: 314
D/BatteryMeterView( 2940): onDraw level = 76
V/WLAN_PSA(  314): NL MSG, len[4050], NL type[0x1C] WNI type[0x5900] len[47631]
V/WLAN_PSA(  314): NL MSG, PID: 314
D/BatteryMeterView( 2940): onDraw level = 86
I/SurfaceFlinger(  262): FPS: 7
V/WLAN_PSA(  314): NL MSG, len[4081], NL type[0x1C] WNI type[0x5900] len[55567]
V/WLAN_PSA(  314): NL MSG, PID: 314
D/wpa_supplicant( 5246): wlan0: Control interface command 'SIGNAL_POLL'
D/StatusBar.MSimNetworkController( 2940): refreshViews phoneId =0mMSimDataConnected =false
D/StatusBar.MSimNetworkController( 2940): refreshViews mMSimDataActivity =0
D/StatusBar.MSimNetworkController( 2940): refreshViews: Data not connected!! Set no data type icon / Roaming for phoneId: 0
D/StatusBar.MSimNetworkController( 2940): refreshViews connected={ wifi } level=0 mMSimcombinedSignalIconId=0x7f020352/com.android.systemui:drawable/stat_sys_wifi_signal_4_fully mMSimcombinedActivityIconId=0x0 mAirplaneMode=false mMSimDataActivity=0 mMSimPhoneSignalIconId=0x7f020339/com.android.systemui:drawable/stat_sys_signal_null mMSimDataDirectionIconId=0x0 mMSimDataSignalIconId=0x7f020339 mMSimDataTypeIconId=0x0/(null) mNoMSimIconId=0x7f02009a/com.android.systemui:drawable/ic_qs_no_sim mMSimMobileActivityIconId=0x0/(null) mWifiIconId=0x7f020352 mBluetoothTetherIconId=0x10806a2
D/MSimSignalClusterView( 2940): wifi: VISIBLE sig=2130838354 act=0
D/MSimSignalClusterView( 2940): mobile[0]: VISIBLE sig=2130838329 type=0
D/MSimSignalClusterView( 2940): wifi: VISIBLE sig=2130838354 act=0
D/MSimSignalClusterView( 2940): mobile[1]: VISIBLE sig=2130838329 type=0
D/MSimSignalClusterView( 2940): wifi: VISIBLE sig=2130838354 act=0
D/MSimSignalClusterView( 2940): mobile[0]: VISIBLE sig=2130838329 type=0
D/MSimSignalClusterView( 2940): wifi: VISIBLE sig=2130838354 act=0
D/MSimSignalClusterView( 2940): mobile[0]: VISIBLE sig=2130838329 type=0
D/MSimSignalClusterView( 2940): wifi: VISIBLE sig=2130838354 act=0
D/MSimSignalClusterView( 2940): mobile[0]: VISIBLE sig=2130838329 type=0
D/MSimSignalClusterView( 2940): wifi: VISIBLE sig=2130838354 act=0
D/MSimSignalClusterView( 2940): mobile[1]: VISIBLE sig=2130838329 type=0
D/StatusBar.MSimNetworkController( 2940): refreshSignalCluster, mMSimPhoneSignalIconId[0]=com.android.systemui:drawable/stat_sys_signal_null mMSimDataSignalIconId[0]=com.android.systemui:drawable/stat_sys_signal_null mMSimDataTypeIconId[0]=(null) mMSimMobileActivityIconId[0]=(null) mNoMSimIconId[0]=com.android.systemui:drawable/ic_qs_no_sim
D/MSimSignalClusterView( 2940): wifi: VISIBLE sig=2130838354 act=0
D/MSimSignalClusterView( 2940): mobile[0]: VISIBLE sig=2130838329 type=0
D/MSimSignalClusterView( 2940): wifi: VISIBLE sig=2130838354 act=0
D/MSimSignalClusterView( 2940): mobile[1]: VISIBLE sig=2130838329 type=0
D/MSimSignalClusterView( 2940): wifi: VISIBLE sig=2130838354 act=0
D/MSimSignalClusterView( 2940): mobile[0]: VISIBLE sig=2130838329 type=0
D/MSimSignalClusterView( 2940): wifi: VISIBLE sig=2130838354 act=0
D/MSimSignalClusterView( 2940): mobile[0]: VISIBLE sig=2130838329 type=0
D/MSimSignalClusterView( 2940): wifi: VISIBLE sig=2130838354 act=0
D/MSimSignalClusterView( 2940): mobile[0]: VISIBLE sig=2130838329 type=0
D/MSimSignalClusterView( 2940): wifi: VISIBLE sig=2130838354 act=0
D/MSimSignalClusterView( 2940): mobile[1]: VISIBLE sig=2130838329 type=0
D/StatusBar.MSimNetworkController( 2940): refreshSignalCluster, mMSimPhoneSignalIconId[0]=com.android.systemui:drawable/stat_sys_signal_null mMSimDataSignalIconId[0]=com.android.systemui:drawable/stat_sys_signal_null mMSimDataTypeIconId[0]=(null) mMSimMobileActivityIconId[0]=(null) mNoMSimIconId[0]=com.android.systemui:drawable/ic_qs_no_sim
D/MSimSignalClusterView( 2940): wifi: VISIBLE sig=2130838354 act=0
D/MSimSignalClusterView( 2940): mobile[0]: VISIBLE sig=2130838329 type=0
D/MSimSignalClusterView( 2940): wifi: VISIBLE sig=2130838354 act=0
D/MSimSignalClusterView( 2940): mobile[1]: VISIBLE sig=2130838329 type=0
D/MSimSignalClusterView( 2940): wifi: VISIBLE sig=2130838354 act=0
D/MSimSignalClusterView( 2940): mobile[0]: VISIBLE sig=2130838329 type=0
D/MSimSignalClusterView( 2940): wifi: VISIBLE sig=2130838354 act=0
D/MSimSignalClusterView( 2940): mobile[0]: VISIBLE sig=2130838329 type=0
D/MSimSignalClusterView( 2940): wifi: VISIBLE sig=2130838354 act=0
D/MSimSignalClusterView( 2940): mobile[0]: VISIBLE sig=2130838329 type=0
D/MSimSignalClusterView( 2940): wifi: VISIBLE sig=2130838354 act=0
D/MSimSignalClusterView( 2940): mobile[1]: VISIBLE sig=2130838329 type=0
D/StatusBar.MSimNetworkController( 2940): refreshSignalCluster, mMSimPhoneSignalIconId[0]=com.android.systemui:drawable/stat_sys_signal_null mMSimDataSignalIconId[0]=com.android.systemui:drawable/stat_sys_signal_null mMSimDataTypeIconId[0]=(null) mMSimMobileActivityIconId[0]=(null) mNoMSimIconId[0]=com.android.systemui:drawable/ic_qs_no_sim
D/MSimSignalClusterView( 2940): wifi: VISIBLE sig=2130838354 act=0
D/MSimSignalClusterView( 2940): mobile[0]: VISIBLE sig=2130838329 type=0
D/MSimSignalClusterView( 2940): wifi: VISIBLE sig=2130838354 act=0
D/MSimSignalClusterView( 2940): mobile[1]: VISIBLE sig=2130838329 type=0
D/MSimSignalClusterView( 2940): wifi: VISIBLE sig=2130838354 act=0
D/MSimSignalClusterView( 2940): mobile[0]: VISIBLE sig=2130838329 type=0
D/MSimSignalClusterView( 2940): wifi: VISIBLE sig=2130838354 act=0
D/MSimSignalClusterView( 2940): mobile[0]: VISIBLE sig=2130838329 type=0
D/MSimSignalClusterView( 2940): wifi: VISIBLE sig=2130838354 act=0
D/MSimSignalClusterView( 2940): mobile[0]: VISIBLE sig=2130838329 type=0
D/MSimSignalClusterView( 2940): wifi: VISIBLE sig=2130838354 act=0
D/MSimSignalClusterView( 2940): mobile[1]: VISIBLE sig=2130838329 type=0
