I/telpo_native(  775): handle_emv_serial_read_write_cmd: receive data length is 20
I/telpo_native(  775): 0b
I/telpo_native(  775): b0
I/telpo_native(  775): 96
I/telpo_native(  775): 69
I/telpo_native(  775): 04
I/telpo_native(  775): 00
I/telpo_native(  775): 00
I/telpo_native(  775): 00
I/telpo_native(  775): 54
I/telpo_native(  775): 00
I/telpo_native(  775): 04
I/telpo_native(  775): 01
I/telpo_native(  775): 00
I/telpo_native(  775): 00
I/telpo_native(  775): 00
I/telpo_native(  775): 00
I/telpo_native(  775): 00
I/telpo_native(  775): 00
I/telpo_native(  775): 00
I/telpo_native(  775): 00
I/telpo_native(  775): 
D/telpo_native(26165): CallIntMethod return ret = 0 length = 20
D/telpo_native(  775): usb_printer_write data start!
D/telpo_native(  775): usb_printer_write start!
E/telpo_native(  775): ret = 25
D/telpo_native(  775): handle_emv_serial_read_write_cmd: usb write length = 25
E/telpo_native(  775): Cannot find response header
D/telpo_native(  775): handle_emv_serial_read_write_cmd: not enough data receive,continue
E/telpo_native(  775): serial_read:start read
E/telpo_native(  775): serial_read:serial_read read_size = 0
D/telpo_native(  775): handle_emv_serial_read_write_cmd: usb_printer_read length = 20
I/telpo_native(  775): 0b
I/telpo_native(  775): b0
I/telpo_native(  775): 96
I/telpo_native(  775): 69
I/telpo_native(  775): 04
I/telpo_native(  775): 00
I/telpo_native(  775): 00
I/telpo_native(  775): 00
I/telpo_native(  775): 55
I/telpo_native(  775): 00
I/telpo_native(  775): 04
I/telpo_native(  775): 01
I/telpo_native(  775): 00
I/telpo_native(  775): 00
I/telpo_native(  775): 00
I/telpo_native(  775): 00
I/telpo_native(  775): 00
I/telpo_native(  775): 00
I/telpo_native(  775): 00
I/telpo_native(  775): 00
I/telpo_native(  775): 
D/telpo_native(  775): handle_emv_serial_read_write_cmd: parse successfully!
I/telpo_native(  775): handle_emv_serial_read_write_cmd: receive data length is 20
I/telpo_native(  775): 0b
I/telpo_native(  775): b0
I/telpo_native(  775): 96
I/telpo_native(  775): 69
I/telpo_native(  775): 04
I/telpo_native(  775): 00
I/telpo_native(  775): 00
I/telpo_native(  775): 00
I/telpo_native(  775): 55
I/telpo_native(  775): 00
I/telpo_native(  775): 04
I/telpo_native(  775): 01
I/telpo_native(  775): 00
I/telpo_native(  775): 00
I/telpo_native(  775): 00
I/telpo_native(  775): 00
I/telpo_native(  775): 00
I/telpo_native(  775): 00
I/telpo_native(  775): 00
I/telpo_native(  775): 00
I/telpo_native(  775): 
D/telpo_native(26165): CallIntMethod return ret = 0 length = 20
D/telpo_native(  775): usb_printer_write data start!
D/telpo_native(  775): usb_printer_write start!
E/telpo_native(  775): ret = 25
D/telpo_native(  775): handle_emv_serial_read_write_cmd: usb write length = 25
E/telpo_native(  775): serial_read:start read
E/telpo_native(  775): serial_read:serial_read read_size = 0
D/telpo_native(  775): handle_emv_serial_read_write_cmd: usb_printer_read length = 20
I/telpo_native(  775): 0b
I/telpo_native(  775): b0
I/telpo_native(  775): 96
I/telpo_native(  775): 69
I/telpo_native(  775): 04
I/telpo_native(  775): 00
I/telpo_native(  775): 00
I/telpo_native(  775): 00
I/telpo_native(  775): 56
I/telpo_native(  775): 00
I/telpo_native(  775): 04
I/telpo_native(  775): 01
I/telpo_native(  775): 00
I/telpo_native(  775): 00
I/telpo_native(  775): 00
I/telpo_native(  775): 00
I/telpo_native(  775): 00
I/telpo_native(  775): 00
I/telpo_native(  775): 00
I/telpo_native(  775): 00
I/telpo_native(  775): 
D/telpo_native(  775): handle_emv_serial_read_write_cmd: parse successfully!
I/telpo_native(  775): handle_emv_serial_read_write_cmd: receive data length is 20
I/telpo_native(  775): 0b
I/telpo_native(  775): b0
I/telpo_native(  775): 96
I/telpo_native(  775): 69
I/telpo_native(  775): 04
I/telpo_native(  775): 00
I/telpo_native(  775): 00
I/telpo_native(  775): 00
I/telpo_native(  775): 56
I/telpo_native(  775): 00
I/telpo_native(  775): 04
I/telpo_native(  775): 01
I/telpo_native(  775): 00
I/telpo_native(  775): 00
I/telpo_native(  775): 00
I/telpo_native(  775): 00
I/telpo_native(  775): 00
I/telpo_native(  775): 00
I/telpo_native(  775): 00
I/telpo_native(  775): 00
I/telpo_native(  775): 
D/telpo_native(26165): CallIntMethod return ret = 0 length = 20
D/telpo_native(  775): usb_printer_write data start!
D/telpo_native(  775): usb_printer_write start!
E/telpo_native(  775): ret = 25
D/telpo_native(  775): handle_emv_serial_read_write_cmd: usb write length = 25
E/telpo_native(  775): serial_read:start read
E/telpo_native(  775): serial_read:serial_read read_size = 0
D/telpo_native(  775): handle_emv_serial_read_write_cmd: usb_printer_read length = 20
I/telpo_native(  775): 0b
I/telpo_native(  775): b0
I/telpo_native(  775): 96
I/telpo_native(  775): 69
I/telpo_native(  775): 04
I/telpo_native(  775): 00
I/telpo_native(  775): 00
I/telpo_native(  775): 00
I/telpo_native(  775): 57
I/telpo_native(  775): 00
I/telpo_native(  775): 04
I/telpo_native(  775): 01
I/telpo_native(  775): 00
I/telpo_native(  775): 00
I/telpo_native(  775): 00
I/telpo_native(  775): 00
I/telpo_native(  775): 00
I/telpo_native(  775): 00
I/telpo_native(  775): 00
I/telpo_native(  775): 00
I/telpo_native(  775): 
D/telpo_native(  775): handle_emv_serial_read_write_cmd: parse successfully!
I/telpo_native(  775): handle_emv_serial_read_write_cmd: receive data length is 20
I/telpo_native(  775): 0b
I/telpo_native(  775): b0
I/telpo_native(  775): 96
I/telpo_native(  775): 69
I/telpo_native(  775): 04
I/telpo_native(  775): 00
I/telpo_native(  775): 00
I/telpo_native(  775): 00
I/telpo_native(  775): 57
I/telpo_native(  775): 00
I/telpo_native(  775): 04
I/telpo_native(  775): 01
I/telpo_native(  775): 00
I/telpo_native(  775): 00
I/telpo_native(  775): 00
I/telpo_native(  775): 00
I/telpo_native(  775): 00
I/telpo_native(  775): 00
I/telpo_native(  775): 00
I/telpo_native(  775): 00
I/telpo_native(  775): 
D/telpo_native(26165): CallIntMethod return ret = 0 length = 20
D/telpo_native(  775): usb_printer_write data start!
D/telpo_native(  775): usb_printer_write start!
E/telpo_native(  775): ret = 25
D/telpo_native(  775): handle_emv_serial_read_write_cmd: usb write length = 25
E/telpo_native(  775): serial_read:start read
E/telpo_native(  775): serial_read:serial_read read_size = 0
D/telpo_native(  775): handle_emv_serial_read_write_cmd: usb_printer_read length = 20
I/telpo_native(  775): 0b
I/telpo_native(  775): b0
I/telpo_native(  775): 96
I/telpo_native(  775): 69
I/telpo_native(  775): 04
I/telpo_native(  775): 00
I/telpo_native(  775): 00
I/telpo_native(  775): 00
I/telpo_native(  775): 58
I/telpo_native(  775): 00
I/telpo_native(  775): 04
I/telpo_native(  775): 01
I/telpo_native(  775): 00
I/telpo_native(  775): 00
I/telpo_native(  775): 00
I/telpo_native(  775): 00
I/telpo_native(  775): 00
I/telpo_native(  775): 00
I/telpo_native(  775): 00
I/telpo_native(  775): 00
I/telpo_native(  775): 
D/telpo_native(  775): handle_emv_serial_read_write_cmd: parse successfully!
I/telpo_native(  775): handle_emv_serial_read_write_cmd: receive data length is 20
I/telpo_native(  775): 0b
I/telpo_native(  775): b0
I/telpo_native(  775): 96
I/telpo_native(  775): 69
I/telpo_native(  775): 04
I/telpo_native(  775): 00
I/telpo_native(  775): 00
I/telpo_native(  775): 00
I/telpo_native(  775): 58
I/telpo_native(  775): 00
I/telpo_native(  775): 04
I/telpo_native(  775): 01
I/telpo_native(  775): 00
I/telpo_native(  775): 00
I/telpo_native(  775): 00
I/telpo_native(  775): 00
I/telpo_native(  775): 00
I/telpo_native(  775): 00
I/telpo_native(  775): 00
I/telpo_native(  775): 00
I/telpo_native(  775): 
D/telpo_native(26165): CallIntMethod return ret = 0 length = 20
D/telpo_native(  775): usb_printer_write data start!
D/telpo_native(  775): usb_printer_write start!
E/telpo_native(  775): ret = 25
D/telpo_native(  775): handle_emv_serial_read_write_cmd: usb write length = 25
E/telpo_native(  775): serial_read:start read
E/telpo_native(  775): serial_read:serial_read read_size = 0
D/telpo_native(  775): handle_emv_serial_read_write_cmd: usb_printer_read length = 20
I/telpo_native(  775): 0b
I/telpo_native(  775): b0
I/telpo_native(  775): 96
I/telpo_native(  775): 69
I/telpo_native(  775): 04
I/telpo_native(  775): 00
I/telpo_native(  775): 00
I/telpo_native(  775): 00
I/telpo_native(  775): 59
I/telpo_native(  775): 00
I/telpo_native(  775): 04
I/telpo_native(  775): 01
I/telpo_native(  775): 00
I/telpo_native(  775): 00
I/telpo_native(  775): 00
I/telpo_native(  775): 00
I/telpo_native(  775): 00
I/telpo_native(  775): 00
I/telpo_native(  775): 00
I/telpo_native(  775): 00
I/telpo_native(  775): 
D/telpo_native(  775): handle_emv_serial_read_write_cmd: parse successfully!
I/telpo_native(  775): handle_emv_serial_read_write_cmd: receive data length is 20
I/telpo_native(  775): 0b
I/telpo_native(  775): b0
I/telpo_native(  775): 96
I/telpo_native(  775): 69
I/telpo_native(  775): 04
I/telpo_native(  775): 00
I/telpo_native(  775): 00
I/telpo_native(  775): 00
I/telpo_native(  775): 59
I/telpo_native(  775): 00
I/telpo_native(  775): 04
I/telpo_native(  775): 01
I/telpo_native(  775): 00
I/telpo_native(  775): 00
I/telpo_native(  775): 00
I/telpo_native(  775): 00
I/telpo_native(  775): 00
I/telpo_native(  775): 00
I/telpo_native(  775): 00
I/telpo_native(  775): 00
I/telpo_native(  775): 
D/telpo_native(26165): CallIntMethod return ret = 0 length = 20
D/telpo_native(  775): usb_printer_write data start!
D/telpo_native(  775): usb_printer_write start!
E/telpo_native(  775): ret = 25
D/telpo_native(  775): handle_emv_serial_read_write_cmd: usb write length = 25
E/telpo_native(  775): serial_read:start read
E/telpo_native(  775): serial_read:serial_read read_size = 0
D/telpo_native(  775): handle_emv_serial_read_write_cmd: usb_printer_read length = 20
I/telpo_native(  775): 0b
I/telpo_native(  775): b0
I/telpo_native(  775): 96
I/telpo_native(  775): 69
I/telpo_native(  775): 04
I/telpo_native(  775): 00
I/telpo_native(  775): 00
I/telpo_native(  775): 00
I/telpo_native(  775): 5a
I/telpo_native(  775): 00
I/telpo_native(  775): 04
I/telpo_native(  775): 01
I/telpo_native(  775): 00
I/telpo_native(  775): 00
I/telpo_native(  775): 00
I/telpo_native(  775): 00
I/telpo_native(  775): 00
I/telpo_native(  775): 00
I/telpo_native(  775): 00
I/telpo_native(  775): 00
I/telpo_native(  775): 
D/telpo_native(  775): handle_emv_serial_read_write_cmd: parse successfully!
I/telpo_native(  775): handle_emv_serial_read_write_cmd: receive data length is 20
I/telpo_native(  775): 0b
I/telpo_native(  775): b0
I/telpo_native(  775): 96
I/telpo_native(  775): 69
I/telpo_native(  775): 04
I/telpo_native(  775): 00
I/telpo_native(  775): 00
I/telpo_native(  775): 00
I/telpo_native(  775): 5a
I/telpo_native(  775): 00
I/telpo_native(  775): 04
I/telpo_native(  775): 01
I/telpo_native(  775): 00
I/telpo_native(  775): 00
I/telpo_native(  775): 00
I/telpo_native(  775): 00
I/telpo_native(  775): 00
I/telpo_native(  775): 00
I/telpo_native(  775): 00
I/telpo_native(  775): 00
I/telpo_native(  775): 
D/telpo_native(26165): CallIntMethod return ret = 0 length = 20
D/telpo_native(  775): usb_printer_write data start!
D/telpo_native(  775): usb_printer_write start!
E/telpo_native(  775): ret = 25
D/telpo_native(  775): handle_emv_serial_read_write_cmd: usb write length = 25
E/telpo_native(  775): serial_read:start read
E/telpo_native(  775): serial_read:serial_read read_size = 0
D/telpo_native(  775): handle_emv_serial_read_write_cmd: usb_printer_read length = 20
I/telpo_native(  775): 0b
I/telpo_native(  775): b0
I/telpo_native(  775): 96
I/telpo_native(  775): 69
I/telpo_native(  775): 04
I/telpo_native(  775): 00
I/telpo_native(  775): 00
I/telpo_native(  775): 00
I/telpo_native(  775): 5b
I/telpo_native(  775): 00
I/telpo_native(  775): 04
I/telpo_native(  775): 01
I/telpo_native(  775): 00
I/telpo_native(  775): 00
I/telpo_native(  775): 00
I/telpo_native(  775): 00
I/telpo_native(  775): 00
I/telpo_native(  775): 00
I/telpo_native(  775): 00
I/telpo_native(  775): 00
I/telpo_native(  775): 
D/telpo_native(  775): handle_emv_serial_read_write_cmd: parse successfully!
I/telpo_native(  775): handle_emv_serial_read_write_cmd: receive data length is 20
I/telpo_native(  775): 0b
I/telpo_native(  775): b0
I/telpo_native(  775): 96
I/telpo_native(  775): 69
I/telpo_native(  775): 04
I/telpo_native(  775): 00
I/telpo_native(  775): 00
I/telpo_native(  775): 00
I/telpo_native(  775): 5b
I/telpo_native(  775): 00
I/telpo_native(  775): 04
I/telpo_native(  775): 01
I/telpo_native(  775): 00
I/telpo_native(  775): 00
I/telpo_native(  775): 00
I/telpo_native(  775): 00
I/telpo_native(  775): 00
I/telpo_native(  775): 00
I/telpo_native(  775): 00
I/telpo_native(  775): 00
I/telpo_native(  775): 
D/telpo_native(26165): CallIntMethod return ret = 0 length = 20
D/telpo_native(  775): usb_printer_write data start!
D/telpo_native(  775): usb_printer_write start!
E/telpo_native(  775): ret = 25
D/telpo_native(  775): handle_emv_serial_read_write_cmd: usb write length = 25
E/telpo_native(  775): serial_read:start read
E/telpo_native(  775): serial_read:serial_read read_size = 0
D/telpo_native(  775): handle_emv_serial_read_write_cmd: usb_printer_read length = 20
I/telpo_native(  775): 0b
I/telpo_native(  775): b0
I/telpo_native(  775): 96
I/telpo_native(  775): 69
I/telpo_native(  775): 04
I/telpo_native(  775): 00
I/telpo_native(  775): 00
I/telpo_native(  775): 00
I/telpo_native(  775): 5c
I/telpo_native(  775): 00
I/telpo_native(  775): 04
I/telpo_native(  775): 01
I/telpo_native(  775): 00
I/telpo_native(  775): 00
I/telpo_native(  775): 00
I/telpo_native(  775): 00
I/telpo_native(  775): 00
I/telpo_native(  775): 00
I/telpo_native(  775): 00
I/telpo_native(  775): 00
I/telpo_native(  775): 
D/telpo_native(  775): handle_emv_serial_read_write_cmd: parse successfully!
I/telpo_native(  775): handle_emv_serial_read_write_cmd: receive data length is 20
I/telpo_native(  775): 0b
I/telpo_native(  775): b0
I/telpo_native(  775): 96
I/telpo_native(  775): 69
I/telpo_native(  775): 04
I/telpo_native(  775): 00
I/telpo_native(  775): 00
I/telpo_native(  775): 00
I/telpo_native(  775): 5c
I/telpo_native(  775): 00
I/telpo_native(  775): 04
I/telpo_native(  775): 01
I/telpo_native(  775): 00
I/telpo_native(  775): 00
I/telpo_native(  775): 00
I/telpo_native(  775): 00
I/telpo_native(  775): 00
I/telpo_native(  775): 00
I/telpo_native(  775): 00
I/telpo_native(  775): 00
I/telpo_native(  775): 
D/telpo_native(26165): CallIntMethod return ret = 0 length = 20
D/telpo_native(  775): usb_printer_write data start!
D/telpo_native(  775): usb_printer_write start!
E/telpo_native(  775): ret = 25
D/telpo_native(  775): handle_emv_serial_read_write_cmd: usb write length = 25
E/telpo_native(  775): serial_read:start read
E/telpo_native(  775): serial_read:serial_read read_size = 0
D/telpo_native(  775): handle_emv_serial_read_write_cmd: usb_printer_read length = 20
I/telpo_native(  775): 0b
I/telpo_native(  775): b0
I/telpo_native(  775): 96
I/telpo_native(  775): 69
I/telpo_native(  775): 04
I/telpo_native(  775): 00
I/telpo_native(  775): 00
I/telpo_native(  775): 00
I/telpo_native(  775): 5d
I/telpo_native(  775): 00
I/telpo_native(  775): 04
I/telpo_native(  775): 01
I/telpo_native(  775): 00
I/telpo_native(  775): 00
I/telpo_native(  775): 00
I/telpo_native(  775): 00
I/telpo_native(  775): 00
I/telpo_native(  775): 00
I/telpo_native(  775): 00
I/telpo_native(  775): 00
I/telpo_native(  775): 
D/telpo_native(  775): handle_emv_serial_read_write_cmd: parse successfully!
I/telpo_native(  775): handle_emv_serial_read_write_cmd: receive data length is 20
I/telpo_native(  775): 0b
I/telpo_native(  775): b0
I/telpo_native(  775): 96
I/telpo_native(  775): 69
I/telpo_native(  775): 04
I/telpo_native(  775): 00
I/telpo_native(  775): 00
I/telpo_native(  775): 00
I/telpo_native(  775): 5d
I/telpo_native(  775): 00
I/telpo_native(  775): 04
I/telpo_native(  775): 01
I/telpo_native(  775): 00
I/telpo_native(  775): 00
I/telpo_native(  775): 00
I/telpo_native(  775): 00
I/telpo_native(  775): 00
I/telpo_native(  775): 00
I/telpo_native(  775): 00
I/telpo_native(  775): 00
I/telpo_native(  775): 
D/telpo_native(26165): CallIntMethod return ret = 0 length = 20
D/telpo_native(  775): usb_printer_write data start!
D/telpo_native(  775): usb_printer_write start!
E/telpo_native(  775): ret = 25
D/telpo_native(  775): handle_emv_serial_read_write_cmd: usb write length = 25
E/telpo_native(  775): serial_read:start read
E/telpo_native(  775): serial_read:serial_read read_size = 0
D/telpo_native(  775): handle_emv_serial_read_write_cmd: usb_printer_read length = 20
I/telpo_native(  775): 0b
I/telpo_native(  775): b0
I/telpo_native(  775): 96
I/telpo_native(  775): 69
I/telpo_native(  775): 04
I/telpo_native(  775): 00
I/telpo_native(  775): 00
I/telpo_native(  775): 00
I/telpo_native(  775): 5e
I/telpo_native(  775): 00
I/telpo_native(  775): 04
I/telpo_native(  775): 01
I/telpo_native(  775): 00
I/telpo_native(  775): 00
I/telpo_native(  775): 00
I/telpo_native(  775): 00
I/telpo_native(  775): 00
I/telpo_native(  775): 00
I/telpo_native(  775): 00
I/telpo_native(  775): 00
I/telpo_native(  775): 
D/telpo_native(  775): handle_emv_serial_read_write_cmd: parse successfully!
I/telpo_native(  775): handle_emv_serial_read_write_cmd: receive data length is 20
I/telpo_native(  775): 0b
I/telpo_native(  775): b0
I/telpo_native(  775): 96
I/telpo_native(  775): 69
I/telpo_native(  775): 04
I/telpo_native(  775): 00
I/telpo_native(  775): 00
I/telpo_native(  775): 00
I/telpo_native(  775): 5e
I/telpo_native(  775): 00
I/telpo_native(  775): 04
I/telpo_native(  775): 01
I/telpo_native(  775): 00
I/telpo_native(  775): 00
I/telpo_native(  775): 00
I/telpo_native(  775): 00
I/telpo_native(  775): 00
I/telpo_native(  775): 00
I/telpo_native(  775): 00
I/telpo_native(  775): 00
I/telpo_native(  775): 
D/telpo_native(26165): CallIntMethod return ret = 0 length = 20
D/telpo_native(  775): usb_printer_write data start!
D/telpo_native(  775): usb_printer_write start!
E/telpo_native(  775): ret = 25
D/telpo_native(  775): handle_emv_serial_read_write_cmd: usb write length = 25
E/telpo_native(  775): serial_read:start read
E/telpo_native(  775): serial_read:serial_read read_size = 0
D/telpo_native(  775): handle_emv_serial_read_write_cmd: usb_printer_read length = 20
I/telpo_native(  775): 0b
I/telpo_native(  775): b0
I/telpo_native(  775): 96
I/telpo_native(  775): 69
I/telpo_native(  775): 04
I/telpo_native(  775): 00
I/telpo_native(  775): 00
I/telpo_native(  775): 00
I/telpo_native(  775): 5f
I/telpo_native(  775): 00
I/telpo_native(  775): 04
I/telpo_native(  775): 01
I/telpo_native(  775): 00
I/telpo_native(  775): 00
I/telpo_native(  775): 00
I/telpo_native(  775): 00
I/telpo_native(  775): 00
I/telpo_native(  775): 00
I/telpo_native(  775): 00
I/telpo_native(  775): 00
I/telpo_native(  775): 
D/telpo_native(  775): handle_emv_serial_read_write_cmd: parse successfully!
I/telpo_native(  775): handle_emv_serial_read_write_cmd: receive data length is 20
I/telpo_native(  775): 0b
I/telpo_native(  775): b0
I/telpo_native(  775): 96
I/telpo_native(  775): 69
I/telpo_native(  775): 04
I/telpo_native(  775): 00
I/telpo_native(  775): 00
I/telpo_native(  775): 00
I/telpo_native(  775): 5f
I/telpo_native(  775): 00
I/telpo_native(  775): 04
I/telpo_native(  775): 01
I/telpo_native(  775): 00
I/telpo_native(  775): 00
I/telpo_native(  775): 00
I/telpo_native(  775): 00
I/telpo_native(  775): 00
I/telpo_native(  775): 00
I/telpo_native(  775): 00
I/telpo_native(  775): 00
I/telpo_native(  775): 
D/telpo_native(26165): CallIntMethod return ret = 0 length = 20
D/telpo_native(  775): usb_printer_write data start!
D/telpo_native(  775): usb_printer_write start!
E/telpo_native(  775): ret = 25
D/telpo_native(  775): handle_emv_serial_read_write_cmd: usb write length = 25
E/telpo_native(  775): serial_read:start read
E/telpo_native(  775): serial_read:serial_read read_size = 0
D/telpo_native(  775): handle_emv_serial_read_write_cmd: usb_printer_read length = 20
I/telpo_native(  775): 0b
I/telpo_native(  775): b0
I/telpo_native(  775): 96
I/telpo_native(  775): 69
I/telpo_native(  775): 04
I/telpo_native(  775): 00
I/telpo_native(  775): 00
I/telpo_native(  775): 00
I/telpo_native(  775): 60
I/telpo_native(  775): 00
I/telpo_native(  775): 04
I/telpo_native(  775): 01
I/telpo_native(  775): 00
I/telpo_native(  775): 00
I/telpo_native(  775): 00
I/telpo_native(  775): 00
I/telpo_native(  775): 00
I/telpo_native(  775): 00
I/telpo_native(  775): 00
I/telpo_native(  775): 00
I/telpo_native(  775): 
D/telpo_native(  775): handle_emv_serial_read_write_cmd: parse successfully!
I/telpo_native(  775): handle_emv_serial_read_write_cmd: receive data length is 20
I/telpo_native(  775): 0b
I/telpo_native(  775): b0
I/telpo_native(  775): 96
I/telpo_native(  775): 69
I/telpo_native(  775): 04
I/telpo_native(  775): 00
I/telpo_native(  775): 00
I/telpo_native(  775): 00
I/telpo_native(  775): 60
I/telpo_native(  775): 00
I/telpo_native(  775): 04
I/telpo_native(  775): 01
I/telpo_native(  775): 00
I/telpo_native(  775): 00
I/telpo_native(  775): 00
I/telpo_native(  775): 00
I/telpo_native(  775): 00
I/telpo_native(  775): 00
I/telpo_native(  775): 00
I/telpo_native(  775): 00
I/telpo_native(  775): 
D/telpo_native(26165): CallIntMethod return ret = 0 length = 20
D/telpo_native(  775): usb_printer_write data start!
D/telpo_native(  775): usb_printer_write start!
E/telpo_native(  775): ret = 25
D/telpo_native(  775): handle_emv_serial_read_write_cmd: usb write length = 25
E/telpo_native(  775): serial_read:start read
E/telpo_native(  775): serial_read:serial_read read_size = 0
D/telpo_native(  775): handle_emv_serial_read_write_cmd: usb_printer_read length = 20
I/telpo_native(  775): 0b
I/telpo_native(  775): b0
I/telpo_native(  775): 96
I/telpo_native(  775): 69
I/telpo_native(  775): 04
I/telpo_native(  775): 00
I/telpo_native(  775): 00
I/telpo_native(  775): 00
I/telpo_native(  775): 61
I/telpo_native(  775): 00
I/telpo_native(  775): 04
I/telpo_native(  775): 01
I/telpo_native(  775): 00
I/telpo_native(  775): 00
I/telpo_native(  775): 00
I/telpo_native(  775): 00
I/telpo_native(  775): 00
I/telpo_native(  775): 00
I/telpo_native(  775): 00
I/telpo_native(  775): 00
I/telpo_native(  775): 
D/telpo_native(  775): handle_emv_serial_read_write_cmd: parse successfully!
I/telpo_native(  775): handle_emv_serial_read_write_cmd: receive data length is 20
I/telpo_native(  775): 0b
I/telpo_native(  775): b0
I/telpo_native(  775): 96
I/telpo_native(  775): 69
I/telpo_native(  775): 04
I/telpo_native(  775): 00
I/telpo_native(  775): 00
I/telpo_native(  775): 00
I/telpo_native(  775): 61
I/telpo_native(  775): 00
I/telpo_native(  775): 04
I/telpo_native(  775): 01
I/telpo_native(  775): 00
I/telpo_native(  775): 00
I/telpo_native(  775): 00
I/telpo_native(  775): 00
I/telpo_native(  775): 00
I/telpo_native(  775): 00
I/telpo_native(  775): 00
I/telpo_native(  775): 00
I/telpo_native(  775): 
D/telpo_native(26165): CallIntMethod return ret = 0 length = 20
D/telpo_native(  775): usb_printer_write data start!
D/telpo_native(  775): usb_printer_write start!
E/telpo_native(  775): ret = 25
D/telpo_native(  775): handle_emv_serial_read_write_cmd: usb write length = 25
E/telpo_native(  775): serial_read:start read
E/telpo_native(  775): serial_read:serial_read read_size = 0
D/telpo_native(  775): handle_emv_serial_read_write_cmd: usb_printer_read length = 20
I/telpo_native(  775): 0b
I/telpo_native(  775): b0
I/telpo_native(  775): 96
I/telpo_native(  775): 69
I/telpo_native(  775): 04
I/telpo_native(  775): 00
I/telpo_native(  775): 00
I/telpo_native(  775): 00
I/telpo_native(  775): 62
I/telpo_native(  775): 00
I/telpo_native(  775): 04
I/telpo_native(  775): 01
I/telpo_native(  775): 00
I/telpo_native(  775): 00
I/telpo_native(  775): 00
I/telpo_native(  775): 00
I/telpo_native(  775): 00
I/telpo_native(  775): 00
I/telpo_native(  775): 00
I/telpo_native(  775): 00
I/telpo_native(  775): 
D/telpo_native(  775): handle_emv_serial_read_write_cmd: parse successfully!
I/telpo_native(  775): handle_emv_serial_read_write_cmd: receive data length is 20
I/telpo_native(  775): 0b
I/telpo_native(  775): b0
I/telpo_native(  775): 96
I/telpo_native(  775): 69
I/telpo_native(  775): 04
I/telpo_native(  775): 00
I/telpo_native(  775): 00
I/telpo_native(  775): 00
I/telpo_native(  775): 62
I/telpo_native(  775): 00
I/telpo_native(  775): 04
I/telpo_native(  775): 01
I/telpo_native(  775): 00
I/telpo_native(  775): 00
I/telpo_native(  775): 00
I/telpo_native(  775): 00
I/telpo_native(  775): 00
I/telpo_native(  775): 00
I/telpo_native(  775): 00
I/telpo_native(  775): 00
I/telpo_native(  775): 
D/telpo_native(26165): CallIntMethod return ret = 0 length = 20
D/telpo_native(  775): usb_printer_write data start!
D/telpo_native(  775): usb_printer_write start!
E/telpo_native(  775): ret = 25
D/telpo_native(  775): handle_emv_serial_read_write_cmd: usb write length = 25
E/telpo_native(  775): serial_read:start read
E/telpo_native(  775): serial_read:serial_read read_size = 0
D/telpo_native(  775): handle_emv_serial_read_write_cmd: usb_printer_read length = 20
I/telpo_native(  775): 0b
I/telpo_native(  775): b0
I/telpo_native(  775): 96
I/telpo_native(  775): 69
I/telpo_native(  775): 04
I/telpo_native(  775): 00
I/telpo_native(  775): 00
I/telpo_native(  775): 00
I/telpo_native(  775): 63
I/telpo_native(  775): 00
I/telpo_native(  775): 04
I/telpo_native(  775): 01
I/telpo_native(  775): 00
I/telpo_native(  775): 00
I/telpo_native(  775): 00
I/telpo_native(  775): 00
I/telpo_native(  775): 00
I/telpo_native(  775): 00
I/telpo_native(  775): 00
I/telpo_native(  775): 00
I/telpo_native(  775): 
D/telpo_native(  775): handle_emv_serial_read_write_cmd: parse successfully!
I/telpo_native(  775): handle_emv_serial_read_write_cmd: receive data length is 20
I/telpo_native(  775): 0b
I/telpo_native(  775): b0
I/telpo_native(  775): 96
I/telpo_native(  775): 69
I/telpo_native(  775): 04
I/telpo_native(  775): 00
I/telpo_native(  775): 00
I/telpo_native(  775): 00
I/telpo_native(  775): 63
I/telpo_native(  775): 00
I/telpo_native(  775): 04
I/telpo_native(  775): 01
I/telpo_native(  775): 00
I/telpo_native(  775): 00
I/telpo_native(  775): 00
I/telpo_native(  775): 00
I/telpo_native(  775): 00
I/telpo_native(  775): 00
I/telpo_native(  775): 00
I/telpo_native(  775): 00
I/telpo_native(  775): 
D/telpo_native(26165): CallIntMethod return ret = 0 length = 20
D/telpo_native(  775): usb_printer_write data start!
D/telpo_native(  775): usb_printer_write start!
E/telpo_native(  775): ret = 25
D/telpo_native(  775): handle_emv_serial_read_write_cmd: usb write length = 25
E/telpo_native(  775): serial_read:start read
E/telpo_native(  775): serial_read:serial_read read_size = 0
D/telpo_native(  775): handle_emv_serial_read_write_cmd: usb_printer_read length = 20
I/telpo_native(  775): 0b
I/telpo_native(  775): b0
I/telpo_native(  775): 96
I/telpo_native(  775): 69
I/telpo_native(  775): 04
I/telpo_native(  775): 00
I/telpo_native(  775): 00
I/telpo_native(  775): 00
I/telpo_native(  775): 64
I/telpo_native(  775): 00
I/telpo_native(  775): 04
I/telpo_native(  775): 01
I/telpo_native(  775): 00
I/telpo_native(  775): 00
I/telpo_native(  775): 00
I/telpo_native(  775): 00
I/telpo_native(  775): 00
I/telpo_native(  775): 00
I/telpo_native(  775): 00
I/telpo_native(  775): 00
I/telpo_native(  775): 
D/telpo_native(  775): handle_emv_serial_read_write_cmd: parse successfully!
I/telpo_native(  775): handle_emv_serial_read_write_cmd: receive data length is 20
I/telpo_native(  775): 0b
I/telpo_native(  775): b0
I/telpo_native(  775): 96
I/telpo_native(  775): 69
I/telpo_native(  775): 04
I/telpo_native(  775): 00
I/telpo_native(  775): 00
I/telpo_native(  775): 00
I/telpo_native(  775): 64
I/telpo_native(  775): 00
I/telpo_native(  775): 04
I/telpo_native(  775): 01
I/telpo_native(  775): 00
I/telpo_native(  775): 00
I/telpo_native(  775): 00
I/telpo_native(  775): 00
I/telpo_native(  775): 00
I/telpo_native(  775): 00
I/telpo_native(  775): 00
I/telpo_native(  775): 00
I/telpo_native(  775): 
D/telpo_native(26165): CallIntMethod return ret = 0 length = 20
D/telpo_native(  775): usb_printer_write data start!
D/telpo_native(  775): usb_printer_write start!
E/telpo_native(  775): ret = 25
D/telpo_native(  775): handle_emv_serial_read_write_cmd: usb write length = 25
E/telpo_native(  775): serial_read:start read
E/telpo_native(  775): serial_read:serial_read read_size = 0
D/telpo_native(  775): handle_emv_serial_read_write_cmd: usb_printer_read length = 20
I/telpo_native(  775): 0b
I/telpo_native(  775): b0
I/telpo_native(  775): 96
I/telpo_native(  775): 69
I/telpo_native(  775): 04
I/telpo_native(  775): 00
I/telpo_native(  775): 00
I/telpo_native(  775): 00
I/telpo_native(  775): 65
I/telpo_native(  775): 00
I/telpo_native(  775): 04
I/telpo_native(  775): 01
I/telpo_native(  775): 00
I/telpo_native(  775): 00
I/telpo_native(  775): 00
I/telpo_native(  775): 00
I/telpo_native(  775): 00
I/telpo_native(  775): 00
I/telpo_native(  775): 00
I/telpo_native(  775): 00
I/telpo_native(  775): 
D/telpo_native(  775): handle_emv_serial_read_write_cmd: parse successfully!
I/telpo_native(  775): handle_emv_serial_read_write_cmd: receive data length is 20
I/telpo_native(  775): 0b
I/telpo_native(  775): b0
I/telpo_native(  775): 96
I/telpo_native(  775): 69
I/telpo_native(  775): 04
I/telpo_native(  775): 00
I/telpo_native(  775): 00
I/telpo_native(  775): 00
I/telpo_native(  775): 65
I/telpo_native(  775): 00
I/telpo_native(  775): 04
I/telpo_native(  775): 01
I/telpo_native(  775): 00
I/telpo_native(  775): 00
I/telpo_native(  775): 00
I/telpo_native(  775): 00
I/telpo_native(  775): 00
I/telpo_native(  775): 00
I/telpo_native(  775): 00
I/telpo_native(  775): 00
I/telpo_native(  775): 
D/telpo_native(26165): CallIntMethod return ret = 0 length = 20
D/VM_BMS  (  461): wake_lock acquired
D/VM_BMS  (  461): New BMS data - Size=56
D/VM_BMS  (  461): Start process_bms_data
D/VM_BMS  (  461): Battery charge_cycle=0 fcc_adjust=0 rbatt_adjust=0 cycle_changed=false
D/VM_BMS  (  461): For batt_temp=255 fcc_mah=2200
D/VM_BMS  (  461): Lookup fcc_mah=2200.000000  adjusted fcc_mah=2200.000000
D/VM_BMS  (  461): For ocv=3802998 batt_temp=255 soc=36
D/VM_BMS  (  461): fifo_count=2 acc_count=0
D/VM_BMS  (  461): INIT: ocv=3802998 last_ocv=3802998 batt_temp=255 soc=36
D/VM_BMS  (  461): For soc=36 batt_temp=255 slope=3000
D/VM_BMS  (  461): For soc=36 batt_temp=255 rbatt_sf=106
D/VM_BMS  (  461): rbatt_mohm_default=72, rbatt_mohm=76, sf=106 batt_temp=255
D/VM_BMS  (  461): Lookup rbatt=76.000000  adjusted rbatt=76.000000
D/VM_BMS  (  461): For ocv=3803012 batt_temp=255 soc=36
D/VM_BMS  (  461): FIFO=0 fifo_avg=3.808231 rbatt=0.126000 slope=0.300000 ibatt=-0.041476 ocv=3.803012 soc=36 fcc_ah=2.200000 sample_count=128 sample_interval=70 seq_num=7071
D/VM_BMS  (  461): For soc=36 batt_temp=255 slope=3000
D/VM_BMS  (  461): For soc=36 batt_temp=255 rbatt_sf=106
D/VM_BMS  (  461): rbatt_mohm_default=72, rbatt_mohm=76, sf=106 batt_temp=255
D/VM_BMS  (  461): Lookup rbatt=76.000000  adjusted rbatt=76.000000
D/VM_BMS  (  461): For ocv=3803024 batt_temp=255 soc=36
D/VM_BMS  (  461): FIFO=1 fifo_avg=3.807662 rbatt=0.126000 slope=0.300000 ibatt=-0.036856 ocv=3.803024 soc=36 fcc_ah=2.200000 sample_count=128 sample_interval=70 seq_num=7071
I/VM_BMS  (  461): power_supply_update: ocv_uv=3803024 ibatt=-36856 soc=36 seq_num=7071
D/VM_BMS  (  461): End process_bms_data
D/VM_BMS  (  461): wake_lock released
D/telpo_native(  775): usb_printer_write data start!
D/telpo_native(  775): usb_printer_write start!
E/telpo_native(  775): ret = 25
D/telpo_native(  775): handle_emv_serial_read_write_cmd: usb write length = 25
E/telpo_native(  775): serial_read:start read
E/telpo_native(  775): serial_read:serial_read read_size = 0
D/telpo_native(  775): handle_emv_serial_read_write_cmd: usb_printer_read length = 20
I/telpo_native(  775): 0b
I/telpo_native(  775): b0
I/telpo_native(  775): 96
I/telpo_native(  775): 69
I/telpo_native(  775): 04
I/telpo_native(  775): 00
I/telpo_native(  775): 00
I/telpo_native(  775): 00
I/telpo_native(  775): 66
I/telpo_native(  775): 00
I/telpo_native(  775): 04
I/telpo_native(  775): 01
I/telpo_native(  775): 00
I/telpo_native(  775): 00
I/telpo_native(  775): 00
I/telpo_native(  775): 00
I/telpo_native(  775): 00
I/telpo_native(  775): 00
I/telpo_native(  775): 00
I/telpo_native(  775): 00
I/telpo_native(  775): 
D/telpo_native(  775): handle_emv_serial_read_write_cmd: parse successfully!
I/telpo_native(  775): handle_emv_serial_read_write_cmd: receive data length is 20
I/telpo_native(  775): 0b
I/telpo_native(  775): b0
I/telpo_native(  775): 96
I/telpo_native(  775): 69
I/telpo_native(  775): 04
I/telpo_native(  775): 00
I/telpo_native(  775): 00
I/telpo_native(  775): 00
I/telpo_native(  775): 66
I/telpo_native(  775): 00
I/telpo_native(  775): 04
I/telpo_native(  775): 01
I/telpo_native(  775): 00
I/telpo_native(  775): 00
I/telpo_native(  775): 00
I/telpo_native(  775): 00
I/telpo_native(  775): 00
I/telpo_native(  775): 00
I/telpo_native(  775): 00
I/telpo_native(  775): 00
I/telpo_native(  775): 
D/telpo_native(26165): CallIntMethod return ret = 0 length = 20
D/telpo_native(  775): usb_printer_write data start!
D/telpo_native(  775): usb_printer_write start!
E/telpo_native(  775): ret = 25
D/telpo_native(  775): handle_emv_serial_read_write_cmd: usb write length = 25
E/telpo_native(  775): serial_read:start read
E/telpo_native(  775): serial_read:serial_read read_size = 0
D/telpo_native(  775): handle_emv_serial_read_write_cmd: usb_printer_read length = 20
I/telpo_native(  775): 0b
I/telpo_native(  775): b0
I/telpo_native(  775): 96
I/telpo_native(  775): 69
I/telpo_native(  775): 04
I/telpo_native(  775): 00
I/telpo_native(  775): 00
I/telpo_native(  775): 00
I/telpo_native(  775): 67
I/telpo_native(  775): 00
I/telpo_native(  775): 04
I/telpo_native(  775): 01
I/telpo_native(  775): 00
I/telpo_native(  775): 00
I/telpo_native(  775): 00
I/telpo_native(  775): 00
I/telpo_native(  775): 00
I/telpo_native(  775): 00
I/telpo_native(  775): 00
I/telpo_native(  775): 00
I/telpo_native(  775): 
D/telpo_native(  775): handle_emv_serial_read_write_cmd: parse successfully!
I/telpo_native(  775): handle_emv_serial_read_write_cmd: receive data length is 20
I/telpo_native(  775): 0b
I/telpo_native(  775): b0
I/telpo_native(  775): 96
I/telpo_native(  775): 69
I/telpo_native(  775): 04
I/telpo_native(  775): 00
I/telpo_native(  775): 00
I/telpo_native(  775): 00
I/telpo_native(  775): 67
I/telpo_native(  775): 00
I/telpo_native(  775): 04
I/telpo_native(  775): 01
I/telpo_native(  775): 00
I/telpo_native(  775): 00
I/telpo_native(  775): 00
I/telpo_native(  775): 00
I/telpo_native(  775): 00
I/telpo_native(  775): 00
I/telpo_native(  775): 00
I/telpo_native(  775): 00
I/telpo_native(  775): 
D/telpo_native(26165): CallIntMethod return ret = 0 length = 20
D/telpo_native(  775): usb_printer_write data start!
D/telpo_native(  775): usb_printer_write start!
E/telpo_native(  775): ret = 25
D/telpo_native(  775): handle_emv_serial_read_write_cmd: usb write length = 25
E/telpo_native(  775): serial_read:start read
E/telpo_native(  775): serial_read:serial_read read_size = 0
D/telpo_native(  775): handle_emv_serial_read_write_cmd: usb_printer_read length = 20
I/telpo_native(  775): 0b
I/telpo_native(  775): b0
I/telpo_native(  775): 96
I/telpo_native(  775): 69
I/telpo_native(  775): 04
I/telpo_native(  775): 00
I/telpo_native(  775): 00
I/telpo_native(  775): 00
I/telpo_native(  775): 68
I/telpo_native(  775): 00
I/telpo_native(  775): 04
I/telpo_native(  775): 01
I/telpo_native(  775): 00
I/telpo_native(  775): 00
I/telpo_native(  775): 00
I/telpo_native(  775): 00
I/telpo_native(  775): 00
I/telpo_native(  775): 00
I/telpo_native(  775): 00
I/telpo_native(  775): 00
I/telpo_native(  775): 
D/telpo_native(  775): handle_emv_serial_read_write_cmd: parse successfully!
I/telpo_native(  775): handle_emv_serial_read_write_cmd: receive data length is 20
I/telpo_native(  775): 0b
I/telpo_native(  775): b0
I/telpo_native(  775): 96
I/telpo_native(  775): 69
I/telpo_native(  775): 04
I/telpo_native(  775): 00
I/telpo_native(  775): 00
I/telpo_native(  775): 00
I/telpo_native(  775): 68
I/telpo_native(  775): 00
I/telpo_native(  775): 04
I/telpo_native(  775): 01
I/telpo_native(  775): 00
I/telpo_native(  775): 00
I/telpo_native(  775): 00
I/telpo_native(  775): 00
I/telpo_native(  775): 00
I/telpo_native(  775): 00
I/telpo_native(  775): 00
I/telpo_native(  775): 00
I/telpo_native(  775): 
D/telpo_native(26165): CallIntMethod return ret = 0 length = 20
D/telpo_native(  775): usb_printer_write data start!
D/telpo_native(  775): usb_printer_write start!
E/telpo_native(  775): ret = 25
D/telpo_native(  775): handle_emv_serial_read_write_cmd: usb write length = 25
E/telpo_native(  775): serial_read:start read
E/telpo_native(  775): serial_read:serial_read read_size = 0
D/telpo_native(  775): handle_emv_serial_read_write_cmd: usb_printer_read length = 20
I/telpo_native(  775): 0b
I/telpo_native(  775): b0
I/telpo_native(  775): 96
I/telpo_native(  775): 69
I/telpo_native(  775): 04
I/telpo_native(  775): 00
I/telpo_native(  775): 00
I/telpo_native(  775): 00
I/telpo_native(  775): 69
I/telpo_native(  775): 00
I/telpo_native(  775): 04
I/telpo_native(  775): 01
I/telpo_native(  775): 00
I/telpo_native(  775): 00
I/telpo_native(  775): 00
I/telpo_native(  775): 00
I/telpo_native(  775): 00
I/telpo_native(  775): 00
I/telpo_native(  775): 00
I/telpo_native(  775): 00
I/telpo_native(  775): 
D/telpo_native(  775): handle_emv_serial_read_write_cmd: parse successfully!
I/telpo_native(  775): handle_emv_serial_read_write_cmd: receive data length is 20
I/telpo_native(  775): 0b
I/telpo_native(  775): b0
I/telpo_native(  775): 96
I/telpo_native(  775): 69
I/telpo_native(  775): 04
I/telpo_native(  775): 00
I/telpo_native(  775): 00
I/telpo_native(  775): 00
I/telpo_native(  775): 69
I/telpo_native(  775): 00
I/telpo_native(  775): 04
I/telpo_native(  775): 01
I/telpo_native(  775): 00
I/telpo_native(  775): 00
I/telpo_native(  775): 00
I/telpo_native(  775): 00
I/telpo_native(  775): 00
I/telpo_native(  775): 00
I/telpo_native(  775): 00
I/telpo_native(  775): 00
I/telpo_native(  775): 
D/telpo_native(26165): CallIntMethod return ret = 0 length = 20
D/telpo_native(  775): usb_printer_write data start!
D/telpo_native(  775): usb_printer_write start!
E/telpo_native(  775): ret = 25
D/telpo_native(  775): handle_emv_serial_read_write_cmd: usb write length = 25
E/telpo_native(  775): serial_read:start read
E/telpo_native(  775): serial_read:serial_read read_size = 0
D/telpo_native(  775): handle_emv_serial_read_write_cmd: usb_printer_read length = 20
I/telpo_native(  775): 0b
I/telpo_native(  775): b0
I/telpo_native(  775): 96
I/telpo_native(  775): 69
I/telpo_native(  775): 04
I/telpo_native(  775): 00
I/telpo_native(  775): 00
I/telpo_native(  775): 00
I/telpo_native(  775): 6a
I/telpo_native(  775): 00
I/telpo_native(  775): 04
I/telpo_native(  775): 01
I/telpo_native(  775): 00
I/telpo_native(  775): 00
I/telpo_native(  775): 00
I/telpo_native(  775): 00
I/telpo_native(  775): 00
I/telpo_native(  775): 00
I/telpo_native(  775): 00
I/telpo_native(  775): 00
I/telpo_native(  775): 
D/telpo_native(  775): handle_emv_serial_read_write_cmd: parse successfully!
I/telpo_native(  775): handle_emv_serial_read_write_cmd: receive data length is 20
I/telpo_native(  775): 0b
I/telpo_native(  775): b0
I/telpo_native(  775): 96
I/telpo_native(  775): 69
I/telpo_native(  775): 04
I/telpo_native(  775): 00
I/telpo_native(  775): 00
I/telpo_native(  775): 00
I/telpo_native(  775): 6a
I/telpo_native(  775): 00
I/telpo_native(  775): 04
I/telpo_native(  775): 01
I/telpo_native(  775): 00
I/telpo_native(  775): 00
I/telpo_native(  775): 00
I/telpo_native(  775): 00
I/telpo_native(  775): 00
I/telpo_native(  775): 00
I/telpo_native(  775): 00
I/telpo_native(  775): 00
I/telpo_native(  775): 
D/telpo_native(26165): CallIntMethod return ret = 0 length = 20
V/WLAN_PSA(  314): NL MSG, len[4050], NL type[0x1C] WNI type[0x5900] len[47631]
V/WLAN_PSA(  314): NL MSG, PID: 314
D/telpo_native(  775): usb_printer_write data start!
D/telpo_native(  775): usb_printer_write start!
E/telpo_native(  775): ret = 25
D/telpo_native(  775): handle_emv_serial_read_write_cmd: usb write length = 25
E/telpo_native(  775): Cannot find response header
D/telpo_native(  775): handle_emv_serial_read_write_cmd: not enough data receive,continue
E/telpo_native(  775): serial_read:start read
E/telpo_native(  775): serial_read:serial_read read_size = 0
D/telpo_native(  775): handle_emv_serial_read_write_cmd: usb_printer_read length = 20
I/telpo_native(  775): 0b
I/telpo_native(  775): b0
I/telpo_native(  775): 96
I/telpo_native(  775): 69
I/telpo_native(  775): 04
I/telpo_native(  775): 00
I/telpo_native(  775): 00
I/telpo_native(  775): 00
I/telpo_native(  775): 6b
I/telpo_native(  775): 00
I/telpo_native(  775): 04
I/telpo_native(  775): 01
I/telpo_native(  775): 00
I/telpo_native(  775): 00
I/telpo_native(  775): 00
I/telpo_native(  775): 00
I/telpo_native(  775): 00
I/telpo_native(  775): 00
I/telpo_native(  775): 00
I/telpo_native(  775): 00
I/telpo_native(  775): 
D/telpo_native(  775): handle_emv_serial_read_write_cmd: parse successfully!
I/telpo_native(  775): handle_emv_serial_read_write_cmd: receive data length is 20
I/telpo_native(  775): 0b
I/telpo_native(  775): b0
I/telpo_native(  775): 96
I/telpo_native(  775): 69
I/telpo_native(  775): 04
I/telpo_native(  775): 00
I/telpo_native(  775): 00
I/telpo_native(  775): 00
I/telpo_native(  775): 6b
I/telpo_native(  775): 00
I/telpo_native(  775): 04
I/telpo_native(  775): 01
I/telpo_native(  775): 00
I/telpo_native(  775): 00
I/telpo_native(  775): 00
I/telpo_native(  775): 00
I/telpo_native(  775): 00
I/telpo_native(  775): 00
I/telpo_native(  775): 00
I/telpo_native(  775): 00
I/telpo_native(  775): 
D/telpo_native(26165): CallIntMethod return ret = 0 length = 20
D/telpo_native(  775): usb_printer_write data start!
D/telpo_native(  775): usb_printer_write start!
E/telpo_native(  775): ret = 25
D/telpo_native(  775): handle_emv_serial_read_write_cmd: usb write length = 25
E/telpo_native(  775): serial_read:start read
E/telpo_native(  775): serial_read:serial_read read_size = 0
D/telpo_native(  775): handle_emv_serial_read_write_cmd: usb_printer_read length = 20
I/telpo_native(  775): 0b
I/telpo_native(  775): b0
I/telpo_native(  775): 96
I/telpo_native(  775): 69
I/telpo_native(  775): 04
I/telpo_native(  775): 00
I/telpo_native(  775): 00
I/telpo_native(  775): 00
I/telpo_native(  775): 6c
I/telpo_native(  775): 00
I/telpo_native(  775): 04
I/telpo_native(  775): 01
I/telpo_native(  775): 00
I/telpo_native(  775): 00
I/telpo_native(  775): 00
I/telpo_native(  775): 00
I/telpo_native(  775): 00
I/telpo_native(  775): 00
I/telpo_native(  775): 00
I/telpo_native(  775): 00
I/telpo_native(  775): 
D/telpo_native(  775): handle_emv_serial_read_write_cmd: parse successfully!
I/telpo_native(  775): handle_emv_serial_read_write_cmd: receive data length is 20
I/telpo_native(  775): 0b
I/telpo_native(  775): b0
I/telpo_native(  775): 96
I/telpo_native(  775): 69
I/telpo_native(  775): 04
I/telpo_native(  775): 00
I/telpo_native(  775): 00
I/telpo_native(  775): 00
I/telpo_native(  775): 6c
I/telpo_native(  775): 00
I/telpo_native(  775): 04
I/telpo_native(  775): 01
I/telpo_native(  775): 00
I/telpo_native(  775): 00
I/telpo_native(  775): 00
I/telpo_native(  775): 00
I/telpo_native(  775): 00
I/telpo_native(  775): 00
I/telpo_native(  775): 00
I/telpo_native(  775): 00
I/telpo_native(  775): 
D/telpo_native(26165): CallIntMethod return ret = 0 length = 20
D/telpo_native(  775): usb_printer_write data start!
D/telpo_native(  775): usb_printer_write start!
E/telpo_native(  775): ret = 25
D/telpo_native(  775): handle_emv_serial_read_write_cmd: usb write length = 25
E/telpo_native(  775): serial_read:start read
E/telpo_native(  775): serial_read:serial_read read_size = 0
D/telpo_native(  775): handle_emv_serial_read_write_cmd: usb_printer_read length = 20
I/telpo_native(  775): 0b
I/telpo_native(  775): b0
I/telpo_native(  775): 96
I/telpo_native(  775): 69
I/telpo_native(  775): 04
I/telpo_native(  775): 00
I/telpo_native(  775): 00
I/telpo_native(  775): 00
I/telpo_native(  775): 6d
I/telpo_native(  775): 00
I/telpo_native(  775): 04
I/telpo_native(  775): 01
I/telpo_native(  775): 00
I/telpo_native(  775): 00
I/telpo_native(  775): 00
I/telpo_native(  775): 00
I/telpo_native(  775): 00
I/telpo_native(  775): 00
I/telpo_native(  775): 00
I/telpo_native(  775): 00
I/telpo_native(  775): 
D/telpo_native(  775): handle_emv_serial_read_write_cmd: parse successfully!
I/telpo_native(  775): handle_emv_serial_read_write_cmd: receive data length is 20
I/telpo_native(  775): 0b
I/telpo_native(  775): b0
I/telpo_native(  775): 96
I/telpo_native(  775): 69
I/telpo_native(  775): 04
I/telpo_native(  775): 00
I/telpo_native(  775): 00
I/telpo_native(  775): 00
I/telpo_native(  775): 6d
I/telpo_native(  775): 00
I/telpo_native(  775): 04
I/telpo_native(  775): 01
I/telpo_native(  775): 00
I/telpo_native(  775): 00
I/telpo_native(  775): 00
I/telpo_native(  775): 00
I/telpo_native(  775): 00
I/telpo_native(  775): 00
I/telpo_native(  775): 00
I/telpo_native(  775): 00
I/telpo_native(  775): 
D/telpo_native(26165): CallIntMethod return ret = 0 length = 20
D/telpo_native(  775): usb_printer_write data start!
D/telpo_native(  775): usb_printer_write start!
E/telpo_native(  775): ret = 25
D/telpo_native(  775): handle_emv_serial_read_write_cmd: usb write length = 25
E/telpo_native(  775): serial_read:start read
E/telpo_native(  775): serial_read:serial_read read_size = 0
D/telpo_native(  775): handle_emv_serial_read_write_cmd: usb_printer_read length = 20
I/telpo_native(  775): 0b
I/telpo_native(  775): b0
I/telpo_native(  775): 96
I/telpo_native(  775): 69
I/telpo_native(  775): 04
I/telpo_native(  775): 00
I/telpo_native(  775): 00
I/telpo_native(  775): 00
I/telpo_native(  775): 6e
I/telpo_native(  775): 00
I/telpo_native(  775): 04
I/telpo_native(  775): 01
I/telpo_native(  775): 00
I/telpo_native(  775): 00
I/telpo_native(  775): 00
I/telpo_native(  775): 00
I/telpo_native(  775): 00
I/telpo_native(  775): 00
I/telpo_native(  775): 00
I/telpo_native(  775): 00
I/telpo_native(  775): 
D/telpo_native(  775): handle_emv_serial_read_write_cmd: parse successfully!
I/telpo_native(  775): handle_emv_serial_read_write_cmd: receive data length is 20
I/telpo_native(  775): 0b
I/telpo_native(  775): b0
I/telpo_native(  775): 96
I/telpo_native(  775): 69
I/telpo_native(  775): 04
I/telpo_native(  775): 00
I/telpo_native(  775): 00
I/telpo_native(  775): 00
I/telpo_native(  775): 6e
I/telpo_native(  775): 00
I/telpo_native(  775): 04
I/telpo_native(  775): 01
I/telpo_native(  775): 00
I/telpo_native(  775): 00
I/telpo_native(  775): 00
I/telpo_native(  775): 00
I/telpo_native(  775): 00
I/telpo_native(  775): 00
I/telpo_native(  775): 00
I/telpo_native(  775): 00
I/telpo_native(  775): 
D/telpo_native(26165): CallIntMethod return ret = 0 length = 20
D/telpo_native(  775): usb_printer_write data start!
D/telpo_native(  775): usb_printer_write start!
E/telpo_native(  775): ret = 25
D/telpo_native(  775): handle_emv_serial_read_write_cmd: usb write length = 25
E/telpo_native(  775): serial_read:start read
E/telpo_native(  775): serial_read:serial_read read_size = 0
D/telpo_native(  775): handle_emv_serial_read_write_cmd: usb_printer_read length = 20
I/telpo_native(  775): 0b
I/telpo_native(  775): b0
I/telpo_native(  775): 96
I/telpo_native(  775): 69
I/telpo_native(  775): 04
I/telpo_native(  775): 00
I/telpo_native(  775): 00
I/telpo_native(  775): 00
I/telpo_native(  775): 6f
I/telpo_native(  775): 00
I/telpo_native(  775): 04
I/telpo_native(  775): 01
I/telpo_native(  775): 00
I/telpo_native(  775): 00
I/telpo_native(  775): 00
I/telpo_native(  775): 00
I/telpo_native(  775): 00
I/telpo_native(  775): 00
I/telpo_native(  775): 00
I/telpo_native(  775): 00
I/telpo_native(  775): 
D/telpo_native(  775): handle_emv_serial_read_write_cmd: parse successfully!
I/telpo_native(  775): handle_emv_serial_read_write_cmd: receive data length is 20
I/telpo_native(  775): 0b
I/telpo_native(  775): b0
