06-11 18:51:25.283 E/Telpo EMV Implementation( 9326): all capks = com.telpo.emv.EmvCAPK@1df66cfd
06-11 18:51:25.283 D/Telpo EMV Implementation( 9326): Add CAPK result == 1
06-11 18:51:25.283 D/Telpo EMV Implementation( 9326): Selected RID == A000000004
06-11 18:51:25.283 D/Telpo EMV Implementation( 9326): Selected Capk == com.telpo.emv.EmvCAPK@1df66cfd
06-11 18:51:25.284 E/Telpo EMV Implementation( 9326): all capks = com.telpo.emv.EmvCAPK@1fcfadf2
06-11 18:51:25.284 D/Telpo EMV Implementation( 9326): Add CAPK result == 1
06-11 18:51:25.284 D/Telpo EMV Implementation( 9326): Selected RID == A000000004
06-11 18:51:25.284 D/Telpo EMV Implementation( 9326): Selected Capk == com.telpo.emv.EmvCAPK@1fcfadf2
06-11 18:51:25.285 E/Telpo EMV Implementation( 9326): all capks = com.telpo.emv.EmvCAPK@d98fc43
06-11 18:51:25.285 D/Telpo EMV Implementation( 9326): Add CAPK result == 1
06-11 18:51:25.286 D/Telpo EMV Implementation( 9326): Selected RID == A000000004
06-11 18:51:25.286 D/Telpo EMV Implementation( 9326): Selected Capk == com.telpo.emv.EmvCAPK@d98fc43
06-11 18:51:25.287 E/Telpo EMV Implementation( 9326): all capks = com.telpo.emv.EmvCAPK@5d202c0
06-11 18:51:25.287 D/Telpo EMV Implementation( 9326): Add CAPK result == 1
06-11 18:51:25.287 D/Telpo EMV Implementation( 9326): Selected RID == A000000004
06-11 18:51:25.287 D/Telpo EMV Implementation( 9326): Selected Capk == com.telpo.emv.EmvCAPK@5d202c0
06-11 18:51:25.288 E/Telpo EMV Implementation( 9326): all capks = com.telpo.emv.EmvCAPK@17c1dbf9
06-11 18:51:25.288 D/Telpo EMV Implementation( 9326): Add CAPK result == 1
06-11 18:51:25.288 D/Telpo EMV Implementation( 9326): Selected RID == A000000004
06-11 18:51:25.288 D/Telpo EMV Implementation( 9326): Selected Capk == com.telpo.emv.EmvCAPK@17c1dbf9
06-11 18:51:25.289 E/Telpo EMV Implementation( 9326): all capks = com.telpo.emv.EmvCAPK@a26b73e
06-11 18:51:25.289 D/Telpo EMV Implementation( 9326): Add CAPK result == 1
06-11 18:51:25.289 D/Telpo EMV Implementation( 9326): Selected RID == A000000004
06-11 18:51:25.289 D/Telpo EMV Implementation( 9326): Selected Capk == com.telpo.emv.EmvCAPK@a26b73e
06-11 18:51:25.289 E/Telpo EMV Implementation( 9326): all capks = com.telpo.emv.EmvCAPK@1645199f
06-11 18:51:25.289 D/Telpo EMV Implementation( 9326): Add CAPK result == 1
06-11 18:51:25.290 D/Telpo EMV Implementation( 9326): Selected RID == A000000004
06-11 18:51:25.290 D/Telpo EMV Implementation( 9326): Selected Capk == com.telpo.emv.EmvCAPK@1645199f
06-11 18:51:25.290 E/Telpo EMV Implementation( 9326): all capks = com.telpo.emv.EmvCAPK@39348aec
06-11 18:51:25.291 D/Telpo EMV Implementation( 9326): Add CAPK result == 1
06-11 18:51:25.291 D/Telpo EMV Implementation( 9326): Selected RID == A000000004
06-11 18:51:25.291 D/Telpo EMV Implementation( 9326): Selected Capk == com.telpo.emv.EmvCAPK@39348aec
06-11 18:51:25.292 E/Telpo EMV Implementation( 9326): all capks = com.telpo.emv.EmvCAPK@3c3b3eb5
06-11 18:51:25.292 D/Telpo EMV Implementation( 9326): Add CAPK result == 1
06-11 18:51:25.292 D/Telpo EMV Implementation( 9326): Selected RID == A000000004
06-11 18:51:25.292 D/Telpo EMV Implementation( 9326): Selected Capk == com.telpo.emv.EmvCAPK@3c3b3eb5
06-11 18:51:25.293 E/Telpo EMV Implementation( 9326): all capks = com.telpo.emv.EmvCAPK@2753094a
06-11 18:51:25.293 D/Telpo EMV Implementation( 9326): Add CAPK result == 1
06-11 18:51:25.293 D/Telpo EMV Implementation( 9326): Selected RID == A000000004
06-11 18:51:25.293 D/Telpo EMV Implementation( 9326): Selected Capk == com.telpo.emv.EmvCAPK@2753094a
06-11 18:51:25.294 E/Telpo EMV Implementation( 9326): all capks = com.telpo.emv.EmvCAPK@46bb0bb
06-11 18:51:25.294 D/Telpo EMV Implementation( 9326): Add CAPK result == 1
06-11 18:51:25.294 D/Telpo EMV Implementation( 9326): Selected RID == A000000004
06-11 18:51:25.294 D/Telpo EMV Implementation( 9326): Selected Capk == com.telpo.emv.EmvCAPK@46bb0bb
06-11 18:51:25.296 E/Telpo EMV Implementation( 9326): all capks = com.telpo.emv.EmvCAPK@1d5569d8
06-11 18:51:25.296 D/Telpo EMV Implementation( 9326): Add CAPK result == 1
06-11 18:51:25.296 D/Telpo EMV Implementation( 9326): Selected RID == A000000004
06-11 18:51:25.296 D/Telpo EMV Implementation( 9326): Selected Capk == com.telpo.emv.EmvCAPK@1d5569d8
06-11 18:51:25.298 E/Telpo EMV Implementation( 9326): all capks = com.telpo.emv.EmvCAPK@38ae1131
06-11 18:51:25.298 D/Telpo EMV Implementation( 9326): Add CAPK result == 1
06-11 18:51:25.298 D/Telpo EMV Implementation( 9326): Selected RID == A000000004
06-11 18:51:25.298 D/Telpo EMV Implementation( 9326): Selected Capk == com.telpo.emv.EmvCAPK@38ae1131
06-11 18:51:25.299 E/Telpo EMV Implementation( 9326): all capks = com.telpo.emv.EmvCAPK@28407016
06-11 18:51:25.299 D/Telpo EMV Implementation( 9326): Add CAPK result == 1
06-11 18:51:25.299 D/Telpo EMV Implementation( 9326): Selected RID == A000000004
06-11 18:51:25.299 D/Telpo EMV Implementation( 9326): Selected Capk == com.telpo.emv.EmvCAPK@28407016
06-11 18:51:25.300 E/Telpo EMV Implementation( 9326): all capks = com.telpo.emv.EmvCAPK@c9a9d97
06-11 18:51:25.300 D/Telpo EMV Implementation( 9326): Add CAPK result == 1
06-11 18:51:25.300 D/Telpo EMV Implementation( 9326): Selected RID == A000000004
06-11 18:51:25.300 D/Telpo EMV Implementation( 9326): Selected Capk == com.telpo.emv.EmvCAPK@c9a9d97
06-11 18:51:25.301 E/Telpo EMV Implementation( 9326): all capks = com.telpo.emv.EmvCAPK@33a34b84
06-11 18:51:25.301 D/Telpo EMV Implementation( 9326): Add CAPK result == 1
06-11 18:51:25.301 D/Telpo EMV Implementation( 9326): Selected RID == A000000004
06-11 18:51:25.301 D/Telpo EMV Implementation( 9326): Selected Capk == com.telpo.emv.EmvCAPK@33a34b84
06-11 18:51:25.302 E/Telpo EMV Implementation( 9326): all capks = com.telpo.emv.EmvCAPK@29a18f6d
06-11 18:51:25.302 D/Telpo EMV Implementation( 9326): Add CAPK result == 1
06-11 18:51:25.302 D/Telpo EMV Implementation( 9326): Selected RID == A000000004
06-11 18:51:25.302 D/Telpo EMV Implementation( 9326): Selected Capk == com.telpo.emv.EmvCAPK@29a18f6d
06-11 18:51:25.303 E/Telpo EMV Implementation( 9326): all capks = com.telpo.emv.EmvCAPK@ecb77a2
06-11 18:51:25.303 D/Telpo EMV Implementation( 9326): Add CAPK result == 1
06-11 18:51:25.303 D/Telpo EMV Implementation( 9326): Selected RID == A000000004
06-11 18:51:25.303 D/Telpo EMV Implementation( 9326): Selected Capk == com.telpo.emv.EmvCAPK@ecb77a2
06-11 18:51:25.303 E/Telpo EMV Implementation( 9326): all capks = com.telpo.emv.EmvCAPK@34617c33
06-11 18:51:25.303 D/Telpo EMV Implementation( 9326): Add CAPK result == 1
06-11 18:51:25.304 D/Telpo EMV Implementation( 9326): Selected RID == A000000004
06-11 18:51:25.304 D/Telpo EMV Implementation( 9326): Selected Capk == com.telpo.emv.EmvCAPK@34617c33
06-11 18:51:25.304 E/Telpo EMV Implementation( 9326): all capks = com.telpo.emv.EmvCAPK@3cb9bf0
06-11 18:51:25.304 D/Telpo EMV Implementation( 9326): Add CAPK result == 1
06-11 18:51:25.304 D/Telpo EMV Implementation( 9326): Selected RID == A000000004
06-11 18:51:25.304 D/Telpo EMV Implementation( 9326): Selected Capk == com.telpo.emv.EmvCAPK@3cb9bf0
06-11 18:51:25.306 E/Telpo EMV Implementation( 9326): all capks = com.telpo.emv.EmvCAPK@32d4b569
06-11 18:51:25.307 D/Telpo EMV Implementation( 9326): Add CAPK result == 1
06-11 18:51:25.307 D/Telpo EMV Implementation( 9326): Selected RID == A000000004
06-11 18:51:25.307 D/Telpo EMV Implementation( 9326): Selected Capk == com.telpo.emv.EmvCAPK@32d4b569
06-11 18:51:25.308 E/Telpo EMV Card Reader Implementation( 9326): Result code: 1
06-11 18:51:25.516 D/telpo_native(  768): usb_printer_write data start!
06-11 18:51:25.516 D/telpo_native(  768): usb_printer_write start!
06-11 18:51:25.516 E/telpo_native(  768): ret = 25
06-11 18:51:25.516 D/telpo_native(  768): handle_emv_serial_read_write_cmd: usb write length = 25
06-11 18:51:25.521 E/telpo_native(  768): serial_read:start read
06-11 18:51:25.521 E/telpo_native(  768): serial_read:serial_read read_size = 0
06-11 18:51:25.528 D/telpo_native(  768): handle_emv_serial_read_write_cmd: usb_printer_read length = 20
06-11 18:51:25.528 I/telpo_native(  768): 0b
06-11 18:51:25.528 I/telpo_native(  768): b0
06-11 18:51:25.528 I/telpo_native(  768): 96
06-11 18:51:25.528 I/telpo_native(  768): 69
06-11 18:51:25.529 I/telpo_native(  768): 04
06-11 18:51:25.529 I/telpo_native(  768): 00
06-11 18:51:25.529 I/telpo_native(  768): 00
06-11 18:51:25.529 I/telpo_native(  768): 00
06-11 18:51:25.529 I/telpo_native(  768): 3a
06-11 18:51:25.529 I/telpo_native(  768): 00
06-11 18:51:25.529 I/telpo_native(  768): 04
06-11 18:51:25.529 I/telpo_native(  768): 01
06-11 18:51:25.529 I/telpo_native(  768): 00
06-11 18:51:25.529 I/telpo_native(  768): 00
06-11 18:51:25.529 I/telpo_native(  768): 00
06-11 18:51:25.529 I/telpo_native(  768): 00
06-11 18:51:25.529 I/telpo_native(  768): 00
06-11 18:51:25.529 I/telpo_native(  768): 00
06-11 18:51:25.529 I/telpo_native(  768): 00
06-11 18:51:25.529 I/telpo_native(  768): 00
06-11 18:51:25.529 I/telpo_native(  768): 
06-11 18:51:25.529 D/telpo_native(  768): handle_emv_serial_read_write_cmd: parse successfully!
06-11 18:51:25.529 I/telpo_native(  768): handle_emv_serial_read_write_cmd: receive data length is 20
06-11 18:51:25.529 I/telpo_native(  768): 0b
06-11 18:51:25.529 I/telpo_native(  768): b0
06-11 18:51:25.529 I/telpo_native(  768): 96
06-11 18:51:25.529 I/telpo_native(  768): 69
06-11 18:51:25.529 I/telpo_native(  768): 04
06-11 18:51:25.529 I/telpo_native(  768): 00
06-11 18:51:25.529 I/telpo_native(  768): 00
06-11 18:51:25.529 I/telpo_native(  768): 00
06-11 18:51:25.529 I/telpo_native(  768): 3a
06-11 18:51:25.529 I/telpo_native(  768): 00
06-11 18:51:25.529 I/telpo_native(  768): 04
06-11 18:51:25.529 I/telpo_native(  768): 01
06-11 18:51:25.529 I/telpo_native(  768): 00
06-11 18:51:25.529 I/telpo_native(  768): 00
06-11 18:51:25.529 I/telpo_native(  768): 00
06-11 18:51:25.529 I/telpo_native(  768): 00
06-11 18:51:25.529 I/telpo_native(  768): 00
06-11 18:51:25.529 I/telpo_native(  768): 00
06-11 18:51:25.529 I/telpo_native(  768): 00
06-11 18:51:25.529 I/telpo_native(  768): 00
06-11 18:51:25.529 I/telpo_native(  768): 
06-11 18:51:25.532 D/telpo_native( 9326): CallIntMethod return ret = 0 length = 20
06-11 18:51:25.642 I/WindowManager(  768): Win Window{1103cfcc u0 android}: isVisibleOrBehindKeyguardLw=true
06-11 18:51:25.642 I/WindowManager(  768): Win Window{2be9037a u0 StatusBar}: isVisibleOrBehindKeyguardLw=true
06-11 18:51:25.642 I/WindowManager(  768): Win Window{29cc54da u0 Toast}: isVisibleOrBehindKeyguardLw=true
06-11 18:51:25.642 I/WindowManager(  768): Win Window{3ac79107 u0 com.interswitchng.interswitchpossdkdemo.telpo.v2.debug/com.interswitchng.smartpos.modules.main.MainActivity}: isVisibleOrBehindKeyguardLw=true
06-11 18:51:25.642 V/WindowManager(  768): Fullscreen window: Window{3ac79107 u0 com.interswitchng.interswitchpossdkdemo.telpo.v2.debug/com.interswitchng.smartpos.modules.main.MainActivity}
06-11 18:51:25.643 I/WindowManager(  768): Win Window{2bd17ad6 u0 com.android.phasebeam.PhaseBeamWallpaper}: isVisibleOrBehindKeyguardLw=false
06-11 18:51:25.643 I/WindowManager(  768): force=false forcefkg=false top=Window{3ac79107 u0 com.interswitchng.interswitchpossdkdemo.telpo.v2.debug/com.interswitchng.smartpos.modules.main.MainActivity}
06-11 18:51:25.643 D/WindowManager(  768): frame: Rect(0, 0 - 720, 1280) shown frame: RectF(0.0, 0.0, 720.0, 1280.0)
06-11 18:51:25.643 D/WindowManager(  768): attr: WM.LayoutParams{(0,0)(fillxfill) sim=#20 ty=1 fl=#81810100 wanim=0x1030467 vsysui=0x600 surfaceInsets=Rect(0, 0 - 0, 0) needsMenuKey=2} lp.flags=0x81810100
06-11 18:51:25.643 V/WindowManager(  768): ** SHOWING status bar: top is not fullscreen
06-11 18:51:25.643 V/WindowManager(  768): finishPostLayoutPolicyLw: mHideKeyguard=false
06-11 18:51:25.666 D/audio_hw_primary(  288): out_standby: enter: stream (0xb8c8d5d8) usecase(0: deep-buffer-playback)
06-11 18:51:25.725 D/BatteryMeterView( 2887): onDraw level = 73
06-11 18:51:25.881 D/soundtrigger(  288): audio_extn_sound_trigger_update_stream_status: uc_id 0 of type 0 for Event 2, with Raise=1
06-11 18:51:25.881 V/sound_trigger_hw(  288): handle_audio_concurrency: Enter, event type = 2
06-11 18:51:25.881 D/sound_trigger_platform(  288): platform_stdev_check_and_update_concurrency: concurrency active 0, tx 0, rx 0, concurrency session_allowed 1
06-11 18:51:25.881 D/hardware_info(  288): hw_info_append_hw_type : device_name = speaker
06-11 18:51:25.885 I/soundtrigger(  288): audio_extn_sound_trigger_update_device_status: device 0x2 of type 0 for Event 0, with Raise=0
06-11 18:51:26.039 D/telpo_native(  768): usb_printer_write data start!
06-11 18:51:26.039 D/telpo_native(  768): usb_printer_write start!
06-11 18:51:26.039 E/telpo_native(  768): ret = 25
06-11 18:51:26.039 D/telpo_native(  768): handle_emv_serial_read_write_cmd: usb write length = 25
06-11 18:51:26.052 E/telpo_native(  768): serial_read:start read
06-11 18:51:26.052 E/telpo_native(  768): serial_read:serial_read read_size = 0
06-11 18:51:26.052 D/telpo_native(  768): handle_emv_serial_read_write_cmd: usb_printer_read length = 20
06-11 18:51:26.052 I/telpo_native(  768): 0b
06-11 18:51:26.052 I/telpo_native(  768): b0
06-11 18:51:26.052 I/telpo_native(  768): 96
06-11 18:51:26.052 I/telpo_native(  768): 69
06-11 18:51:26.052 I/telpo_native(  768): 04
06-11 18:51:26.052 I/telpo_native(  768): 00
06-11 18:51:26.052 I/telpo_native(  768): 00
06-11 18:51:26.052 I/telpo_native(  768): 00
06-11 18:51:26.052 I/telpo_native(  768): 3b
06-11 18:51:26.052 I/telpo_native(  768): 00
06-11 18:51:26.052 I/telpo_native(  768): 04
06-11 18:51:26.052 I/telpo_native(  768): 01
06-11 18:51:26.052 I/telpo_native(  768): 00
06-11 18:51:26.052 I/telpo_native(  768): 00
06-11 18:51:26.052 I/telpo_native(  768): 00
06-11 18:51:26.052 I/telpo_native(  768): 00
06-11 18:51:26.052 I/telpo_native(  768): 00
06-11 18:51:26.052 I/telpo_native(  768): 00
06-11 18:51:26.052 I/telpo_native(  768): 00
06-11 18:51:26.052 I/telpo_native(  768): 00
06-11 18:51:26.052 I/telpo_native(  768): 
06-11 18:51:26.052 D/telpo_native(  768): handle_emv_serial_read_write_cmd: parse successfully!
06-11 18:51:26.052 I/telpo_native(  768): handle_emv_serial_read_write_cmd: receive data length is 20
06-11 18:51:26.052 I/telpo_native(  768): 0b
06-11 18:51:26.052 I/telpo_native(  768): b0
06-11 18:51:26.053 I/telpo_native(  768): 96
06-11 18:51:26.053 I/telpo_native(  768): 69
06-11 18:51:26.053 I/telpo_native(  768): 04
06-11 18:51:26.053 I/telpo_native(  768): 00
06-11 18:51:26.053 I/telpo_native(  768): 00
06-11 18:51:26.053 I/telpo_native(  768): 00
06-11 18:51:26.053 I/telpo_native(  768): 3b
06-11 18:51:26.053 I/telpo_native(  768): 00
06-11 18:51:26.053 I/telpo_native(  768): 04
06-11 18:51:26.053 I/telpo_native(  768): 01
06-11 18:51:26.053 I/telpo_native(  768): 00
06-11 18:51:26.053 I/telpo_native(  768): 00
06-11 18:51:26.053 I/telpo_native(  768): 00
06-11 18:51:26.053 I/telpo_native(  768): 00
06-11 18:51:26.053 I/telpo_native(  768): 00
06-11 18:51:26.053 I/telpo_native(  768): 00
06-11 18:51:26.053 I/telpo_native(  768): 00
06-11 18:51:26.053 I/telpo_native(  768): 00
06-11 18:51:26.053 I/telpo_native(  768): 
06-11 18:51:26.055 D/telpo_native( 9326): CallIntMethod return ret = 0 length = 20
06-11 18:51:26.242 D/BatteryMeterView( 2887): onDraw level = 83
06-11 18:51:26.261 I/SurfaceFlinger(  262): FPS: 29
06-11 18:51:26.311 D/Telpo EMV Card Reader Implementation( 9326): Offline approved
06-11 18:51:26.442 D/Telpo EMV Card Reader Implementation( 9326): cardPin-pinData from getTransactionInfo outside the let null
06-11 18:51:26.442 E/EMV_LIB ( 9326): <<< emv tlv tag Get [0x57] >>> [17]
06-11 18:51:26.442 E/EMV_LIB ( 9326): 51 99 11 07 54 30 94 55 D2 21 12 21 00 01 97 86 8F 
06-11 18:51:26.442 D/Telpo EMV Card Reader Implementation( 9326): cardPin from getTransactionInfo 
06-11 18:51:26.443 E/EMV_LIB ( 9326): <<< emv tlv tag Get [0x9F02] >>> [6]
06-11 18:51:26.443 E/EMV_LIB ( 9326): 00 00 00 00 00 01 
06-11 18:51:26.443 E/EMV_LIB ( 9326): <<< emv tlv tag Get [0x9F03] >>> [6]
06-11 18:51:26.443 E/EMV_LIB ( 9326): 00 00 00 00 00 00 
06-11 18:51:26.443 E/EMV_LIB ( 9326): <<< emv tlv tag Get [0x82] >>> [2]
06-11 18:51:26.443 E/EMV_LIB ( 9326): 39 00 
06-11 18:51:26.443 E/EMV_LIB ( 9326): <<< emv tlv tag Get [0x9F36] >>> [2]
06-11 18:51:26.443 E/EMV_LIB ( 9326): 06 D5 
06-11 18:51:26.443 E/EMV_LIB ( 9326): <<< emv tlv tag Get [0x9F27] >>> [1]
06-11 18:51:26.443 E/EMV_LIB ( 9326): 40 
06-11 18:51:26.443 E/EMV_LIB ( 9326): <<< emv tlv tag Get [0x9F26] >>> [8]
06-11 18:51:26.443 E/EMV_LIB ( 9326): 35 97 72 41 40 B0 DB 58 
06-11 18:51:26.443 E/EMV_LIB ( 9326): <<< emv tlv tag Get [0x9F34] >>> [3]
06-11 18:51:26.443 E/EMV_LIB ( 9326): 41 03 02 
06-11 18:51:26.444 E/EMV_LIB ( 9326): <<< emv tlv tag Get [0x9F10] >>> [18]
06-11 18:51:26.444 E/EMV_LIB ( 9326): 01 10 65 00 03 02 00 00 00 00 00 00 00 00 00 00 00 FF 
06-11 18:51:26.444 E/EMV_LIB ( 9326): <<< emv tlv tag Get [0x95] >>> [5]
06-11 18:51:26.444 E/EMV_LIB ( 9326): 04 80 00 00 00 
06-11 18:51:26.444 E/EMV_LIB ( 9326): <<< emv tlv tag Get [0x5F2A] >>> [2]
06-11 18:51:26.444 E/EMV_LIB ( 9326): 05 66 
06-11 18:51:26.444 E/EMV_LIB ( 9326): <<< emv tlv tag Get [0x5F2A] >>> [2]
06-11 18:51:26.444 E/EMV_LIB ( 9326): 05 66 
06-11 18:51:26.444 E/EMV_LIB ( 9326): <<< emv tlv tag Get [0x9F35] >>> [1]
06-11 18:51:26.444 E/EMV_LIB ( 9326): 22 
06-11 18:51:26.444 E/EMV_LIB ( 9326): <<< emv tlv tag Get [0x9F33] >>> [3]
06-11 18:51:26.444 E/EMV_LIB ( 9326): E0 F0 C8 
06-11 18:51:26.444 E/EMV_LIB ( 9326): <<< emv tlv tag Get [0x9A] >>> [3]
06-11 18:51:26.444 E/EMV_LIB ( 9326): 20 06 11 
06-11 18:51:26.444 E/EMV_LIB ( 9326): <<< emv tlv tag Get [0x9C] >>> [1]
06-11 18:51:26.444 E/EMV_LIB ( 9326): 00 
06-11 18:51:26.444 E/EMV_LIB ( 9326): <<< emv tlv tag Get [0x9F37] >>> [4]
06-11 18:51:26.444 E/EMV_LIB ( 9326): 0C 66 FF 92 
06-11 18:51:26.449 E/EMV_LIB ( 9326): <<< emv tlv tag Get [0x9F26] >>> [8]
06-11 18:51:26.450 E/EMV_LIB ( 9326): 35 97 72 41 40 B0 DB 58 
06-11 18:51:26.450 E/EMV_LIB ( 9326): <<< emv tlv tag Get [0x9F27] >>> [1]
06-11 18:51:26.450 E/EMV_LIB ( 9326): 40 
06-11 18:51:26.450 E/EMV_LIB ( 9326): <<< emv tlv tag Get [0x9F10] >>> [18]
06-11 18:51:26.450 E/EMV_LIB ( 9326): 01 10 65 00 03 02 00 00 00 00 00 00 00 00 00 00 00 FF 
06-11 18:51:26.450 E/EMV_LIB ( 9326): <<< emv tlv tag Get [0x9F37] >>> [4]
06-11 18:51:26.450 E/EMV_LIB ( 9326): 0C 66 FF 92 
06-11 18:51:26.450 E/EMV_LIB ( 9326): <<< emv tlv tag Get [0x9F36] >>> [2]
06-11 18:51:26.450 E/EMV_LIB ( 9326): 06 D5 
06-11 18:51:26.450 E/EMV_LIB ( 9326): <<< emv tlv tag Get [0x95] >>> [5]
06-11 18:51:26.450 E/EMV_LIB ( 9326): 04 80 00 00 00 
06-11 18:51:26.450 E/EMV_LIB ( 9326): <<< emv tlv tag Get [0x9A] >>> [3]
06-11 18:51:26.450 E/EMV_LIB ( 9326): 20 06 11 
06-11 18:51:26.450 E/EMV_LIB ( 9326): <<< emv tlv tag Get [0x9C] >>> [1]
06-11 18:51:26.450 E/EMV_LIB ( 9326): 00 
06-11 18:51:26.450 E/EMV_LIB ( 9326): <<< emv tlv tag Get [0x9F02] >>> [6]
06-11 18:51:26.450 E/EMV_LIB ( 9326): 00 00 00 00 00 01 
06-11 18:51:26.450 E/EMV_LIB ( 9326): <<< emv tlv tag Get [0x5F2A] >>> [2]
06-11 18:51:26.450 E/EMV_LIB ( 9326): 05 66 
06-11 18:51:26.450 E/EMV_LIB ( 9326): <<< emv tlv tag Get [0x82] >>> [2]
06-11 18:51:26.450 E/EMV_LIB ( 9326): 39 00 
06-11 18:51:26.450 E/EMV_LIB ( 9326): <<< emv tlv tag Get [0x9F1A] >>> [2]
06-11 18:51:26.451 E/EMV_LIB ( 9326): 05 66 
06-11 18:51:26.451 E/EMV_LIB ( 9326): <<< emv tlv tag Get [0x9F34] >>> [3]
06-11 18:51:26.451 E/EMV_LIB ( 9326): 41 03 02 
06-11 18:51:26.451 E/EMV_LIB ( 9326): <<< emv tlv tag Get [0x9F33] >>> [3]
06-11 18:51:26.451 E/EMV_LIB ( 9326): E0 F0 C8 
06-11 18:51:26.451 E/EMV_LIB ( 9326): <<< emv tlv tag Get [0x9F35] >>> [1]
06-11 18:51:26.451 E/EMV_LIB ( 9326): 22 
06-11 18:51:26.451 E/EMV_LIB ( 9326): <<< emv tlv tag Get [0x84] >>> [7]
06-11 18:51:26.451 E/EMV_LIB ( 9326): A0 00 00 00 04 10 10 
06-11 18:51:26.451 E/EMV_LIB ( 9326): <<< emv tlv tag Get [0x9F09] >>> [2]
06-11 18:51:26.451 E/EMV_LIB ( 9326): 00 20 
06-11 18:51:26.451 E/EMV_LIB ( 9326): <<< emv tlv tag Get [0x9F03] >>> [6]
06-11 18:51:26.451 E/EMV_LIB ( 9326): 00 00 00 00 00 00 
06-11 18:51:26.451 E/EMV_LIB ( 9326): <<< emv tlv tag Get [0x5F34] >>> [1]
06-11 18:51:26.451 E/EMV_LIB ( 9326): 00 
06-11 18:51:26.452 E/EMV_LIB ( 9326): <<< emv tlv tag Get [0x9F09] >>> [2]
06-11 18:51:26.452 E/EMV_LIB ( 9326): 00 20 
06-11 18:51:26.452 E/EMV_LIB ( 9326): <<< emv tlv tag Get [0x9F06] >>> [7]
06-11 18:51:26.452 E/EMV_LIB ( 9326): A0 00 00 00 04 10 10 
06-11 18:51:26.452 E/EMV_LIB ( 9326): <<< emv tlv tag Get [0x5F34] >>> [1]
06-11 18:51:26.452 E/EMV_LIB ( 9326): 00 
06-11 18:51:26.535 D/amount kimono( 9326): 1
06-11 18:51:26.536 E/purchaserequest( 9326): 000000000001
06-11 18:51:26.558 D/telpo_native(  768): usb_printer_write data start!
06-11 18:51:26.558 D/telpo_native(  768): usb_printer_write start!
06-11 18:51:26.558 E/telpo_native(  768): ret = 25
06-11 18:51:26.558 D/telpo_native(  768): handle_emv_serial_read_write_cmd: usb write length = 25
06-11 18:51:26.561 D/OkHttp  ( 9326): --> POST https://kimono.interswitchng.com/kmw/kimonoservice http/1.1
06-11 18:51:26.561 D/OkHttp  ( 9326): Content-Type: text/xml
06-11 18:51:26.561 D/OkHttp  ( 9326): Content-Length: 1830
06-11 18:51:26.561 D/OkHttp  ( 9326): Accept: application/xml
06-11 18:51:26.561 D/OkHttp  ( 9326): Accept-Charset: utf-8
06-11 18:51:26.562 D/OkHttp  ( 9326): <?xml version="1.0" encoding="UTF-8" ?><purchaseRequest>
06-11 18:51:26.562 D/OkHttp  ( 9326):            <terminalInformation><batteryInformation>-1</batteryInformation> <currencyCode>566</currencyCode><languageInfo>EN</languageInfo><merchantId>2ISW1234567TEST</merchantId><merhcantLocation>1648C Oko-Awo Street,    Victoria Island</merhcantLocation> <posConditionCode>00</posConditionCode> <posDataCode>511101511344101</posDataCode> <posEntryMode>051</posEntryMode> <posGeoCode>00234000000000566</posGeoCode> <printerStatus>1</printerStatus><terminalId>2ISW0001</terminalId> <terminalType>TELPO</terminalType> <transmissionDate>2020-06-163T18:51:26</transmissionDate> <uniqueId></uniqueId></terminalInformation><cardData><cardSequenceNumber>000</cardSequenceNumber> <track2><pan>5199110754309455</pan> <expiryMonth>11</expiryMonth> <expiryYear>22</expiryYear> <track2>5199110754309455D2211221000197868F</track2></track2><emvData><AmountAuthorized>000000000001</AmountAuthorized> <AmountOther>000000000000</AmountOther> <ApplicationInterchangeProfile>3900</ApplicationInterchangeProfile> <atc>06D5</atc><Cryptogram>3597724140B0DB58</Cryptogram> <CryptogramInformationData>40</CryptogramInformationData> <CvmResults>410302</CvmResults><iad>0110650003020000000000000000000000FF</iad> <TransactionCurrencyCode>566</TransactionCurrencyCode> <TerminalVerificationResult>0480000000</TerminalVerificationResult> <TerminalCountryCode>566</TerminalCountryCode> <TerminalType>22</TerminalType> <TerminalCapabilities>E0F0C8</TerminalCapabilities> <TransactionDate>200611</TransactionDate> <TransactionType>00</TransactionType> <UnpredictableNumber>0C66FF92</UnpredictableNumber> <DedicatedFileName></DedicatedFileName></emvData></cardData><fromAccount>Savings</fromAccount> <stan>000062</stan> <minorAmount>1</minorAmount>  <keyLabel>000002</keyLabel></purchaseRequest>
06-11 18:51:26.562 D/OkHttp  ( 9326):         
06-11 18:51:26.562 D/OkHttp  ( 9326): --> END POST (1830-byte body)
06-11 18:51:26.567 E/telpo_native(  768): serial_read:start read
06-11 18:51:26.567 E/telpo_native(  768): serial_read:serial_read read_size = 0
06-11 18:51:26.567 D/telpo_native(  768): handle_emv_serial_read_write_cmd: usb_printer_read length = 20
06-11 18:51:26.567 I/telpo_native(  768): 0b
06-11 18:51:26.567 I/telpo_native(  768): b0
06-11 18:51:26.567 I/telpo_native(  768): 96
06-11 18:51:26.567 I/telpo_native(  768): 69
06-11 18:51:26.567 I/telpo_native(  768): 04
06-11 18:51:26.567 I/telpo_native(  768): 00
06-11 18:51:26.567 I/telpo_native(  768): 00
06-11 18:51:26.567 I/telpo_native(  768): 00
06-11 18:51:26.567 I/telpo_native(  768): 3c
06-11 18:51:26.567 I/telpo_native(  768): 00
06-11 18:51:26.567 I/telpo_native(  768): 04
06-11 18:51:26.567 I/telpo_native(  768): 01
06-11 18:51:26.567 I/telpo_native(  768): 00
06-11 18:51:26.567 I/telpo_native(  768): 00
06-11 18:51:26.567 I/telpo_native(  768): 00
06-11 18:51:26.567 I/telpo_native(  768): 00
06-11 18:51:26.567 I/telpo_native(  768): 00
06-11 18:51:26.567 I/telpo_native(  768): 00
06-11 18:51:26.567 I/telpo_native(  768): 00
06-11 18:51:26.567 I/telpo_native(  768): 00
06-11 18:51:26.567 I/telpo_native(  768): 
06-11 18:51:26.567 D/telpo_native(  768): handle_emv_serial_read_write_cmd: parse successfully!
06-11 18:51:26.567 I/telpo_native(  768): handle_emv_serial_read_write_cmd: receive data length is 20
06-11 18:51:26.567 I/telpo_native(  768): 0b
06-11 18:51:26.567 I/telpo_native(  768): b0
06-11 18:51:26.567 I/telpo_native(  768): 96
06-11 18:51:26.567 I/telpo_native(  768): 69
06-11 18:51:26.567 I/telpo_native(  768): 04
06-11 18:51:26.567 I/telpo_native(  768): 00
06-11 18:51:26.568 I/telpo_native(  768): 00
06-11 18:51:26.568 I/telpo_native(  768): 00
06-11 18:51:26.568 I/telpo_native(  768): 3c
06-11 18:51:26.568 I/telpo_native(  768): 00
06-11 18:51:26.568 I/telpo_native(  768): 04
06-11 18:51:26.568 I/telpo_native(  768): 01
06-11 18:51:26.568 I/telpo_native(  768): 00
06-11 18:51:26.568 I/telpo_native(  768): 00
06-11 18:51:26.568 I/telpo_native(  768): 00
06-11 18:51:26.568 I/telpo_native(  768): 00
06-11 18:51:26.568 I/telpo_native(  768): 00
06-11 18:51:26.568 I/telpo_native(  768): 00
06-11 18:51:26.568 I/telpo_native(  768): 00
06-11 18:51:26.568 I/telpo_native(  768): 00
06-11 18:51:26.568 I/telpo_native(  768): 
06-11 18:51:26.568 D/telpo_native( 9326): CallIntMethod return ret = 0 length = 20
06-11 18:51:26.758 D/BatteryMeterView( 2887): onDraw level = 93
06-11 18:51:26.867 D/wpa_supplicant( 3753): wlan0: Control interface command 'SIGNAL_POLL'
06-11 18:51:26.870 V/WLAN_PSA(  300): NL MSG, len[4029], NL type[0x1C] WNI type[0x5900] len[42255]
06-11 18:51:26.870 V/WLAN_PSA(  300): NL MSG, PID: 300
06-11 18:51:26.873 D/StatusBar.MSimNetworkController( 2887): refreshViews phoneId =0mMSimDataConnected =false
06-11 18:51:26.873 D/StatusBar.MSimNetworkController( 2887): refreshViews mMSimDataActivity =0
06-11 18:51:26.880 D/StatusBar.MSimNetworkController( 2887): refreshViews: Data not connected!! Set no data type icon / Roaming for phoneId: 0
06-11 18:51:26.880 D/StatusBar.MSimNetworkController( 2887): refreshViews connected={ wifi } level=0 mMSimcombinedSignalIconId=0x7f020352/com.android.systemui:drawable/stat_sys_wifi_signal_4_fully mMSimcombinedActivityIconId=0x7f020347 mAirplaneMode=false mMSimDataActivity=0 mMSimPhoneSignalIconId=0x7f020339/com.android.systemui:drawable/stat_sys_signal_null mMSimDataDirectionIconId=0x0 mMSimDataSignalIconId=0x7f020339 mMSimDataTypeIconId=0x0/(null) mNoMSimIconId=0x7f02009a/com.android.systemui:drawable/ic_qs_no_sim mMSimMobileActivityIconId=0x0/(null) mWifiIconId=0x7f020352 mBluetoothTetherIconId=0x10806a2
06-11 18:51:26.881 D/MSimSignalClusterView( 2887): wifi: VISIBLE sig=2130838354 act=2130838343
06-11 18:51:26.881 D/MSimSignalClusterView( 2887): mobile[0]: VISIBLE sig=2130838329 type=0
06-11 18:51:26.882 D/MSimSignalClusterView( 2887): wifi: VISIBLE sig=2130838354 act=2130838343
06-11 18:51:26.882 D/MSimSignalClusterView( 2887): mobile[1]: VISIBLE sig=2130838329 type=0
06-11 18:51:26.882 D/MSimSignalClusterView( 2887): wifi: VISIBLE sig=2130838354 act=2130838343
06-11 18:51:26.882 D/MSimSignalClusterView( 2887): mobile[0]: VISIBLE sig=2130838329 type=0
06-11 18:51:26.882 D/MSimSignalClusterView( 2887): wifi: VISIBLE sig=2130838354 act=2130838343
06-11 18:51:26.883 D/MSimSignalClusterView( 2887): mobile[0]: VISIBLE sig=2130838329 type=0
06-11 18:51:26.883 D/MSimSignalClusterView( 2887): wifi: VISIBLE sig=2130838354 act=2130838343
06-11 18:51:26.883 D/MSimSignalClusterView( 2887): mobile[0]: VISIBLE sig=2130838329 type=0
06-11 18:51:26.883 D/MSimSignalClusterView( 2887): wifi: VISIBLE sig=2130838354 act=2130838343
06-11 18:51:26.883 D/MSimSignalClusterView( 2887): mobile[1]: VISIBLE sig=2130838329 type=0
06-11 18:51:26.883 D/StatusBar.MSimNetworkController( 2887): refreshSignalCluster, mMSimPhoneSignalIconId[0]=com.android.systemui:drawable/stat_sys_signal_null mMSimDataSignalIconId[0]=com.android.systemui:drawable/stat_sys_signal_null mMSimDataTypeIconId[0]=(null) mMSimMobileActivityIconId[0]=(null) mNoMSimIconId[0]=com.android.systemui:drawable/ic_qs_no_sim
06-11 18:51:26.884 D/MSimSignalClusterView( 2887): wifi: VISIBLE sig=2130838354 act=2130838343
06-11 18:51:26.884 D/MSimSignalClusterView( 2887): mobile[0]: VISIBLE sig=2130838329 type=0
06-11 18:51:26.884 D/MSimSignalClusterView( 2887): wifi: VISIBLE sig=2130838354 act=2130838343
06-11 18:51:26.884 D/MSimSignalClusterView( 2887): mobile[1]: VISIBLE sig=2130838329 type=0
06-11 18:51:26.884 D/MSimSignalClusterView( 2887): wifi: VISIBLE sig=2130838354 act=2130838343
06-11 18:51:26.884 D/MSimSignalClusterView( 2887): mobile[0]: VISIBLE sig=2130838329 type=0
06-11 18:51:26.884 D/MSimSignalClusterView( 2887): wifi: VISIBLE sig=2130838354 act=2130838343
06-11 18:51:26.885 D/MSimSignalClusterView( 2887): mobile[0]: VISIBLE sig=2130838329 type=0
06-11 18:51:26.885 D/MSimSignalClusterView( 2887): wifi: VISIBLE sig=2130838354 act=2130838343
06-11 18:51:26.885 D/MSimSignalClusterView( 2887): mobile[0]: VISIBLE sig=2130838329 type=0
06-11 18:51:26.886 D/MSimSignalClusterView( 2887): wifi: VISIBLE sig=2130838354 act=2130838343
06-11 18:51:26.886 D/MSimSignalClusterView( 2887): mobile[1]: VISIBLE sig=2130838329 type=0
06-11 18:51:26.886 D/StatusBar.MSimNetworkController( 2887): refreshSignalCluster, mMSimPhoneSignalIconId[0]=com.android.systemui:drawable/stat_sys_signal_null mMSimDataSignalIconId[0]=com.android.systemui:drawable/stat_sys_signal_null mMSimDataTypeIconId[0]=(null) mMSimMobileActivityIconId[0]=(null) mNoMSimIconId[0]=com.android.systemui:drawable/ic_qs_no_sim
06-11 18:51:26.886 D/MSimSignalClusterView( 2887): wifi: VISIBLE sig=2130838354 act=2130838343
06-11 18:51:26.887 D/MSimSignalClusterView( 2887): mobile[0]: VISIBLE sig=2130838329 type=0
06-11 18:51:26.887 D/MSimSignalClusterView( 2887): wifi: VISIBLE sig=2130838354 act=2130838343
06-11 18:51:26.887 D/MSimSignalClusterView( 2887): mobile[1]: VISIBLE sig=2130838329 type=0
06-11 18:51:26.887 D/MSimSignalClusterView( 2887): wifi: VISIBLE sig=2130838354 act=2130838343
06-11 18:51:26.887 D/MSimSignalClusterView( 2887): mobile[0]: VISIBLE sig=2130838329 type=0
06-11 18:51:26.887 D/MSimSignalClusterView( 2887): wifi: VISIBLE sig=2130838354 act=2130838343
06-11 18:51:26.888 D/MSimSignalClusterView( 2887): mobile[0]: VISIBLE sig=2130838329 type=0
06-11 18:51:26.888 D/MSimSignalClusterView( 2887): wifi: VISIBLE sig=2130838354 act=2130838343
06-11 18:51:26.888 D/MSimSignalClusterView( 2887): mobile[0]: VISIBLE sig=2130838329 type=0
06-11 18:51:26.888 D/MSimSignalClusterView( 2887): wifi: VISIBLE sig=2130838354 act=2130838343
06-11 18:51:26.888 D/MSimSignalClusterView( 2887): mobile[1]: VISIBLE sig=2130838329 type=0
06-11 18:51:26.888 D/StatusBar.MSimNetworkController( 2887): refreshSignalCluster, mMSimPhoneSignalIconId[0]=com.android.systemui:drawable/stat_sys_signal_null mMSimDataSignalIconId[0]=com.android.systemui:drawable/stat_sys_signal_null mMSimDataTypeIconId[0]=(null) mMSimMobileActivityIconId[0]=(null) mNoMSimIconId[0]=com.android.systemui:drawable/ic_qs_no_sim
06-11 18:51:26.889 D/MSimSignalClusterView( 2887): wifi: VISIBLE sig=2130838354 act=2130838343
06-11 18:51:26.889 D/MSimSignalClusterView( 2887): mobile[0]: VISIBLE sig=2130838329 type=0
06-11 18:51:26.889 D/MSimSignalClusterView( 2887): wifi: VISIBLE sig=2130838354 act=2130838343
06-11 18:51:26.889 D/MSimSignalClusterView( 2887): mobile[1]: VISIBLE sig=2130838329 type=0
06-11 18:51:26.898 D/MSimSignalClusterView( 2887): wifi: VISIBLE sig=2130838354 act=2130838343
06-11 18:51:26.898 D/MSimSignalClusterView( 2887): mobile[0]: VISIBLE sig=2130838329 type=0
06-11 18:51:26.898 D/MSimSignalClusterView( 2887): wifi: VISIBLE sig=2130838354 act=2130838343
06-11 18:51:26.899 D/MSimSignalClusterView( 2887): mobile[0]: VISIBLE sig=2130838329 type=0
06-11 18:51:26.899 D/MSimSignalClusterView( 2887): wifi: VISIBLE sig=2130838354 act=2130838343
06-11 18:51:26.899 D/MSimSignalClusterView( 2887): mobile[0]: VISIBLE sig=2130838329 type=0
06-11 18:51:26.899 D/MSimSignalClusterView( 2887): wifi: VISIBLE sig=2130838354 act=2130838343
06-11 18:51:26.899 D/MSimSignalClusterView( 2887): mobile[1]: VISIBLE sig=2130838329 type=0
06-11 18:51:26.899 D/StatusBar.MSimNetworkController( 2887): refreshSignalCluster, mMSimPhoneSignalIconId[0]=com.android.systemui:drawable/stat_sys_signal_null mMSimDataSignalIconId[0]=com.android.systemui:drawable/stat_sys_signal_null mMSimDataTypeIconId[0]=(null) mMSimMobileActivityIconId[0]=(null) mNoMSimIconId[0]=com.android.systemui:drawable/ic_qs_no_sim
06-11 18:51:27.083 D/telpo_native(  768): usb_printer_write data start!
06-11 18:51:27.083 D/telpo_native(  768): usb_printer_write start!
06-11 18:51:27.083 E/telpo_native(  768): ret = 25
06-11 18:51:27.083 D/telpo_native(  768): handle_emv_serial_read_write_cmd: usb write length = 25
06-11 18:51:27.088 E/telpo_native(  768): serial_read:start read
06-11 18:51:27.088 E/telpo_native(  768): serial_read:serial_read read_size = 0
06-11 18:51:27.104 D/telpo_native(  768): handle_emv_serial_read_write_cmd: usb_printer_read length = 20
06-11 18:51:27.104 I/telpo_native(  768): 0b
06-11 18:51:27.104 I/telpo_native(  768): b0
06-11 18:51:27.104 I/telpo_native(  768): 96
06-11 18:51:27.104 I/telpo_native(  768): 69
06-11 18:51:27.104 I/telpo_native(  768): 04
06-11 18:51:27.104 I/telpo_native(  768): 00
06-11 18:51:27.104 I/telpo_native(  768): 00
06-11 18:51:27.104 I/telpo_native(  768): 00
06-11 18:51:27.104 I/telpo_native(  768): 3d
06-11 18:51:27.104 I/telpo_native(  768): 00
06-11 18:51:27.104 I/telpo_native(  768): 04
06-11 18:51:27.104 I/telpo_native(  768): 01
06-11 18:51:27.104 I/telpo_native(  768): 00
06-11 18:51:27.104 I/telpo_native(  768): 00
06-11 18:51:27.104 I/telpo_native(  768): 00
06-11 18:51:27.104 I/telpo_native(  768): 00
06-11 18:51:27.104 I/telpo_native(  768): 00
06-11 18:51:27.104 I/telpo_native(  768): 00
06-11 18:51:27.104 I/telpo_native(  768): 00
06-11 18:51:27.104 I/telpo_native(  768): 00
06-11 18:51:27.104 I/telpo_native(  768): 
06-11 18:51:27.104 D/telpo_native(  768): handle_emv_serial_read_write_cmd: parse successfully!
06-11 18:51:27.104 I/telpo_native(  768): handle_emv_serial_read_write_cmd: receive data length is 20
06-11 18:51:27.104 I/telpo_native(  768): 0b
06-11 18:51:27.104 I/telpo_native(  768): b0
06-11 18:51:27.104 I/telpo_native(  768): 96
06-11 18:51:27.104 I/telpo_native(  768): 69
06-11 18:51:27.104 I/telpo_native(  768): 04
06-11 18:51:27.104 I/telpo_native(  768): 00
06-11 18:51:27.104 I/telpo_native(  768): 00
06-11 18:51:27.104 I/telpo_native(  768): 00
06-11 18:51:27.104 I/telpo_native(  768): 3d
06-11 18:51:27.104 I/telpo_native(  768): 00
06-11 18:51:27.104 I/telpo_native(  768): 04
06-11 18:51:27.105 I/telpo_native(  768): 01
06-11 18:51:27.105 I/telpo_native(  768): 00
06-11 18:51:27.105 I/telpo_native(  768): 00
06-11 18:51:27.105 I/telpo_native(  768): 00
06-11 18:51:27.105 I/telpo_native(  768): 00
06-11 18:51:27.105 I/telpo_native(  768): 00
06-11 18:51:27.105 I/telpo_native(  768): 00
06-11 18:51:27.105 I/telpo_native(  768): 00
06-11 18:51:27.105 I/telpo_native(  768): 00
06-11 18:51:27.105 I/telpo_native(  768): 
06-11 18:51:27.113 D/telpo_native( 9326): CallIntMethod return ret = 0 length = 20
06-11 18:51:27.275 D/BatteryMeterView( 2887): onDraw level = 100
06-11 18:51:27.311 I/SurfaceFlinger(  262): FPS: 44
06-11 18:51:27.624 D/telpo_native(  768): usb_printer_write data start!
06-11 18:51:27.624 D/telpo_native(  768): usb_printer_write start!
06-11 18:51:27.624 E/telpo_native(  768): ret = 25
06-11 18:51:27.624 D/telpo_native(  768): handle_emv_serial_read_write_cmd: usb write length = 25
06-11 18:51:27.629 E/telpo_native(  768): serial_read:start read
06-11 18:51:27.629 E/telpo_native(  768): serial_read:serial_read read_size = 0
06-11 18:51:27.634 D/telpo_native(  768): handle_emv_serial_read_write_cmd: usb_printer_read length = 20
06-11 18:51:27.634 I/telpo_native(  768): 0b
06-11 18:51:27.634 I/telpo_native(  768): b0
06-11 18:51:27.634 I/telpo_native(  768): 96
06-11 18:51:27.634 I/telpo_native(  768): 69
06-11 18:51:27.634 I/telpo_native(  768): 04
06-11 18:51:27.634 I/telpo_native(  768): 00
06-11 18:51:27.634 I/telpo_native(  768): 00
06-11 18:51:27.634 I/telpo_native(  768): 00
06-11 18:51:27.634 I/telpo_native(  768): 3e
06-11 18:51:27.634 I/telpo_native(  768): 00
06-11 18:51:27.634 I/telpo_native(  768): 04
06-11 18:51:27.634 I/telpo_native(  768): 01
06-11 18:51:27.634 I/telpo_native(  768): 00
06-11 18:51:27.634 I/telpo_native(  768): 00
06-11 18:51:27.634 I/telpo_native(  768): 00
06-11 18:51:27.634 I/telpo_native(  768): 00
06-11 18:51:27.634 I/telpo_native(  768): 00
06-11 18:51:27.634 I/telpo_native(  768): 00
06-11 18:51:27.635 I/telpo_native(  768): 00
06-11 18:51:27.635 I/telpo_native(  768): 00
06-11 18:51:27.635 I/telpo_native(  768): 
06-11 18:51:27.635 D/telpo_native(  768): handle_emv_serial_read_write_cmd: parse successfully!
06-11 18:51:27.635 I/telpo_native(  768): handle_emv_serial_read_write_cmd: receive data length is 20
06-11 18:51:27.635 I/telpo_native(  768): 0b
06-11 18:51:27.635 I/telpo_native(  768): b0
06-11 18:51:27.635 I/telpo_native(  768): 96
06-11 18:51:27.635 I/telpo_native(  768): 69
06-11 18:51:27.635 I/telpo_native(  768): 04
06-11 18:51:27.635 I/telpo_native(  768): 00
06-11 18:51:27.635 I/telpo_native(  768): 00
06-11 18:51:27.635 I/telpo_native(  768): 00
06-11 18:51:27.635 I/telpo_native(  768): 3e
06-11 18:51:27.635 I/telpo_native(  768): 00
06-11 18:51:27.635 I/telpo_native(  768): 04
06-11 18:51:27.635 I/telpo_native(  768): 01
06-11 18:51:27.635 I/telpo_native(  768): 00
06-11 18:51:27.635 I/telpo_native(  768): 00
06-11 18:51:27.635 I/telpo_native(  768): 00
06-11 18:51:27.635 I/telpo_native(  768): 00
06-11 18:51:27.635 I/telpo_native(  768): 00
06-11 18:51:27.635 I/telpo_native(  768): 00
06-11 18:51:27.635 I/telpo_native(  768): 00
06-11 18:51:27.635 I/telpo_native(  768): 00
06-11 18:51:27.635 I/telpo_native(  768): 
06-11 18:51:27.637 D/telpo_native( 9326): CallIntMethod return ret = 0 length = 20
06-11 18:51:27.792 D/BatteryMeterView( 2887): onDraw level = 3
06-11 18:51:27.845 D/StatusBar.MSimNetworkController( 2887): refreshViews phoneId =0mMSimDataConnected =false
06-11 18:51:27.845 D/StatusBar.MSimNetworkController( 2887): refreshViews mMSimDataActivity =0
06-11 18:51:27.847 D/StatusBar.MSimNetworkController( 2887): refreshViews: Data not connected!! Set no data type icon / Roaming for phoneId: 0
06-11 18:51:27.847 D/StatusBar.MSimNetworkController( 2887): refreshViews connected={ wifi } level=0 mMSimcombinedSignalIconId=0x7f020352/com.android.systemui:drawable/stat_sys_wifi_signal_4_fully mMSimcombinedActivityIconId=0x7f020348 mAirplaneMode=false mMSimDataActivity=0 mMSimPhoneSignalIconId=0x7f020339/com.android.systemui:drawable/stat_sys_signal_null mMSimDataDirectionIconId=0x0 mMSimDataSignalIconId=0x7f020339 mMSimDataTypeIconId=0x0/(null) mNoMSimIconId=0x7f02009a/com.android.systemui:drawable/ic_qs_no_sim mMSimMobileActivityIconId=0x0/(null) mWifiIconId=0x7f020352 mBluetoothTetherIconId=0x10806a2
06-11 18:51:27.849 D/MSimSignalClusterView( 2887): wifi: VISIBLE sig=2130838354 act=2130838344
06-11 18:51:27.850 D/MSimSignalClusterView( 2887): mobile[0]: VISIBLE sig=2130838329 type=0
06-11 18:51:27.850 D/MSimSignalClusterView( 2887): wifi: VISIBLE sig=2130838354 act=2130838344
06-11 18:51:27.850 D/MSimSignalClusterView( 2887): mobile[1]: VISIBLE sig=2130838329 type=0
06-11 18:51:27.850 D/MSimSignalClusterView( 2887): wifi: VISIBLE sig=2130838354 act=2130838344
06-11 18:51:27.850 D/MSimSignalClusterView( 2887): mobile[0]: VISIBLE sig=2130838329 type=0
06-11 18:51:27.851 D/MSimSignalClusterView( 2887): wifi: VISIBLE sig=2130838354 act=2130838344
06-11 18:51:27.851 D/MSimSignalClusterView( 2887): mobile[0]: VISIBLE sig=2130838329 type=0
06-11 18:51:27.851 D/MSimSignalClusterView( 2887): wifi: VISIBLE sig=2130838354 act=2130838344
06-11 18:51:27.851 D/MSimSignalClusterView( 2887): mobile[0]: VISIBLE sig=2130838329 type=0
06-11 18:51:27.851 D/MSimSignalClusterView( 2887): wifi: VISIBLE sig=2130838354 act=2130838344
06-11 18:51:27.851 D/MSimSignalClusterView( 2887): mobile[1]: VISIBLE sig=2130838329 type=0
06-11 18:51:27.851 D/StatusBar.MSimNetworkController( 2887): refreshSignalCluster, mMSimPhoneSignalIconId[0]=com.android.systemui:drawable/stat_sys_signal_null mMSimDataSignalIconId[0]=com.android.systemui:drawable/stat_sys_signal_null mMSimDataTypeIconId[0]=(null) mMSimMobileActivityIconId[0]=(null) mNoMSimIconId[0]=com.android.systemui:drawable/ic_qs_no_sim
06-11 18:51:27.852 D/MSimSignalClusterView( 2887): wifi: VISIBLE sig=2130838354 act=2130838344
06-11 18:51:27.852 D/MSimSignalClusterView( 2887): mobile[0]: VISIBLE sig=2130838329 type=0
06-11 18:51:27.852 D/MSimSignalClusterView( 2887): wifi: VISIBLE sig=2130838354 act=2130838344
06-11 18:51:27.852 D/MSimSignalClusterView( 2887): mobile[1]: VISIBLE sig=2130838329 type=0
06-11 18:51:27.852 D/MSimSignalClusterView( 2887): wifi: VISIBLE sig=2130838354 act=2130838344
06-11 18:51:27.852 D/MSimSignalClusterView( 2887): mobile[0]: VISIBLE sig=2130838329 type=0
06-11 18:51:27.853 D/MSimSignalClusterView( 2887): wifi: VISIBLE sig=2130838354 act=2130838344
06-11 18:51:27.853 D/MSimSignalClusterView( 2887): mobile[0]: VISIBLE sig=2130838329 type=0
06-11 18:51:27.853 D/MSimSignalClusterView( 2887): wifi: VISIBLE sig=2130838354 act=2130838344
06-11 18:51:27.853 D/MSimSignalClusterView( 2887): mobile[0]: VISIBLE sig=2130838329 type=0
06-11 18:51:27.853 D/MSimSignalClusterView( 2887): wifi: VISIBLE sig=2130838354 act=2130838344
06-11 18:51:27.853 D/MSimSignalClusterView( 2887): mobile[1]: VISIBLE sig=2130838329 type=0
06-11 18:51:27.853 D/StatusBar.MSimNetworkController( 2887): refreshSignalCluster, mMSimPhoneSignalIconId[0]=com.android.systemui:drawable/stat_sys_signal_null mMSimDataSignalIconId[0]=com.android.systemui:drawable/stat_sys_signal_null mMSimDataTypeIconId[0]=(null) mMSimMobileActivityIconId[0]=(null) mNoMSimIconId[0]=com.android.systemui:drawable/ic_qs_no_sim
06-11 18:51:27.854 D/MSimSignalClusterView( 2887): wifi: VISIBLE sig=2130838354 act=2130838344
06-11 18:51:27.854 D/MSimSignalClusterView( 2887): mobile[0]: VISIBLE sig=2130838329 type=0
06-11 18:51:27.854 D/MSimSignalClusterView( 2887): wifi: VISIBLE sig=2130838354 act=2130838344
06-11 18:51:27.854 D/MSimSignalClusterView( 2887): mobile[1]: VISIBLE sig=2130838329 type=0
06-11 18:51:27.854 D/MSimSignalClusterView( 2887): wifi: VISIBLE sig=2130838354 act=2130838344
06-11 18:51:27.854 D/MSimSignalClusterView( 2887): mobile[0]: VISIBLE sig=2130838329 type=0
06-11 18:51:27.854 D/MSimSignalClusterView( 2887): wifi: VISIBLE sig=2130838354 act=2130838344
06-11 18:51:27.855 D/MSimSignalClusterView( 2887): mobile[0]: VISIBLE sig=2130838329 type=0
06-11 18:51:27.855 D/MSimSignalClusterView( 2887): wifi: VISIBLE sig=2130838354 act=2130838344
06-11 18:51:27.855 D/MSimSignalClusterView( 2887): mobile[0]: VISIBLE sig=2130838329 type=0
06-11 18:51:27.857 D/MSimSignalClusterView( 2887): wifi: VISIBLE sig=2130838354 act=2130838344
06-11 18:51:27.857 D/MSimSignalClusterView( 2887): mobile[1]: VISIBLE sig=2130838329 type=0
06-11 18:51:27.858 D/StatusBar.MSimNetworkController( 2887): refreshSignalCluster, mMSimPhoneSignalIconId[0]=com.android.systemui:drawable/stat_sys_signal_null mMSimDataSignalIconId[0]=com.android.systemui:drawable/stat_sys_signal_null mMSimDataTypeIconId[0]=(null) mMSimMobileActivityIconId[0]=(null) mNoMSimIconId[0]=com.android.systemui:drawable/ic_qs_no_sim
06-11 18:51:27.858 D/MSimSignalClusterView( 2887): wifi: VISIBLE sig=2130838354 act=2130838344
06-11 18:51:27.858 D/MSimSignalClusterView( 2887): mobile[0]: VISIBLE sig=2130838329 type=0
06-11 18:51:27.858 D/MSimSignalClusterView( 2887): wifi: VISIBLE sig=2130838354 act=2130838344
06-11 18:51:27.858 D/MSimSignalClusterView( 2887): mobile[1]: VISIBLE sig=2130838329 type=0
06-11 18:51:27.859 D/MSimSignalClusterView( 2887): wifi: VISIBLE sig=2130838354 act=2130838344
06-11 18:51:27.859 D/MSimSignalClusterView( 2887): mobile[0]: VISIBLE sig=2130838329 type=0
06-11 18:51:27.859 D/MSimSignalClusterView( 2887): wifi: VISIBLE sig=2130838354 act=2130838344
06-11 18:51:27.859 D/MSimSignalClusterView( 2887): mobile[0]: VISIBLE sig=2130838329 type=0
06-11 18:51:27.859 D/MSimSignalClusterView( 2887): wifi: VISIBLE sig=2130838354 act=2130838344
06-11 18:51:27.859 D/MSimSignalClusterView( 2887): mobile[0]: VISIBLE sig=2130838329 type=0
06-11 18:51:27.860 D/MSimSignalClusterView( 2887): wifi: VISIBLE sig=2130838354 act=2130838344
06-11 18:51:27.860 D/MSimSignalClusterView( 2887): mobile[1]: VISIBLE sig=2130838329 type=0
06-11 18:51:27.860 D/StatusBar.MSimNetworkController( 2887): refreshSignalCluster, mMSimPhoneSignalIconId[0]=com.android.systemui:drawable/stat_sys_signal_null mMSimDataSignalIconId[0]=com.android.systemui:drawable/stat_sys_signal_null mMSimDataTypeIconId[0]=(null) mMSimMobileActivityIconId[0]=(null) mNoMSimIconId[0]=com.android.systemui:drawable/ic_qs_no_sim
06-11 18:51:28.146 D/telpo_native(  768): usb_printer_write data start!
06-11 18:51:28.146 D/telpo_native(  768): usb_printer_write start!
06-11 18:51:28.147 E/telpo_native(  768): ret = 25
06-11 18:51:28.147 D/telpo_native(  768): handle_emv_serial_read_write_cmd: usb write length = 25
06-11 18:51:28.152 E/telpo_native(  768): serial_read:start read
06-11 18:51:28.153 E/telpo_native(  768): serial_read:serial_read read_size = 0
06-11 18:51:28.156 D/telpo_native(  768): handle_emv_serial_read_write_cmd: usb_printer_read length = 20
06-11 18:51:28.156 I/telpo_native(  768): 0b
06-11 18:51:28.156 I/telpo_native(  768): b0
06-11 18:51:28.156 I/telpo_native(  768): 96
06-11 18:51:28.156 I/telpo_native(  768): 69
06-11 18:51:28.156 I/telpo_native(  768): 04
06-11 18:51:28.156 I/telpo_native(  768): 00
06-11 18:51:28.156 I/telpo_native(  768): 00
06-11 18:51:28.156 I/telpo_native(  768): 00
06-11 18:51:28.156 I/telpo_native(  768): 3f
06-11 18:51:28.156 I/telpo_native(  768): 00
06-11 18:51:28.156 I/telpo_native(  768): 04
06-11 18:51:28.156 I/telpo_native(  768): 01
06-11 18:51:28.156 I/telpo_native(  768): 00
06-11 18:51:28.156 I/telpo_native(  768): 00
06-11 18:51:28.156 I/telpo_native(  768): 00
06-11 18:51:28.156 I/telpo_native(  768): 00
06-11 18:51:28.156 I/telpo_native(  768): 00
06-11 18:51:28.156 I/telpo_native(  768): 00
06-11 18:51:28.156 I/telpo_native(  768): 00
06-11 18:51:28.156 I/telpo_native(  768): 00
06-11 18:51:28.156 I/telpo_native(  768): 
06-11 18:51:28.156 D/telpo_native(  768): handle_emv_serial_read_write_cmd: parse successfully!
06-11 18:51:28.156 I/telpo_native(  768): handle_emv_serial_read_write_cmd: receive data length is 20
06-11 18:51:28.157 I/telpo_native(  768): 0b
06-11 18:51:28.157 I/telpo_native(  768): b0
06-11 18:51:28.157 I/telpo_native(  768): 96
06-11 18:51:28.157 I/telpo_native(  768): 69
06-11 18:51:28.157 I/telpo_native(  768): 04
06-11 18:51:28.157 I/telpo_native(  768): 00
06-11 18:51:28.157 I/telpo_native(  768): 00
06-11 18:51:28.157 I/telpo_native(  768): 00
06-11 18:51:28.157 I/telpo_native(  768): 3f
06-11 18:51:28.157 I/telpo_native(  768): 00
06-11 18:51:28.157 I/telpo_native(  768): 04
06-11 18:51:28.157 I/telpo_native(  768): 01
06-11 18:51:28.157 I/telpo_native(  768): 00
06-11 18:51:28.157 I/telpo_native(  768): 00
06-11 18:51:28.157 I/telpo_native(  768): 00
06-11 18:51:28.157 I/telpo_native(  768): 00
06-11 18:51:28.157 I/telpo_native(  768): 00
06-11 18:51:28.157 I/telpo_native(  768): 00
06-11 18:51:28.157 I/telpo_native(  768): 00
06-11 18:51:28.157 I/telpo_native(  768): 00
06-11 18:51:28.157 I/telpo_native(  768): 
06-11 18:51:28.160 D/telpo_native( 9326): CallIntMethod return ret = 0 length = 20
06-11 18:51:28.309 D/BatteryMeterView( 2887): onDraw level = 13
06-11 18:51:28.328 I/SurfaceFlinger(  262): FPS: 4
06-11 18:51:28.525 I/WindowManager(  768): mDock rect: (0,0 - 720,1280)
06-11 18:51:28.525 V/WindowManager(  768): Status bar: dock=[0,50][720,1280] content=[0,50][720,1280] cur=[0,50][720,1280]
06-11 18:51:28.525 V/WindowManager(  768): layoutWindowLw(): normal window
06-11 18:51:28.525 V/WindowManager(  768): Compute frame : sim=#20 attach=null type=2015 flags=0x01000018 pf=[0,50][720,1280] df=[0,50][720,1280] of=[0,50][720,1280] cf=[0,50][720,1280] vf=[0,50][720,1280] dcf=[0,0][720,1280] sf=[0,50][720,1280]
06-11 18:51:28.526 V/WindowManager(  768): layoutWindowLw(Toast): normal window
06-11 18:51:28.526 V/WindowManager(  768): Compute frame Toast: sim=#20 attach=null type=2005 flags=0x01000098 pf=[0,50][720,1280] df=[0,50][720,1280] of=[0,50][720,1280] cf=[0,50][720,1280] vf=[0,50][720,1280] dcf=[0,0][720,1280] sf=[0,50][720,1280]
