06-11 18:51:24.066 E/PPDaemon(  349): MSMFB_NOTIFY_UPDATE start ioctl failed
06-11 18:51:24.066 E/PPDaemon(  349): MSMFB_NOTIFY_UPDATE start ioctl failed
06-11 18:51:24.066 E/PPDaemon(  349): MSMFB_NOTIFY_UPDATE start ioctl failed
06-11 18:51:24.066 E/PPDaemon(  349): MSMFB_NOTIFY_UPDATE start ioctl failed
06-11 18:51:24.066 E/PPDaemon(  349): MSMFB_NOTIFY_UPDATE start ioctl failed
06-11 18:51:24.066 E/PPDaemon(  349): MSMFB_NOTIFY_UPDATE start ioctl failed
06-11 18:51:24.066 E/PPDaemon(  349): MSMFB_NOTIFY_UPDATE start ioctl failed
06-11 18:51:24.066 E/PPDaemon(  349): MSMFB_NOTIFY_UPDATE start ioctl failed
06-11 18:51:24.066 E/PPDaemon(  349): MSMFB_NOTIFY_UPDATE start ioctl failed
06-11 18:51:24.066 E/PPDaemon(  349): MSMFB_NOTIFY_UPDATE start ioctl failed
06-11 18:51:24.066 E/PPDaemon(  349): MSMFB_NOTIFY_UPDATE start ioctl failed
06-11 18:51:24.066 E/PPDaemon(  349): MSMFB_NOTIFY_UPDATE start ioctl failed
06-11 18:51:24.066 E/PPDaemon(  349): MSMFB_NOTIFY_UPDATE start ioctl failed
06-11 18:51:24.066 E/PPDaemon(  349): MSMFB_NOTIFY_UPDATE start ioctl failed
06-11 18:51:24.066 E/PPDaemon(  349): MSMFB_NOTIFY_UPDATE start ioctl failed
06-11 18:51:24.066 E/PPDaemon(  349): MSMFB_NOTIFY_UPDATE start ioctl failed
06-11 18:51:24.066 E/PPDaemon(  349): MSMFB_NOTIFY_UPDATE start ioctl failed
06-11 18:51:24.066 E/PPDaemon(  349): MSMFB_NOTIFY_UPDATE start ioctl failed
06-11 18:51:24.066 E/PPDaemon(  349): MSMFB_NOTIFY_UPDATE start ioctl failed
06-11 18:51:24.066 E/PPDaemon(  349): MSMFB_NOTIFY_UPDATE start ioctl failed
06-11 18:51:24.066 E/PPDaemon(  349): MSMFB_NOTIFY_UPDATE start ioctl failed
06-11 18:51:24.067 E/PPDaemon(  349): MSMFB_NOTIFY_UPDATE start ioctl failed
06-11 18:51:24.067 E/PPDaemon(  349): MSMFB_NOTIFY_UPDATE start ioctl failed
06-11 18:51:24.067 E/PPDaemon(  349): MSMFB_NOTIFY_UPDATE start ioctl failed
06-11 18:51:24.067 E/PPDaemon(  349): MSMFB_NOTIFY_UPDATE start ioctl failed
06-11 18:51:24.067 E/PPDaemon(  349): MSMFB_NOTIFY_UPDATE start ioctl failed
06-11 18:51:24.067 E/PPDaemon(  349): MSMFB_NOTIFY_UPDATE start ioctl failed
06-11 18:51:24.067 E/PPDaemon(  349): MSMFB_NOTIFY_UPDATE start ioctl failed
06-11 18:51:24.067 E/PPDaemon(  349): MSMFB_NOTIFY_UPDATE start ioctl failed
06-11 18:51:24.067 E/PPDaemon(  349): MSMFB_NOTIFY_UPDATE start ioctl failed
06-11 18:51:24.067 E/PPDaemon(  349): MSMFB_NOTIFY_UPDATE start ioctl failed
06-11 18:51:24.067 E/PPDaemon(  349): MSMFB_NOTIFY_UPDATE start ioctl failed
06-11 18:51:24.067 E/PPDaemon(  349): MSMFB_NOTIFY_UPDATE start ioctl failed
06-11 18:51:24.067 E/PPDaemon(  349): MSMFB_NOTIFY_UPDATE start ioctl failed
06-11 18:51:24.067 E/PPDaemon(  349): MSMFB_NOTIFY_UPDATE start ioctl failed
06-11 18:51:24.067 E/PPDaemon(  349): MSMFB_NOTIFY_UPDATE start ioctl failed
06-11 18:51:24.067 E/PPDaemon(  349): MSMFB_NOTIFY_UPDATE start ioctl failed
06-11 18:51:24.067 E/PPDaemon(  349): MSMFB_NOTIFY_UPDATE start ioctl failed
06-11 18:51:24.067 E/PPDaemon(  349): MSMFB_NOTIFY_UPDATE start ioctl failed
06-11 18:51:24.067 E/PPDaemon(  349): MSMFB_NOTIFY_UPDATE start ioctl failed
06-11 18:51:24.067 E/PPDaemon(  349): MSMFB_NOTIFY_UPDATE start ioctl failed
06-11 18:51:24.067 E/PPDaemon(  349): MSMFB_NOTIFY_UPDATE start ioctl failed
06-11 18:51:24.067 E/PPDaemon(  349): MSMFB_NOTIFY_UPDATE start ioctl failed
06-11 18:51:24.067 E/PPDaemon(  349): MSMFB_NOTIFY_UPDATE start ioctl failed
06-11 18:51:24.067 E/PPDaemon(  349): MSMFB_NOTIFY_UPDATE start ioctl failed
06-11 18:51:24.067 E/PPDaemon(  349): MSMFB_NOTIFY_UPDATE start ioctl failed
06-11 18:51:24.067 E/PPDaemon(  349): MSMFB_NOTIFY_UPDATE start ioctl failed
06-11 18:51:24.067 E/PPDaemon(  349): MSMFB_NOTIFY_UPDATE start ioctl failed
06-11 18:51:24.067 E/PPDaemon(  349): MSMFB_NOTIFY_UPDATE start ioctl failed
06-11 18:51:24.067 E/PPDaemon(  349): MSMFB_NOTIFY_UPDATE start ioctl failed
06-11 18:51:24.067 E/PPDaemon(  349): MSMFB_NOTIFY_UPDATE start ioctl failed
06-11 18:51:24.067 E/PPDaemon(  349): MSMFB_NOTIFY_UPDATE start ioctl failed
06-11 18:51:24.067 E/PPDaemon(  349): MSMFB_NOTIFY_UPDATE start ioctl failed
06-11 18:51:24.068 E/PPDaemon(  349): MSMFB_NOTIFY_UPDATE start ioctl failed
06-11 18:51:24.068 E/PPDaemon(  349): MSMFB_NOTIFY_UPDATE start ioctl failed
06-11 18:51:24.068 E/PPDaemon(  349): MSMFB_NOTIFY_UPDATE start ioctl failed
06-11 18:51:24.068 E/PPDaemon(  349): MSMFB_NOTIFY_UPDATE start ioctl failed
06-11 18:51:24.068 E/PPDaemon(  349): MSMFB_NOTIFY_UPDATE start ioctl failed
06-11 18:51:24.068 E/PPDaemon(  349): MSMFB_NOTIFY_UPDATE start ioctl failed
06-11 18:51:24.068 E/PPDaemon(  349): MSMFB_NOTIFY_UPDATE start ioctl failed
06-11 18:51:24.068 E/PPDaemon(  349): MSMFB_NOTIFY_UPDATE start ioctl failed
06-11 18:51:24.068 E/PPDaemon(  349): MSMFB_NOTIFY_UPDATE start ioctl failed
06-11 18:51:24.068 E/PPDaemon(  349): MSMFB_NOTIFY_UPDATE start ioctl failed
06-11 18:51:24.068 E/PPDaemon(  349): MSMFB_NOTIFY_UPDATE start ioctl failed
06-11 18:51:24.068 E/PPDaemon(  349): MSMFB_NOTIFY_UPDATE start ioctl failed
06-11 18:51:24.068 E/PPDaemon(  349): MSMFB_NOTIFY_UPDATE start ioctl failed
06-11 18:51:24.068 E/PPDaemon(  349): MSMFB_NOTIFY_UPDATE start ioctl failed
06-11 18:51:24.068 E/PPDaemon(  349): MSMFB_NOTIFY_UPDATE start ioctl failed
06-11 18:51:24.068 E/PPDaemon(  349): MSMFB_NOTIFY_UPDATE start ioctl failed
06-11 18:51:24.068 E/PPDaemon(  349): MSMFB_NOTIFY_UPDATE start ioctl failed
06-11 18:51:24.068 E/PPDaemon(  349): MSMFB_NOTIFY_UPDATE start ioctl failed
06-11 18:51:24.068 E/PPDaemon(  349): MSMFB_NOTIFY_UPDATE start ioctl failed
06-11 18:51:24.068 E/PPDaemon(  349): MSMFB_NOTIFY_UPDATE start ioctl failed
06-11 18:51:24.068 E/PPDaemon(  349): MSMFB_NOTIFY_UPDATE start ioctl failed
06-11 18:51:24.068 E/PPDaemon(  349): MSMFB_NOTIFY_UPDATE start ioctl failed
06-11 18:51:24.068 E/PPDaemon(  349): MSMFB_NOTIFY_UPDATE start ioctl failed
06-11 18:51:24.068 E/PPDaemon(  349): MSMFB_NOTIFY_UPDATE start ioctl failed
06-11 18:51:24.068 E/PPDaemon(  349): MSMFB_NOTIFY_UPDATE start ioctl failed
06-11 18:51:24.068 E/PPDaemon(  349): MSMFB_NOTIFY_UPDATE start ioctl failed
06-11 18:51:24.075 E/PPDaemon(  349): MSMFB_NOTIFY_UPDATE start ioctl failed
06-11 18:51:24.075 E/PPDaemon(  349): MSMFB_NOTIFY_UPDATE start ioctl failed
06-11 18:51:24.075 E/PPDaemon(  349): MSMFB_NOTIFY_UPDATE start ioctl failed
06-11 18:51:24.075 E/PPDaemon(  349): MSMFB_NOTIFY_UPDATE start ioctl failed
06-11 18:51:24.075 E/PPDaemon(  349): MSMFB_NOTIFY_UPDATE start ioctl failed
06-11 18:51:24.075 E/PPDaemon(  349): MSMFB_NOTIFY_UPDATE start ioctl failed
06-11 18:51:24.075 E/PPDaemon(  349): MSMFB_NOTIFY_UPDATE start ioctl failed
06-11 18:51:24.076 E/PPDaemon(  349): MSMFB_NOTIFY_UPDATE start ioctl failed
06-11 18:51:24.076 E/PPDaemon(  349): MSMFB_NOTIFY_UPDATE start ioctl failed
06-11 18:51:24.076 E/PPDaemon(  349): MSMFB_NOTIFY_UPDATE start ioctl failed
06-11 18:51:24.076 E/PPDaemon(  349): MSMFB_NOTIFY_UPDATE start ioctl failed
06-11 18:51:24.076 E/PPDaemon(  349): MSMFB_NOTIFY_UPDATE start ioctl failed
06-11 18:51:24.076 E/PPDaemon(  349): MSMFB_NOTIFY_UPDATE start ioctl failed
06-11 18:51:24.076 E/PPDaemon(  349): MSMFB_NOTIFY_UPDATE start ioctl failed
06-11 18:51:24.076 E/PPDaemon(  349): MSMFB_NOTIFY_UPDATE start ioctl failed
06-11 18:51:24.076 E/PPDaemon(  349): MSMFB_NOTIFY_UPDATE start ioctl failed
06-11 18:51:24.076 E/PPDaemon(  349): MSMFB_NOTIFY_UPDATE start ioctl failed
06-11 18:51:24.076 E/PPDaemon(  349): MSMFB_NOTIFY_UPDATE start ioctl failed
06-11 18:51:24.076 E/PPDaemon(  349): MSMFB_NOTIFY_UPDATE start ioctl failed
06-11 18:51:24.076 E/PPDaemon(  349): MSMFB_NOTIFY_UPDATE start ioctl failed
06-11 18:51:24.076 E/PPDaemon(  349): MSMFB_NOTIFY_UPDATE start ioctl failed
06-11 18:51:24.076 E/PPDaemon(  349): MSMFB_NOTIFY_UPDATE start ioctl failed
06-11 18:51:24.076 E/PPDaemon(  349): MSMFB_NOTIFY_UPDATE start ioctl failed
06-11 18:51:24.076 E/PPDaemon(  349): MSMFB_NOTIFY_UPDATE start ioctl failed
06-11 18:51:24.076 E/PPDaemon(  349): MSMFB_NOTIFY_UPDATE start ioctl failed
06-11 18:51:24.076 E/PPDaemon(  349): MSMFB_NOTIFY_UPDATE start ioctl failed
06-11 18:51:24.076 E/PPDaemon(  349): MSMFB_NOTIFY_UPDATE start ioctl failed
06-11 18:51:24.076 E/PPDaemon(  349): MSMFB_NOTIFY_UPDATE start ioctl failed
06-11 18:51:24.076 E/PPDaemon(  349): MSMFB_NOTIFY_UPDATE start ioctl failed
06-11 18:51:24.076 E/PPDaemon(  349): MSMFB_NOTIFY_UPDATE start ioctl failed
06-11 18:51:24.076 E/PPDaemon(  349): MSMFB_NOTIFY_UPDATE start ioctl failed
06-11 18:51:24.076 E/PPDaemon(  349): MSMFB_NOTIFY_UPDATE start ioctl failed
06-11 18:51:24.076 E/PPDaemon(  349): MSMFB_NOTIFY_UPDATE start ioctl failed
06-11 18:51:24.076 E/PPDaemon(  349): MSMFB_NOTIFY_UPDATE start ioctl failed
06-11 18:51:24.076 E/PPDaemon(  349): MSMFB_NOTIFY_UPDATE start ioctl failed
06-11 18:51:24.076 E/PPDaemon(  349): MSMFB_NOTIFY_UPDATE start ioctl failed
06-11 18:51:24.076 E/PPDaemon(  349): MSMFB_NOTIFY_UPDATE start ioctl failed
06-11 18:51:24.076 E/PPDaemon(  349): MSMFB_NOTIFY_UPDATE start ioctl failed
06-11 18:51:24.076 E/PPDaemon(  349): MSMFB_NOTIFY_UPDATE start ioctl failed
06-11 18:51:24.076 E/PPDaemon(  349): MSMFB_NOTIFY_UPDATE start ioctl failed
06-11 18:51:24.076 E/PPDaemon(  349): MSMFB_NOTIFY_UPDATE start ioctl failed
06-11 18:51:24.076 E/PPDaemon(  349): MSMFB_NOTIFY_UPDATE start ioctl failed
06-11 18:51:24.076 E/PPDaemon(  349): MSMFB_NOTIFY_UPDATE start ioctl failed
06-11 18:51:24.076 E/PPDaemon(  349): MSMFB_NOTIFY_UPDATE start ioctl failed
06-11 18:51:24.076 E/PPDaemon(  349): MSMFB_NOTIFY_UPDATE start ioctl failed
06-11 18:51:24.076 E/PPDaemon(  349): MSMFB_NOTIFY_UPDATE start ioctl failed
06-11 18:51:24.076 E/PPDaemon(  349): MSMFB_NOTIFY_UPDATE start ioctl failed
06-11 18:51:24.076 E/PPDaemon(  349): MSMFB_NOTIFY_UPDATE start ioctl failed
06-11 18:51:24.076 E/PPDaemon(  349): MSMFB_NOTIFY_UPDATE start ioctl failed
06-11 18:51:24.076 E/PPDaemon(  349): MSMFB_NOTIFY_UPDATE start ioctl failed
06-11 18:51:24.076 E/PPDaemon(  349): MSMFB_NOTIFY_UPDATE start ioctl failed
06-11 18:51:24.076 E/PPDaemon(  349): MSMFB_NOTIFY_UPDATE start ioctl failed
06-11 18:51:24.076 E/PPDaemon(  349): MSMFB_NOTIFY_UPDATE start ioctl failed
06-11 18:51:24.076 E/PPDaemon(  349): MSMFB_NOTIFY_UPDATE start ioctl failed
06-11 18:51:24.076 E/PPDaemon(  349): MSMFB_NOTIFY_UPDATE start ioctl failed
06-11 18:51:24.076 E/PPDaemon(  349): MSMFB_NOTIFY_UPDATE start ioctl failed
06-11 18:51:24.076 E/PPDaemon(  349): MSMFB_NOTIFY_UPDATE start ioctl failed
06-11 18:51:24.077 E/PPDaemon(  349): MSMFB_NOTIFY_UPDATE start ioctl failed
06-11 18:51:24.077 E/PPDaemon(  349): MSMFB_NOTIFY_UPDATE start ioctl failed
06-11 18:51:24.077 E/PPDaemon(  349): MSMFB_NOTIFY_UPDATE start ioctl failed
06-11 18:51:24.077 E/PPDaemon(  349): MSMFB_NOTIFY_UPDATE start ioctl failed
06-11 18:51:24.077 E/PPDaemon(  349): MSMFB_NOTIFY_UPDATE start ioctl failed
06-11 18:51:24.077 E/PPDaemon(  349): MSMFB_NOTIFY_UPDATE start ioctl failed
06-11 18:51:24.077 E/PPDaemon(  349): MSMFB_NOTIFY_UPDATE start ioctl failed
06-11 18:51:24.077 E/PPDaemon(  349): MSMFB_NOTIFY_UPDATE start ioctl failed
06-11 18:51:24.077 E/PPDaemon(  349): MSMFB_NOTIFY_UPDATE start ioctl failed
06-11 18:51:24.077 E/PPDaemon(  349): MSMFB_NOTIFY_UPDATE start ioctl failed
06-11 18:51:24.077 E/PPDaemon(  349): MSMFB_NOTIFY_UPDATE start ioctl failed
06-11 18:51:24.077 E/PPDaemon(  349): MSMFB_NOTIFY_UPDATE start ioctl failed
06-11 18:51:24.077 E/PPDaemon(  349): MSMFB_NOTIFY_UPDATE start ioctl failed
06-11 18:51:24.077 E/PPDaemon(  349): MSMFB_NOTIFY_UPDATE start ioctl failed
06-11 18:51:24.077 E/PPDaemon(  349): MSMFB_NOTIFY_UPDATE start ioctl failed
06-11 18:51:24.077 E/PPDaemon(  349): MSMFB_NOTIFY_UPDATE start ioctl failed
06-11 18:51:24.077 E/PPDaemon(  349): MSMFB_NOTIFY_UPDATE start ioctl failed
06-11 18:51:24.077 E/PPDaemon(  349): MSMFB_NOTIFY_UPDATE start ioctl failed
06-11 18:51:24.077 E/PPDaemon(  349): MSMFB_NOTIFY_UPDATE start ioctl failed
06-11 18:51:24.077 E/PPDaemon(  349): MSMFB_NOTIFY_UPDATE start ioctl failed
06-11 18:51:24.077 E/PPDaemon(  349): MSMFB_NOTIFY_UPDATE start ioctl failed
06-11 18:51:24.077 E/PPDaemon(  349): MSMFB_NOTIFY_UPDATE start ioctl failed
06-11 18:51:24.077 E/PPDaemon(  349): MSMFB_NOTIFY_UPDATE start ioctl failed
06-11 18:51:24.077 E/PPDaemon(  349): MSMFB_NOTIFY_UPDATE start ioctl failed
06-11 18:51:24.077 E/PPDaemon(  349): MSMFB_NOTIFY_UPDATE start ioctl failed
06-11 18:51:24.077 E/PPDaemon(  349): MSMFB_NOTIFY_UPDATE start ioctl failed
06-11 18:51:24.077 E/PPDaemon(  349): MSMFB_NOTIFY_UPDATE start ioctl failed
06-11 18:51:24.077 E/PPDaemon(  349): MSMFB_NOTIFY_UPDATE start ioctl failed
06-11 18:51:24.077 E/PPDaemon(  349): MSMFB_NOTIFY_UPDATE start ioctl failed
06-11 18:51:24.077 E/PPDaemon(  349): MSMFB_NOTIFY_UPDATE start ioctl failed
06-11 18:51:24.077 E/PPDaemon(  349): MSMFB_NOTIFY_UPDATE start ioctl failed
06-11 18:51:24.077 E/PPDaemon(  349): MSMFB_NOTIFY_UPDATE start ioctl failed
06-11 18:51:24.077 E/PPDaemon(  349): MSMFB_NOTIFY_UPDATE start ioctl failed
06-11 18:51:24.077 E/qdoverlay(  262): Bad ov dump:  mdp_overlay z=0 alpha=255 mask=-1 flags=0x20000 id=-1
06-11 18:51:24.077 E/PPDaemon(  349): MSMFB_NOTIFY_UPDATE start ioctl failed
06-11 18:51:24.077 E/qdoverlay(  262): src msmfb_img w=736 h=1280 format=13 MDP_RGBA_8888
06-11 18:51:24.077 E/PPDaemon(  349): MSMFB_NOTIFY_UPDATE start ioctl failed
06-11 18:51:24.077 E/qdoverlay(  262): src_rect mdp_rect x=0 y=0 w=720 h=1280
06-11 18:51:24.077 E/PPDaemon(  349): MSMFB_NOTIFY_UPDATE start ioctl failed
06-11 18:51:24.077 E/qdoverlay(  262): dst_rect mdp_rect x=0 y=0 w=720 h=1280
06-11 18:51:24.077 E/PPDaemon(  349): MSMFB_NOTIFY_UPDATE start ioctl failed
06-11 18:51:24.077 E/PPDaemon(  349): MSMFB_NOTIFY_UPDATE start ioctl failed
06-11 18:51:24.077 E/PPDaemon(  349): MSMFB_NOTIFY_UPDATE start ioctl failed
06-11 18:51:24.077 E/PPDaemon(  349): MSMFB_NOTIFY_UPDATE start ioctl failed
06-11 18:51:24.077 E/PPDaemon(  349): MSMFB_NOTIFY_UPDATE start ioctl failed
06-11 18:51:24.077 E/PPDaemon(  349): MSMFB_NOTIFY_UPDATE start ioctl failed
06-11 18:51:24.077 E/PPDaemon(  349): MSMFB_NOTIFY_UPDATE start ioctl failed
06-11 18:51:24.077 E/PPDaemon(  349): MSMFB_NOTIFY_UPDATE start ioctl failed
06-11 18:51:24.077 E/PPDaemon(  349): MSMFB_NOTIFY_UPDATE start ioctl failed
06-11 18:51:24.078 E/PPDaemon(  349): MSMFB_NOTIFY_UPDATE start ioctl failed
06-11 18:51:24.078 E/PPDaemon(  349): MSMFB_NOTIFY_UPDATE start ioctl failed
06-11 18:51:24.078 E/PPDaemon(  349): MSMFB_NOTIFY_UPDATE start ioctl failed
06-11 18:51:24.078 E/PPDaemon(  349): MSMFB_NOTIFY_UPDATE start ioctl failed
06-11 18:51:24.078 E/PPDaemon(  349): MSMFB_NOTIFY_UPDATE start ioctl failed
06-11 18:51:24.078 E/PPDaemon(  349): MSMFB_NOTIFY_UPDATE start ioctl failed
06-11 18:51:24.078 E/PPDaemon(  349): MSMFB_NOTIFY_UPDATE start ioctl failed
06-11 18:51:24.078 E/PPDaemon(  349): MSMFB_NOTIFY_UPDATE start ioctl failed
06-11 18:51:24.078 E/PPDaemon(  349): MSMFB_NOTIFY_UPDATE start ioctl failed
06-11 18:51:24.078 E/PPDaemon(  349): MSMFB_NOTIFY_UPDATE start ioctl failed
06-11 18:51:24.078 E/PPDaemon(  349): MSMFB_NOTIFY_UPDATE start ioctl failed
06-11 18:51:24.078 E/PPDaemon(  349): MSMFB_NOTIFY_UPDATE start ioctl failed
06-11 18:51:24.078 E/PPDaemon(  349): MSMFB_NOTIFY_UPDATE start ioctl failed
06-11 18:51:24.078 E/PPDaemon(  349): MSMFB_NOTIFY_UPDATE start ioctl failed
06-11 18:51:24.078 E/PPDaemon(  349): MSMFB_NOTIFY_UPDATE start ioctl failed
06-11 18:51:24.078 E/PPDaemon(  349): MSMFB_NOTIFY_UPDATE start ioctl failed
06-11 18:51:24.078 E/PPDaemon(  349): MSMFB_NOTIFY_UPDATE start ioctl failed
06-11 18:51:24.078 E/PPDaemon(  349): MSMFB_NOTIFY_UPDATE start ioctl failed
06-11 18:51:24.078 E/PPDaemon(  349): MSMFB_NOTIFY_UPDATE start ioctl failed
06-11 18:51:24.078 E/PPDaemon(  349): MSMFB_NOTIFY_UPDATE start ioctl failed
06-11 18:51:24.078 E/PPDaemon(  349): MSMFB_NOTIFY_UPDATE start ioctl failed
06-11 18:51:24.078 E/PPDaemon(  349): MSMFB_NOTIFY_UPDATE start ioctl failed
06-11 18:51:24.078 E/PPDaemon(  349): MSMFB_NOTIFY_UPDATE start ioctl failed
06-11 18:51:24.078 E/PPDaemon(  349): MSMFB_NOTIFY_UPDATE start ioctl failed
06-11 18:51:24.078 E/PPDaemon(  349): MSMFB_NOTIFY_UPDATE start ioctl failed
06-11 18:51:24.078 E/PPDaemon(  349): MSMFB_NOTIFY_UPDATE start ioctl failed
06-11 18:51:24.078 E/PPDaemon(  349): MSMFB_NOTIFY_UPDATE start ioctl failed
06-11 18:51:24.078 E/PPDaemon(  349): MSMFB_NOTIFY_UPDATE start ioctl failed
06-11 18:51:24.078 E/PPDaemon(  349): MSMFB_NOTIFY_UPDATE start ioctl failed
06-11 18:51:24.078 E/PPDaemon(  349): MSMFB_NOTIFY_UPDATE start ioctl failed
06-11 18:51:24.078 E/PPDaemon(  349): MSMFB_NOTIFY_UPDATE start ioctl failed
06-11 18:51:24.078 E/PPDaemon(  349): MSMFB_NOTIFY_UPDATE start ioctl failed
06-11 18:51:24.078 E/PPDaemon(  349): MSMFB_NOTIFY_UPDATE start ioctl failed
06-11 18:51:24.078 E/PPDaemon(  349): MSMFB_NOTIFY_UPDATE start ioctl failed
06-11 18:51:24.078 E/PPDaemon(  349): MSMFB_NOTIFY_UPDATE start ioctl failed
06-11 18:51:24.078 E/PPDaemon(  349): MSMFB_NOTIFY_UPDATE start ioctl failed
06-11 18:51:24.078 E/PPDaemon(  349): MSMFB_NOTIFY_UPDATE start ioctl failed
06-11 18:51:24.078 E/PPDaemon(  349): MSMFB_NOTIFY_UPDATE start ioctl failed
06-11 18:51:24.078 E/PPDaemon(  349): MSMFB_NOTIFY_UPDATE start ioctl failed
06-11 18:51:24.078 E/PPDaemon(  349): MSMFB_NOTIFY_UPDATE start ioctl failed
06-11 18:51:24.078 E/PPDaemon(  349): MSMFB_NOTIFY_UPDATE start ioctl failed
06-11 18:51:24.078 E/PPDaemon(  349): MSMFB_NOTIFY_UPDATE start ioctl failed
06-11 18:51:24.078 E/PPDaemon(  349): MSMFB_NOTIFY_UPDATE start ioctl failed
06-11 18:51:24.078 E/PPDaemon(  349): MSMFB_NOTIFY_UPDATE start ioctl failed
06-11 18:51:24.078 E/PPDaemon(  349): MSMFB_NOTIFY_UPDATE start ioctl failed
06-11 18:51:24.078 E/PPDaemon(  349): MSMFB_NOTIFY_UPDATE start ioctl failed
06-11 18:51:24.078 E/PPDaemon(  349): MSMFB_NOTIFY_UPDATE start ioctl failed
06-11 18:51:24.079 E/PPDaemon(  349): MSMFB_NOTIFY_UPDATE start ioctl failed
06-11 18:51:24.079 E/PPDaemon(  349): MSMFB_NOTIFY_UPDATE start ioctl failed
06-11 18:51:24.079 E/PPDaemon(  349): MSMFB_NOTIFY_UPDATE start ioctl failed
06-11 18:51:24.079 E/PPDaemon(  349): MSMFB_NOTIFY_UPDATE start ioctl failed
06-11 18:51:24.079 E/PPDaemon(  349): MSMFB_NOTIFY_UPDATE start ioctl failed
06-11 18:51:24.079 E/PPDaemon(  349): MSMFB_NOTIFY_UPDATE start ioctl failed
06-11 18:51:24.079 E/PPDaemon(  349): MSMFB_NOTIFY_UPDATE start ioctl failed
06-11 18:51:24.079 E/PPDaemon(  349): MSMFB_NOTIFY_UPDATE start ioctl failed
06-11 18:51:24.079 E/PPDaemon(  349): MSMFB_NOTIFY_UPDATE start ioctl failed
06-11 18:51:24.079 E/PPDaemon(  349): MSMFB_NOTIFY_UPDATE start ioctl failed
06-11 18:51:24.079 E/PPDaemon(  349): MSMFB_NOTIFY_UPDATE start ioctl failed
06-11 18:51:24.079 E/PPDaemon(  349): MSMFB_NOTIFY_UPDATE start ioctl failed
06-11 18:51:24.079 E/PPDaemon(  349): MSMFB_NOTIFY_UPDATE start ioctl failed
06-11 18:51:24.079 E/PPDaemon(  349): MSMFB_NOTIFY_UPDATE start ioctl failed
06-11 18:51:24.079 E/PPDaemon(  349): MSMFB_NOTIFY_UPDATE start ioctl failed
06-11 18:51:24.079 E/PPDaemon(  349): MSMFB_NOTIFY_UPDATE start ioctl failed
06-11 18:51:24.079 E/PPDaemon(  349): MSMFB_NOTIFY_UPDATE start ioctl failed
06-11 18:51:24.079 E/PPDaemon(  349): MSMFB_NOTIFY_UPDATE start ioctl failed
06-11 18:51:24.079 E/PPDaemon(  349): MSMFB_NOTIFY_UPDATE start ioctl failed
06-11 18:51:24.079 E/PPDaemon(  349): MSMFB_NOTIFY_UPDATE start ioctl failed
06-11 18:51:24.079 E/PPDaemon(  349): MSMFB_NOTIFY_UPDATE start ioctl failed
06-11 18:51:24.079 E/PPDaemon(  349): MSMFB_NOTIFY_UPDATE start ioctl failed
06-11 18:51:24.079 E/PPDaemon(  349): MSMFB_NOTIFY_UPDATE start ioctl failed
06-11 18:51:24.079 E/PPDaemon(  349): MSMFB_NOTIFY_UPDATE start ioctl failed
06-11 18:51:24.079 E/PPDaemon(  349): MSMFB_NOTIFY_UPDATE start ioctl failed
06-11 18:51:24.079 E/PPDaemon(  349): MSMFB_NOTIFY_UPDATE start ioctl failed
06-11 18:51:24.079 E/PPDaemon(  349): MSMFB_NOTIFY_UPDATE start ioctl failed
06-11 18:51:24.079 E/PPDaemon(  349): MSMFB_NOTIFY_UPDATE start ioctl failed
06-11 18:51:24.079 E/PPDaemon(  349): MSMFB_NOTIFY_UPDATE start ioctl failed
06-11 18:51:24.079 E/PPDaemon(  349): MSMFB_NOTIFY_UPDATE start ioctl failed
06-11 18:51:24.079 E/PPDaemon(  349): MSMFB_NOTIFY_UPDATE start ioctl failed
06-11 18:51:24.079 E/PPDaemon(  349): MSMFB_NOTIFY_UPDATE start ioctl failed
06-11 18:51:24.079 E/PPDaemon(  349): MSMFB_NOTIFY_UPDATE start ioctl failed
06-11 18:51:24.079 E/PPDaemon(  349): MSMFB_NOTIFY_UPDATE start ioctl failed
06-11 18:51:24.079 E/PPDaemon(  349): MSMFB_NOTIFY_UPDATE start ioctl failed
06-11 18:51:24.079 E/PPDaemon(  349): MSMFB_NOTIFY_UPDATE start ioctl failed
06-11 18:51:24.079 E/PPDaemon(  349): MSMFB_NOTIFY_UPDATE start ioctl failed
06-11 18:51:24.079 E/PPDaemon(  349): MSMFB_NOTIFY_UPDATE start ioctl failed
06-11 18:51:24.079 E/PPDaemon(  349): MSMFB_NOTIFY_UPDATE start ioctl failed
06-11 18:51:24.079 E/PPDaemon(  349): MSMFB_NOTIFY_UPDATE start ioctl failed
06-11 18:51:24.079 E/PPDaemon(  349): MSMFB_NOTIFY_UPDATE start ioctl failed
06-11 18:51:24.079 E/PPDaemon(  349): MSMFB_NOTIFY_UPDATE start ioctl failed
06-11 18:51:24.079 E/PPDaemon(  349): MSMFB_NOTIFY_UPDATE start ioctl failed
06-11 18:51:24.079 E/PPDaemon(  349): MSMFB_NOTIFY_UPDATE start ioctl failed
06-11 18:51:24.079 E/PPDaemon(  349): MSMFB_NOTIFY_UPDATE start ioctl failed
06-11 18:51:24.079 E/PPDaemon(  349): MSMFB_NOTIFY_UPDATE start ioctl failed
06-11 18:51:24.079 E/PPDaemon(  349): MSMFB_NOTIFY_UPDATE start ioctl failed
06-11 18:51:24.080 E/PPDaemon(  349): MSMFB_NOTIFY_UPDATE start ioctl failed
06-11 18:51:24.080 E/PPDaemon(  349): MSMFB_NOTIFY_UPDATE start ioctl failed
06-11 18:51:24.080 E/PPDaemon(  349): MSMFB_NOTIFY_UPDATE start ioctl failed
06-11 18:51:24.080 E/PPDaemon(  349): MSMFB_NOTIFY_UPDATE start ioctl failed
06-11 18:51:24.080 E/PPDaemon(  349): MSMFB_NOTIFY_UPDATE start ioctl failed
06-11 18:51:24.080 E/PPDaemon(  349): MSMFB_NOTIFY_UPDATE start ioctl failed
06-11 18:51:24.080 E/PPDaemon(  349): MSMFB_NOTIFY_UPDATE start ioctl failed
06-11 18:51:24.080 E/PPDaemon(  349): MSMFB_NOTIFY_UPDATE start ioctl failed
06-11 18:51:24.080 E/qdhwcomposer(  262): hwc_sync: ioctl MSMFB_BUFFER_SYNC failed, err=Operation not permitted
06-11 18:51:24.080 E/PPDaemon(  349): MSMFB_NOTIFY_UPDATE start ioctl failed
06-11 18:51:24.080 E/PPDaemon(  349): MSMFB_NOTIFY_UPDATE start ioctl failed
06-11 18:51:24.080 E/qdhwcomposer(  262): hwc_sync: acq_fen_fd_cnt=1 flags=16 fd=13 dpy=0 numHwLayers=5
06-11 18:51:24.080 E/PPDaemon(  349): MSMFB_NOTIFY_UPDATE start ioctl failed
06-11 18:51:24.080 E/PPDaemon(  349): MSMFB_NOTIFY_UPDATE start ioctl failed
06-11 18:51:24.080 E/qdoverlay(  262): Failed to call ioctl MSMFB_DISPLAY_COMMIT err=Operation not permitted
06-11 18:51:24.080 E/PPDaemon(  349): MSMFB_NOTIFY_UPDATE start ioctl failed
06-11 18:51:24.080 E/qdoverlay(  262): static bool overlay::Overlay::displayCommit(const int&, const overlay::utils::Dim&, const overlay::utils::Dim&): commit failed
06-11 18:51:24.080 E/PPDaemon(  349): MSMFB_NOTIFY_UPDATE start ioctl failed
06-11 18:51:24.080 E/qdhwcomposer(  262): hwc_set_primary: display commit fail for 0 dpy!
06-11 18:51:24.080 E/PPDaemon(  349): MSMFB_NOTIFY_UPDATE start ioctl failed
06-11 18:51:24.080 E/PPDaemon(  349): MSMFB_NOTIFY_UPDATE start ioctl failed
06-11 18:51:24.080 E/PPDaemon(  349): MSMFB_NOTIFY_UPDATE start ioctl failed
06-11 18:51:24.080 E/PPDaemon(  349): MSMFB_NOTIFY_UPDATE start ioctl failed
06-11 18:51:24.080 E/PPDaemon(  349): MSMFB_NOTIFY_UPDATE start ioctl failed
06-11 18:51:24.080 E/PPDaemon(  349): MSMFB_NOTIFY_UPDATE start ioctl failed
06-11 18:51:24.080 E/PPDaemon(  349): MSMFB_NOTIFY_UPDATE start ioctl failed
06-11 18:51:24.080 E/PPDaemon(  349): MSMFB_NOTIFY_UPDATE start ioctl failed
06-11 18:51:24.080 E/PPDaemon(  349): MSMFB_NOTIFY_UPDATE start ioctl failed
06-11 18:51:24.080 E/PPDaemon(  349): MSMFB_NOTIFY_UPDATE start ioctl failed
06-11 18:51:24.080 E/PPDaemon(  349): MSMFB_NOTIFY_UPDATE start ioctl failed
06-11 18:51:24.080 E/PPDaemon(  349): MSMFB_NOTIFY_UPDATE start ioctl failed
06-11 18:51:24.080 E/PPDaemon(  349): MSMFB_NOTIFY_UPDATE start ioctl failed
06-11 18:51:24.080 E/PPDaemon(  349): MSMFB_NOTIFY_UPDATE start ioctl failed
06-11 18:51:24.080 E/PPDaemon(  349): MSMFB_NOTIFY_UPDATE start ioctl failed
06-11 18:51:24.080 E/PPDaemon(  349): MSMFB_NOTIFY_UPDATE start ioctl failed
06-11 18:51:24.080 E/PPDaemon(  349): MSMFB_NOTIFY_UPDATE start ioctl failed
06-11 18:51:24.080 E/PPDaemon(  349): MSMFB_NOTIFY_UPDATE start ioctl failed
06-11 18:51:24.080 E/PPDaemon(  349): MSMFB_NOTIFY_UPDATE start ioctl failed
06-11 18:51:24.080 E/PPDaemon(  349): MSMFB_NOTIFY_UPDATE start ioctl failed
06-11 18:51:24.080 E/PPDaemon(  349): MSMFB_NOTIFY_UPDATE start ioctl failed
06-11 18:51:24.080 E/PPDaemon(  349): MSMFB_NOTIFY_UPDATE start ioctl failed
06-11 18:51:24.080 E/PPDaemon(  349): MSMFB_NOTIFY_UPDATE start ioctl failed
06-11 18:51:24.080 E/PPDaemon(  349): MSMFB_NOTIFY_UPDATE start ioctl failed
06-11 18:51:24.084 E/PPDaemon(  349): MSMFB_NOTIFY_UPDATE start ioctl failed
06-11 18:51:24.085 E/PPDaemon(  349): MSMFB_NOTIFY_UPDATE start ioctl failed
06-11 18:51:24.091 E/PPDaemon(  349): MSMFB_NOTIFY_UPDATE start ioctl failed
06-11 18:51:24.094 E/PPDaemon(  349): MSMFB_NOTIFY_UPDATE start ioctl failed
06-11 18:51:24.097 E/PPDaemon(  349): MSMFB_NOTIFY_UPDATE start ioctl failed
06-11 18:51:24.101 E/PPDaemon(  349): MSMFB_NOTIFY_UPDATE start ioctl failed
06-11 18:51:24.103 E/PPDaemon(  349): MSMFB_NOTIFY_UPDATE start ioctl failed
06-11 18:51:24.106 E/PPDaemon(  349): MSMFB_NOTIFY_UPDATE start ioctl failed
06-11 18:51:24.126 E/AudioPolicyManager(  288): unknown stream type 13
06-11 18:51:24.126 E/AudioPolicyManager(  288): unknown stream type 13
06-11 18:51:24.126 E/AudioPolicyManager(  288): unknown stream type 13
06-11 18:51:24.126 E/AudioPolicyManager(  288): unknown stream type 13
06-11 18:51:24.127 E/AudioPolicyManager(  288): unknown stream type 13
06-11 18:51:24.174 I/SurfaceFlinger(  262): FPS: 28
06-11 18:51:24.175 D/BatteryMeterView( 2887): onDraw level = 43
06-11 18:51:24.177 I/WindowManager(  768): Win Window{1103cfcc u0 android}: isVisibleOrBehindKeyguardLw=true
06-11 18:51:24.177 I/WindowManager(  768): Win Window{2be9037a u0 StatusBar}: isVisibleOrBehindKeyguardLw=true
06-11 18:51:24.177 I/WindowManager(  768): Win Window{bc067fc u0 Toast}: isVisibleOrBehindKeyguardLw=false
06-11 18:51:24.177 I/WindowManager(  768): Win Window{3ac79107 u0 com.interswitchng.interswitchpossdkdemo.telpo.v2.debug/com.interswitchng.smartpos.modules.main.MainActivity}: isVisibleOrBehindKeyguardLw=true
06-11 18:51:24.177 V/WindowManager(  768): Fullscreen window: Window{3ac79107 u0 com.interswitchng.interswitchpossdkdemo.telpo.v2.debug/com.interswitchng.smartpos.modules.main.MainActivity}
06-11 18:51:24.177 I/WindowManager(  768): Win Window{2bd17ad6 u0 com.android.phasebeam.PhaseBeamWallpaper}: isVisibleOrBehindKeyguardLw=false
06-11 18:51:24.177 I/WindowManager(  768): force=false forcefkg=false top=Window{3ac79107 u0 com.interswitchng.interswitchpossdkdemo.telpo.v2.debug/com.interswitchng.smartpos.modules.main.MainActivity}
06-11 18:51:24.177 D/WindowManager(  768): frame: Rect(0, 0 - 720, 1280) shown frame: RectF(0.0, 0.0, 720.0, 1280.0)
06-11 18:51:24.177 D/WindowManager(  768): attr: WM.LayoutParams{(0,0)(fillxfill) sim=#20 ty=1 fl=#81810100 wanim=0x1030467 vsysui=0x600 surfaceInsets=Rect(0, 0 - 0, 0) needsMenuKey=2} lp.flags=0x81810100
06-11 18:51:24.177 V/WindowManager(  768): ** SHOWING status bar: top is not fullscreen
06-11 18:51:24.177 V/WindowManager(  768): finishPostLayoutPolicyLw: mHideKeyguard=false
06-11 18:51:24.183 I/WindowManager(  768): mDock rect: (0,0 - 720,1280)
06-11 18:51:24.183 V/WindowManager(  768): Status bar: dock=[0,50][720,1280] content=[0,50][720,1280] cur=[0,50][720,1280]
06-11 18:51:24.316 D/telpo_native(  768): usb_printer_write data start!
06-11 18:51:24.316 D/telpo_native(  768): usb_printer_write start!
06-11 18:51:24.316 E/telpo_native(  768): ret = 25
06-11 18:51:24.316 D/telpo_native(  768): handle_emv_serial_read_write_cmd: usb write length = 25
06-11 18:51:24.323 E/telpo_native(  768): serial_read:start read
06-11 18:51:24.323 E/telpo_native(  768): serial_read:serial_read read_size = 0
06-11 18:51:24.326 D/telpo_native(  768): handle_emv_serial_read_write_cmd: usb_printer_read length = 20
06-11 18:51:24.326 I/telpo_native(  768): 0b
06-11 18:51:24.326 I/telpo_native(  768): b0
06-11 18:51:24.326 I/telpo_native(  768): 96
06-11 18:51:24.326 I/telpo_native(  768): 69
06-11 18:51:24.326 I/telpo_native(  768): 04
06-11 18:51:24.326 I/telpo_native(  768): 00
06-11 18:51:24.326 I/telpo_native(  768): 00
06-11 18:51:24.326 I/telpo_native(  768): 00
06-11 18:51:24.326 I/telpo_native(  768): 35
06-11 18:51:24.326 I/telpo_native(  768): 00
06-11 18:51:24.326 I/telpo_native(  768): 04
06-11 18:51:24.326 I/telpo_native(  768): 01
06-11 18:51:24.326 I/telpo_native(  768): 00
06-11 18:51:24.326 I/telpo_native(  768): 00
06-11 18:51:24.326 I/telpo_native(  768): 00
06-11 18:51:24.326 I/telpo_native(  768): 00
06-11 18:51:24.326 I/telpo_native(  768): 00
06-11 18:51:24.326 I/telpo_native(  768): 00
06-11 18:51:24.326 I/telpo_native(  768): 00
06-11 18:51:24.326 I/telpo_native(  768): 00
06-11 18:51:24.326 I/telpo_native(  768): 
06-11 18:51:24.326 D/telpo_native(  768): handle_emv_serial_read_write_cmd: parse successfully!
06-11 18:51:24.326 I/telpo_native(  768): handle_emv_serial_read_write_cmd: receive data length is 20
06-11 18:51:24.326 I/telpo_native(  768): 0b
06-11 18:51:24.326 I/telpo_native(  768): b0
06-11 18:51:24.326 I/telpo_native(  768): 96
06-11 18:51:24.326 I/telpo_native(  768): 69
06-11 18:51:24.326 I/telpo_native(  768): 04
06-11 18:51:24.327 I/telpo_native(  768): 00
06-11 18:51:24.327 I/telpo_native(  768): 00
06-11 18:51:24.327 I/telpo_native(  768): 00
06-11 18:51:24.327 I/telpo_native(  768): 35
06-11 18:51:24.327 I/telpo_native(  768): 00
06-11 18:51:24.327 I/telpo_native(  768): 04
06-11 18:51:24.327 I/telpo_native(  768): 01
06-11 18:51:24.327 I/telpo_native(  768): 00
06-11 18:51:24.327 I/telpo_native(  768): 00
06-11 18:51:24.327 I/telpo_native(  768): 00
06-11 18:51:24.327 I/telpo_native(  768): 00
06-11 18:51:24.327 I/telpo_native(  768): 00
06-11 18:51:24.327 I/telpo_native(  768): 00
06-11 18:51:24.327 I/telpo_native(  768): 00
06-11 18:51:24.327 I/telpo_native(  768): 00
06-11 18:51:24.327 I/telpo_native(  768): 
06-11 18:51:24.328 D/telpo_native( 9326): CallIntMethod return ret = 0 length = 20
06-11 18:51:24.612 W/EmvService( 9326): InputPin: 1
06-11 18:51:24.612 E/EMV_LIB ( 9326): Send APDU:13
06-11 18:51:24.612 E/EMV_LIB ( 9326): <<<   >>> [13]
06-11 18:51:24.612 E/EMV_LIB ( 9326): 00 20 00 80 08 24 42 51 FF FF FF FF FF 
06-11 18:51:24.613 D/telpo_native(  768): usb_printer_write data start!
06-11 18:51:24.613 D/telpo_native(  768): usb_printer_write start!
06-11 18:51:24.614 E/telpo_native(  768): ret = 38
06-11 18:51:24.614 D/telpo_native(  768): handle_emv_serial_read_write_cmd: usb write length = 38
06-11 18:51:24.623 E/telpo_native(  768): Cannot find response header
06-11 18:51:24.623 D/telpo_native(  768): handle_emv_serial_read_write_cmd: not enough data receive,continue
06-11 18:51:24.633 E/telpo_native(  768): Cannot find response header
06-11 18:51:24.633 D/telpo_native(  768): handle_emv_serial_read_write_cmd: not enough data receive,continue
06-11 18:51:24.643 E/telpo_native(  768): Cannot find response header
06-11 18:51:24.643 D/telpo_native(  768): handle_emv_serial_read_write_cmd: not enough data receive,continue
06-11 18:51:24.653 E/telpo_native(  768): Cannot find response header
06-11 18:51:24.653 D/telpo_native(  768): handle_emv_serial_read_write_cmd: not enough data receive,continue
06-11 18:51:24.663 E/telpo_native(  768): Cannot find response header
06-11 18:51:24.663 D/telpo_native(  768): handle_emv_serial_read_write_cmd: not enough data receive,continue
06-11 18:51:24.675 E/telpo_native(  768): Cannot find response header
06-11 18:51:24.675 D/telpo_native(  768): handle_emv_serial_read_write_cmd: not enough data receive,continue
06-11 18:51:24.685 E/telpo_native(  768): Cannot find response header
06-11 18:51:24.686 D/telpo_native(  768): handle_emv_serial_read_write_cmd: not enough data receive,continue
06-11 18:51:24.691 D/BatteryMeterView( 2887): onDraw level = 53
06-11 18:51:24.695 E/telpo_native(  768): Cannot find response header
06-11 18:51:24.695 D/telpo_native(  768): handle_emv_serial_read_write_cmd: not enough data receive,continue
06-11 18:51:24.705 E/telpo_native(  768): serial_read:start read
06-11 18:51:24.705 E/telpo_native(  768): serial_read:serial_read read_size = 0
06-11 18:51:24.705 D/telpo_native(  768): handle_emv_serial_read_write_cmd: usb_printer_read length = 26
06-11 18:51:24.705 I/telpo_native(  768): 0b
06-11 18:51:24.705 I/telpo_native(  768): b0
06-11 18:51:24.705 I/telpo_native(  768): 96
06-11 18:51:24.705 I/telpo_native(  768): 69
06-11 18:51:24.705 I/telpo_native(  768): 0a
06-11 18:51:24.705 I/telpo_native(  768): 00
06-11 18:51:24.705 I/telpo_native(  768): 00
06-11 18:51:24.705 I/telpo_native(  768): 00
06-11 18:51:24.705 I/telpo_native(  768): 36
06-11 18:51:24.705 I/telpo_native(  768): 00
06-11 18:51:24.705 I/telpo_native(  768): 04
06-11 18:51:24.705 I/telpo_native(  768): 01
06-11 18:51:24.705 I/telpo_native(  768): 00
06-11 18:51:24.705 I/telpo_native(  768): 00
06-11 18:51:24.705 I/telpo_native(  768): 00
06-11 18:51:24.705 I/telpo_native(  768): 00
06-11 18:51:24.705 I/telpo_native(  768): 00
06-11 18:51:24.705 I/telpo_native(  768): 00
06-11 18:51:24.705 I/telpo_native(  768): 00
06-11 18:51:24.705 I/telpo_native(  768): 00
06-11 18:51:24.705 I/telpo_native(  768): 02
06-11 18:51:24.705 I/telpo_native(  768): 00
06-11 18:51:24.705 I/telpo_native(  768): 00
06-11 18:51:24.706 I/telpo_native(  768): 00
06-11 18:51:24.706 I/telpo_native(  768): 90
06-11 18:51:24.706 I/telpo_native(  768): 00
06-11 18:51:24.706 I/telpo_native(  768): 
06-11 18:51:24.706 D/telpo_native(  768): handle_emv_serial_read_write_cmd: parse successfully!
06-11 18:51:24.706 I/telpo_native(  768): handle_emv_serial_read_write_cmd: receive data length is 26
06-11 18:51:24.706 I/telpo_native(  768): 0b
06-11 18:51:24.706 I/telpo_native(  768): b0
06-11 18:51:24.706 I/telpo_native(  768): 96
06-11 18:51:24.706 I/telpo_native(  768): 69
06-11 18:51:24.706 I/telpo_native(  768): 0a
06-11 18:51:24.706 I/telpo_native(  768): 00
06-11 18:51:24.706 I/telpo_native(  768): 00
06-11 18:51:24.706 I/telpo_native(  768): 00
06-11 18:51:24.706 I/telpo_native(  768): 36
06-11 18:51:24.706 I/telpo_native(  768): 00
06-11 18:51:24.706 I/telpo_native(  768): 04
06-11 18:51:24.706 I/telpo_native(  768): 01
06-11 18:51:24.706 I/telpo_native(  768): 00
06-11 18:51:24.706 I/telpo_native(  768): 00
06-11 18:51:24.706 I/telpo_native(  768): 00
06-11 18:51:24.706 I/telpo_native(  768): 00
06-11 18:51:24.706 I/telpo_native(  768): 00
06-11 18:51:24.706 I/telpo_native(  768): 00
06-11 18:51:24.706 I/telpo_native(  768): 00
06-11 18:51:24.706 I/telpo_native(  768): 00
06-11 18:51:24.706 I/telpo_native(  768): 02
06-11 18:51:24.706 I/telpo_native(  768): 00
06-11 18:51:24.706 I/telpo_native(  768): 00
06-11 18:51:24.706 I/telpo_native(  768): 00
06-11 18:51:24.706 I/telpo_native(  768): 90
06-11 18:51:24.706 I/telpo_native(  768): 00
06-11 18:51:24.706 I/telpo_native(  768): 
06-11 18:51:24.707 D/telpo_native( 9326): CallIntMethod return ret = 0 length = 26
06-11 18:51:24.707 E/EMV_LIB ( 9326): Receive APDU:2
06-11 18:51:24.707 E/EMV_LIB ( 9326): <<< Receive APDU: >>> [2]
06-11 18:51:24.707 E/EMV_LIB ( 9326): 90 00 
06-11 18:51:24.707 E/EMV_LIB ( 9326): Cvm_Excute ret = 1
06-11 18:51:24.707 E/EMV_LIB ( 9326): CVM [2] Checked Successfully
06-11 18:51:24.707 E/EMV_LIB ( 9326): <<< emv tlv tag Get [0x95] >>> [5]
06-11 18:51:24.707 E/EMV_LIB ( 9326): 04 80 80 00 00 
06-11 18:51:24.707 E/EMV_LIB ( 9326): <<< emv tlv tag Set [0x95] >>> [5]
06-11 18:51:24.707 E/EMV_LIB ( 9326): 04 80 00 00 00 
06-11 18:51:24.707 E/EMV_LIB ( 9326): <<< emv tlv tag Get [0x9B] >>> [2]
06-11 18:51:24.707 E/EMV_LIB ( 9326): 80 00 
06-11 18:51:24.707 E/EMV_LIB ( 9326): <<< emv tlv tag Set [0x9B] >>> [2]
06-11 18:51:24.707 E/EMV_LIB ( 9326): C0 00 
06-11 18:51:24.707 E/EMV_LIB ( 9326): <<< emv tlv tag Set [0x9F34] >>> [3]
06-11 18:51:24.707 E/EMV_LIB ( 9326): 41 03 02 
06-11 18:51:24.707 E/EMV_LIB ( 9326): <<< emv tlv tag Get [0x5A] >>> [8]
06-11 18:51:24.708 E/EMV_LIB ( 9326): 51 99 11 07 54 30 94 55 
06-11 18:51:24.708 E/EMV_LIB ( 9326): CheckException methid :1953565464
06-11 18:51:24.708 W/EmvService( 9326): CheckExceptionPan: 0
06-11 18:51:24.708 E/EMV_LIB ( 9326): CheckException ret :0
06-11 18:51:24.708 E/EMV_LIB ( 9326): OnEmvCheckException ret = 0
06-11 18:51:24.708 E/EMV_LIB ( 9326): <<< emv tlv tag Get [0x9F1B] >>> [4]
06-11 18:51:24.708 E/EMV_LIB ( 9326): 7F FF FF FF 
06-11 18:51:24.708 E/EMV_LIB ( 9326): <<< emv tlv tag Get [0x9F02] >>> [6]
06-11 18:51:24.708 E/EMV_LIB ( 9326): 00 00 00 00 00 01 
06-11 18:51:24.708 E/EMV_LIB ( 9326): <<< emv tlv tag Get [0x9F02] >>> [6]
06-11 18:51:24.708 E/EMV_LIB ( 9326): 00 00 00 00 00 01 
06-11 18:51:24.709 E/EMV_LIB ( 9326): <<< emv tlv tag Get [0x9F1B] >>> [4]
06-11 18:51:24.709 E/EMV_LIB ( 9326): 7F FF FF FF 
06-11 18:51:24.709 E/EMV_LIB ( 9326): <<< emv tlv tag Get [0x9B] >>> [2]
06-11 18:51:24.709 E/EMV_LIB ( 9326): C0 00 
06-11 18:51:24.709 E/EMV_LIB ( 9326): <<< emv tlv tag Set [0x9B] >>> [2]
06-11 18:51:24.709 E/EMV_LIB ( 9326): C8 00 
06-11 18:51:24.709 E/EMV_LIB ( 9326): <<< emv tlv tag Get [0x8C] >>> [39]
06-11 18:51:24.709 E/EMV_LIB ( 9326): 9F 02 06 9F 03 06 9F 1A 02 95 05 5F 2A 02 9A 03 9C 01 9F 37 04 9F 35 01 9F 45 02 9F 4C 08 9F 34 03 9F 21 03 9F 7C 14 
06-11 18:51:24.709 E/EMV_LIB ( 9326): <<< emv tlv tag Get [0x95] >>> [5]
06-11 18:51:24.709 E/EMV_LIB ( 9326): 04 80 00 00 00 
06-11 18:51:24.710 E/EMV_LIB ( 9326): <<< emv tlv tag Get [0x9F0E] >>> [5]
06-11 18:51:24.710 E/EMV_LIB ( 9326): 00 00 00 00 00 
06-11 18:51:24.710 E/EMV_LIB ( 9326): <<< IAC >>> [5]
06-11 18:51:24.710 E/EMV_LIB ( 9326): 00 00 00 00 00 
06-11 18:51:24.710 E/EMV_LIB ( 9326): <<< TAC >>> [5]
06-11 18:51:24.710 E/EMV_LIB ( 9326): 00 10 00 00 00 
06-11 18:51:24.710 E/EMV_LIB ( 9326): <<< TVR >>> [5]
06-11 18:51:24.710 E/EMV_LIB ( 9326): 04 80 00 00 00 
06-11 18:51:24.710 E/EMV_LIB ( 9326): <<< emv tlv tag Get [0x95] >>> [5]
06-11 18:51:24.710 E/EMV_LIB ( 9326): 04 80 00 00 00 
06-11 18:51:24.710 E/EMV_LIB ( 9326): <<< emv tlv tag Get [0x9F0F] >>> [5]
06-11 18:51:24.710 E/EMV_LIB ( 9326): BC 70 BC 98 00 
06-11 18:51:24.710 E/EMV_LIB ( 9326): <<< IAC >>> [5]
06-11 18:51:24.710 E/EMV_LIB ( 9326): BC 70 BC 98 00 
06-11 18:51:24.710 E/EMV_LIB ( 9326): <<< TAC >>> [5]
06-11 18:51:24.710 E/EMV_LIB ( 9326): FC F8 E4 F8 80 
06-11 18:51:24.710 E/EMV_LIB ( 9326): <<< TVR >>> [5]
06-11 18:51:24.710 E/EMV_LIB ( 9326): 04 80 00 00 00 
06-11 18:51:24.710 E/EMV_LIB ( 9326): Check Online  
06-11 18:51:24.710 E/EMV_LIB ( 9326): Result: Generate ARQC
06-11 18:51:24.710 E/EMV_LIB ( 9326): 1st GenerateAC Command [80]
06-11 18:51:24.710 E/EMV_LIB ( 9326): <<< emv tlv tag Get [0x8C] >>> [39]
06-11 18:51:24.710 E/EMV_LIB ( 9326): 9F 02 06 9F 03 06 9F 1A 02 95 05 5F 2A 02 9A 03 9C 01 9F 37 04 9F 35 01 9F 45 02 9F 4C 08 9F 34 03 9F 21 03 9F 7C 14 
06-11 18:51:24.710 E/EMV_LIB ( 9326): <<< construct_dol >>> [39]
06-11 18:51:24.710 E/EMV_LIB ( 9326): 9F 02 06 9F 03 06 9F 1A 02 95 05 5F 2A 02 9A 03 9C 01 9F 37 04 9F 35 01 9F 45 02 9F 4C 08 9F 34 03 9F 21 03 9F 7C 14 
06-11 18:51:24.710 E/EMV_LIB ( 9326): DOL Request Tag:9F02
06-11 18:51:24.710 E/EMV_LIB ( 9326): <<< emv tlv tag Get [0x9F02] >>> [6]
06-11 18:51:24.710 E/EMV_LIB ( 9326): 00 00 00 00 00 01 
06-11 18:51:24.710 E/EMV_LIB ( 9326): <<< Value: >>> [6]
06-11 18:51:24.710 E/EMV_LIB ( 9326): 00 00 00 00 00 01 
06-11 18:51:24.710 E/EMV_LIB ( 9326): DOL Request Tag:9F03
06-11 18:51:24.710 E/EMV_LIB ( 9326): <<< emv tlv tag Get [0x9F03] >>> [6]
06-11 18:51:24.710 E/EMV_LIB ( 9326): 00 00 00 00 00 00 
06-11 18:51:24.710 E/EMV_LIB ( 9326): <<< Value: >>> [6]
06-11 18:51:24.710 E/EMV_LIB ( 9326): 00 00 00 00 00 00 
06-11 18:51:24.710 E/EMV_LIB ( 9326): DOL Request Tag:9F1A
06-11 18:51:24.710 E/EMV_LIB ( 9326): <<< emv tlv tag Get [0x9F1A] >>> [2]
06-11 18:51:24.710 E/EMV_LIB ( 9326): 05 66 
06-11 18:51:24.710 E/EMV_LIB ( 9326): <<< Value: >>> [2]
06-11 18:51:24.710 E/EMV_LIB ( 9326): 05 66 
06-11 18:51:24.710 E/EMV_LIB ( 9326): DOL Request Tag:95
06-11 18:51:24.710 E/EMV_LIB ( 9326): <<< emv tlv tag Get [0x95] >>> [5]
06-11 18:51:24.710 E/EMV_LIB ( 9326): 04 80 00 00 00 
06-11 18:51:24.710 E/EMV_LIB ( 9326): <<< Value: >>> [5]
06-11 18:51:24.710 E/EMV_LIB ( 9326): 04 80 00 00 00 
06-11 18:51:24.710 E/EMV_LIB ( 9326): DOL Request Tag:5F2A
06-11 18:51:24.711 E/EMV_LIB ( 9326): <<< emv tlv tag Get [0x5F2A] >>> [2]
06-11 18:51:24.711 E/EMV_LIB ( 9326): 05 66 
06-11 18:51:24.711 E/EMV_LIB ( 9326): <<< Value: >>> [2]
06-11 18:51:24.711 E/EMV_LIB ( 9326): 05 66 
06-11 18:51:24.711 E/EMV_LIB ( 9326): DOL Request Tag:9A
06-11 18:51:24.711 E/EMV_LIB ( 9326): <<< emv tlv tag Get [0x9A] >>> [3]
06-11 18:51:24.711 E/EMV_LIB ( 9326): 20 06 11 
06-11 18:51:24.711 E/EMV_LIB ( 9326): <<< Value: >>> [3]
06-11 18:51:24.711 E/EMV_LIB ( 9326): 20 06 11 
06-11 18:51:24.711 E/EMV_LIB ( 9326): DOL Request Tag:9C
06-11 18:51:24.711 E/EMV_LIB ( 9326): <<< emv tlv tag Get [0x9C] >>> [1]
06-11 18:51:24.711 E/EMV_LIB ( 9326): 00 
06-11 18:51:24.711 E/EMV_LIB ( 9326): <<< Value: >>> [1]
06-11 18:51:24.711 E/EMV_LIB ( 9326): 00 
06-11 18:51:24.711 E/EMV_LIB ( 9326): DOL Request Tag:9F37
06-11 18:51:24.711 E/EMV_LIB ( 9326): <<< emv tlv tag Get [0x9F37] >>> [4]
06-11 18:51:24.711 E/EMV_LIB ( 9326): 0C 66 FF 92 
06-11 18:51:24.711 E/EMV_LIB ( 9326): <<< Value: >>> [4]
06-11 18:51:24.711 E/EMV_LIB ( 9326): 0C 66 FF 92 
06-11 18:51:24.711 E/EMV_LIB ( 9326): DOL Request Tag:9F35
06-11 18:51:24.711 E/EMV_LIB ( 9326): <<< emv tlv tag Get [0x9F35] >>> [1]
06-11 18:51:24.711 E/EMV_LIB ( 9326): 22 
06-11 18:51:24.711 E/EMV_LIB ( 9326): <<< Value: >>> [1]
06-11 18:51:24.711 E/EMV_LIB ( 9326): 22 
06-11 18:51:24.711 E/EMV_LIB ( 9326): DOL Request Tag:9F45
06-11 18:51:24.711 E/EMV_LIB ( 9326): <<< Value: >>> [0]
06-11 18:51:24.711 E/EMV_LIB ( 9326): DOL Unknown Tag: 0x9F45, Len:2
06-11 18:51:24.711 E/EMV_LIB ( 9326): Require input Tag: 9F45
06-11 18:51:24.711 E/EMV_LIB ( 9326): jni_RequireTagValue, Tag:9F45
06-11 18:51:24.711 W/EmvService( 9326): RequireTagValue: 1
06-11 18:51:24.711 E/EMV_LIB ( 9326): <<< emv tlv tag Set [0x9F45] >>> [2]
06-11 18:51:24.711 E/EMV_LIB ( 9326): 00 00 
06-11 18:51:24.711 E/EMV_LIB ( 9326): DOL Request Tag:9F4C
06-11 18:51:24.711 E/EMV_LIB ( 9326): <<< Value: >>> [0]
06-11 18:51:24.711 E/EMV_LIB ( 9326): DOL Unknown Tag: 0x9F4C, Len:8
06-11 18:51:24.711 E/EMV_LIB ( 9326): Require input Tag: 9F4C
06-11 18:51:24.711 E/EMV_LIB ( 9326): jni_RequireTagValue, Tag:9F4C
06-11 18:51:24.712 W/EmvService( 9326): RequireTagValue: 1
06-11 18:51:24.712 E/EMV_LIB ( 9326): <<< emv tlv tag Set [0x9F4C] >>> [8]
06-11 18:51:24.712 E/EMV_LIB ( 9326): 00 00 00 00 00 00 00 00 
06-11 18:51:24.712 E/EMV_LIB ( 9326): DOL Request Tag:9F34
06-11 18:51:24.712 E/EMV_LIB ( 9326): <<< emv tlv tag Get [0x9F34] >>> [3]
06-11 18:51:24.712 E/EMV_LIB ( 9326): 41 03 02 
06-11 18:51:24.712 E/EMV_LIB ( 9326): <<< Value: >>> [3]
06-11 18:51:24.712 E/EMV_LIB ( 9326): 41 03 02 
06-11 18:51:24.712 E/EMV_LIB ( 9326): DOL Request Tag:9F21
06-11 18:51:24.712 E/EMV_LIB ( 9326): <<< emv tlv tag Get [0x9F21] >>> [3]
06-11 18:51:24.712 E/EMV_LIB ( 9326): 18 51 14 
06-11 18:51:24.712 E/EMV_LIB ( 9326): <<< Value: >>> [3]
06-11 18:51:24.712 E/EMV_LIB ( 9326): 18 51 14 
06-11 18:51:24.712 E/EMV_LIB ( 9326): DOL Request Tag:9F7C
06-11 18:51:24.712 E/EMV_LIB ( 9326): <<< Value: >>> [0]
06-11 18:51:24.712 E/EMV_LIB ( 9326): DOL Unknown Tag: 0x9F7C, Len:20
06-11 18:51:24.712 E/EMV_LIB ( 9326): Require input Tag: 9F7C
06-11 18:51:24.712 E/EMV_LIB ( 9326): jni_RequireTagValue, Tag:9F7C
06-11 18:51:24.712 W/EmvService( 9326): RequireTagValue: 1
06-11 18:51:24.712 E/EMV_LIB ( 9326): <<< emv tlv tag Set [0x9F7C] >>> [20]
06-11 18:51:24.712 E/EMV_LIB ( 9326): 00 00 00 00 00 00 00 00 00 00 00 00 00 00 00 00 00 00 00 00 
06-11 18:51:24.712 E/EMV_LIB ( 9326): Generate_AC Is CDA = 0
06-11 18:51:24.712 E/EMV_LIB ( 9326): Send APDU:72
06-11 18:51:24.712 E/EMV_LIB ( 9326): <<<   >>> [72]
06-11 18:51:24.712 E/EMV_LIB ( 9326): 80 AE 80 00 42 00 00 00 00 00 01 00 00 00 00 00 00 05 66 04 80 00 00 00 05 66 20 06 11 00 0C 66 FF 92 22 00 00 00 00 00 00 00 00 00 00 41 03 02 18 51 14 00 00 00 00 00 00 00 00 00 00 00 00 00 00 00 00 00 00 00 00 00 
06-11 18:51:24.713 D/telpo_native(  768): usb_printer_write data start!
06-11 18:51:24.713 D/telpo_native(  768): usb_printer_write start!
06-11 18:51:24.714 E/telpo_native(  768): ret = 97
06-11 18:51:24.714 D/telpo_native(  768): handle_emv_serial_read_write_cmd: usb write length = 97
06-11 18:51:24.723 E/telpo_native(  768): Cannot find response header
06-11 18:51:24.723 D/telpo_native(  768): handle_emv_serial_read_write_cmd: not enough data receive,continue
06-11 18:51:24.733 E/telpo_native(  768): Cannot find response header
06-11 18:51:24.733 D/telpo_native(  768): handle_emv_serial_read_write_cmd: not enough data receive,continue
06-11 18:51:24.743 E/telpo_native(  768): Cannot find response header
06-11 18:51:24.743 D/telpo_native(  768): handle_emv_serial_read_write_cmd: not enough data receive,continue
06-11 18:51:24.753 E/telpo_native(  768): Cannot find response header
06-11 18:51:24.753 D/telpo_native(  768): handle_emv_serial_read_write_cmd: not enough data receive,continue
06-11 18:51:24.763 E/telpo_native(  768): Cannot find response header
06-11 18:51:24.763 D/telpo_native(  768): handle_emv_serial_read_write_cmd: not enough data receive,continue
06-11 18:51:24.773 E/telpo_native(  768): Cannot find response header
06-11 18:51:24.773 D/telpo_native(  768): handle_emv_serial_read_write_cmd: not enough data receive,continue
06-11 18:51:24.783 E/telpo_native(  768): Cannot find response header
06-11 18:51:24.783 D/telpo_native(  768): handle_emv_serial_read_write_cmd: not enough data receive,continue
06-11 18:51:24.793 E/telpo_native(  768): Cannot find response header
06-11 18:51:24.793 D/telpo_native(  768): handle_emv_serial_read_write_cmd: not enough data receive,continue
06-11 18:51:24.803 E/telpo_native(  768): Cannot find response header
06-11 18:51:24.803 D/telpo_native(  768): handle_emv_serial_read_write_cmd: not enough data receive,continue
06-11 18:51:24.813 E/telpo_native(  768): Cannot find response header
06-11 18:51:24.813 D/telpo_native(  768): handle_emv_serial_read_write_cmd: not enough data receive,continue
06-11 18:51:24.823 E/telpo_native(  768): Cannot find response header
06-11 18:51:24.823 D/telpo_native(  768): handle_emv_serial_read_write_cmd: not enough data receive,continue
06-11 18:51:24.833 E/telpo_native(  768): Cannot find response header
06-11 18:51:24.833 D/telpo_native(  768): handle_emv_serial_read_write_cmd: not enough data receive,continue
06-11 18:51:24.843 E/telpo_native(  768): Cannot find response header
06-11 18:51:24.843 D/telpo_native(  768): handle_emv_serial_read_write_cmd: not enough data receive,continue
06-11 18:51:24.853 E/telpo_native(  768): Cannot find response header
06-11 18:51:24.853 D/telpo_native(  768): handle_emv_serial_read_write_cmd: not enough data receive,continue
06-11 18:51:24.863 E/telpo_native(  768): Cannot find response header
06-11 18:51:24.863 D/telpo_native(  768): handle_emv_serial_read_write_cmd: not enough data receive,continue
06-11 18:51:24.873 E/telpo_native(  768): Cannot find response header
06-11 18:51:24.873 D/telpo_native(  768): handle_emv_serial_read_write_cmd: not enough data receive,continue
06-11 18:51:24.883 E/telpo_native(  768): Cannot find response header
06-11 18:51:24.883 D/telpo_native(  768): handle_emv_serial_read_write_cmd: not enough data receive,continue
06-11 18:51:24.893 E/telpo_native(  768): Cannot find response header
06-11 18:51:24.893 D/telpo_native(  768): handle_emv_serial_read_write_cmd: not enough data receive,continue
06-11 18:51:24.903 E/telpo_native(  768): Cannot find response header
06-11 18:51:24.903 D/telpo_native(  768): handle_emv_serial_read_write_cmd: not enough data receive,continue
06-11 18:51:24.913 E/telpo_native(  768): Cannot find response header
06-11 18:51:24.913 D/telpo_native(  768): handle_emv_serial_read_write_cmd: not enough data receive,continue
06-11 18:51:24.923 E/telpo_native(  768): Cannot find response header
06-11 18:51:24.923 D/telpo_native(  768): handle_emv_serial_read_write_cmd: not enough data receive,continue
06-11 18:51:24.933 E/telpo_native(  768): Cannot find response header
06-11 18:51:24.933 D/telpo_native(  768): handle_emv_serial_read_write_cmd: not enough data receive,continue
06-11 18:51:24.943 E/telpo_native(  768): Cannot find response header
06-11 18:51:24.943 D/telpo_native(  768): handle_emv_serial_read_write_cmd: not enough data receive,continue
06-11 18:51:24.953 E/telpo_native(  768): Cannot find response header
