06-11 18:51:32.699 V/WindowManager(  768): Compute frame com.interswitchng.interswitchpossdkdemo.telpo.v2.debug/com.interswitchng.smartpos.modules.main.MainActivity: sim=#20 attach=null type=1 flags=0x81810100 pf=[0,0][720,1280] df=[0,0][720,1280] of=[0,0][720,1280] cf=[0,50][720,1280] vf=[0,50][720,1280] dcf=[0,0][720,1280] sf=[0,50][720,1280]
06-11 18:51:32.699 I/WindowManager(  768): Win Window{1103cfcc u0 android}: isVisibleOrBehindKeyguardLw=true
06-11 18:51:32.699 I/WindowManager(  768): Win Window{2be9037a u0 StatusBar}: isVisibleOrBehindKeyguardLw=true
06-11 18:51:32.699 I/WindowManager(  768): Win Window{9aa07e8 u0 Toast}: isVisibleOrBehindKeyguardLw=true
06-11 18:51:32.699 I/WindowManager(  768): Win Window{3ac79107 u0 com.interswitchng.interswitchpossdkdemo.telpo.v2.debug/com.interswitchng.smartpos.modules.main.MainActivity}: isVisibleOrBehindKeyguardLw=true
06-11 18:51:32.699 V/WindowManager(  768): Fullscreen window: Window{3ac79107 u0 com.interswitchng.interswitchpossdkdemo.telpo.v2.debug/com.interswitchng.smartpos.modules.main.MainActivity}
06-11 18:51:32.699 I/WindowManager(  768): Win Window{2bd17ad6 u0 com.android.phasebeam.PhaseBeamWallpaper}: isVisibleOrBehindKeyguardLw=false
06-11 18:51:32.699 I/WindowManager(  768): force=false forcefkg=false top=Window{3ac79107 u0 com.interswitchng.interswitchpossdkdemo.telpo.v2.debug/com.interswitchng.smartpos.modules.main.MainActivity}
06-11 18:51:32.699 D/WindowManager(  768): frame: Rect(0, 0 - 720, 1280) shown frame: RectF(0.0, 0.0, 720.0, 1280.0)
06-11 18:51:32.700 D/WindowManager(  768): attr: WM.LayoutParams{(0,0)(fillxfill) sim=#20 ty=1 fl=#81810100 wanim=0x1030467 vsysui=0x600 surfaceInsets=Rect(0, 0 - 0, 0) needsMenuKey=2} lp.flags=0x81810100
06-11 18:51:32.700 V/WindowManager(  768): ** SHOWING status bar: top is not fullscreen
06-11 18:51:32.700 V/WindowManager(  768): finishPostLayoutPolicyLw: mHideKeyguard=false
06-11 18:51:32.740 I/WindowManager(  768): mDock rect: (0,0 - 720,1280)
06-11 18:51:32.740 V/WindowManager(  768): Status bar: dock=[0,50][720,1280] content=[0,50][720,1280] cur=[0,50][720,1280]
06-11 18:51:32.740 V/WindowManager(  768): layoutWindowLw(): normal window
06-11 18:51:32.741 V/WindowManager(  768): Compute frame : sim=#20 attach=null type=2015 flags=0x01000018 pf=[0,50][720,1280] df=[0,50][720,1280] of=[0,50][720,1280] cf=[0,50][720,1280] vf=[0,50][720,1280] dcf=[0,0][720,1280] sf=[0,50][720,1280]
06-11 18:51:32.741 V/WindowManager(  768): layoutWindowLw(Toast): normal window
06-11 18:51:32.741 V/WindowManager(  768): Compute frame Toast: sim=#20 attach=null type=2005 flags=0x01000098 pf=[0,50][720,1280] df=[0,50][720,1280] of=[0,50][720,1280] cf=[0,50][720,1280] vf=[0,50][720,1280] dcf=[0,0][720,1280] sf=[0,50][720,1280]
06-11 18:51:32.741 V/WindowManager(  768): layoutWindowLw(com.interswitchng.interswitchpossdkdemo.telpo.v2.debug/com.interswitchng.smartpos.modules.main.MainActivity): IN_SCREEN, INSET_DECOR
06-11 18:51:32.741 V/WindowManager(  768): Compute frame com.interswitchng.interswitchpossdkdemo.telpo.v2.debug/com.interswitchng.smartpos.modules.main.MainActivity: sim=#20 attach=null type=1 flags=0x81810100 pf=[0,0][720,1280] df=[0,0][720,1280] of=[0,0][720,1280] cf=[0,50][720,1280] vf=[0,50][720,1280] dcf=[0,0][720,1280] sf=[0,50][720,1280]
06-11 18:51:32.741 I/WindowManager(  768): Win Window{1103cfcc u0 android}: isVisibleOrBehindKeyguardLw=true
06-11 18:51:32.741 I/WindowManager(  768): Win Window{2be9037a u0 StatusBar}: isVisibleOrBehindKeyguardLw=true
06-11 18:51:32.741 I/WindowManager(  768): Win Window{9aa07e8 u0 Toast}: isVisibleOrBehindKeyguardLw=true
06-11 18:51:32.741 I/WindowManager(  768): Win Window{3ac79107 u0 com.interswitchng.interswitchpossdkdemo.telpo.v2.debug/com.interswitchng.smartpos.modules.main.MainActivity}: isVisibleOrBehindKeyguardLw=true
06-11 18:51:32.742 V/WindowManager(  768): Fullscreen window: Window{3ac79107 u0 com.interswitchng.interswitchpossdkdemo.telpo.v2.debug/com.interswitchng.smartpos.modules.main.MainActivity}
06-11 18:51:32.742 I/WindowManager(  768): Win Window{2bd17ad6 u0 com.android.phasebeam.PhaseBeamWallpaper}: isVisibleOrBehindKeyguardLw=false
06-11 18:51:32.742 I/WindowManager(  768): force=false forcefkg=false top=Window{3ac79107 u0 com.interswitchng.interswitchpossdkdemo.telpo.v2.debug/com.interswitchng.smartpos.modules.main.MainActivity}
06-11 18:51:32.742 D/WindowManager(  768): frame: Rect(0, 0 - 720, 1280) shown frame: RectF(0.0, 0.0, 720.0, 1280.0)
06-11 18:51:32.742 D/WindowManager(  768): attr: WM.LayoutParams{(0,0)(fillxfill) sim=#20 ty=1 fl=#81810100 wanim=0x1030467 vsysui=0x600 surfaceInsets=Rect(0, 0 - 0, 0) needsMenuKey=2} lp.flags=0x81810100
06-11 18:51:32.742 V/WindowManager(  768): ** SHOWING status bar: top is not fullscreen
06-11 18:51:32.742 V/WindowManager(  768): finishPostLayoutPolicyLw: mHideKeyguard=false
06-11 18:51:32.757 I/WindowManager(  768): Win Window{1103cfcc u0 android}: isVisibleOrBehindKeyguardLw=true
06-11 18:51:32.757 I/WindowManager(  768): Win Window{2be9037a u0 StatusBar}: isVisibleOrBehindKeyguardLw=true
06-11 18:51:32.757 I/WindowManager(  768): Win Window{9aa07e8 u0 Toast}: isVisibleOrBehindKeyguardLw=true
06-11 18:51:32.758 I/WindowManager(  768): Win Window{3ac79107 u0 com.interswitchng.interswitchpossdkdemo.telpo.v2.debug/com.interswitchng.smartpos.modules.main.MainActivity}: isVisibleOrBehindKeyguardLw=true
06-11 18:51:32.758 V/WindowManager(  768): Fullscreen window: Window{3ac79107 u0 com.interswitchng.interswitchpossdkdemo.telpo.v2.debug/com.interswitchng.smartpos.modules.main.MainActivity}
06-11 18:51:32.758 I/WindowManager(  768): Win Window{2bd17ad6 u0 com.android.phasebeam.PhaseBeamWallpaper}: isVisibleOrBehindKeyguardLw=false
06-11 18:51:32.758 I/WindowManager(  768): force=false forcefkg=false top=Window{3ac79107 u0 com.interswitchng.interswitchpossdkdemo.telpo.v2.debug/com.interswitchng.smartpos.modules.main.MainActivity}
06-11 18:51:32.758 D/WindowManager(  768): frame: Rect(0, 0 - 720, 1280) shown frame: RectF(0.0, 0.0, 720.0, 1280.0)
06-11 18:51:32.758 D/WindowManager(  768): attr: WM.LayoutParams{(0,0)(fillxfill) sim=#20 ty=1 fl=#81810100 wanim=0x1030467 vsysui=0x600 surfaceInsets=Rect(0, 0 - 0, 0) needsMenuKey=2} lp.flags=0x81810100
06-11 18:51:32.758 V/WindowManager(  768): ** SHOWING status bar: top is not fullscreen
06-11 18:51:32.758 V/WindowManager(  768): finishPostLayoutPolicyLw: mHideKeyguard=false
06-11 18:51:32.853 D/telpo_native(  768): usb_printer_write data start!
06-11 18:51:32.854 D/telpo_native(  768): usb_printer_write start!
06-11 18:51:32.854 E/telpo_native(  768): ret = 25
06-11 18:51:32.854 D/telpo_native(  768): handle_emv_serial_read_write_cmd: usb write length = 25
06-11 18:51:32.858 E/telpo_native(  768): serial_read:start read
06-11 18:51:32.858 E/telpo_native(  768): serial_read:serial_read read_size = 0
06-11 18:51:32.863 D/telpo_native(  768): handle_emv_serial_read_write_cmd: usb_printer_read length = 20
06-11 18:51:32.863 I/telpo_native(  768): 0b
06-11 18:51:32.863 I/telpo_native(  768): b0
06-11 18:51:32.863 I/telpo_native(  768): 96
06-11 18:51:32.863 I/telpo_native(  768): 69
06-11 18:51:32.863 I/telpo_native(  768): 04
06-11 18:51:32.863 I/telpo_native(  768): 00
06-11 18:51:32.863 I/telpo_native(  768): 00
06-11 18:51:32.863 I/telpo_native(  768): 00
06-11 18:51:32.863 I/telpo_native(  768): 48
06-11 18:51:32.863 I/telpo_native(  768): 00
06-11 18:51:32.863 I/telpo_native(  768): 04
06-11 18:51:32.863 I/telpo_native(  768): 01
06-11 18:51:32.863 I/telpo_native(  768): 00
06-11 18:51:32.863 I/telpo_native(  768): 00
06-11 18:51:32.863 I/telpo_native(  768): 00
06-11 18:51:32.863 I/telpo_native(  768): 00
06-11 18:51:32.863 I/telpo_native(  768): 00
06-11 18:51:32.863 I/telpo_native(  768): 00
06-11 18:51:32.863 I/telpo_native(  768): 00
06-11 18:51:32.863 I/telpo_native(  768): 00
06-11 18:51:32.863 I/telpo_native(  768): 
06-11 18:51:32.863 D/telpo_native(  768): handle_emv_serial_read_write_cmd: parse successfully!
06-11 18:51:32.863 I/telpo_native(  768): handle_emv_serial_read_write_cmd: receive data length is 20
06-11 18:51:32.863 I/telpo_native(  768): 0b
06-11 18:51:32.863 I/telpo_native(  768): b0
06-11 18:51:32.863 I/telpo_native(  768): 96
06-11 18:51:32.864 I/telpo_native(  768): 69
06-11 18:51:32.864 I/telpo_native(  768): 04
06-11 18:51:32.864 I/telpo_native(  768): 00
06-11 18:51:32.864 I/telpo_native(  768): 00
06-11 18:51:32.864 I/telpo_native(  768): 00
06-11 18:51:32.864 I/telpo_native(  768): 48
06-11 18:51:32.864 I/telpo_native(  768): 00
06-11 18:51:32.864 I/telpo_native(  768): 04
06-11 18:51:32.864 I/telpo_native(  768): 01
06-11 18:51:32.864 I/telpo_native(  768): 00
06-11 18:51:32.864 I/telpo_native(  768): 00
06-11 18:51:32.864 I/telpo_native(  768): 00
06-11 18:51:32.864 I/telpo_native(  768): 00
06-11 18:51:32.864 I/telpo_native(  768): 00
06-11 18:51:32.864 I/telpo_native(  768): 00
06-11 18:51:32.864 I/telpo_native(  768): 00
06-11 18:51:32.864 I/telpo_native(  768): 00
06-11 18:51:32.864 I/telpo_native(  768): 
06-11 18:51:32.865 D/telpo_native( 9326): CallIntMethod return ret = 0 length = 20
06-11 18:51:32.908 D/wpa_supplicant( 3753): wlan0: Control interface command 'SIGNAL_POLL'
06-11 18:51:32.954 D/BatteryMeterView( 2887): onDraw level = 100
06-11 18:51:33.278 I/WindowManager(  768): Win Window{1103cfcc u0 android}: isVisibleOrBehindKeyguardLw=true
06-11 18:51:33.279 I/WindowManager(  768): Win Window{2be9037a u0 StatusBar}: isVisibleOrBehindKeyguardLw=true
06-11 18:51:33.279 I/WindowManager(  768): Win Window{9aa07e8 u0 Toast}: isVisibleOrBehindKeyguardLw=true
06-11 18:51:33.279 I/WindowManager(  768): Win Window{3ac79107 u0 com.interswitchng.interswitchpossdkdemo.telpo.v2.debug/com.interswitchng.smartpos.modules.main.MainActivity}: isVisibleOrBehindKeyguardLw=true
06-11 18:51:33.279 V/WindowManager(  768): Fullscreen window: Window{3ac79107 u0 com.interswitchng.interswitchpossdkdemo.telpo.v2.debug/com.interswitchng.smartpos.modules.main.MainActivity}
06-11 18:51:33.279 I/WindowManager(  768): Win Window{2bd17ad6 u0 com.android.phasebeam.PhaseBeamWallpaper}: isVisibleOrBehindKeyguardLw=false
06-11 18:51:33.279 I/WindowManager(  768): force=false forcefkg=false top=Window{3ac79107 u0 com.interswitchng.interswitchpossdkdemo.telpo.v2.debug/com.interswitchng.smartpos.modules.main.MainActivity}
06-11 18:51:33.279 D/WindowManager(  768): frame: Rect(0, 0 - 720, 1280) shown frame: RectF(0.0, 0.0, 720.0, 1280.0)
06-11 18:51:33.279 D/WindowManager(  768): attr: WM.LayoutParams{(0,0)(fillxfill) sim=#20 ty=1 fl=#81810100 wanim=0x1030467 vsysui=0x600 surfaceInsets=Rect(0, 0 - 0, 0) needsMenuKey=2} lp.flags=0x81810100
06-11 18:51:33.279 V/WindowManager(  768): ** SHOWING status bar: top is not fullscreen
06-11 18:51:33.279 V/WindowManager(  768): finishPostLayoutPolicyLw: mHideKeyguard=false
06-11 18:51:33.368 D/telpo_native(  768): usb_printer_write data start!
06-11 18:51:33.368 D/telpo_native(  768): usb_printer_write start!
06-11 18:51:33.368 E/telpo_native(  768): ret = 25
06-11 18:51:33.368 D/telpo_native(  768): handle_emv_serial_read_write_cmd: usb write length = 25
06-11 18:51:33.378 E/telpo_native(  768): serial_read:start read
06-11 18:51:33.379 E/telpo_native(  768): serial_read:serial_read read_size = 0
06-11 18:51:33.379 D/telpo_native(  768): handle_emv_serial_read_write_cmd: usb_printer_read length = 20
06-11 18:51:33.379 I/telpo_native(  768): 0b
06-11 18:51:33.379 I/telpo_native(  768): b0
06-11 18:51:33.379 I/telpo_native(  768): 96
06-11 18:51:33.379 I/telpo_native(  768): 69
06-11 18:51:33.379 I/telpo_native(  768): 04
06-11 18:51:33.379 I/telpo_native(  768): 00
06-11 18:51:33.379 I/telpo_native(  768): 00
06-11 18:51:33.379 I/telpo_native(  768): 00
06-11 18:51:33.379 I/telpo_native(  768): 49
06-11 18:51:33.379 I/telpo_native(  768): 00
06-11 18:51:33.379 I/telpo_native(  768): 04
06-11 18:51:33.379 I/telpo_native(  768): 01
06-11 18:51:33.379 I/telpo_native(  768): 00
06-11 18:51:33.379 I/telpo_native(  768): 00
06-11 18:51:33.379 I/telpo_native(  768): 00
06-11 18:51:33.379 I/telpo_native(  768): 00
06-11 18:51:33.379 I/telpo_native(  768): 00
06-11 18:51:33.379 I/telpo_native(  768): 00
06-11 18:51:33.379 I/telpo_native(  768): 00
06-11 18:51:33.379 I/telpo_native(  768): 00
06-11 18:51:33.379 I/telpo_native(  768): 
06-11 18:51:33.379 D/telpo_native(  768): handle_emv_serial_read_write_cmd: parse successfully!
06-11 18:51:33.379 I/telpo_native(  768): handle_emv_serial_read_write_cmd: receive data length is 20
06-11 18:51:33.379 I/telpo_native(  768): 0b
06-11 18:51:33.379 I/telpo_native(  768): b0
06-11 18:51:33.379 I/telpo_native(  768): 96
06-11 18:51:33.379 I/telpo_native(  768): 69
06-11 18:51:33.379 I/telpo_native(  768): 04
06-11 18:51:33.379 I/telpo_native(  768): 00
06-11 18:51:33.379 I/telpo_native(  768): 00
06-11 18:51:33.379 I/telpo_native(  768): 00
06-11 18:51:33.379 I/telpo_native(  768): 49
06-11 18:51:33.379 I/telpo_native(  768): 00
06-11 18:51:33.379 I/telpo_native(  768): 04
06-11 18:51:33.379 I/telpo_native(  768): 01
06-11 18:51:33.379 I/telpo_native(  768): 00
06-11 18:51:33.379 I/telpo_native(  768): 00
06-11 18:51:33.379 I/telpo_native(  768): 00
06-11 18:51:33.379 I/telpo_native(  768): 00
06-11 18:51:33.379 I/telpo_native(  768): 00
06-11 18:51:33.379 I/telpo_native(  768): 00
06-11 18:51:33.379 I/telpo_native(  768): 00
06-11 18:51:33.379 I/telpo_native(  768): 00
06-11 18:51:33.379 I/telpo_native(  768): 
06-11 18:51:33.380 D/telpo_native( 9326): CallIntMethod return ret = 0 length = 20
06-11 18:51:33.458 D/BatteryMeterView( 2887): onDraw level = 3
06-11 18:51:33.479 I/SurfaceFlinger(  262): FPS: 44
06-11 18:51:33.883 D/telpo_native(  768): usb_printer_write data start!
06-11 18:51:33.883 D/telpo_native(  768): usb_printer_write start!
06-11 18:51:33.883 E/telpo_native(  768): ret = 25
06-11 18:51:33.883 D/telpo_native(  768): handle_emv_serial_read_write_cmd: usb write length = 25
06-11 18:51:33.892 E/telpo_native(  768): serial_read:start read
06-11 18:51:33.892 E/telpo_native(  768): serial_read:serial_read read_size = 0
06-11 18:51:33.893 D/telpo_native(  768): handle_emv_serial_read_write_cmd: usb_printer_read length = 20
06-11 18:51:33.893 I/telpo_native(  768): 0b
06-11 18:51:33.893 I/telpo_native(  768): b0
06-11 18:51:33.893 I/telpo_native(  768): 96
06-11 18:51:33.893 I/telpo_native(  768): 69
06-11 18:51:33.893 I/telpo_native(  768): 04
06-11 18:51:33.893 I/telpo_native(  768): 00
06-11 18:51:33.893 I/telpo_native(  768): 00
06-11 18:51:33.893 I/telpo_native(  768): 00
06-11 18:51:33.893 I/telpo_native(  768): 4a
06-11 18:51:33.893 I/telpo_native(  768): 00
06-11 18:51:33.893 I/telpo_native(  768): 04
06-11 18:51:33.893 I/telpo_native(  768): 01
06-11 18:51:33.893 I/telpo_native(  768): 00
06-11 18:51:33.893 I/telpo_native(  768): 00
06-11 18:51:33.893 I/telpo_native(  768): 00
06-11 18:51:33.893 I/telpo_native(  768): 00
06-11 18:51:33.893 I/telpo_native(  768): 00
06-11 18:51:33.893 I/telpo_native(  768): 00
06-11 18:51:33.893 I/telpo_native(  768): 00
06-11 18:51:33.893 I/telpo_native(  768): 00
06-11 18:51:33.893 I/telpo_native(  768): 
06-11 18:51:33.893 D/telpo_native(  768): handle_emv_serial_read_write_cmd: parse successfully!
06-11 18:51:33.893 I/telpo_native(  768): handle_emv_serial_read_write_cmd: receive data length is 20
06-11 18:51:33.893 I/telpo_native(  768): 0b
06-11 18:51:33.894 I/telpo_native(  768): b0
06-11 18:51:33.894 I/telpo_native(  768): 96
06-11 18:51:33.894 I/telpo_native(  768): 69
06-11 18:51:33.894 I/telpo_native(  768): 04
06-11 18:51:33.894 I/telpo_native(  768): 00
06-11 18:51:33.894 I/telpo_native(  768): 00
06-11 18:51:33.894 I/telpo_native(  768): 00
06-11 18:51:33.894 I/telpo_native(  768): 4a
06-11 18:51:33.894 I/telpo_native(  768): 00
06-11 18:51:33.894 I/telpo_native(  768): 04
06-11 18:51:33.894 I/telpo_native(  768): 01
06-11 18:51:33.894 I/telpo_native(  768): 00
06-11 18:51:33.894 I/telpo_native(  768): 00
06-11 18:51:33.894 I/telpo_native(  768): 00
06-11 18:51:33.894 I/telpo_native(  768): 00
06-11 18:51:33.894 I/telpo_native(  768): 00
06-11 18:51:33.894 I/telpo_native(  768): 00
06-11 18:51:33.894 I/telpo_native(  768): 00
06-11 18:51:33.894 I/telpo_native(  768): 00
06-11 18:51:33.894 I/telpo_native(  768): 
06-11 18:51:33.895 D/telpo_native( 9326): CallIntMethod return ret = 0 length = 20
06-11 18:51:33.976 D/BatteryMeterView( 2887): onDraw level = 13
06-11 18:51:34.398 D/telpo_native(  768): usb_printer_write data start!
06-11 18:51:34.398 D/telpo_native(  768): usb_printer_write start!
06-11 18:51:34.398 E/telpo_native(  768): ret = 25
06-11 18:51:34.398 D/telpo_native(  768): handle_emv_serial_read_write_cmd: usb write length = 25
06-11 18:51:34.407 E/telpo_native(  768): serial_read:start read
06-11 18:51:34.407 E/telpo_native(  768): serial_read:serial_read read_size = 0
06-11 18:51:34.408 D/telpo_native(  768): handle_emv_serial_read_write_cmd: usb_printer_read length = 20
06-11 18:51:34.408 I/telpo_native(  768): 0b
06-11 18:51:34.408 I/telpo_native(  768): b0
06-11 18:51:34.408 I/telpo_native(  768): 96
06-11 18:51:34.408 I/telpo_native(  768): 69
06-11 18:51:34.408 I/telpo_native(  768): 04
06-11 18:51:34.408 I/telpo_native(  768): 00
06-11 18:51:34.408 I/telpo_native(  768): 00
06-11 18:51:34.408 I/telpo_native(  768): 00
06-11 18:51:34.408 I/telpo_native(  768): 4b
06-11 18:51:34.408 I/telpo_native(  768): 00
06-11 18:51:34.408 I/telpo_native(  768): 04
06-11 18:51:34.408 I/telpo_native(  768): 01
06-11 18:51:34.408 I/telpo_native(  768): 00
06-11 18:51:34.408 I/telpo_native(  768): 00
06-11 18:51:34.408 I/telpo_native(  768): 00
06-11 18:51:34.408 I/telpo_native(  768): 00
06-11 18:51:34.408 I/telpo_native(  768): 00
06-11 18:51:34.408 I/telpo_native(  768): 00
06-11 18:51:34.408 I/telpo_native(  768): 00
06-11 18:51:34.408 I/telpo_native(  768): 00
06-11 18:51:34.408 I/telpo_native(  768): 
06-11 18:51:34.408 D/telpo_native(  768): handle_emv_serial_read_write_cmd: parse successfully!
06-11 18:51:34.408 I/telpo_native(  768): handle_emv_serial_read_write_cmd: receive data length is 20
06-11 18:51:34.408 I/telpo_native(  768): 0b
06-11 18:51:34.408 I/telpo_native(  768): b0
06-11 18:51:34.408 I/telpo_native(  768): 96
06-11 18:51:34.408 I/telpo_native(  768): 69
06-11 18:51:34.408 I/telpo_native(  768): 04
06-11 18:51:34.409 I/telpo_native(  768): 00
06-11 18:51:34.409 I/telpo_native(  768): 00
06-11 18:51:34.409 I/telpo_native(  768): 00
06-11 18:51:34.409 I/telpo_native(  768): 4b
06-11 18:51:34.409 I/telpo_native(  768): 00
06-11 18:51:34.409 I/telpo_native(  768): 04
06-11 18:51:34.409 I/telpo_native(  768): 01
06-11 18:51:34.409 I/telpo_native(  768): 00
06-11 18:51:34.409 I/telpo_native(  768): 00
06-11 18:51:34.409 I/telpo_native(  768): 00
06-11 18:51:34.409 I/telpo_native(  768): 00
06-11 18:51:34.409 I/telpo_native(  768): 00
06-11 18:51:34.409 I/telpo_native(  768): 00
06-11 18:51:34.409 I/telpo_native(  768): 00
06-11 18:51:34.409 I/telpo_native(  768): 00
06-11 18:51:34.409 I/telpo_native(  768): 
06-11 18:51:34.414 D/telpo_native( 9326): CallIntMethod return ret = 0 length = 20
06-11 18:51:34.492 D/BatteryMeterView( 2887): onDraw level = 23
06-11 18:51:34.529 I/SurfaceFlinger(  262): FPS: 3
06-11 18:51:34.918 D/telpo_native(  768): usb_printer_write data start!
06-11 18:51:34.919 D/telpo_native(  768): usb_printer_write start!
06-11 18:51:34.919 E/telpo_native(  768): ret = 25
06-11 18:51:34.920 D/telpo_native(  768): handle_emv_serial_read_write_cmd: usb write length = 25
06-11 18:51:34.923 E/telpo_native(  768): serial_read:start read
06-11 18:51:34.923 E/telpo_native(  768): serial_read:serial_read read_size = 0
06-11 18:51:34.936 D/telpo_native(  768): handle_emv_serial_read_write_cmd: usb_printer_read length = 20
06-11 18:51:34.936 I/telpo_native(  768): 0b
06-11 18:51:34.936 I/telpo_native(  768): b0
06-11 18:51:34.936 I/telpo_native(  768): 96
06-11 18:51:34.936 I/telpo_native(  768): 69
06-11 18:51:34.936 I/telpo_native(  768): 04
06-11 18:51:34.936 I/telpo_native(  768): 00
06-11 18:51:34.936 I/telpo_native(  768): 00
06-11 18:51:34.936 I/telpo_native(  768): 00
06-11 18:51:34.936 I/telpo_native(  768): 4c
06-11 18:51:34.936 I/telpo_native(  768): 00
06-11 18:51:34.936 I/telpo_native(  768): 04
06-11 18:51:34.936 I/telpo_native(  768): 01
06-11 18:51:34.936 I/telpo_native(  768): 00
06-11 18:51:34.936 I/telpo_native(  768): 00
06-11 18:51:34.936 I/telpo_native(  768): 00
06-11 18:51:34.936 I/telpo_native(  768): 00
06-11 18:51:34.936 I/telpo_native(  768): 00
06-11 18:51:34.936 I/telpo_native(  768): 00
06-11 18:51:34.936 I/telpo_native(  768): 00
06-11 18:51:34.936 I/telpo_native(  768): 00
06-11 18:51:34.936 I/telpo_native(  768): 
06-11 18:51:34.936 D/telpo_native(  768): handle_emv_serial_read_write_cmd: parse successfully!
06-11 18:51:34.936 I/telpo_native(  768): handle_emv_serial_read_write_cmd: receive data length is 20
06-11 18:51:34.936 I/telpo_native(  768): 0b
06-11 18:51:34.936 I/telpo_native(  768): b0
06-11 18:51:34.936 I/telpo_native(  768): 96
06-11 18:51:34.936 I/telpo_native(  768): 69
06-11 18:51:34.936 I/telpo_native(  768): 04
06-11 18:51:34.936 I/telpo_native(  768): 00
06-11 18:51:34.936 I/telpo_native(  768): 00
06-11 18:51:34.936 I/telpo_native(  768): 00
06-11 18:51:34.936 I/telpo_native(  768): 4c
06-11 18:51:34.936 I/telpo_native(  768): 00
06-11 18:51:34.936 I/telpo_native(  768): 04
06-11 18:51:34.937 I/telpo_native(  768): 01
06-11 18:51:34.937 I/telpo_native(  768): 00
06-11 18:51:34.937 I/telpo_native(  768): 00
06-11 18:51:34.937 I/telpo_native(  768): 00
06-11 18:51:34.937 I/telpo_native(  768): 00
06-11 18:51:34.937 I/telpo_native(  768): 00
06-11 18:51:34.937 I/telpo_native(  768): 00
06-11 18:51:34.937 I/telpo_native(  768): 00
06-11 18:51:34.937 I/telpo_native(  768): 00
06-11 18:51:34.937 I/telpo_native(  768): 
06-11 18:51:34.942 D/telpo_native( 9326): CallIntMethod return ret = 0 length = 20
06-11 18:51:35.009 D/BatteryMeterView( 2887): onDraw level = 33
06-11 18:51:35.292 D/VM_BMS  (  435): wake_lock acquired
06-11 18:51:35.293 D/VM_BMS  (  435): New BMS data - Size=56
06-11 18:51:35.293 D/VM_BMS  (  435): Start process_bms_data
06-11 18:51:35.293 D/VM_BMS  (  435): Battery charge_cycle=0 fcc_adjust=0 rbatt_adjust=0 cycle_changed=false
06-11 18:51:35.295 D/VM_BMS  (  435): For batt_temp=255 fcc_mah=2200
06-11 18:51:35.295 D/VM_BMS  (  435): Lookup fcc_mah=2200.000000  adjusted fcc_mah=2200.000000
06-11 18:51:35.295 D/VM_BMS  (  435): For ocv=4973027 batt_temp=255 soc=100
06-11 18:51:35.295 D/VM_BMS  (  435): fifo_count=2 acc_count=0
06-11 18:51:35.295 D/VM_BMS  (  435): INIT: ocv=4973027 last_ocv=4973027 batt_temp=255 soc=100
06-11 18:51:35.295 D/VM_BMS  (  435): For soc=100 batt_temp=255 slope=2000
06-11 18:51:35.295 D/VM_BMS  (  435): For soc=100 batt_temp=255 rbatt_sf=100
06-11 18:51:35.295 D/VM_BMS  (  435): rbatt_mohm_default=72, rbatt_mohm=72, sf=100 batt_temp=255
06-11 18:51:35.295 D/VM_BMS  (  435): Lookup rbatt=72.000000  adjusted rbatt=72.000000
06-11 18:51:35.295 D/VM_BMS  (  435): For ocv=4970844 batt_temp=255 soc=100
06-11 18:51:35.296 D/VM_BMS  (  435): FIFO=0 fifo_avg=3.794860 rbatt=0.122000 slope=0.200000 ibatt=9.648163 ocv=4.970844 soc=100 fcc_ah=2.200000 sample_count=128 sample_interval=70 seq_num=720
06-11 18:51:35.296 D/VM_BMS  (  435): For soc=100 batt_temp=255 slope=2000
06-11 18:51:35.296 D/VM_BMS  (  435): For soc=100 batt_temp=255 rbatt_sf=100
06-11 18:51:35.296 D/VM_BMS  (  435): rbatt_mohm_default=72, rbatt_mohm=72, sf=100 batt_temp=255
06-11 18:51:35.296 D/VM_BMS  (  435): Lookup rbatt=72.000000  adjusted rbatt=72.000000
06-11 18:51:35.296 D/VM_BMS  (  435): For ocv=4968678 batt_temp=255 soc=100
06-11 18:51:35.296 D/VM_BMS  (  435): FIFO=1 fifo_avg=3.802240 rbatt=0.122000 slope=0.200000 ibatt=9.569846 ocv=4.968678 soc=100 fcc_ah=2.200000 sample_count=128 sample_interval=70 seq_num=720
06-11 18:51:35.297 I/VM_BMS  (  435): power_supply_update: ocv_uv=4968678 ibatt=9569846 soc=100 seq_num=720
06-11 18:51:35.297 D/VM_BMS  (  435): End process_bms_data
06-11 18:51:35.297 D/VM_BMS  (  435): wake_lock released
06-11 18:51:35.454 D/telpo_native(  768): usb_printer_write data start!
06-11 18:51:35.454 D/telpo_native(  768): usb_printer_write start!
06-11 18:51:35.454 E/telpo_native(  768): ret = 25
06-11 18:51:35.454 D/telpo_native(  768): handle_emv_serial_read_write_cmd: usb write length = 25
06-11 18:51:35.459 E/telpo_native(  768): serial_read:start read
06-11 18:51:35.459 E/telpo_native(  768): serial_read:serial_read read_size = 0
06-11 18:51:35.464 D/telpo_native(  768): handle_emv_serial_read_write_cmd: usb_printer_read length = 20
06-11 18:51:35.464 I/telpo_native(  768): 0b
06-11 18:51:35.464 I/telpo_native(  768): b0
06-11 18:51:35.464 I/telpo_native(  768): 96
06-11 18:51:35.464 I/telpo_native(  768): 69
06-11 18:51:35.464 I/telpo_native(  768): 04
06-11 18:51:35.464 I/telpo_native(  768): 00
06-11 18:51:35.464 I/telpo_native(  768): 00
06-11 18:51:35.464 I/telpo_native(  768): 00
06-11 18:51:35.465 I/telpo_native(  768): 4d
06-11 18:51:35.466 I/telpo_native(  768): 00
06-11 18:51:35.466 I/telpo_native(  768): 04
06-11 18:51:35.466 I/telpo_native(  768): 01
06-11 18:51:35.466 I/telpo_native(  768): 00
06-11 18:51:35.466 I/telpo_native(  768): 00
06-11 18:51:35.466 I/telpo_native(  768): 00
06-11 18:51:35.466 I/telpo_native(  768): 00
06-11 18:51:35.466 I/telpo_native(  768): 00
06-11 18:51:35.466 I/telpo_native(  768): 00
06-11 18:51:35.466 I/telpo_native(  768): 00
06-11 18:51:35.466 I/telpo_native(  768): 00
06-11 18:51:35.466 I/telpo_native(  768): 
06-11 18:51:35.466 D/telpo_native(  768): handle_emv_serial_read_write_cmd: parse successfully!
06-11 18:51:35.466 I/telpo_native(  768): handle_emv_serial_read_write_cmd: receive data length is 20
06-11 18:51:35.466 I/telpo_native(  768): 0b
06-11 18:51:35.466 I/telpo_native(  768): b0
06-11 18:51:35.466 I/telpo_native(  768): 96
06-11 18:51:35.466 I/telpo_native(  768): 69
06-11 18:51:35.466 I/telpo_native(  768): 04
06-11 18:51:35.466 I/telpo_native(  768): 00
06-11 18:51:35.466 I/telpo_native(  768): 00
06-11 18:51:35.466 I/telpo_native(  768): 00
06-11 18:51:35.466 I/telpo_native(  768): 4d
06-11 18:51:35.466 I/telpo_native(  768): 00
06-11 18:51:35.466 I/telpo_native(  768): 04
06-11 18:51:35.466 I/telpo_native(  768): 01
06-11 18:51:35.466 I/telpo_native(  768): 00
06-11 18:51:35.466 I/telpo_native(  768): 00
06-11 18:51:35.466 I/telpo_native(  768): 00
06-11 18:51:35.467 I/telpo_native(  768): 00
06-11 18:51:35.467 I/telpo_native(  768): 00
06-11 18:51:35.467 I/telpo_native(  768): 00
06-11 18:51:35.467 I/telpo_native(  768): 00
06-11 18:51:35.467 I/telpo_native(  768): 00
06-11 18:51:35.467 I/telpo_native(  768): 
06-11 18:51:35.468 D/telpo_native( 9326): CallIntMethod return ret = 0 length = 20
06-11 18:51:35.526 D/BatteryMeterView( 2887): onDraw level = 43
06-11 18:51:35.548 I/SurfaceFlinger(  262): FPS: 4
06-11 18:51:35.919 D/wpa_supplicant( 3753): wlan0: Control interface command 'SIGNAL_POLL'
06-11 18:51:35.922 V/WLAN_PSA(  300): NL MSG, len[4056], NL type[0x1C] WNI type[0x5900] len[49167]
06-11 18:51:35.922 V/WLAN_PSA(  300): NL MSG, PID: 300
06-11 18:51:35.974 D/telpo_native(  768): usb_printer_write data start!
06-11 18:51:35.974 D/telpo_native(  768): usb_printer_write start!
06-11 18:51:35.974 E/telpo_native(  768): ret = 25
06-11 18:51:35.974 D/telpo_native(  768): handle_emv_serial_read_write_cmd: usb write length = 25
06-11 18:51:35.979 E/telpo_native(  768): serial_read:start read
06-11 18:51:35.979 E/telpo_native(  768): serial_read:serial_read read_size = 0
06-11 18:51:35.984 D/telpo_native(  768): handle_emv_serial_read_write_cmd: usb_printer_read length = 20
06-11 18:51:35.984 I/telpo_native(  768): 0b
06-11 18:51:35.984 I/telpo_native(  768): b0
06-11 18:51:35.984 I/telpo_native(  768): 96
06-11 18:51:35.984 I/telpo_native(  768): 69
06-11 18:51:35.984 I/telpo_native(  768): 04
06-11 18:51:35.984 I/telpo_native(  768): 00
06-11 18:51:35.984 I/telpo_native(  768): 00
06-11 18:51:35.984 I/telpo_native(  768): 00
06-11 18:51:35.984 I/telpo_native(  768): 4e
06-11 18:51:35.984 I/telpo_native(  768): 00
06-11 18:51:35.984 I/telpo_native(  768): 04
06-11 18:51:35.984 I/telpo_native(  768): 01
06-11 18:51:35.984 I/telpo_native(  768): 00
06-11 18:51:35.984 I/telpo_native(  768): 00
06-11 18:51:35.984 I/telpo_native(  768): 00
06-11 18:51:35.984 I/telpo_native(  768): 00
06-11 18:51:35.984 I/telpo_native(  768): 00
06-11 18:51:35.984 I/telpo_native(  768): 00
06-11 18:51:35.985 I/telpo_native(  768): 00
06-11 18:51:35.985 I/telpo_native(  768): 00
06-11 18:51:35.985 I/telpo_native(  768): 
06-11 18:51:35.985 D/telpo_native(  768): handle_emv_serial_read_write_cmd: parse successfully!
06-11 18:51:35.985 I/telpo_native(  768): handle_emv_serial_read_write_cmd: receive data length is 20
06-11 18:51:35.985 I/telpo_native(  768): 0b
06-11 18:51:35.985 I/telpo_native(  768): b0
06-11 18:51:35.985 I/telpo_native(  768): 96
06-11 18:51:35.985 I/telpo_native(  768): 69
06-11 18:51:35.985 I/telpo_native(  768): 04
06-11 18:51:35.985 I/telpo_native(  768): 00
06-11 18:51:35.985 I/telpo_native(  768): 00
06-11 18:51:35.985 I/telpo_native(  768): 00
06-11 18:51:35.985 I/telpo_native(  768): 4e
06-11 18:51:35.985 I/telpo_native(  768): 00
06-11 18:51:35.985 I/telpo_native(  768): 04
06-11 18:51:35.985 I/telpo_native(  768): 01
06-11 18:51:35.985 I/telpo_native(  768): 00
06-11 18:51:35.991 I/telpo_native(  768): 00
06-11 18:51:35.991 I/telpo_native(  768): 00
06-11 18:51:35.991 I/telpo_native(  768): 00
06-11 18:51:35.991 I/telpo_native(  768): 00
06-11 18:51:35.991 I/telpo_native(  768): 00
06-11 18:51:35.991 I/telpo_native(  768): 00
06-11 18:51:35.991 I/telpo_native(  768): 00
06-11 18:51:35.991 I/telpo_native(  768): 
06-11 18:51:35.993 D/telpo_native( 9326): CallIntMethod return ret = 0 length = 20
06-11 18:51:36.001 I/WindowManager(  768): mDock rect: (0,0 - 720,1280)
06-11 18:51:36.001 V/WindowManager(  768): Status bar: dock=[0,50][720,1280] content=[0,50][720,1280] cur=[0,50][720,1280]
06-11 18:51:36.001 V/WindowManager(  768): layoutWindowLw(): normal window
06-11 18:51:36.001 V/WindowManager(  768): Compute frame : sim=#20 attach=null type=2015 flags=0x01000018 pf=[0,50][720,1280] df=[0,50][720,1280] of=[0,50][720,1280] cf=[0,50][720,1280] vf=[0,50][720,1280] dcf=[0,0][720,1280] sf=[0,50][720,1280]
06-11 18:51:36.001 V/WindowManager(  768): layoutWindowLw(Toast): normal window
06-11 18:51:36.002 V/WindowManager(  768): Compute frame Toast: sim=#20 attach=null type=2005 flags=0x01000098 pf=[0,50][720,1280] df=[0,50][720,1280] of=[0,50][720,1280] cf=[0,50][720,1280] vf=[0,50][720,1280] dcf=[0,0][720,1280] sf=[0,50][720,1280]
06-11 18:51:36.002 V/WindowManager(  768): layoutWindowLw(com.interswitchng.interswitchpossdkdemo.telpo.v2.debug/com.interswitchng.smartpos.modules.main.MainActivity): IN_SCREEN, INSET_DECOR
06-11 18:51:36.002 V/WindowManager(  768): Compute frame com.interswitchng.interswitchpossdkdemo.telpo.v2.debug/com.interswitchng.smartpos.modules.main.MainActivity: sim=#20 attach=null type=1 flags=0x81810100 pf=[0,0][720,1280] df=[0,0][720,1280] of=[0,0][720,1280] cf=[0,50][720,1280] vf=[0,50][720,1280] dcf=[0,0][720,1280] sf=[0,50][720,1280]
06-11 18:51:36.002 I/WindowManager(  768): Win Window{1103cfcc u0 android}: isVisibleOrBehindKeyguardLw=true
06-11 18:51:36.002 I/WindowManager(  768): Win Window{2be9037a u0 StatusBar}: isVisibleOrBehindKeyguardLw=true
06-11 18:51:36.002 I/WindowManager(  768): Win Window{9aa07e8 u0 Toast EXITING}: isVisibleOrBehindKeyguardLw=false
06-11 18:51:36.002 I/WindowManager(  768): Win Window{3ac79107 u0 com.interswitchng.interswitchpossdkdemo.telpo.v2.debug/com.interswitchng.smartpos.modules.main.MainActivity}: isVisibleOrBehindKeyguardLw=true
06-11 18:51:36.002 V/WindowManager(  768): Fullscreen window: Window{3ac79107 u0 com.interswitchng.interswitchpossdkdemo.telpo.v2.debug/com.interswitchng.smartpos.modules.main.MainActivity}
06-11 18:51:36.002 I/WindowManager(  768): Win Window{2bd17ad6 u0 com.android.phasebeam.PhaseBeamWallpaper}: isVisibleOrBehindKeyguardLw=false
06-11 18:51:36.002 I/WindowManager(  768): force=false forcefkg=false top=Window{3ac79107 u0 com.interswitchng.interswitchpossdkdemo.telpo.v2.debug/com.interswitchng.smartpos.modules.main.MainActivity}
06-11 18:51:36.002 D/WindowManager(  768): frame: Rect(0, 0 - 720, 1280) shown frame: RectF(0.0, 0.0, 720.0, 1280.0)
06-11 18:51:36.002 D/WindowManager(  768): attr: WM.LayoutParams{(0,0)(fillxfill) sim=#20 ty=1 fl=#81810100 wanim=0x1030467 vsysui=0x600 surfaceInsets=Rect(0, 0 - 0, 0) needsMenuKey=2} lp.flags=0x81810100
06-11 18:51:36.002 V/WindowManager(  768): ** SHOWING status bar: top is not fullscreen
06-11 18:51:36.002 V/WindowManager(  768): finishPostLayoutPolicyLw: mHideKeyguard=false
06-11 18:51:36.032 D/BatteryMeterView( 2887): onDraw level = 53
06-11 18:51:36.501 D/telpo_native(  768): usb_printer_write data start!
06-11 18:51:36.501 D/telpo_native(  768): usb_printer_write start!
06-11 18:51:36.501 E/telpo_native(  768): ret = 25
06-11 18:51:36.501 D/telpo_native(  768): handle_emv_serial_read_write_cmd: usb write length = 25
06-11 18:51:36.513 E/telpo_native(  768): serial_read:start read
06-11 18:51:36.513 E/telpo_native(  768): serial_read:serial_read read_size = 0
06-11 18:51:36.513 D/telpo_native(  768): handle_emv_serial_read_write_cmd: usb_printer_read length = 20
06-11 18:51:36.513 I/telpo_native(  768): 0b
06-11 18:51:36.513 I/telpo_native(  768): b0
06-11 18:51:36.513 I/telpo_native(  768): 96
06-11 18:51:36.513 I/telpo_native(  768): 69
06-11 18:51:36.513 I/telpo_native(  768): 04
06-11 18:51:36.513 I/telpo_native(  768): 00
06-11 18:51:36.513 I/telpo_native(  768): 00
06-11 18:51:36.513 I/telpo_native(  768): 00
06-11 18:51:36.513 I/telpo_native(  768): 4f
06-11 18:51:36.513 I/telpo_native(  768): 00
06-11 18:51:36.514 I/telpo_native(  768): 04
06-11 18:51:36.514 I/telpo_native(  768): 01
06-11 18:51:36.514 I/telpo_native(  768): 00
06-11 18:51:36.514 I/telpo_native(  768): 00
06-11 18:51:36.514 I/telpo_native(  768): 00
06-11 18:51:36.514 I/telpo_native(  768): 00
06-11 18:51:36.514 I/telpo_native(  768): 00
06-11 18:51:36.514 I/telpo_native(  768): 00
06-11 18:51:36.514 I/telpo_native(  768): 00
06-11 18:51:36.514 I/telpo_native(  768): 00
06-11 18:51:36.514 I/telpo_native(  768): 
06-11 18:51:36.514 D/telpo_native(  768): handle_emv_serial_read_write_cmd: parse successfully!
06-11 18:51:36.514 I/telpo_native(  768): handle_emv_serial_read_write_cmd: receive data length is 20
06-11 18:51:36.514 I/telpo_native(  768): 0b
06-11 18:51:36.514 I/telpo_native(  768): b0
06-11 18:51:36.514 I/telpo_native(  768): 96
06-11 18:51:36.515 I/telpo_native(  768): 69
06-11 18:51:36.515 I/telpo_native(  768): 04
06-11 18:51:36.515 I/telpo_native(  768): 00
06-11 18:51:36.515 I/telpo_native(  768): 00
06-11 18:51:36.515 I/telpo_native(  768): 00
06-11 18:51:36.515 I/telpo_native(  768): 4f
06-11 18:51:36.515 I/telpo_native(  768): 00
06-11 18:51:36.515 I/telpo_native(  768): 04
06-11 18:51:36.515 I/telpo_native(  768): 01
06-11 18:51:36.515 I/telpo_native(  768): 00
06-11 18:51:36.515 I/telpo_native(  768): 00
06-11 18:51:36.515 I/telpo_native(  768): 00
06-11 18:51:36.515 I/telpo_native(  768): 00
06-11 18:51:36.516 I/telpo_native(  768): 00
06-11 18:51:36.516 I/telpo_native(  768): 00
06-11 18:51:36.516 I/telpo_native(  768): 00
06-11 18:51:36.516 I/telpo_native(  768): 00
06-11 18:51:36.516 I/telpo_native(  768): 
06-11 18:51:36.517 D/telpo_native( 9326): CallIntMethod return ret = 0 length = 20
06-11 18:51:36.543 D/BatteryMeterView( 2887): onDraw level = 63
06-11 18:51:36.559 I/SurfaceFlinger(  262): FPS: 29
06-11 18:51:36.560 I/WindowManager(  768): Win Window{1103cfcc u0 android}: isVisibleOrBehindKeyguardLw=true
06-11 18:51:36.560 I/WindowManager(  768): Win Window{2be9037a u0 StatusBar}: isVisibleOrBehindKeyguardLw=true
06-11 18:51:36.560 I/WindowManager(  768): Win Window{9aa07e8 u0 Toast}: isVisibleOrBehindKeyguardLw=false
06-11 18:51:36.560 I/WindowManager(  768): Win Window{3ac79107 u0 com.interswitchng.interswitchpossdkdemo.telpo.v2.debug/com.interswitchng.smartpos.modules.main.MainActivity}: isVisibleOrBehindKeyguardLw=true
06-11 18:51:36.560 V/WindowManager(  768): Fullscreen window: Window{3ac79107 u0 com.interswitchng.interswitchpossdkdemo.telpo.v2.debug/com.interswitchng.smartpos.modules.main.MainActivity}
06-11 18:51:36.560 I/WindowManager(  768): Win Window{2bd17ad6 u0 com.android.phasebeam.PhaseBeamWallpaper}: isVisibleOrBehindKeyguardLw=false
06-11 18:51:36.560 I/WindowManager(  768): force=false forcefkg=false top=Window{3ac79107 u0 com.interswitchng.interswitchpossdkdemo.telpo.v2.debug/com.interswitchng.smartpos.modules.main.MainActivity}
06-11 18:51:36.560 D/WindowManager(  768): frame: Rect(0, 0 - 720, 1280) shown frame: RectF(0.0, 0.0, 720.0, 1280.0)
06-11 18:51:36.560 D/WindowManager(  768): attr: WM.LayoutParams{(0,0)(fillxfill) sim=#20 ty=1 fl=#81810100 wanim=0x1030467 vsysui=0x600 surfaceInsets=Rect(0, 0 - 0, 0) needsMenuKey=2} lp.flags=0x81810100
06-11 18:51:36.560 V/WindowManager(  768): ** SHOWING status bar: top is not fullscreen
06-11 18:51:36.560 V/WindowManager(  768): finishPostLayoutPolicyLw: mHideKeyguard=false
06-11 18:51:36.565 I/WindowManager(  768): mDock rect: (0,0 - 720,1280)
06-11 18:51:36.565 V/WindowManager(  768): Status bar: dock=[0,50][720,1280] content=[0,50][720,1280] cur=[0,50][720,1280]
06-11 18:51:36.566 V/WindowManager(  768): layoutWindowLw(): normal window
06-11 18:51:36.566 V/WindowManager(  768): Compute frame : sim=#20 attach=null type=2015 flags=0x01000018 pf=[0,50][720,1280] df=[0,50][720,1280] of=[0,50][720,1280] cf=[0,50][720,1280] vf=[0,50][720,1280] dcf=[0,0][720,1280] sf=[0,50][720,1280]
06-11 18:51:36.566 V/WindowManager(  768): layoutWindowLw(com.interswitchng.interswitchpossdkdemo.telpo.v2.debug/com.interswitchng.smartpos.modules.main.MainActivity): IN_SCREEN, INSET_DECOR
06-11 18:51:36.566 V/WindowManager(  768): Compute frame com.interswitchng.interswitchpossdkdemo.telpo.v2.debug/com.interswitchng.smartpos.modules.main.MainActivity: sim=#20 attach=null type=1 flags=0x81810100 pf=[0,0][720,1280] df=[0,0][720,1280] of=[0,0][720,1280] cf=[0,50][720,1280] vf=[0,50][720,1280] dcf=[0,0][720,1280] sf=[0,50][720,1280]
06-11 18:51:36.566 I/WindowManager(  768): Win Window{1103cfcc u0 android}: isVisibleOrBehindKeyguardLw=true
06-11 18:51:36.566 I/WindowManager(  768): Win Window{2be9037a u0 StatusBar}: isVisibleOrBehindKeyguardLw=true
06-11 18:51:36.567 I/WindowManager(  768): Win Window{3ac79107 u0 com.interswitchng.interswitchpossdkdemo.telpo.v2.debug/com.interswitchng.smartpos.modules.main.MainActivity}: isVisibleOrBehindKeyguardLw=true
06-11 18:51:36.567 V/WindowManager(  768): Fullscreen window: Window{3ac79107 u0 com.interswitchng.interswitchpossdkdemo.telpo.v2.debug/com.interswitchng.smartpos.modules.main.MainActivity}
06-11 18:51:36.567 I/WindowManager(  768): Win Window{2bd17ad6 u0 com.android.phasebeam.PhaseBeamWallpaper}: isVisibleOrBehindKeyguardLw=false
06-11 18:51:36.567 I/WindowManager(  768): force=false forcefkg=false top=Window{3ac79107 u0 com.interswitchng.interswitchpossdkdemo.telpo.v2.debug/com.interswitchng.smartpos.modules.main.MainActivity}
06-11 18:51:36.567 D/WindowManager(  768): frame: Rect(0, 0 - 720, 1280) shown frame: RectF(0.0, 0.0, 720.0, 1280.0)
06-11 18:51:36.567 D/WindowManager(  768): attr: WM.LayoutParams{(0,0)(fillxfill) sim=#20 ty=1 fl=#81810100 wanim=0x1030467 vsysui=0x600 surfaceInsets=Rect(0, 0 - 0, 0) needsMenuKey=2} lp.flags=0x81810100
06-11 18:51:36.567 V/WindowManager(  768): ** SHOWING status bar: top is not fullscreen
06-11 18:51:36.567 V/WindowManager(  768): finishPostLayoutPolicyLw: mHideKeyguard=false
06-11 18:51:37.020 D/telpo_native(  768): usb_printer_write data start!
06-11 18:51:37.020 D/telpo_native(  768): usb_printer_write start!
06-11 18:51:37.020 E/telpo_native(  768): ret = 25
06-11 18:51:37.020 D/telpo_native(  768): handle_emv_serial_read_write_cmd: usb write length = 25
06-11 18:51:37.031 E/telpo_native(  768): serial_read:start read
06-11 18:51:37.031 E/telpo_native(  768): serial_read:serial_read read_size = 0
06-11 18:51:37.031 D/telpo_native(  768): handle_emv_serial_read_write_cmd: usb_printer_read length = 20
06-11 18:51:37.031 I/telpo_native(  768): 0b
06-11 18:51:37.031 I/telpo_native(  768): b0
06-11 18:51:37.031 I/telpo_native(  768): 96
06-11 18:51:37.031 I/telpo_native(  768): 69
06-11 18:51:37.031 I/telpo_native(  768): 04
06-11 18:51:37.031 I/telpo_native(  768): 00
06-11 18:51:37.031 I/telpo_native(  768): 00
06-11 18:51:37.031 I/telpo_native(  768): 00
06-11 18:51:37.031 I/telpo_native(  768): 50
06-11 18:51:37.031 I/telpo_native(  768): 00
06-11 18:51:37.031 I/telpo_native(  768): 04
06-11 18:51:37.031 I/telpo_native(  768): 01
06-11 18:51:37.031 I/telpo_native(  768): 00
06-11 18:51:37.031 I/telpo_native(  768): 00
06-11 18:51:37.031 I/telpo_native(  768): 00
06-11 18:51:37.031 I/telpo_native(  768): 00
06-11 18:51:37.031 I/telpo_native(  768): 00
06-11 18:51:37.031 I/telpo_native(  768): 00
06-11 18:51:37.031 I/telpo_native(  768): 00
06-11 18:51:37.031 I/telpo_native(  768): 00
06-11 18:51:37.031 I/telpo_native(  768): 
06-11 18:51:37.031 D/telpo_native(  768): handle_emv_serial_read_write_cmd: parse successfully!
06-11 18:51:37.032 I/telpo_native(  768): handle_emv_serial_read_write_cmd: receive data length is 20
06-11 18:51:37.032 I/telpo_native(  768): 0b
06-11 18:51:37.032 I/telpo_native(  768): b0
06-11 18:51:37.032 I/telpo_native(  768): 96
06-11 18:51:37.032 I/telpo_native(  768): 69
06-11 18:51:37.032 I/telpo_native(  768): 04
06-11 18:51:37.032 I/telpo_native(  768): 00
06-11 18:51:37.032 I/telpo_native(  768): 00
06-11 18:51:37.032 I/telpo_native(  768): 00
06-11 18:51:37.032 I/telpo_native(  768): 50
06-11 18:51:37.032 I/telpo_native(  768): 00
06-11 18:51:37.032 I/telpo_native(  768): 04
06-11 18:51:37.032 I/telpo_native(  768): 01
06-11 18:51:37.032 I/telpo_native(  768): 00
06-11 18:51:37.032 I/telpo_native(  768): 00
06-11 18:51:37.032 I/telpo_native(  768): 00
06-11 18:51:37.032 I/telpo_native(  768): 00
06-11 18:51:37.032 I/telpo_native(  768): 00
06-11 18:51:37.032 I/telpo_native(  768): 00
06-11 18:51:37.032 I/telpo_native(  768): 00
06-11 18:51:37.032 I/telpo_native(  768): 00
06-11 18:51:37.032 I/telpo_native(  768): 
06-11 18:51:37.033 D/telpo_native( 9326): CallIntMethod return ret = 0 length = 20
06-11 18:51:37.059 D/BatteryMeterView( 2887): onDraw level = 73
06-11 18:51:37.544 D/telpo_native(  768): usb_printer_write data start!
06-11 18:51:37.544 D/telpo_native(  768): usb_printer_write start!
06-11 18:51:37.544 E/telpo_native(  768): ret = 25
06-11 18:51:37.544 D/telpo_native(  768): handle_emv_serial_read_write_cmd: usb write length = 25
06-11 18:51:37.552 E/telpo_native(  768): serial_read:start read
06-11 18:51:37.552 E/telpo_native(  768): serial_read:serial_read read_size = 0
06-11 18:51:37.554 D/telpo_native(  768): handle_emv_serial_read_write_cmd: usb_printer_read length = 20
06-11 18:51:37.554 I/telpo_native(  768): 0b
06-11 18:51:37.554 I/telpo_native(  768): b0
06-11 18:51:37.554 I/telpo_native(  768): 96
06-11 18:51:37.554 I/telpo_native(  768): 69
06-11 18:51:37.554 I/telpo_native(  768): 04
06-11 18:51:37.554 I/telpo_native(  768): 00
06-11 18:51:37.554 I/telpo_native(  768): 00
06-11 18:51:37.554 I/telpo_native(  768): 00
06-11 18:51:37.554 I/telpo_native(  768): 51
06-11 18:51:37.554 I/telpo_native(  768): 00
06-11 18:51:37.554 I/telpo_native(  768): 04
06-11 18:51:37.554 I/telpo_native(  768): 01
06-11 18:51:37.554 I/telpo_native(  768): 00
06-11 18:51:37.554 I/telpo_native(  768): 00
06-11 18:51:37.554 I/telpo_native(  768): 00
06-11 18:51:37.554 I/telpo_native(  768): 00
06-11 18:51:37.554 I/telpo_native(  768): 00
06-11 18:51:37.554 I/telpo_native(  768): 00
06-11 18:51:37.554 I/telpo_native(  768): 00
06-11 18:51:37.554 I/telpo_native(  768): 00
06-11 18:51:37.554 I/telpo_native(  768): 
06-11 18:51:37.554 D/telpo_native(  768): handle_emv_serial_read_write_cmd: parse successfully!
06-11 18:51:37.554 I/telpo_native(  768): handle_emv_serial_read_write_cmd: receive data length is 20
06-11 18:51:37.554 I/telpo_native(  768): 0b
06-11 18:51:37.554 I/telpo_native(  768): b0
06-11 18:51:37.554 I/telpo_native(  768): 96
06-11 18:51:37.554 I/telpo_native(  768): 69
06-11 18:51:37.554 I/telpo_native(  768): 04
06-11 18:51:37.555 I/telpo_native(  768): 00
06-11 18:51:37.555 I/telpo_native(  768): 00
06-11 18:51:37.555 I/telpo_native(  768): 00
06-11 18:51:37.555 I/telpo_native(  768): 51
06-11 18:51:37.555 I/telpo_native(  768): 00
06-11 18:51:37.555 I/telpo_native(  768): 04
06-11 18:51:37.555 I/telpo_native(  768): 01
06-11 18:51:37.555 I/telpo_native(  768): 00
06-11 18:51:37.555 I/telpo_native(  768): 00
06-11 18:51:37.555 I/telpo_native(  768): 00
06-11 18:51:37.555 I/telpo_native(  768): 00
06-11 18:51:37.555 I/telpo_native(  768): 00
06-11 18:51:37.555 I/telpo_native(  768): 00
06-11 18:51:37.555 I/telpo_native(  768): 00
06-11 18:51:37.555 I/telpo_native(  768): 00
06-11 18:51:37.555 I/telpo_native(  768): 
06-11 18:51:37.557 D/telpo_native( 9326): CallIntMethod return ret = 0 length = 20
06-11 18:51:37.575 D/BatteryMeterView( 28