06-11 18:51:28.526 V/WindowManager(  768): layoutWindowLw(com.interswitchng.interswitchpossdkdemo.telpo.v2.debug/com.interswitchng.smartpos.modules.main.MainActivity): IN_SCREEN, INSET_DECOR
06-11 18:51:28.526 V/WindowManager(  768): Compute frame com.interswitchng.interswitchpossdkdemo.telpo.v2.debug/com.interswitchng.smartpos.modules.main.MainActivity: sim=#20 attach=null type=1 flags=0x81810100 pf=[0,0][720,1280] df=[0,0][720,1280] of=[0,0][720,1280] cf=[0,50][720,1280] vf=[0,50][720,1280] dcf=[0,0][720,1280] sf=[0,50][720,1280]
06-11 18:51:28.526 I/WindowManager(  768): Win Window{1103cfcc u0 android}: isVisibleOrBehindKeyguardLw=true
06-11 18:51:28.526 I/WindowManager(  768): Win Window{2be9037a u0 StatusBar}: isVisibleOrBehindKeyguardLw=true
06-11 18:51:28.526 I/WindowManager(  768): Win Window{29cc54da u0 Toast EXITING}: isVisibleOrBehindKeyguardLw=false
06-11 18:51:28.526 I/WindowManager(  768): Win Window{3ac79107 u0 com.interswitchng.interswitchpossdkdemo.telpo.v2.debug/com.interswitchng.smartpos.modules.main.MainActivity}: isVisibleOrBehindKeyguardLw=true
06-11 18:51:28.526 V/WindowManager(  768): Fullscreen window: Window{3ac79107 u0 com.interswitchng.interswitchpossdkdemo.telpo.v2.debug/com.interswitchng.smartpos.modules.main.MainActivity}
06-11 18:51:28.526 I/WindowManager(  768): Win Window{2bd17ad6 u0 com.android.phasebeam.PhaseBeamWallpaper}: isVisibleOrBehindKeyguardLw=false
06-11 18:51:28.526 I/WindowManager(  768): force=false forcefkg=false top=Window{3ac79107 u0 com.interswitchng.interswitchpossdkdemo.telpo.v2.debug/com.interswitchng.smartpos.modules.main.MainActivity}
06-11 18:51:28.527 D/WindowManager(  768): frame: Rect(0, 0 - 720, 1280) shown frame: RectF(0.0, 0.0, 720.0, 1280.0)
06-11 18:51:28.527 D/WindowManager(  768): attr: WM.LayoutParams{(0,0)(fillxfill) sim=#20 ty=1 fl=#81810100 wanim=0x1030467 vsysui=0x600 surfaceInsets=Rect(0, 0 - 0, 0) needsMenuKey=2} lp.flags=0x81810100
06-11 18:51:28.527 V/WindowManager(  768): ** SHOWING status bar: top is not fullscreen
06-11 18:51:28.527 V/WindowManager(  768): finishPostLayoutPolicyLw: mHideKeyguard=false
06-11 18:51:28.665 D/telpo_native(  768): usb_printer_write data start!
06-11 18:51:28.666 D/telpo_native(  768): usb_printer_write start!
06-11 18:51:28.666 E/telpo_native(  768): ret = 25
06-11 18:51:28.666 D/telpo_native(  768): handle_emv_serial_read_write_cmd: usb write length = 25
06-11 18:51:28.674 E/telpo_native(  768): serial_read:start read
06-11 18:51:28.675 E/telpo_native(  768): serial_read:serial_read read_size = 0
06-11 18:51:28.676 D/telpo_native(  768): handle_emv_serial_read_write_cmd: usb_printer_read length = 20
06-11 18:51:28.677 I/telpo_native(  768): 0b
06-11 18:51:28.677 I/telpo_native(  768): b0
06-11 18:51:28.677 I/telpo_native(  768): 96
06-11 18:51:28.677 I/telpo_native(  768): 69
06-11 18:51:28.677 I/telpo_native(  768): 04
06-11 18:51:28.677 I/telpo_native(  768): 00
06-11 18:51:28.677 I/telpo_native(  768): 00
06-11 18:51:28.677 I/telpo_native(  768): 00
06-11 18:51:28.677 I/telpo_native(  768): 40
06-11 18:51:28.677 I/telpo_native(  768): 00
06-11 18:51:28.677 I/telpo_native(  768): 04
06-11 18:51:28.677 I/telpo_native(  768): 01
06-11 18:51:28.677 I/telpo_native(  768): 00
06-11 18:51:28.677 I/telpo_native(  768): 00
06-11 18:51:28.677 I/telpo_native(  768): 00
06-11 18:51:28.677 I/telpo_native(  768): 00
06-11 18:51:28.678 I/telpo_native(  768): 00
06-11 18:51:28.678 I/telpo_native(  768): 00
06-11 18:51:28.678 I/telpo_native(  768): 00
06-11 18:51:28.678 I/telpo_native(  768): 00
06-11 18:51:28.678 I/telpo_native(  768): 
06-11 18:51:28.678 D/telpo_native(  768): handle_emv_serial_read_write_cmd: parse successfully!
06-11 18:51:28.678 I/telpo_native(  768): handle_emv_serial_read_write_cmd: receive data length is 20
06-11 18:51:28.678 I/telpo_native(  768): 0b
06-11 18:51:28.678 I/telpo_native(  768): b0
06-11 18:51:28.678 I/telpo_native(  768): 96
06-11 18:51:28.678 I/telpo_native(  768): 69
06-11 18:51:28.678 I/telpo_native(  768): 04
06-11 18:51:28.678 I/telpo_native(  768): 00
06-11 18:51:28.678 I/telpo_native(  768): 00
06-11 18:51:28.678 I/telpo_native(  768): 00
06-11 18:51:28.678 I/telpo_native(  768): 40
06-11 18:51:28.678 I/telpo_native(  768): 00
06-11 18:51:28.678 I/telpo_native(  768): 04
06-11 18:51:28.678 I/telpo_native(  768): 01
06-11 18:51:28.678 I/telpo_native(  768): 00
06-11 18:51:28.678 I/telpo_native(  768): 00
06-11 18:51:28.678 I/telpo_native(  768): 00
06-11 18:51:28.678 I/telpo_native(  768): 00
06-11 18:51:28.678 I/telpo_native(  768): 00
06-11 18:51:28.678 I/telpo_native(  768): 00
06-11 18:51:28.678 I/telpo_native(  768): 00
06-11 18:51:28.678 I/telpo_native(  768): 00
06-11 18:51:28.678 I/telpo_native(  768): 
06-11 18:51:28.681 D/telpo_native( 9326): CallIntMethod return ret = 0 length = 20
06-11 18:51:28.825 D/BatteryMeterView( 2887): onDraw level = 23
06-11 18:51:28.851 D/StatusBar.MSimNetworkController( 2887): refreshViews phoneId =0mMSimDataConnected =false
06-11 18:51:28.851 D/StatusBar.MSimNetworkController( 2887): refreshViews mMSimDataActivity =0
06-11 18:51:28.854 D/StatusBar.MSimNetworkController( 2887): refreshViews: Data not connected!! Set no data type icon / Roaming for phoneId: 0
06-11 18:51:28.854 D/StatusBar.MSimNetworkController( 2887): refreshViews connected={ wifi } level=0 mMSimcombinedSignalIconId=0x7f020352/com.android.systemui:drawable/stat_sys_wifi_signal_4_fully mMSimcombinedActivityIconId=0x7f020347 mAirplaneMode=false mMSimDataActivity=0 mMSimPhoneSignalIconId=0x7f020339/com.android.systemui:drawable/stat_sys_signal_null mMSimDataDirectionIconId=0x0 mMSimDataSignalIconId=0x7f020339 mMSimDataTypeIconId=0x0/(null) mNoMSimIconId=0x7f02009a/com.android.systemui:drawable/ic_qs_no_sim mMSimMobileActivityIconId=0x0/(null) mWifiIconId=0x7f020352 mBluetoothTetherIconId=0x10806a2
06-11 18:51:28.856 D/MSimSignalClusterView( 2887): wifi: VISIBLE sig=2130838354 act=2130838343
06-11 18:51:28.857 D/MSimSignalClusterView( 2887): mobile[0]: VISIBLE sig=2130838329 type=0
06-11 18:51:28.857 D/MSimSignalClusterView( 2887): wifi: VISIBLE sig=2130838354 act=2130838343
06-11 18:51:28.858 D/MSimSignalClusterView( 2887): mobile[1]: VISIBLE sig=2130838329 type=0
06-11 18:51:28.859 D/MSimSignalClusterView( 2887): wifi: VISIBLE sig=2130838354 act=2130838343
06-11 18:51:28.860 D/MSimSignalClusterView( 2887): mobile[0]: VISIBLE sig=2130838329 type=0
06-11 18:51:28.860 D/MSimSignalClusterView( 2887): wifi: VISIBLE sig=2130838354 act=2130838343
06-11 18:51:28.860 D/MSimSignalClusterView( 2887): mobile[0]: VISIBLE sig=2130838329 type=0
06-11 18:51:28.860 D/MSimSignalClusterView( 2887): wifi: VISIBLE sig=2130838354 act=2130838343
06-11 18:51:28.860 D/MSimSignalClusterView( 2887): mobile[0]: VISIBLE sig=2130838329 type=0
06-11 18:51:28.861 D/MSimSignalClusterView( 2887): wifi: VISIBLE sig=2130838354 act=2130838343
06-11 18:51:28.861 D/MSimSignalClusterView( 2887): mobile[1]: VISIBLE sig=2130838329 type=0
06-11 18:51:28.861 D/StatusBar.MSimNetworkController( 2887): refreshSignalCluster, mMSimPhoneSignalIconId[0]=com.android.systemui:drawable/stat_sys_signal_null mMSimDataSignalIconId[0]=com.android.systemui:drawable/stat_sys_signal_null mMSimDataTypeIconId[0]=(null) mMSimMobileActivityIconId[0]=(null) mNoMSimIconId[0]=com.android.systemui:drawable/ic_qs_no_sim
06-11 18:51:28.861 D/MSimSignalClusterView( 2887): wifi: VISIBLE sig=2130838354 act=2130838343
06-11 18:51:28.861 D/MSimSignalClusterView( 2887): mobile[0]: VISIBLE sig=2130838329 type=0
06-11 18:51:28.861 D/MSimSignalClusterView( 2887): wifi: VISIBLE sig=2130838354 act=2130838343
06-11 18:51:28.862 D/MSimSignalClusterView( 2887): mobile[1]: VISIBLE sig=2130838329 type=0
06-11 18:51:28.862 D/MSimSignalClusterView( 2887): wifi: VISIBLE sig=2130838354 act=2130838343
06-11 18:51:28.862 D/MSimSignalClusterView( 2887): mobile[0]: VISIBLE sig=2130838329 type=0
06-11 18:51:28.862 D/MSimSignalClusterView( 2887): wifi: VISIBLE sig=2130838354 act=2130838343
06-11 18:51:28.862 D/MSimSignalClusterView( 2887): mobile[0]: VISIBLE sig=2130838329 type=0
06-11 18:51:28.863 D/MSimSignalClusterView( 2887): wifi: VISIBLE sig=2130838354 act=2130838343
06-11 18:51:28.863 D/MSimSignalClusterView( 2887): mobile[0]: VISIBLE sig=2130838329 type=0
06-11 18:51:28.864 D/MSimSignalClusterView( 2887): wifi: VISIBLE sig=2130838354 act=2130838343
06-11 18:51:28.865 D/MSimSignalClusterView( 2887): mobile[1]: VISIBLE sig=2130838329 type=0
06-11 18:51:28.866 D/StatusBar.MSimNetworkController( 2887): refreshSignalCluster, mMSimPhoneSignalIconId[0]=com.android.systemui:drawable/stat_sys_signal_null mMSimDataSignalIconId[0]=com.android.systemui:drawable/stat_sys_signal_null mMSimDataTypeIconId[0]=(null) mMSimMobileActivityIconId[0]=(null) mNoMSimIconId[0]=com.android.systemui:drawable/ic_qs_no_sim
06-11 18:51:28.867 D/MSimSignalClusterView( 2887): wifi: VISIBLE sig=2130838354 act=2130838343
06-11 18:51:28.867 D/MSimSignalClusterView( 2887): mobile[0]: VISIBLE sig=2130838329 type=0
06-11 18:51:28.867 D/MSimSignalClusterView( 2887): wifi: VISIBLE sig=2130838354 act=2130838343
06-11 18:51:28.867 D/MSimSignalClusterView( 2887): mobile[1]: VISIBLE sig=2130838329 type=0
06-11 18:51:28.867 D/MSimSignalClusterView( 2887): wifi: VISIBLE sig=2130838354 act=2130838343
06-11 18:51:28.868 D/MSimSignalClusterView( 2887): mobile[0]: VISIBLE sig=2130838329 type=0
06-11 18:51:28.868 D/MSimSignalClusterView( 2887): wifi: VISIBLE sig=2130838354 act=2130838343
06-11 18:51:28.868 D/MSimSignalClusterView( 2887): mobile[0]: VISIBLE sig=2130838329 type=0
06-11 18:51:28.869 D/MSimSignalClusterView( 2887): wifi: VISIBLE sig=2130838354 act=2130838343
06-11 18:51:28.869 D/MSimSignalClusterView( 2887): mobile[0]: VISIBLE sig=2130838329 type=0
06-11 18:51:28.870 D/MSimSignalClusterView( 2887): wifi: VISIBLE sig=2130838354 act=2130838343
06-11 18:51:28.870 D/MSimSignalClusterView( 2887): mobile[1]: VISIBLE sig=2130838329 type=0
06-11 18:51:28.870 D/StatusBar.MSimNetworkController( 2887): refreshSignalCluster, mMSimPhoneSignalIconId[0]=com.android.systemui:drawable/stat_sys_signal_null mMSimDataSignalIconId[0]=com.android.systemui:drawable/stat_sys_signal_null mMSimDataTypeIconId[0]=(null) mMSimMobileActivityIconId[0]=(null) mNoMSimIconId[0]=com.android.systemui:drawable/ic_qs_no_sim
06-11 18:51:28.870 D/MSimSignalClusterView( 2887): wifi: VISIBLE sig=2130838354 act=2130838343
06-11 18:51:28.870 D/MSimSignalClusterView( 2887): mobile[0]: VISIBLE sig=2130838329 type=0
06-11 18:51:28.870 D/MSimSignalClusterView( 2887): wifi: VISIBLE sig=2130838354 act=2130838343
06-11 18:51:28.870 D/MSimSignalClusterView( 2887): mobile[1]: VISIBLE sig=2130838329 type=0
06-11 18:51:28.871 D/MSimSignalClusterView( 2887): wifi: VISIBLE sig=2130838354 act=2130838343
06-11 18:51:28.871 D/MSimSignalClusterView( 2887): mobile[0]: VISIBLE sig=2130838329 type=0
06-11 18:51:28.871 D/MSimSignalClusterView( 2887): wifi: VISIBLE sig=2130838354 act=2130838343
06-11 18:51:28.871 D/MSimSignalClusterView( 2887): mobile[0]: VISIBLE sig=2130838329 type=0
06-11 18:51:28.871 D/MSimSignalClusterView( 2887): wifi: VISIBLE sig=2130838354 act=2130838343
06-11 18:51:28.871 D/MSimSignalClusterView( 2887): mobile[0]: VISIBLE sig=2130838329 type=0
06-11 18:51:28.872 D/MSimSignalClusterView( 2887): wifi: VISIBLE sig=2130838354 act=2130838343
06-11 18:51:28.872 D/MSimSignalClusterView( 2887): mobile[1]: VISIBLE sig=2130838329 type=0
06-11 18:51:28.872 D/StatusBar.MSimNetworkController( 2887): refreshSignalCluster, mMSimPhoneSignalIconId[0]=com.android.systemui:drawable/stat_sys_signal_null mMSimDataSignalIconId[0]=com.android.systemui:drawable/stat_sys_signal_null mMSimDataTypeIconId[0]=(null) mMSimMobileActivityIconId[0]=(null) mNoMSimIconId[0]=com.android.systemui:drawable/ic_qs_no_sim
06-11 18:51:29.060 I/WindowManager(  768): Win Window{1103cfcc u0 android}: isVisibleOrBehindKeyguardLw=true
06-11 18:51:29.060 I/WindowManager(  768): Win Window{2be9037a u0 StatusBar}: isVisibleOrBehindKeyguardLw=true
06-11 18:51:29.060 I/WindowManager(  768): Win Window{29cc54da u0 Toast}: isVisibleOrBehindKeyguardLw=false
06-11 18:51:29.060 I/WindowManager(  768): Win Window{3ac79107 u0 com.interswitchng.interswitchpossdkdemo.telpo.v2.debug/com.interswitchng.smartpos.modules.main.MainActivity}: isVisibleOrBehindKeyguardLw=true
06-11 18:51:29.060 V/WindowManager(  768): Fullscreen window: Window{3ac79107 u0 com.interswitchng.interswitchpossdkdemo.telpo.v2.debug/com.interswitchng.smartpos.modules.main.MainActivity}
06-11 18:51:29.060 I/WindowManager(  768): Win Window{2bd17ad6 u0 com.android.phasebeam.PhaseBeamWallpaper}: isVisibleOrBehindKeyguardLw=false
06-11 18:51:29.060 I/WindowManager(  768): force=false forcefkg=false top=Window{3ac79107 u0 com.interswitchng.interswitchpossdkdemo.telpo.v2.debug/com.interswitchng.smartpos.modules.main.MainActivity}
06-11 18:51:29.060 D/WindowManager(  768): frame: Rect(0, 0 - 720, 1280) shown frame: RectF(0.0, 0.0, 720.0, 1280.0)
06-11 18:51:29.060 D/WindowManager(  768): attr: WM.LayoutParams{(0,0)(fillxfill) sim=#20 ty=1 fl=#81810100 wanim=0x1030467 vsysui=0x600 surfaceInsets=Rect(0, 0 - 0, 0) needsMenuKey=2} lp.flags=0x81810100
06-11 18:51:29.061 V/WindowManager(  768): ** SHOWING status bar: top is not fullscreen
06-11 18:51:29.061 V/WindowManager(  768): finishPostLayoutPolicyLw: mHideKeyguard=false
06-11 18:51:29.066 I/WindowManager(  768): mDock rect: (0,0 - 720,1280)
06-11 18:51:29.066 V/WindowManager(  768): Status bar: dock=[0,50][720,1280] content=[0,50][720,1280] cur=[0,50][720,1280]
06-11 18:51:29.066 V/WindowManager(  768): layoutWindowLw(): normal window
06-11 18:51:29.066 V/WindowManager(  768): Compute frame : sim=#20 attach=null type=2015 flags=0x01000018 pf=[0,50][720,1280] df=[0,50][720,1280] of=[0,50][720,1280] cf=[0,50][720,1280] vf=[0,50][720,1280] dcf=[0,0][720,1280] sf=[0,50][720,1280]
06-11 18:51:29.067 V/WindowManager(  768): layoutWindowLw(com.interswitchng.interswitchpossdkdemo.telpo.v2.debug/com.interswitchng.smartpos.modules.main.MainActivity): IN_SCREEN, INSET_DECOR
06-11 18:51:29.067 V/WindowManager(  768): Compute frame com.interswitchng.interswitchpossdkdemo.telpo.v2.debug/com.interswitchng.smartpos.modules.main.MainActivity: sim=#20 attach=null type=1 flags=0x81810100 pf=[0,0][720,1280] df=[0,0][720,1280] of=[0,0][720,1280] cf=[0,50][720,1280] vf=[0,50][720,1280] dcf=[0,0][720,1280] sf=[0,50][720,1280]
06-11 18:51:29.067 I/WindowManager(  768): Win Window{1103cfcc u0 android}: isVisibleOrBehindKeyguardLw=true
06-11 18:51:29.067 I/WindowManager(  768): Win Window{2be9037a u0 StatusBar}: isVisibleOrBehindKeyguardLw=true
06-11 18:51:29.067 I/WindowManager(  768): Win Window{3ac79107 u0 com.interswitchng.interswitchpossdkdemo.telpo.v2.debug/com.interswitchng.smartpos.modules.main.MainActivity}: isVisibleOrBehindKeyguardLw=true
06-11 18:51:29.067 V/WindowManager(  768): Fullscreen window: Window{3ac79107 u0 com.interswitchng.interswitchpossdkdemo.telpo.v2.debug/com.interswitchng.smartpos.modules.main.MainActivity}
06-11 18:51:29.067 I/WindowManager(  768): Win Window{2bd17ad6 u0 com.android.phasebeam.PhaseBeamWallpaper}: isVisibleOrBehindKeyguardLw=false
06-11 18:51:29.068 I/WindowManager(  768): force=false forcefkg=false top=Window{3ac79107 u0 com.interswitchng.interswitchpossdkdemo.telpo.v2.debug/com.interswitchng.smartpos.modules.main.MainActivity}
06-11 18:51:29.068 D/WindowManager(  768): frame: Rect(0, 0 - 720, 1280) shown frame: RectF(0.0, 0.0, 720.0, 1280.0)
06-11 18:51:29.068 D/WindowManager(  768): attr: WM.LayoutParams{(0,0)(fillxfill) sim=#20 ty=1 fl=#81810100 wanim=0x1030467 vsysui=0x600 surfaceInsets=Rect(0, 0 - 0, 0) needsMenuKey=2} lp.flags=0x81810100
06-11 18:51:29.068 V/WindowManager(  768): ** SHOWING status bar: top is not fullscreen
06-11 18:51:29.068 V/WindowManager(  768): finishPostLayoutPolicyLw: mHideKeyguard=false
06-11 18:51:29.194 D/telpo_native(  768): usb_printer_write data start!
06-11 18:51:29.194 D/telpo_native(  768): usb_printer_write start!
06-11 18:51:29.194 E/telpo_native(  768): ret = 25
06-11 18:51:29.194 D/telpo_native(  768): handle_emv_serial_read_write_cmd: usb write length = 25
06-11 18:51:29.200 E/telpo_native(  768): serial_read:start read
06-11 18:51:29.200 E/telpo_native(  768): serial_read:serial_read read_size = 0
06-11 18:51:29.204 D/telpo_native(  768): handle_emv_serial_read_write_cmd: usb_printer_read length = 20
06-11 18:51:29.204 I/telpo_native(  768): 0b
06-11 18:51:29.204 I/telpo_native(  768): b0
06-11 18:51:29.204 I/telpo_native(  768): 96
06-11 18:51:29.204 I/telpo_native(  768): 69
06-11 18:51:29.204 I/telpo_native(  768): 04
06-11 18:51:29.204 I/telpo_native(  768): 00
06-11 18:51:29.204 I/telpo_native(  768): 00
06-11 18:51:29.204 I/telpo_native(  768): 00
06-11 18:51:29.204 I/telpo_native(  768): 41
06-11 18:51:29.204 I/telpo_native(  768): 00
06-11 18:51:29.204 I/telpo_native(  768): 04
06-11 18:51:29.204 I/telpo_native(  768): 01
06-11 18:51:29.204 I/telpo_native(  768): 00
06-11 18:51:29.204 I/telpo_native(  768): 00
06-11 18:51:29.204 I/telpo_native(  768): 00
06-11 18:51:29.204 I/telpo_native(  768): 00
06-11 18:51:29.204 I/telpo_native(  768): 00
06-11 18:51:29.204 I/telpo_native(  768): 00
06-11 18:51:29.204 I/telpo_native(  768): 00
06-11 18:51:29.204 I/telpo_native(  768): 00
06-11 18:51:29.204 I/telpo_native(  768): 
06-11 18:51:29.204 D/telpo_native(  768): handle_emv_serial_read_write_cmd: parse successfully!
06-11 18:51:29.204 I/telpo_native(  768): handle_emv_serial_read_write_cmd: receive data length is 20
06-11 18:51:29.204 I/telpo_native(  768): 0b
06-11 18:51:29.204 I/telpo_native(  768): b0
06-11 18:51:29.205 I/telpo_native(  768): 96
06-11 18:51:29.205 I/telpo_native(  768): 69
06-11 18:51:29.205 I/telpo_native(  768): 04
06-11 18:51:29.205 I/telpo_native(  768): 00
06-11 18:51:29.205 I/telpo_native(  768): 00
06-11 18:51:29.205 I/telpo_native(  768): 00
06-11 18:51:29.205 I/telpo_native(  768): 41
06-11 18:51:29.205 I/telpo_native(  768): 00
06-11 18:51:29.205 I/telpo_native(  768): 04
06-11 18:51:29.205 I/telpo_native(  768): 01
06-11 18:51:29.205 I/telpo_native(  768): 00
06-11 18:51:29.205 I/telpo_native(  768): 00
06-11 18:51:29.205 I/telpo_native(  768): 00
06-11 18:51:29.205 I/telpo_native(  768): 00
06-11 18:51:29.205 I/telpo_native(  768): 00
06-11 18:51:29.205 I/telpo_native(  768): 00
06-11 18:51:29.205 I/telpo_native(  768): 00
06-11 18:51:29.205 I/telpo_native(  768): 00
06-11 18:51:29.205 I/telpo_native(  768): 
06-11 18:51:29.207 D/telpo_native( 9326): CallIntMethod return ret = 0 length = 20
06-11 18:51:29.342 D/BatteryMeterView( 2887): onDraw level = 33
06-11 18:51:29.361 I/SurfaceFlinger(  262): FPS: 33
06-11 18:51:29.722 D/telpo_native(  768): usb_printer_write data start!
06-11 18:51:29.722 D/telpo_native(  768): usb_printer_write start!
06-11 18:51:29.722 E/telpo_native(  768): ret = 25
06-11 18:51:29.722 D/telpo_native(  768): handle_emv_serial_read_write_cmd: usb write length = 25
06-11 18:51:29.726 E/telpo_native(  768): serial_read:start read
06-11 18:51:29.726 E/telpo_native(  768): serial_read:serial_read read_size = 0
06-11 18:51:29.732 D/telpo_native(  768): handle_emv_serial_read_write_cmd: usb_printer_read length = 20
06-11 18:51:29.732 I/telpo_native(  768): 0b
06-11 18:51:29.732 I/telpo_native(  768): b0
06-11 18:51:29.732 I/telpo_native(  768): 96
06-11 18:51:29.732 I/telpo_native(  768): 69
06-11 18:51:29.732 I/telpo_native(  768): 04
06-11 18:51:29.732 I/telpo_native(  768): 00
06-11 18:51:29.732 I/telpo_native(  768): 00
06-11 18:51:29.732 I/telpo_native(  768): 00
06-11 18:51:29.732 I/telpo_native(  768): 42
06-11 18:51:29.732 I/telpo_native(  768): 00
06-11 18:51:29.732 I/telpo_native(  768): 04
06-11 18:51:29.732 I/telpo_native(  768): 01
06-11 18:51:29.732 I/telpo_native(  768): 00
06-11 18:51:29.732 I/telpo_native(  768): 00
06-11 18:51:29.732 I/telpo_native(  768): 00
06-11 18:51:29.732 I/telpo_native(  768): 00
06-11 18:51:29.732 I/telpo_native(  768): 00
06-11 18:51:29.732 I/telpo_native(  768): 00
06-11 18:51:29.732 I/telpo_native(  768): 00
06-11 18:51:29.732 I/telpo_native(  768): 00
06-11 18:51:29.732 I/telpo_native(  768): 
06-11 18:51:29.732 D/telpo_native(  768): handle_emv_serial_read_write_cmd: parse successfully!
06-11 18:51:29.732 I/telpo_native(  768): handle_emv_serial_read_write_cmd: receive data length is 20
06-11 18:51:29.732 I/telpo_native(  768): 0b
06-11 18:51:29.732 I/telpo_native(  768): b0
06-11 18:51:29.732 I/telpo_native(  768): 96
06-11 18:51:29.732 I/telpo_native(  768): 69
06-11 18:51:29.732 I/telpo_native(  768): 04
06-11 18:51:29.732 I/telpo_native(  768): 00
06-11 18:51:29.732 I/telpo_native(  768): 00
06-11 18:51:29.732 I/telpo_native(  768): 00
06-11 18:51:29.732 I/telpo_native(  768): 42
06-11 18:51:29.733 I/telpo_native(  768): 00
06-11 18:51:29.733 I/telpo_native(  768): 04
06-11 18:51:29.733 I/telpo_native(  768): 01
06-11 18:51:29.733 I/telpo_native(  768): 00
06-11 18:51:29.733 I/telpo_native(  768): 00
06-11 18:51:29.733 I/telpo_native(  768): 00
06-11 18:51:29.733 I/telpo_native(  768): 00
06-11 18:51:29.733 I/telpo_native(  768): 00
06-11 18:51:29.733 I/telpo_native(  768): 00
06-11 18:51:29.733 I/telpo_native(  768): 00
06-11 18:51:29.733 I/telpo_native(  768): 00
06-11 18:51:29.733 I/telpo_native(  768): 
06-11 18:51:29.736 D/telpo_native( 9326): CallIntMethod return ret = 0 length = 20
06-11 18:51:29.859 D/BatteryMeterView( 2887): onDraw level = 43
06-11 18:51:29.879 D/wpa_supplicant( 3753): wlan0: Control interface command 'SIGNAL_POLL'
06-11 18:51:29.885 D/StatusBar.MSimNetworkController( 2887): refreshViews phoneId =0mMSimDataConnected =false
06-11 18:51:29.885 D/StatusBar.MSimNetworkController( 2887): refreshViews mMSimDataActivity =0
06-11 18:51:29.889 D/StatusBar.MSimNetworkController( 2887): refreshViews: Data not connected!! Set no data type icon / Roaming for phoneId: 0
06-11 18:51:29.890 D/StatusBar.MSimNetworkController( 2887): refreshViews connected={ wifi } level=0 mMSimcombinedSignalIconId=0x7f020350/com.android.systemui:drawable/stat_sys_wifi_signal_3_fully mMSimcombinedActivityIconId=0x7f020347 mAirplaneMode=false mMSimDataActivity=0 mMSimPhoneSignalIconId=0x7f020339/com.android.systemui:drawable/stat_sys_signal_null mMSimDataDirectionIconId=0x0 mMSimDataSignalIconId=0x7f020339 mMSimDataTypeIconId=0x0/(null) mNoMSimIconId=0x7f02009a/com.android.systemui:drawable/ic_qs_no_sim mMSimMobileActivityIconId=0x0/(null) mWifiIconId=0x7f020350 mBluetoothTetherIconId=0x10806a2
06-11 18:51:29.891 D/MSimSignalClusterView( 2887): wifi: VISIBLE sig=2130838352 act=2130838343
06-11 18:51:29.891 D/MSimSignalClusterView( 2887): mobile[0]: VISIBLE sig=2130838329 type=0
06-11 18:51:29.891 D/MSimSignalClusterView( 2887): wifi: VISIBLE sig=2130838352 act=2130838343
06-11 18:51:29.891 D/MSimSignalClusterView( 2887): mobile[1]: VISIBLE sig=2130838329 type=0
06-11 18:51:29.891 D/MSimSignalClusterView( 2887): wifi: VISIBLE sig=2130838352 act=2130838343
06-11 18:51:29.892 D/MSimSignalClusterView( 2887): mobile[0]: VISIBLE sig=2130838329 type=0
06-11 18:51:29.892 D/MSimSignalClusterView( 2887): wifi: VISIBLE sig=2130838352 act=2130838343
06-11 18:51:29.892 D/MSimSignalClusterView( 2887): mobile[0]: VISIBLE sig=2130838329 type=0
06-11 18:51:29.892 D/MSimSignalClusterView( 2887): wifi: VISIBLE sig=2130838352 act=2130838343
06-11 18:51:29.892 D/MSimSignalClusterView( 2887): mobile[0]: VISIBLE sig=2130838329 type=0
06-11 18:51:29.892 D/MSimSignalClusterView( 2887): wifi: VISIBLE sig=2130838352 act=2130838343
06-11 18:51:29.893 D/MSimSignalClusterView( 2887): mobile[1]: VISIBLE sig=2130838329 type=0
06-11 18:51:29.893 D/StatusBar.MSimNetworkController( 2887): refreshSignalCluster, mMSimPhoneSignalIconId[0]=com.android.systemui:drawable/stat_sys_signal_null mMSimDataSignalIconId[0]=com.android.systemui:drawable/stat_sys_signal_null mMSimDataTypeIconId[0]=(null) mMSimMobileActivityIconId[0]=(null) mNoMSimIconId[0]=com.android.systemui:drawable/ic_qs_no_sim
06-11 18:51:29.893 D/MSimSignalClusterView( 2887): wifi: VISIBLE sig=2130838352 act=2130838343
06-11 18:51:29.893 D/MSimSignalClusterView( 2887): mobile[0]: VISIBLE sig=2130838329 type=0
06-11 18:51:29.893 D/MSimSignalClusterView( 2887): wifi: VISIBLE sig=2130838352 act=2130838343
06-11 18:51:29.893 D/MSimSignalClusterView( 2887): mobile[1]: VISIBLE sig=2130838329 type=0
06-11 18:51:29.894 D/MSimSignalClusterView( 2887): wifi: VISIBLE sig=2130838352 act=2130838343
06-11 18:51:29.894 D/MSimSignalClusterView( 2887): mobile[0]: VISIBLE sig=2130838329 type=0
06-11 18:51:29.894 D/MSimSignalClusterView( 2887): wifi: VISIBLE sig=2130838352 act=2130838343
06-11 18:51:29.894 D/MSimSignalClusterView( 2887): mobile[0]: VISIBLE sig=2130838329 type=0
06-11 18:51:29.894 D/MSimSignalClusterView( 2887): wifi: VISIBLE sig=2130838352 act=2130838343
06-11 18:51:29.894 D/MSimSignalClusterView( 2887): mobile[0]: VISIBLE sig=2130838329 type=0
06-11 18:51:29.894 D/MSimSignalClusterView( 2887): wifi: VISIBLE sig=2130838352 act=2130838343
06-11 18:51:29.895 D/MSimSignalClusterView( 2887): mobile[1]: VISIBLE sig=2130838329 type=0
06-11 18:51:29.895 D/StatusBar.MSimNetworkController( 2887): refreshSignalCluster, mMSimPhoneSignalIconId[0]=com.android.systemui:drawable/stat_sys_signal_null mMSimDataSignalIconId[0]=com.android.systemui:drawable/stat_sys_signal_null mMSimDataTypeIconId[0]=(null) mMSimMobileActivityIconId[0]=(null) mNoMSimIconId[0]=com.android.systemui:drawable/ic_qs_no_sim
06-11 18:51:29.895 D/MSimSignalClusterView( 2887): wifi: VISIBLE sig=2130838352 act=2130838343
06-11 18:51:29.904 D/MSimSignalClusterView( 2887): mobile[0]: VISIBLE sig=2130838329 type=0
06-11 18:51:29.904 D/MSimSignalClusterView( 2887): wifi: VISIBLE sig=2130838352 act=2130838343
06-11 18:51:29.904 D/MSimSignalClusterView( 2887): mobile[1]: VISIBLE sig=2130838329 type=0
06-11 18:51:29.905 D/MSimSignalClusterView( 2887): wifi: VISIBLE sig=2130838352 act=2130838343
06-11 18:51:29.905 D/MSimSignalClusterView( 2887): mobile[0]: VISIBLE sig=2130838329 type=0
06-11 18:51:29.905 D/MSimSignalClusterView( 2887): wifi: VISIBLE sig=2130838352 act=2130838343
06-11 18:51:29.906 D/MSimSignalClusterView( 2887): mobile[0]: VISIBLE sig=2130838329 type=0
06-11 18:51:29.906 D/MSimSignalClusterView( 2887): wifi: VISIBLE sig=2130838352 act=2130838343
06-11 18:51:29.907 D/MSimSignalClusterView( 2887): mobile[0]: VISIBLE sig=2130838329 type=0
06-11 18:51:29.907 D/MSimSignalClusterView( 2887): wifi: VISIBLE sig=2130838352 act=2130838343
06-11 18:51:29.908 D/MSimSignalClusterView( 2887): mobile[1]: VISIBLE sig=2130838329 type=0
06-11 18:51:29.908 D/StatusBar.MSimNetworkController( 2887): refreshSignalCluster, mMSimPhoneSignalIconId[0]=com.android.systemui:drawable/stat_sys_signal_null mMSimDataSignalIconId[0]=com.android.systemui:drawable/stat_sys_signal_null mMSimDataTypeIconId[0]=(null) mMSimMobileActivityIconId[0]=(null) mNoMSimIconId[0]=com.android.systemui:drawable/ic_qs_no_sim
06-11 18:51:29.908 D/MSimSignalClusterView( 2887): wifi: VISIBLE sig=2130838352 act=2130838343
06-11 18:51:29.908 D/MSimSignalClusterView( 2887): mobile[0]: VISIBLE sig=2130838329 type=0
06-11 18:51:29.908 D/MSimSignalClusterView( 2887): wifi: VISIBLE sig=2130838352 act=2130838343
06-11 18:51:29.909 D/MSimSignalClusterView( 2887): mobile[1]: VISIBLE sig=2130838329 type=0
06-11 18:51:29.909 D/MSimSignalClusterView( 2887): wifi: VISIBLE sig=2130838352 act=2130838343
06-11 18:51:29.909 D/MSimSignalClusterView( 2887): mobile[0]: VISIBLE sig=2130838329 type=0
06-11 18:51:29.909 D/MSimSignalClusterView( 2887): wifi: VISIBLE sig=2130838352 act=2130838343
06-11 18:51:29.909 D/MSimSignalClusterView( 2887): mobile[0]: VISIBLE sig=2130838329 type=0
06-11 18:51:29.909 D/MSimSignalClusterView( 2887): wifi: VISIBLE sig=2130838352 act=2130838343
06-11 18:51:29.909 D/MSimSignalClusterView( 2887): mobile[0]: VISIBLE sig=2130838329 type=0
06-11 18:51:29.910 D/MSimSignalClusterView( 2887): wifi: VISIBLE sig=2130838352 act=2130838343
06-11 18:51:29.910 D/MSimSignalClusterView( 2887): mobile[1]: VISIBLE sig=2130838329 type=0
06-11 18:51:29.910 D/StatusBar.MSimNetworkController( 2887): refreshSignalCluster, mMSimPhoneSignalIconId[0]=com.android.systemui:drawable/stat_sys_signal_null mMSimDataSignalIconId[0]=com.android.systemui:drawable/stat_sys_signal_null mMSimDataTypeIconId[0]=(null) mMSimMobileActivityIconId[0]=(null) mNoMSimIconId[0]=com.android.systemui:drawable/ic_qs_no_sim
06-11 18:51:30.241 D/telpo_native(  768): usb_printer_write data start!
06-11 18:51:30.241 D/telpo_native(  768): usb_printer_write start!
06-11 18:51:30.241 E/telpo_native(  768): ret = 25
06-11 18:51:30.241 D/telpo_native(  768): handle_emv_serial_read_write_cmd: usb write length = 25
06-11 18:51:30.246 E/telpo_native(  768): serial_read:start read
06-11 18:51:30.246 E/telpo_native(  768): serial_read:serial_read read_size = 0
06-11 18:51:30.250 D/telpo_native(  768): handle_emv_serial_read_write_cmd: usb_printer_read length = 20
06-11 18:51:30.250 I/telpo_native(  768): 0b
06-11 18:51:30.250 I/telpo_native(  768): b0
06-11 18:51:30.250 I/telpo_native(  768): 96
06-11 18:51:30.250 I/telpo_native(  768): 69
06-11 18:51:30.250 I/telpo_native(  768): 04
06-11 18:51:30.250 I/telpo_native(  768): 00
06-11 18:51:30.250 I/telpo_native(  768): 00
06-11 18:51:30.250 I/telpo_native(  768): 00
06-11 18:51:30.250 I/telpo_native(  768): 43
06-11 18:51:30.250 I/telpo_native(  768): 00
06-11 18:51:30.250 I/telpo_native(  768): 04
06-11 18:51:30.250 I/telpo_native(  768): 01
06-11 18:51:30.250 I/telpo_native(  768): 00
06-11 18:51:30.250 I/telpo_native(  768): 00
06-11 18:51:30.250 I/telpo_native(  768): 00
06-11 18:51:30.250 I/telpo_native(  768): 00
06-11 18:51:30.250 I/telpo_native(  768): 00
06-11 18:51:30.250 I/telpo_native(  768): 00
06-11 18:51:30.250 I/telpo_native(  768): 00
06-11 18:51:30.250 I/telpo_native(  768): 00
06-11 18:51:30.250 I/telpo_native(  768): 
06-11 18:51:30.250 D/telpo_native(  768): handle_emv_serial_read_write_cmd: parse successfully!
06-11 18:51:30.250 I/telpo_native(  768): handle_emv_serial_read_write_cmd: receive data length is 20
06-11 18:51:30.250 I/telpo_native(  768): 0b
06-11 18:51:30.250 I/telpo_native(  768): b0
06-11 18:51:30.250 I/telpo_native(  768): 96
06-11 18:51:30.250 I/telpo_native(  768): 69
06-11 18:51:30.250 I/telpo_native(  768): 04
06-11 18:51:30.250 I/telpo_native(  768): 00
06-11 18:51:30.251 I/telpo_native(  768): 00
06-11 18:51:30.251 I/telpo_native(  768): 00
06-11 18:51:30.251 I/telpo_native(  768): 43
06-11 18:51:30.251 I/telpo_native(  768): 00
06-11 18:51:30.251 I/telpo_native(  768): 04
06-11 18:51:30.251 I/telpo_native(  768): 01
06-11 18:51:30.251 I/telpo_native(  768): 00
06-11 18:51:30.251 I/telpo_native(  768): 00
06-11 18:51:30.251 I/telpo_native(  768): 00
06-11 18:51:30.251 I/telpo_native(  768): 00
06-11 18:51:30.251 I/telpo_native(  768): 00
06-11 18:51:30.251 I/telpo_native(  768): 00
06-11 18:51:30.251 I/telpo_native(  768): 00
06-11 18:51:30.251 I/telpo_native(  768): 00
06-11 18:51:30.251 I/telpo_native(  768): 
06-11 18:51:30.256 D/telpo_native( 9326): CallIntMethod return ret = 0 length = 20
06-11 18:51:30.375 D/BatteryMeterView( 2887): onDraw level = 53
06-11 18:51:30.394 I/SurfaceFlinger(  262): FPS: 4
06-11 18:51:30.761 D/telpo_native(  768): usb_printer_write data start!
06-11 18:51:30.761 D/telpo_native(  768): usb_printer_write start!
06-11 18:51:30.761 E/telpo_native(  768): ret = 25
06-11 18:51:30.761 D/telpo_native(  768): handle_emv_serial_read_write_cmd: usb write length = 25
06-11 18:51:30.766 E/telpo_native(  768): serial_read:start read
06-11 18:51:30.766 E/telpo_native(  768): serial_read:serial_read read_size = 0
06-11 18:51:30.771 D/telpo_native(  768): handle_emv_serial_read_write_cmd: usb_printer_read length = 20
06-11 18:51:30.771 I/telpo_native(  768): 0b
06-11 18:51:30.771 I/telpo_native(  768): b0
06-11 18:51:30.771 I/telpo_native(  768): 96
06-11 18:51:30.771 I/telpo_native(  768): 69
06-11 18:51:30.771 I/telpo_native(  768): 04
06-11 18:51:30.771 I/telpo_native(  768): 00
06-11 18:51:30.771 I/telpo_native(  768): 00
06-11 18:51:30.771 I/telpo_native(  768): 00
06-11 18:51:30.772 I/telpo_native(  768): 44
06-11 18:51:30.772 I/telpo_native(  768): 00
06-11 18:51:30.772 I/telpo_native(  768): 04
06-11 18:51:30.772 I/telpo_native(  768): 01
06-11 18:51:30.772 I/telpo_native(  768): 00
06-11 18:51:30.772 I/telpo_native(  768): 00
06-11 18:51:30.772 I/telpo_native(  768): 00
06-11 18:51:30.773 I/telpo_native(  768): 00
06-11 18:51:30.773 I/telpo_native(  768): 00
06-11 18:51:30.773 I/telpo_native(  768): 00
06-11 18:51:30.773 I/telpo_native(  768): 00
06-11 18:51:30.773 I/telpo_native(  768): 00
06-11 18:51:30.773 I/telpo_native(  768): 
06-11 18:51:30.773 D/telpo_native(  768): handle_emv_serial_read_write_cmd: parse successfully!
06-11 18:51:30.773 I/telpo_native(  768): handle_emv_serial_read_write_cmd: receive data length is 20
06-11 18:51:30.773 I/telpo_native(  768): 0b
06-11 18:51:30.773 I/telpo_native(  768): b0
06-11 18:51:30.773 I/telpo_native(  768): 96
06-11 18:51:30.773 I/telpo_native(  768): 69
06-11 18:51:30.773 I/telpo_native(  768): 04
06-11 18:51:30.773 I/telpo_native(  768): 00
06-11 18:51:30.773 I/telpo_native(  768): 00
06-11 18:51:30.773 I/telpo_native(  768): 00
06-11 18:51:30.773 I/telpo_native(  768): 44
06-11 18:51:30.773 I/telpo_native(  768): 00
06-11 18:51:30.773 I/telpo_native(  768): 04
06-11 18:51:30.773 I/telpo_native(  768): 01
06-11 18:51:30.773 I/telpo_native(  768): 00
06-11 18:51:30.773 I/telpo_native(  768): 00
06-11 18:51:30.773 I/telpo_native(  768): 00
06-11 18:51:30.773 I/telpo_native(  768): 00
06-11 18:51:30.773 I/telpo_native(  768): 00
06-11 18:51:30.773 I/telpo_native(  768): 00
06-11 18:51:30.773 I/telpo_native(  768): 00
06-11 18:51:30.773 I/telpo_native(  768): 00
06-11 18:51:30.773 I/telpo_native(  768): 
06-11 18:51:30.774 D/telpo_native( 9326): CallIntMethod return ret = 0 length = 20
06-11 18:51:30.892 D/BatteryMeterView( 2887): onDraw level = 63
06-11 18:51:31.286 D/telpo_native(  768): usb_printer_write data start!
06-11 18:51:31.286 D/telpo_native(  768): usb_printer_write start!
06-11 18:51:31.286 E/telpo_native(  768): ret = 25
06-11 18:51:31.286 D/telpo_native(  768): handle_emv_serial_read_write_cmd: usb write length = 25
06-11 18:51:31.291 E/telpo_native(  768): serial_read:start read
06-11 18:51:31.291 E/telpo_native(  768): serial_read:serial_read read_size = 0
06-11 18:51:31.296 D/telpo_native(  768): handle_emv_serial_read_write_cmd: usb_printer_read length = 20
06-11 18:51:31.296 I/telpo_native(  768): 0b
06-11 18:51:31.296 I/telpo_native(  768): b0
06-11 18:51:31.296 I/telpo_native(  768): 96
06-11 18:51:31.296 I/telpo_native(  768): 69
06-11 18:51:31.296 I/telpo_native(  768): 04
06-11 18:51:31.296 I/telpo_native(  768): 00
06-11 18:51:31.296 I/telpo_native(  768): 00
06-11 18:51:31.296 I/telpo_native(  768): 00
06-11 18:51:31.296 I/telpo_native(  768): 45
06-11 18:51:31.296 I/telpo_native(  768): 00
06-11 18:51:31.296 I/telpo_native(  768): 04
06-11 18:51:31.296 I/telpo_native(  768): 01
06-11 18:51:31.296 I/telpo_native(  768): 00
06-11 18:51:31.296 I/telpo_native(  768): 00
06-11 18:51:31.296 I/telpo_native(  768): 00
06-11 18:51:31.296 I/telpo_native(  768): 00
06-11 18:51:31.296 I/telpo_native(  768): 00
06-11 18:51:31.296 I/telpo_native(  768): 00
06-11 18:51:31.296 I/telpo_native(  768): 00
06-11 18:51:31.296 I/telpo_native(  768): 00
06-11 18:51:31.296 I/telpo_native(  768): 
06-11 18:51:31.296 D/telpo_native(  768): handle_emv_serial_read_write_cmd: parse successfully!
06-11 18:51:31.296 I/telpo_native(  768): handle_emv_serial_read_write_cmd: receive data length is 20
06-11 18:51:31.296 I/telpo_native(  768): 0b
06-11 18:51:31.296 I/telpo_native(  768): b0
06-11 18:51:31.296 I/telpo_native(  768): 96
06-11 18:51:31.296 I/telpo_native(  768): 69
06-11 18:51:31.296 I/telpo_native(  768): 04
06-11 18:51:31.296 I/telpo_native(  768): 00
06-11 18:51:31.296 I/telpo_native(  768): 00
06-11 18:51:31.297 I/telpo_native(  768): 00
06-11 18:51:31.297 I/telpo_native(  768): 45
06-11 18:51:31.297 I/telpo_native(  768): 00
06-11 18:51:31.297 I/telpo_native(  768): 04
06-11 18:51:31.297 I/telpo_native(  768): 01
06-11 18:51:31.297 I/telpo_native(  768): 00
06-11 18:51:31.297 I/telpo_native(  768): 00
06-11 18:51:31.297 I/telpo_native(  768): 00
06-11 18:51:31.297 I/telpo_native(  768): 00
06-11 18:51:31.297 I/telpo_native(  768): 00
06-11 18:51:31.297 I/telpo_native(  768): 00
06-11 18:51:31.297 I/telpo_native(  768): 00
06-11 18:51:31.297 I/telpo_native(  768): 00
06-11 18:51:31.297 I/telpo_native(  768): 
06-11 18:51:31.297 D/telpo_native( 9326): CallIntMethod return ret = 0 length = 20
06-11 18:51:31.363 D/OkHttp  ( 9326): <-- 200  https://kimono.interswitchng.com/kmw/kimonoservice (4800ms)
06-11 18:51:31.364 D/OkHttp  ( 9326): X-Application-Context: application:7075
06-11 18:51:31.364 D/OkHttp  ( 9326): Content-Type: application/xml;charset=UTF-8
06-11 18:51:31.364 D/OkHttp  ( 9326): Content-Length: 613
06-11 18:51:31.364 D/OkHttp  ( 9326): Date: Thu, 11 Jun 2020 10:40:34 GMT
06-11 18:51:31.364 D/OkHttp  ( 9326): strict-transport-security: max-age=631138519
06-11 18:51:31.364 D/OkHttp  ( 9326): Vary: Accept-Encoding
06-11 18:51:31.365 D/OkHttp  ( 9326): <?xml version="1.0" encoding="UTF-8" standalone="yes"?><purchaseResponse xmlns:ns2="http://tempuri.org/ns.xsd" xmlns:ns4="http://interswitchng.com" xmlns:ns3="http://ws.waei.uba.com/"><description>Transaction Approved</description><field39>00</field39><authId>000062</authId><hostEmvData><AmountAuthorized>0</AmountAuthorized><AmountOther>0</AmountOther><atc>06D5</atc><iad>29D8F9932683B8DA0012</iad><rc>00</rc></hostEmvData><referenceNumber>002704914929</referenceNumber><stan>62</stan><transactionChannelName>ASPFEP</transactionChannelName><wasReceive>true</wasReceive><wasSend>true</wasSend></purchaseResponse>
06-11 18:51:31.365 D/OkHttp  ( 9326): <-- END HTTP (613-byte body)
06-11 18:51:31.380 E/EMV_LIB ( 9326): <<< emv tlv tag Set [0x2] >>> [2]
06-11 18:51:31.380 E/EMV_LIB ( 9326): 30 30 
06-11 18:51:31.408 D/BatteryMeterView( 2887): onDraw level = 73
06-11 18:51:31.429 I/SurfaceFlinger(  262): FPS: 3
06-11 18:51:31.800 D/telpo_native(  768): usb_printer_write data start!
06-11 18:51:31.800 D/telpo_native(  768): usb_printer_write start!
06-11 18:51:31.800 E/telpo_native(  768): ret = 25
06-11 18:51:31.800 D/telpo_native(  768): handle_emv_serial_read_write_cmd: usb write length = 25
06-11 18:51:31.816 E/telpo_native(  768): serial_read:start read
06-11 18:51:31.816 E/telpo_native(  768): serial_read:serial_read read_size = 0
06-11 18:51:31.816 D/telpo_native(  768): handle_emv_serial_read_write_cmd: usb_printer_read length = 20
06-11 18:51:31.816 I/telpo_native(  768): 0b
06-11 18:51:31.816 I/telpo_native(  768): b0
06-11 18:51:31.816 I/telpo_native(  768): 96
06-11 18:51:31.816 I/telpo_native(  768): 69
06-11 18:51:31.816 I/telpo_native(  768): 04
06-11 18:51:31.816 I/telpo_native(  768): 00
06-11 18:51:31.816 I/telpo_native(  768): 00
06-11 18:51:31.816 I/telpo_native(  768): 00
06-11 18:51:31.816 I/telpo_native(  768): 46
06-11 18:51:31.817 I/telpo_native(  768): 00
06-11 18:51:31.817 I/telpo_native(  768): 04
06-11 18:51:31.817 I/telpo_native(  768): 01
06-11 18:51:31.817 I/telpo_native(  768): 00
06-11 18:51:31.817 I/telpo_native(  768): 00
06-11 18:51:31.817 I/telpo_native(  768): 00
06-11 18:51:31.817 I/telpo_native(  768): 00
06-11 18:51:31.817 I/telpo_native(  768): 00
06-11 18:51:31.817 I/telpo_native(  768): 00
06-11 18:51:31.817 I/telpo_native(  768): 00
06-11 18:51:31.817 I/telpo_native(  768): 00
06-11 18:51:31.817 I/telpo_native(  768): 
06-11 18:51:31.817 D/telpo_native(  768): handle_emv_serial_read_write_cmd: parse successfully!
06-11 18:51:31.817 I/telpo_native(  768): handle_emv_serial_read_write_cmd: receive data length is 20
06-11 18:51:31.817 I/telpo_native(  768): 0b
06-11 18:51:31.817 I/telpo_native(  768): b0
06-11 18:51:31.817 I/telpo_native(  768): 96
06-11 18:51:31.817 I/telpo_native(  768): 69
06-11 18:51:31.817 I/telpo_native(  768): 04
06-11 18:51:31.817 I/telpo_native(  768): 00
06-11 18:51:31.817 I/telpo_native(  768): 00
06-11 18:51:31.817 I/telpo_native(  768): 00
06-11 18:51:31.817 I/telpo_native(  768): 46
06-11 18:51:31.817 I/telpo_native(  768): 00
06-11 18:51:31.817 I/telpo_native(  768): 04
06-11 18:51:31.817 I/telpo_native(  768): 01
06-11 18:51:31.817 I/telpo_native(  768): 00
06-11 18:51:31.817 I/telpo_native(  768): 00
06-11 18:51:31.817 I/telpo_native(  768): 00
06-11 18:51:31.817 I/telpo_native(  768): 00
06-11 18:51:31.817 I/telpo_native(  768): 00
06-11 18:51:31.817 I/telpo_native(  768): 00
06-11 18:51:31.817 I/telpo_native(  768): 00
06-11 18:51:31.817 I/telpo_native(  768): 00
06-11 18:51:31.817 I/telpo_native(  768): 
06-11 18:51:31.819 D/telpo_native( 9326): CallIntMethod return ret = 0 length = 20
06-11 18:51:31.926 D/BatteryMeterView( 2887): onDraw level = 83
06-11 18:51:31.966 V/WLAN_PSA(  300): NL MSG, len[4052], NL type[0x1C] WNI type[0x5900] len[48143]
06-11 18:51:31.966 V/WLAN_PSA(  300): NL MSG, PID: 300
06-11 18:51:32.315 D/QcrilMsgTunnelSocket( 3965): readRilMessage: Buffer = [B@c19cd36 HexData = [010000000404000011000000514f454d484f4f4bef0308000100000003]
06-11 18:51:32.315 D/QcrilMsgTunnelSocket( 3965): Rcvd UNSOL response with 28 bytes data for SUB0
06-11 18:51:32.315 D/QcrilMsgTunnelSocket( 3965): Response ID 525295 is not served in this process.
06-11 18:51:32.315 D/QcrilMsgTunnelSocket( 3965): To broadcast an Intent via the notifier to external apps
06-11 18:51:32.316 D/QcrilMsgTunnelIfaceManager( 3965): handleMessage what = 0
06-11 18:51:32.318 D/QC_RIL_OEM_HOOK( 3221): Received Broadcast Intent ACTION_UNSOL_RESPONSE_OEM_HOOK_RAW
06-11 18:51:32.318 D/QC_RIL_OEM_HOOK( 3221): Oem ID in QCRILHOOK UNSOL RESP is QOEMHOOK
06-11 18:51:32.326 D/telpo_native(  768): usb_printer_write data start!
06-11 18:51:32.326 D/telpo_native(  768): usb_printer_write start!
06-11 18:51:32.326 E/telpo_native(  768): ret = 25
06-11 18:51:32.326 D/telpo_native(  768): handle_emv_serial_read_write_cmd: usb write length = 25
06-11 18:51:32.336 E/telpo_native(  768): serial_read:start read
06-11 18:51:32.336 E/telpo_native(  768): serial_read:serial_read read_size = 0
06-11 18:51:32.336 D/telpo_native(  768): handle_emv_serial_read_write_cmd: usb_printer_read length = 20
06-11 18:51:32.336 I/telpo_native(  768): 0b
06-11 18:51:32.336 I/telpo_native(  768): b0
06-11 18:51:32.336 I/telpo_native(  768): 96
06-11 18:51:32.336 I/telpo_native(  768): 69
06-11 18:51:32.336 I/telpo_native(  768): 04
06-11 18:51:32.336 I/telpo_native(  768): 00
06-11 18:51:32.336 I/telpo_native(  768): 00
06-11 18:51:32.336 I/telpo_native(  768): 00
06-11 18:51:32.336 I/telpo_native(  768): 47
06-11 18:51:32.336 I/telpo_native(  768): 00
06-11 18:51:32.336 I/telpo_native(  768): 04
06-11 18:51:32.336 I/telpo_native(  768): 01
06-11 18:51:32.338 I/telpo_native(  768): 00
06-11 18:51:32.338 I/telpo_native(  768): 00
06-11 18:51:32.338 I/telpo_native(  768): 00
06-11 18:51:32.338 I/telpo_native(  768): 00
06-11 18:51:32.338 I/telpo_native(  768): 00
06-11 18:51:32.338 I/telpo_native(  768): 00
06-11 18:51:32.338 I/telpo_native(  768): 00
06-11 18:51:32.338 I/telpo_native(  768): 00
06-11 18:51:32.338 I/telpo_native(  768): 
06-11 18:51:32.338 D/telpo_native(  768): handle_emv_serial_read_write_cmd: parse successfully!
06-11 18:51:32.338 I/telpo_native(  768): handle_emv_serial_read_write_cmd: receive data length is 20
06-11 18:51:32.338 I/telpo_native(  768): 0b
06-11 18:51:32.338 I/telpo_native(  768): b0
06-11 18:51:32.338 I/telpo_native(  768): 96
06-11 18:51:32.338 I/telpo_native(  768): 69
06-11 18:51:32.338 I/telpo_native(  768): 04
06-11 18:51:32.338 I/telpo_native(  768): 00
06-11 18:51:32.338 I/telpo_native(  768): 00
06-11 18:51:32.338 I/telpo_native(  768): 00
06-11 18:51:32.338 I/telpo_native(  768): 47
06-11 18:51:32.338 I/telpo_native(  768): 00
06-11 18:51:32.338 I/telpo_native(  768): 04
06-11 18:51:32.338 I/telpo_native(  768): 01
06-11 18:51:32.338 I/telpo_native(  768): 00
06-11 18:51:32.338 I/telpo_native(  768): 00
06-11 18:51:32.338 I/telpo_native(  768): 00
06-11 18:51:32.339 I/telpo_native(  768): 00
06-11 18:51:32.339 I/telpo_native(  768): 00
06-11 18:51:32.339 I/telpo_native(  768): 00
06-11 18:51:32.339 I/telpo_native(  768): 00
06-11 18:51:32.339 I/telpo_native(  768): 00
06-11 18:51:32.339 I/telpo_native(  768): 
06-11 18:51:32.346 D/telpo_native( 9326): CallIntMethod return ret = 0 length = 20
06-11 18:51:32.442 D/BatteryMeterView( 2887): onDraw level = 93
06-11 18:51:32.463 I/SurfaceFlinger(  262): FPS: 4
06-11 18:51:32.482 I/Choreographer( 9326): Skipped 65 frames!  The application may be doing too much work on its main thread.
06-11 18:51:32.564 I/System.out( 9326): Called responseCode ----> 00
06-11 18:51:32.564 E/Reciept Fragment( 9326): 00
06-11 18:51:32.577 E/Display Utils( 9326): 1
06-11 18:51:32.577 E/Reciept fragment( 9326):  0.01
06-11 18:51:32.636 I/ViewRootImpl( 9326): CPU Rendering VSync enable = true
06-11 18:51:32.680 I/WindowManager(  768): mDock rect: (0,0 - 720,1280)
06-11 18:51:32.681 V/WindowManager(  768): Status bar: dock=[0,50][720,1280] content=[0,50][720,1280] cur=[0,50][720,1280]
06-11 18:51:32.681 V/WindowManager(  768): layoutWindowLw(): normal window
06-11 18:51:32.681 V/WindowManager(  768): Compute frame : sim=#20 attach=null type=2015 flags=0x01000018 pf=[0,50][720,1280] df=[0,50][720,1280] of=[0,50][720,1280] cf=[0,50][720,1280] vf=[0,50][720,1280] dcf=[0,0][720,1280] sf=[0,50][720,1280]
06-11 18:51:32.681 V/WindowManager(  768): layoutWindowLw(Toast): normal window
06-11 18:51:32.681 V/WindowManager(  768): Compute frame Toast: sim=#20 attach=null type=2005 flags=0x01000098 pf=[0,50][720,1280] df=[0,50][720,1280] of=[0,50][720,1280] cf=[0,50][720,1280] vf=[0,50][720,1280] dcf=[0,0][720,1280] sf=[0,50][720,1280]
06-11 18:51:32.681 V/WindowManager(  768): layoutWindowLw(com.interswitchng.interswitchpossdkdemo.telpo.v2.debug/com.interswitchng.smartpos.modules.main.MainActivity): IN_SCREEN, INSET_DECOR
06-11 18:51:32.682 V/WindowManager(  768): Compute frame com.interswitchng.interswitchpossdkdemo.telpo.v2.debug/com.interswitchng.smartpos.modules.main.MainActivity: sim=#20 attach=null type=1 flags=0x81810100 pf=[0,0][720,1280] df=[0,0][720,1280] of=[0,0][720,1280] cf=[0,50][720,1280] vf=[0,50][720,1280] dcf=[0,0][720,1280] sf=[0,50][720,1280]
06-11 18:51:32.683 I/WindowManager(  768): Win Window{1103cfcc u0 android}: isVisibleOrBehindKeyguardLw=true
06-11 18:51:32.683 I/WindowManager(  768): Win Window{2be9037a u0 StatusBar}: isVisibleOrBehindKeyguardLw=true
06-11 18:51:32.683 I/WindowManager(  768): Win Window{9aa07e8 u0 Toast}: isVisibleOrBehindKeyguardLw=true
06-11 18:51:32.683 I/WindowManager(  768): Win Window{3ac79107 u0 com.interswitchng.interswitchpossdkdemo.telpo.v2.debug/com.interswitchng.smartpos.modules.main.MainActivity}: isVisibleOrBehindKeyguardLw=true
06-11 18:51:32.683 V/WindowManager(  768): Fullscreen window: Window{3ac79107 u0 com.interswitchng.interswitchpossdkdemo.telpo.v2.debug/com.interswitchng.smartpos.modules.main.MainActivity}
06-11 18:51:32.683 I/WindowManager(  768): Win Window{2bd17ad6 u0 com.android.phasebeam.PhaseBeamWallpaper}: isVisibleOrBehindKeyguardLw=false
06-11 18:51:32.683 I/WindowManager(  768): force=false forcefkg=false top=Window{3ac79107 u0 com.interswitchng.interswitchpossdkdemo.telpo.v2.debug/com.interswitchng.smartpos.modules.main.MainActivity}
06-11 18:51:32.683 D/WindowManager(  768): frame: Rect(0, 0 - 720, 1280) shown frame: RectF(0.0, 0.0, 720.0, 1280.0)
06-11 18:51:32.683 D/WindowManager(  768): attr: WM.LayoutParams{(0,0)(fillxfill) sim=#20 ty=1 fl=#81810100 wanim=0x1030467 vsysui=0x600 surfaceInsets=Rect(0, 0 - 0, 0) needsMenuKey=2} lp.flags=0x81810100
06-11 18:51:32.683 V/WindowManager(  768): ** SHOWING status bar: top is not fullscreen
06-11 18:51:32.683 V/WindowManager(  768): finishPostLayoutPolicyLw: mHideKeyguard=false
06-11 18:51:32.697 I/WindowManager(  768): mDock rect: (0,0 - 720,1280)
06-11 18:51:32.698 V/WindowManager(  768): Status bar: dock=[0,50][720,1280] content=[0,50][720,1280] cur=[0,50][720,1280]
06-11 18:51:32.698 V/WindowManager(  768): layoutWindowLw(): normal window
06-11 18:51:32.698 V/WindowManager(  768): Compute frame : sim=#20 attach=null type=2015 flags=0x01000018 pf=[0,50][720,1280] df=[0,50][720,1280] of=[0,50][720,1280] cf=[0,50][720,1280] vf=[0,50][720,1280] dcf=[0,0][720,1280] sf=[0,50][720,1280]
06-11 18:51:32.698 V/WindowManager(  768): layoutWindowLw(Toast): normal window
06-11 18:51:32.698 V/WindowManager(  768): Compute frame Toast: sim=#20 attach=null type=2005 flags=0x01000098 pf=[0,50][720,1280] df=[0,50][720,1280] of=[0,50][720,1280] cf=[0,50][720,1280] vf=[0,50][720,1280] dcf=[0,0][720,1280] sf=[0,50][720,1280]
06-11 18:51:32.699 V/WindowManager(  768): layoutWindowLw(com.interswitchng.interswitchpossdkdemo.telpo.v2.debug/com.interswitchng.smartpos.modules.main.MainActivity): IN_SCREEN, INSET_DECOR
